     0 | train=nan | val=nan | lr=nan | t_train=nan | t_val=1.71 | mem=248.9 | psnr_b100=27.621, psnr_set14=28.302, psnr_set5=32.057, psnr_urban100=26.141, ssim_b100=0.738, ssim_set14=0.861, ssim_set5=0.906, ssim_urban100=0.963 |
     0 | train=nan | val=nan | lr=nan | t_train=nan | t_val=20.82 | mem=250.8 | psnr_b100=27.621, psnr_set14=28.302, psnr_set5=32.056, psnr_urban100=26.140, ssim_b100=0.738, ssim_set14=0.861, ssim_set5=0.906, ssim_urban100=0.963 |
     0 | train=nan | val=nan | lr=nan | t_train=nan | t_val=21.08 | mem=250.9 | psnr_b100=27.621, psnr_set14=28.303, psnr_set5=32.056, psnr_urban100=26.140, ssim_b100=0.738, ssim_set14=0.861, ssim_set5=0.906, ssim_urban100=0.963 |
     0 | train=nan | val=nan | lr=nan | t_train=nan | t_val=20.78 | mem=250.9 | psnr_b100=27.618, psnr_set14=28.302, psnr_set5=32.055, psnr_urban100=26.139, ssim_b100=0.738, ssim_set14=0.861, ssim_set5=0.906, ssim_urban100=0.963 |
# epoch | train_loss | val_loss | LR | t_train(s) | t_val(s) | gpu_mem(MB) | SRBench(psnr/ssim...)
     0 | train=nan | val=nan | lr=nan | t_train=nan | t_val=1.45 | mem=250.9 |
     0 | train=0.000786 | val=nan | lr=7.2e-05 | t_train=12.99 | t_val=12.22 | mem=383.9 | psnr_b100=27.619, psnr_set14=28.300, psnr_set5=32.348, psnr_urban100=26.138, ssim_b100=0.738, ssim_set14=0.861, ssim_set5=0.914, ssim_urban100=0.963 |
     1 | train=0.000763 | val=nan | lr=0.000148 | t_train=12.81 | t_val=12.15 | mem=383.9 | psnr_b100=27.619, psnr_set14=28.302, psnr_set5=32.346, psnr_urban100=26.139, ssim_b100=0.738, ssim_set14=0.861, ssim_set5=0.914, ssim_urban100=0.963 |
     2 | train=0.000700 | val=nan | lr=0.000224 | t_train=12.96 | t_val=12.19 | mem=383.9 | psnr_b100=27.621, psnr_set14=28.303, psnr_set5=32.343, psnr_urban100=26.139, ssim_b100=0.738, ssim_set14=0.861, ssim_set5=0.914, ssim_urban100=0.963 |
     3 | train=0.000750 | val=nan | lr=0.0003 | t_train=12.78 | t_val=12.13 | mem=383.9 | psnr_b100=27.617, psnr_set14=28.295, psnr_set5=32.332, psnr_urban100=26.133, ssim_b100=0.738, ssim_set14=0.861, ssim_set5=0.914, ssim_urban100=0.963 |
     4 | train=0.000866 | val=nan | lr=0.000376 | t_train=12.80 | t_val=12.15 | mem=383.9 | psnr_b100=27.616, psnr_set14=28.298, psnr_set5=32.341, psnr_urban100=26.132, ssim_b100=0.738, ssim_set14=0.861, ssim_set5=0.914, ssim_urban100=0.963 |
     5 | train=0.000867 | val=nan | lr=0.000452 | t_train=12.80 | t_val=12.14 | mem=383.9 | psnr_b100=27.616, psnr_set14=28.303, psnr_set5=32.350, psnr_urban100=26.130, ssim_b100=0.738, ssim_set14=0.861, ssim_set5=0.914, ssim_urban100=0.963 |
     6 | train=0.001014 | val=nan | lr=0.000528 | t_train=12.81 | t_val=12.16 | mem=383.9 | psnr_b100=27.612, psnr_set14=28.291, psnr_set5=32.335, psnr_urban100=26.123, ssim_b100=0.737, ssim_set14=0.861, ssim_set5=0.914, ssim_urban100=0.963 |
     7 | train=0.001231 | val=nan | lr=0.000604 | t_train=12.95 | t_val=12.29 | mem=383.9 | psnr_b100=27.611, psnr_set14=28.295, psnr_set5=32.350, psnr_urban100=26.130, ssim_b100=0.737, ssim_set14=0.861, ssim_set5=0.914, ssim_urban100=0.963 |
     8 | train=0.001341 | val=nan | lr=0.00068 | t_train=12.86 | t_val=12.21 | mem=383.9 | psnr_b100=27.614, psnr_set14=28.287, psnr_set5=32.350, psnr_urban100=26.137, ssim_b100=0.738, ssim_set14=0.861, ssim_set5=0.914, ssim_urban100=0.963 |
     9 | train=0.001267 | val=nan | lr=0.000756 | t_train=12.81 | t_val=12.16 | mem=383.9 | psnr_b100=27.613, psnr_set14=28.292, psnr_set5=32.338, psnr_urban100=26.131, ssim_b100=0.737, ssim_set14=0.861, ssim_set5=0.914, ssim_urban100=0.963 |
    10 | train=0.001053 | val=nan | lr=0.000832 | t_train=12.75 | t_val=12.09 | mem=383.9 | psnr_b100=27.609, psnr_set14=28.287, psnr_set5=32.341, psnr_urban100=26.122, ssim_b100=0.737, ssim_set14=0.861, ssim_set5=0.914, ssim_urban100=0.963 |
    11 | train=0.001501 | val=nan | lr=0.000908 | t_train=12.74 | t_val=12.09 | mem=383.9 | psnr_b100=27.610, psnr_set14=28.274, psnr_set5=32.312, psnr_urban100=26.120, ssim_b100=0.737, ssim_set14=0.861, ssim_set5=0.914, ssim_urban100=0.962 |
    12 | train=0.001674 | val=nan | lr=0.000984 | t_train=12.79 | t_val=12.13 | mem=383.9 | psnr_b100=27.600, psnr_set14=28.282, psnr_set5=32.330, psnr_urban100=26.104, ssim_b100=0.737, ssim_set14=0.861, ssim_set5=0.914, ssim_urban100=0.962 |
    13 | train=0.002012 | val=nan | lr=0.00106 | t_train=12.76 | t_val=12.11 | mem=383.9 | psnr_b100=27.602, psnr_set14=28.286, psnr_set5=32.338, psnr_urban100=26.112, ssim_b100=0.737, ssim_set14=0.861, ssim_set5=0.914, ssim_urban100=0.962 |
    14 | train=0.001596 | val=nan | lr=0.001136 | t_train=12.81 | t_val=12.16 | mem=383.9 | psnr_b100=27.596, psnr_set14=28.245, psnr_set5=32.327, psnr_urban100=26.069, ssim_b100=0.737, ssim_set14=0.861, ssim_set5=0.914, ssim_urban100=0.962 |
    15 | train=0.001908 | val=nan | lr=0.001212 | t_train=12.80 | t_val=12.14 | mem=383.9 | psnr_b100=27.591, psnr_set14=28.294, psnr_set5=32.317, psnr_urban100=26.107, ssim_b100=0.737, ssim_set14=0.861, ssim_set5=0.914, ssim_urban100=0.963 |
    16 | train=0.001604 | val=nan | lr=0.001288 | t_train=12.77 | t_val=12.12 | mem=383.9 | psnr_b100=27.603, psnr_set14=28.303, psnr_set5=32.344, psnr_urban100=26.099, ssim_b100=0.737, ssim_set14=0.861, ssim_set5=0.914, ssim_urban100=0.962 |
    17 | train=0.001829 | val=nan | lr=0.001364 | t_train=12.79 | t_val=12.14 | mem=383.9 | psnr_b100=27.587, psnr_set14=28.272, psnr_set5=32.267, psnr_urban100=26.033, ssim_b100=0.736, ssim_set14=0.860, ssim_set5=0.913, ssim_urban100=0.962 |
    18 | train=0.002558 | val=nan | lr=0.00144 | t_train=12.80 | t_val=12.15 | mem=383.9 | psnr_b100=27.584, psnr_set14=28.267, psnr_set5=32.304, psnr_urban100=26.076, ssim_b100=0.736, ssim_set14=0.860, ssim_set5=0.914, ssim_urban100=0.962 |
    19 | train=0.002345 | val=nan | lr=0.001516 | t_train=12.79 | t_val=12.13 | mem=383.9 | psnr_b100=27.583, psnr_set14=28.286, psnr_set5=32.310, psnr_urban100=26.083, ssim_b100=0.737, ssim_set14=0.861, ssim_set5=0.914, ssim_urban100=0.962 |
    20 | train=0.002146 | val=nan | lr=0.001592 | t_train=12.79 | t_val=12.13 | mem=383.9 | psnr_b100=27.562, psnr_set14=28.225, psnr_set5=32.218, psnr_urban100=26.038, ssim_b100=0.736, ssim_set14=0.860, ssim_set5=0.913, ssim_urban100=0.962 |
    21 | train=0.002412 | val=nan | lr=0.001668 | t_train=12.79 | t_val=12.14 | mem=383.9 | psnr_b100=27.565, psnr_set14=28.238, psnr_set5=32.299, psnr_urban100=25.987, ssim_b100=0.736, ssim_set14=0.860, ssim_set5=0.914, ssim_urban100=0.961 |
    22 | train=0.002635 | val=nan | lr=0.001744 | t_train=13.03 | t_val=12.37 | mem=383.9 | psnr_b100=27.561, psnr_set14=28.255, psnr_set5=32.302, psnr_urban100=26.016, ssim_b100=0.736, ssim_set14=0.860, ssim_set5=0.913, ssim_urban100=0.962 |
    23 | train=0.002760 | val=nan | lr=0.00182 | t_train=12.92 | t_val=12.16 | mem=383.9 | psnr_b100=27.575, psnr_set14=28.256, psnr_set5=32.296, psnr_urban100=26.019, ssim_b100=0.736, ssim_set14=0.860, ssim_set5=0.914, ssim_urban100=0.962 |
    24 | train=0.003113 | val=nan | lr=0.001896 | t_train=12.75 | t_val=12.10 | mem=383.9 | psnr_b100=27.565, psnr_set14=28.236, psnr_set5=32.261, psnr_urban100=25.978, ssim_b100=0.736, ssim_set14=0.860, ssim_set5=0.913, ssim_urban100=0.961 |
    25 | train=0.002403 | val=nan | lr=0.001972 | t_train=12.80 | t_val=12.13 | mem=383.9 | psnr_b100=27.555, psnr_set14=28.225, psnr_set5=32.318, psnr_urban100=25.991, ssim_b100=0.736, ssim_set14=0.860, ssim_set5=0.914, ssim_urban100=0.961 |
    26 | train=0.003426 | val=nan | lr=0.002 | t_train=12.74 | t_val=12.09 | mem=383.9 | psnr_b100=27.535, psnr_set14=28.261, psnr_set5=32.254, psnr_urban100=25.948, ssim_b100=0.735, ssim_set14=0.860, ssim_set5=0.913, ssim_urban100=0.961 |
    27 | train=0.003984 | val=nan | lr=0.002 | t_train=12.78 | t_val=12.12 | mem=383.9 | psnr_b100=27.558, psnr_set14=28.264, psnr_set5=32.279, psnr_urban100=25.980, ssim_b100=0.735, ssim_set14=0.859, ssim_set5=0.913, ssim_urban100=0.961 |
    28 | train=0.005176 | val=nan | lr=0.002 | t_train=12.82 | t_val=12.16 | mem=383.9 | psnr_b100=27.509, psnr_set14=28.201, psnr_set5=32.209, psnr_urban100=25.962, ssim_b100=0.735, ssim_set14=0.859, ssim_set5=0.913, ssim_urban100=0.961 |
    29 | train=0.007437 | val=nan | lr=0.002 | t_train=12.81 | t_val=12.15 | mem=383.9 | psnr_b100=27.529, psnr_set14=28.167, psnr_set5=32.218, psnr_urban100=25.946, ssim_b100=0.735, ssim_set14=0.859, ssim_set5=0.913, ssim_urban100=0.960 |
    30 | train=0.007449 | val=nan | lr=0.002 | t_train=12.74 | t_val=12.09 | mem=383.9 | psnr_b100=27.501, psnr_set14=28.167, psnr_set5=32.186, psnr_urban100=25.916, ssim_b100=0.735, ssim_set14=0.859, ssim_set5=0.912, ssim_urban100=0.960 |
    31 | train=0.007270 | val=nan | lr=0.002 | t_train=12.79 | t_val=12.14 | mem=383.9 | psnr_b100=27.543, psnr_set14=28.187, psnr_set5=32.215, psnr_urban100=25.953, ssim_b100=0.735, ssim_set14=0.859, ssim_set5=0.912, ssim_urban100=0.960 |
    32 | train=0.008862 | val=nan | lr=0.002 | t_train=12.80 | t_val=12.15 | mem=383.9 | psnr_b100=27.482, psnr_set14=28.132, psnr_set5=32.084, psnr_urban100=25.868, ssim_b100=0.734, ssim_set14=0.858, ssim_set5=0.911, ssim_urban100=0.959 |
    33 | train=0.010020 | val=nan | lr=0.002 | t_train=12.71 | t_val=12.07 | mem=383.9 | psnr_b100=27.530, psnr_set14=28.188, psnr_set5=32.257, psnr_urban100=25.939, ssim_b100=0.735, ssim_set14=0.859, ssim_set5=0.913, ssim_urban100=0.960 |
    34 | train=0.010320 | val=nan | lr=0.002 | t_train=12.81 | t_val=12.08 | mem=383.9 | psnr_b100=27.544, psnr_set14=28.256, psnr_set5=32.209, psnr_urban100=25.957, ssim_b100=0.735, ssim_set14=0.860, ssim_set5=0.913, ssim_urban100=0.961 |
    35 | train=0.011577 | val=nan | lr=0.002 | t_train=12.80 | t_val=12.15 | mem=383.9 | psnr_b100=27.515, psnr_set14=28.192, psnr_set5=32.239, psnr_urban100=25.913, ssim_b100=0.734, ssim_set14=0.859, ssim_set5=0.913, ssim_urban100=0.960 |
    36 | train=0.012877 | val=nan | lr=0.002 | t_train=12.81 | t_val=12.16 | mem=383.9 | psnr_b100=27.521, psnr_set14=28.167, psnr_set5=32.211, psnr_urban100=25.904, ssim_b100=0.735, ssim_set14=0.859, ssim_set5=0.912, ssim_urban100=0.960 |
    37 | train=0.014232 | val=nan | lr=0.002 | t_train=12.76 | t_val=12.11 | mem=383.9 | psnr_b100=27.504, psnr_set14=28.172, psnr_set5=32.192, psnr_urban100=25.872, ssim_b100=0.735, ssim_set14=0.859, ssim_set5=0.913, ssim_urban100=0.960 |
    38 | train=0.013864 | val=nan | lr=0.002 | t_train=12.80 | t_val=12.15 | mem=383.9 | psnr_b100=27.473, psnr_set14=28.139, psnr_set5=32.159, psnr_urban100=25.838, ssim_b100=0.733, ssim_set14=0.858, ssim_set5=0.912, ssim_urban100=0.959 |
    39 | train=0.014909 | val=nan | lr=0.002 | t_train=12.81 | t_val=12.16 | mem=383.9 | psnr_b100=27.478, psnr_set14=28.174, psnr_set5=32.183, psnr_urban100=25.841, ssim_b100=0.734, ssim_set14=0.858, ssim_set5=0.912, ssim_urban100=0.959 |
    40 | train=0.015904 | val=nan | lr=0.002 | t_train=12.79 | t_val=12.13 | mem=383.9 | psnr_b100=27.503, psnr_set14=28.196, psnr_set5=32.221, psnr_urban100=25.882, ssim_b100=0.734, ssim_set14=0.859, ssim_set5=0.913, ssim_urban100=0.960 |
    41 | train=0.016900 | val=nan | lr=0.002 | t_train=12.82 | t_val=12.16 | mem=383.9 | psnr_b100=27.493, psnr_set14=28.223, psnr_set5=32.234, psnr_urban100=25.878, ssim_b100=0.734, ssim_set14=0.859, ssim_set5=0.913, ssim_urban100=0.960 |
    42 | train=0.017166 | val=nan | lr=0.002 | t_train=12.80 | t_val=12.12 | mem=383.9 | psnr_b100=27.504, psnr_set14=28.149, psnr_set5=32.162, psnr_urban100=25.885, ssim_b100=0.734, ssim_set14=0.859, ssim_set5=0.912, ssim_urban100=0.960 |
    43 | train=0.019688 | val=nan | lr=0.002 | t_train=12.85 | t_val=12.19 | mem=383.9 | psnr_b100=27.478, psnr_set14=28.107, psnr_set5=32.089, psnr_urban100=25.815, ssim_b100=0.733, ssim_set14=0.857, ssim_set5=0.911, ssim_urban100=0.959 |
    44 | train=0.019278 | val=nan | lr=0.002 | t_train=12.79 | t_val=12.14 | mem=383.9 | psnr_b100=27.463, psnr_set14=28.124, psnr_set5=32.107, psnr_urban100=25.803, ssim_b100=0.733, ssim_set14=0.857, ssim_set5=0.911, ssim_urban100=0.959 |
    45 | train=0.019545 | val=nan | lr=0.002 | t_train=12.80 | t_val=12.14 | mem=383.9 | psnr_b100=27.442, psnr_set14=28.145, psnr_set5=32.188, psnr_urban100=25.754, ssim_b100=0.733, ssim_set14=0.857, ssim_set5=0.912, ssim_urban100=0.959 |
    46 | train=0.020328 | val=nan | lr=0.002 | t_train=12.76 | t_val=12.11 | mem=383.9 | psnr_b100=27.403, psnr_set14=28.059, psnr_set5=32.092, psnr_urban100=25.656, ssim_b100=0.732, ssim_set14=0.857, ssim_set5=0.911, ssim_urban100=0.957 |
    47 | train=0.021876 | val=nan | lr=0.002 | t_train=12.79 | t_val=12.13 | mem=383.9 | psnr_b100=27.401, psnr_set14=28.085, psnr_set5=32.139, psnr_urban100=25.633, ssim_b100=0.731, ssim_set14=0.857, ssim_set5=0.911, ssim_urban100=0.957 |
    48 | train=0.022859 | val=nan | lr=0.002 | t_train=12.79 | t_val=12.14 | mem=383.9 | psnr_b100=27.374, psnr_set14=28.074, psnr_set5=32.109, psnr_urban100=25.638, ssim_b100=0.731, ssim_set14=0.856, ssim_set5=0.911, ssim_urban100=0.957 |
    49 | train=0.022895 | val=nan | lr=0.002 | t_train=12.77 | t_val=12.11 | mem=383.9 | psnr_b100=27.401, psnr_set14=28.049, psnr_set5=32.072, psnr_urban100=25.680, ssim_b100=0.731, ssim_set14=0.857, ssim_set5=0.910, ssim_urban100=0.958 |
    50 | train=0.023295 | val=nan | lr=0.002 | t_train=12.77 | t_val=12.11 | mem=383.9 | psnr_b100=27.367, psnr_set14=28.049, psnr_set5=32.103, psnr_urban100=25.640, ssim_b100=0.730, ssim_set14=0.856, ssim_set5=0.911, ssim_urban100=0.957 |
    51 | train=0.023486 | val=nan | lr=0.002 | t_train=12.79 | t_val=12.13 | mem=383.9 | psnr_b100=27.338, psnr_set14=28.006, psnr_set5=32.066, psnr_urban100=25.557, ssim_b100=0.730, ssim_set14=0.856, ssim_set5=0.910, ssim_urban100=0.957 |
    52 | train=0.024792 | val=nan | lr=0.002 | t_train=12.90 | t_val=12.23 | mem=383.9 | psnr_b100=27.348, psnr_set14=28.050, psnr_set5=32.097, psnr_urban100=25.592, ssim_b100=0.730, ssim_set14=0.856, ssim_set5=0.910, ssim_urban100=0.957 |
    53 | train=0.025417 | val=nan | lr=0.002 | t_train=12.73 | t_val=12.08 | mem=383.9 | psnr_b100=27.375, psnr_set14=28.097, psnr_set5=32.096, psnr_urban100=25.666, ssim_b100=0.730, ssim_set14=0.857, ssim_set5=0.911, ssim_urban100=0.958 |
    54 | train=0.025739 | val=nan | lr=0.002 | t_train=12.91 | t_val=12.18 | mem=383.9 | psnr_b100=27.374, psnr_set14=28.072, psnr_set5=32.068, psnr_urban100=25.661, ssim_b100=0.731, ssim_set14=0.857, ssim_set5=0.911, ssim_urban100=0.958 |
    55 | train=0.026638 | val=nan | lr=0.002 | t_train=12.79 | t_val=12.12 | mem=383.9 | psnr_b100=27.329, psnr_set14=28.020, psnr_set5=32.015, psnr_urban100=25.540, ssim_b100=0.729, ssim_set14=0.856, ssim_set5=0.910, ssim_urban100=0.957 |
    56 | train=0.027321 | val=nan | lr=0.002 | t_train=12.87 | t_val=12.22 | mem=383.9 | psnr_b100=27.366, psnr_set14=28.061, psnr_set5=32.100, psnr_urban100=25.603, ssim_b100=0.730, ssim_set14=0.856, ssim_set5=0.911, ssim_urban100=0.957 |
    57 | train=0.026765 | val=nan | lr=0.002 | t_train=12.82 | t_val=12.16 | mem=383.9 | psnr_b100=27.355, psnr_set14=28.036, psnr_set5=32.089, psnr_urban100=25.584, ssim_b100=0.730, ssim_set14=0.856, ssim_set5=0.911, ssim_urban100=0.957 |
    58 | train=0.026723 | val=nan | lr=0.002 | t_train=12.80 | t_val=12.15 | mem=383.9 | psnr_b100=27.314, psnr_set14=27.992, psnr_set5=31.984, psnr_urban100=25.495, ssim_b100=0.728, ssim_set14=0.856, ssim_set5=0.909, ssim_urban100=0.956 |
    59 | train=0.028606 | val=nan | lr=0.002 | t_train=12.77 | t_val=12.12 | mem=383.9 | psnr_b100=27.299, psnr_set14=27.975, psnr_set5=31.952, psnr_urban100=25.491, ssim_b100=0.728, ssim_set14=0.855, ssim_set5=0.909, ssim_urban100=0.957 |
    60 | train=0.030274 | val=nan | lr=0.002 | t_train=12.76 | t_val=12.11 | mem=383.9 | psnr_b100=27.378, psnr_set14=28.031, psnr_set5=32.007, psnr_urban100=25.542, ssim_b100=0.730, ssim_set14=0.856, ssim_set5=0.909, ssim_urban100=0.957 |
    61 | train=0.029122 | val=nan | lr=0.002 | t_train=12.91 | t_val=12.24 | mem=383.9 | psnr_b100=27.370, psnr_set14=28.063, psnr_set5=32.022, psnr_urban100=25.589, ssim_b100=0.731, ssim_set14=0.857, ssim_set5=0.910, ssim_urban100=0.958 |
    62 | train=0.029891 | val=nan | lr=0.002 | t_train=12.84 | t_val=12.18 | mem=383.9 | psnr_b100=27.322, psnr_set14=28.023, psnr_set5=31.972, psnr_urban100=25.552, ssim_b100=0.729, ssim_set14=0.856, ssim_set5=0.909, ssim_urban100=0.957 |
    63 | train=0.029282 | val=nan | lr=0.002 | t_train=12.79 | t_val=12.14 | mem=383.9 | psnr_b100=27.298, psnr_set14=27.977, psnr_set5=31.980, psnr_urban100=25.475, ssim_b100=0.728, ssim_set14=0.855, ssim_set5=0.909, ssim_urban100=0.956 |
    64 | train=0.030810 | val=nan | lr=0.002 | t_train=12.80 | t_val=12.14 | mem=383.9 | psnr_b100=27.340, psnr_set14=28.015, psnr_set5=31.979, psnr_urban100=25.516, ssim_b100=0.729, ssim_set14=0.857, ssim_set5=0.909, ssim_urban100=0.957 |
    65 | train=0.031090 | val=nan | lr=0.002 | t_train=12.85 | t_val=12.12 | mem=383.9 | psnr_b100=27.334, psnr_set14=28.004, psnr_set5=31.990, psnr_urban100=25.501, ssim_b100=0.729, ssim_set14=0.856, ssim_set5=0.909, ssim_urban100=0.957 |
    66 | train=0.030529 | val=nan | lr=0.002 | t_train=12.77 | t_val=12.12 | mem=383.9 | psnr_b100=27.358, psnr_set14=28.007, psnr_set5=31.989, psnr_urban100=25.546, ssim_b100=0.730, ssim_set14=0.856, ssim_set5=0.909, ssim_urban100=0.957 |
    67 | train=0.029805 | val=nan | lr=0.002 | t_train=12.76 | t_val=12.11 | mem=383.9 | psnr_b100=27.352, psnr_set14=28.016, psnr_set5=31.966, psnr_urban100=25.559, ssim_b100=0.730, ssim_set14=0.857, ssim_set5=0.909, ssim_urban100=0.958 |
    68 | train=0.029799 | val=nan | lr=0.002 | t_train=12.76 | t_val=12.11 | mem=383.9 | psnr_b100=27.372, psnr_set14=28.040, psnr_set5=32.042, psnr_urban100=25.569, ssim_b100=0.730, ssim_set14=0.857, ssim_set5=0.910, ssim_urban100=0.958 |
    69 | train=0.030521 | val=nan | lr=0.002 | t_train=12.78 | t_val=12.13 | mem=383.9 | psnr_b100=27.340, psnr_set14=27.990, psnr_set5=31.943, psnr_urban100=25.477, ssim_b100=0.729, ssim_set14=0.856, ssim_set5=0.908, ssim_urban100=0.957 |
    70 | train=0.030907 | val=nan | lr=0.002 | t_train=12.80 | t_val=12.14 | mem=383.9 | psnr_b100=27.355, psnr_set14=28.025, psnr_set5=31.971, psnr_urban100=25.486, ssim_b100=0.730, ssim_set14=0.856, ssim_set5=0.908, ssim_urban100=0.957 |
    71 | train=0.030830 | val=nan | lr=0.002 | t_train=12.80 | t_val=12.14 | mem=383.9 | psnr_b100=27.370, psnr_set14=28.013, psnr_set5=31.955, psnr_urban100=25.482, ssim_b100=0.730, ssim_set14=0.857, ssim_set5=0.908, ssim_urban100=0.957 |
    72 | train=0.030473 | val=nan | lr=0.002 | t_train=12.77 | t_val=12.11 | mem=383.9 | psnr_b100=27.349, psnr_set14=27.977, psnr_set5=31.957, psnr_urban100=25.467, ssim_b100=0.729, ssim_set14=0.856, ssim_set5=0.908, ssim_urban100=0.957 |
    73 | train=0.032207 | val=nan | lr=0.002 | t_train=12.78 | t_val=12.12 | mem=383.9 | psnr_b100=27.377, psnr_set14=28.024, psnr_set5=31.972, psnr_urban100=25.507, ssim_b100=0.730, ssim_set14=0.856, ssim_set5=0.909, ssim_urban100=0.957 |
    74 | train=0.030440 | val=nan | lr=0.002 | t_train=12.80 | t_val=12.15 | mem=383.9 | psnr_b100=27.393, psnr_set14=28.007, psnr_set5=31.961, psnr_urban100=25.558, ssim_b100=0.730, ssim_set14=0.857, ssim_set5=0.909, ssim_urban100=0.958 |
    75 | train=0.029784 | val=nan | lr=0.002 | t_train=12.76 | t_val=12.10 | mem=383.9 | psnr_b100=27.371, psnr_set14=28.036, psnr_set5=31.900, psnr_urban100=25.512, ssim_b100=0.730, ssim_set14=0.856, ssim_set5=0.908, ssim_urban100=0.957 |
    76 | train=0.031534 | val=nan | lr=0.002 | t_train=12.79 | t_val=12.13 | mem=383.9 | psnr_b100=27.369, psnr_set14=28.007, psnr_set5=31.902, psnr_urban100=25.550, ssim_b100=0.730, ssim_set14=0.856, ssim_set5=0.908, ssim_urban100=0.957 |
    77 | train=0.029758 | val=nan | lr=0.002 | t_train=12.80 | t_val=12.14 | mem=383.9 | psnr_b100=27.363, psnr_set14=28.021, psnr_set5=31.906, psnr_urban100=25.508, ssim_b100=0.730, ssim_set14=0.857, ssim_set5=0.908, ssim_urban100=0.958 |
    78 | train=0.030108 | val=nan | lr=0.002 | t_train=12.79 | t_val=12.13 | mem=383.9 | psnr_b100=27.341, psnr_set14=27.945, psnr_set5=31.877, psnr_urban100=25.450, ssim_b100=0.728, ssim_set14=0.855, ssim_set5=0.907, ssim_urban100=0.956 |
    79 | train=0.029178 | val=nan | lr=0.002 | t_train=12.85 | t_val=12.20 | mem=383.9 | psnr_b100=27.379, psnr_set14=28.018, psnr_set5=31.921, psnr_urban100=25.516, ssim_b100=0.730, ssim_set14=0.856, ssim_set5=0.908, ssim_urban100=0.957 |
    80 | train=0.029647 | val=nan | lr=0.002 | t_train=12.83 | t_val=12.18 | mem=383.9 | psnr_b100=27.342, psnr_set14=27.978, psnr_set5=31.888, psnr_urban100=25.459, ssim_b100=0.728, ssim_set14=0.855, ssim_set5=0.907, ssim_urban100=0.956 |
    81 | train=0.029321 | val=nan | lr=0.002 | t_train=12.81 | t_val=12.14 | mem=383.9 | psnr_b100=27.344, psnr_set14=27.944, psnr_set5=31.806, psnr_urban100=25.457, ssim_b100=0.729, ssim_set14=0.855, ssim_set5=0.907, ssim_urban100=0.957 |
    82 | train=0.028311 | val=nan | lr=0.002 | t_train=12.76 | t_val=12.11 | mem=383.9 | psnr_b100=27.291, psnr_set14=27.899, psnr_set5=31.784, psnr_urban100=25.413, ssim_b100=0.727, ssim_set14=0.854, ssim_set5=0.906, ssim_urban100=0.956 |
    83 | train=0.028286 | val=nan | lr=0.002 | t_train=12.87 | t_val=12.21 | mem=383.9 | psnr_b100=27.282, psnr_set14=27.883, psnr_set5=31.789, psnr_urban100=25.335, ssim_b100=0.727, ssim_set14=0.854, ssim_set5=0.906, ssim_urban100=0.955 |
    84 | train=0.029273 | val=nan | lr=0.002 | t_train=12.78 | t_val=12.13 | mem=383.9 | psnr_b100=27.358, psnr_set14=27.972, psnr_set5=31.930, psnr_urban100=25.439, ssim_b100=0.730, ssim_set14=0.855, ssim_set5=0.908, ssim_urban100=0.956 |
    85 | train=0.027646 | val=nan | lr=0.002 | t_train=12.85 | t_val=12.11 | mem=383.9 | psnr_b100=27.333, psnr_set14=27.937, psnr_set5=31.825, psnr_urban100=25.386, ssim_b100=0.728, ssim_set14=0.854, ssim_set5=0.906, ssim_urban100=0.956 |
    86 | train=0.025712 | val=nan | lr=0.002 | t_train=12.79 | t_val=12.13 | mem=383.9 | psnr_b100=27.264, psnr_set14=27.822, psnr_set5=31.606, psnr_urban100=25.312, ssim_b100=0.727, ssim_set14=0.854, ssim_set5=0.905, ssim_urban100=0.955 |
    87 | train=0.026145 | val=nan | lr=0.002 | t_train=12.76 | t_val=12.10 | mem=383.9 | psnr_b100=27.241, psnr_set14=27.801, psnr_set5=31.549, psnr_urban100=25.230, ssim_b100=0.726, ssim_set14=0.853, ssim_set5=0.904, ssim_urban100=0.954 |
    88 | train=0.026320 | val=nan | lr=0.002 | t_train=12.77 | t_val=12.12 | mem=383.9 | psnr_b100=27.278, psnr_set14=27.873, psnr_set5=31.694, psnr_urban100=25.327, ssim_b100=0.728, ssim_set14=0.854, ssim_set5=0.905, ssim_urban100=0.955 |
    89 | train=0.024070 | val=nan | lr=0.002 | t_train=12.79 | t_val=12.12 | mem=383.9 | psnr_b100=27.252, psnr_set14=27.842, psnr_set5=31.672, psnr_urban100=25.248, ssim_b100=0.726, ssim_set14=0.853, ssim_set5=0.904, ssim_urban100=0.954 |
    90 | train=0.023915 | val=nan | lr=0.002 | t_train=12.83 | t_val=12.17 | mem=383.9 | psnr_b100=27.203, psnr_set14=27.813, psnr_set5=31.562, psnr_urban100=25.154, ssim_b100=0.725, ssim_set14=0.853, ssim_set5=0.903, ssim_urban100=0.952 |
    91 | train=0.023379 | val=nan | lr=0.002 | t_train=12.79 | t_val=12.13 | mem=383.9 | psnr_b100=27.228, psnr_set14=27.806, psnr_set5=31.522, psnr_urban100=25.168, ssim_b100=0.726, ssim_set14=0.853, ssim_set5=0.903, ssim_urban100=0.953 |
    92 | train=0.022727 | val=nan | lr=0.002 | t_train=12.75 | t_val=12.09 | mem=383.9 | psnr_b100=27.236, psnr_set14=27.854, psnr_set5=31.661, psnr_urban100=25.210, ssim_b100=0.726, ssim_set14=0.853, ssim_set5=0.904, ssim_urban100=0.953 |
    93 | train=0.021486 | val=nan | lr=0.002 | t_train=12.82 | t_val=12.16 | mem=383.9 | psnr_b100=27.133, psnr_set14=27.663, psnr_set5=31.460, psnr_urban100=24.993, ssim_b100=0.723, ssim_set14=0.850, ssim_set5=0.901, ssim_urban100=0.951 |
    94 | train=0.021469 | val=nan | lr=0.002 | t_train=12.80 | t_val=12.14 | mem=383.9 | psnr_b100=27.200, psnr_set14=27.763, psnr_set5=31.499, psnr_urban100=25.086, ssim_b100=0.725, ssim_set14=0.851, ssim_set5=0.901, ssim_urban100=0.952 |
    95 | train=0.019450 | val=nan | lr=0.002 | t_train=12.80 | t_val=12.14 | mem=383.9 | psnr_b100=27.183, psnr_set14=27.752, psnr_set5=31.570, psnr_urban100=25.072, ssim_b100=0.724, ssim_set14=0.851, ssim_set5=0.904, ssim_urban100=0.951 |
    96 | train=0.019163 | val=nan | lr=0.002 | t_train=12.77 | t_val=12.11 | mem=383.9 | psnr_b100=27.163, psnr_set14=27.659, psnr_set5=31.389, psnr_urban100=25.028, ssim_b100=0.723, ssim_set14=0.850, ssim_set5=0.900, ssim_urban100=0.951 |
    97 | train=0.018009 | val=nan | lr=0.002 | t_train=12.84 | t_val=12.12 | mem=383.9 | psnr_b100=27.241, psnr_set14=27.852, psnr_set5=31.580, psnr_urban100=25.157, ssim_b100=0.725, ssim_set14=0.853, ssim_set5=0.904, ssim_urban100=0.953 |
    98 | train=0.017217 | val=nan | lr=0.002 | t_train=12.82 | t_val=12.17 | mem=383.9 | psnr_b100=27.203, psnr_set14=27.811, psnr_set5=31.663, psnr_urban100=25.086, ssim_b100=0.725, ssim_set14=0.852, ssim_set5=0.905, ssim_urban100=0.952 |
    99 | train=0.016758 | val=nan | lr=0.002 | t_train=12.81 | t_val=12.16 | mem=383.9 | psnr_b100=27.012, psnr_set14=27.462, psnr_set5=31.303, psnr_urban100=24.780, ssim_b100=0.719, ssim_set14=0.847, ssim_set5=0.899, ssim_urban100=0.948 |
   100 | train=0.015250 | val=nan | lr=0.002 | t_train=12.81 | t_val=12.16 | mem=383.9 | psnr_b100=26.938, psnr_set14=27.370, psnr_set5=31.138, psnr_urban100=24.675, ssim_b100=0.718, ssim_set14=0.846, ssim_set5=0.897, ssim_urban100=0.946 |
   101 | train=0.015912 | val=nan | lr=0.002 | t_train=12.81 | t_val=12.15 | mem=383.9 | psnr_b100=27.074, psnr_set14=27.529, psnr_set5=31.330, psnr_urban100=24.868, ssim_b100=0.721, ssim_set14=0.848, ssim_set5=0.899, ssim_urban100=0.948 |
   102 | train=0.012927 | val=nan | lr=0.002 | t_train=12.81 | t_val=12.16 | mem=383.9 | psnr_b100=27.046, psnr_set14=27.531, psnr_set5=31.237, psnr_urban100=24.837, ssim_b100=0.721, ssim_set14=0.849, ssim_set5=0.899, ssim_urban100=0.948 |
   103 | train=0.013430 | val=nan | lr=0.002 | t_train=12.82 | t_val=12.16 | mem=383.9 | psnr_b100=26.989, psnr_set14=27.463, psnr_set5=31.190, psnr_urban100=24.776, ssim_b100=0.719, ssim_set14=0.848, ssim_set5=0.896, ssim_urban100=0.947 |
   104 | train=0.012341 | val=nan | lr=0.002 | t_train=12.80 | t_val=12.15 | mem=383.9 | psnr_b100=27.053, psnr_set14=27.512, psnr_set5=31.352, psnr_urban100=24.825, ssim_b100=0.720, ssim_set14=0.848, ssim_set5=0.900, ssim_urban100=0.948 |
   105 | train=0.012528 | val=nan | lr=0.002 | t_train=12.72 | t_val=12.06 | mem=383.9 | psnr_b100=27.066, psnr_set14=27.579, psnr_set5=31.396, psnr_urban100=24.864, ssim_b100=0.721, ssim_set14=0.849, ssim_set5=0.900, ssim_urban100=0.949 |
   106 | train=0.011653 | val=nan | lr=0.002 | t_train=12.79 | t_val=12.14 | mem=383.9 | psnr_b100=26.999, psnr_set14=27.415, psnr_set5=31.232, psnr_urban100=24.667, ssim_b100=0.719, ssim_set14=0.847, ssim_set5=0.897, ssim_urban100=0.946 |
   107 | train=0.010053 | val=nan | lr=0.002 | t_train=12.78 | t_val=12.13 | mem=383.9 | psnr_b100=26.946, psnr_set14=27.375, psnr_set5=31.154, psnr_urban100=24.644, ssim_b100=0.717, ssim_set14=0.845, ssim_set5=0.895, ssim_urban100=0.946 |
   108 | train=0.011463 | val=nan | lr=0.002 | t_train=12.81 | t_val=12.16 | mem=383.9 | psnr_b100=27.007, psnr_set14=27.493, psnr_set5=31.248, psnr_urban100=24.781, ssim_b100=0.719, ssim_set14=0.848, ssim_set5=0.898, ssim_urban100=0.948 |
   109 | train=0.009948 | val=nan | lr=0.002 | t_train=12.92 | t_val=12.24 | mem=383.9 | psnr_b100=26.886, psnr_set14=27.256, psnr_set5=31.064, psnr_urban100=24.564, ssim_b100=0.716, ssim_set14=0.844, ssim_set5=0.895, ssim_urban100=0.945 |
   110 | train=0.011109 | val=nan | lr=0.002 | t_train=12.81 | t_val=12.14 | mem=383.9 | psnr_b100=26.855, psnr_set14=27.129, psnr_set5=30.821, psnr_urban100=24.361, ssim_b100=0.714, ssim_set14=0.841, ssim_set5=0.887, ssim_urban100=0.942 |
   111 | train=0.009965 | val=nan | lr=0.002 | t_train=12.76 | t_val=12.10 | mem=383.9 | psnr_b100=26.875, psnr_set14=27.282, psnr_set5=31.010, psnr_urban100=24.506, ssim_b100=0.715, ssim_set14=0.843, ssim_set5=0.891, ssim_urban100=0.944 |
   112 | train=0.009622 | val=nan | lr=0.002 | t_train=12.76 | t_val=12.12 | mem=383.9 | psnr_b100=26.910, psnr_set14=27.353, psnr_set5=31.106, psnr_urban100=24.610, ssim_b100=0.716, ssim_set14=0.844, ssim_set5=0.894, ssim_urban100=0.945 |
   113 | train=0.009392 | val=nan | lr=0.002 | t_train=12.78 | t_val=12.12 | mem=383.9 | psnr_b100=26.984, psnr_set14=27.401, psnr_set5=31.228, psnr_urban100=24.677, ssim_b100=0.719, ssim_set14=0.846, ssim_set5=0.897, ssim_urban100=0.946 |
   114 | train=0.008357 | val=nan | lr=0.002 | t_train=12.83 | t_val=12.18 | mem=383.9 | psnr_b100=26.948, psnr_set14=27.482, psnr_set5=31.313, psnr_urban100=24.700, ssim_b100=0.717, ssim_set14=0.845, ssim_set5=0.900, ssim_urban100=0.946 |
   115 | train=0.008334 | val=nan | lr=0.002 | t_train=12.86 | t_val=12.20 | mem=383.9 | psnr_b100=26.973, psnr_set14=27.575, psnr_set5=31.276, psnr_urban100=24.839, ssim_b100=0.719, ssim_set14=0.848, ssim_set5=0.897, ssim_urban100=0.949 |
   116 | train=0.009881 | val=nan | lr=0.002 | t_train=12.85 | t_val=12.19 | mem=383.9 | psnr_b100=27.041, psnr_set14=27.540, psnr_set5=31.314, psnr_urban100=24.779, ssim_b100=0.720, ssim_set14=0.848, ssim_set5=0.899, ssim_urban100=0.948 |
   117 | train=0.009723 | val=nan | lr=0.002 | t_train=12.88 | t_val=12.13 | mem=383.9 | psnr_b100=26.811, psnr_set14=27.278, psnr_set5=30.972, psnr_urban100=24.512, ssim_b100=0.713, ssim_set14=0.842, ssim_set5=0.892, ssim_urban100=0.944 |
   118 | train=0.008398 | val=nan | lr=0.002 | t_train=12.78 | t_val=12.13 | mem=383.9 | psnr_b100=26.915, psnr_set14=27.344, psnr_set5=31.106, psnr_urban100=24.549, ssim_b100=0.717, ssim_set14=0.844, ssim_set5=0.895, ssim_urban100=0.945 |
   119 | train=0.008792 | val=nan | lr=0.002 | t_train=12.80 | t_val=12.15 | mem=383.9 | psnr_b100=26.977, psnr_set14=27.407, psnr_set5=31.197, psnr_urban100=24.632, ssim_b100=0.718, ssim_set14=0.845, ssim_set5=0.896, ssim_urban100=0.946 |
   120 | train=0.007819 | val=nan | lr=0.002 | t_train=12.82 | t_val=12.16 | mem=383.9 | psnr_b100=26.940, psnr_set14=27.385, psnr_set5=31.175, psnr_urban100=24.619, ssim_b100=0.717, ssim_set14=0.845, ssim_set5=0.896, ssim_urban100=0.946 |
   121 | train=0.008052 | val=nan | lr=0.002 | t_train=12.81 | t_val=12.14 | mem=383.9 | psnr_b100=27.015, psnr_set14=27.490, psnr_set5=31.288, psnr_urban100=24.796, ssim_b100=0.719, ssim_set14=0.847, ssim_set5=0.897, ssim_urban100=0.948 |
   122 | train=0.007758 | val=nan | lr=0.002 | t_train=12.79 | t_val=12.12 | mem=383.9 | psnr_b100=27.090, psnr_set14=27.585, psnr_set5=31.502, psnr_urban100=24.902, ssim_b100=0.721, ssim_set14=0.848, ssim_set5=0.902, ssim_urban100=0.949 |
   123 | train=0.008852 | val=nan | lr=0.002 | t_train=12.77 | t_val=12.11 | mem=383.9 | psnr_b100=27.007, psnr_set14=27.480, psnr_set5=31.376, psnr_urban100=24.807, ssim_b100=0.719, ssim_set14=0.846, ssim_set5=0.898, ssim_urban100=0.948 |
   124 | train=0.006811 | val=nan | lr=0.002 | t_train=12.80 | t_val=12.14 | mem=383.9 | psnr_b100=26.969, psnr_set14=27.457, psnr_set5=31.311, psnr_urban100=24.750, ssim_b100=0.718, ssim_set14=0.845, ssim_set5=0.898, ssim_urban100=0.947 |
   125 | train=0.006956 | val=nan | lr=0.002 | t_train=13.23 | t_val=12.56 | mem=383.9 | psnr_b100=26.998, psnr_set14=27.409, psnr_set5=31.208, psnr_urban100=24.698, ssim_b100=0.719, ssim_set14=0.845, ssim_set5=0.895, ssim_urban100=0.947 |
   126 | train=0.008238 | val=nan | lr=0.002 | t_train=12.82 | t_val=12.16 | mem=383.9 | psnr_b100=26.965, psnr_set14=27.410, psnr_set5=31.236, psnr_urban100=24.663, ssim_b100=0.718, ssim_set14=0.844, ssim_set5=0.896, ssim_urban100=0.946 |
   127 | train=0.008851 | val=nan | lr=0.002 | t_train=12.79 | t_val=12.13 | mem=383.9 | psnr_b100=27.024, psnr_set14=27.521, psnr_set5=31.305, psnr_urban100=24.738, ssim_b100=0.719, ssim_set14=0.847, ssim_set5=0.898, ssim_urban100=0.947 |
   128 | train=0.008423 | val=nan | lr=0.002 | t_train=12.86 | t_val=12.13 | mem=383.9 | psnr_b100=26.931, psnr_set14=27.391, psnr_set5=31.148, psnr_urban100=24.607, ssim_b100=0.717, ssim_set14=0.845, ssim_set5=0.895, ssim_urban100=0.946 |
   129 | train=0.007579 | val=nan | lr=0.002 | t_train=12.80 | t_val=12.14 | mem=383.9 | psnr_b100=27.015, psnr_set14=27.449, psnr_set5=31.289, psnr_urban100=24.714, ssim_b100=0.719, ssim_set14=0.846, ssim_set5=0.898, ssim_urban100=0.947 |
   130 | train=0.008525 | val=nan | lr=0.002 | t_train=12.79 | t_val=12.13 | mem=383.9 | psnr_b100=26.979, psnr_set14=27.438, psnr_set5=31.229, psnr_urban100=24.659, ssim_b100=0.718, ssim_set14=0.846, ssim_set5=0.897, ssim_urban100=0.947 |
   131 | train=0.009526 | val=nan | lr=0.002 | t_train=12.87 | t_val=12.20 | mem=383.9 | psnr_b100=26.992, psnr_set14=27.438, psnr_set5=31.283, psnr_urban100=24.668, ssim_b100=0.719, ssim_set14=0.846, ssim_set5=0.897, ssim_urban100=0.947 |
   132 | train=0.008312 | val=nan | lr=0.002 | t_train=12.78 | t_val=12.12 | mem=383.9 | psnr_b100=26.875, psnr_set14=27.252, psnr_set5=30.931, psnr_urban100=24.483, ssim_b100=0.715, ssim_set14=0.843, ssim_set5=0.892, ssim_urban100=0.944 |
   133 | train=0.008272 | val=nan | lr=0.002 | t_train=12.79 | t_val=12.13 | mem=383.9 | psnr_b100=26.954, psnr_set14=27.430, psnr_set5=31.203, psnr_urban100=24.629, ssim_b100=0.717, ssim_set14=0.845, ssim_set5=0.895, ssim_urban100=0.946 |
   134 | train=0.007185 | val=nan | lr=0.002 | t_train=12.76 | t_val=12.10 | mem=383.9 | psnr_b100=27.000, psnr_set14=27.479, psnr_set5=31.255, psnr_urban100=24.731, ssim_b100=0.718, ssim_set14=0.846, ssim_set5=0.898, ssim_urban100=0.947 |
   135 | train=0.009007 | val=nan | lr=0.002 | t_train=12.79 | t_val=12.13 | mem=383.9 | psnr_b100=27.091, psnr_set14=27.635, psnr_set5=31.403, psnr_urban100=24.861, ssim_b100=0.721, ssim_set14=0.849, ssim_set5=0.900, ssim_urban100=0.950 |
   136 | train=0.012719 | val=nan | lr=0.002 | t_train=12.81 | t_val=12.16 | mem=383.9 | psnr_b100=26.876, psnr_set14=27.277, psnr_set5=30.846, psnr_urban100=24.608, ssim_b100=0.717, ssim_set14=0.845, ssim_set5=0.892, ssim_urban100=0.947 |
   137 | train=0.009929 | val=nan | lr=0.002 | t_train=12.83 | t_val=12.16 | mem=383.9 | psnr_b100=26.925, psnr_set14=27.316, psnr_set5=30.939, psnr_urban100=24.639, ssim_b100=0.719, ssim_set14=0.846, ssim_set5=0.896, ssim_urban100=0.947 |
   138 | train=0.008220 | val=nan | lr=0.002 | t_train=12.76 | t_val=12.11 | mem=383.9 | psnr_b100=27.005, psnr_set14=27.460, psnr_set5=31.293, psnr_urban100=24.710, ssim_b100=0.719, ssim_set14=0.846, ssim_set5=0.898, ssim_urban100=0.947 |
   139 | train=0.008898 | val=nan | lr=0.002 | t_train=12.76 | t_val=12.10 | mem=383.9 | psnr_b100=26.996, psnr_set14=27.462, psnr_set5=31.257, psnr_urban100=24.718, ssim_b100=0.719, ssim_set14=0.846, ssim_set5=0.897, ssim_urban100=0.948 |
   140 | train=0.008239 | val=nan | lr=0.002 | t_train=12.76 | t_val=12.11 | mem=383.9 | psnr_b100=26.975, psnr_set14=27.415, psnr_set5=31.226, psnr_urban100=24.636, ssim_b100=0.718, ssim_set14=0.845, ssim_set5=0.896, ssim_urban100=0.946 |
   141 | train=0.006932 | val=nan | lr=0.002 | t_train=12.75 | t_val=12.10 | mem=383.9 | psnr_b100=26.991, psnr_set14=27.413, psnr_set5=31.286, psnr_urban100=24.665, ssim_b100=0.719, ssim_set14=0.846, ssim_set5=0.897, ssim_urban100=0.947 |
   142 | train=0.007500 | val=nan | lr=0.002 | t_train=12.79 | t_val=12.12 | mem=383.9 | psnr_b100=26.978, psnr_set14=27.431, psnr_set5=31.246, psnr_urban100=24.671, ssim_b100=0.718, ssim_set14=0.845, ssim_set5=0.896, ssim_urban100=0.947 |
   143 | train=0.009581 | val=nan | lr=0.002 | t_train=12.78 | t_val=12.13 | mem=383.9 | psnr_b100=27.038, psnr_set14=27.473, psnr_set5=31.332, psnr_urban100=24.780, ssim_b100=0.720, ssim_set14=0.847, ssim_set5=0.898, ssim_urban100=0.948 |
   144 | train=0.008209 | val=nan | lr=0.002 | t_train=12.77 | t_val=12.12 | mem=383.9 | psnr_b100=26.935, psnr_set14=27.349, psnr_set5=31.152, psnr_urban100=24.561, ssim_b100=0.717, ssim_set14=0.844, ssim_set5=0.893, ssim_urban100=0.945 |
   145 | train=0.007754 | val=nan | lr=0.002 | t_train=12.81 | t_val=12.15 | mem=383.9 | psnr_b100=26.988, psnr_set14=27.485, psnr_set5=31.251, psnr_urban100=24.690, ssim_b100=0.718, ssim_set14=0.846, ssim_set5=0.897, ssim_urban100=0.947 |
   146 | train=0.006731 | val=nan | lr=0.002 | t_train=12.82 | t_val=12.16 | mem=383.9 | psnr_b100=26.979, psnr_set14=27.451, psnr_set5=31.169, psnr_urban100=24.679, ssim_b100=0.718, ssim_set14=0.846, ssim_set5=0.896, ssim_urban100=0.946 |
   147 | train=0.007199 | val=nan | lr=0.002 | t_train=12.77 | t_val=12.11 | mem=383.9 | psnr_b100=27.051, psnr_set14=27.623, psnr_set5=31.399, psnr_urban100=24.797, ssim_b100=0.720, ssim_set14=0.849, ssim_set5=0.899, ssim_urban100=0.948 |
   148 | train=0.006935 | val=nan | lr=0.002 | t_train=12.73 | t_val=12.08 | mem=383.9 | psnr_b100=26.979, psnr_set14=27.414, psnr_set5=31.173, psnr_urban100=24.652, ssim_b100=0.718, ssim_set14=0.846, ssim_set5=0.895, ssim_urban100=0.947 |
   149 | train=0.008410 | val=nan | lr=0.002 | t_train=12.90 | t_val=12.14 | mem=383.9 | psnr_b100=27.006, psnr_set14=27.479, psnr_set5=31.243, psnr_urban100=24.722, ssim_b100=0.719, ssim_set14=0.846, ssim_set5=0.896, ssim_urban100=0.948 |
   150 | train=0.008620 | val=nan | lr=0.002 | t_train=12.80 | t_val=12.14 | mem=383.9 | psnr_b100=27.012, psnr_set14=27.538, psnr_set5=31.314, psnr_urban100=24.727, ssim_b100=0.719, ssim_set14=0.848, ssim_set5=0.897, ssim_urban100=0.948 |
   151 | train=0.007809 | val=nan | lr=0.002 | t_train=12.76 | t_val=12.10 | mem=383.9 | psnr_b100=26.930, psnr_set14=27.342, psnr_set5=31.122, psnr_urban100=24.548, ssim_b100=0.717, ssim_set14=0.844, ssim_set5=0.893, ssim_urban100=0.945 |
   152 | train=0.007984 | val=nan | lr=0.002 | t_train=12.79 | t_val=12.13 | mem=383.9 | psnr_b100=27.010, psnr_set14=27.509, psnr_set5=31.243, psnr_urban100=24.726, ssim_b100=0.718, ssim_set14=0.846, ssim_set5=0.896, ssim_urban100=0.948 |
   153 | train=0.006935 | val=nan | lr=0.002 | t_train=12.80 | t_val=12.14 | mem=383.9 | psnr_b100=26.927, psnr_set14=27.392, psnr_set5=31.182, psnr_urban100=24.583, ssim_b100=0.716, ssim_set14=0.844, ssim_set5=0.895, ssim_urban100=0.945 |
   154 | train=0.009480 | val=nan | lr=0.002 | t_train=12.79 | t_val=12.14 | mem=383.9 | psnr_b100=26.980, psnr_set14=27.456, psnr_set5=31.210, psnr_urban100=24.672, ssim_b100=0.718, ssim_set14=0.846, ssim_set5=0.896, ssim_urban100=0.947 |
   155 | train=0.009442 | val=nan | lr=0.002 | t_train=12.83 | t_val=12.17 | mem=383.9 | psnr_b100=27.002, psnr_set14=27.479, psnr_set5=31.214, psnr_urban100=24.724, ssim_b100=0.719, ssim_set14=0.847, ssim_set5=0.896, ssim_urban100=0.948 |
   156 | train=0.007723 | val=nan | lr=0.002 | t_train=12.83 | t_val=12.17 | mem=383.9 | psnr_b100=27.007, psnr_set14=27.427, psnr_set5=31.279, psnr_urban100=24.701, ssim_b100=0.719, ssim_set14=0.846, ssim_set5=0.898, ssim_urban100=0.947 |
   157 | train=0.007637 | val=nan | lr=0.002 | t_train=12.75 | t_val=12.10 | mem=383.9 | psnr_b100=27.000, psnr_set14=27.451, psnr_set5=31.213, psnr_urban100=24.703, ssim_b100=0.718, ssim_set14=0.845, ssim_set5=0.894, ssim_urban100=0.947 |
   158 | train=0.006711 | val=nan | lr=0.002 | t_train=12.81 | t_val=12.15 | mem=383.9 | psnr_b100=26.945, psnr_set14=27.376, psnr_set5=31.115, psnr_urban100=24.606, ssim_b100=0.716, ssim_set14=0.844, ssim_set5=0.891, ssim_urban100=0.945 |
   159 | train=0.008365 | val=nan | lr=0.002 | t_train=12.83 | t_val=12.16 | mem=383.9 | psnr_b100=27.102, psnr_set14=27.625, psnr_set5=31.477, psnr_urban100=24.871, ssim_b100=0.721, ssim_set14=0.849, ssim_set5=0.900, ssim_urban100=0.949 |
   160 | train=0.007666 | val=nan | lr=0.002 | t_train=12.90 | t_val=12.16 | mem=383.9 | psnr_b100=26.937, psnr_set14=27.390, psnr_set5=31.202, psnr_urban100=24.613, ssim_b100=0.716, ssim_set14=0.845, ssim_set5=0.894, ssim_urban100=0.945 |
   161 | train=0.008582 | val=nan | lr=0.002 | t_train=12.82 | t_val=12.17 | mem=383.9 | psnr_b100=26.992, psnr_set14=27.444, psnr_set5=31.300, psnr_urban100=24.654, ssim_b100=0.718, ssim_set14=0.846, ssim_set5=0.897, ssim_urban100=0.947 |
   162 | train=0.008059 | val=nan | lr=0.002 | t_train=12.80 | t_val=12.13 | mem=383.9 | psnr_b100=26.933, psnr_set14=27.283, psnr_set5=31.051, psnr_urban100=24.593, ssim_b100=0.716, ssim_set14=0.844, ssim_set5=0.892, ssim_urban100=0.946 |
   163 | train=0.007768 | val=nan | lr=0.002 | t_train=12.84 | t_val=12.18 | mem=383.9 | psnr_b100=26.973, psnr_set14=27.391, psnr_set5=31.166, psnr_urban100=24.684, ssim_b100=0.718, ssim_set14=0.845, ssim_set5=0.893, ssim_urban100=0.947 |
   164 | train=0.006444 | val=nan | lr=0.002 | t_train=12.88 | t_val=12.20 | mem=383.9 | psnr_b100=26.929, psnr_set14=27.366, psnr_set5=31.002, psnr_urban100=24.674, ssim_b100=0.717, ssim_set14=0.845, ssim_set5=0.892, ssim_urban100=0.947 |
   165 | train=0.008719 | val=nan | lr=0.002 | t_train=12.78 | t_val=12.12 | mem=383.9 | psnr_b100=26.966, psnr_set14=27.384, psnr_set5=31.095, psnr_urban100=24.631, ssim_b100=0.717, ssim_set14=0.845, ssim_set5=0.892, ssim_urban100=0.947 |
   166 | train=0.007065 | val=nan | lr=0.002 | t_train=12.78 | t_val=12.13 | mem=383.9 | psnr_b100=26.944, psnr_set14=27.434, psnr_set5=31.075, psnr_urban100=24.683, ssim_b100=0.716, ssim_set14=0.845, ssim_set5=0.891, ssim_urban100=0.947 |
   167 | train=0.006477 | val=nan | lr=0.002 | t_train=12.92 | t_val=12.26 | mem=383.9 | psnr_b100=26.955, psnr_set14=27.377, psnr_set5=31.114, psnr_urban100=24.626, ssim_b100=0.717, ssim_set14=0.845, ssim_set5=0.892, ssim_urban100=0.947 |
   168 | train=0.006981 | val=nan | lr=0.002 | t_train=12.90 | t_val=12.25 | mem=383.9 | psnr_b100=26.965, psnr_set14=27.455, psnr_set5=31.193, psnr_urban100=24.671, ssim_b100=0.717, ssim_set14=0.846, ssim_set5=0.894, ssim_urban100=0.947 |
   169 | train=0.007694 | val=nan | lr=0.002 | t_train=12.72 | t_val=12.07 | mem=383.9 | psnr_b100=26.979, psnr_set14=27.434, psnr_set5=31.248, psnr_urban100=24.658, ssim_b100=0.718, ssim_set14=0.846, ssim_set5=0.896, ssim_urban100=0.947 |
   170 | train=0.006256 | val=nan | lr=0.002 | t_train=12.87 | t_val=12.22 | mem=383.9 | psnr_b100=26.994, psnr_set14=27.425, psnr_set5=31.258, psnr_urban100=24.671, ssim_b100=0.718, ssim_set14=0.845, ssim_set5=0.896, ssim_urban100=0.947 |
   171 | train=0.008428 | val=nan | lr=0.002 | t_train=12.85 | t_val=12.19 | mem=383.9 | psnr_b100=26.960, psnr_set14=27.451, psnr_set5=31.276, psnr_urban100=24.685, ssim_b100=0.718, ssim_set14=0.846, ssim_set5=0.896, ssim_urban100=0.947 |
   172 | train=0.007317 | val=nan | lr=0.002 | t_train=12.82 | t_val=12.17 | mem=383.9 | psnr_b100=26.958, psnr_set14=27.377, psnr_set5=31.148, psnr_urban100=24.611, ssim_b100=0.718, ssim_set14=0.845, ssim_set5=0.894, ssim_urban100=0.946 |
   173 | train=0.008452 | val=nan | lr=0.002 | t_train=12.88 | t_val=12.22 | mem=383.9 | psnr_b100=27.049, psnr_set14=27.498, psnr_set5=31.348, psnr_urban100=24.749, ssim_b100=0.720, ssim_set14=0.847, ssim_set5=0.898, ssim_urban100=0.948 |
   174 | train=0.006486 | val=nan | lr=0.002 | t_train=12.88 | t_val=12.21 | mem=383.9 | psnr_b100=27.009, psnr_set14=27.462, psnr_set5=31.272, psnr_urban100=24.719, ssim_b100=0.718, ssim_set14=0.846, ssim_set5=0.896, ssim_urban100=0.948 |
   175 | train=0.007207 | val=nan | lr=0.002 | t_train=12.91 | t_val=12.23 | mem=383.9 | psnr_b100=27.066, psnr_set14=27.584, psnr_set5=31.316, psnr_urban100=24.773, ssim_b100=0.720, ssim_set14=0.848, ssim_set5=0.897, ssim_urban100=0.949 |
   176 | train=0.007699 | val=nan | lr=0.002 | t_train=12.86 | t_val=12.20 | mem=383.9 | psnr_b100=27.013, psnr_set14=27.483, psnr_set5=31.330, psnr_urban100=24.654, ssim_b100=0.719, ssim_set14=0.846, ssim_set5=0.898, ssim_urban100=0.947 |
   177 | train=0.006738 | val=nan | lr=0.002 | t_train=12.87 | t_val=12.20 | mem=383.9 | psnr_b100=27.002, psnr_set14=27.450, psnr_set5=31.203, psnr_urban100=24.692, ssim_b100=0.718, ssim_set14=0.845, ssim_set5=0.894, ssim_urban100=0.947 |
   178 | train=0.006495 | val=nan | lr=0.002 | t_train=12.75 | t_val=12.10 | mem=383.9 | psnr_b100=26.934, psnr_set14=27.368, psnr_set5=31.145, psnr_urban100=24.562, ssim_b100=0.716, ssim_set14=0.844, ssim_set5=0.893, ssim_urban100=0.945 |
   179 | train=0.007371 | val=nan | lr=0.002 | t_train=12.90 | t_val=12.24 | mem=383.9 | psnr_b100=26.968, psnr_set14=27.377, psnr_set5=31.165, psnr_urban100=24.620, ssim_b100=0.718, ssim_set14=0.845, ssim_set5=0.895, ssim_urban100=0.947 |
   180 | train=0.006875 | val=nan | lr=0.002 | t_train=12.92 | t_val=12.26 | mem=383.9 | psnr_b100=26.996, psnr_set14=27.429, psnr_set5=31.174, psnr_urban100=24.672, ssim_b100=0.718, ssim_set14=0.846, ssim_set5=0.894, ssim_urban100=0.947 |
   181 | train=0.007069 | val=nan | lr=0.002 | t_train=12.89 | t_val=12.24 | mem=383.9 | psnr_b100=27.014, psnr_set14=27.466, psnr_set5=31.297, psnr_urban100=24.770, ssim_b100=0.719, ssim_set14=0.846, ssim_set5=0.896, ssim_urban100=0.948 |
   182 | train=0.007267 | val=nan | lr=0.002 | t_train=12.99 | t_val=12.25 | mem=383.9 | psnr_b100=26.999, psnr_set14=27.444, psnr_set5=31.218, psnr_urban100=24.674, ssim_b100=0.718, ssim_set14=0.846, ssim_set5=0.894, ssim_urban100=0.947 |
   183 | train=0.007333 | val=nan | lr=0.002 | t_train=12.88 | t_val=12.22 | mem=383.9 | psnr_b100=27.062, psnr_set14=27.560, psnr_set5=31.332, psnr_urban100=24.774, ssim_b100=0.720, ssim_set14=0.847, ssim_set5=0.897, ssim_urban100=0.948 |
   184 | train=0.006824 | val=nan | lr=0.002 | t_train=12.89 | t_val=12.23 | mem=383.9 | psnr_b100=27.015, psnr_set14=27.502, psnr_set5=31.268, psnr_urban100=24.681, ssim_b100=0.719, ssim_set14=0.847, ssim_set5=0.896, ssim_urban100=0.947 |
   185 | train=0.009524 | val=nan | lr=0.002 | t_train=12.92 | t_val=12.27 | mem=383.9 | psnr_b100=26.966, psnr_set14=27.340, psnr_set5=31.122, psnr_urban100=24.570, ssim_b100=0.717, ssim_set14=0.844, ssim_set5=0.893, ssim_urban100=0.946 |
   186 | train=0.007624 | val=nan | lr=0.002 | t_train=12.89 | t_val=12.21 | mem=383.9 | psnr_b100=27.045, psnr_set14=27.499, psnr_set5=31.267, psnr_urban100=24.732, ssim_b100=0.720, ssim_set14=0.847, ssim_set5=0.895, ssim_urban100=0.948 |
   187 | train=0.008668 | val=nan | lr=0.002 | t_train=12.87 | t_val=12.22 | mem=383.9 | psnr_b100=26.948, psnr_set14=27.391, psnr_set5=31.030, psnr_urban100=24.618, ssim_b100=0.717, ssim_set14=0.844, ssim_set5=0.891, ssim_urban100=0.946 |
   188 | train=0.008399 | val=nan | lr=0.002 | t_train=12.89 | t_val=12.23 | mem=383.9 | psnr_b100=27.005, psnr_set14=27.440, psnr_set5=31.226, psnr_urban100=24.670, ssim_b100=0.718, ssim_set14=0.846, ssim_set5=0.895, ssim_urban100=0.947 |
   189 | train=0.007402 | val=nan | lr=0.002 | t_train=12.86 | t_val=12.21 | mem=383.9 | psnr_b100=27.017, psnr_set14=27.457, psnr_set5=31.177, psnr_urban100=24.697, ssim_b100=0.719, ssim_set14=0.845, ssim_set5=0.893, ssim_urban100=0.948 |
   190 | train=0.006226 | val=nan | lr=0.002 | t_train=12.80 | t_val=12.15 | mem=383.9 | psnr_b100=26.946, psnr_set14=27.375, psnr_set5=31.074, psnr_urban100=24.684, ssim_b100=0.717, ssim_set14=0.844, ssim_set5=0.893, ssim_urban100=0.948 |
   191 | train=0.007958 | val=nan | lr=0.002 | t_train=12.94 | t_val=12.20 | mem=383.9 | psnr_b100=27.014, psnr_set14=27.407, psnr_set5=31.147, psnr_urban100=24.660, ssim_b100=0.719, ssim_set14=0.845, ssim_set5=0.893, ssim_urban100=0.947 |
   192 | train=0.006924 | val=nan | lr=0.002 | t_train=12.89 | t_val=12.24 | mem=383.9 | psnr_b100=26.971, psnr_set14=27.340, psnr_set5=31.050, psnr_urban100=24.610, ssim_b100=0.719, ssim_set14=0.845, ssim_set5=0.894, ssim_urban100=0.947 |
   193 | train=0.006646 | val=nan | lr=0.002 | t_train=12.92 | t_val=12.26 | mem=383.9 | psnr_b100=27.010, psnr_set14=27.448, psnr_set5=31.244, psnr_urban100=24.643, ssim_b100=0.719, ssim_set14=0.846, ssim_set5=0.895, ssim_urban100=0.947 |
   194 | train=0.007210 | val=nan | lr=0.002 | t_train=12.80 | t_val=12.14 | mem=383.9 | psnr_b100=26.983, psnr_set14=27.401, psnr_set5=31.080, psnr_urban100=24.646, ssim_b100=0.718, ssim_set14=0.845, ssim_set5=0.893, ssim_urban100=0.947 |
   195 | train=0.007077 | val=nan | lr=0.002 | t_train=12.81 | t_val=12.16 | mem=383.9 | psnr_b100=26.972, psnr_set14=27.405, psnr_set5=31.093, psnr_urban100=24.664, ssim_b100=0.717, ssim_set14=0.844, ssim_set5=0.892, ssim_urban100=0.947 |
   196 | train=0.006677 | val=nan | lr=0.002 | t_train=12.78 | t_val=12.12 | mem=383.9 | psnr_b100=27.005, psnr_set14=27.393, psnr_set5=31.091, psnr_urban100=24.653, ssim_b100=0.719, ssim_set14=0.845, ssim_set5=0.893, ssim_urban100=0.947 |
   197 | train=0.007014 | val=nan | lr=0.002 | t_train=12.89 | t_val=12.24 | mem=383.9 | psnr_b100=26.995, psnr_set14=27.408, psnr_set5=31.125, psnr_urban100=24.668, ssim_b100=0.718, ssim_set14=0.845, ssim_set5=0.893, ssim_urban100=0.947 |
   198 | train=0.007348 | val=nan | lr=0.002 | t_train=12.94 | t_val=12.28 | mem=383.9 | psnr_b100=26.962, psnr_set14=27.411, psnr_set5=31.115, psnr_urban100=24.627, ssim_b100=0.718, ssim_set14=0.846, ssim_set5=0.894, ssim_urban100=0.947 |
   199 | train=0.006167 | val=nan | lr=0.002 | t_train=12.89 | t_val=12.23 | mem=383.9 | psnr_b100=27.013, psnr_set14=27.440, psnr_set5=31.222, psnr_urban100=24.678, ssim_b100=0.719, ssim_set14=0.846, ssim_set5=0.895, ssim_urban100=0.947 |
   200 | train=0.007906 | val=nan | lr=0.002 | t_train=12.80 | t_val=12.15 | mem=383.9 | psnr_b100=26.992, psnr_set14=27.399, psnr_set5=31.084, psnr_urban100=24.645, ssim_b100=0.718, ssim_set14=0.845, ssim_set5=0.892, ssim_urban100=0.947 |
   201 | train=0.007807 | val=nan | lr=0.002 | t_train=12.88 | t_val=12.22 | mem=383.9 | psnr_b100=26.984, psnr_set14=27.390, psnr_set5=31.052, psnr_urban100=24.677, ssim_b100=0.718, ssim_set14=0.845, ssim_set5=0.891, ssim_urban100=0.947 |
   202 | train=0.007967 | val=nan | lr=0.002 | t_train=12.88 | t_val=12.22 | mem=383.9 | psnr_b100=26.921, psnr_set14=27.319, psnr_set5=30.961, psnr_urban100=24.589, ssim_b100=0.717, ssim_set14=0.844, ssim_set5=0.891, ssim_urban100=0.947 |
   203 | train=0.008470 | val=nan | lr=0.002 | t_train=12.87 | t_val=12.21 | mem=383.9 | psnr_b100=26.982, psnr_set14=27.393, psnr_set5=31.103, psnr_urban100=24.634, ssim_b100=0.718, ssim_set14=0.844, ssim_set5=0.892, ssim_urban100=0.946 |
   204 | train=0.005998 | val=nan | lr=0.002 | t_train=12.95 | t_val=12.29 | mem=383.9 | psnr_b100=26.939, psnr_set14=27.310, psnr_set5=30.936, psnr_urban100=24.582, ssim_b100=0.717, ssim_set14=0.844, ssim_set5=0.890, ssim_urban100=0.946 |
   205 | train=0.006766 | val=nan | lr=0.002 | t_train=12.87 | t_val=12.21 | mem=383.9 | psnr_b100=26.957, psnr_set14=27.355, psnr_set5=31.022, psnr_urban100=24.608, ssim_b100=0.717, ssim_set14=0.845, ssim_set5=0.891, ssim_urban100=0.946 |
   206 | train=0.006950 | val=nan | lr=0.002 | t_train=12.89 | t_val=12.23 | mem=383.9 | psnr_b100=27.043, psnr_set14=27.450, psnr_set5=31.149, psnr_urban100=24.761, ssim_b100=0.720, ssim_set14=0.846, ssim_set5=0.894, ssim_urban100=0.949 |
   207 | train=0.009022 | val=nan | lr=0.002 | t_train=12.84 | t_val=12.19 | mem=383.9 | psnr_b100=27.007, psnr_set14=27.433, psnr_set5=31.195, psnr_urban100=24.733, ssim_b100=0.719, ssim_set14=0.846, ssim_set5=0.894, ssim_urban100=0.948 |
   208 | train=0.005971 | val=nan | lr=0.002 | t_train=12.86 | t_val=12.21 | mem=383.9 | psnr_b100=26.999, psnr_set14=27.416, psnr_set5=31.115, psnr_urban100=24.687, ssim_b100=0.719, ssim_set14=0.846, ssim_set5=0.893, ssim_urban100=0.948 |
   209 | train=0.007468 | val=nan | lr=0.002 | t_train=12.86 | t_val=12.22 | mem=383.9 | psnr_b100=27.076, psnr_set14=27.504, psnr_set5=31.268, psnr_urban100=24.789, ssim_b100=0.721, ssim_set14=0.847, ssim_set5=0.894, ssim_urban100=0.949 |
   210 | train=0.006692 | val=nan | lr=0.002 | t_train=12.90 | t_val=12.24 | mem=383.9 | psnr_b100=27.036, psnr_set14=27.466, psnr_set5=31.202, psnr_urban100=24.736, ssim_b100=0.720, ssim_set14=0.846, ssim_set5=0.894, ssim_urban100=0.948 |
   211 | train=0.006430 | val=nan | lr=0.002 | t_train=12.87 | t_val=12.20 | mem=383.9 | psnr_b100=27.014, psnr_set14=27.447, psnr_set5=31.251, psnr_urban100=24.675, ssim_b100=0.719, ssim_set14=0.846, ssim_set5=0.895, ssim_urban100=0.948 |
   212 | train=0.006599 | val=nan | lr=0.002 | t_train=12.87 | t_val=12.22 | mem=383.9 | psnr_b100=27.009, psnr_set14=27.396, psnr_set5=31.090, psnr_urban100=24.681, ssim_b100=0.719, ssim_set14=0.846, ssim_set5=0.891, ssim_urban100=0.948 |
   213 | train=0.006947 | val=nan | lr=0.002 | t_train=12.79 | t_val=12.13 | mem=383.9 | psnr_b100=27.020, psnr_set14=27.419, psnr_set5=31.163, psnr_urban100=24.771, ssim_b100=0.720, ssim_set14=0.847, ssim_set5=0.894, ssim_urban100=0.949 |
   214 | train=0.007344 | val=nan | lr=0.002 | t_train=12.86 | t_val=12.22 | mem=383.9 | psnr_b100=27.041, psnr_set14=27.455, psnr_set5=31.207, psnr_urban100=24.732, ssim_b100=0.720, ssim_set14=0.846, ssim_set5=0.894, ssim_urban100=0.948 |
   215 | train=0.007336 | val=nan | lr=0.002 | t_train=13.01 | t_val=12.27 | mem=383.9 | psnr_b100=27.016, psnr_set14=27.428, psnr_set5=31.139, psnr_urban100=24.716, ssim_b100=0.719, ssim_set14=0.846, ssim_set5=0.894, ssim_urban100=0.948 |
   216 | train=0.007682 | val=nan | lr=0.002 | t_train=12.81 | t_val=12.15 | mem=383.9 | psnr_b100=27.035, psnr_set14=27.448, psnr_set5=31.200, psnr_urban100=24.794, ssim_b100=0.720, ssim_set14=0.846, ssim_set5=0.894, ssim_urban100=0.949 |
   217 | train=0.006744 | val=nan | lr=0.002 | t_train=12.88 | t_val=12.23 | mem=383.9 | psnr_b100=27.064, psnr_set14=27.526, psnr_set5=31.298, psnr_urban100=24.814, ssim_b100=0.720, ssim_set14=0.847, ssim_set5=0.896, ssim_urban100=0.949 |
   218 | train=0.005079 | val=nan | lr=0.002 | t_train=12.88 | t_val=12.23 | mem=383.9 | psnr_b100=27.004, psnr_set14=27.406, psnr_set5=31.138, psnr_urban100=24.680, ssim_b100=0.719, ssim_set14=0.845, ssim_set5=0.892, ssim_urban100=0.948 |
   219 | train=0.006973 | val=nan | lr=0.002 | t_train=12.94 | t_val=12.29 | mem=383.9 | psnr_b100=26.976, psnr_set14=27.364, psnr_set5=31.058, psnr_urban100=24.671, ssim_b100=0.718, ssim_set14=0.845, ssim_set5=0.892, ssim_urban100=0.948 |
   220 | train=0.007790 | val=nan | lr=0.002 | t_train=12.83 | t_val=12.18 | mem=383.9 | psnr_b100=27.062, psnr_set14=27.518, psnr_set5=31.240, psnr_urban100=24.793, ssim_b100=0.721, ssim_set14=0.848, ssim_set5=0.895, ssim_urban100=0.949 |
   221 | train=0.006035 | val=nan | lr=0.002 | t_train=12.86 | t_val=12.21 | mem=383.9 | psnr_b100=27.016, psnr_set14=27.423, psnr_set5=31.111, psnr_urban100=24.742, ssim_b100=0.720, ssim_set14=0.846, ssim_set5=0.894, ssim_urban100=0.949 |
   222 | train=0.007200 | val=nan | lr=0.0019964 | t_train=12.94 | t_val=12.29 | mem=383.9 | psnr_b100=27.059, psnr_set14=27.484, psnr_set5=31.239, psnr_urban100=24.777, ssim_b100=0.720, ssim_set14=0.847, ssim_set5=0.894, ssim_urban100=0.949 |
   223 | train=0.007809 | val=nan | lr=0.0019926 | t_train=12.89 | t_val=12.23 | mem=383.9 | psnr_b100=27.045, psnr_set14=27.462, psnr_set5=31.241, psnr_urban100=24.742, ssim_b100=0.720, ssim_set14=0.847, ssim_set5=0.895, ssim_urban100=0.948 |
   224 | train=0.007470 | val=nan | lr=0.0019888 | t_train=12.90 | t_val=12.26 | mem=383.9 | psnr_b100=26.982, psnr_set14=27.397, psnr_set5=31.086, psnr_urban100=24.693, ssim_b100=0.718, ssim_set14=0.844, ssim_set5=0.892, ssim_urban100=0.948 |
   225 | train=0.007993 | val=nan | lr=0.0019851 | t_train=12.88 | t_val=12.23 | mem=383.9 | psnr_b100=27.010, psnr_set14=27.421, psnr_set5=31.144, psnr_urban100=24.692, ssim_b100=0.719, ssim_set14=0.846, ssim_set5=0.893, ssim_urban100=0.948 |
   226 | train=0.007598 | val=nan | lr=0.0019813 | t_train=12.91 | t_val=12.25 | mem=383.9 | psnr_b100=27.057, psnr_set14=27.528, psnr_set5=31.261, psnr_urban100=24.796, ssim_b100=0.720, ssim_set14=0.847, ssim_set5=0.895, ssim_urban100=0.949 |
   227 | train=0.006952 | val=nan | lr=0.0019775 | t_train=12.90 | t_val=12.24 | mem=383.9 | psnr_b100=26.994, psnr_set14=27.416, psnr_set5=31.114, psnr_urban100=24.707, ssim_b100=0.719, ssim_set14=0.846, ssim_set5=0.894, ssim_urban100=0.948 |
   228 | train=0.007588 | val=nan | lr=0.0019738 | t_train=12.91 | t_val=12.26 | mem=383.9 | psnr_b100=27.028, psnr_set14=27.492, psnr_set5=31.206, psnr_urban100=24.724, ssim_b100=0.719, ssim_set14=0.846, ssim_set5=0.893, ssim_urban100=0.948 |
   229 | train=0.006288 | val=nan | lr=0.00197 | t_train=12.87 | t_val=12.21 | mem=383.9 | psnr_b100=26.998, psnr_set14=27.398, psnr_set5=31.146, psnr_urban100=24.671, ssim_b100=0.719, ssim_set14=0.846, ssim_set5=0.894, ssim_urban100=0.948 |
   230 | train=0.007987 | val=nan | lr=0.0019663 | t_train=12.93 | t_val=12.27 | mem=383.9 | psnr_b100=27.057, psnr_set14=27.536, psnr_set5=31.304, psnr_urban100=24.799, ssim_b100=0.719, ssim_set14=0.847, ssim_set5=0.896, ssim_urban100=0.949 |
   231 | train=0.007665 | val=nan | lr=0.0019626 | t_train=12.91 | t_val=12.25 | mem=383.9 | psnr_b100=27.009, psnr_set14=27.488, psnr_set5=31.239, psnr_urban100=24.723, ssim_b100=0.719, ssim_set14=0.847, ssim_set5=0.894, ssim_urban100=0.948 |
   232 | train=0.007397 | val=nan | lr=0.0019588 | t_train=12.87 | t_val=12.22 | mem=383.9 | psnr_b100=26.942, psnr_set14=27.317, psnr_set5=30.988, psnr_urban100=24.576, ssim_b100=0.716, ssim_set14=0.844, ssim_set5=0.889, ssim_urban100=0.946 |
   233 | train=0.006912 | val=nan | lr=0.0019551 | t_train=12.87 | t_val=12.20 | mem=383.9 | psnr_b100=26.998, psnr_set14=27.386, psnr_set5=31.149, psnr_urban100=24.673, ssim_b100=0.718, ssim_set14=0.845, ssim_set5=0.893, ssim_urban100=0.947 |
   234 | train=0.006137 | val=nan | lr=0.0019514 | t_train=12.87 | t_val=12.22 | mem=383.9 | psnr_b100=27.048, psnr_set14=27.527, psnr_set5=31.219, psnr_urban100=24.781, ssim_b100=0.720, ssim_set14=0.847, ssim_set5=0.894, ssim_urban100=0.949 |
   235 | train=0.006370 | val=nan | lr=0.0019477 | t_train=12.85 | t_val=12.20 | mem=383.9 | psnr_b100=27.008, psnr_set14=27.416, psnr_set5=31.200, psnr_urban100=24.709, ssim_b100=0.719, ssim_set14=0.846, ssim_set5=0.895, ssim_urban100=0.948 |
   236 | train=0.005650 | val=nan | lr=0.001944 | t_train=12.87 | t_val=12.22 | mem=383.9 | psnr_b100=26.971, psnr_set14=27.381, psnr_set5=31.077, psnr_urban100=24.633, ssim_b100=0.718, ssim_set14=0.845, ssim_set5=0.892, ssim_urban100=0.947 |
   237 | train=0.006811 | val=nan | lr=0.0019403 | t_train=12.90 | t_val=12.24 | mem=383.9 | psnr_b100=27.053, psnr_set14=27.543, psnr_set5=31.252, psnr_urban100=24.809, ssim_b100=0.720, ssim_set14=0.848, ssim_set5=0.896, ssim_urban100=0.949 |
   238 | train=0.006957 | val=nan | lr=0.0019366 | t_train=12.91 | t_val=12.25 | mem=383.9 | psnr_b100=27.000, psnr_set14=27.481, psnr_set5=31.271, psnr_urban100=24.727, ssim_b100=0.719, ssim_set14=0.847, ssim_set5=0.896, ssim_urban100=0.948 |
   239 | train=0.005831 | val=nan | lr=0.0019329 | t_train=12.86 | t_val=12.20 | mem=383.9 | psnr_b100=26.959, psnr_set14=27.339, psnr_set5=31.042, psnr_urban100=24.631, ssim_b100=0.718, ssim_set14=0.845, ssim_set5=0.892, ssim_urban100=0.947 |
   240 | train=0.006145 | val=nan | lr=0.0019293 | t_train=12.83 | t_val=12.16 | mem=383.9 | psnr_b100=26.986, psnr_set14=27.431, psnr_set5=31.178, psnr_urban100=24.670, ssim_b100=0.719, ssim_set14=0.846, ssim_set5=0.894, ssim_urban100=0.948 |
   241 | train=0.006446 | val=nan | lr=0.0019256 | t_train=12.90 | t_val=12.25 | mem=383.9 | psnr_b100=26.991, psnr_set14=27.451, psnr_set5=31.109, psnr_urban100=24.680, ssim_b100=0.718, ssim_set14=0.846, ssim_set5=0.892, ssim_urban100=0.948 |
   242 | train=0.006523 | val=nan | lr=0.001922 | t_train=12.88 | t_val=12.19 | mem=383.9 | psnr_b100=27.044, psnr_set14=27.546, psnr_set5=31.330, psnr_urban100=24.789, ssim_b100=0.719, ssim_set14=0.847, ssim_set5=0.896, ssim_urban100=0.949 |
   243 | train=0.004879 | val=nan | lr=0.0019183 | t_train=12.87 | t_val=12.21 | mem=383.9 | psnr_b100=26.966, psnr_set14=27.367, psnr_set5=31.144, psnr_urban100=24.651, ssim_b100=0.718, ssim_set14=0.845, ssim_set5=0.894, ssim_urban100=0.947 |
   244 | train=0.008253 | val=nan | lr=0.0019147 | t_train=13.02 | t_val=12.26 | mem=383.9 | psnr_b100=27.029, psnr_set14=27.484, psnr_set5=31.258, psnr_urban100=24.728, ssim_b100=0.719, ssim_set14=0.847, ssim_set5=0.895, ssim_urban100=0.948 |
   245 | train=0.006622 | val=nan | lr=0.001911 | t_train=12.87 | t_val=12.22 | mem=383.9 | psnr_b100=27.011, psnr_set14=27.409, psnr_set5=31.114, psnr_urban100=24.636, ssim_b100=0.720, ssim_set14=0.846, ssim_set5=0.893, ssim_urban100=0.947 |
   246 | train=0.006246 | val=nan | lr=0.0019074 | t_train=12.92 | t_val=12.26 | mem=383.9 | psnr_b100=27.004, psnr_set14=27.464, psnr_set5=31.221, psnr_urban100=24.691, ssim_b100=0.719, ssim_set14=0.846, ssim_set5=0.895, ssim_urban100=0.948 |
   247 | train=0.007099 | val=nan | lr=0.0019038 | t_train=12.89 | t_val=12.23 | mem=383.9 | psnr_b100=26.974, psnr_set14=27.398, psnr_set5=31.087, psnr_urban100=24.692, ssim_b100=0.719, ssim_set14=0.846, ssim_set5=0.894, ssim_urban100=0.948 |
   248 | train=0.005265 | val=nan | lr=0.0019002 | t_train=12.86 | t_val=12.19 | mem=383.9 | psnr_b100=26.934, psnr_set14=27.311, psnr_set5=30.984, psnr_urban100=24.535, ssim_b100=0.717, ssim_set14=0.844, ssim_set5=0.890, ssim_urban100=0.946 |
   249 | train=0.007625 | val=nan | lr=0.0018966 | t_train=12.88 | t_val=12.22 | mem=383.9 | psnr_b100=26.984, psnr_set14=27.359, psnr_set5=31.018, psnr_urban100=24.609, ssim_b100=0.718, ssim_set14=0.844, ssim_set5=0.890, ssim_urban100=0.947 |
   250 | train=0.006920 | val=nan | lr=0.001893 | t_train=12.91 | t_val=12.24 | mem=383.9 | psnr_b100=27.072, psnr_set14=27.485, psnr_set5=31.251, psnr_urban100=24.744, ssim_b100=0.721, ssim_set14=0.847, ssim_set5=0.895, ssim_urban100=0.949 |
   251 | train=0.005985 | val=nan | lr=0.0018894 | t_train=12.99 | t_val=12.24 | mem=383.9 | psnr_b100=26.993, psnr_set14=27.397, psnr_set5=31.135, psnr_urban100=24.694, ssim_b100=0.718, ssim_set14=0.845, ssim_set5=0.894, ssim_urban100=0.947 |
   252 | train=0.005656 | val=nan | lr=0.0018858 | t_train=12.92 | t_val=12.26 | mem=383.9 | psnr_b100=27.029, psnr_set14=27.512, psnr_set5=31.269, psnr_urban100=24.791, ssim_b100=0.719, ssim_set14=0.847, ssim_set5=0.895, ssim_urban100=0.949 |
   253 | train=0.007065 | val=nan | lr=0.0018822 | t_train=12.81 | t_val=12.16 | mem=383.9 | psnr_b100=27.000, psnr_set14=27.445, psnr_set5=31.122, psnr_urban100=24.730, ssim_b100=0.718, ssim_set14=0.845, ssim_set5=0.893, ssim_urban100=0.948 |
   254 | train=0.007636 | val=nan | lr=0.0018786 | t_train=12.86 | t_val=12.20 | mem=383.9 | psnr_b100=27.075, psnr_set14=27.533, psnr_set5=31.327, psnr_urban100=24.816, ssim_b100=0.721, ssim_set14=0.848, ssim_set5=0.897, ssim_urban100=0.949 |
   255 | train=0.007889 | val=nan | lr=0.0018751 | t_train=12.87 | t_val=12.22 | mem=383.9 | psnr_b100=27.047, psnr_set14=27.501, psnr_set5=31.255, psnr_urban100=24.726, ssim_b100=0.720, ssim_set14=0.847, ssim_set5=0.895, ssim_urban100=0.949 |
   256 | train=0.007310 | val=nan | lr=0.0018715 | t_train=12.87 | t_val=12.21 | mem=383.9 | psnr_b100=27.074, psnr_set14=27.567, psnr_set5=31.276, psnr_urban100=24.837, ssim_b100=0.720, ssim_set14=0.848, ssim_set5=0.895, ssim_urban100=0.949 |
   257 | train=0.005667 | val=nan | lr=0.001868 | t_train=12.82 | t_val=12.16 | mem=383.9 | psnr_b100=27.062, psnr_set14=27.564, psnr_set5=31.281, psnr_urban100=24.820, ssim_b100=0.720, ssim_set14=0.848, ssim_set5=0.895, ssim_urban100=0.949 |
   258 | train=0.006160 | val=nan | lr=0.0018644 | t_train=12.91 | t_val=12.22 | mem=383.9 | psnr_b100=27.004, psnr_set14=27.462, psnr_set5=31.144, psnr_urban100=24.704, ssim_b100=0.718, ssim_set14=0.846, ssim_set5=0.892, ssim_urban100=0.948 |
   259 | train=0.006594 | val=nan | lr=0.0018609 | t_train=12.86 | t_val=12.21 | mem=383.9 | psnr_b100=27.048, psnr_set14=27.525, psnr_set5=31.290, psnr_urban100=24.824, ssim_b100=0.721, ssim_set14=0.848, ssim_set5=0.896, ssim_urban100=0.950 |
   260 | train=0.007257 | val=nan | lr=0.0018573 | t_train=12.77 | t_val=12.12 | mem=383.9 | psnr_b100=26.922, psnr_set14=27.305, psnr_set5=31.007, psnr_urban100=24.530, ssim_b100=0.716, ssim_set14=0.843, ssim_set5=0.891, ssim_urban100=0.945 |
   261 | train=0.007100 | val=nan | lr=0.0018572 | t_train=12.84 | t_val=12.18 | mem=383.9 | psnr_b100=27.029, psnr_set14=27.495, psnr_set5=31.269, psnr_urban100=24.753, ssim_b100=0.720, ssim_set14=0.847, ssim_set5=0.895, ssim_urban100=0.949 |
   262 | train=0.005025 | val=nan | lr=0.0018538 | t_train=12.88 | t_val=12.22 | mem=383.9 | psnr_b100=27.061, psnr_set14=27.551, psnr_set5=31.318, psnr_urban100=24.806, ssim_b100=0.720, ssim_set14=0.847, ssim_set5=0.896, ssim_urban100=0.950 |
   263 | train=0.004950 | val=nan | lr=0.0018503 | t_train=12.83 | t_val=12.18 | mem=383.9 | psnr_b100=26.997, psnr_set14=27.433, psnr_set5=31.128, psnr_urban100=24.709, ssim_b100=0.718, ssim_set14=0.846, ssim_set5=0.893, ssim_urban100=0.948 |
   264 | train=0.007604 | val=nan | lr=0.0018468 | t_train=12.92 | t_val=12.26 | mem=383.9 | psnr_b100=26.973, psnr_set14=27.388, psnr_set5=31.078, psnr_urban100=24.653, ssim_b100=0.718, ssim_set14=0.845, ssim_set5=0.891, ssim_urban100=0.947 |
   265 | train=0.005917 | val=nan | lr=0.0018433 | t_train=12.89 | t_val=12.22 | mem=383.9 | psnr_b100=26.954, psnr_set14=27.363, psnr_set5=31.073, psnr_urban100=24.635, ssim_b100=0.717, ssim_set14=0.845, ssim_set5=0.892, ssim_urban100=0.947 |
   266 | train=0.005504 | val=nan | lr=0.0018398 | t_train=12.90 | t_val=12.24 | mem=383.9 | psnr_b100=27.099, psnr_set14=27.570, psnr_set5=31.328, psnr_urban100=24.824, ssim_b100=0.722, ssim_set14=0.849, ssim_set5=0.897, ssim_urban100=0.950 |
   267 | train=0.006494 | val=nan | lr=0.0018363 | t_train=12.81 | t_val=12.15 | mem=383.9 | psnr_b100=27.092, psnr_set14=27.562, psnr_set5=31.349, psnr_urban100=24.828, ssim_b100=0.721, ssim_set14=0.848, ssim_set5=0.897, ssim_urban100=0.949 |
   268 | train=0.007342 | val=nan | lr=0.0018361 | t_train=12.79 | t_val=12.14 | mem=383.9 | psnr_b100=27.014, psnr_set14=27.468, psnr_set5=31.156, psnr_urban100=24.721, ssim_b100=0.719, ssim_set14=0.846, ssim_set5=0.893, ssim_urban100=0.948 |
   269 | train=0.007349 | val=nan | lr=0.0018361 | t_train=12.89 | t_val=12.24 | mem=383.9 | psnr_b100=27.023, psnr_set14=27.524, psnr_set5=31.284, psnr_urban100=24.772, ssim_b100=0.719, ssim_set14=0.847, ssim_set5=0.896, ssim_urban100=0.949 |
   270 | train=0.006282 | val=nan | lr=0.0018328 | t_train=12.85 | t_val=12.20 | mem=383.9 | psnr_b100=26.989, psnr_set14=27.397, psnr_set5=31.138, psnr_urban100=24.686, ssim_b100=0.718, ssim_set14=0.845, ssim_set5=0.893, ssim_urban100=0.947 |
   271 | train=0.005763 | val=nan | lr=0.0018293 | t_train=12.88 | t_val=12.22 | mem=383.9 | psnr_b100=27.072, psnr_set14=27.546, psnr_set5=31.295, psnr_urban100=24.787, ssim_b100=0.720, ssim_set14=0.848, ssim_set5=0.896, ssim_urban100=0.949 |
   272 | train=0.006418 | val=nan | lr=0.0018258 | t_train=12.85 | t_val=12.20 | mem=383.9 | psnr_b100=27.003, psnr_set14=27.470, psnr_set5=31.163, psnr_urban100=24.741, ssim_b100=0.717, ssim_set14=0.845, ssim_set5=0.893, ssim_urban100=0.948 |
   273 | train=0.005179 | val=nan | lr=0.0018224 | t_train=12.86 | t_val=12.20 | mem=383.9 | psnr_b100=26.919, psnr_set14=27.328, psnr_set5=30.983, psnr_urban100=24.590, ssim_b100=0.716, ssim_set14=0.843, ssim_set5=0.890, ssim_urban100=0.947 |
   274 | train=0.006447 | val=nan | lr=0.0018189 | t_train=12.95 | t_val=12.19 | mem=383.9 | psnr_b100=27.067, psnr_set14=27.537, psnr_set5=31.304, psnr_urban100=24.767, ssim_b100=0.721, ssim_set14=0.848, ssim_set5=0.896, ssim_urban100=0.949 |
   275 | train=0.010357 | val=nan | lr=0.0018155 | t_train=12.84 | t_val=12.19 | mem=383.9 | psnr_b100=27.039, psnr_set14=27.483, psnr_set5=31.241, psnr_urban100=24.763, ssim_b100=0.719, ssim_set14=0.846, ssim_set5=0.894, ssim_urban100=0.948 |
   276 | train=0.006973 | val=nan | lr=0.001812 | t_train=12.81 | t_val=12.15 | mem=383.9 | psnr_b100=27.054, psnr_set14=27.527, psnr_set5=31.254, psnr_urban100=24.792, ssim_b100=0.721, ssim_set14=0.848, ssim_set5=0.896, ssim_urban100=0.949 |
   277 | train=0.005757 | val=nan | lr=0.0018118 | t_train=13.14 | t_val=12.45 | mem=383.9 | psnr_b100=27.022, psnr_set14=27.424, psnr_set5=31.195, psnr_urban100=24.681, ssim_b100=0.720, ssim_set14=0.846, ssim_set5=0.894, ssim_urban100=0.948 |
   278 | train=0.006996 | val=nan | lr=0.0018086 | t_train=12.86 | t_val=12.21 | mem=383.9 | psnr_b100=27.093, psnr_set14=27.554, psnr_set5=31.354, psnr_urban100=24.822, ssim_b100=0.722, ssim_set14=0.849, ssim_set5=0.898, ssim_urban100=0.950 |
   279 | train=0.006083 | val=nan | lr=0.0018051 | t_train=12.90 | t_val=12.23 | mem=383.9 | psnr_b100=26.979, psnr_set14=27.398, psnr_set5=31.064, psnr_urban100=24.701, ssim_b100=0.720, ssim_set14=0.847, ssim_set5=0.894, ssim_urban100=0.948 |
   280 | train=0.006584 | val=nan | lr=0.0018017 | t_train=12.94 | t_val=12.26 | mem=383.9 | psnr_b100=27.003, psnr_set14=27.429, psnr_set5=31.199, psnr_urban100=24.671, ssim_b100=0.719, ssim_set14=0.845, ssim_set5=0.894, ssim_urban100=0.947 |
   281 | train=0.006229 | val=nan | lr=0.0017983 | t_train=12.83 | t_val=12.17 | mem=383.9 | psnr_b100=27.084, psnr_set14=27.560, psnr_set5=31.348, psnr_urban100=24.842, ssim_b100=0.721, ssim_set14=0.848, ssim_set5=0.898, ssim_urban100=0.950 |
   282 | train=0.006645 | val=nan | lr=0.0017949 | t_train=12.85 | t_val=12.20 | mem=383.9 | psnr_b100=27.027, psnr_set14=27.521, psnr_set5=31.230, psnr_urban100=24.802, ssim_b100=0.720, ssim_set14=0.847, ssim_set5=0.896, ssim_urban100=0.949 |
   283 | train=0.006627 | val=nan | lr=0.0017915 | t_train=12.93 | t_val=12.21 | mem=383.9 | psnr_b100=27.090, psnr_set14=27.567, psnr_set5=31.312, psnr_urban100=24.844, ssim_b100=0.721, ssim_set14=0.848, ssim_set5=0.897, ssim_urban100=0.949 |
   284 | train=0.006827 | val=nan | lr=0.0017881 | t_train=12.85 | t_val=12.20 | mem=383.9 | psnr_b100=27.076, psnr_set14=27.550, psnr_set5=31.335, psnr_urban100=24.838, ssim_b100=0.721, ssim_set14=0.848, ssim_set5=0.897, ssim_urban100=0.950 |
   285 | train=0.005697 | val=nan | lr=0.0017847 | t_train=12.90 | t_val=12.24 | mem=383.9 | psnr_b100=27.024, psnr_set14=27.498, psnr_set5=31.207, psnr_urban100=24.753, ssim_b100=0.720, ssim_set14=0.847, ssim_set5=0.895, ssim_urban100=0.949 |
   286 | train=0.006155 | val=nan | lr=0.0017813 | t_train=12.89 | t_val=12.22 | mem=383.9 | psnr_b100=26.994, psnr_set14=27.432, psnr_set5=31.157, psnr_urban100=24.666, ssim_b100=0.719, ssim_set14=0.846, ssim_set5=0.894, ssim_urban100=0.947 |
   287 | train=0.005702 | val=nan | lr=0.0017779 | t_train=12.92 | t_val=12.26 | mem=383.9 | psnr_b100=26.948, psnr_set14=27.367, psnr_set5=31.071, psnr_urban100=24.646, ssim_b100=0.717, ssim_set14=0.844, ssim_set5=0.891, ssim_urban100=0.947 |
   288 | train=0.006984 | val=nan | lr=0.0017745 | t_train=12.91 | t_val=12.24 | mem=383.9 | psnr_b100=27.038, psnr_set14=27.502, psnr_set5=31.232, psnr_urban100=24.755, ssim_b100=0.719, ssim_set14=0.847, ssim_set5=0.895, ssim_urban100=0.949 |
   289 | train=0.006491 | val=nan | lr=0.0017712 | t_train=12.85 | t_val=12.19 | mem=383.9 | psnr_b100=26.975, psnr_set14=27.393, psnr_set5=31.134, psnr_urban100=24.704, ssim_b100=0.718, ssim_set14=0.845, ssim_set5=0.894, ssim_urban100=0.948 |
   290 | train=0.006064 | val=nan | lr=0.0017678 | t_train=12.85 | t_val=12.18 | mem=383.9 | psnr_b100=27.035, psnr_set14=27.440, psnr_set5=31.189, psnr_urban100=24.735, ssim_b100=0.720, ssim_set14=0.847, ssim_set5=0.895, ssim_urban100=0.948 |
   291 | train=0.005920 | val=nan | lr=0.0017676 | t_train=12.87 | t_val=12.22 | mem=383.9 | psnr_b100=27.009, psnr_set14=27.422, psnr_set5=31.135, psnr_urban100=24.723, ssim_b100=0.719, ssim_set14=0.846, ssim_set5=0.894, ssim_urban100=0.948 |
   292 | train=0.006135 | val=nan | lr=0.0017645 | t_train=12.89 | t_val=12.23 | mem=383.9 | psnr_b100=27.101, psnr_set14=27.579, psnr_set5=31.365, psnr_urban100=24.919, ssim_b100=0.721, ssim_set14=0.848, ssim_set5=0.898, ssim_urban100=0.950 |
   293 | train=0.007029 | val=nan | lr=0.0017611 | t_train=13.00 | t_val=12.34 | mem=383.9 | psnr_b100=27.029, psnr_set14=27.483, psnr_set5=31.240, psnr_urban100=24.769, ssim_b100=0.720, ssim_set14=0.847, ssim_set5=0.896, ssim_urban100=0.949 |
   294 | train=0.006959 | val=nan | lr=0.0017578 | t_train=12.92 | t_val=12.26 | mem=383.9 | psnr_b100=27.037, psnr_set14=27.501, psnr_set5=31.184, psnr_urban100=24.772, ssim_b100=0.720, ssim_set14=0.847, ssim_set5=0.895, ssim_urban100=0.949 |
   295 | train=0.005320 | val=nan | lr=0.0017544 | t_train=12.91 | t_val=12.26 | mem=383.9 | psnr_b100=27.011, psnr_set14=27.454, psnr_set5=31.132, psnr_urban100=24.730, ssim_b100=0.719, ssim_set14=0.846, ssim_set5=0.893, ssim_urban100=0.948 |
   296 | train=0.006395 | val=nan | lr=0.0017511 | t_train=12.89 | t_val=12.23 | mem=383.9 | psnr_b100=27.048, psnr_set14=27.525, psnr_set5=31.270, psnr_urban100=24.820, ssim_b100=0.720, ssim_set14=0.847, ssim_set5=0.896, ssim_urban100=0.949 |
   297 | train=0.006520 | val=nan | lr=0.0017478 | t_train=12.89 | t_val=12.23 | mem=383.9 | psnr_b100=27.017, psnr_set14=27.485, psnr_set5=31.211, psnr_urban100=24.764, ssim_b100=0.719, ssim_set14=0.846, ssim_set5=0.894, ssim_urban100=0.949 |
   298 | train=0.006133 | val=nan | lr=0.0017445 | t_train=12.83 | t_val=12.18 | mem=383.9 | psnr_b100=27.020, psnr_set14=27.440, psnr_set5=31.181, psnr_urban100=24.745, ssim_b100=0.720, ssim_set14=0.847, ssim_set5=0.895, ssim_urban100=0.949 |
   299 | train=0.006968 | val=nan | lr=0.0017411 | t_train=12.87 | t_val=12.22 | mem=383.9 | psnr_b100=27.033, psnr_set14=27.469, psnr_set5=31.228, psnr_urban100=24.712, ssim_b100=0.720, ssim_set14=0.846, ssim_set5=0.895, ssim_urban100=0.948 |
   300 | train=0.008290 | val=nan | lr=0.0017378 | t_train=12.86 | t_val=12.21 | mem=383.9 | psnr_b100=27.006, psnr_set14=27.407, psnr_set5=31.199, psnr_urban100=24.739, ssim_b100=0.719, ssim_set14=0.846, ssim_set5=0.895, ssim_urban100=0.948 |
   301 | train=0.007511 | val=nan | lr=0.0017345 | t_train=12.89 | t_val=12.23 | mem=383.9 | psnr_b100=27.026, psnr_set14=27.504, psnr_set5=31.255, psnr_urban100=24.746, ssim_b100=0.719, ssim_set14=0.847, ssim_set5=0.895, ssim_urban100=0.948 |
   302 | train=0.005830 | val=nan | lr=0.0017312 | t_train=12.89 | t_val=12.23 | mem=383.9 | psnr_b100=27.106, psnr_set14=27.569, psnr_set5=31.360, psnr_urban100=24.817, ssim_b100=0.722, ssim_set14=0.848, ssim_set5=0.898, ssim_urban100=0.949 |
   303 | train=0.005258 | val=nan | lr=0.001728 | t_train=12.83 | t_val=12.18 | mem=383.9 | psnr_b100=27.019, psnr_set14=27.485, psnr_set5=31.233, psnr_urban100=24.744, ssim_b100=0.719, ssim_set14=0.846, ssim_set5=0.895, ssim_urban100=0.948 |
   304 | train=0.006696 | val=nan | lr=0.0017247 | t_train=12.94 | t_val=12.29 | mem=383.9 | psnr_b100=27.078, psnr_set14=27.543, psnr_set5=31.344, psnr_urban100=24.841, ssim_b100=0.721, ssim_set14=0.848, ssim_set5=0.897, ssim_urban100=0.950 |
   305 | train=0.006362 | val=nan | lr=0.0017214 | t_train=12.90 | t_val=12.24 | mem=383.9 | psnr_b100=27.036, psnr_set14=27.483, psnr_set5=31.245, psnr_urban100=24.791, ssim_b100=0.720, ssim_set14=0.847, ssim_set5=0.896, ssim_urban100=0.949 |
   306 | train=0.006911 | val=nan | lr=0.0017181 | t_train=12.89 | t_val=12.24 | mem=383.9 | psnr_b100=27.045, psnr_set14=27.516, psnr_set5=31.222, psnr_urban100=24.848, ssim_b100=0.720, ssim_set14=0.847, ssim_set5=0.895, ssim_urban100=0.950 |
   307 | train=0.005865 | val=nan | lr=0.0017149 | t_train=12.94 | t_val=12.18 | mem=383.9 | psnr_b100=27.032, psnr_set14=27.438, psnr_set5=31.188, psnr_urban100=24.720, ssim_b100=0.720, ssim_set14=0.846, ssim_set5=0.893, ssim_urban100=0.948 |
   308 | train=0.006469 | val=nan | lr=0.0017116 | t_train=12.90 | t_val=12.25 | mem=383.9 | psnr_b100=27.045, psnr_set14=27.466, psnr_set5=31.235, psnr_urban100=24.777, ssim_b100=0.720, ssim_set14=0.847, ssim_set5=0.895, ssim_urban100=0.949 |
   309 | train=0.006967 | val=nan | lr=0.0017084 | t_train=12.85 | t_val=12.19 | mem=383.9 | psnr_b100=27.098, psnr_set14=27.584, psnr_set5=31.363, psnr_urban100=24.894, ssim_b100=0.722, ssim_set14=0.849, ssim_set5=0.898, ssim_urban100=0.951 |
   310 | train=0.005690 | val=nan | lr=0.0017051 | t_train=12.85 | t_val=12.19 | mem=383.9 | psnr_b100=27.081, psnr_set14=27.525, psnr_set5=31.292, psnr_urban100=24.846, ssim_b100=0.721, ssim_set14=0.848, ssim_set5=0.896, ssim_urban100=0.950 |
   311 | train=0.006314 | val=nan | lr=0.0017019 | t_train=12.90 | t_val=12.25 | mem=383.9 | psnr_b100=27.009, psnr_set14=27.431, psnr_set5=31.156, psnr_urban100=24.735, ssim_b100=0.719, ssim_set14=0.846, ssim_set5=0.893, ssim_urban100=0.949 |
   312 | train=0.007502 | val=nan | lr=0.0016987 | t_train=12.98 | t_val=12.32 | mem=383.9 | psnr_b100=27.067, psnr_set14=27.532, psnr_set5=31.281, psnr_urban100=24.830, ssim_b100=0.720, ssim_set14=0.848, ssim_set5=0.896, ssim_urban100=0.950 |
   313 | train=0.006313 | val=nan | lr=0.0016954 | t_train=12.89 | t_val=12.24 | mem=383.9 | psnr_b100=27.070, psnr_set14=27.523, psnr_set5=31.316, psnr_urban100=24.871, ssim_b100=0.721, ssim_set14=0.848, ssim_set5=0.897, ssim_urban100=0.950 |
   314 | train=0.005893 | val=nan | lr=0.0016922 | t_train=12.99 | t_val=12.25 | mem=383.9 | psnr_b100=27.064, psnr_set14=27.509, psnr_set5=31.261, psnr_urban100=24.839, ssim_b100=0.721, ssim_set14=0.848, ssim_set5=0.896, ssim_urban100=0.950 |
   315 | train=0.005236 | val=nan | lr=0.001689 | t_train=12.84 | t_val=12.18 | mem=383.9 | psnr_b100=27.097, psnr_set14=27.569, psnr_set5=31.302, psnr_urban100=24.848, ssim_b100=0.722, ssim_set14=0.849, ssim_set5=0.896, ssim_urban100=0.950 |
   316 | train=0.006990 | val=nan | lr=0.0016858 | t_train=12.91 | t_val=12.25 | mem=383.9 | psnr_b100=27.038, psnr_set14=27.485, psnr_set5=31.194, psnr_urban100=24.748, ssim_b100=0.720, ssim_set14=0.847, ssim_set5=0.894, ssim_urban100=0.949 |
   317 | train=0.005101 | val=nan | lr=0.0016826 | t_train=12.89 | t_val=12.23 | mem=383.9 | psnr_b100=27.021, psnr_set14=27.452, psnr_set5=31.151, psnr_urban100=24.736, ssim_b100=0.719, ssim_set14=0.846, ssim_set5=0.893, ssim_urban100=0.948 |
   318 | train=0.005040 | val=nan | lr=0.0016794 | t_train=12.84 | t_val=12.20 | mem=383.9 | psnr_b100=27.003, psnr_set14=27.439, psnr_set5=31.169, psnr_urban100=24.743, ssim_b100=0.718, ssim_set14=0.846, ssim_set5=0.893, ssim_urban100=0.948 |
   319 | train=0.006224 | val=nan | lr=0.0016762 | t_train=12.80 | t_val=12.14 | mem=383.9 | psnr_b100=27.075, psnr_set14=27.538, psnr_set5=31.273, psnr_urban100=24.834, ssim_b100=0.721, ssim_set14=0.848, ssim_set5=0.896, ssim_urban100=0.950 |
   320 | train=0.006202 | val=nan | lr=0.001673 | t_train=12.85 | t_val=12.18 | mem=383.9 | psnr_b100=27.099, psnr_set14=27.540, psnr_set5=31.317, psnr_urban100=24.856, ssim_b100=0.722, ssim_set14=0.848, ssim_set5=0.896, ssim_urban100=0.950 |
   321 | train=0.006202 | val=nan | lr=0.0016699 | t_train=12.88 | t_val=12.22 | mem=383.9 | psnr_b100=27.061, psnr_set14=27.503, psnr_set5=31.248, psnr_urban100=24.819, ssim_b100=0.721, ssim_set14=0.848, ssim_set5=0.896, ssim_urban100=0.950 |
   322 | train=0.005610 | val=nan | lr=0.0016667 | t_train=12.86 | t_val=12.19 | mem=383.9 | psnr_b100=26.999, psnr_set14=27.430, psnr_set5=31.157, psnr_urban100=24.724, ssim_b100=0.718, ssim_set14=0.846, ssim_set5=0.893, ssim_urban100=0.948 |
   323 | train=0.006564 | val=nan | lr=0.0016635 | t_train=12.81 | t_val=12.16 | mem=383.9 | psnr_b100=27.047, psnr_set14=27.493, psnr_set5=31.210, psnr_urban100=24.782, ssim_b100=0.720, ssim_set14=0.848, ssim_set5=0.895, ssim_urban100=0.950 |
   324 | train=0.008189 | val=nan | lr=0.0016604 | t_train=12.83 | t_val=12.18 | mem=383.9 | psnr_b100=27.016, psnr_set14=27.436, psnr_set5=31.146, psnr_urban100=24.749, ssim_b100=0.719, ssim_set14=0.846, ssim_set5=0.894, ssim_urban100=0.949 |
   325 | train=0.005472 | val=nan | lr=0.0016572 | t_train=12.91 | t_val=12.25 | mem=383.9 | psnr_b100=27.055, psnr_set14=27.501, psnr_set5=31.299, psnr_urban100=24.773, ssim_b100=0.721, ssim_set14=0.847, ssim_set5=0.897, ssim_urban100=0.949 |
   326 | train=0.005889 | val=nan | lr=0.0016541 | t_train=12.95 | t_val=12.29 | mem=383.9 | psnr_b100=27.038, psnr_set14=27.481, psnr_set5=31.221, psnr_urban100=24.825, ssim_b100=0.720, ssim_set14=0.847, ssim_set5=0.895, ssim_urban100=0.950 |
   327 | train=0.006199 | val=nan | lr=0.0016509 | t_train=12.88 | t_val=12.22 | mem=383.9 | psnr_b100=27.025, psnr_set14=27.445, psnr_set5=31.192, psnr_urban100=24.785, ssim_b100=0.719, ssim_set14=0.846, ssim_set5=0.894, ssim_urban100=0.949 |
   328 | train=0.006963 | val=nan | lr=0.0016478 | t_train=12.92 | t_val=12.25 | mem=383.9 | psnr_b100=27.057, psnr_set14=27.543, psnr_set5=31.286, psnr_urban100=24.832, ssim_b100=0.721, ssim_set14=0.848, ssim_set5=0.897, ssim_urban100=0.950 |
   329 | train=0.005969 | val=nan | lr=0.0016447 | t_train=12.89 | t_val=12.24 | mem=383.9 | psnr_b100=27.035, psnr_set14=27.498, psnr_set5=31.228, psnr_urban100=24.784, ssim_b100=0.720, ssim_set14=0.847, ssim_set5=0.895, ssim_urban100=0.949 |
   330 | train=0.005342 | val=nan | lr=0.0016415 | t_train=12.90 | t_val=12.24 | mem=383.9 | psnr_b100=27.062, psnr_set14=27.516, psnr_set5=31.303, psnr_urban100=24.829, ssim_b100=0.720, ssim_set14=0.848, ssim_set5=0.896, ssim_urban100=0.950 |
   331 | train=0.008112 | val=nan | lr=0.0016384 | t_train=12.84 | t_val=12.18 | mem=383.9 | psnr_b100=26.999, psnr_set14=27.434, psnr_set5=31.148, psnr_urban100=24.800, ssim_b100=0.718, ssim_set14=0.846, ssim_set5=0.895, ssim_urban100=0.949 |
   332 | train=0.005718 | val=nan | lr=0.0016353 | t_train=12.91 | t_val=12.25 | mem=383.9 | psnr_b100=27.094, psnr_set14=27.523, psnr_set5=31.323, psnr_urban100=24.856, ssim_b100=0.721, ssim_set14=0.848, ssim_set5=0.897, ssim_urban100=0.950 |
   333 | train=0.005584 | val=nan | lr=0.0016322 | t_train=12.89 | t_val=12.23 | mem=383.9 | psnr_b100=27.038, psnr_set14=27.499, psnr_set5=31.253, psnr_urban100=24.836, ssim_b100=0.720, ssim_set14=0.847, ssim_set5=0.896, ssim_urban100=0.950 |
   334 | train=0.005329 | val=nan | lr=0.0016291 | t_train=12.84 | t_val=12.17 | mem=383.9 | psnr_b100=27.064, psnr_set14=27.510, psnr_set5=31.263, psnr_urban100=24.832, ssim_b100=0.721, ssim_set14=0.847, ssim_set5=0.896, ssim_urban100=0.950 |
   335 | train=0.006578 | val=nan | lr=0.001626 | t_train=12.91 | t_val=12.25 | mem=383.9 | psnr_b100=27.022, psnr_set14=27.482, psnr_set5=31.235, psnr_urban100=24.795, ssim_b100=0.719, ssim_set14=0.847, ssim_set5=0.895, ssim_urban100=0.950 |
   336 | train=0.009020 | val=nan | lr=0.0016229 | t_train=12.87 | t_val=12.22 | mem=383.9 | psnr_b100=27.003, psnr_set14=27.429, psnr_set5=31.143, psnr_urban100=24.795, ssim_b100=0.720, ssim_set14=0.847, ssim_set5=0.895, ssim_urban100=0.950 |
   337 | train=0.007467 | val=nan | lr=0.0016199 | t_train=12.90 | t_val=12.25 | mem=383.9 | psnr_b100=27.109, psnr_set14=27.592, psnr_set5=31.334, psnr_urban100=24.864, ssim_b100=0.722, ssim_set14=0.849, ssim_set5=0.897, ssim_urban100=0.950 |
   338 | train=0.005804 | val=nan | lr=0.0016168 | t_train=12.89 | t_val=12.22 | mem=383.9 | psnr_b100=27.017, psnr_set14=27.453, psnr_set5=31.226, psnr_urban100=24.771, ssim_b100=0.718, ssim_set14=0.846, ssim_set5=0.895, ssim_urban100=0.949 |
   339 | train=0.005358 | val=nan | lr=0.0016137 | t_train=12.88 | t_val=12.22 | mem=383.9 | psnr_b100=27.059, psnr_set14=27.528, psnr_set5=31.304, psnr_urban100=24.838, ssim_b100=0.720, ssim_set14=0.848, ssim_set5=0.896, ssim_urban100=0.949 |
   340 | train=0.007070 | val=nan | lr=0.0016106 | t_train=12.75 | t_val=12.09 | mem=383.9 | psnr_b100=27.079, psnr_set14=27.532, psnr_set5=31.286, psnr_urban100=24.832, ssim_b100=0.721, ssim_set14=0.848, ssim_set5=0.896, ssim_urban100=0.950 |
   341 | train=0.006509 | val=nan | lr=0.0016105 | t_train=13.04 | t_val=12.28 | mem=383.9 | psnr_b100=27.034, psnr_set14=27.438, psnr_set5=31.174, psnr_urban100=24.728, ssim_b100=0.720, ssim_set14=0.846, ssim_set5=0.894, ssim_urban100=0.949 |
   342 | train=0.006379 | val=nan | lr=0.0016076 | t_train=12.87 | t_val=12.20 | mem=383.9 | psnr_b100=27.020, psnr_set14=27.452, psnr_set5=31.240, psnr_urban100=24.739, ssim_b100=0.719, ssim_set14=0.846, ssim_set5=0.895, ssim_urban100=0.948 |
   343 | train=0.006316 | val=nan | lr=0.0016045 | t_train=12.89 | t_val=12.23 | mem=383.9 | psnr_b100=27.069, psnr_set14=27.520, psnr_set5=31.304, psnr_urban100=24.799, ssim_b100=0.721, ssim_set14=0.848, ssim_set5=0.896, ssim_urban100=0.950 |
   344 | train=0.006324 | val=nan | lr=0.0016015 | t_train=12.91 | t_val=12.26 | mem=383.9 | psnr_b100=27.082, psnr_set14=27.548, psnr_set5=31.294, psnr_urban100=24.817, ssim_b100=0.721, ssim_set14=0.848, ssim_set5=0.896, ssim_urban100=0.950 |
   345 | train=0.007327 | val=nan | lr=0.0015985 | t_train=12.85 | t_val=12.19 | mem=383.9 | psnr_b100=27.062, psnr_set14=27.518, psnr_set5=31.242, psnr_urban100=24.841, ssim_b100=0.721, ssim_set14=0.848, ssim_set5=0.895, ssim_urban100=0.950 |
   346 | train=0.007292 | val=nan | lr=0.0015954 | t_train=12.93 | t_val=12.20 | mem=383.9 | psnr_b100=27.052, psnr_set14=27.500, psnr_set5=31.227, psnr_urban100=24.804, ssim_b100=0.720, ssim_set14=0.847, ssim_set5=0.895, ssim_urban100=0.949 |
   347 | train=0.006756 | val=nan | lr=0.0015924 | t_train=12.91 | t_val=12.24 | mem=383.9 | psnr_b100=27.046, psnr_set14=27.484, psnr_set5=31.199, psnr_urban100=24.783, ssim_b100=0.720, ssim_set14=0.847, ssim_set5=0.894, ssim_urban100=0.949 |
   348 | train=0.005667 | val=nan | lr=0.0015894 | t_train=12.96 | t_val=12.30 | mem=383.9 | psnr_b100=27.077, psnr_set14=27.539, psnr_set5=31.295, psnr_urban100=24.827, ssim_b100=0.721, ssim_set14=0.848, ssim_set5=0.896, ssim_urban100=0.950 |
   349 | train=0.005931 | val=nan | lr=0.0015863 | t_train=12.99 | t_val=12.32 | mem=383.9 | psnr_b100=27.025, psnr_set14=27.436, psnr_set5=31.188, psnr_urban100=24.792, ssim_b100=0.720, ssim_set14=0.847, ssim_set5=0.894, ssim_urban100=0.950 |
   350 | train=0.005580 | val=nan | lr=0.0015833 | t_train=12.86 | t_val=12.19 | mem=383.9 | psnr_b100=27.056, psnr_set14=27.522, psnr_set5=31.269, psnr_urban100=24.813, ssim_b100=0.721, ssim_set14=0.848, ssim_set5=0.896, ssim_urban100=0.950 |
   351 | train=0.005267 | val=nan | lr=0.0015803 | t_train=12.86 | t_val=12.20 | mem=383.9 | psnr_b100=27.023, psnr_set14=27.474, psnr_set5=31.188, psnr_urban100=24.806, ssim_b100=0.719, ssim_set14=0.847, ssim_set5=0.894, ssim_urban100=0.950 |
   352 | train=0.005217 | val=nan | lr=0.0015773 | t_train=12.96 | t_val=12.30 | mem=383.9 | psnr_b100=26.999, psnr_set14=27.417, psnr_set5=31.161, psnr_urban100=24.742, ssim_b100=0.719, ssim_set14=0.847, ssim_set5=0.894, ssim_urban100=0.949 |
   353 | train=0.005947 | val=nan | lr=0.0015743 | t_train=12.86 | t_val=12.20 | mem=383.9 | psnr_b100=27.032, psnr_set14=27.482, psnr_set5=31.207, psnr_urban100=24.750, ssim_b100=0.719, ssim_set14=0.847, ssim_set5=0.894, ssim_urban100=0.949 |
   354 | train=0.006368 | val=nan | lr=0.0015714 | t_train=12.91 | t_val=12.25 | mem=383.9 | psnr_b100=27.051, psnr_set14=27.504, psnr_set5=31.208, psnr_urban100=24.799, ssim_b100=0.720, ssim_set14=0.848, ssim_set5=0.895, ssim_urban100=0.949 |
   355 | train=0.006220 | val=nan | lr=0.0015684 | t_train=12.88 | t_val=12.22 | mem=383.9 | psnr_b100=27.046, psnr_set14=27.498, psnr_set5=31.236, psnr_urban100=24.796, ssim_b100=0.720, ssim_set14=0.847, ssim_set5=0.895, ssim_urban100=0.949 |
   356 | train=0.006728 | val=nan | lr=0.0015654 | t_train=12.93 | t_val=12.27 | mem=383.9 | psnr_b100=27.070, psnr_set14=27.569, psnr_set5=31.322, psnr_urban100=24.853, ssim_b100=0.720, ssim_set14=0.849, ssim_set5=0.897, ssim_urban100=0.950 |
   357 | train=0.007025 | val=nan | lr=0.0015624 | t_train=12.89 | t_val=12.22 | mem=383.9 | psnr_b100=27.026, psnr_set14=27.503, psnr_set5=31.206, psnr_urban100=24.801, ssim_b100=0.719, ssim_set14=0.847, ssim_set5=0.894, ssim_urban100=0.949 |
   358 | train=0.004884 | val=nan | lr=0.0015595 | t_train=12.86 | t_val=12.21 | mem=383.9 | psnr_b100=27.081, psnr_set14=27.602, psnr_set5=31.335, psnr_urban100=24.864, ssim_b100=0.721, ssim_set14=0.849, ssim_set5=0.897, ssim_urban100=0.950 |
   359 | train=0.008280 | val=nan | lr=0.0015565 | t_train=12.91 | t_val=12.25 | mem=383.9 | psnr_b100=27.060, psnr_set14=27.536, psnr_set5=31.284, psnr_urban100=24.796, ssim_b100=0.720, ssim_set14=0.847, ssim_set5=0.896, ssim_urban100=0.949 |
   360 | train=0.005872 | val=nan | lr=0.0015535 | t_train=12.90 | t_val=12.24 | mem=383.9 | psnr_b100=27.077, psnr_set14=27.561, psnr_set5=31.334, psnr_urban100=24.857, ssim_b100=0.721, ssim_set14=0.848, ssim_set5=0.897, ssim_urban100=0.950 |
   361 | train=0.006355 | val=nan | lr=0.0015506 | t_train=12.87 | t_val=12.21 | mem=383.9 | psnr_b100=27.053, psnr_set14=27.526, psnr_set5=31.291, psnr_urban100=24.842, ssim_b100=0.720, ssim_set14=0.848, ssim_set5=0.896, ssim_urban100=0.950 |
   362 | train=0.007348 | val=nan | lr=0.0015476 | t_train=12.86 | t_val=12.20 | mem=383.9 | psnr_b100=27.016, psnr_set14=27.482, psnr_set5=31.116, psnr_urban100=24.760, ssim_b100=0.719, ssim_set14=0.847, ssim_set5=0.894, ssim_urban100=0.949 |
   363 | train=0.005723 | val=nan | lr=0.0015447 | t_train=12.91 | t_val=12.25 | mem=383.9 | psnr_b100=27.059, psnr_set14=27.539, psnr_set5=31.300, psnr_urban100=24.837, ssim_b100=0.720, ssim_set14=0.848, ssim_set5=0.897, ssim_urban100=0.950 |
   364 | train=0.006275 | val=nan | lr=0.0015418 | t_train=12.91 | t_val=12.25 | mem=383.9 | psnr_b100=27.085, psnr_set14=27.561, psnr_set5=31.347, psnr_urban100=24.873, ssim_b100=0.721, ssim_set14=0.849, ssim_set5=0.897, ssim_urban100=0.951 |
   365 | train=0.004817 | val=nan | lr=0.0015388 | t_train=12.87 | t_val=12.22 | mem=383.9 | psnr_b100=27.071, psnr_set14=27.554, psnr_set5=31.307, psnr_urban100=24.851, ssim_b100=0.721, ssim_set14=0.848, ssim_set5=0.897, ssim_urban100=0.950 |
   366 | train=0.005392 | val=nan | lr=0.0015359 | t_train=12.93 | t_val=12.26 | mem=383.9 | psnr_b100=27.062, psnr_set14=27.516, psnr_set5=31.246, psnr_urban100=24.827, ssim_b100=0.720, ssim_set14=0.848, ssim_set5=0.896, ssim_urban100=0.950 |
   367 | train=0.006145 | val=nan | lr=0.001533 | t_train=12.85 | t_val=12.19 | mem=383.9 | psnr_b100=27.046, psnr_set14=27.483, psnr_set5=31.178, psnr_urban100=24.798, ssim_b100=0.720, ssim_set14=0.847, ssim_set5=0.894, ssim_urban100=0.949 |
   368 | train=0.008043 | val=nan | lr=0.0015301 | t_train=12.93 | t_val=12.27 | mem=383.9 | psnr_b100=27.101, psnr_set14=27.589, psnr_set5=31.361, psnr_urban100=24.882, ssim_b100=0.722, ssim_set14=0.850, ssim_set5=0.898, ssim_urban100=0.951 |
   369 | train=0.007642 | val=nan | lr=0.0015272 | t_train=12.87 | t_val=12.21 | mem=383.9 | psnr_b100=27.175, psnr_set14=27.689, psnr_set5=31.520, psnr_urban100=25.030, ssim_b100=0.724, ssim_set14=0.851, ssim_set5=0.900, ssim_urban100=0.953 |
