     0 | base=nan | val=nan | acc1=0.7031 | Wμ=nan | Aμ=nan | Wmax=nan | Amax=nan |LR=nan | t=nans
     0 | base=nan | val=1.104401 | acc1=0.7032 | Wμ=11.367 | Aμ=20.000 | Wmax=12.587 | Amax=14.104 |LR=nan | t=nans
     0 | base=nan | val=1.104483 | acc1=0.7030 | Wμ=10.000 | Aμ=20.000 | Wmax=10.000 | Amax=14.105 |LR=nan | t=nans
     0 | base=nan | val=1.104656 | acc1=0.7024 | Wμ=10.000 | Aμ=10.000 | Wmax=10.000 | Amax=9.987 |LR=nan | t=nans
# epoch | BaseLoss | ValLoss | Acc@1 | MeanWBits | MeanABits | MaxWBits | MaxABits | LR | EpochTime(s)
     0 | base=nan | val=1.111653 | acc1=0.7025 | Wμ=10.000 | Aμ=10.000 | Wmax=10.000 | Amax=9.976 |LR=nan | t=nans
     0 | base=0.193370 | val=1.152407 | acc1=0.6963 | Wμ=10.000 | Aμ=10.000 | Wmax=10.001 | Amax=10.000 |LR=9.8e-05 | t=10.60s
     1 | base=0.115150 | val=1.122567 | acc1=0.6991 | Wμ=10.000 | Aμ=10.000 | Wmax=10.006 | Amax=10.001 |LR=0.000198 | t=9.39s
     2 | base=0.079958 | val=1.117301 | acc1=0.7006 | Wμ=10.000 | Aμ=10.001 | Wmax=10.013 | Amax=10.003 |LR=0.000298 | t=9.34s
     3 | base=0.065031 | val=1.110711 | acc1=0.7006 | Wμ=10.000 | Aμ=10.003 | Wmax=10.020 | Amax=10.006 |LR=0.000398 | t=9.35s
     4 | base=0.051215 | val=1.113359 | acc1=0.6996 | Wμ=10.001 | Aμ=10.004 | Wmax=10.028 | Amax=10.010 |LR=0.000498 | t=9.40s
     5 | base=0.044454 | val=1.116111 | acc1=0.6993 | Wμ=10.001 | Aμ=10.007 | Wmax=10.039 | Amax=10.013 |LR=0.000598 | t=9.38s
     6 | base=0.038454 | val=1.112945 | acc1=0.6990 | Wμ=10.001 | Aμ=10.010 | Wmax=10.046 | Amax=10.018 |LR=0.000698 | t=9.36s
     7 | base=0.035361 | val=1.112600 | acc1=0.6985 | Wμ=10.002 | Aμ=10.016 | Wmax=10.057 | Amax=10.024 |LR=0.000798 | t=9.35s
     8 | base=0.032126 | val=1.117132 | acc1=0.6981 | Wμ=10.003 | Aμ=10.022 | Wmax=10.066 | Amax=10.033 |LR=0.000898 | t=9.35s
     9 | base=0.028603 | val=1.122003 | acc1=0.6962 | Wμ=10.003 | Aμ=10.030 | Wmax=10.067 | Amax=10.045 |LR=0.000998 | t=9.34s
    10 | base=0.029408 | val=1.122322 | acc1=0.6981 | Wμ=10.005 | Aμ=10.040 | Wmax=10.075 | Amax=10.059 |LR=0.001098 | t=9.36s
    11 | base=0.027866 | val=1.118239 | acc1=0.6978 | Wμ=10.006 | Aμ=10.052 | Wmax=10.078 | Amax=10.083 |LR=0.001198 | t=9.33s
    12 | base=0.025216 | val=1.117808 | acc1=0.7000 | Wμ=10.008 | Aμ=10.066 | Wmax=10.081 | Amax=10.110 |LR=0.001298 | t=9.30s
    13 | base=0.022701 | val=1.125196 | acc1=0.6955 | Wμ=10.009 | Aμ=10.083 | Wmax=10.085 | Amax=10.135 |LR=0.001398 | t=9.36s
    14 | base=0.024196 | val=1.128531 | acc1=0.6967 | Wμ=10.011 | Aμ=10.101 | Wmax=10.094 | Amax=10.169 |LR=0.001498 | t=9.42s
    15 | base=0.025152 | val=1.133337 | acc1=0.6924 | Wμ=10.014 | Aμ=10.119 | Wmax=10.097 | Amax=10.205 |LR=0.001598 | t=9.36s
    16 | base=0.024996 | val=1.133465 | acc1=0.6929 | Wμ=10.017 | Aμ=10.140 | Wmax=10.107 | Amax=10.243 |LR=0.001698 | t=9.41s
    17 | base=0.029196 | val=1.141418 | acc1=0.6936 | Wμ=10.020 | Aμ=10.161 | Wmax=10.118 | Amax=10.284 |LR=0.001798 | t=9.39s
    18 | base=0.029382 | val=1.130250 | acc1=0.6931 | Wμ=10.025 | Aμ=10.185 | Wmax=10.124 | Amax=10.325 |LR=0.001898 | t=9.37s
    19 | base=0.034620 | val=1.138993 | acc1=0.6890 | Wμ=10.030 | Aμ=10.212 | Wmax=10.128 | Amax=10.361 |LR=0.001998 | t=9.42s
    20 | base=0.032833 | val=1.143614 | acc1=0.6897 | Wμ=9.859 | Aμ=10.174 | Wmax=10.062 | Amax=10.388 |LR=0.002 | t=9.33s
    21 | base=0.035535 | val=1.145804 | acc1=0.6860 | Wμ=9.563 | Aμ=9.994 | Wmax=9.881 | Amax=10.384 |LR=0.002 | t=9.34s
    22 | base=0.034858 | val=1.164745 | acc1=0.6854 | Wμ=9.284 | Aμ=9.740 | Wmax=9.676 | Amax=10.319 |LR=0.002 | t=9.38s
    23 | base=0.036524 | val=1.153353 | acc1=0.6849 | Wμ=9.021 | Aμ=9.482 | Wmax=9.459 | Amax=10.202 |LR=0.002 | t=9.37s
    24 | base=0.038995 | val=1.146940 | acc1=0.6901 | Wμ=8.774 | Aμ=9.234 | Wmax=9.253 | Amax=10.069 |LR=0.002 | t=9.36s
    25 | base=0.043298 | val=1.137239 | acc1=0.6918 | Wμ=8.535 | Aμ=9.006 | Wmax=9.058 | Amax=9.899 |LR=0.002 | t=9.40s
    26 | base=0.046287 | val=1.160216 | acc1=0.6869 | Wμ=8.306 | Aμ=8.790 | Wmax=8.867 | Amax=9.740 |LR=0.002 | t=9.33s
    27 | base=0.047644 | val=1.152562 | acc1=0.6874 | Wμ=8.083 | Aμ=8.596 | Wmax=8.690 | Amax=9.598 |LR=0.002 | t=9.34s
    28 | base=0.044122 | val=1.152800 | acc1=0.6852 | Wμ=7.866 | Aμ=8.410 | Wmax=8.512 | Amax=9.486 |LR=0.002 | t=9.36s
    29 | base=0.053023 | val=1.141323 | acc1=0.6873 | Wμ=7.653 | Aμ=8.233 | Wmax=8.335 | Amax=9.377 |LR=0.002 | t=9.38s
    30 | base=0.053609 | val=1.170409 | acc1=0.6817 | Wμ=7.444 | Aμ=8.058 | Wmax=8.175 | Amax=9.219 |LR=0.002 | t=9.34s
    31 | base=0.061124 | val=1.157613 | acc1=0.6836 | Wμ=7.238 | Aμ=7.888 | Wmax=8.006 | Amax=9.098 |LR=0.002 | t=9.32s
    32 | base=0.075607 | val=1.144585 | acc1=0.6884 | Wμ=7.035 | Aμ=7.726 | Wmax=7.845 | Amax=8.966 |LR=0.002 | t=9.33s
    33 | base=0.074860 | val=1.180784 | acc1=0.6782 | Wμ=6.834 | Aμ=7.582 | Wmax=7.679 | Amax=8.867 |LR=0.002 | t=9.33s
    34 | base=0.084630 | val=1.166340 | acc1=0.6837 | Wμ=6.634 | Aμ=7.433 | Wmax=7.524 | Amax=8.758 |LR=0.002 | t=9.34s
    35 | base=0.083675 | val=1.154464 | acc1=0.6878 | Wμ=6.435 | Aμ=7.285 | Wmax=7.375 | Amax=8.676 |LR=0.002 | t=9.34s
    36 | base=0.088383 | val=1.170501 | acc1=0.6787 | Wμ=6.235 | Aμ=7.140 | Wmax=7.219 | Amax=8.570 |LR=0.002 | t=9.36s
    37 | base=0.092722 | val=1.215260 | acc1=0.6708 | Wμ=6.038 | Aμ=6.999 | Wmax=7.066 | Amax=8.468 |LR=0.002 | t=9.37s
    38 | base=0.107531 | val=1.178140 | acc1=0.6744 | Wμ=5.842 | Aμ=6.873 | Wmax=6.907 | Amax=8.366 |LR=0.002 | t=9.39s
    39 | base=0.120857 | val=1.215374 | acc1=0.6710 | Wμ=5.645 | Aμ=6.752 | Wmax=6.755 | Amax=8.262 |LR=0.002 | t=9.37s
    40 | base=0.117753 | val=1.203609 | acc1=0.6717 | Wμ=5.447 | Aμ=6.636 | Wmax=6.585 | Amax=8.150 |LR=0.002 | t=9.34s
    41 | base=0.124622 | val=1.270699 | acc1=0.6584 | Wμ=5.249 | Aμ=6.512 | Wmax=6.443 | Amax=8.011 |LR=0.002 | t=9.36s
    42 | base=0.133977 | val=1.331912 | acc1=0.6451 | Wμ=5.051 | Aμ=6.400 | Wmax=6.285 | Amax=7.960 |LR=0.002 | t=9.39s
    43 | base=0.152006 | val=1.233604 | acc1=0.6598 | Wμ=4.858 | Aμ=6.289 | Wmax=6.129 | Amax=7.852 |LR=0.002 | t=9.38s
    44 | base=0.160463 | val=1.322082 | acc1=0.6500 | Wμ=4.658 | Aμ=6.187 | Wmax=5.954 | Amax=7.755 |LR=0.002 | t=9.38s
    45 | base=0.168057 | val=1.277124 | acc1=0.6487 | Wμ=4.462 | Aμ=6.076 | Wmax=5.807 | Amax=7.651 |LR=0.002 | t=9.43s
    46 | base=0.188058 | val=1.331456 | acc1=0.6386 | Wμ=4.269 | Aμ=5.968 | Wmax=5.672 | Amax=7.547 |LR=0.002 | t=9.36s
    47 | base=0.207935 | val=1.436913 | acc1=0.6146 | Wμ=4.079 | Aμ=5.867 | Wmax=5.492 | Amax=7.451 |LR=0.002 | t=9.38s
    48 | base=0.232228 | val=1.347090 | acc1=0.6377 | Wμ=3.891 | Aμ=5.774 | Wmax=5.358 | Amax=7.366 |LR=0.002 | t=9.36s
    49 | base=0.240196 | val=1.330357 | acc1=0.6362 | Wμ=3.701 | Aμ=5.694 | Wmax=5.170 | Amax=7.285 |LR=0.002 | t=9.36s
    50 | base=0.239008 | val=1.386637 | acc1=0.6282 | Wμ=3.509 | Aμ=5.598 | Wmax=5.044 | Amax=7.180 |LR=0.002 | t=9.32s
    51 | base=0.264220 | val=1.500620 | acc1=0.5985 | Wμ=3.323 | Aμ=5.495 | Wmax=4.907 | Amax=7.077 |LR=0.002 | t=9.35s
    52 | base=0.309143 | val=1.400926 | acc1=0.6244 | Wμ=3.146 | Aμ=5.410 | Wmax=4.755 | Amax=6.977 |LR=0.002 | t=9.35s
    53 | base=0.338104 | val=1.887554 | acc1=0.5216 | Wμ=2.973 | Aμ=5.321 | Wmax=4.644 | Amax=6.870 |LR=0.002 | t=9.32s
    54 | base=0.353933 | val=1.923008 | acc1=0.5029 | Wμ=2.806 | Aμ=5.225 | Wmax=4.524 | Amax=6.755 |LR=0.002 | t=9.33s
    55 | base=0.401733 | val=1.619016 | acc1=0.5736 | Wμ=2.647 | Aμ=5.138 | Wmax=4.392 | Amax=6.714 |LR=0.002 | t=9.34s
    56 | base=0.421728 | val=1.744149 | acc1=0.5371 | Wμ=2.496 | Aμ=5.065 | Wmax=4.248 | Amax=6.615 |LR=0.002 | t=9.42s
    57 | base=0.448756 | val=1.741341 | acc1=0.5453 | Wμ=2.352 | Aμ=4.980 | Wmax=4.170 | Amax=6.508 |LR=0.002 | t=9.35s
    58 | base=0.486918 | val=1.918296 | acc1=0.4991 | Wμ=2.213 | Aμ=4.885 | Wmax=4.000 | Amax=6.409 |LR=0.002 | t=9.38s
    59 | base=0.526590 | val=2.212914 | acc1=0.4461 | Wμ=2.090 | Aμ=4.793 | Wmax=3.907 | Amax=6.304 |LR=0.002 | t=9.41s
    60 | base=0.547999 | val=1.895970 | acc1=0.5080 | Wμ=1.981 | Aμ=4.699 | Wmax=3.807 | Amax=6.190 |LR=0.002 | t=9.38s
    61 | base=0.593389 | val=2.330486 | acc1=0.4248 | Wμ=1.881 | Aμ=4.596 | Wmax=3.700 | Amax=6.087 |LR=0.002 | t=9.38s
    62 | base=0.647056 | val=3.129643 | acc1=0.3187 | Wμ=1.788 | Aμ=4.504 | Wmax=3.585 | Amax=5.977 |LR=0.002 | t=9.36s
    63 | base=0.678486 | val=2.579171 | acc1=0.3625 | Wμ=1.698 | Aμ=4.413 | Wmax=3.459 | Amax=5.833 |LR=0.002 | t=9.41s
    64 | base=0.709853 | val=3.386426 | acc1=0.2370 | Wμ=1.620 | Aμ=4.323 | Wmax=3.459 | Amax=5.728 |LR=0.002 | t=9.39s
    65 | base=0.869425 | val=3.407109 | acc1=0.2486 | Wμ=1.554 | Aμ=4.233 | Wmax=3.322 | Amax=5.585 |LR=0.002 | t=9.39s
    66 | base=0.883604 | val=4.190775 | acc1=0.1715 | Wμ=1.496 | Aμ=4.144 | Wmax=3.170 | Amax=5.426 |LR=0.002 | t=9.36s
    67 | base=0.957355 | val=3.898441 | acc1=0.2339 | Wμ=1.448 | Aμ=4.041 | Wmax=3.000 | Amax=5.322 |LR=0.002 | t=9.34s
    68 | base=0.964953 | val=5.351637 | acc1=0.0838 | Wμ=1.398 | Aμ=3.932 | Wmax=3.000 | Amax=5.209 |LR=0.002 | t=9.42s
    69 | base=0.994234 | val=4.513619 | acc1=0.1399 | Wμ=1.354 | Aμ=3.837 | Wmax=3.000 | Amax=5.129 |LR=0.002 | t=9.44s
    70 | base=1.070146 | val=3.477381 | acc1=0.2328 | Wμ=1.315 | Aμ=3.741 | Wmax=2.807 | Amax=5.000 |LR=0.002 | t=9.42s
    71 | base=1.073456 | val=4.576499 | acc1=0.1277 | Wμ=1.280 | Aμ=3.658 | Wmax=2.807 | Amax=4.858 |LR=0.002 | t=9.50s
    72 | base=1.058167 | val=4.049951 | acc1=0.1626 | Wμ=1.247 | Aμ=3.571 | Wmax=2.807 | Amax=4.755 |LR=0.002 | t=9.50s
    73 | base=1.107291 | val=3.978892 | acc1=0.2097 | Wμ=1.216 | Aμ=3.472 | Wmax=2.585 | Amax=4.585 |LR=0.002 | t=9.49s
    74 | base=1.083300 | val=4.107140 | acc1=0.1868 | Wμ=1.190 | Aμ=3.370 | Wmax=2.585 | Amax=4.392 |LR=0.002 | t=9.52s
    75 | base=1.158324 | val=3.842445 | acc1=0.2350 | Wμ=1.164 | Aμ=3.280 | Wmax=2.585 | Amax=4.322 |LR=0.002 | t=9.49s
    76 | base=1.121174 | val=8.065287 | acc1=0.0637 | Wμ=1.140 | Aμ=3.186 | Wmax=2.322 | Amax=4.248 |LR=0.002 | t=9.39s
    77 | base=1.030371 | val=3.950082 | acc1=0.1984 | Wμ=1.116 | Aμ=3.061 | Wmax=2.322 | Amax=4.000 |LR=0.002 | t=9.41s
    78 | base=1.106520 | val=3.168519 | acc1=0.2859 | Wμ=1.095 | Aμ=2.982 | Wmax=2.322 | Amax=3.907 |LR=0.002 | t=9.59s
    79 | base=1.098499 | val=3.532833 | acc1=0.2399 | Wμ=1.079 | Aμ=2.865 | Wmax=2.322 | Amax=3.807 |LR=0.002 | t=9.37s
    80 | base=1.109023 | val=4.819604 | acc1=0.1492 | Wμ=1.066 | Aμ=2.768 | Wmax=2.000 | Amax=3.585 |LR=0.002 | t=9.35s
    81 | base=1.176188 | val=4.175019 | acc1=0.1974 | Wμ=1.054 | Aμ=2.659 | Wmax=2.000 | Amax=3.459 |LR=0.002 | t=9.35s
    82 | base=1.141292 | val=2.678356 | acc1=0.3497 | Wμ=1.044 | Aμ=2.543 | Wmax=2.000 | Amax=3.322 |LR=0.002 | t=9.36s
    83 | base=1.176983 | val=3.872881 | acc1=0.1880 | Wμ=1.036 | Aμ=2.452 | Wmax=2.000 | Amax=3.170 |LR=0.002 | t=9.37s
    84 | base=1.182773 | val=4.688075 | acc1=0.1399 | Wμ=1.031 | Aμ=2.364 | Wmax=2.000 | Amax=3.170 |LR=0.002 | t=9.37s
    85 | base=1.195473 | val=5.902039 | acc1=0.0862 | Wμ=1.026 | Aμ=2.299 | Wmax=1.585 | Amax=3.000 |LR=0.002 | t=9.60s
    86 | base=1.120937 | val=3.544396 | acc1=0.2503 | Wμ=1.020 | Aμ=2.191 | Wmax=1.585 | Amax=2.807 |LR=0.002 | t=9.39s
    87 | base=1.240245 | val=2.872863 | acc1=0.3208 | Wμ=1.014 | Aμ=2.113 | Wmax=1.585 | Amax=2.807 |LR=0.002 | t=9.36s
    88 | base=1.294561 | val=2.393903 | acc1=0.3975 | Wμ=1.010 | Aμ=2.037 | Wmax=1.585 | Amax=2.585 |LR=0.002 | t=9.36s
    89 | base=1.288498 | val=4.180395 | acc1=0.1967 | Wμ=1.007 | Aμ=1.996 | Wmax=1.585 | Amax=2.807 |LR=0.002 | t=9.38s
    90 | base=1.287283 | val=2.291842 | acc1=0.4085 | Wμ=1.003 | Aμ=1.968 | Wmax=1.585 | Amax=2.585 |LR=0.002 | t=9.42s
    91 | base=1.355883 | val=3.400777 | acc1=0.2444 | Wμ=1.001 | Aμ=1.912 | Wmax=1.585 | Amax=2.585 |LR=0.002 | t=9.36s
    92 | base=1.424871 | val=2.772561 | acc1=0.3130 | Wμ=0.999 | Aμ=1.823 | Wmax=1.585 | Amax=2.322 |LR=0.002 | t=9.35s
    93 | base=1.361634 | val=4.385560 | acc1=0.1420 | Wμ=0.997 | Aμ=1.774 | Wmax=1.000 | Amax=2.322 |LR=0.002 | t=9.38s
    94 | base=1.343889 | val=2.632344 | acc1=0.3593 | Wμ=0.996 | Aμ=1.740 | Wmax=1.000 | Amax=2.322 |LR=0.002 | t=9.36s
    95 | base=1.379030 | val=3.034733 | acc1=0.2903 | Wμ=0.995 | Aμ=1.693 | Wmax=1.000 | Amax=2.322 |LR=0.002 | t=9.38s
    96 | base=1.430425 | val=2.720906 | acc1=0.3202 | Wμ=0.995 | Aμ=1.651 | Wmax=1.000 | Amax=2.322 |LR=0.002 | t=9.39s
    97 | base=1.483454 | val=2.839139 | acc1=0.3205 | Wμ=0.995 | Aμ=1.605 | Wmax=1.000 | Amax=2.322 |LR=0.002 | t=9.39s
    98 | base=1.423395 | val=5.513244 | acc1=0.1391 | Wμ=0.995 | Aμ=1.579 | Wmax=1.000 | Amax=2.322 |LR=0.002 | t=9.42s
    99 | base=1.600327 | val=2.795604 | acc1=0.3446 | Wμ=0.994 | Aμ=1.557 | Wmax=1.000 | Amax=2.000 |LR=0.002 | t=9.39s
   100 | base=1.620678 | val=4.073166 | acc1=0.2014 | Wμ=0.994 | Aμ=1.536 | Wmax=1.000 | Amax=2.322 |LR=0.002 | t=9.39s
   101 | base=1.521860 | val=3.160243 | acc1=0.2682 | Wμ=0.994 | Aμ=1.499 | Wmax=1.000 | Amax=2.000 |LR=0.002 | t=9.39s
   102 | base=1.557221 | val=2.612184 | acc1=0.3631 | Wμ=0.994 | Aμ=1.458 | Wmax=1.000 | Amax=2.000 |LR=0.002 | t=9.41s
   103 | base=1.549988 | val=2.918678 | acc1=0.3315 | Wμ=0.994 | Aμ=1.428 | Wmax=1.000 | Amax=2.000 |LR=0.002 | t=9.40s
   104 | base=1.710649 | val=3.320612 | acc1=0.2667 | Wμ=0.993 | Aμ=1.402 | Wmax=1.000 | Amax=2.000 |LR=0.002 | t=9.42s
   105 | base=1.608642 | val=3.368991 | acc1=0.2486 | Wμ=0.993 | Aμ=1.370 | Wmax=1.000 | Amax=2.000 |LR=0.002 | t=9.42s
   106 | base=1.598501 | val=2.656028 | acc1=0.3412 | Wμ=0.993 | Aμ=1.336 | Wmax=1.000 | Amax=1.585 |LR=0.002 | t=9.44s
   107 | base=1.625374 | val=2.700542 | acc1=0.3360 | Wμ=0.993 | Aμ=1.301 | Wmax=1.000 | Amax=1.585 |LR=0.002 | t=9.42s
   108 | base=1.602193 | val=3.475324 | acc1=0.2412 | Wμ=0.993 | Aμ=1.263 | Wmax=1.000 | Amax=2.000 |LR=0.002 | t=9.37s
   109 | base=1.608548 | val=2.878849 | acc1=0.3111 | Wμ=0.992 | Aμ=1.235 | Wmax=1.000 | Amax=1.585 |LR=0.002 | t=9.41s
   110 | base=1.744724 | val=3.436052 | acc1=0.2730 | Wμ=0.993 | Aμ=1.210 | Wmax=1.000 | Amax=2.000 |LR=0.002 | t=9.44s
   111 | base=1.787600 | val=3.513770 | acc1=0.2172 | Wμ=0.992 | Aμ=1.195 | Wmax=1.000 | Amax=1.585 |LR=0.002 | t=9.44s
   112 | base=1.595732 | val=3.004932 | acc1=0.3020 | Wμ=0.992 | Aμ=1.188 | Wmax=1.000 | Amax=1.585 |LR=0.002 | t=9.40s
   113 | base=1.603683 | val=3.314821 | acc1=0.2864 | Wμ=0.992 | Aμ=1.176 | Wmax=1.000 | Amax=1.585 |LR=0.002 | t=9.40s
   114 | base=1.641612 | val=4.209589 | acc1=0.1791 | Wμ=0.992 | Aμ=1.158 | Wmax=1.000 | Amax=2.000 |LR=0.002 | t=9.45s
   115 | base=1.665881 | val=3.614994 | acc1=0.2562 | Wμ=0.992 | Aμ=1.138 | Wmax=1.000 | Amax=1.585 |LR=0.002 | t=9.42s
   116 | base=1.679703 | val=3.455596 | acc1=0.2590 | Wμ=0.992 | Aμ=1.130 | Wmax=1.000 | Amax=1.585 |LR=0.002 | t=9.40s
   117 | base=1.719426 | val=2.661197 | acc1=0.3532 | Wμ=0.992 | Aμ=1.130 | Wmax=1.000 | Amax=1.585 |LR=0.002 | t=9.37s
   118 | base=1.632560 | val=3.449486 | acc1=0.2605 | Wμ=0.991 | Aμ=1.127 | Wmax=1.000 | Amax=1.585 |LR=0.002 | t=9.38s
   119 | base=1.668917 | val=2.677541 | acc1=0.3456 | Wμ=0.992 | Aμ=1.121 | Wmax=1.000 | Amax=1.585 |LR=0.002 | t=9.37s
   120 | base=1.616678 | val=3.150887 | acc1=0.2889 | Wμ=0.992 | Aμ=1.114 | Wmax=1.000 | Amax=1.585 |LR=0.002 | t=9.44s
   121 | base=1.669519 | val=2.721939 | acc1=0.3341 | Wμ=0.991 | Aμ=1.107 | Wmax=1.000 | Amax=1.585 |LR=0.002 | t=9.46s
   122 | base=1.668741 | val=3.789175 | acc1=0.2225 | Wμ=0.991 | Aμ=1.106 | Wmax=1.000 | Amax=1.585 |LR=0.002 | t=9.44s
   123 | base=1.743505 | val=3.145670 | acc1=0.2889 | Wμ=0.991 | Aμ=1.107 | Wmax=1.000 | Amax=1.585 |LR=0.002 | t=9.36s
   124 | base=1.732002 | val=2.911021 | acc1=0.3062 | Wμ=0.991 | Aμ=1.106 | Wmax=1.000 | Amax=1.585 |LR=0.002 | t=9.43s
   125 | base=1.659059 | val=3.325092 | acc1=0.2790 | Wμ=0.991 | Aμ=1.106 | Wmax=1.000 | Amax=1.585 |LR=0.002 | t=9.41s
   126 | base=1.824110 | val=3.277952 | acc1=0.3045 | Wμ=0.990 | Aμ=1.106 | Wmax=1.000 | Amax=1.585 |LR=0.002 | t=9.41s
   127 | base=1.702549 | val=3.249600 | acc1=0.2704 | Wμ=0.991 | Aμ=1.106 | Wmax=1.000 | Amax=1.585 |LR=0.002 | t=9.45s
   128 | base=1.729325 | val=3.793020 | acc1=0.2215 | Wμ=0.991 | Aμ=1.106 | Wmax=1.000 | Amax=1.585 |LR=0.002 | t=9.38s
   129 | base=1.716492 | val=4.816927 | acc1=0.1767 | Wμ=0.991 | Aμ=1.105 | Wmax=1.000 | Amax=1.585 |LR=0.002 | t=9.40s
   130 | base=1.702563 | val=7.349798 | acc1=0.0459 | Wμ=0.990 | Aμ=1.104 | Wmax=1.000 | Amax=1.585 |LR=0.002 | t=9.52s
   131 | base=1.761046 | val=3.010085 | acc1=0.2872 | Wμ=0.991 | Aμ=1.102 | Wmax=1.000 | Amax=1.585 |LR=0.002 | t=9.40s
   132 | base=1.775550 | val=2.582485 | acc1=0.3468 | Wμ=0.990 | Aμ=1.098 | Wmax=1.000 | Amax=1.585 |LR=0.002 | t=9.41s
   133 | base=1.747115 | val=3.696394 | acc1=0.2013 | Wμ=0.990 | Aμ=1.094 | Wmax=1.000 | Amax=1.585 |LR=0.002 | t=9.39s
   134 | base=1.920198 | val=2.526701 | acc1=0.3500 | Wμ=0.991 | Aμ=1.090 | Wmax=1.000 | Amax=1.585 |LR=0.002 | t=9.40s
   135 | base=1.739200 | val=2.623548 | acc1=0.3432 | Wμ=0.991 | Aμ=1.086 | Wmax=1.000 | Amax=1.000 |LR=0.002 | t=9.39s
   136 | base=1.704107 | val=2.930284 | acc1=0.3406 | Wμ=0.990 | Aμ=1.083 | Wmax=1.000 | Amax=1.585 |LR=0.0018582 | t=9.42s
   137 | base=1.646010 | val=2.683876 | acc1=0.3476 | Wμ=0.990 | Aμ=1.076 | Wmax=1.000 | Amax=1.585 |LR=0.0018554 | t=9.39s
   138 | base=1.715168 | val=3.387870 | acc1=0.2597 | Wμ=0.991 | Aμ=1.064 | Wmax=1.000 | Amax=1.585 |LR=0.0018554 | t=9.38s
   139 | base=1.796836 | val=3.070519 | acc1=0.3178 | Wμ=0.990 | Aμ=1.050 | Wmax=1.000 | Amax=1.585 |LR=0.0018554 | t=9.45s
   140 | base=1.646080 | val=3.365455 | acc1=0.2700 | Wμ=0.990 | Aμ=1.034 | Wmax=1.000 | Amax=1.585 |LR=0.0018554 | t=9.39s
   141 | base=1.667560 | val=3.275562 | acc1=0.2526 | Wμ=0.990 | Aμ=1.034 | Wmax=1.000 | Amax=1.585 |LR=0.0018554 | t=9.45s
   142 | base=1.682968 | val=3.728636 | acc1=0.1969 | Wμ=0.990 | Aμ=1.034 | Wmax=1.000 | Amax=1.000 |LR=0.0018554 | t=9.42s
   143 | base=1.665172 | val=4.157299 | acc1=0.1801 | Wμ=0.991 | Aμ=1.034 | Wmax=1.000 | Amax=1.585 |LR=0.0017238 | t=9.41s
   144 | base=1.775706 | val=3.423205 | acc1=0.2061 | Wμ=0.991 | Aμ=1.034 | Wmax=1.000 | Amax=1.000 |LR=0.0017212 | t=9.46s
   145 | base=1.737074 | val=3.164598 | acc1=0.2635 | Wμ=0.990 | Aμ=1.034 | Wmax=1.000 | Amax=1.000 |LR=0.0015992 | t=9.41s
   146 | base=1.796566 | val=2.818410 | acc1=0.3069 | Wμ=0.991 | Aμ=1.032 | Wmax=1.000 | Amax=1.000 |LR=0.0014835 | t=9.46s
   147 | base=1.677452 | val=2.826622 | acc1=0.3131 | Wμ=0.991 | Aμ=1.032 | Wmax=1.000 | Amax=1.000 |LR=0.0013763 | t=9.44s
   148 | base=1.706033 | val=2.248178 | acc1=0.4131 | Wμ=0.991 | Aμ=1.029 | Wmax=1.000 | Amax=1.000 |LR=0.0012767 | t=9.41s
   149 | base=1.716993 | val=3.051233 | acc1=0.2853 | Wμ=0.990 | Aμ=1.026 | Wmax=1.000 | Amax=1.000 |LR=0.0011844 | t=9.46s
   150 | base=1.608556 | val=3.565522 | acc1=0.2561 | Wμ=0.991 | Aμ=1.023 | Wmax=1.000 | Amax=1.585 |LR=0.0010988 | t=9.48s
   151 | base=1.667951 | val=2.724628 | acc1=0.3271 | Wμ=0.991 | Aμ=1.019 | Wmax=1.000 | Amax=1.000 |LR=0.0010971 | t=9.41s
   152 | base=1.678287 | val=2.768812 | acc1=0.3500 | Wμ=0.992 | Aμ=1.016 | Wmax=1.000 | Amax=1.000 |LR=0.0010193 | t=9.45s
   153 | base=1.672180 | val=3.059253 | acc1=0.2918 | Wμ=0.991 | Aμ=1.015 | Wmax=1.000 | Amax=1.000 |LR=0.00094562 | t=9.42s
   154 | base=1.671845 | val=4.117909 | acc1=0.1967 | Wμ=0.991 | Aμ=1.014 | Wmax=1.000 | Amax=1.000 |LR=0.00087724 | t=9.41s
   155 | base=1.594105 | val=2.508312 | acc1=0.3611 | Wμ=0.992 | Aμ=1.013 | Wmax=1.000 | Amax=1.000 |LR=0.00081381 | t=9.46s
   156 | base=1.567317 | val=2.672726 | acc1=0.3518 | Wμ=0.992 | Aμ=1.011 | Wmax=1.000 | Amax=1.000 |LR=0.00075497 | t=9.45s
   157 | base=1.639246 | val=2.640970 | acc1=0.3458 | Wμ=0.992 | Aμ=1.010 | Wmax=1.000 | Amax=1.000 |LR=0.00070037 | t=9.45s
   158 | base=1.617611 | val=2.386764 | acc1=0.4120 | Wμ=0.992 | Aμ=1.007 | Wmax=1.000 | Amax=1.000 |LR=0.00064973 | t=9.46s
   159 | base=1.630260 | val=2.433383 | acc1=0.3898 | Wμ=0.992 | Aμ=1.005 | Wmax=1.000 | Amax=1.000 |LR=0.00060275 | t=9.44s
   160 | base=1.562742 | val=2.879380 | acc1=0.3329 | Wμ=0.992 | Aμ=1.003 | Wmax=1.000 | Amax=1.000 |LR=0.00055917 | t=9.47s
   161 | base=1.605158 | val=2.663732 | acc1=0.3530 | Wμ=0.992 | Aμ=1.000 | Wmax=1.000 | Amax=1.000 |LR=0.00051873 | t=9.47s
   162 | base=1.573602 | val=2.674761 | acc1=0.3383 | Wμ=0.993 | Aμ=0.998 | Wmax=1.000 | Amax=1.000 |LR=0.00048122 | t=9.46s
   163 | base=1.593452 | val=2.470766 | acc1=0.3790 | Wμ=0.993 | Aμ=0.998 | Wmax=1.000 | Amax=1.000 |LR=0.00044643 | t=9.40s
   164 | base=1.569009 | val=2.616030 | acc1=0.3504 | Wμ=0.993 | Aμ=0.998 | Wmax=1.000 | Amax=1.000 |LR=0.00041415 | t=9.44s
   165 | base=1.595006 | val=2.718627 | acc1=0.3334 | Wμ=0.993 | Aμ=0.998 | Wmax=1.000 | Amax=1.000 |LR=0.0003842 | t=9.42s
   166 | base=1.540029 | val=2.917923 | acc1=0.3170 | Wμ=0.994 | Aμ=0.998 | Wmax=1.000 | Amax=1.000 |LR=0.00035642 | t=9.43s
   167 | base=1.553463 | val=3.114930 | acc1=0.2920 | Wμ=0.994 | Aμ=0.998 | Wmax=1.000 | Amax=1.000 |LR=0.00033065 | t=9.41s
   168 | base=1.542081 | val=2.564336 | acc1=0.3754 | Wμ=0.994 | Aμ=0.998 | Wmax=1.000 | Amax=1.000 |LR=0.00030674 | t=9.41s
   169 | base=1.572479 | val=2.736279 | acc1=0.3268 | Wμ=0.994 | Aμ=0.998 | Wmax=1.000 | Amax=1.000 |LR=0.00028456 | t=9.42s
   170 | base=1.557824 | val=2.519575 | acc1=0.3648 | Wμ=0.994 | Aμ=0.998 | Wmax=1.000 | Amax=1.000 |LR=0.00026398 | t=9.41s
   171 | base=1.557550 | val=2.276205 | acc1=0.4162 | Wμ=0.994 | Aμ=0.998 | Wmax=1.000 | Amax=1.000 |LR=0.00024489 | t=9.40s
   172 | base=1.547489 | val=2.263787 | acc1=0.4242 | Wμ=0.994 | Aμ=0.998 | Wmax=1.000 | Amax=1.000 |LR=0.00022719 | t=9.46s
   173 | base=1.531136 | val=2.803147 | acc1=0.3254 | Wμ=0.995 | Aμ=0.998 | Wmax=1.000 | Amax=1.000 |LR=0.00021076 | t=9.42s
   174 | base=1.585227 | val=2.417603 | acc1=0.3846 | Wμ=0.995 | Aμ=0.998 | Wmax=1.000 | Amax=1.000 |LR=0.00019552 | t=9.47s
   175 | base=1.602606 | val=2.549508 | acc1=0.3649 | Wμ=0.995 | Aμ=0.998 | Wmax=1.000 | Amax=1.000 |LR=0.00018138 | t=9.46s
   176 | base=1.575947 | val=2.203989 | acc1=0.4403 | Wμ=0.995 | Aμ=0.999 | Wmax=1.000 | Amax=1.000 |LR=0.00016827 | t=9.38s
   177 | base=1.506525 | val=2.612128 | acc1=0.3687 | Wμ=0.995 | Aμ=0.999 | Wmax=1.000 | Amax=1.000 |LR=0.0001561 | t=9.41s
   178 | base=1.529304 | val=2.414559 | acc1=0.3992 | Wμ=0.995 | Aμ=0.998 | Wmax=1.000 | Amax=1.000 |LR=0.00014481 | t=9.39s
   179 | base=1.559290 | val=2.188340 | acc1=0.4334 | Wμ=0.995 | Aμ=0.999 | Wmax=1.000 | Amax=1.000 |LR=0.00013434 | t=9.41s
   180 | base=1.481455 | val=2.345440 | acc1=0.3977 | Wμ=0.995 | Aμ=0.999 | Wmax=1.000 | Amax=1.000 |LR=0.00012463 | t=9.42s
   181 | base=1.530377 | val=2.090977 | acc1=0.4481 | Wμ=0.995 | Aμ=0.999 | Wmax=1.000 | Amax=1.000 |LR=0.00011561 | t=9.43s
   182 | base=1.550464 | val=2.547102 | acc1=0.3792 | Wμ=0.996 | Aμ=0.998 | Wmax=1.000 | Amax=1.000 |LR=0.00010725 | t=9.41s
   183 | base=1.516881 | val=3.167453 | acc1=0.2947 | Wμ=0.996 | Aμ=0.999 | Wmax=1.000 | Amax=1.000 |LR=9.9499e-05 | t=9.42s
   184 | base=1.539305 | val=2.233004 | acc1=0.4196 | Wμ=0.996 | Aμ=0.999 | Wmax=1.000 | Amax=1.000 |LR=9.2305e-05 | t=9.40s
   185 | base=1.560236 | val=2.365523 | acc1=0.4126 | Wμ=0.996 | Aμ=0.999 | Wmax=1.000 | Amax=1.000 |LR=8.563e-05 | t=9.44s
   186 | base=1.529702 | val=2.169416 | acc1=0.4405 | Wμ=0.996 | Aμ=0.999 | Wmax=1.000 | Amax=1.000 |LR=7.9438e-05 | t=9.53s
   187 | base=1.499280 | val=2.662336 | acc1=0.3606 | Wμ=0.996 | Aμ=0.999 | Wmax=1.000 | Amax=1.000 |LR=7.3694e-05 | t=9.41s
   188 | base=1.549721 | val=2.187418 | acc1=0.4383 | Wμ=0.996 | Aμ=0.999 | Wmax=1.000 | Amax=1.000 |LR=6.8366e-05 | t=9.45s
   189 | base=1.471430 | val=2.423048 | acc1=0.4059 | Wμ=0.996 | Aμ=0.999 | Wmax=1.000 | Amax=1.000 |LR=6.3422e-05 | t=9.44s
   190 | base=1.436308 | val=2.745364 | acc1=0.3387 | Wμ=0.996 | Aμ=0.999 | Wmax=1.000 | Amax=1.000 |LR=5.8836e-05 | t=9.39s
   191 | base=1.501428 | val=3.164906 | acc1=0.2771 | Wμ=0.996 | Aμ=0.999 | Wmax=1.000 | Amax=1.000 |LR=5.4582e-05 | t=9.42s
   192 | base=1.457069 | val=2.213886 | acc1=0.4319 | Wμ=0.997 | Aμ=0.999 | Wmax=1.000 | Amax=1.000 |LR=5.0635e-05 | t=9.41s
   193 | base=1.504124 | val=2.154888 | acc1=0.4385 | Wμ=0.997 | Aμ=0.999 | Wmax=1.000 | Amax=1.000 |LR=4.6974e-05 | t=9.40s
   194 | base=1.556398 | val=2.460982 | acc1=0.3950 | Wμ=0.997 | Aμ=0.999 | Wmax=1.000 | Amax=1.000 |LR=4.3577e-05 | t=9.42s
   195 | base=1.460380 | val=2.291393 | acc1=0.4234 | Wμ=0.997 | Aμ=0.999 | Wmax=1.000 | Amax=1.000 |LR=4.0426e-05 | t=9.44s
   196 | base=1.522527 | val=2.187372 | acc1=0.4313 | Wμ=0.997 | Aμ=0.999 | Wmax=1.000 | Amax=1.000 |LR=3.7503e-05 | t=9.40s
   197 | base=1.492625 | val=2.359371 | acc1=0.4104 | Wμ=0.997 | Aμ=0.999 | Wmax=1.000 | Amax=1.000 |LR=3.4791e-05 | t=9.41s
   198 | base=1.449747 | val=2.160522 | acc1=0.4346 | Wμ=0.997 | Aμ=0.999 | Wmax=1.000 | Amax=1.000 |LR=3.2275e-05 | t=9.44s
   199 | base=1.465245 | val=1.963122 | acc1=0.4773 | Wμ=0.997 | Aμ=0.999 | Wmax=1.000 | Amax=1.000 |LR=2.9942e-05 | t=9.39s
   200 | base=1.491042 | val=2.375424 | acc1=0.4010 | Wμ=0.997 | Aμ=0.999 | Wmax=1.000 | Amax=1.000 |LR=2.7777e-05 | t=9.45s
   201 | base=1.443532 | val=2.334145 | acc1=0.4203 | Wμ=0.997 | Aμ=0.999 | Wmax=1.000 | Amax=1.000 |LR=2.5768e-05 | t=9.41s
   202 | base=1.454928 | val=2.233755 | acc1=0.4373 | Wμ=0.997 | Aμ=0.999 | Wmax=1.000 | Amax=1.000 |LR=2.3905e-05 | t=9.46s
   203 | base=1.443623 | val=2.163739 | acc1=0.4394 | Wμ=0.998 | Aμ=0.999 | Wmax=1.000 | Amax=1.000 |LR=2.2176e-05 | t=9.45s
   204 | base=1.495334 | val=1.843269 | acc1=0.5067 | Wμ=0.998 | Aμ=0.999 | Wmax=1.000 | Amax=1.000 |LR=2.0573e-05 | t=9.40s
   205 | base=1.495111 | val=2.242225 | acc1=0.4250 | Wμ=0.998 | Aμ=0.999 | Wmax=1.000 | Amax=1.000 |LR=1.9085e-05 | t=9.46s
   206 | base=1.438984 | val=2.165735 | acc1=0.4420 | Wμ=0.998 | Aμ=0.999 | Wmax=1.000 | Amax=1.000 |LR=1.7705e-05 | t=9.47s
   207 | base=1.428262 | val=2.138991 | acc1=0.4482 | Wμ=0.998 | Aμ=0.999 | Wmax=1.000 | Amax=1.000 |LR=1.6425e-05 | t=9.47s
   208 | base=1.536851 | val=1.923000 | acc1=0.4909 | Wμ=0.998 | Aμ=0.999 | Wmax=1.000 | Amax=1.000 |LR=1.5237e-05 | t=9.39s
   209 | base=1.466185 | val=1.972051 | acc1=0.4883 | Wμ=0.998 | Aμ=0.999 | Wmax=1.000 | Amax=1.000 |LR=1.4135e-05 | t=9.42s
   210 | base=1.494247 | val=1.949766 | acc1=0.4826 | Wμ=0.998 | Aμ=0.999 | Wmax=1.000 | Amax=1.000 |LR=1.3113e-05 | t=9.45s
   211 | base=1.480871 | val=2.170144 | acc1=0.4410 | Wμ=0.998 | Aμ=0.999 | Wmax=1.000 | Amax=1.000 |LR=1.2165e-05 | t=9.47s
   212 | base=1.460115 | val=2.337608 | acc1=0.4084 | Wμ=0.998 | Aμ=0.999 | Wmax=1.000 | Amax=1.000 |LR=1.1285e-05 | t=9.40s
   213 | base=1.495820 | val=2.161192 | acc1=0.4441 | Wμ=0.998 | Aμ=0.999 | Wmax=1.000 | Amax=1.000 |LR=1.0469e-05 | t=9.38s
   214 | base=1.484833 | val=1.863714 | acc1=0.5004 | Wμ=0.998 | Aμ=0.999 | Wmax=1.000 | Amax=1.000 |LR=9.7124e-06 | t=9.42s
   215 | base=1.467389 | val=1.949591 | acc1=0.4790 | Wμ=0.998 | Aμ=0.999 | Wmax=1.000 | Amax=1.000 |LR=9.0101e-06 | t=9.40s
   216 | base=1.428262 | val=1.906739 | acc1=0.4963 | Wμ=0.998 | Aμ=0.999 | Wmax=1.000 | Amax=1.000 |LR=8.3586e-06 | t=9.43s
   217 | base=1.489013 | val=2.300341 | acc1=0.4225 | Wμ=0.998 | Aμ=0.999 | Wmax=1.000 | Amax=1.000 |LR=7.7542e-06 | t=9.42s
   218 | base=1.488930 | val=1.936189 | acc1=0.4823 | Wμ=0.998 | Aμ=0.999 | Wmax=1.000 | Amax=1.000 |LR=7.1935e-06 | t=9.39s
   219 | base=1.417746 | val=1.884102 | acc1=0.4947 | Wμ=0.998 | Aμ=0.999 | Wmax=1.000 | Amax=1.000 |LR=6.6734e-06 | t=9.41s
   220 | base=1.446509 | val=2.185040 | acc1=0.4366 | Wμ=0.998 | Aμ=0.999 | Wmax=1.000 | Amax=1.000 |LR=6.1908e-06 | t=9.42s
   221 | base=1.448643 | val=1.887771 | acc1=0.4993 | Wμ=0.998 | Aμ=0.999 | Wmax=1.000 | Amax=1.000 |LR=5.7432e-06 | t=9.46s
   222 | base=1.396495 | val=2.140621 | acc1=0.4520 | Wμ=0.998 | Aμ=0.999 | Wmax=1.000 | Amax=1.000 |LR=5.3279e-06 | t=9.38s
   223 | base=1.428176 | val=1.851252 | acc1=0.5048 | Wμ=0.998 | Aμ=0.999 | Wmax=1.000 | Amax=1.000 |LR=4.9426e-06 | t=9.44s
   224 | base=1.407961 | val=1.858686 | acc1=0.5001 | Wμ=0.998 | Aμ=0.999 | Wmax=1.000 | Amax=1.000 |LR=4.5852e-06 | t=9.40s
   225 | base=1.457424 | val=1.862717 | acc1=0.4997 | Wμ=0.998 | Aμ=0.999 | Wmax=1.000 | Amax=1.000 |LR=4.2537e-06 | t=9.41s
   226 | base=1.458313 | val=1.941560 | acc1=0.4833 | Wμ=0.998 | Aμ=0.999 | Wmax=1.000 | Amax=1.000 |LR=3.9461e-06 | t=9.43s
   227 | base=1.433772 | val=1.975565 | acc1=0.4756 | Wμ=0.998 | Aμ=0.999 | Wmax=1.000 | Amax=1.000 |LR=3.6608e-06 | t=9.39s
   228 | base=1.419948 | val=2.144408 | acc1=0.4559 | Wμ=0.999 | Aμ=0.999 | Wmax=1.000 | Amax=1.000 |LR=3.3961e-06 | t=9.44s
   229 | base=1.416009 | val=1.803586 | acc1=0.5163 | Wμ=0.999 | Aμ=0.999 | Wmax=1.000 | Amax=1.000 |LR=3.1505e-06 | t=9.42s
