     0 | base=nan | val=nan | acc1=0.7031 | Wμ=nan | Aμ=nan | Wmax=nan | Amax=nan |LR=nan | t=nans
     0 | base=nan | val=1.104401 | acc1=0.7032 | Wμ=11.367 | Aμ=20.000 | Wmax=12.587 | Amax=14.104 |LR=nan | t=nans
     0 | base=nan | val=1.104483 | acc1=0.7030 | Wμ=10.000 | Aμ=20.000 | Wmax=10.000 | Amax=14.105 |LR=nan | t=nans
     0 | base=nan | val=1.104656 | acc1=0.7024 | Wμ=10.000 | Aμ=10.000 | Wmax=10.000 | Amax=9.987 |LR=nan | t=nans
# epoch | BaseLoss | ValLoss | Acc@1 | MeanWBits | MeanABits | MaxWBits | MaxABits | LR | EpochTime(s)
     0 | base=nan | val=1.111653 | acc1=0.7025 | Wμ=10.000 | Aμ=10.000 | Wmax=10.000 | Amax=9.976 |LR=nan | t=nans
     0 | base=0.121157 | val=1.129325 | acc1=0.6979 | Wμ=10.000 | Aμ=10.000 | Wmax=10.007 | Amax=10.001 |LR=0.00049 | t=10.52s
     1 | base=0.063956 | val=1.116405 | acc1=0.6987 | Wμ=10.001 | Aμ=10.002 | Wmax=10.018 | Amax=10.003 |LR=0.00099 | t=9.27s
     2 | base=0.049363 | val=1.120601 | acc1=0.6958 | Wμ=10.001 | Aμ=10.006 | Wmax=10.038 | Amax=10.009 |LR=0.00149 | t=9.27s
     3 | base=0.039788 | val=1.125111 | acc1=0.6961 | Wμ=10.002 | Aμ=10.014 | Wmax=10.061 | Amax=10.035 |LR=0.00199 | t=9.27s
     4 | base=0.038945 | val=1.134833 | acc1=0.6946 | Wμ=10.003 | Aμ=10.024 | Wmax=10.069 | Amax=10.069 |LR=0.00249 | t=9.33s
     5 | base=0.039149 | val=1.155198 | acc1=0.6878 | Wμ=10.006 | Aμ=10.038 | Wmax=10.079 | Amax=10.107 |LR=0.00299 | t=9.26s
     6 | base=0.038951 | val=1.149139 | acc1=0.6914 | Wμ=10.010 | Aμ=10.060 | Wmax=10.082 | Amax=10.144 |LR=0.00349 | t=9.27s
     7 | base=0.044647 | val=1.158272 | acc1=0.6870 | Wμ=10.016 | Aμ=10.088 | Wmax=10.105 | Amax=10.184 |LR=0.00399 | t=9.27s
     8 | base=0.061416 | val=1.189241 | acc1=0.6831 | Wμ=10.025 | Aμ=10.118 | Wmax=10.131 | Amax=10.224 |LR=0.00449 | t=9.26s
     9 | base=0.088026 | val=1.196047 | acc1=0.6761 | Wμ=10.038 | Aμ=10.153 | Wmax=10.167 | Amax=10.278 |LR=0.00499 | t=9.30s
    10 | base=0.115647 | val=1.245428 | acc1=0.6620 | Wμ=10.055 | Aμ=10.199 | Wmax=10.223 | Amax=10.368 |LR=0.00549 | t=9.27s
    11 | base=0.170729 | val=1.317321 | acc1=0.6432 | Wμ=10.082 | Aμ=10.247 | Wmax=10.296 | Amax=10.455 |LR=0.00599 | t=9.33s
    12 | base=0.188990 | val=1.301917 | acc1=0.6471 | Wμ=10.116 | Aμ=10.284 | Wmax=10.364 | Amax=10.552 |LR=0.00649 | t=9.23s
    13 | base=0.199618 | val=1.319105 | acc1=0.6422 | Wμ=10.156 | Aμ=10.330 | Wmax=10.446 | Amax=10.630 |LR=0.00699 | t=9.25s
    14 | base=0.239096 | val=1.367256 | acc1=0.6321 | Wμ=10.201 | Aμ=10.386 | Wmax=10.587 | Amax=10.685 |LR=0.00749 | t=9.26s
    15 | base=0.212512 | val=1.365586 | acc1=0.6338 | Wμ=10.243 | Aμ=10.415 | Wmax=10.652 | Amax=10.748 |LR=0.00799 | t=9.26s
    16 | base=0.223257 | val=1.308835 | acc1=0.6406 | Wμ=10.281 | Aμ=10.445 | Wmax=10.723 | Amax=10.800 |LR=0.00849 | t=9.28s
    17 | base=0.271139 | val=1.342728 | acc1=0.6419 | Wμ=10.328 | Aμ=10.458 | Wmax=10.812 | Amax=10.831 |LR=0.00899 | t=9.25s
    18 | base=0.248712 | val=1.412433 | acc1=0.6195 | Wμ=10.374 | Aμ=10.480 | Wmax=10.905 | Amax=10.771 |LR=0.00949 | t=9.25s
    19 | base=0.274044 | val=1.551124 | acc1=0.5888 | Wμ=10.424 | Aμ=10.522 | Wmax=10.908 | Amax=10.925 |LR=0.00999 | t=9.26s
    20 | base=0.241243 | val=1.288091 | acc1=0.6506 | Wμ=8.849 | Aμ=9.163 | Wmax=9.246 | Amax=10.269 |LR=0.01 | t=9.26s
    21 | base=0.234814 | val=1.344842 | acc1=0.6340 | Wμ=7.133 | Aμ=7.556 | Wmax=7.592 | Amax=8.966 |LR=0.01 | t=9.27s
    22 | base=0.266317 | val=1.431440 | acc1=0.6172 | Wμ=5.650 | Aμ=6.337 | Wmax=6.248 | Amax=7.820 |LR=0.01 | t=9.27s
    23 | base=0.364614 | val=1.751906 | acc1=0.5510 | Wμ=4.354 | Aμ=5.547 | Wmax=5.285 | Amax=7.077 |LR=0.01 | t=9.29s
    24 | base=0.612139 | val=2.085364 | acc1=0.4820 | Wμ=3.281 | Aμ=5.165 | Wmax=4.524 | Amax=6.687 |LR=0.01 | t=9.27s
    25 | base=0.888309 | val=2.669245 | acc1=0.3482 | Wμ=2.442 | Aμ=4.770 | Wmax=4.000 | Amax=6.066 |LR=0.01 | t=9.27s
    26 | base=1.190984 | val=3.780647 | acc1=0.2040 | Wμ=1.833 | Aμ=4.415 | Wmax=3.459 | Amax=5.781 |LR=0.01 | t=9.28s
    27 | base=1.328042 | val=4.910020 | acc1=0.0828 | Wμ=1.457 | Aμ=4.068 | Wmax=3.170 | Amax=5.285 |LR=0.01 | t=9.26s
    28 | base=1.512897 | val=4.646757 | acc1=0.1304 | Wμ=1.269 | Aμ=3.679 | Wmax=2.807 | Amax=4.755 |LR=0.01 | t=9.27s
    29 | base=1.444167 | val=4.295700 | acc1=0.1925 | Wμ=1.144 | Aμ=3.170 | Wmax=2.322 | Amax=4.170 |LR=0.01 | t=9.26s
    30 | base=1.437388 | val=4.987343 | acc1=0.1153 | Wμ=1.065 | Aμ=2.629 | Wmax=2.000 | Amax=3.585 |LR=0.01 | t=9.26s
    31 | base=1.423692 | val=4.026374 | acc1=0.1778 | Wμ=1.031 | Aμ=2.245 | Wmax=2.000 | Amax=2.807 |LR=0.01 | t=9.26s
    32 | base=1.488657 | val=5.085823 | acc1=0.1208 | Wμ=1.013 | Aμ=1.987 | Wmax=2.000 | Amax=2.585 |LR=0.01 | t=9.27s
    33 | base=1.595248 | val=4.802952 | acc1=0.1621 | Wμ=1.003 | Aμ=1.778 | Wmax=1.585 | Amax=2.585 |LR=0.01 | t=9.33s
    34 | base=1.765545 | val=4.067827 | acc1=0.1960 | Wμ=0.994 | Aμ=1.638 | Wmax=1.585 | Amax=2.322 |LR=0.01 | t=9.33s
    35 | base=1.792360 | val=3.040756 | acc1=0.3052 | Wμ=0.991 | Aμ=1.488 | Wmax=1.585 | Amax=2.322 |LR=0.01 | t=9.34s
    36 | base=1.830448 | val=3.493814 | acc1=0.2327 | Wμ=0.990 | Aμ=1.362 | Wmax=1.000 | Amax=2.000 |LR=0.01 | t=9.35s
    37 | base=2.031000 | val=4.159231 | acc1=0.1786 | Wμ=0.989 | Aμ=1.253 | Wmax=1.000 | Amax=1.585 |LR=0.01 | t=9.31s
    38 | base=1.930775 | val=4.174641 | acc1=0.1990 | Wμ=0.988 | Aμ=1.161 | Wmax=1.000 | Amax=1.585 |LR=0.01 | t=9.33s
    39 | base=1.869717 | val=3.389597 | acc1=0.2300 | Wμ=0.986 | Aμ=1.109 | Wmax=1.000 | Amax=1.585 |LR=0.01 | t=9.36s
    40 | base=2.032941 | val=4.444588 | acc1=0.1951 | Wμ=0.985 | Aμ=1.105 | Wmax=1.000 | Amax=1.585 |LR=0.01 | t=9.32s
    41 | base=1.885318 | val=2.995052 | acc1=0.3072 | Wμ=0.985 | Aμ=1.102 | Wmax=1.000 | Amax=1.585 |LR=0.01 | t=9.37s
    42 | base=1.992350 | val=4.325144 | acc1=0.1748 | Wμ=0.985 | Aμ=1.083 | Wmax=1.000 | Amax=1.585 |LR=0.01 | t=9.33s
    43 | base=1.851099 | val=4.996134 | acc1=0.1532 | Wμ=0.984 | Aμ=1.072 | Wmax=1.000 | Amax=1.585 |LR=0.01 | t=9.33s
    44 | base=1.948784 | val=3.505855 | acc1=0.2227 | Wμ=0.982 | Aμ=1.041 | Wmax=1.000 | Amax=1.585 |LR=0.01 | t=9.38s
    45 | base=1.966680 | val=3.265567 | acc1=0.2515 | Wμ=0.982 | Aμ=1.021 | Wmax=1.000 | Amax=1.000 |LR=0.01 | t=9.35s
    46 | base=1.875782 | val=3.888149 | acc1=0.1937 | Wμ=0.981 | Aμ=1.008 | Wmax=1.000 | Amax=1.000 |LR=0.0092908 | t=9.30s
    47 | base=2.013276 | val=3.311161 | acc1=0.2601 | Wμ=0.982 | Aμ=0.999 | Wmax=1.000 | Amax=1.000 |LR=0.008619 | t=9.36s
    48 | base=1.852645 | val=3.555524 | acc1=0.2332 | Wμ=0.980 | Aμ=0.991 | Wmax=1.000 | Amax=1.000 |LR=0.0079958 | t=9.39s
    49 | base=1.903948 | val=4.635478 | acc1=0.1365 | Wμ=0.980 | Aμ=0.991 | Wmax=1.000 | Amax=1.000 |LR=0.0074176 | t=9.32s
    50 | base=1.851983 | val=2.868954 | acc1=0.3075 | Wμ=0.980 | Aμ=0.987 | Wmax=1.000 | Amax=1.000 |LR=0.0068813 | t=9.29s
    51 | base=1.822113 | val=3.665093 | acc1=0.2105 | Wμ=0.981 | Aμ=0.975 | Wmax=1.000 | Amax=1.000 |LR=0.0063837 | t=9.29s
    52 | base=1.749907 | val=3.435671 | acc1=0.2259 | Wμ=0.982 | Aμ=0.988 | Wmax=1.000 | Amax=1.000 |LR=0.0059221 | t=9.29s
    53 | base=1.781326 | val=3.212565 | acc1=0.2809 | Wμ=0.981 | Aμ=0.986 | Wmax=1.000 | Amax=1.000 |LR=0.0054939 | t=9.29s
    54 | base=1.762014 | val=3.202520 | acc1=0.2637 | Wμ=0.981 | Aμ=0.989 | Wmax=1.000 | Amax=1.000 |LR=0.0050966 | t=9.31s
    55 | base=1.811268 | val=2.718827 | acc1=0.3397 | Wμ=0.981 | Aμ=0.988 | Wmax=1.000 | Amax=1.000 |LR=0.0047281 | t=9.34s
    56 | base=1.761462 | val=2.611803 | acc1=0.3674 | Wμ=0.981 | Aμ=0.986 | Wmax=1.000 | Amax=1.000 |LR=0.0043862 | t=9.34s
    57 | base=1.717600 | val=3.205451 | acc1=0.2605 | Wμ=0.981 | Aμ=0.988 | Wmax=1.000 | Amax=1.000 |LR=0.0040691 | t=9.29s
    58 | base=1.713301 | val=2.787229 | acc1=0.3245 | Wμ=0.982 | Aμ=0.983 | Wmax=1.000 | Amax=1.000 |LR=0.0037748 | t=9.33s
    59 | base=1.648888 | val=3.010059 | acc1=0.3023 | Wμ=0.982 | Aμ=0.985 | Wmax=1.000 | Amax=1.000 |LR=0.0035019 | t=9.35s
    60 | base=1.665094 | val=2.941530 | acc1=0.2958 | Wμ=0.983 | Aμ=0.989 | Wmax=1.000 | Amax=1.000 |LR=0.0032487 | t=9.35s
    61 | base=1.658588 | val=3.477858 | acc1=0.2364 | Wμ=0.983 | Aμ=0.989 | Wmax=1.000 | Amax=1.000 |LR=0.0030138 | t=9.35s
    62 | base=1.655380 | val=2.826316 | acc1=0.3195 | Wμ=0.984 | Aμ=0.982 | Wmax=1.000 | Amax=1.000 |LR=0.0027958 | t=9.36s
    63 | base=1.683183 | val=2.473696 | acc1=0.3801 | Wμ=0.984 | Aμ=0.987 | Wmax=1.000 | Amax=1.000 |LR=0.0025937 | t=9.37s
    64 | base=1.623191 | val=3.167894 | acc1=0.2933 | Wμ=0.984 | Aμ=0.993 | Wmax=1.000 | Amax=1.000 |LR=0.0024061 | t=9.37s
    65 | base=1.633351 | val=2.377460 | acc1=0.3955 | Wμ=0.985 | Aμ=0.993 | Wmax=1.000 | Amax=1.000 |LR=0.0022321 | t=9.38s
    66 | base=1.600922 | val=3.082010 | acc1=0.2683 | Wμ=0.985 | Aμ=0.991 | Wmax=1.000 | Amax=1.000 |LR=0.0020707 | t=9.34s
    67 | base=1.614618 | val=2.498986 | acc1=0.3802 | Wμ=0.985 | Aμ=0.994 | Wmax=1.000 | Amax=1.000 |LR=0.001921 | t=9.33s
    68 | base=1.650976 | val=2.834933 | acc1=0.3269 | Wμ=0.986 | Aμ=0.986 | Wmax=1.000 | Amax=1.000 |LR=0.0017821 | t=9.33s
    69 | base=1.564959 | val=2.857335 | acc1=0.3129 | Wμ=0.986 | Aμ=0.990 | Wmax=1.000 | Amax=1.000 |LR=0.0016532 | t=9.39s
