     0 | base=nan | val=nan | acc1=0.7031 | Wμ=nan | Aμ=nan | Wmax=nan | Amax=nan |LR=nan | t=nans
     0 | base=nan | val=1.104401 | acc1=0.7032 | Wμ=11.367 | Aμ=20.000 | Wmax=12.587 | Amax=14.104 |LR=nan | t=nans
     0 | base=nan | val=1.104483 | acc1=0.7030 | Wμ=10.000 | Aμ=20.000 | Wmax=10.000 | Amax=14.105 |LR=nan | t=nans
     0 | base=nan | val=1.104656 | acc1=0.7024 | Wμ=10.000 | Aμ=10.000 | Wmax=10.000 | Amax=9.987 |LR=nan | t=nans
# epoch | BaseLoss | ValLoss | Acc@1 | MeanWBits | MeanABits | MaxWBits | MaxABits | LR | EpochTime(s)
     0 | base=nan | val=1.111653 | acc1=0.7025 | Wμ=10.000 | Aμ=10.000 | Wmax=10.000 | Amax=9.976 |LR=nan | t=nans
     0 | base=0.123573 | val=1.129111 | acc1=0.6983 | Wμ=10.000 | Aμ=10.000 | Wmax=10.007 | Amax=10.001 |LR=0.00049 | t=10.59s
     1 | base=0.068729 | val=1.118290 | acc1=0.7002 | Wμ=10.000 | Aμ=10.002 | Wmax=10.018 | Amax=10.004 |LR=0.00099 | t=9.37s
     2 | base=0.048697 | val=1.123325 | acc1=0.6982 | Wμ=10.001 | Aμ=10.006 | Wmax=10.029 | Amax=10.011 |LR=0.00149 | t=9.39s
     3 | base=0.040813 | val=1.125236 | acc1=0.6966 | Wμ=10.002 | Aμ=10.014 | Wmax=10.058 | Amax=10.028 |LR=0.00199 | t=9.35s
     4 | base=0.040006 | val=1.133951 | acc1=0.6928 | Wμ=10.004 | Aμ=10.024 | Wmax=10.077 | Amax=10.047 |LR=0.00249 | t=9.35s
     5 | base=0.037906 | val=1.145352 | acc1=0.6909 | Wμ=10.006 | Aμ=10.039 | Wmax=10.082 | Amax=10.068 |LR=0.00299 | t=9.32s
     6 | base=0.039018 | val=1.148874 | acc1=0.6863 | Wμ=10.010 | Aμ=10.060 | Wmax=10.095 | Amax=10.109 |LR=0.00349 | t=9.33s
     7 | base=0.046931 | val=1.175269 | acc1=0.6841 | Wμ=10.016 | Aμ=10.089 | Wmax=10.110 | Amax=10.161 |LR=0.00399 | t=9.39s
     8 | base=0.062487 | val=1.172280 | acc1=0.6818 | Wμ=10.026 | Aμ=10.119 | Wmax=10.125 | Amax=10.232 |LR=0.00449 | t=9.36s
     9 | base=0.090247 | val=1.210429 | acc1=0.6740 | Wμ=10.040 | Aμ=10.145 | Wmax=10.156 | Amax=10.298 |LR=0.00499 | t=9.34s
    10 | base=0.112182 | val=1.276076 | acc1=0.6574 | Wμ=10.060 | Aμ=10.191 | Wmax=10.212 | Amax=10.375 |LR=0.00549 | t=9.32s
    11 | base=0.162326 | val=1.342413 | acc1=0.6380 | Wμ=10.085 | Aμ=10.230 | Wmax=10.270 | Amax=10.423 |LR=0.00599 | t=9.30s
    12 | base=0.192838 | val=1.304366 | acc1=0.6487 | Wμ=10.120 | Aμ=10.263 | Wmax=10.359 | Amax=10.508 |LR=0.00649 | t=9.38s
    13 | base=0.221448 | val=1.348622 | acc1=0.6324 | Wμ=10.163 | Aμ=10.307 | Wmax=10.508 | Amax=10.596 |LR=0.00699 | t=9.32s
    14 | base=0.204415 | val=1.316465 | acc1=0.6402 | Wμ=10.205 | Aμ=10.334 | Wmax=10.592 | Amax=10.637 |LR=0.00749 | t=9.35s
    15 | base=0.205097 | val=1.358354 | acc1=0.6326 | Wμ=10.247 | Aμ=10.381 | Wmax=10.757 | Amax=10.742 |LR=0.00799 | t=9.30s
    16 | base=0.224224 | val=1.313767 | acc1=0.6438 | Wμ=10.290 | Aμ=10.434 | Wmax=10.845 | Amax=10.836 |LR=0.00849 | t=9.33s
    17 | base=0.246540 | val=1.408063 | acc1=0.6218 | Wμ=10.338 | Aμ=10.440 | Wmax=11.005 | Amax=10.868 |LR=0.00899 | t=9.38s
    18 | base=0.251047 | val=1.415866 | acc1=0.6154 | Wμ=10.386 | Aμ=10.471 | Wmax=11.130 | Amax=10.885 |LR=0.00949 | t=9.39s
    19 | base=0.228180 | val=1.469308 | acc1=0.6110 | Wμ=10.432 | Aμ=10.520 | Wmax=11.212 | Amax=10.928 |LR=0.00999 | t=9.35s
    20 | base=0.252685 | val=1.392684 | acc1=0.6242 | Wμ=8.856 | Aμ=9.191 | Wmax=9.401 | Amax=10.145 |LR=0.01 | t=9.35s
    21 | base=0.236710 | val=1.364630 | acc1=0.6323 | Wμ=7.141 | Aμ=7.574 | Wmax=7.755 | Amax=8.836 |LR=0.01 | t=9.34s
    22 | base=0.265689 | val=1.432477 | acc1=0.6193 | Wμ=5.657 | Aμ=6.380 | Wmax=6.375 | Amax=7.788 |LR=0.01 | t=9.34s
    23 | base=0.354969 | val=1.596059 | acc1=0.5767 | Wμ=4.362 | Aμ=5.581 | Wmax=5.322 | Amax=7.066 |LR=0.01 | t=9.33s
    24 | base=0.604686 | val=1.809322 | acc1=0.5292 | Wμ=3.289 | Aμ=5.155 | Wmax=4.524 | Amax=6.585 |LR=0.01 | t=9.39s
    25 | base=0.935348 | val=3.258538 | acc1=0.2832 | Wμ=2.484 | Aμ=4.838 | Wmax=4.248 | Amax=6.375 |LR=0.01 | t=9.36s
    26 | base=1.050751 | val=3.249468 | acc1=0.2664 | Wμ=1.837 | Aμ=4.419 | Wmax=3.700 | Amax=5.728 |LR=0.01 | t=9.36s
    27 | base=1.382379 | val=3.734498 | acc1=0.1983 | Wμ=1.458 | Aμ=4.072 | Wmax=3.170 | Amax=5.459 |LR=0.01 | t=9.30s
    28 | base=1.577837 | val=3.882591 | acc1=0.1565 | Wμ=1.282 | Aμ=3.744 | Wmax=2.807 | Amax=5.087 |LR=0.01 | t=9.37s
    29 | base=1.481813 | val=5.912803 | acc1=0.1008 | Wμ=1.153 | Aμ=3.239 | Wmax=2.322 | Amax=4.170 |LR=0.01 | t=9.32s
    30 | base=1.387901 | val=6.702926 | acc1=0.0628 | Wμ=1.070 | Aμ=2.656 | Wmax=2.000 | Amax=3.459 |LR=0.01 | t=9.35s
    31 | base=1.383348 | val=4.116867 | acc1=0.1656 | Wμ=1.033 | Aμ=2.277 | Wmax=2.000 | Amax=3.000 |LR=0.01 | t=9.33s
    32 | base=1.657264 | val=3.604987 | acc1=0.2247 | Wμ=1.014 | Aμ=1.968 | Wmax=1.585 | Amax=2.807 |LR=0.01 | t=9.34s
    33 | base=1.597554 | val=4.271117 | acc1=0.1499 | Wμ=1.000 | Aμ=1.718 | Wmax=1.585 | Amax=2.322 |LR=0.01 | t=9.34s
    34 | base=1.651266 | val=4.053250 | acc1=0.1993 | Wμ=0.994 | Aμ=1.609 | Wmax=1.585 | Amax=2.322 |LR=0.01 | t=9.37s
    35 | base=1.725736 | val=4.985994 | acc1=0.1354 | Wμ=0.992 | Aμ=1.511 | Wmax=1.585 | Amax=2.000 |LR=0.01 | t=9.36s
    36 | base=1.876369 | val=6.276055 | acc1=0.0529 | Wμ=0.991 | Aμ=1.353 | Wmax=1.585 | Amax=2.000 |LR=0.01 | t=9.34s
    37 | base=1.797525 | val=3.458998 | acc1=0.2451 | Wμ=0.989 | Aμ=1.257 | Wmax=1.000 | Amax=2.000 |LR=0.01 | t=9.37s
    38 | base=1.914356 | val=3.258307 | acc1=0.2755 | Wμ=0.987 | Aμ=1.176 | Wmax=1.000 | Amax=1.585 |LR=0.01 | t=9.35s
    39 | base=2.047875 | val=3.993257 | acc1=0.1804 | Wμ=0.986 | Aμ=1.106 | Wmax=1.000 | Amax=1.585 |LR=0.01 | t=9.40s
    40 | base=1.999591 | val=5.633725 | acc1=0.1393 | Wμ=0.986 | Aμ=1.104 | Wmax=1.000 | Amax=1.585 |LR=0.01 | t=9.40s
    41 | base=2.003623 | val=4.327061 | acc1=0.1427 | Wμ=0.985 | Aμ=1.104 | Wmax=1.000 | Amax=1.585 |LR=0.01 | t=9.37s
    42 | base=2.219268 | val=3.677526 | acc1=0.2282 | Wμ=0.984 | Aμ=1.079 | Wmax=1.000 | Amax=1.585 |LR=0.01 | t=9.39s
    43 | base=2.069231 | val=3.920130 | acc1=0.2074 | Wμ=0.984 | Aμ=1.075 | Wmax=1.000 | Amax=1.585 |LR=0.01 | t=9.44s
    44 | base=2.017281 | val=8.915561 | acc1=0.0447 | Wμ=0.983 | Aμ=1.053 | Wmax=1.000 | Amax=1.585 |LR=0.01 | t=9.37s
    45 | base=2.035640 | val=3.153372 | acc1=0.2719 | Wμ=0.981 | Aμ=1.024 | Wmax=1.000 | Amax=1.000 |LR=0.01 | t=9.36s
    46 | base=1.931231 | val=3.637992 | acc1=0.2237 | Wμ=0.981 | Aμ=1.005 | Wmax=1.000 | Amax=1.000 |LR=0.0092908 | t=9.39s
    47 | base=1.894742 | val=3.374863 | acc1=0.2185 | Wμ=0.982 | Aμ=1.006 | Wmax=1.000 | Amax=1.000 |LR=0.008619 | t=9.36s
    48 | base=1.909689 | val=3.471656 | acc1=0.2289 | Wμ=0.980 | Aμ=0.994 | Wmax=1.000 | Amax=1.000 |LR=0.0079958 | t=9.41s
    49 | base=1.837179 | val=3.023195 | acc1=0.2913 | Wμ=0.979 | Aμ=0.991 | Wmax=1.000 | Amax=1.000 |LR=0.0074176 | t=9.43s
    50 | base=1.786185 | val=4.486167 | acc1=0.1729 | Wμ=0.981 | Aμ=0.987 | Wmax=1.000 | Amax=1.000 |LR=0.0068813 | t=9.41s
    51 | base=1.766123 | val=2.780411 | acc1=0.3321 | Wμ=0.981 | Aμ=0.990 | Wmax=1.000 | Amax=1.000 |LR=0.0063837 | t=9.44s
    52 | base=1.776982 | val=3.254184 | acc1=0.2833 | Wμ=0.980 | Aμ=0.989 | Wmax=1.000 | Amax=1.000 |LR=0.0059221 | t=9.42s
    53 | base=1.770438 | val=3.138388 | acc1=0.2830 | Wμ=0.981 | Aμ=0.986 | Wmax=1.000 | Amax=1.000 |LR=0.0054939 | t=9.38s
    54 | base=1.746702 | val=3.082833 | acc1=0.2833 | Wμ=0.982 | Aμ=0.987 | Wmax=1.000 | Amax=1.000 |LR=0.0050966 | t=9.39s
    55 | base=1.790635 | val=3.266719 | acc1=0.2613 | Wμ=0.983 | Aμ=0.987 | Wmax=1.000 | Amax=1.000 |LR=0.0047281 | t=9.42s
    56 | base=1.727435 | val=2.852911 | acc1=0.3248 | Wμ=0.982 | Aμ=0.979 | Wmax=1.000 | Amax=1.000 |LR=0.0043862 | t=9.39s
    57 | base=1.721873 | val=2.887002 | acc1=0.3069 | Wμ=0.982 | Aμ=0.989 | Wmax=1.000 | Amax=1.000 |LR=0.0040691 | t=9.40s
    58 | base=1.701195 | val=2.657070 | acc1=0.3462 | Wμ=0.982 | Aμ=0.982 | Wmax=1.000 | Amax=1.000 |LR=0.0037748 | t=9.44s
    59 | base=1.717324 | val=2.862280 | acc1=0.3144 | Wμ=0.983 | Aμ=0.987 | Wmax=1.000 | Amax=1.000 |LR=0.0035019 | t=9.43s
    60 | base=1.737172 | val=2.752159 | acc1=0.3237 | Wμ=0.983 | Aμ=0.988 | Wmax=1.000 | Amax=1.000 |LR=0.0032487 | t=9.53s
    61 | base=1.669535 | val=2.623882 | acc1=0.3624 | Wμ=0.983 | Aμ=0.991 | Wmax=1.000 | Amax=1.000 |LR=0.0030138 | t=9.44s
    62 | base=1.712832 | val=2.963723 | acc1=0.3245 | Wμ=0.983 | Aμ=0.987 | Wmax=1.000 | Amax=1.000 |LR=0.0027958 | t=9.41s
    63 | base=1.706432 | val=2.439657 | acc1=0.3836 | Wμ=0.984 | Aμ=0.986 | Wmax=1.000 | Amax=1.000 |LR=0.0025937 | t=9.37s
    64 | base=1.722573 | val=3.270458 | acc1=0.2941 | Wμ=0.984 | Aμ=0.987 | Wmax=1.000 | Amax=1.000 |LR=0.0024061 | t=9.39s
    65 | base=1.708697 | val=2.735773 | acc1=0.3467 | Wμ=0.984 | Aμ=0.989 | Wmax=1.000 | Amax=1.000 |LR=0.0022321 | t=9.39s
    66 | base=1.608383 | val=2.693703 | acc1=0.3533 | Wμ=0.985 | Aμ=0.988 | Wmax=1.000 | Amax=1.000 |LR=0.0020707 | t=9.37s
    67 | base=1.634968 | val=2.387301 | acc1=0.3935 | Wμ=0.984 | Aμ=0.987 | Wmax=1.000 | Amax=1.000 |LR=0.001921 | t=9.38s
    68 | base=1.623892 | val=2.874252 | acc1=0.3289 | Wμ=0.986 | Aμ=0.992 | Wmax=1.000 | Amax=1.000 |LR=0.0017821 | t=9.44s
    69 | base=1.634281 | val=2.866287 | acc1=0.3161 | Wμ=0.986 | Aμ=0.992 | Wmax=1.000 | Amax=1.000 |LR=0.0016532 | t=9.41s
