     0 | base=nan | val=1.104183 | acc1=nan | Wμ=nan | Aμ=nan | Wmax=nan | Amax=nan |LR=nan | t=nans
     0 | base=nan | val=1.104352 | acc1=0.7034 | Wμ=11.367 | Aμ=20.000 | Wmax=12.587 | Amax=14.104 |LR=nan | t=nans
     0 | base=nan | val=1.104495 | acc1=0.7028 | Wμ=10.000 | Aμ=20.000 | Wmax=10.000 | Amax=14.105 |LR=nan | t=nans
     0 | base=nan | val=1.104728 | acc1=0.7024 | Wμ=10.000 | Aμ=10.000 | Wmax=10.000 | Amax=9.988 |LR=nan | t=nans
# epoch | BaseLoss | ValLoss | Acc@1 | MeanWBits | MeanABits | MaxWBits | MaxABits | LR | GradNorm | WSat | ASat | NoiseMean | NoiseVar | NoiseCorr | Temp | EpochTime(s)
     0 | base=nan | val=1.111712 | acc1=0.7035 | Wμ=10.000 | Aμ=10.000 | Wmax=10.000 | Amax=9.976 |LR=nan | t=nans
     0 | base=0.095943 | val=1.130618 | acc1=0.6961 | Wμ=10.000 | Aμ=10.001 | Wmax=10.011 | Amax=10.003 |LR=0.00098 | t=9.25s
     1 | base=0.054984 | val=1.113522 | acc1=0.7030 | Wμ=10.001 | Aμ=10.004 | Wmax=10.028 | Amax=10.010 |LR=0.00198 | t=9.30s
     2 | base=0.049845 | val=1.128196 | acc1=0.6959 | Wμ=10.002 | Aμ=10.014 | Wmax=10.055 | Amax=10.022 |LR=0.00298 | t=9.24s
     3 | base=0.046929 | val=1.135709 | acc1=0.6935 | Wμ=10.005 | Aμ=10.032 | Wmax=10.073 | Amax=10.051 |LR=0.00398 | t=9.27s
     4 | base=0.051930 | val=1.172205 | acc1=0.6824 | Wμ=10.010 | Aμ=10.060 | Wmax=10.097 | Amax=10.104 |LR=0.00498 | t=9.29s
     5 | base=0.067630 | val=1.186058 | acc1=0.6811 | Wμ=10.020 | Aμ=10.095 | Wmax=10.114 | Amax=10.156 |LR=0.00598 | t=9.30s
     6 | base=0.122294 | val=1.244251 | acc1=0.6652 | Wμ=10.037 | Aμ=10.131 | Wmax=10.171 | Amax=10.228 |LR=0.00698 | t=9.29s
     7 | base=0.194056 | val=1.377834 | acc1=0.6230 | Wμ=10.068 | Aμ=10.174 | Wmax=10.255 | Amax=10.323 |LR=0.00798 | t=9.24s
     8 | base=0.268022 | val=1.424835 | acc1=0.6149 | Wμ=10.116 | Aμ=10.216 | Wmax=10.398 | Amax=10.423 |LR=0.00898 | t=9.21s
     9 | base=0.255326 | val=1.431031 | acc1=0.6172 | Wμ=10.174 | Aμ=10.251 | Wmax=10.520 | Amax=10.485 |LR=0.00998 | t=9.26s
    10 | base=0.272738 | val=1.430385 | acc1=0.6157 | Wμ=10.229 | Aμ=10.285 | Wmax=10.619 | Amax=10.551 |LR=0.01098 | t=9.22s
    11 | base=0.287665 | val=1.572394 | acc1=0.5832 | Wμ=10.292 | Aμ=10.327 | Wmax=10.761 | Amax=10.604 |LR=0.01198 | t=9.21s
    12 | base=0.315900 | val=1.423908 | acc1=0.6164 | Wμ=10.355 | Aμ=10.365 | Wmax=10.876 | Amax=10.677 |LR=0.01298 | t=9.25s
    13 | base=0.318676 | val=1.437633 | acc1=0.6120 | Wμ=10.417 | Aμ=10.422 | Wmax=11.029 | Amax=10.730 |LR=0.01398 | t=9.28s
    14 | base=0.327383 | val=1.509650 | acc1=0.5972 | Wμ=10.485 | Aμ=10.517 | Wmax=11.142 | Amax=10.892 |LR=0.01498 | t=9.30s
    15 | base=0.344465 | val=1.453636 | acc1=0.6122 | Wμ=10.554 | Aμ=10.534 | Wmax=11.284 | Amax=10.978 |LR=0.01598 | t=9.29s
    16 | base=0.333199 | val=1.400027 | acc1=0.6266 | Wμ=10.623 | Aμ=10.573 | Wmax=11.495 | Amax=11.106 |LR=0.01698 | t=9.32s
    17 | base=0.338693 | val=1.511540 | acc1=0.5989 | Wμ=10.693 | Aμ=10.632 | Wmax=11.510 | Amax=11.142 |LR=0.01798 | t=9.27s
    18 | base=0.346100 | val=1.467493 | acc1=0.6070 | Wμ=10.763 | Aμ=10.657 | Wmax=11.587 | Amax=11.122 |LR=0.01898 | t=9.28s
    19 | base=0.351222 | val=1.620283 | acc1=0.5724 | Wμ=10.832 | Aμ=10.699 | Wmax=11.676 | Amax=11.143 |LR=0.01998 | t=9.30s
    20 | base=0.348450 | val=1.477947 | acc1=0.6073 | Wμ=7.351 | Aμ=7.280 | Wmax=8.039 | Amax=8.788 |LR=0.02 | t=9.38s
    21 | base=0.481849 | val=1.589770 | acc1=0.5792 | Wμ=4.035 | Aμ=4.790 | Wmax=4.807 | Amax=6.426 |LR=0.02 | t=9.27s
    22 | base=1.476228 | val=3.941682 | acc1=0.1820 | Wμ=2.046 | Aμ=4.339 | Wmax=3.700 | Amax=5.883 |LR=0.02 | t=9.31s
    23 | base=1.849062 | val=8.366920 | acc1=0.0473 | Wμ=1.330 | Aμ=3.683 | Wmax=3.000 | Amax=4.907 |LR=0.02 | t=9.29s
    24 | base=1.660983 | val=4.138232 | acc1=0.1583 | Wμ=1.114 | Aμ=2.803 | Wmax=2.585 | Amax=3.907 |LR=0.02 | t=9.28s
    25 | base=1.697168 | val=6.225414 | acc1=0.0826 | Wμ=1.030 | Aμ=2.094 | Wmax=2.000 | Amax=2.807 |LR=0.02 | t=9.30s
    26 | base=1.890688 | val=4.481778 | acc1=0.1354 | Wμ=1.001 | Aμ=1.705 | Wmax=1.585 | Amax=2.322 |LR=0.02 | t=9.27s
    27 | base=1.843808 | val=3.613998 | acc1=0.2218 | Wμ=0.988 | Aμ=1.459 | Wmax=1.585 | Amax=2.000 |LR=0.02 | t=9.28s
    28 | base=2.167105 | val=4.118784 | acc1=0.2039 | Wμ=0.985 | Aμ=1.283 | Wmax=1.000 | Amax=2.000 |LR=0.02 | t=9.31s
    29 | base=2.183767 | val=3.331960 | acc1=0.2566 | Wμ=0.980 | Aμ=1.161 | Wmax=1.000 | Amax=1.585 |LR=0.02 | t=9.27s
    30 | base=2.242214 | val=3.267964 | acc1=0.2319 | Wμ=0.979 | Aμ=1.090 | Wmax=1.000 | Amax=1.585 |LR=0.02 | t=9.24s
    31 | base=2.235434 | val=4.153280 | acc1=0.1688 | Wμ=0.979 | Aμ=1.085 | Wmax=1.000 | Amax=1.585 |LR=0.02 | t=9.30s
    32 | base=2.192367 | val=3.906860 | acc1=0.1813 | Wμ=0.976 | Aμ=1.049 | Wmax=1.000 | Amax=1.585 |LR=0.02 | t=9.24s
    33 | base=2.159114 | val=5.034725 | acc1=0.1179 | Wμ=0.973 | Aμ=0.985 | Wmax=1.000 | Amax=1.000 |LR=0.02 | t=9.32s
    34 | base=2.090784 | val=3.255713 | acc1=0.2605 | Wμ=0.969 | Aμ=0.983 | Wmax=1.000 | Amax=1.000 |LR=0.018582 | t=9.34s
    35 | base=2.000417 | val=3.184170 | acc1=0.2798 | Wμ=0.969 | Aμ=0.973 | Wmax=1.000 | Amax=1.000 |LR=0.017238 | t=9.34s
    36 | base=1.941237 | val=3.174479 | acc1=0.2584 | Wμ=0.969 | Aμ=0.958 | Wmax=1.000 | Amax=1.000 |LR=0.015992 | t=9.28s
    37 | base=1.928625 | val=3.468246 | acc1=0.2481 | Wμ=0.967 | Aμ=0.976 | Wmax=1.000 | Amax=1.000 |LR=0.014835 | t=9.32s
    38 | base=1.877437 | val=3.093655 | acc1=0.2741 | Wμ=0.967 | Aμ=0.945 | Wmax=1.000 | Amax=1.000 |LR=0.013763 | t=9.30s
    39 | base=1.872778 | val=3.651495 | acc1=0.2282 | Wμ=0.966 | Aμ=0.966 | Wmax=1.000 | Amax=1.000 |LR=0.012767 | t=9.32s
