     0 | base=nan | val=nan | acc1=0.7031 | Wμ=nan | Aμ=nan | Wmax=nan | Amax=nan |LR=nan | t=nans
     0 | base=nan | val=1.104401 | acc1=0.7032 | Wμ=11.367 | Aμ=20.000 | Wmax=12.587 | Amax=14.104 |LR=nan | t=nans
     0 | base=nan | val=1.104483 | acc1=0.7030 | Wμ=10.000 | Aμ=20.000 | Wmax=10.000 | Amax=14.105 |LR=nan | t=nans
     0 | base=nan | val=1.104656 | acc1=0.7024 | Wμ=10.000 | Aμ=10.000 | Wmax=10.000 | Amax=9.987 |LR=nan | t=nans
# epoch | BaseLoss | ValLoss | Acc@1 | MeanWBits | MeanABits | MaxWBits | MaxABits | LR | EpochTime(s)
     0 | base=nan | val=1.111653 | acc1=0.7025 | Wμ=10.000 | Aμ=10.000 | Wmax=10.000 | Amax=9.976 |LR=nan | t=nans
     0 | base=0.095064 | val=1.133052 | acc1=0.6954 | Wμ=10.000 | Aμ=10.001 | Wmax=10.011 | Amax=10.001 |LR=0.00098 | t=10.51s
     1 | base=0.056555 | val=1.123757 | acc1=0.6997 | Wμ=10.001 | Aμ=10.004 | Wmax=10.027 | Amax=10.007 |LR=0.00198 | t=9.27s
     2 | base=0.047694 | val=1.143443 | acc1=0.6932 | Wμ=10.002 | Aμ=10.012 | Wmax=10.057 | Amax=10.025 |LR=0.00298 | t=9.31s
     3 | base=0.043416 | val=1.147891 | acc1=0.6911 | Wμ=10.005 | Aμ=10.029 | Wmax=10.085 | Amax=10.081 |LR=0.00398 | t=9.27s
     4 | base=0.054803 | val=1.164537 | acc1=0.6875 | Wμ=10.010 | Aμ=10.055 | Wmax=10.093 | Amax=10.139 |LR=0.00498 | t=9.29s
     5 | base=0.071214 | val=1.185408 | acc1=0.6815 | Wμ=10.020 | Aμ=10.092 | Wmax=10.143 | Amax=10.192 |LR=0.00598 | t=9.30s
     6 | base=0.109813 | val=1.281746 | acc1=0.6562 | Wμ=10.037 | Aμ=10.128 | Wmax=10.177 | Amax=10.259 |LR=0.00698 | t=9.31s
     7 | base=0.190886 | val=1.461471 | acc1=0.6176 | Wμ=10.071 | Aμ=10.176 | Wmax=10.273 | Amax=10.319 |LR=0.00798 | t=9.30s
     8 | base=0.274289 | val=1.312681 | acc1=0.6394 | Wμ=10.115 | Aμ=10.233 | Wmax=10.425 | Amax=10.386 |LR=0.00898 | t=9.30s
     9 | base=0.280690 | val=1.442287 | acc1=0.6159 | Wμ=10.171 | Aμ=10.281 | Wmax=10.507 | Amax=10.497 |LR=0.00998 | t=9.32s
    10 | base=0.273914 | val=1.423313 | acc1=0.6171 | Wμ=10.228 | Aμ=10.314 | Wmax=10.640 | Amax=10.486 |LR=0.01098 | t=9.33s
    11 | base=0.308772 | val=1.583386 | acc1=0.5775 | Wμ=10.283 | Aμ=10.328 | Wmax=10.730 | Amax=10.481 |LR=0.01198 | t=9.28s
    12 | base=0.315483 | val=1.530165 | acc1=0.5911 | Wμ=10.353 | Aμ=10.379 | Wmax=10.801 | Amax=10.513 |LR=0.01298 | t=9.30s
    13 | base=0.301292 | val=1.619377 | acc1=0.5764 | Wμ=10.421 | Aμ=10.399 | Wmax=10.930 | Amax=10.612 |LR=0.01398 | t=9.32s
    14 | base=0.345545 | val=1.515005 | acc1=0.6017 | Wμ=10.481 | Aμ=10.441 | Wmax=11.057 | Amax=10.643 |LR=0.01498 | t=9.30s
    15 | base=0.310602 | val=1.488154 | acc1=0.6023 | Wμ=10.555 | Aμ=10.513 | Wmax=11.114 | Amax=10.788 |LR=0.01598 | t=9.30s
    16 | base=0.321302 | val=1.560412 | acc1=0.5839 | Wμ=10.623 | Aμ=10.562 | Wmax=11.200 | Amax=10.900 |LR=0.01698 | t=9.29s
    17 | base=0.315134 | val=1.530534 | acc1=0.5910 | Wμ=10.692 | Aμ=10.597 | Wmax=11.251 | Amax=10.933 |LR=0.01798 | t=9.30s
    18 | base=0.344460 | val=1.536322 | acc1=0.5976 | Wμ=10.758 | Aμ=10.677 | Wmax=11.384 | Amax=11.008 |LR=0.01898 | t=9.31s
    19 | base=0.353759 | val=1.586513 | acc1=0.5869 | Wμ=10.825 | Aμ=10.731 | Wmax=11.514 | Amax=11.142 |LR=0.01998 | t=9.28s
    20 | base=0.341622 | val=1.580604 | acc1=0.5802 | Wμ=7.341 | Aμ=7.362 | Wmax=7.931 | Amax=8.830 |LR=0.02 | t=9.31s
    21 | base=0.464104 | val=2.092835 | acc1=0.4746 | Wμ=4.026 | Aμ=5.096 | Wmax=4.954 | Amax=6.539 |LR=0.02 | t=9.30s
    22 | base=1.430410 | val=5.889633 | acc1=0.0918 | Wμ=2.018 | Aμ=4.698 | Wmax=3.700 | Amax=6.170 |LR=0.02 | t=9.32s
    23 | base=1.939089 | val=9.358724 | acc1=0.0319 | Wμ=1.324 | Aμ=3.934 | Wmax=3.170 | Amax=5.555 |LR=0.02 | t=9.32s
    24 | base=1.858984 | val=6.641849 | acc1=0.0390 | Wμ=1.112 | Aμ=3.019 | Wmax=2.585 | Amax=4.585 |LR=0.02 | t=9.33s
    25 | base=1.754226 | val=5.622017 | acc1=0.0482 | Wμ=1.025 | Aμ=2.043 | Wmax=2.000 | Amax=2.807 |LR=0.02 | t=9.31s
    26 | base=1.776760 | val=4.351761 | acc1=0.1457 | Wμ=0.998 | Aμ=1.688 | Wmax=1.585 | Amax=2.322 |LR=0.02 | t=9.30s
    27 | base=1.871031 | val=3.621643 | acc1=0.2453 | Wμ=0.988 | Aμ=1.480 | Wmax=1.000 | Amax=2.000 |LR=0.02 | t=9.33s
    28 | base=2.104528 | val=4.419532 | acc1=0.1559 | Wμ=0.985 | Aμ=1.273 | Wmax=1.585 | Amax=1.585 |LR=0.02 | t=9.36s
    29 | base=2.219495 | val=3.785799 | acc1=0.2315 | Wμ=0.981 | Aμ=1.152 | Wmax=1.000 | Amax=1.585 |LR=0.02 | t=9.41s
    30 | base=2.016452 | val=5.402868 | acc1=0.1245 | Wμ=0.979 | Aμ=1.087 | Wmax=1.000 | Amax=1.585 |LR=0.02 | t=9.37s
    31 | base=2.285149 | val=3.652764 | acc1=0.2096 | Wμ=0.976 | Aμ=1.073 | Wmax=1.000 | Amax=1.585 |LR=0.02 | t=9.39s
    32 | base=2.143832 | val=6.260998 | acc1=0.0930 | Wμ=0.975 | Aμ=1.057 | Wmax=1.000 | Amax=1.000 |LR=0.02 | t=9.35s
    33 | base=2.148725 | val=3.616139 | acc1=0.2449 | Wμ=0.972 | Aμ=1.006 | Wmax=1.000 | Amax=1.585 |LR=0.018582 | t=9.32s
    34 | base=2.139609 | val=3.811842 | acc1=0.2182 | Wμ=0.971 | Aμ=0.979 | Wmax=1.000 | Amax=1.000 |LR=0.018554 | t=9.41s
    35 | base=2.019197 | val=3.668090 | acc1=0.2295 | Wμ=0.968 | Aμ=0.962 | Wmax=1.000 | Amax=1.000 |LR=0.017238 | t=9.39s
    36 | base=1.941335 | val=3.716020 | acc1=0.2241 | Wμ=0.967 | Aμ=0.953 | Wmax=1.000 | Amax=1.000 |LR=0.015992 | t=9.38s
    37 | base=2.017688 | val=4.862535 | acc1=0.1451 | Wμ=0.966 | Aμ=0.965 | Wmax=1.000 | Amax=1.000 |LR=0.014835 | t=9.35s
    38 | base=1.949701 | val=4.625356 | acc1=0.1542 | Wμ=0.967 | Aμ=0.961 | Wmax=1.000 | Amax=1.000 |LR=0.013763 | t=9.35s
    39 | base=1.877991 | val=3.345901 | acc1=0.2337 | Wμ=0.967 | Aμ=0.969 | Wmax=1.000 | Amax=1.000 |LR=0.012767 | t=9.39s
    40 | base=1.881067 | val=4.224439 | acc1=0.1773 | Wμ=0.968 | Aμ=0.956 | Wmax=1.000 | Amax=1.000 |LR=0.011844 | t=9.36s
    41 | base=1.847201 | val=3.898180 | acc1=0.1820 | Wμ=0.968 | Aμ=0.966 | Wmax=1.000 | Amax=1.000 |LR=0.010988 | t=9.38s
    42 | base=1.891063 | val=6.335334 | acc1=0.0693 | Wμ=0.967 | Aμ=0.964 | Wmax=1.000 | Amax=1.000 |LR=0.010193 | t=9.35s
    43 | base=1.802778 | val=3.279131 | acc1=0.2748 | Wμ=0.966 | Aμ=0.950 | Wmax=1.000 | Amax=1.000 |LR=0.0094562 | t=9.40s
    44 | base=1.784292 | val=3.196067 | acc1=0.2873 | Wμ=0.968 | Aμ=0.958 | Wmax=1.000 | Amax=1.000 |LR=0.0087724 | t=9.41s
    45 | base=1.762903 | val=2.736803 | acc1=0.3237 | Wμ=0.967 | Aμ=0.966 | Wmax=1.000 | Amax=1.000 |LR=0.0081381 | t=9.37s
    46 | base=1.752028 | val=2.829801 | acc1=0.3168 | Wμ=0.967 | Aμ=0.961 | Wmax=1.000 | Amax=1.000 |LR=0.0075497 | t=9.39s
    47 | base=1.762941 | val=3.179078 | acc1=0.2870 | Wμ=0.967 | Aμ=0.973 | Wmax=1.000 | Amax=1.000 |LR=0.0070037 | t=9.41s
    48 | base=1.771591 | val=3.012558 | acc1=0.2931 | Wμ=0.969 | Aμ=0.956 | Wmax=1.000 | Amax=1.000 |LR=0.0064973 | t=9.40s
    49 | base=1.743144 | val=3.095587 | acc1=0.3022 | Wμ=0.968 | Aμ=0.955 | Wmax=1.000 | Amax=1.000 |LR=0.0060275 | t=9.41s
