     0 | base=nan | val=nan | acc1=0.7031 | Wμ=nan | Aμ=nan | Wmax=nan | Amax=nan |LR=nan | t=nans
     0 | base=nan | val=1.104401 | acc1=0.7032 | Wμ=11.367 | Aμ=20.000 | Wmax=12.587 | Amax=14.104 |LR=nan | t=nans
     0 | base=nan | val=1.104483 | acc1=0.7030 | Wμ=10.000 | Aμ=20.000 | Wmax=10.000 | Amax=14.105 |LR=nan | t=nans
     0 | base=nan | val=1.104656 | acc1=0.7024 | Wμ=10.000 | Aμ=10.000 | Wmax=10.000 | Amax=9.987 |LR=nan | t=nans
# epoch | BaseLoss | ValLoss | Acc@1 | MeanWBits | MeanABits | MaxWBits | MaxABits | LR | EpochTime(s)
     0 | base=nan | val=1.111653 | acc1=0.7025 | Wμ=10.000 | Aμ=10.000 | Wmax=10.000 | Amax=9.976 |LR=nan | t=nans
     0 | base=0.123316 | val=1.128474 | acc1=0.6975 | Wμ=10.000 | Aμ=10.000 | Wmax=10.007 | Amax=10.001 |LR=0.00049 | t=10.57s
     1 | base=0.065432 | val=1.118027 | acc1=0.6985 | Wμ=10.000 | Aμ=10.002 | Wmax=10.018 | Amax=10.006 |LR=0.00099 | t=9.34s
     2 | base=0.048956 | val=1.118874 | acc1=0.6974 | Wμ=10.001 | Aμ=10.006 | Wmax=10.035 | Amax=10.014 |LR=0.00149 | t=9.32s
     3 | base=0.044592 | val=1.119674 | acc1=0.6965 | Wμ=10.002 | Aμ=10.014 | Wmax=10.044 | Amax=10.028 |LR=0.00199 | t=9.34s
     4 | base=0.038174 | val=1.137698 | acc1=0.6945 | Wμ=10.003 | Aμ=10.025 | Wmax=10.058 | Amax=10.051 |LR=0.00249 | t=9.32s
     5 | base=0.039730 | val=1.156729 | acc1=0.6889 | Wμ=10.006 | Aμ=10.038 | Wmax=10.067 | Amax=10.081 |LR=0.00299 | t=9.32s
     6 | base=0.044881 | val=1.141594 | acc1=0.6915 | Wμ=10.011 | Aμ=10.058 | Wmax=10.081 | Amax=10.124 |LR=0.00349 | t=9.37s
     7 | base=0.044643 | val=1.152312 | acc1=0.6899 | Wμ=10.017 | Aμ=10.090 | Wmax=10.102 | Amax=10.177 |LR=0.00399 | t=9.32s
     8 | base=0.056689 | val=1.184617 | acc1=0.6812 | Wμ=10.025 | Aμ=10.123 | Wmax=10.127 | Amax=10.231 |LR=0.00449 | t=9.30s
     9 | base=0.085020 | val=1.207413 | acc1=0.6719 | Wμ=10.039 | Aμ=10.162 | Wmax=10.161 | Amax=10.279 |LR=0.00499 | t=9.33s
    10 | base=0.123080 | val=1.272030 | acc1=0.6574 | Wμ=10.060 | Aμ=10.193 | Wmax=10.212 | Amax=10.363 |LR=0.00549 | t=9.34s
    11 | base=0.161572 | val=1.269833 | acc1=0.6530 | Wμ=10.088 | Aμ=10.232 | Wmax=10.297 | Amax=10.408 |LR=0.00599 | t=9.32s
    12 | base=0.186293 | val=1.321499 | acc1=0.6439 | Wμ=10.126 | Aμ=10.275 | Wmax=10.386 | Amax=10.497 |LR=0.00649 | t=9.35s
    13 | base=0.206531 | val=1.333085 | acc1=0.6360 | Wμ=10.165 | Aμ=10.315 | Wmax=10.511 | Amax=10.582 |LR=0.00699 | t=9.30s
    14 | base=0.224822 | val=1.420165 | acc1=0.6197 | Wμ=10.206 | Aμ=10.356 | Wmax=10.537 | Amax=10.652 |LR=0.00749 | t=9.30s
    15 | base=0.214655 | val=1.339573 | acc1=0.6393 | Wμ=10.248 | Aμ=10.378 | Wmax=10.637 | Amax=10.674 |LR=0.00799 | t=9.34s
    16 | base=0.258139 | val=1.352693 | acc1=0.6339 | Wμ=10.290 | Aμ=10.420 | Wmax=10.745 | Amax=10.736 |LR=0.00849 | t=9.30s
    17 | base=0.236379 | val=1.535058 | acc1=0.5957 | Wμ=10.339 | Aμ=10.439 | Wmax=10.793 | Amax=10.746 |LR=0.00899 | t=9.30s
    18 | base=0.238938 | val=1.316495 | acc1=0.6410 | Wμ=10.382 | Aμ=10.471 | Wmax=10.881 | Amax=10.820 |LR=0.00949 | t=9.29s
    19 | base=0.221674 | val=1.440758 | acc1=0.6096 | Wμ=10.422 | Aμ=10.507 | Wmax=10.942 | Amax=10.887 |LR=0.00999 | t=9.35s
    20 | base=0.225248 | val=1.401268 | acc1=0.6266 | Wμ=8.842 | Aμ=9.154 | Wmax=9.344 | Amax=10.358 |LR=0.01 | t=9.31s
    21 | base=0.268197 | val=1.355662 | acc1=0.6340 | Wμ=7.132 | Aμ=7.610 | Wmax=7.794 | Amax=9.127 |LR=0.01 | t=9.32s
    22 | base=0.289075 | val=1.511830 | acc1=0.5979 | Wμ=5.655 | Aμ=6.388 | Wmax=6.524 | Amax=7.889 |LR=0.01 | t=9.30s
    23 | base=0.379129 | val=1.518150 | acc1=0.5909 | Wμ=4.357 | Aμ=5.547 | Wmax=5.392 | Amax=7.033 |LR=0.01 | t=9.31s
    24 | base=0.686153 | val=1.847699 | acc1=0.5205 | Wμ=3.293 | Aμ=5.139 | Wmax=4.644 | Amax=6.555 |LR=0.01 | t=9.31s
    25 | base=0.900479 | val=4.299616 | acc1=0.2008 | Wμ=2.449 | Aμ=4.860 | Wmax=4.087 | Amax=6.109 |LR=0.01 | t=9.32s
    26 | base=1.150558 | val=4.726328 | acc1=0.1927 | Wμ=1.828 | Aμ=4.542 | Wmax=3.585 | Amax=5.858 |LR=0.01 | t=9.33s
    27 | base=1.344373 | val=3.529728 | acc1=0.1845 | Wμ=1.461 | Aμ=4.126 | Wmax=3.170 | Amax=5.285 |LR=0.01 | t=9.34s
    28 | base=1.468339 | val=5.502031 | acc1=0.0793 | Wμ=1.278 | Aμ=3.753 | Wmax=3.000 | Amax=5.087 |LR=0.01 | t=9.34s
    29 | base=1.423748 | val=5.595096 | acc1=0.0942 | Wμ=1.151 | Aμ=3.232 | Wmax=2.585 | Amax=4.392 |LR=0.01 | t=9.37s
    30 | base=1.392655 | val=7.005098 | acc1=0.0739 | Wμ=1.074 | Aμ=2.692 | Wmax=2.322 | Amax=3.585 |LR=0.01 | t=9.34s
    31 | base=1.438757 | val=4.427800 | acc1=0.1710 | Wμ=1.035 | Aμ=2.321 | Wmax=2.000 | Amax=3.000 |LR=0.01 | t=9.35s
    32 | base=1.417423 | val=3.550235 | acc1=0.2510 | Wμ=1.016 | Aμ=2.014 | Wmax=1.585 | Amax=2.585 |LR=0.01 | t=9.34s
    33 | base=1.564828 | val=2.945702 | acc1=0.3214 | Wμ=1.002 | Aμ=1.753 | Wmax=1.585 | Amax=2.322 |LR=0.01 | t=9.42s
    34 | base=1.689579 | val=4.196891 | acc1=0.1786 | Wμ=0.995 | Aμ=1.634 | Wmax=1.585 | Amax=2.000 |LR=0.01 | t=9.33s
    35 | base=1.691212 | val=6.100231 | acc1=0.1035 | Wμ=0.991 | Aμ=1.531 | Wmax=1.585 | Amax=2.000 |LR=0.01 | t=9.37s
    36 | base=1.829624 | val=3.362034 | acc1=0.2364 | Wμ=0.990 | Aμ=1.369 | Wmax=1.000 | Amax=1.585 |LR=0.01 | t=9.39s
    37 | base=1.950152 | val=3.433833 | acc1=0.2597 | Wμ=0.989 | Aμ=1.266 | Wmax=1.000 | Amax=2.000 |LR=0.01 | t=9.43s
    38 | base=2.088291 | val=4.241814 | acc1=0.1619 | Wμ=0.987 | Aμ=1.177 | Wmax=1.000 | Amax=1.585 |LR=0.01 | t=9.35s
    39 | base=2.025190 | val=3.290395 | acc1=0.2352 | Wμ=0.986 | Aμ=1.116 | Wmax=1.000 | Amax=1.585 |LR=0.01 | t=9.42s
    40 | base=1.942017 | val=3.064261 | acc1=0.2656 | Wμ=0.985 | Aμ=1.104 | Wmax=1.000 | Amax=1.585 |LR=0.01 | t=9.44s
    41 | base=2.069434 | val=3.232664 | acc1=0.2737 | Wμ=0.985 | Aμ=1.101 | Wmax=1.000 | Amax=1.585 |LR=0.01 | t=9.41s
    42 | base=1.986504 | val=3.249256 | acc1=0.2837 | Wμ=0.984 | Aμ=1.083 | Wmax=1.000 | Amax=1.585 |LR=0.01 | t=9.45s
    43 | base=2.011942 | val=3.695783 | acc1=0.1938 | Wμ=0.983 | Aμ=1.073 | Wmax=1.000 | Amax=1.000 |LR=0.01 | t=9.42s
    44 | base=2.104214 | val=3.157158 | acc1=0.2503 | Wμ=0.983 | Aμ=1.044 | Wmax=1.000 | Amax=1.585 |LR=0.0092908 | t=9.39s
    45 | base=1.918610 | val=2.950563 | acc1=0.2880 | Wμ=0.982 | Aμ=1.025 | Wmax=1.000 | Amax=1.000 |LR=0.0092769 | t=9.38s
    46 | base=1.929423 | val=3.370711 | acc1=0.2526 | Wμ=0.981 | Aμ=1.011 | Wmax=1.000 | Amax=1.000 |LR=0.008619 | t=9.44s
    47 | base=1.812779 | val=3.305365 | acc1=0.2332 | Wμ=0.982 | Aμ=1.003 | Wmax=1.000 | Amax=1.000 |LR=0.0079958 | t=9.39s
    48 | base=1.884079 | val=2.807564 | acc1=0.3312 | Wμ=0.981 | Aμ=0.994 | Wmax=1.000 | Amax=1.000 |LR=0.0074176 | t=9.40s
    49 | base=1.785689 | val=3.128083 | acc1=0.2797 | Wμ=0.980 | Aμ=0.981 | Wmax=1.000 | Amax=1.000 |LR=0.0068813 | t=9.41s
    50 | base=1.755199 | val=3.310747 | acc1=0.2638 | Wμ=0.981 | Aμ=0.989 | Wmax=1.000 | Amax=1.000 |LR=0.0063837 | t=9.42s
    51 | base=1.767194 | val=3.100835 | acc1=0.2862 | Wμ=0.982 | Aμ=0.990 | Wmax=1.000 | Amax=1.000 |LR=0.0059221 | t=9.41s
    52 | base=1.825712 | val=2.820226 | acc1=0.3271 | Wμ=0.982 | Aμ=0.986 | Wmax=1.000 | Amax=1.000 |LR=0.0054939 | t=9.41s
    53 | base=1.774067 | val=2.862327 | acc1=0.3039 | Wμ=0.981 | Aμ=0.982 | Wmax=1.000 | Amax=1.000 |LR=0.0050966 | t=9.41s
    54 | base=1.725104 | val=3.030025 | acc1=0.2907 | Wμ=0.981 | Aμ=0.988 | Wmax=1.000 | Amax=1.000 |LR=0.0047281 | t=9.34s
    55 | base=1.749637 | val=3.085613 | acc1=0.2908 | Wμ=0.982 | Aμ=0.988 | Wmax=1.000 | Amax=1.000 |LR=0.0043862 | t=9.38s
    56 | base=1.780275 | val=3.167245 | acc1=0.2666 | Wμ=0.983 | Aμ=0.984 | Wmax=1.000 | Amax=1.000 |LR=0.0040691 | t=9.41s
    57 | base=1.740609 | val=4.148115 | acc1=0.1808 | Wμ=0.983 | Aμ=0.984 | Wmax=1.000 | Amax=1.000 |LR=0.0037748 | t=9.36s
    58 | base=1.746207 | val=3.556437 | acc1=0.2449 | Wμ=0.984 | Aμ=0.986 | Wmax=1.000 | Amax=1.000 |LR=0.0035019 | t=9.37s
    59 | base=1.701780 | val=3.141669 | acc1=0.2774 | Wμ=0.983 | Aμ=0.986 | Wmax=1.000 | Amax=1.000 |LR=0.0032487 | t=9.36s
    60 | base=1.712843 | val=4.981347 | acc1=0.1354 | Wμ=0.983 | Aμ=0.988 | Wmax=1.000 | Amax=1.000 |LR=0.0030138 | t=9.35s
    61 | base=1.698735 | val=2.986738 | acc1=0.3092 | Wμ=0.983 | Aμ=0.990 | Wmax=1.000 | Amax=1.000 |LR=0.0027958 | t=9.41s
    62 | base=1.706020 | val=3.724732 | acc1=0.2135 | Wμ=0.984 | Aμ=0.990 | Wmax=1.000 | Amax=1.000 |LR=0.0025937 | t=9.38s
    63 | base=1.653085 | val=3.281763 | acc1=0.2557 | Wμ=0.985 | Aμ=0.983 | Wmax=1.000 | Amax=1.000 |LR=0.0024061 | t=9.35s
    64 | base=1.607860 | val=3.467790 | acc1=0.2521 | Wμ=0.985 | Aμ=0.991 | Wmax=1.000 | Amax=1.000 |LR=0.0022321 | t=9.36s
    65 | base=1.596293 | val=2.886809 | acc1=0.3254 | Wμ=0.985 | Aμ=0.992 | Wmax=1.000 | Amax=1.000 |LR=0.0020707 | t=9.39s
    66 | base=1.585965 | val=4.421810 | acc1=0.1559 | Wμ=0.985 | Aμ=0.990 | Wmax=1.000 | Amax=1.000 |LR=0.001921 | t=9.50s
    67 | base=1.582824 | val=2.602718 | acc1=0.3603 | Wμ=0.985 | Aμ=0.988 | Wmax=1.000 | Amax=1.000 |LR=0.0017821 | t=9.36s
    68 | base=1.592651 | val=2.390592 | acc1=0.3996 | Wμ=0.986 | Aμ=0.993 | Wmax=1.000 | Amax=1.000 |LR=0.0016532 | t=9.40s
    69 | base=1.641374 | val=2.511754 | acc1=0.3684 | Wμ=0.986 | Aμ=0.990 | Wmax=1.000 | Amax=1.000 |LR=0.0015337 | t=9.35s
