     0 | base=nan | val=nan | acc1=0.7031 | Wμ=nan | Aμ=nan | Wmax=nan | Amax=nan |LR=nan | t=nans
     0 | base=nan | val=1.104401 | acc1=0.7032 | Wμ=11.367 | Aμ=20.000 | Wmax=12.587 | Amax=14.104 |LR=nan | t=nans
     0 | base=nan | val=1.104483 | acc1=0.7030 | Wμ=10.000 | Aμ=20.000 | Wmax=10.000 | Amax=14.105 |LR=nan | t=nans
     0 | base=nan | val=1.104656 | acc1=0.7024 | Wμ=10.000 | Aμ=10.000 | Wmax=10.000 | Amax=9.987 |LR=nan | t=nans
# epoch | BaseLoss | ValLoss | Acc@1 | MeanWBits | MeanABits | MaxWBits | MaxABits | LR | EpochTime(s)
     0 | base=nan | val=1.111653 | acc1=0.7025 | Wμ=10.000 | Aμ=10.000 | Wmax=10.000 | Amax=9.976 |LR=nan | t=nans
     0 | base=0.100946 | val=1.131387 | acc1=0.6967 | Wμ=10.000 | Aμ=10.001 | Wmax=10.011 | Amax=10.001 |LR=0.00098 | t=10.55s
     1 | base=0.054998 | val=1.118941 | acc1=0.7001 | Wμ=10.001 | Aμ=10.004 | Wmax=10.029 | Amax=10.007 |LR=0.00198 | t=9.28s
     2 | base=0.047398 | val=1.131355 | acc1=0.6949 | Wμ=10.002 | Aμ=10.010 | Wmax=10.057 | Amax=10.022 |LR=0.00298 | t=9.30s
     3 | base=0.046284 | val=1.159515 | acc1=0.6846 | Wμ=10.005 | Aμ=10.024 | Wmax=10.063 | Amax=10.055 |LR=0.00398 | t=9.30s
     4 | base=0.049225 | val=1.164602 | acc1=0.6895 | Wμ=10.010 | Aμ=10.050 | Wmax=10.074 | Amax=10.096 |LR=0.00498 | t=9.29s
     5 | base=0.073219 | val=1.190727 | acc1=0.6791 | Wμ=10.020 | Aμ=10.086 | Wmax=10.127 | Amax=10.161 |LR=0.00598 | t=9.31s
     6 | base=0.102513 | val=1.234932 | acc1=0.6646 | Wμ=10.037 | Aμ=10.130 | Wmax=10.155 | Amax=10.233 |LR=0.00698 | t=9.34s
     7 | base=0.171070 | val=1.378095 | acc1=0.6224 | Wμ=10.067 | Aμ=10.166 | Wmax=10.237 | Amax=10.322 |LR=0.00798 | t=9.30s
     8 | base=0.266797 | val=1.419059 | acc1=0.6225 | Wμ=10.115 | Aμ=10.217 | Wmax=10.402 | Amax=10.388 |LR=0.00898 | t=9.29s
     9 | base=0.301911 | val=1.392218 | acc1=0.6279 | Wμ=10.173 | Aμ=10.272 | Wmax=10.549 | Amax=10.512 |LR=0.00998 | t=9.28s
    10 | base=0.286029 | val=1.389183 | acc1=0.6282 | Wμ=10.240 | Aμ=10.302 | Wmax=10.627 | Amax=10.592 |LR=0.01098 | t=9.31s
    11 | base=0.274979 | val=1.423519 | acc1=0.6149 | Wμ=10.301 | Aμ=10.338 | Wmax=10.794 | Amax=10.574 |LR=0.01198 | t=9.30s
    12 | base=0.318223 | val=1.557899 | acc1=0.5917 | Wμ=10.360 | Aμ=10.400 | Wmax=10.866 | Amax=10.718 |LR=0.01298 | t=9.29s
    13 | base=0.321920 | val=1.473473 | acc1=0.6046 | Wμ=10.424 | Aμ=10.442 | Wmax=10.943 | Amax=10.726 |LR=0.01398 | t=9.32s
    14 | base=0.320472 | val=1.495171 | acc1=0.5998 | Wμ=10.495 | Aμ=10.469 | Wmax=11.047 | Amax=10.838 |LR=0.01498 | t=9.34s
    15 | base=0.330627 | val=1.427064 | acc1=0.6192 | Wμ=10.565 | Aμ=10.529 | Wmax=11.156 | Amax=11.053 |LR=0.01598 | t=9.34s
    16 | base=0.335625 | val=1.509617 | acc1=0.6021 | Wμ=10.639 | Aμ=10.603 | Wmax=11.337 | Amax=11.119 |LR=0.01698 | t=9.32s
    17 | base=0.332017 | val=1.485166 | acc1=0.6050 | Wμ=10.706 | Aμ=10.630 | Wmax=11.434 | Amax=11.169 |LR=0.01798 | t=9.31s
    18 | base=0.329871 | val=1.455076 | acc1=0.6113 | Wμ=10.774 | Aμ=10.693 | Wmax=11.521 | Amax=11.451 |LR=0.01898 | t=9.31s
    19 | base=0.308963 | val=1.432856 | acc1=0.6116 | Wμ=10.840 | Aμ=10.756 | Wmax=11.647 | Amax=11.356 |LR=0.01998 | t=9.30s
    20 | base=0.336868 | val=1.473862 | acc1=0.6030 | Wμ=7.363 | Aμ=7.390 | Wmax=8.093 | Amax=9.140 |LR=0.02 | t=9.32s
    21 | base=0.471489 | val=1.695357 | acc1=0.5521 | Wμ=4.046 | Aμ=5.089 | Wmax=5.087 | Amax=6.539 |LR=0.02 | t=9.30s
    22 | base=1.423879 | val=8.766383 | acc1=0.0456 | Wμ=2.031 | Aμ=4.568 | Wmax=3.700 | Amax=5.755 |LR=0.02 | t=9.33s
    23 | base=1.941401 | val=7.383232 | acc1=0.0594 | Wμ=1.346 | Aμ=3.954 | Wmax=3.322 | Amax=5.000 |LR=0.02 | t=9.31s
    24 | base=1.730661 | val=6.496633 | acc1=0.0385 | Wμ=1.115 | Aμ=2.996 | Wmax=2.585 | Amax=4.087 |LR=0.02 | t=9.38s
    25 | base=1.797692 | val=6.422756 | acc1=0.0454 | Wμ=1.025 | Aμ=2.044 | Wmax=2.000 | Amax=2.807 |LR=0.02 | t=9.30s
    26 | base=1.934615 | val=3.058942 | acc1=0.2693 | Wμ=0.997 | Aμ=1.673 | Wmax=2.000 | Amax=2.322 |LR=0.02 | t=9.32s
    27 | base=1.919173 | val=5.299350 | acc1=0.0768 | Wμ=0.987 | Aμ=1.446 | Wmax=1.585 | Amax=2.000 |LR=0.02 | t=9.30s
    28 | base=2.093682 | val=4.435497 | acc1=0.1792 | Wμ=0.983 | Aμ=1.295 | Wmax=1.000 | Amax=1.585 |LR=0.02 | t=9.40s
    29 | base=2.307885 | val=3.803328 | acc1=0.2280 | Wμ=0.981 | Aμ=1.144 | Wmax=1.000 | Amax=1.585 |LR=0.02 | t=9.42s
    30 | base=2.217148 | val=4.480094 | acc1=0.1519 | Wμ=0.977 | Aμ=1.096 | Wmax=1.000 | Amax=1.585 |LR=0.02 | t=9.40s
    31 | base=2.247902 | val=3.190503 | acc1=0.2439 | Wμ=0.977 | Aμ=1.075 | Wmax=1.000 | Amax=1.585 |LR=0.02 | t=9.33s
    32 | base=2.242992 | val=3.201974 | acc1=0.2503 | Wμ=0.974 | Aμ=1.054 | Wmax=1.000 | Amax=1.585 |LR=0.02 | t=9.36s
    33 | base=2.174672 | val=4.086727 | acc1=0.1760 | Wμ=0.972 | Aμ=0.992 | Wmax=1.000 | Amax=1.000 |LR=0.02 | t=9.42s
    34 | base=2.039849 | val=3.505348 | acc1=0.2326 | Wμ=0.969 | Aμ=0.965 | Wmax=1.000 | Amax=1.000 |LR=0.018582 | t=9.43s
    35 | base=2.064821 | val=3.474376 | acc1=0.2235 | Wμ=0.970 | Aμ=0.976 | Wmax=1.000 | Amax=1.000 |LR=0.017238 | t=9.36s
    36 | base=1.979442 | val=3.095330 | acc1=0.2621 | Wμ=0.967 | Aμ=0.969 | Wmax=1.000 | Amax=1.000 |LR=0.015992 | t=9.36s
    37 | base=1.900210 | val=6.065191 | acc1=0.1171 | Wμ=0.967 | Aμ=0.974 | Wmax=1.000 | Amax=1.000 |LR=0.014835 | t=9.40s
    38 | base=1.930145 | val=3.894202 | acc1=0.2167 | Wμ=0.967 | Aμ=0.954 | Wmax=1.000 | Amax=1.000 |LR=0.013763 | t=9.34s
    39 | base=1.951835 | val=3.118999 | acc1=0.2876 | Wμ=0.968 | Aμ=0.956 | Wmax=1.000 | Amax=1.000 |LR=0.012767 | t=9.35s
    40 | base=1.879293 | val=3.330829 | acc1=0.2669 | Wμ=0.966 | Aμ=0.958 | Wmax=1.000 | Amax=1.000 |LR=0.011844 | t=9.37s
    41 | base=1.869540 | val=3.167386 | acc1=0.2786 | Wμ=0.967 | Aμ=0.933 | Wmax=1.000 | Amax=1.000 |LR=0.010988 | t=9.39s
    42 | base=1.865728 | val=3.303048 | acc1=0.2457 | Wμ=0.966 | Aμ=0.955 | Wmax=1.000 | Amax=1.000 |LR=0.010193 | t=9.34s
    43 | base=1.833679 | val=2.740731 | acc1=0.3313 | Wμ=0.966 | Aμ=0.965 | Wmax=1.000 | Amax=1.000 |LR=0.0094562 | t=9.33s
    44 | base=1.753243 | val=3.386555 | acc1=0.2745 | Wμ=0.967 | Aμ=0.936 | Wmax=1.000 | Amax=1.000 |LR=0.0087724 | t=9.36s
    45 | base=1.816998 | val=3.408422 | acc1=0.2455 | Wμ=0.967 | Aμ=0.961 | Wmax=1.000 | Amax=1.000 |LR=0.0081381 | t=9.43s
    46 | base=1.754773 | val=3.591809 | acc1=0.2404 | Wμ=0.968 | Aμ=0.946 | Wmax=1.000 | Amax=1.000 |LR=0.0075497 | t=9.53s
    47 | base=1.748356 | val=2.997729 | acc1=0.3105 | Wμ=0.967 | Aμ=0.959 | Wmax=1.000 | Amax=1.000 |LR=0.0070037 | t=9.42s
    48 | base=1.823319 | val=3.631007 | acc1=0.2187 | Wμ=0.968 | Aμ=0.942 | Wmax=1.000 | Amax=1.000 |LR=0.0064973 | t=9.35s
    49 | base=1.772537 | val=5.515347 | acc1=0.1005 | Wμ=0.969 | Aμ=0.954 | Wmax=1.000 | Amax=1.000 |LR=0.0060275 | t=9.51s
