     0 | base=nan | val=nan | acc1=0.7031 | Wμ=nan | Aμ=nan | Wmax=nan | Amax=nan |LR=nan | t=nans
     0 | base=nan | val=1.104401 | acc1=0.7032 | Wμ=11.367 | Aμ=20.000 | Wmax=12.587 | Amax=14.104 |LR=nan | t=nans
     0 | base=nan | val=1.104483 | acc1=0.7030 | Wμ=10.000 | Aμ=20.000 | Wmax=10.000 | Amax=14.105 |LR=nan | t=nans
     0 | base=nan | val=1.104656 | acc1=0.7024 | Wμ=10.000 | Aμ=10.000 | Wmax=10.000 | Amax=9.987 |LR=nan | t=nans
# epoch | BaseLoss | ValLoss | Acc@1 | MeanWBits | MeanABits | MaxWBits | MaxABits | LR | EpochTime(s)
     0 | base=nan | val=1.111653 | acc1=0.7025 | Wμ=10.000 | Aμ=10.000 | Wmax=10.000 | Amax=9.976 |LR=nan | t=nans
     0 | base=0.096681 | val=1.132557 | acc1=0.6952 | Wμ=10.000 | Aμ=10.001 | Wmax=10.011 | Amax=10.001 |LR=0.00098 | t=10.57s
     1 | base=0.056575 | val=1.120265 | acc1=0.6973 | Wμ=10.001 | Aμ=10.004 | Wmax=10.028 | Amax=10.008 |LR=0.00198 | t=9.28s
     2 | base=0.047860 | val=1.137791 | acc1=0.6924 | Wμ=10.002 | Aμ=10.011 | Wmax=10.053 | Amax=10.028 |LR=0.00298 | t=9.33s
     3 | base=0.040660 | val=1.141059 | acc1=0.6910 | Wμ=10.005 | Aμ=10.027 | Wmax=10.070 | Amax=10.066 |LR=0.00398 | t=9.31s
     4 | base=0.050635 | val=1.159309 | acc1=0.6873 | Wμ=10.011 | Aμ=10.055 | Wmax=10.098 | Amax=10.113 |LR=0.00498 | t=9.32s
     5 | base=0.074761 | val=1.197880 | acc1=0.6742 | Wμ=10.021 | Aμ=10.087 | Wmax=10.111 | Amax=10.173 |LR=0.00598 | t=9.29s
     6 | base=0.122139 | val=1.272766 | acc1=0.6555 | Wμ=10.039 | Aμ=10.126 | Wmax=10.164 | Amax=10.257 |LR=0.00698 | t=9.29s
     7 | base=0.190423 | val=1.378295 | acc1=0.6362 | Wμ=10.071 | Aμ=10.176 | Wmax=10.278 | Amax=10.344 |LR=0.00798 | t=9.31s
     8 | base=0.231488 | val=1.431314 | acc1=0.6208 | Wμ=10.119 | Aμ=10.218 | Wmax=10.399 | Amax=10.423 |LR=0.00898 | t=9.29s
     9 | base=0.282429 | val=1.412793 | acc1=0.6150 | Wμ=10.172 | Aμ=10.268 | Wmax=10.509 | Amax=10.443 |LR=0.00998 | t=9.34s
    10 | base=0.280933 | val=1.379641 | acc1=0.6243 | Wμ=10.231 | Aμ=10.314 | Wmax=10.606 | Amax=10.525 |LR=0.01098 | t=9.32s
    11 | base=0.297132 | val=1.372516 | acc1=0.6289 | Wμ=10.296 | Aμ=10.339 | Wmax=10.838 | Amax=10.611 |LR=0.01198 | t=9.31s
    12 | base=0.340512 | val=1.397331 | acc1=0.6218 | Wμ=10.364 | Aμ=10.412 | Wmax=11.006 | Amax=10.697 |LR=0.01298 | t=9.31s
    13 | base=0.316175 | val=1.686184 | acc1=0.5625 | Wμ=10.430 | Aμ=10.455 | Wmax=11.069 | Amax=10.780 |LR=0.01398 | t=9.34s
    14 | base=0.317388 | val=1.415938 | acc1=0.6177 | Wμ=10.499 | Aμ=10.509 | Wmax=11.200 | Amax=10.823 |LR=0.01498 | t=9.31s
    15 | base=0.320383 | val=1.497871 | acc1=0.6035 | Wμ=10.569 | Aμ=10.494 | Wmax=11.166 | Amax=10.849 |LR=0.01598 | t=9.35s
    16 | base=0.330803 | val=1.537668 | acc1=0.5898 | Wμ=10.639 | Aμ=10.570 | Wmax=11.312 | Amax=11.044 |LR=0.01698 | t=9.36s
    17 | base=0.337042 | val=1.660604 | acc1=0.5678 | Wμ=10.711 | Aμ=10.614 | Wmax=11.450 | Amax=11.174 |LR=0.01798 | t=9.30s
    18 | base=0.308989 | val=1.577173 | acc1=0.5790 | Wμ=10.778 | Aμ=10.717 | Wmax=11.549 | Amax=11.234 |LR=0.01898 | t=9.30s
    19 | base=0.316264 | val=1.644003 | acc1=0.5700 | Wμ=10.845 | Aμ=10.815 | Wmax=11.606 | Amax=11.375 |LR=0.01998 | t=9.33s
    20 | base=0.331902 | val=1.553385 | acc1=0.5942 | Wμ=7.365 | Aμ=7.521 | Wmax=8.039 | Amax=9.162 |LR=0.02 | t=9.34s
    21 | base=0.466649 | val=1.570359 | acc1=0.5821 | Wμ=4.045 | Aμ=5.068 | Wmax=4.755 | Amax=6.443 |LR=0.02 | t=9.30s
    22 | base=1.399941 | val=3.903279 | acc1=0.1767 | Wμ=2.042 | Aμ=4.624 | Wmax=3.459 | Amax=5.755 |LR=0.02 | t=9.33s
    23 | base=1.910878 | val=5.523219 | acc1=0.0552 | Wμ=1.329 | Aμ=4.020 | Wmax=3.000 | Amax=5.129 |LR=0.02 | t=9.36s
    24 | base=1.699861 | val=5.390277 | acc1=0.0729 | Wμ=1.116 | Aμ=2.966 | Wmax=2.585 | Amax=4.087 |LR=0.02 | t=9.39s
    25 | base=1.738299 | val=4.105673 | acc1=0.2028 | Wμ=1.027 | Aμ=2.076 | Wmax=2.000 | Amax=2.807 |LR=0.02 | t=9.40s
    26 | base=1.817917 | val=4.395514 | acc1=0.1648 | Wμ=0.999 | Aμ=1.664 | Wmax=1.585 | Amax=2.322 |LR=0.02 | t=9.36s
    27 | base=1.962987 | val=4.142505 | acc1=0.1925 | Wμ=0.988 | Aμ=1.463 | Wmax=1.585 | Amax=2.000 |LR=0.02 | t=9.43s
    28 | base=2.124111 | val=4.027665 | acc1=0.2061 | Wμ=0.984 | Aμ=1.281 | Wmax=1.000 | Amax=2.000 |LR=0.02 | t=9.42s
    29 | base=2.171285 | val=4.312029 | acc1=0.1708 | Wμ=0.981 | Aμ=1.147 | Wmax=1.000 | Amax=1.585 |LR=0.02 | t=9.42s
    30 | base=2.211282 | val=4.213907 | acc1=0.1538 | Wμ=0.978 | Aμ=1.098 | Wmax=1.000 | Amax=1.585 |LR=0.02 | t=9.40s
    31 | base=2.104948 | val=3.389270 | acc1=0.2357 | Wμ=0.975 | Aμ=1.064 | Wmax=1.000 | Amax=1.585 |LR=0.02 | t=9.39s
    32 | base=2.127888 | val=3.237784 | acc1=0.2291 | Wμ=0.972 | Aμ=1.040 | Wmax=1.000 | Amax=1.000 |LR=0.02 | t=9.36s
    33 | base=2.105306 | val=3.264382 | acc1=0.2583 | Wμ=0.972 | Aμ=0.992 | Wmax=1.000 | Amax=1.000 |LR=0.018582 | t=9.36s
    34 | base=2.006338 | val=2.962378 | acc1=0.3141 | Wμ=0.970 | Aμ=0.975 | Wmax=1.000 | Amax=1.000 |LR=0.017238 | t=9.38s
    35 | base=1.892589 | val=3.702771 | acc1=0.2111 | Wμ=0.970 | Aμ=0.967 | Wmax=1.000 | Amax=1.000 |LR=0.015992 | t=9.41s
    36 | base=2.051518 | val=3.754158 | acc1=0.1952 | Wμ=0.970 | Aμ=0.961 | Wmax=1.000 | Amax=1.000 |LR=0.014835 | t=9.36s
    37 | base=1.910584 | val=3.626235 | acc1=0.2206 | Wμ=0.968 | Aμ=0.965 | Wmax=1.000 | Amax=1.000 |LR=0.013763 | t=9.34s
    38 | base=1.928552 | val=4.363636 | acc1=0.1796 | Wμ=0.968 | Aμ=0.963 | Wmax=1.000 | Amax=1.000 |LR=0.012767 | t=9.36s
    39 | base=1.956860 | val=3.128331 | acc1=0.2823 | Wμ=0.970 | Aμ=0.973 | Wmax=1.000 | Amax=1.000 |LR=0.011844 | t=9.42s
    40 | base=1.880443 | val=3.408739 | acc1=0.2525 | Wμ=0.966 | Aμ=0.965 | Wmax=1.000 | Amax=1.000 |LR=0.010988 | t=9.41s
    41 | base=1.878063 | val=3.896600 | acc1=0.1778 | Wμ=0.967 | Aμ=0.963 | Wmax=1.000 | Amax=1.000 |LR=0.010193 | t=9.42s
    42 | base=1.822698 | val=3.781558 | acc1=0.2109 | Wμ=0.968 | Aμ=0.974 | Wmax=1.000 | Amax=1.000 |LR=0.0094562 | t=9.42s
    43 | base=1.728114 | val=2.963047 | acc1=0.2929 | Wμ=0.968 | Aμ=0.962 | Wmax=1.000 | Amax=1.000 |LR=0.0087724 | t=9.36s
    44 | base=1.768204 | val=3.227297 | acc1=0.2740 | Wμ=0.968 | Aμ=0.956 | Wmax=1.000 | Amax=1.000 |LR=0.0081381 | t=9.42s
    45 | base=1.801489 | val=3.456451 | acc1=0.2369 | Wμ=0.967 | Aμ=0.951 | Wmax=1.000 | Amax=1.000 |LR=0.0075497 | t=9.41s
    46 | base=1.774248 | val=3.348907 | acc1=0.2547 | Wμ=0.968 | Aμ=0.953 | Wmax=1.000 | Amax=1.000 |LR=0.0070037 | t=9.44s
    47 | base=1.628421 | val=3.171009 | acc1=0.2690 | Wμ=0.970 | Aμ=0.969 | Wmax=1.000 | Amax=1.000 |LR=0.0064973 | t=9.42s
    48 | base=1.813412 | val=2.816898 | acc1=0.3317 | Wμ=0.970 | Aμ=0.963 | Wmax=1.000 | Amax=1.000 |LR=0.0060275 | t=9.42s
    49 | base=1.727538 | val=3.582603 | acc1=0.2433 | Wμ=0.969 | Aμ=0.969 | Wmax=1.000 | Amax=1.000 |LR=0.0055917 | t=9.41s
