     0 | base=nan | val=nan | acc1=0.7031 | Wμ=nan | Aμ=nan | Wmax=nan | Amax=nan |LR=nan | t=nans
     0 | base=nan | val=1.104401 | acc1=0.7032 | Wμ=11.367 | Aμ=20.000 | Wmax=12.587 | Amax=14.104 |LR=nan | t=nans
     0 | base=nan | val=1.104483 | acc1=0.7030 | Wμ=10.000 | Aμ=20.000 | Wmax=10.000 | Amax=14.105 |LR=nan | t=nans
     0 | base=nan | val=1.104656 | acc1=0.7024 | Wμ=10.000 | Aμ=10.000 | Wmax=10.000 | Amax=9.987 |LR=nan | t=nans
# epoch | BaseLoss | ValLoss | Acc@1 | MeanWBits | MeanABits | MaxWBits | MaxABits | LR | EpochTime(s)
     0 | base=nan | val=1.111653 | acc1=0.7025 | Wμ=10.000 | Aμ=10.000 | Wmax=10.000 | Amax=9.976 |LR=nan | t=nans
     0 | base=0.091776 | val=1.134126 | acc1=0.6958 | Wμ=10.000 | Aμ=10.001 | Wmax=10.010 | Amax=10.001 |LR=0.00098 | t=10.53s
     1 | base=0.054905 | val=1.119560 | acc1=0.6981 | Wμ=10.001 | Aμ=10.004 | Wmax=10.027 | Amax=10.008 |LR=0.00198 | t=9.30s
     2 | base=0.046768 | val=1.133918 | acc1=0.6931 | Wμ=10.002 | Aμ=10.012 | Wmax=10.053 | Amax=10.022 |LR=0.00298 | t=9.33s
     3 | base=0.043092 | val=1.134966 | acc1=0.6949 | Wμ=10.005 | Aμ=10.030 | Wmax=10.062 | Amax=10.055 |LR=0.00398 | t=9.31s
     4 | base=0.051105 | val=1.148191 | acc1=0.6882 | Wμ=10.009 | Aμ=10.057 | Wmax=10.077 | Amax=10.114 |LR=0.00498 | t=9.30s
     5 | base=0.068248 | val=1.199673 | acc1=0.6727 | Wμ=10.018 | Aμ=10.086 | Wmax=10.107 | Amax=10.174 |LR=0.00598 | t=9.32s
     6 | base=0.122804 | val=1.229355 | acc1=0.6740 | Wμ=10.034 | Aμ=10.134 | Wmax=10.184 | Amax=10.265 |LR=0.00698 | t=9.30s
     7 | base=0.205735 | val=1.367984 | acc1=0.6317 | Wμ=10.066 | Aμ=10.189 | Wmax=10.348 | Amax=10.366 |LR=0.00798 | t=9.32s
     8 | base=0.252047 | val=1.419924 | acc1=0.6176 | Wμ=10.114 | Aμ=10.237 | Wmax=10.409 | Amax=10.424 |LR=0.00898 | t=9.31s
     9 | base=0.250775 | val=1.323836 | acc1=0.6425 | Wμ=10.163 | Aμ=10.294 | Wmax=10.520 | Amax=10.526 |LR=0.00998 | t=9.33s
    10 | base=0.297082 | val=1.525821 | acc1=0.5951 | Wμ=10.220 | Aμ=10.349 | Wmax=10.632 | Amax=10.661 |LR=0.01098 | t=9.35s
    11 | base=0.334948 | val=1.441603 | acc1=0.6140 | Wμ=10.286 | Aμ=10.415 | Wmax=10.747 | Amax=10.779 |LR=0.01198 | t=9.30s
    12 | base=0.304139 | val=1.455441 | acc1=0.6108 | Wμ=10.351 | Aμ=10.468 | Wmax=10.825 | Amax=10.887 |LR=0.01298 | t=9.30s
    13 | base=0.351109 | val=1.450576 | acc1=0.6093 | Wμ=10.421 | Aμ=10.544 | Wmax=10.902 | Amax=10.913 |LR=0.01398 | t=9.33s
    14 | base=0.323686 | val=1.396255 | acc1=0.6190 | Wμ=10.496 | Aμ=10.616 | Wmax=11.097 | Amax=11.043 |LR=0.01498 | t=9.36s
    15 | base=0.323211 | val=1.442436 | acc1=0.6147 | Wμ=10.563 | Aμ=10.653 | Wmax=11.235 | Amax=11.074 |LR=0.01598 | t=9.35s
    16 | base=0.325303 | val=1.453918 | acc1=0.6061 | Wμ=10.627 | Aμ=10.713 | Wmax=11.420 | Amax=11.214 |LR=0.01698 | t=9.36s
    17 | base=0.361921 | val=1.655198 | acc1=0.5670 | Wμ=10.699 | Aμ=10.738 | Wmax=11.605 | Amax=11.271 |LR=0.01798 | t=9.38s
    18 | base=0.331530 | val=1.493992 | acc1=0.5974 | Wμ=10.774 | Aμ=10.802 | Wmax=11.743 | Amax=11.268 |LR=0.01898 | t=9.36s
    19 | base=0.345041 | val=1.587632 | acc1=0.5833 | Wμ=10.836 | Aμ=10.866 | Wmax=11.872 | Amax=11.289 |LR=0.01998 | t=9.31s
    20 | base=0.325884 | val=1.471077 | acc1=0.6040 | Wμ=7.355 | Aμ=7.449 | Wmax=8.124 | Amax=8.867 |LR=0.02 | t=9.36s
    21 | base=0.489871 | val=1.698563 | acc1=0.5571 | Wμ=4.038 | Aμ=5.052 | Wmax=4.807 | Amax=6.392 |LR=0.02 | t=9.32s
    22 | base=1.466593 | val=3.720252 | acc1=0.2037 | Wμ=2.043 | Aμ=4.686 | Wmax=3.907 | Amax=6.022 |LR=0.02 | t=9.37s
    23 | base=1.875365 | val=8.429040 | acc1=0.0496 | Wμ=1.345 | Aμ=3.978 | Wmax=3.000 | Amax=5.358 |LR=0.02 | t=9.37s
    24 | base=1.735377 | val=4.302514 | acc1=0.1269 | Wμ=1.107 | Aμ=2.836 | Wmax=2.322 | Amax=4.000 |LR=0.02 | t=9.37s
    25 | base=1.821992 | val=5.430274 | acc1=0.1077 | Wμ=1.021 | Aμ=2.035 | Wmax=2.000 | Amax=3.000 |LR=0.02 | t=9.36s
    26 | base=2.000147 | val=8.104939 | acc1=0.0430 | Wμ=0.997 | Aμ=1.663 | Wmax=1.585 | Amax=2.322 |LR=0.02 | t=9.40s
    27 | base=1.966744 | val=3.480348 | acc1=0.2432 | Wμ=0.986 | Aμ=1.460 | Wmax=1.585 | Amax=2.000 |LR=0.02 | t=9.39s
    28 | base=1.937306 | val=3.494996 | acc1=0.2327 | Wμ=0.984 | Aμ=1.282 | Wmax=1.585 | Amax=2.000 |LR=0.02 | t=9.35s
    29 | base=2.053189 | val=6.096770 | acc1=0.1242 | Wμ=0.982 | Aμ=1.153 | Wmax=1.000 | Amax=1.585 |LR=0.02 | t=9.43s
    30 | base=2.153472 | val=5.181824 | acc1=0.1307 | Wμ=0.980 | Aμ=1.107 | Wmax=1.000 | Amax=1.585 |LR=0.02 | t=9.34s
    31 | base=2.264741 | val=4.470580 | acc1=0.0976 | Wμ=0.976 | Aμ=1.068 | Wmax=1.000 | Amax=1.585 |LR=0.02 | t=9.39s
    32 | base=2.156574 | val=3.604330 | acc1=0.2270 | Wμ=0.974 | Aμ=1.054 | Wmax=1.000 | Amax=1.585 |LR=0.02 | t=9.35s
    33 | base=2.135459 | val=4.152410 | acc1=0.1609 | Wμ=0.971 | Aμ=0.992 | Wmax=1.000 | Amax=1.000 |LR=0.02 | t=9.40s
    34 | base=2.082889 | val=3.914355 | acc1=0.1789 | Wμ=0.970 | Aμ=0.974 | Wmax=1.000 | Amax=1.000 |LR=0.018582 | t=9.40s
    35 | base=1.994150 | val=4.640347 | acc1=0.1198 | Wμ=0.970 | Aμ=0.953 | Wmax=1.000 | Amax=1.000 |LR=0.017238 | t=9.40s
    36 | base=1.968024 | val=3.639978 | acc1=0.2430 | Wμ=0.968 | Aμ=0.962 | Wmax=1.000 | Amax=1.000 |LR=0.015992 | t=9.42s
    37 | base=1.880356 | val=9.260543 | acc1=0.0479 | Wμ=0.967 | Aμ=0.954 | Wmax=1.000 | Amax=1.000 |LR=0.014835 | t=9.44s
    38 | base=1.900332 | val=4.607409 | acc1=0.1636 | Wμ=0.968 | Aμ=0.958 | Wmax=1.000 | Amax=1.000 |LR=0.013763 | t=9.43s
    39 | base=1.905626 | val=3.853132 | acc1=0.1932 | Wμ=0.967 | Aμ=0.960 | Wmax=1.000 | Amax=1.000 |LR=0.012767 | t=9.38s
    40 | base=1.824472 | val=3.338915 | acc1=0.2631 | Wμ=0.967 | Aμ=0.982 | Wmax=1.000 | Amax=1.000 |LR=0.011844 | t=9.41s
    41 | base=1.830367 | val=3.604357 | acc1=0.2290 | Wμ=0.968 | Aμ=0.941 | Wmax=1.000 | Amax=1.000 |LR=0.010988 | t=9.40s
    42 | base=1.808335 | val=3.074775 | acc1=0.2953 | Wμ=0.966 | Aμ=0.967 | Wmax=1.000 | Amax=1.000 |LR=0.010193 | t=9.41s
    43 | base=1.767923 | val=3.112321 | acc1=0.2599 | Wμ=0.967 | Aμ=0.966 | Wmax=1.000 | Amax=1.000 |LR=0.0094562 | t=9.37s
    44 | base=1.846004 | val=3.013610 | acc1=0.2974 | Wμ=0.966 | Aμ=0.950 | Wmax=1.000 | Amax=1.000 |LR=0.0087724 | t=9.38s
    45 | base=1.764541 | val=5.625760 | acc1=0.1159 | Wμ=0.966 | Aμ=0.969 | Wmax=1.000 | Amax=1.000 |LR=0.0081381 | t=9.38s
    46 | base=1.816383 | val=2.979399 | acc1=0.2908 | Wμ=0.965 | Aμ=0.959 | Wmax=1.000 | Amax=1.000 |LR=0.0075497 | t=9.42s
    47 | base=1.704930 | val=3.291664 | acc1=0.2618 | Wμ=0.966 | Aμ=0.956 | Wmax=1.000 | Amax=1.000 |LR=0.0070037 | t=9.36s
    48 | base=1.767831 | val=2.890332 | acc1=0.3219 | Wμ=0.967 | Aμ=0.957 | Wmax=1.000 | Amax=1.000 |LR=0.0064973 | t=9.41s
    49 | base=1.761122 | val=2.853979 | acc1=0.3070 | Wμ=0.969 | Aμ=0.959 | Wmax=1.000 | Amax=1.000 |LR=0.0060275 | t=9.39s
