     0 | base=nan | val=nan | acc1=0.7031 | Wμ=nan | Aμ=nan | Wmax=nan | Amax=nan |LR=nan | t=nans
     0 | base=nan | val=1.104401 | acc1=0.7032 | Wμ=11.367 | Aμ=20.000 | Wmax=12.587 | Amax=14.104 |LR=nan | t=nans
     0 | base=nan | val=1.104483 | acc1=0.7030 | Wμ=10.000 | Aμ=20.000 | Wmax=10.000 | Amax=14.105 |LR=nan | t=nans
     0 | base=nan | val=1.104656 | acc1=0.7024 | Wμ=10.000 | Aμ=10.000 | Wmax=10.000 | Amax=9.987 |LR=nan | t=nans
# epoch | BaseLoss | ValLoss | Acc@1 | MeanWBits | MeanABits | MaxWBits | MaxABits | LR | EpochTime(s)
     0 | base=nan | val=1.111653 | acc1=0.7025 | Wμ=10.000 | Aμ=10.000 | Wmax=10.000 | Amax=9.976 |LR=nan | t=nans
     0 | base=0.191777 | val=1.153127 | acc1=0.6966 | Wμ=10.000 | Aμ=10.000 | Wmax=10.001 | Amax=10.000 |LR=9.8e-05 | t=10.54s
     1 | base=0.116672 | val=1.123018 | acc1=0.7000 | Wμ=10.000 | Aμ=10.000 | Wmax=10.007 | Amax=10.001 |LR=0.000198 | t=9.34s
     2 | base=0.081897 | val=1.118679 | acc1=0.6994 | Wμ=10.000 | Aμ=10.001 | Wmax=10.013 | Amax=10.003 |LR=0.000298 | t=9.30s
     3 | base=0.061978 | val=1.115453 | acc1=0.6987 | Wμ=10.000 | Aμ=10.003 | Wmax=10.020 | Amax=10.004 |LR=0.000398 | t=9.30s
     4 | base=0.051713 | val=1.113431 | acc1=0.6990 | Wμ=10.001 | Aμ=10.005 | Wmax=10.028 | Amax=10.007 |LR=0.000498 | t=9.35s
     5 | base=0.042681 | val=1.114341 | acc1=0.7003 | Wμ=10.001 | Aμ=10.007 | Wmax=10.038 | Amax=10.010 |LR=0.000598 | t=9.29s
     6 | base=0.040066 | val=1.109294 | acc1=0.7003 | Wμ=10.001 | Aμ=10.011 | Wmax=10.043 | Amax=10.016 |LR=0.000698 | t=9.28s
     7 | base=0.034791 | val=1.111695 | acc1=0.6986 | Wμ=10.002 | Aμ=10.015 | Wmax=10.055 | Amax=10.022 |LR=0.000798 | t=9.33s
     8 | base=0.030446 | val=1.115832 | acc1=0.6964 | Wμ=10.003 | Aμ=10.021 | Wmax=10.067 | Amax=10.031 |LR=0.000898 | t=9.30s
     9 | base=0.027533 | val=1.114730 | acc1=0.6997 | Wμ=10.003 | Aμ=10.029 | Wmax=10.066 | Amax=10.047 |LR=0.000998 | t=9.27s
    10 | base=0.025782 | val=1.125120 | acc1=0.6965 | Wμ=10.005 | Aμ=10.039 | Wmax=10.071 | Amax=10.059 |LR=0.001098 | t=9.35s
    11 | base=0.025899 | val=1.125659 | acc1=0.6964 | Wμ=10.006 | Aμ=10.051 | Wmax=10.070 | Amax=10.081 |LR=0.001198 | t=9.28s
    12 | base=0.023874 | val=1.119891 | acc1=0.6970 | Wμ=10.008 | Aμ=10.064 | Wmax=10.070 | Amax=10.102 |LR=0.001298 | t=9.29s
    13 | base=0.020968 | val=1.120494 | acc1=0.6964 | Wμ=10.009 | Aμ=10.079 | Wmax=10.071 | Amax=10.128 |LR=0.001398 | t=9.30s
    14 | base=0.024853 | val=1.127506 | acc1=0.6934 | Wμ=10.012 | Aμ=10.095 | Wmax=10.079 | Amax=10.161 |LR=0.001498 | t=9.33s
    15 | base=0.023262 | val=1.124944 | acc1=0.6925 | Wμ=10.015 | Aμ=10.112 | Wmax=10.094 | Amax=10.199 |LR=0.001598 | t=9.28s
    16 | base=0.025507 | val=1.140114 | acc1=0.6892 | Wμ=10.018 | Aμ=10.130 | Wmax=10.102 | Amax=10.234 |LR=0.001698 | t=9.30s
    17 | base=0.027602 | val=1.131416 | acc1=0.6930 | Wμ=10.021 | Aμ=10.153 | Wmax=10.107 | Amax=10.275 |LR=0.001798 | t=9.31s
    18 | base=0.028326 | val=1.139509 | acc1=0.6911 | Wμ=10.025 | Aμ=10.175 | Wmax=10.106 | Amax=10.320 |LR=0.001898 | t=9.30s
    19 | base=0.032344 | val=1.131720 | acc1=0.6931 | Wμ=10.029 | Aμ=10.203 | Wmax=10.118 | Amax=10.370 |LR=0.001998 | t=9.35s
    20 | base=0.034846 | val=1.162049 | acc1=0.6867 | Wμ=9.857 | Aμ=10.161 | Wmax=9.989 | Amax=10.398 |LR=0.002 | t=9.32s
    21 | base=0.036494 | val=1.154012 | acc1=0.6872 | Wμ=9.562 | Aμ=9.978 | Wmax=9.806 | Amax=10.374 |LR=0.002 | t=9.32s
    22 | base=0.034469 | val=1.145144 | acc1=0.6908 | Wμ=9.283 | Aμ=9.728 | Wmax=9.602 | Amax=10.307 |LR=0.002 | t=9.32s
    23 | base=0.035483 | val=1.153901 | acc1=0.6859 | Wμ=9.021 | Aμ=9.467 | Wmax=9.388 | Amax=10.176 |LR=0.002 | t=9.30s
    24 | base=0.036948 | val=1.177886 | acc1=0.6818 | Wμ=8.773 | Aμ=9.221 | Wmax=9.190 | Amax=10.015 |LR=0.002 | t=9.28s
    25 | base=0.042131 | val=1.158330 | acc1=0.6839 | Wμ=8.534 | Aμ=8.991 | Wmax=9.000 | Amax=9.847 |LR=0.002 | t=9.29s
    26 | base=0.040893 | val=1.154770 | acc1=0.6869 | Wμ=8.305 | Aμ=8.780 | Wmax=8.814 | Amax=9.704 |LR=0.002 | t=9.28s
    27 | base=0.056024 | val=1.181579 | acc1=0.6785 | Wμ=8.083 | Aμ=8.591 | Wmax=8.633 | Amax=9.617 |LR=0.002 | t=9.35s
    28 | base=0.050005 | val=1.147116 | acc1=0.6886 | Wμ=7.867 | Aμ=8.406 | Wmax=8.455 | Amax=9.490 |LR=0.002 | t=9.34s
    29 | base=0.053276 | val=1.183304 | acc1=0.6792 | Wμ=7.654 | Aμ=8.225 | Wmax=8.281 | Amax=9.326 |LR=0.002 | t=9.31s
    30 | base=0.059183 | val=1.162898 | acc1=0.6804 | Wμ=7.444 | Aμ=8.054 | Wmax=8.114 | Amax=9.212 |LR=0.002 | t=9.34s
    31 | base=0.059928 | val=1.170141 | acc1=0.6822 | Wμ=7.237 | Aμ=7.891 | Wmax=7.943 | Amax=9.134 |LR=0.002 | t=9.30s
    32 | base=0.066795 | val=1.180356 | acc1=0.6806 | Wμ=7.033 | Aμ=7.728 | Wmax=7.775 | Amax=9.006 |LR=0.002 | t=9.35s
    33 | base=0.067588 | val=1.179891 | acc1=0.6771 | Wμ=6.831 | Aμ=7.575 | Wmax=7.607 | Amax=8.873 |LR=0.002 | t=9.30s
    34 | base=0.074161 | val=1.191633 | acc1=0.6772 | Wμ=6.632 | Aμ=7.424 | Wmax=7.459 | Amax=8.778 |LR=0.002 | t=9.34s
    35 | base=0.083616 | val=1.179418 | acc1=0.6790 | Wμ=6.434 | Aμ=7.282 | Wmax=7.304 | Amax=8.644 |LR=0.002 | t=9.46s
    36 | base=0.091649 | val=1.204866 | acc1=0.6761 | Wμ=6.235 | Aμ=7.144 | Wmax=7.150 | Amax=8.524 |LR=0.002 | t=9.38s
    37 | base=0.090661 | val=1.224368 | acc1=0.6651 | Wμ=6.037 | Aμ=7.026 | Wmax=7.000 | Amax=8.422 |LR=0.002 | t=9.36s
    38 | base=0.100987 | val=1.180278 | acc1=0.6779 | Wμ=5.840 | Aμ=6.896 | Wmax=6.845 | Amax=8.331 |LR=0.002 | t=9.39s
    39 | base=0.109089 | val=1.252068 | acc1=0.6625 | Wμ=5.641 | Aμ=6.764 | Wmax=6.687 | Amax=8.243 |LR=0.002 | t=9.34s
    40 | base=0.119487 | val=1.240531 | acc1=0.6614 | Wμ=5.445 | Aμ=6.632 | Wmax=6.539 | Amax=8.124 |LR=0.002 | t=9.33s
    41 | base=0.129362 | val=1.231466 | acc1=0.6690 | Wμ=5.249 | Aμ=6.502 | Wmax=6.375 | Amax=8.022 |LR=0.002 | t=9.30s
    42 | base=0.138043 | val=1.310622 | acc1=0.6421 | Wμ=5.052 | Aμ=6.384 | Wmax=6.209 | Amax=7.943 |LR=0.002 | t=9.35s
    43 | base=0.165456 | val=1.257096 | acc1=0.6616 | Wμ=4.859 | Aμ=6.265 | Wmax=6.066 | Amax=7.801 |LR=0.002 | t=9.34s
    44 | base=0.180441 | val=1.461847 | acc1=0.6105 | Wμ=4.664 | Aμ=6.155 | Wmax=5.907 | Amax=7.693 |LR=0.002 | t=9.33s
    45 | base=0.175932 | val=1.308559 | acc1=0.6478 | Wμ=4.467 | Aμ=6.047 | Wmax=5.755 | Amax=7.637 |LR=0.002 | t=9.39s
    46 | base=0.203915 | val=1.367934 | acc1=0.6314 | Wμ=4.275 | Aμ=5.955 | Wmax=5.615 | Amax=7.585 |LR=0.002 | t=9.44s
    47 | base=0.211593 | val=1.289510 | acc1=0.6513 | Wμ=4.083 | Aμ=5.857 | Wmax=5.459 | Amax=7.459 |LR=0.002 | t=9.36s
    48 | base=0.203309 | val=1.340778 | acc1=0.6338 | Wμ=3.887 | Aμ=5.769 | Wmax=5.285 | Amax=7.358 |LR=0.002 | t=9.44s
    49 | base=0.236866 | val=1.398020 | acc1=0.6229 | Wμ=3.694 | Aμ=5.666 | Wmax=5.170 | Amax=7.276 |LR=0.002 | t=9.44s
    50 | base=0.253174 | val=1.548120 | acc1=0.5953 | Wμ=3.512 | Aμ=5.580 | Wmax=5.000 | Amax=7.229 |LR=0.002 | t=9.39s
    51 | base=0.294468 | val=1.405747 | acc1=0.6201 | Wμ=3.331 | Aμ=5.484 | Wmax=4.858 | Amax=7.109 |LR=0.002 | t=9.33s
    52 | base=0.312243 | val=1.520845 | acc1=0.5892 | Wμ=3.155 | Aμ=5.403 | Wmax=4.700 | Amax=7.044 |LR=0.002 | t=9.35s
    53 | base=0.319136 | val=1.512522 | acc1=0.5952 | Wμ=2.975 | Aμ=5.310 | Wmax=4.585 | Amax=6.907 |LR=0.002 | t=9.37s
    54 | base=0.353411 | val=1.682411 | acc1=0.5618 | Wμ=2.807 | Aμ=5.227 | Wmax=4.459 | Amax=6.755 |LR=0.002 | t=9.44s
    55 | base=0.360275 | val=1.498919 | acc1=0.5992 | Wμ=2.645 | Aμ=5.140 | Wmax=4.322 | Amax=6.644 |LR=0.002 | t=9.41s
    56 | base=0.439474 | val=2.081223 | acc1=0.4700 | Wμ=2.497 | Aμ=5.052 | Wmax=4.248 | Amax=6.615 |LR=0.002 | t=9.41s
    57 | base=0.432346 | val=1.760252 | acc1=0.5428 | Wμ=2.348 | Aμ=4.953 | Wmax=4.087 | Amax=6.476 |LR=0.002 | t=9.32s
    58 | base=0.482031 | val=2.231481 | acc1=0.4545 | Wμ=2.220 | Aμ=4.869 | Wmax=4.000 | Amax=6.340 |LR=0.002 | t=9.32s
    59 | base=0.507612 | val=2.343916 | acc1=0.4242 | Wμ=2.096 | Aμ=4.779 | Wmax=3.807 | Amax=6.267 |LR=0.002 | t=9.38s
    60 | base=0.563929 | val=2.096436 | acc1=0.4686 | Wμ=1.983 | Aμ=4.702 | Wmax=3.700 | Amax=6.170 |LR=0.002 | t=9.31s
    61 | base=0.623603 | val=2.722131 | acc1=0.3374 | Wμ=1.888 | Aμ=4.627 | Wmax=3.585 | Amax=6.087 |LR=0.002 | t=9.44s
    62 | base=0.627701 | val=3.134661 | acc1=0.2933 | Wμ=1.792 | Aμ=4.532 | Wmax=3.585 | Amax=5.931 |LR=0.002 | t=9.32s
    63 | base=0.710796 | val=3.337543 | acc1=0.2749 | Wμ=1.703 | Aμ=4.425 | Wmax=3.459 | Amax=5.833 |LR=0.002 | t=9.36s
    64 | base=0.735359 | val=3.322223 | acc1=0.2825 | Wμ=1.623 | Aμ=4.332 | Wmax=3.322 | Amax=5.700 |LR=0.002 | t=9.34s
    65 | base=0.787196 | val=3.108621 | acc1=0.2811 | Wμ=1.557 | Aμ=4.237 | Wmax=3.170 | Amax=5.585 |LR=0.002 | t=9.30s
    66 | base=0.842897 | val=3.400862 | acc1=0.2781 | Wμ=1.493 | Aμ=4.143 | Wmax=3.170 | Amax=5.459 |LR=0.002 | t=9.30s
    67 | base=0.874530 | val=3.783123 | acc1=0.2028 | Wμ=1.440 | Aμ=4.046 | Wmax=3.000 | Amax=5.358 |LR=0.002 | t=9.34s
    68 | base=0.913105 | val=4.015577 | acc1=0.2217 | Wμ=1.395 | Aμ=3.936 | Wmax=3.000 | Amax=5.209 |LR=0.002 | t=9.34s
    69 | base=1.061105 | val=4.094602 | acc1=0.1672 | Wμ=1.354 | Aμ=3.835 | Wmax=3.000 | Amax=5.087 |LR=0.002 | t=9.39s
    70 | base=1.076931 | val=5.072263 | acc1=0.0761 | Wμ=1.316 | Aμ=3.746 | Wmax=2.807 | Amax=5.000 |LR=0.002 | t=9.37s
    71 | base=1.054721 | val=4.446359 | acc1=0.1076 | Wμ=1.283 | Aμ=3.668 | Wmax=2.807 | Amax=4.858 |LR=0.002 | t=9.39s
    72 | base=1.094776 | val=4.282625 | acc1=0.1703 | Wμ=1.252 | Aμ=3.566 | Wmax=2.807 | Amax=4.755 |LR=0.002 | t=9.37s
    73 | base=1.072772 | val=4.955882 | acc1=0.0856 | Wμ=1.224 | Aμ=3.472 | Wmax=2.807 | Amax=4.585 |LR=0.002 | t=9.36s
    74 | base=1.118177 | val=3.997120 | acc1=0.2150 | Wμ=1.195 | Aμ=3.363 | Wmax=2.585 | Amax=4.459 |LR=0.002 | t=9.37s
    75 | base=1.151020 | val=3.216640 | acc1=0.2716 | Wμ=1.168 | Aμ=3.296 | Wmax=2.585 | Amax=4.392 |LR=0.002 | t=9.35s
    76 | base=1.117972 | val=3.415265 | acc1=0.2633 | Wμ=1.142 | Aμ=3.168 | Wmax=2.585 | Amax=4.248 |LR=0.002 | t=9.35s
    77 | base=1.084072 | val=3.994909 | acc1=0.2280 | Wμ=1.118 | Aμ=3.063 | Wmax=2.322 | Amax=4.087 |LR=0.002 | t=9.33s
    78 | base=1.080947 | val=2.819704 | acc1=0.3267 | Wμ=1.098 | Aμ=2.976 | Wmax=2.322 | Amax=3.907 |LR=0.002 | t=9.34s
    79 | base=1.091754 | val=4.020181 | acc1=0.1924 | Wμ=1.081 | Aμ=2.846 | Wmax=2.322 | Amax=3.807 |LR=0.002 | t=9.35s
    80 | base=1.109821 | val=3.036863 | acc1=0.3063 | Wμ=1.064 | Aμ=2.765 | Wmax=2.322 | Amax=3.585 |LR=0.002 | t=9.38s
    81 | base=1.109859 | val=5.211455 | acc1=0.1116 | Wμ=1.052 | Aμ=2.652 | Wmax=2.000 | Amax=3.459 |LR=0.002 | t=9.43s
    82 | base=1.147765 | val=4.294471 | acc1=0.1848 | Wμ=1.044 | Aμ=2.517 | Wmax=2.000 | Amax=3.322 |LR=0.002 | t=9.32s
    83 | base=1.197789 | val=3.996093 | acc1=0.1768 | Wμ=1.037 | Aμ=2.443 | Wmax=2.000 | Amax=3.170 |LR=0.002 | t=9.39s
    84 | base=1.179571 | val=2.449053 | acc1=0.3955 | Wμ=1.029 | Aμ=2.363 | Wmax=2.000 | Amax=3.000 |LR=0.002 | t=9.38s
    85 | base=1.145792 | val=3.536382 | acc1=0.2305 | Wμ=1.023 | Aμ=2.293 | Wmax=2.000 | Amax=3.000 |LR=0.002 | t=9.34s
    86 | base=1.252721 | val=3.950160 | acc1=0.1636 | Wμ=1.018 | Aμ=2.195 | Wmax=1.585 | Amax=3.000 |LR=0.002 | t=9.39s
    87 | base=1.284790 | val=4.477098 | acc1=0.1702 | Wμ=1.013 | Aμ=2.120 | Wmax=1.585 | Amax=2.807 |LR=0.002 | t=9.34s
    88 | base=1.365684 | val=2.541058 | acc1=0.3833 | Wμ=1.008 | Aμ=2.044 | Wmax=1.585 | Amax=2.585 |LR=0.002 | t=9.35s
    89 | base=1.320715 | val=2.813287 | acc1=0.3387 | Wμ=1.005 | Aμ=1.985 | Wmax=1.585 | Amax=2.585 |LR=0.002 | t=9.39s
    90 | base=1.302941 | val=3.068309 | acc1=0.3108 | Wμ=1.003 | Aμ=1.947 | Wmax=1.585 | Amax=2.585 |LR=0.002 | t=9.35s
    91 | base=1.289070 | val=3.210471 | acc1=0.2789 | Wμ=1.001 | Aμ=1.893 | Wmax=1.585 | Amax=2.585 |LR=0.002 | t=9.54s
    92 | base=1.411179 | val=2.957035 | acc1=0.3200 | Wμ=0.999 | Aμ=1.788 | Wmax=1.000 | Amax=2.322 |LR=0.002 | t=9.40s
    93 | base=1.343407 | val=2.899755 | acc1=0.3177 | Wμ=0.998 | Aμ=1.762 | Wmax=1.000 | Amax=2.585 |LR=0.002 | t=9.41s
    94 | base=1.414600 | val=3.184232 | acc1=0.2641 | Wμ=0.996 | Aμ=1.734 | Wmax=1.000 | Amax=2.322 |LR=0.002 | t=9.42s
    95 | base=1.375049 | val=3.047939 | acc1=0.3031 | Wμ=0.996 | Aμ=1.692 | Wmax=1.000 | Amax=2.322 |LR=0.002 | t=9.40s
    96 | base=1.557469 | val=3.264992 | acc1=0.2758 | Wμ=0.995 | Aμ=1.641 | Wmax=1.000 | Amax=2.322 |LR=0.002 | t=9.41s
    97 | base=1.417544 | val=3.373571 | acc1=0.2760 | Wμ=0.995 | Aμ=1.608 | Wmax=1.000 | Amax=2.322 |LR=0.002 | t=9.41s
    98 | base=1.541584 | val=2.840586 | acc1=0.3294 | Wμ=0.995 | Aμ=1.578 | Wmax=1.000 | Amax=2.322 |LR=0.002 | t=9.36s
    99 | base=1.473742 | val=3.346841 | acc1=0.2555 | Wμ=0.994 | Aμ=1.554 | Wmax=1.000 | Amax=2.000 |LR=0.002 | t=9.34s
   100 | base=1.636962 | val=2.959779 | acc1=0.3042 | Wμ=0.994 | Aμ=1.529 | Wmax=1.000 | Amax=2.000 |LR=0.002 | t=9.34s
   101 | base=1.563891 | val=3.633476 | acc1=0.2225 | Wμ=0.994 | Aμ=1.488 | Wmax=1.000 | Amax=2.000 |LR=0.002 | t=9.43s
   102 | base=1.485030 | val=4.138854 | acc1=0.1989 | Wμ=0.994 | Aμ=1.446 | Wmax=1.000 | Amax=2.000 |LR=0.002 | t=9.33s
   103 | base=1.645446 | val=3.113156 | acc1=0.2865 | Wμ=0.994 | Aμ=1.414 | Wmax=1.000 | Amax=2.000 |LR=0.002 | t=9.40s
   104 | base=1.713041 | val=5.363492 | acc1=0.1118 | Wμ=0.994 | Aμ=1.383 | Wmax=1.000 | Amax=2.000 |LR=0.002 | t=9.37s
   105 | base=1.707762 | val=4.200013 | acc1=0.2392 | Wμ=0.993 | Aμ=1.355 | Wmax=1.000 | Amax=2.000 |LR=0.002 | t=9.37s
   106 | base=1.512155 | val=4.044986 | acc1=0.2248 | Wμ=0.992 | Aμ=1.328 | Wmax=1.000 | Amax=2.000 |LR=0.002 | t=9.41s
   107 | base=1.559096 | val=3.622189 | acc1=0.2418 | Wμ=0.992 | Aμ=1.288 | Wmax=1.000 | Amax=2.000 |LR=0.002 | t=9.33s
   108 | base=1.583778 | val=3.203625 | acc1=0.2716 | Wμ=0.992 | Aμ=1.257 | Wmax=1.000 | Amax=2.000 |LR=0.002 | t=9.41s
   109 | base=1.529252 | val=3.978618 | acc1=0.2104 | Wμ=0.993 | Aμ=1.228 | Wmax=1.000 | Amax=2.000 |LR=0.002 | t=9.38s
   110 | base=1.594276 | val=3.107249 | acc1=0.2853 | Wμ=0.992 | Aμ=1.206 | Wmax=1.000 | Amax=2.000 |LR=0.002 | t=9.36s
   111 | base=1.697725 | val=2.790860 | acc1=0.3295 | Wμ=0.992 | Aμ=1.198 | Wmax=1.000 | Amax=1.585 |LR=0.002 | t=9.36s
   112 | base=1.647311 | val=3.532559 | acc1=0.2461 | Wμ=0.991 | Aμ=1.187 | Wmax=1.000 | Amax=1.585 |LR=0.002 | t=9.37s
   113 | base=1.633602 | val=3.166217 | acc1=0.2743 | Wμ=0.992 | Aμ=1.172 | Wmax=1.000 | Amax=1.585 |LR=0.002 | t=9.38s
   114 | base=1.746405 | val=2.905741 | acc1=0.3143 | Wμ=0.992 | Aμ=1.151 | Wmax=1.000 | Amax=1.585 |LR=0.002 | t=9.43s
   115 | base=1.576743 | val=2.761164 | acc1=0.3297 | Wμ=0.992 | Aμ=1.136 | Wmax=1.000 | Amax=1.585 |LR=0.002 | t=9.42s
   116 | base=1.900991 | val=3.668949 | acc1=0.2029 | Wμ=0.992 | Aμ=1.128 | Wmax=1.000 | Amax=1.585 |LR=0.002 | t=9.35s
   117 | base=1.663739 | val=3.602380 | acc1=0.2325 | Wμ=0.992 | Aμ=1.124 | Wmax=1.000 | Amax=1.585 |LR=0.002 | t=9.40s
   118 | base=1.689184 | val=2.805931 | acc1=0.3207 | Wμ=0.991 | Aμ=1.118 | Wmax=1.000 | Amax=1.585 |LR=0.002 | t=9.39s
   119 | base=1.786754 | val=2.442184 | acc1=0.3703 | Wμ=0.991 | Aμ=1.111 | Wmax=1.000 | Amax=1.585 |LR=0.002 | t=9.36s
   120 | base=1.657670 | val=4.055103 | acc1=0.2119 | Wμ=0.992 | Aμ=1.107 | Wmax=1.000 | Amax=1.585 |LR=0.002 | t=9.39s
   121 | base=1.607574 | val=2.808404 | acc1=0.3009 | Wμ=0.991 | Aμ=1.106 | Wmax=1.000 | Amax=1.585 |LR=0.002 | t=9.41s
   122 | base=1.736573 | val=3.292088 | acc1=0.2754 | Wμ=0.992 | Aμ=1.107 | Wmax=1.000 | Amax=1.585 |LR=0.002 | t=9.34s
   123 | base=1.795124 | val=3.006077 | acc1=0.2689 | Wμ=0.990 | Aμ=1.106 | Wmax=1.000 | Amax=1.585 |LR=0.002 | t=9.34s
   124 | base=1.890525 | val=3.445106 | acc1=0.1832 | Wμ=0.992 | Aμ=1.106 | Wmax=1.000 | Amax=1.585 |LR=0.002 | t=9.34s
   125 | base=1.802589 | val=3.473634 | acc1=0.2688 | Wμ=0.991 | Aμ=1.105 | Wmax=1.000 | Amax=1.585 |LR=0.002 | t=9.38s
   126 | base=1.717067 | val=2.944589 | acc1=0.2856 | Wμ=0.991 | Aμ=1.105 | Wmax=1.000 | Amax=1.585 |LR=0.002 | t=9.39s
   127 | base=1.787797 | val=3.958074 | acc1=0.1851 | Wμ=0.991 | Aμ=1.106 | Wmax=1.000 | Amax=1.585 |LR=0.002 | t=9.35s
   128 | base=1.853480 | val=3.058927 | acc1=0.2943 | Wμ=0.991 | Aμ=1.104 | Wmax=1.000 | Amax=1.585 |LR=0.002 | t=9.33s
   129 | base=1.869617 | val=3.353255 | acc1=0.2730 | Wμ=0.991 | Aμ=1.105 | Wmax=1.000 | Amax=1.585 |LR=0.002 | t=9.35s
   130 | base=1.764253 | val=3.196918 | acc1=0.2595 | Wμ=0.990 | Aμ=1.102 | Wmax=1.000 | Amax=1.585 |LR=0.002 | t=9.32s
   131 | base=1.849207 | val=3.044424 | acc1=0.2712 | Wμ=0.991 | Aμ=1.100 | Wmax=1.000 | Amax=1.585 |LR=0.002 | t=9.46s
   132 | base=1.749604 | val=2.819988 | acc1=0.3307 | Wμ=0.991 | Aμ=1.097 | Wmax=1.000 | Amax=1.585 |LR=0.002 | t=9.36s
   133 | base=1.761322 | val=2.935726 | acc1=0.2985 | Wμ=0.990 | Aμ=1.091 | Wmax=1.000 | Amax=1.585 |LR=0.002 | t=9.34s
   134 | base=1.798467 | val=3.354891 | acc1=0.3050 | Wμ=0.990 | Aμ=1.087 | Wmax=1.000 | Amax=1.585 |LR=0.002 | t=9.42s
   135 | base=1.715321 | val=2.928802 | acc1=0.3240 | Wμ=0.990 | Aμ=1.086 | Wmax=1.000 | Amax=1.585 |LR=0.002 | t=9.39s
   136 | base=1.699166 | val=2.752989 | acc1=0.3209 | Wμ=0.990 | Aμ=1.081 | Wmax=1.000 | Amax=1.585 |LR=0.002 | t=9.41s
   137 | base=1.726373 | val=2.819252 | acc1=0.3057 | Wμ=0.990 | Aμ=1.073 | Wmax=1.000 | Amax=1.000 |LR=0.002 | t=9.34s
   138 | base=1.687436 | val=3.674366 | acc1=0.2153 | Wμ=0.990 | Aμ=1.060 | Wmax=1.000 | Amax=1.000 |LR=0.0018582 | t=9.36s
   139 | base=1.740039 | val=2.707064 | acc1=0.3356 | Wμ=0.990 | Aμ=1.042 | Wmax=1.000 | Amax=1.000 |LR=0.0017238 | t=9.38s
   140 | base=1.618831 | val=3.393432 | acc1=0.2443 | Wμ=0.990 | Aμ=1.034 | Wmax=1.000 | Amax=1.585 |LR=0.0015992 | t=9.40s
   141 | base=1.673008 | val=2.969178 | acc1=0.3284 | Wμ=0.990 | Aμ=1.034 | Wmax=1.000 | Amax=1.585 |LR=0.0015968 | t=9.39s
   142 | base=1.661291 | val=2.750249 | acc1=0.3440 | Wμ=0.990 | Aμ=1.033 | Wmax=1.000 | Amax=1.585 |LR=0.0015968 | t=9.36s
   143 | base=1.811794 | val=3.504968 | acc1=0.2691 | Wμ=0.990 | Aμ=1.034 | Wmax=1.000 | Amax=1.585 |LR=0.0015968 | t=9.35s
   144 | base=1.836380 | val=3.136848 | acc1=0.2740 | Wμ=0.991 | Aμ=1.034 | Wmax=1.000 | Amax=1.585 |LR=0.0015968 | t=9.36s
   145 | base=1.649911 | val=2.691390 | acc1=0.3522 | Wμ=0.991 | Aμ=1.034 | Wmax=1.000 | Amax=1.585 |LR=0.0015968 | t=9.35s
   146 | base=1.666970 | val=3.905363 | acc1=0.2352 | Wμ=0.991 | Aμ=1.034 | Wmax=1.000 | Amax=1.585 |LR=0.0015968 | t=9.37s
   147 | base=1.678706 | val=2.959986 | acc1=0.3080 | Wμ=0.990 | Aμ=1.033 | Wmax=1.000 | Amax=1.585 |LR=0.0015968 | t=9.36s
   148 | base=1.712711 | val=2.735484 | acc1=0.3312 | Wμ=0.991 | Aμ=1.034 | Wmax=1.000 | Amax=1.000 |LR=0.0015968 | t=9.37s
   149 | base=1.704122 | val=2.690694 | acc1=0.3592 | Wμ=0.990 | Aμ=1.033 | Wmax=1.000 | Amax=1.585 |LR=0.0014835 | t=9.38s
   150 | base=1.689373 | val=3.018057 | acc1=0.2884 | Wμ=0.990 | Aμ=1.030 | Wmax=1.000 | Amax=1.000 |LR=0.0014813 | t=9.35s
   151 | base=1.721972 | val=2.629587 | acc1=0.3589 | Wμ=0.990 | Aμ=1.029 | Wmax=1.000 | Amax=1.000 |LR=0.0013763 | t=9.41s
   152 | base=1.701254 | val=3.012933 | acc1=0.3219 | Wμ=0.991 | Aμ=1.024 | Wmax=1.000 | Amax=1.585 |LR=0.0012767 | t=9.36s
   153 | base=1.709325 | val=2.467325 | acc1=0.3853 | Wμ=0.991 | Aμ=1.020 | Wmax=1.000 | Amax=1.000 |LR=0.0012748 | t=9.36s
   154 | base=1.645481 | val=3.059814 | acc1=0.3041 | Wμ=0.991 | Aμ=1.016 | Wmax=1.000 | Amax=1.000 |LR=0.0011844 | t=9.39s
   155 | base=1.697812 | val=3.547316 | acc1=0.2387 | Wμ=0.991 | Aμ=1.015 | Wmax=1.000 | Amax=1.000 |LR=0.0010988 | t=9.33s
   156 | base=1.654459 | val=2.918770 | acc1=0.3173 | Wμ=0.991 | Aμ=1.015 | Wmax=1.000 | Amax=1.000 |LR=0.0010193 | t=9.37s
   157 | base=1.674001 | val=2.346494 | acc1=0.4115 | Wμ=0.992 | Aμ=1.013 | Wmax=1.000 | Amax=1.000 |LR=0.00094562 | t=9.34s
   158 | base=1.636589 | val=2.953003 | acc1=0.3143 | Wμ=0.992 | Aμ=1.012 | Wmax=1.000 | Amax=1.000 |LR=0.00087724 | t=9.40s
   159 | base=1.573258 | val=2.504880 | acc1=0.3689 | Wμ=0.992 | Aμ=1.010 | Wmax=1.000 | Amax=1.000 |LR=0.00081381 | t=9.36s
   160 | base=1.698974 | val=2.499304 | acc1=0.3696 | Wμ=0.992 | Aμ=1.008 | Wmax=1.000 | Amax=1.000 |LR=0.00075497 | t=9.44s
   161 | base=1.606082 | val=2.562514 | acc1=0.3667 | Wμ=0.991 | Aμ=1.005 | Wmax=1.000 | Amax=1.000 |LR=0.00070037 | t=9.42s
   162 | base=1.616696 | val=2.634418 | acc1=0.3420 | Wμ=0.992 | Aμ=1.002 | Wmax=1.000 | Amax=1.000 |LR=0.00064973 | t=9.36s
   163 | base=1.616954 | val=2.808817 | acc1=0.3266 | Wμ=0.992 | Aμ=1.000 | Wmax=1.000 | Amax=1.000 |LR=0.00060275 | t=9.36s
   164 | base=1.650712 | val=2.852549 | acc1=0.3224 | Wμ=0.992 | Aμ=0.998 | Wmax=1.000 | Amax=1.000 |LR=0.00055917 | t=9.39s
   165 | base=1.611929 | val=2.823795 | acc1=0.3391 | Wμ=0.992 | Aμ=0.998 | Wmax=1.000 | Amax=1.000 |LR=0.00051873 | t=9.40s
   166 | base=1.588405 | val=2.328391 | acc1=0.4077 | Wμ=0.993 | Aμ=0.998 | Wmax=1.000 | Amax=1.000 |LR=0.00048122 | t=9.41s
   167 | base=1.569885 | val=2.727668 | acc1=0.3457 | Wμ=0.993 | Aμ=0.998 | Wmax=1.000 | Amax=1.000 |LR=0.00044643 | t=9.38s
   168 | base=1.590143 | val=2.946517 | acc1=0.3247 | Wμ=0.993 | Aμ=0.998 | Wmax=1.000 | Amax=1.000 |LR=0.00041415 | t=9.36s
   169 | base=1.561751 | val=3.071965 | acc1=0.3006 | Wμ=0.993 | Aμ=0.998 | Wmax=1.000 | Amax=1.000 |LR=0.0003842 | t=9.34s
   170 | base=1.574569 | val=2.494317 | acc1=0.3806 | Wμ=0.993 | Aμ=0.998 | Wmax=1.000 | Amax=1.000 |LR=0.00035642 | t=9.31s
   171 | base=1.586678 | val=2.636523 | acc1=0.3663 | Wμ=0.993 | Aμ=0.998 | Wmax=1.000 | Amax=1.000 |LR=0.00033065 | t=9.39s
   172 | base=1.548426 | val=2.649410 | acc1=0.3438 | Wμ=0.993 | Aμ=0.998 | Wmax=1.000 | Amax=1.000 |LR=0.00030674 | t=9.37s
   173 | base=1.505040 | val=2.848817 | acc1=0.3037 | Wμ=0.994 | Aμ=0.999 | Wmax=1.000 | Amax=1.000 |LR=0.00028456 | t=9.38s
   174 | base=1.520093 | val=2.398229 | acc1=0.3963 | Wμ=0.994 | Aμ=0.999 | Wmax=1.000 | Amax=1.000 |LR=0.00026398 | t=9.34s
   175 | base=1.572575 | val=2.253431 | acc1=0.4236 | Wμ=0.994 | Aμ=0.998 | Wmax=1.000 | Amax=1.000 |LR=0.00024489 | t=9.33s
   176 | base=1.542606 | val=2.539375 | acc1=0.3690 | Wμ=0.994 | Aμ=0.998 | Wmax=1.000 | Amax=1.000 |LR=0.00022719 | t=9.37s
   177 | base=1.545159 | val=2.301562 | acc1=0.4208 | Wμ=0.994 | Aμ=0.998 | Wmax=1.000 | Amax=1.000 |LR=0.00021076 | t=9.34s
   178 | base=1.574006 | val=2.790754 | acc1=0.3198 | Wμ=0.994 | Aμ=0.998 | Wmax=1.000 | Amax=1.000 |LR=0.00019552 | t=9.37s
   179 | base=1.581156 | val=2.479057 | acc1=0.3762 | Wμ=0.994 | Aμ=0.999 | Wmax=1.000 | Amax=1.000 |LR=0.00018138 | t=9.36s
   180 | base=1.565707 | val=2.120792 | acc1=0.4476 | Wμ=0.994 | Aμ=0.998 | Wmax=1.000 | Amax=1.000 |LR=0.00016827 | t=9.39s
   181 | base=1.501599 | val=2.538180 | acc1=0.3769 | Wμ=0.994 | Aμ=0.998 | Wmax=1.000 | Amax=1.000 |LR=0.0001561 | t=9.36s
   182 | base=1.471931 | val=2.366358 | acc1=0.4015 | Wμ=0.995 | Aμ=0.999 | Wmax=1.000 | Amax=1.000 |LR=0.00014481 | t=9.36s
   183 | base=1.525517 | val=2.558916 | acc1=0.3698 | Wμ=0.995 | Aμ=0.998 | Wmax=1.000 | Amax=1.000 |LR=0.00013434 | t=9.36s
   184 | base=1.552072 | val=2.540074 | acc1=0.3791 | Wμ=0.995 | Aμ=0.998 | Wmax=1.000 | Amax=1.000 |LR=0.00012463 | t=9.42s
   185 | base=1.521944 | val=1.993525 | acc1=0.4676 | Wμ=0.995 | Aμ=0.998 | Wmax=1.000 | Amax=1.000 |LR=0.00011561 | t=9.35s
   186 | base=1.523252 | val=2.190105 | acc1=0.4391 | Wμ=0.995 | Aμ=0.999 | Wmax=1.000 | Amax=1.000 |LR=0.00010725 | t=9.36s
   187 | base=1.489234 | val=2.556044 | acc1=0.3749 | Wμ=0.995 | Aμ=0.999 | Wmax=1.000 | Amax=1.000 |LR=9.9499e-05 | t=9.35s
   188 | base=1.502929 | val=2.075755 | acc1=0.4581 | Wμ=0.995 | Aμ=0.999 | Wmax=1.000 | Amax=1.000 |LR=9.2305e-05 | t=9.36s
   189 | base=1.464031 | val=2.289750 | acc1=0.4220 | Wμ=0.995 | Aμ=0.999 | Wmax=1.000 | Amax=1.000 |LR=8.563e-05 | t=9.35s
   190 | base=1.485121 | val=2.349814 | acc1=0.4057 | Wμ=0.995 | Aμ=0.999 | Wmax=1.000 | Amax=1.000 |LR=7.9438e-05 | t=9.34s
   191 | base=1.495106 | val=2.266971 | acc1=0.4199 | Wμ=0.996 | Aμ=0.999 | Wmax=1.000 | Amax=1.000 |LR=7.3694e-05 | t=9.38s
   192 | base=1.472918 | val=2.008983 | acc1=0.4705 | Wμ=0.996 | Aμ=0.999 | Wmax=1.000 | Amax=1.000 |LR=6.8366e-05 | t=9.36s
   193 | base=1.459102 | val=2.152664 | acc1=0.4436 | Wμ=0.996 | Aμ=0.999 | Wmax=1.000 | Amax=1.000 |LR=6.3422e-05 | t=9.33s
   194 | base=1.513349 | val=2.196332 | acc1=0.4291 | Wμ=0.996 | Aμ=0.999 | Wmax=1.000 | Amax=1.000 |LR=5.8836e-05 | t=9.42s
   195 | base=1.460350 | val=2.192769 | acc1=0.4329 | Wμ=0.996 | Aμ=0.999 | Wmax=1.000 | Amax=1.000 |LR=5.4582e-05 | t=9.33s
   196 | base=1.458149 | val=2.509839 | acc1=0.3737 | Wμ=0.996 | Aμ=0.999 | Wmax=1.000 | Amax=1.000 |LR=5.0635e-05 | t=9.40s
   197 | base=1.486204 | val=1.978330 | acc1=0.4788 | Wμ=0.996 | Aμ=0.999 | Wmax=1.000 | Amax=1.000 |LR=4.6974e-05 | t=9.33s
   198 | base=1.476421 | val=1.997197 | acc1=0.4798 | Wμ=0.996 | Aμ=0.999 | Wmax=1.000 | Amax=1.000 |LR=4.3577e-05 | t=9.33s
   199 | base=1.462641 | val=2.864798 | acc1=0.3213 | Wμ=0.997 | Aμ=0.999 | Wmax=1.000 | Amax=1.000 |LR=4.0426e-05 | t=9.36s
   200 | base=1.455668 | val=2.351536 | acc1=0.4160 | Wμ=0.997 | Aμ=0.999 | Wmax=1.000 | Amax=1.000 |LR=3.7503e-05 | t=9.37s
   201 | base=1.454831 | val=2.242094 | acc1=0.4338 | Wμ=0.997 | Aμ=0.999 | Wmax=1.000 | Amax=1.000 |LR=3.4791e-05 | t=9.39s
   202 | base=1.492078 | val=2.271869 | acc1=0.4082 | Wμ=0.997 | Aμ=0.999 | Wmax=1.000 | Amax=1.000 |LR=3.2275e-05 | t=9.39s
   203 | base=1.495731 | val=2.230434 | acc1=0.4325 | Wμ=0.997 | Aμ=0.999 | Wmax=1.000 | Amax=1.000 |LR=2.9942e-05 | t=9.41s
   204 | base=1.528810 | val=1.988751 | acc1=0.4744 | Wμ=0.997 | Aμ=0.999 | Wmax=1.000 | Amax=1.000 |LR=2.7777e-05 | t=9.42s
   205 | base=1.521365 | val=1.945810 | acc1=0.4897 | Wμ=0.997 | Aμ=0.999 | Wmax=1.000 | Amax=1.000 |LR=2.5768e-05 | t=9.36s
   206 | base=1.512173 | val=1.950219 | acc1=0.4842 | Wμ=0.997 | Aμ=0.999 | Wmax=1.000 | Amax=1.000 |LR=2.3905e-05 | t=9.36s
   207 | base=1.458251 | val=2.103316 | acc1=0.4530 | Wμ=0.997 | Aμ=0.999 | Wmax=1.000 | Amax=1.000 |LR=2.2176e-05 | t=9.41s
   208 | base=1.433084 | val=2.084597 | acc1=0.4565 | Wμ=0.997 | Aμ=0.999 | Wmax=1.000 | Amax=1.000 |LR=2.0573e-05 | t=9.36s
   209 | base=1.482179 | val=1.899644 | acc1=0.4908 | Wμ=0.997 | Aμ=0.999 | Wmax=1.000 | Amax=1.000 |LR=1.9085e-05 | t=9.41s
   210 | base=1.443845 | val=2.127367 | acc1=0.4487 | Wμ=0.998 | Aμ=0.999 | Wmax=1.000 | Amax=1.000 |LR=1.7705e-05 | t=9.41s
   211 | base=1.537483 | val=2.179911 | acc1=0.4439 | Wμ=0.998 | Aμ=0.999 | Wmax=1.000 | Amax=1.000 |LR=1.6425e-05 | t=9.38s
   212 | base=1.436938 | val=2.293604 | acc1=0.4192 | Wμ=0.998 | Aμ=0.999 | Wmax=1.000 | Amax=1.000 |LR=1.5237e-05 | t=9.41s
   213 | base=1.482952 | val=1.997024 | acc1=0.4734 | Wμ=0.998 | Aμ=0.999 | Wmax=1.000 | Amax=1.000 |LR=1.4135e-05 | t=9.35s
   214 | base=1.410071 | val=1.996863 | acc1=0.4749 | Wμ=0.998 | Aμ=0.999 | Wmax=1.000 | Amax=1.000 |LR=1.3113e-05 | t=9.37s
   215 | base=1.474366 | val=2.131835 | acc1=0.4555 | Wμ=0.998 | Aμ=0.999 | Wmax=1.000 | Amax=1.000 |LR=1.2165e-05 | t=9.35s
   216 | base=1.517007 | val=1.882533 | acc1=0.5041 | Wμ=0.998 | Aμ=0.999 | Wmax=1.000 | Amax=1.000 |LR=1.1285e-05 | t=9.35s
   217 | base=1.452560 | val=1.992566 | acc1=0.4786 | Wμ=0.998 | Aμ=0.999 | Wmax=1.000 | Amax=1.000 |LR=1.0469e-05 | t=9.41s
   218 | base=1.429485 | val=2.326399 | acc1=0.4097 | Wμ=0.998 | Aμ=0.999 | Wmax=1.000 | Amax=1.000 |LR=9.7124e-06 | t=9.34s
   219 | base=1.441472 | val=1.828208 | acc1=0.5131 | Wμ=0.998 | Aμ=0.999 | Wmax=1.000 | Amax=1.000 |LR=9.0101e-06 | t=9.40s
   220 | base=1.429958 | val=2.053682 | acc1=0.4648 | Wμ=0.998 | Aμ=0.999 | Wmax=1.000 | Amax=1.000 |LR=8.3586e-06 | t=9.35s
   221 | base=1.509564 | val=1.860127 | acc1=0.5074 | Wμ=0.998 | Aμ=0.999 | Wmax=1.000 | Amax=1.000 |LR=7.7542e-06 | t=9.49s
   222 | base=1.482707 | val=1.765258 | acc1=0.5252 | Wμ=0.998 | Aμ=0.999 | Wmax=1.000 | Amax=1.000 |LR=7.1935e-06 | t=9.52s
   223 | base=1.442654 | val=1.901845 | acc1=0.4968 | Wμ=0.998 | Aμ=0.999 | Wmax=1.000 | Amax=1.000 |LR=6.6734e-06 | t=9.43s
   224 | base=1.392892 | val=1.873807 | acc1=0.4977 | Wμ=0.998 | Aμ=0.999 | Wmax=1.000 | Amax=1.000 |LR=6.1908e-06 | t=9.37s
   225 | base=1.424229 | val=1.886507 | acc1=0.5013 | Wμ=0.998 | Aμ=0.999 | Wmax=1.000 | Amax=1.000 |LR=5.7432e-06 | t=9.52s
   226 | base=1.418211 | val=1.753371 | acc1=0.5315 | Wμ=0.998 | Aμ=0.999 | Wmax=1.000 | Amax=1.000 |LR=5.3279e-06 | t=9.37s
   227 | base=1.381968 | val=2.080954 | acc1=0.4640 | Wμ=0.998 | Aμ=0.999 | Wmax=1.000 | Amax=1.000 |LR=4.9426e-06 | t=9.41s
   228 | base=1.449365 | val=1.954017 | acc1=0.4868 | Wμ=0.998 | Aμ=0.999 | Wmax=1.000 | Amax=1.000 |LR=4.5852e-06 | t=9.40s
   229 | base=1.415906 | val=1.936232 | acc1=0.4915 | Wμ=0.998 | Aμ=0.999 | Wmax=1.000 | Amax=1.000 |LR=4.2537e-06 | t=9.41s
