     0 | base=nan | val=nan | acc1=0.7031 | Wμ=nan | Aμ=nan | Wmax=nan | Amax=nan |LR=nan | t=nans
     0 | base=nan | val=1.104401 | acc1=0.7032 | Wμ=11.367 | Aμ=20.000 | Wmax=12.587 | Amax=14.104 |LR=nan | t=nans
     0 | base=nan | val=1.104483 | acc1=0.7030 | Wμ=10.000 | Aμ=20.000 | Wmax=10.000 | Amax=14.105 |LR=nan | t=nans
     0 | base=nan | val=1.104656 | acc1=0.7024 | Wμ=10.000 | Aμ=10.000 | Wmax=10.000 | Amax=9.987 |LR=nan | t=nans
# epoch | BaseLoss | ValLoss | Acc@1 | MeanWBits | MeanABits | MaxWBits | MaxABits | LR | EpochTime(s)
     0 | base=nan | val=1.111653 | acc1=0.7025 | Wμ=10.000 | Aμ=10.000 | Wmax=10.000 | Amax=9.976 |LR=nan | t=nans
     0 | base=0.119245 | val=1.130100 | acc1=0.6977 | Wμ=10.000 | Aμ=10.000 | Wmax=10.007 | Amax=10.001 |LR=0.00049 | t=10.63s
     1 | base=0.065296 | val=1.116216 | acc1=0.6983 | Wμ=10.000 | Aμ=10.002 | Wmax=10.018 | Amax=10.004 |LR=0.00099 | t=9.31s
     2 | base=0.048297 | val=1.118910 | acc1=0.6986 | Wμ=10.001 | Aμ=10.004 | Wmax=10.035 | Amax=10.013 |LR=0.00149 | t=9.39s
     3 | base=0.040937 | val=1.121106 | acc1=0.6970 | Wμ=10.002 | Aμ=10.010 | Wmax=10.053 | Amax=10.027 |LR=0.00199 | t=9.39s
     4 | base=0.038272 | val=1.133601 | acc1=0.6933 | Wμ=10.004 | Aμ=10.020 | Wmax=10.059 | Amax=10.055 |LR=0.00249 | t=9.35s
     5 | base=0.036147 | val=1.140528 | acc1=0.6895 | Wμ=10.006 | Aμ=10.033 | Wmax=10.066 | Amax=10.098 |LR=0.00299 | t=9.34s
     6 | base=0.042077 | val=1.153540 | acc1=0.6880 | Wμ=10.011 | Aμ=10.054 | Wmax=10.078 | Amax=10.131 |LR=0.00349 | t=9.30s
     7 | base=0.052846 | val=1.176804 | acc1=0.6832 | Wμ=10.016 | Aμ=10.077 | Wmax=10.112 | Amax=10.176 |LR=0.00399 | t=9.31s
     8 | base=0.057856 | val=1.186961 | acc1=0.6776 | Wμ=10.025 | Aμ=10.106 | Wmax=10.111 | Amax=10.231 |LR=0.00449 | t=9.33s
     9 | base=0.103984 | val=1.251203 | acc1=0.6616 | Wμ=10.038 | Aμ=10.144 | Wmax=10.162 | Amax=10.317 |LR=0.00499 | t=9.35s
    10 | base=0.121968 | val=1.254179 | acc1=0.6591 | Wμ=10.059 | Aμ=10.190 | Wmax=10.237 | Amax=10.381 |LR=0.00549 | t=9.35s
    11 | base=0.158123 | val=1.246073 | acc1=0.6618 | Wμ=10.086 | Aμ=10.241 | Wmax=10.274 | Amax=10.469 |LR=0.00599 | t=9.35s
    12 | base=0.190327 | val=1.268290 | acc1=0.6546 | Wμ=10.121 | Aμ=10.298 | Wmax=10.399 | Amax=10.551 |LR=0.00649 | t=9.34s
    13 | base=0.188103 | val=1.412691 | acc1=0.6226 | Wμ=10.159 | Aμ=10.340 | Wmax=10.512 | Amax=10.627 |LR=0.00699 | t=9.33s
    14 | base=0.208216 | val=1.342608 | acc1=0.6350 | Wμ=10.199 | Aμ=10.392 | Wmax=10.602 | Amax=10.714 |LR=0.00749 | t=9.38s
    15 | base=0.224583 | val=1.361347 | acc1=0.6326 | Wμ=10.244 | Aμ=10.422 | Wmax=10.671 | Amax=10.789 |LR=0.00799 | t=9.36s
    16 | base=0.233170 | val=1.335611 | acc1=0.6383 | Wμ=10.288 | Aμ=10.442 | Wmax=10.700 | Amax=10.870 |LR=0.00849 | t=9.37s
    17 | base=0.234311 | val=1.327457 | acc1=0.6420 | Wμ=10.333 | Aμ=10.469 | Wmax=10.864 | Amax=10.952 |LR=0.00899 | t=9.31s
    18 | base=0.234704 | val=1.490658 | acc1=0.6007 | Wμ=10.380 | Aμ=10.502 | Wmax=10.845 | Amax=11.057 |LR=0.00949 | t=9.34s
    19 | base=0.236714 | val=1.398190 | acc1=0.6235 | Wμ=10.430 | Aμ=10.535 | Wmax=10.904 | Amax=11.082 |LR=0.00999 | t=9.32s
    20 | base=0.245432 | val=1.306328 | acc1=0.6474 | Wμ=8.854 | Aμ=9.172 | Wmax=9.388 | Amax=10.230 |LR=0.01 | t=9.33s
    21 | base=0.227730 | val=1.342899 | acc1=0.6368 | Wμ=7.136 | Aμ=7.586 | Wmax=7.755 | Amax=8.994 |LR=0.01 | t=9.32s
    22 | base=0.254909 | val=1.306732 | acc1=0.6492 | Wμ=5.654 | Aμ=6.389 | Wmax=6.340 | Amax=7.870 |LR=0.01 | t=9.31s
    23 | base=0.344363 | val=1.787659 | acc1=0.5328 | Wμ=4.359 | Aμ=5.563 | Wmax=5.285 | Amax=7.180 |LR=0.01 | t=9.35s
    24 | base=0.626005 | val=2.000384 | acc1=0.4900 | Wμ=3.293 | Aμ=5.150 | Wmax=4.585 | Amax=6.833 |LR=0.01 | t=9.35s
    25 | base=0.919240 | val=3.413134 | acc1=0.2812 | Wμ=2.460 | Aμ=4.769 | Wmax=3.907 | Amax=6.267 |LR=0.01 | t=9.40s
    26 | base=1.129465 | val=4.502332 | acc1=0.1349 | Wμ=1.831 | Aμ=4.418 | Wmax=3.459 | Amax=5.672 |LR=0.01 | t=9.33s
    27 | base=1.377461 | val=4.843700 | acc1=0.1041 | Wμ=1.457 | Aμ=4.103 | Wmax=3.170 | Amax=5.358 |LR=0.01 | t=9.33s
    28 | base=1.526082 | val=4.047482 | acc1=0.1946 | Wμ=1.282 | Aμ=3.696 | Wmax=2.807 | Amax=4.907 |LR=0.01 | t=9.37s
    29 | base=1.418777 | val=3.873377 | acc1=0.1767 | Wμ=1.153 | Aμ=3.191 | Wmax=2.585 | Amax=4.170 |LR=0.01 | t=9.34s
    30 | base=1.428385 | val=4.240620 | acc1=0.1808 | Wμ=1.073 | Aμ=2.685 | Wmax=2.322 | Amax=3.700 |LR=0.01 | t=9.32s
    31 | base=1.491492 | val=3.125917 | acc1=0.3051 | Wμ=1.035 | Aμ=2.250 | Wmax=2.000 | Amax=2.807 |LR=0.01 | t=9.33s
    32 | base=1.470721 | val=5.718461 | acc1=0.0810 | Wμ=1.014 | Aμ=1.971 | Wmax=1.585 | Amax=2.585 |LR=0.01 | t=9.35s
    33 | base=1.579573 | val=3.915817 | acc1=0.2219 | Wμ=0.999 | Aμ=1.741 | Wmax=1.585 | Amax=2.322 |LR=0.01 | t=9.36s
    34 | base=1.668482 | val=3.538537 | acc1=0.2540 | Wμ=0.993 | Aμ=1.623 | Wmax=1.585 | Amax=2.322 |LR=0.01 | t=9.35s
    35 | base=1.797834 | val=4.420003 | acc1=0.1453 | Wμ=0.992 | Aμ=1.495 | Wmax=1.585 | Amax=2.000 |LR=0.01 | t=9.35s
    36 | base=1.961011 | val=3.402063 | acc1=0.2496 | Wμ=0.990 | Aμ=1.357 | Wmax=1.585 | Amax=2.000 |LR=0.01 | t=9.37s
    37 | base=2.057466 | val=3.516258 | acc1=0.2381 | Wμ=0.990 | Aμ=1.261 | Wmax=1.000 | Amax=2.000 |LR=0.01 | t=9.37s
    38 | base=1.994510 | val=3.777789 | acc1=0.2220 | Wμ=0.987 | Aμ=1.161 | Wmax=1.000 | Amax=1.585 |LR=0.01 | t=9.38s
    39 | base=1.874634 | val=4.472591 | acc1=0.1499 | Wμ=0.987 | Aμ=1.111 | Wmax=1.000 | Amax=1.585 |LR=0.01 | t=9.38s
    40 | base=2.161386 | val=3.607605 | acc1=0.2113 | Wμ=0.985 | Aμ=1.102 | Wmax=1.000 | Amax=1.585 |LR=0.01 | t=9.39s
    41 | base=2.044366 | val=4.671041 | acc1=0.1272 | Wμ=0.986 | Aμ=1.098 | Wmax=1.000 | Amax=1.585 |LR=0.01 | t=9.39s
    42 | base=2.046247 | val=4.390917 | acc1=0.0948 | Wμ=0.985 | Aμ=1.082 | Wmax=1.000 | Amax=1.585 |LR=0.01 | t=9.42s
    43 | base=2.163630 | val=4.051384 | acc1=0.1669 | Wμ=0.984 | Aμ=1.070 | Wmax=1.000 | Amax=1.585 |LR=0.01 | t=9.39s
    44 | base=2.027071 | val=4.391595 | acc1=0.1788 | Wμ=0.983 | Aμ=1.051 | Wmax=1.000 | Amax=1.585 |LR=0.01 | t=9.41s
    45 | base=2.039227 | val=3.844314 | acc1=0.1846 | Wμ=0.981 | Aμ=1.025 | Wmax=1.000 | Amax=1.000 |LR=0.01 | t=9.41s
    46 | base=2.010829 | val=2.890220 | acc1=0.2987 | Wμ=0.980 | Aμ=1.009 | Wmax=1.000 | Amax=1.000 |LR=0.0092908 | t=9.46s
    47 | base=1.871921 | val=3.353604 | acc1=0.2493 | Wμ=0.981 | Aμ=0.997 | Wmax=1.000 | Amax=1.000 |LR=0.008619 | t=9.46s
    48 | base=1.838997 | val=4.720585 | acc1=0.1612 | Wμ=0.981 | Aμ=0.988 | Wmax=1.000 | Amax=1.000 |LR=0.0079958 | t=9.45s
    49 | base=1.868956 | val=3.411481 | acc1=0.2579 | Wμ=0.981 | Aμ=0.988 | Wmax=1.000 | Amax=1.000 |LR=0.0074176 | t=9.39s
    50 | base=1.784708 | val=4.415765 | acc1=0.1410 | Wμ=0.981 | Aμ=0.985 | Wmax=1.000 | Amax=1.000 |LR=0.0068813 | t=9.49s
    51 | base=1.805046 | val=3.422914 | acc1=0.2413 | Wμ=0.981 | Aμ=0.983 | Wmax=1.000 | Amax=1.000 |LR=0.0063837 | t=9.46s
    52 | base=1.837951 | val=4.069655 | acc1=0.2239 | Wμ=0.981 | Aμ=0.990 | Wmax=1.000 | Amax=1.000 |LR=0.0059221 | t=9.39s
    53 | base=1.735299 | val=3.444738 | acc1=0.2677 | Wμ=0.980 | Aμ=0.985 | Wmax=1.000 | Amax=1.000 |LR=0.0054939 | t=9.40s
    54 | base=1.747843 | val=6.087088 | acc1=0.0932 | Wμ=0.981 | Aμ=0.985 | Wmax=1.000 | Amax=1.000 |LR=0.0050966 | t=9.36s
    55 | base=1.731490 | val=2.844565 | acc1=0.3307 | Wμ=0.982 | Aμ=0.982 | Wmax=1.000 | Amax=1.000 |LR=0.0047281 | t=9.36s
    56 | base=1.739217 | val=3.045866 | acc1=0.3115 | Wμ=0.982 | Aμ=0.984 | Wmax=1.000 | Amax=1.000 |LR=0.0043862 | t=9.39s
    57 | base=1.709653 | val=2.837341 | acc1=0.3224 | Wμ=0.981 | Aμ=0.982 | Wmax=1.000 | Amax=1.000 |LR=0.0040691 | t=9.40s
    58 | base=1.720146 | val=3.320443 | acc1=0.2632 | Wμ=0.981 | Aμ=0.980 | Wmax=1.000 | Amax=1.000 |LR=0.0037748 | t=9.39s
    59 | base=1.758978 | val=2.592207 | acc1=0.3558 | Wμ=0.982 | Aμ=0.988 | Wmax=1.000 | Amax=1.000 |LR=0.0035019 | t=9.41s
    60 | base=1.647505 | val=3.475691 | acc1=0.2291 | Wμ=0.982 | Aμ=0.991 | Wmax=1.000 | Amax=1.000 |LR=0.0032487 | t=9.43s
    61 | base=1.681452 | val=4.258605 | acc1=0.1689 | Wμ=0.983 | Aμ=0.983 | Wmax=1.000 | Amax=1.000 |LR=0.0030138 | t=9.41s
    62 | base=1.677071 | val=4.156536 | acc1=0.1950 | Wμ=0.983 | Aμ=0.986 | Wmax=1.000 | Amax=1.000 |LR=0.0027958 | t=9.37s
    63 | base=1.674570 | val=3.255025 | acc1=0.2766 | Wμ=0.983 | Aμ=0.992 | Wmax=1.000 | Amax=1.000 |LR=0.0025937 | t=9.41s
    64 | base=1.678586 | val=3.273517 | acc1=0.2871 | Wμ=0.984 | Aμ=0.990 | Wmax=1.000 | Amax=1.000 |LR=0.0024061 | t=9.36s
    65 | base=1.647226 | val=2.840675 | acc1=0.3239 | Wμ=0.984 | Aμ=0.988 | Wmax=1.000 | Amax=1.000 |LR=0.0022321 | t=9.37s
    66 | base=1.589431 | val=2.393986 | acc1=0.3838 | Wμ=0.984 | Aμ=0.989 | Wmax=1.000 | Amax=1.000 |LR=0.0020707 | t=9.40s
    67 | base=1.689641 | val=2.738968 | acc1=0.3358 | Wμ=0.985 | Aμ=0.990 | Wmax=1.000 | Amax=1.000 |LR=0.001921 | t=9.40s
    68 | base=1.671428 | val=2.304779 | acc1=0.4154 | Wμ=0.985 | Aμ=0.992 | Wmax=1.000 | Amax=1.000 |LR=0.0017821 | t=9.42s
    69 | base=1.537236 | val=3.409784 | acc1=0.2658 | Wμ=0.985 | Aμ=0.989 | Wmax=1.000 | Amax=1.000 |LR=0.0016532 | t=9.43s
