     0 | base=nan | val=nan | acc1=0.7031 | Wμ=nan | Aμ=nan | Wmax=nan | Amax=nan |LR=nan | t=nans
     0 | base=nan | val=1.104401 | acc1=0.7032 | Wμ=11.367 | Aμ=20.000 | Wmax=12.587 | Amax=14.104 |LR=nan | t=nans
     0 | base=nan | val=1.104483 | acc1=0.7030 | Wμ=10.000 | Aμ=20.000 | Wmax=10.000 | Amax=14.105 |LR=nan | t=nans
     0 | base=nan | val=1.104656 | acc1=0.7024 | Wμ=10.000 | Aμ=10.000 | Wmax=10.000 | Amax=9.987 |LR=nan | t=nans
# epoch | BaseLoss | ValLoss | Acc@1 | MeanWBits | MeanABits | MaxWBits | MaxABits | LR | EpochTime(s)
     0 | base=nan | val=1.111653 | acc1=0.7025 | Wμ=10.000 | Aμ=10.000 | Wmax=10.000 | Amax=9.976 |LR=nan | t=nans
     0 | base=0.096560 | val=1.130993 | acc1=0.6959 | Wμ=10.000 | Aμ=10.001 | Wmax=10.011 | Amax=10.001 |LR=0.00098 | t=10.59s
     1 | base=0.057629 | val=1.117477 | acc1=0.7001 | Wμ=10.001 | Aμ=10.003 | Wmax=10.027 | Amax=10.008 |LR=0.00198 | t=9.30s
     2 | base=0.048031 | val=1.120942 | acc1=0.6959 | Wμ=10.002 | Aμ=10.012 | Wmax=10.051 | Amax=10.027 |LR=0.00298 | t=9.31s
     3 | base=0.045556 | val=1.156603 | acc1=0.6904 | Wμ=10.005 | Aμ=10.025 | Wmax=10.075 | Amax=10.061 |LR=0.00398 | t=9.31s
     4 | base=0.053270 | val=1.158721 | acc1=0.6874 | Wμ=10.010 | Aμ=10.047 | Wmax=10.087 | Amax=10.101 |LR=0.00498 | t=9.32s
     5 | base=0.068192 | val=1.184535 | acc1=0.6772 | Wμ=10.019 | Aμ=10.080 | Wmax=10.118 | Amax=10.163 |LR=0.00598 | t=9.31s
     6 | base=0.109673 | val=1.322289 | acc1=0.6439 | Wμ=10.034 | Aμ=10.123 | Wmax=10.184 | Amax=10.243 |LR=0.00698 | t=9.37s
     7 | base=0.188270 | val=1.289325 | acc1=0.6523 | Wμ=10.063 | Aμ=10.160 | Wmax=10.261 | Amax=10.336 |LR=0.00798 | t=9.31s
     8 | base=0.243020 | val=1.469890 | acc1=0.6035 | Wμ=10.112 | Aμ=10.195 | Wmax=10.428 | Amax=10.388 |LR=0.00898 | t=9.33s
     9 | base=0.288104 | val=1.408452 | acc1=0.6236 | Wμ=10.168 | Aμ=10.227 | Wmax=10.552 | Amax=10.468 |LR=0.00998 | t=9.33s
    10 | base=0.319443 | val=1.494584 | acc1=0.6027 | Wμ=10.234 | Aμ=10.286 | Wmax=10.631 | Amax=10.554 |LR=0.01098 | t=9.34s
    11 | base=0.305755 | val=1.547001 | acc1=0.5818 | Wμ=10.297 | Aμ=10.328 | Wmax=10.720 | Amax=10.680 |LR=0.01198 | t=9.34s
    12 | base=0.324490 | val=1.374312 | acc1=0.6321 | Wμ=10.360 | Aμ=10.366 | Wmax=10.866 | Amax=10.700 |LR=0.01298 | t=9.32s
    13 | base=0.319739 | val=1.462204 | acc1=0.6068 | Wμ=10.432 | Aμ=10.419 | Wmax=10.934 | Amax=10.713 |LR=0.01398 | t=9.32s
    14 | base=0.326151 | val=1.479128 | acc1=0.6103 | Wμ=10.498 | Aμ=10.415 | Wmax=11.050 | Amax=10.819 |LR=0.01498 | t=9.32s
    15 | base=0.322241 | val=1.501897 | acc1=0.5996 | Wμ=10.564 | Aμ=10.457 | Wmax=11.193 | Amax=10.952 |LR=0.01598 | t=9.33s
    16 | base=0.324212 | val=1.433967 | acc1=0.6159 | Wμ=10.631 | Aμ=10.510 | Wmax=11.365 | Amax=11.045 |LR=0.01698 | t=9.34s
    17 | base=0.346257 | val=1.623758 | acc1=0.5724 | Wμ=10.699 | Aμ=10.587 | Wmax=11.533 | Amax=11.092 |LR=0.01798 | t=9.35s
    18 | base=0.346921 | val=1.393777 | acc1=0.6223 | Wμ=10.765 | Aμ=10.648 | Wmax=11.601 | Amax=11.212 |LR=0.01898 | t=9.35s
    19 | base=0.371358 | val=1.507265 | acc1=0.5932 | Wμ=10.832 | Aμ=10.655 | Wmax=11.759 | Amax=11.187 |LR=0.01998 | t=9.37s
    20 | base=0.336163 | val=1.670740 | acc1=0.5626 | Wμ=7.351 | Aμ=7.457 | Wmax=8.124 | Amax=8.931 |LR=0.02 | t=9.38s
    21 | base=0.493993 | val=1.707921 | acc1=0.5494 | Wμ=4.043 | Aμ=5.074 | Wmax=4.858 | Amax=6.492 |LR=0.02 | t=9.34s
    22 | base=1.519429 | val=4.254892 | acc1=0.2027 | Wμ=2.038 | Aμ=4.673 | Wmax=3.807 | Amax=6.209 |LR=0.02 | t=9.32s
    23 | base=2.073120 | val=6.029109 | acc1=0.0673 | Wμ=1.319 | Aμ=3.937 | Wmax=2.807 | Amax=5.044 |LR=0.02 | t=9.39s
    24 | base=1.795439 | val=5.594428 | acc1=0.1489 | Wμ=1.093 | Aμ=2.885 | Wmax=2.000 | Amax=4.087 |LR=0.02 | t=9.40s
    25 | base=1.719251 | val=5.926937 | acc1=0.0389 | Wμ=1.025 | Aμ=1.996 | Wmax=2.000 | Amax=2.807 |LR=0.02 | t=9.36s
    26 | base=1.813737 | val=5.161586 | acc1=0.0988 | Wμ=0.999 | Aμ=1.700 | Wmax=1.585 | Amax=2.322 |LR=0.02 | t=9.37s
    27 | base=2.022522 | val=4.313180 | acc1=0.1109 | Wμ=0.989 | Aμ=1.428 | Wmax=1.585 | Amax=2.000 |LR=0.02 | t=9.41s
    28 | base=2.036305 | val=3.200481 | acc1=0.2633 | Wμ=0.984 | Aμ=1.242 | Wmax=1.000 | Amax=1.585 |LR=0.02 | t=9.43s
    29 | base=2.286682 | val=4.500988 | acc1=0.1808 | Wμ=0.982 | Aμ=1.145 | Wmax=1.000 | Amax=1.585 |LR=0.02 | t=9.43s
    30 | base=2.098485 | val=3.464376 | acc1=0.2170 | Wμ=0.979 | Aμ=1.109 | Wmax=1.000 | Amax=1.585 |LR=0.02 | t=9.39s
    31 | base=2.063714 | val=5.301780 | acc1=0.1349 | Wμ=0.977 | Aμ=1.061 | Wmax=1.000 | Amax=1.585 |LR=0.02 | t=9.39s
    32 | base=2.183762 | val=5.260587 | acc1=0.1294 | Wμ=0.974 | Aμ=1.052 | Wmax=1.000 | Amax=1.585 |LR=0.02 | t=9.38s
    33 | base=2.088623 | val=5.434340 | acc1=0.1223 | Wμ=0.971 | Aμ=0.986 | Wmax=1.000 | Amax=1.000 |LR=0.02 | t=9.39s
    34 | base=2.037883 | val=3.919545 | acc1=0.2200 | Wμ=0.970 | Aμ=0.975 | Wmax=1.000 | Amax=1.000 |LR=0.018582 | t=9.38s
    35 | base=1.977272 | val=4.557662 | acc1=0.1488 | Wμ=0.968 | Aμ=0.967 | Wmax=1.000 | Amax=1.000 |LR=0.017238 | t=9.39s
    36 | base=1.995942 | val=3.579630 | acc1=0.2183 | Wμ=0.966 | Aμ=0.952 | Wmax=1.000 | Amax=1.000 |LR=0.015992 | t=9.43s
    37 | base=1.919053 | val=4.533147 | acc1=0.1311 | Wμ=0.965 | Aμ=0.956 | Wmax=1.000 | Amax=1.000 |LR=0.014835 | t=9.39s
    38 | base=1.878028 | val=4.308795 | acc1=0.1543 | Wμ=0.965 | Aμ=0.960 | Wmax=1.000 | Amax=1.000 |LR=0.013763 | t=9.39s
    39 | base=1.968114 | val=4.247273 | acc1=0.1651 | Wμ=0.965 | Aμ=0.951 | Wmax=1.000 | Amax=1.000 |LR=0.012767 | t=9.38s
    40 | base=1.918412 | val=4.144140 | acc1=0.1801 | Wμ=0.964 | Aμ=0.957 | Wmax=1.000 | Amax=1.000 |LR=0.011844 | t=9.44s
    41 | base=1.833786 | val=3.013139 | acc1=0.2842 | Wμ=0.964 | Aμ=0.941 | Wmax=1.000 | Amax=1.000 |LR=0.010988 | t=9.47s
    42 | base=1.864658 | val=3.606383 | acc1=0.2256 | Wμ=0.965 | Aμ=0.949 | Wmax=1.000 | Amax=1.000 |LR=0.010193 | t=9.43s
    43 | base=1.876041 | val=3.745788 | acc1=0.2034 | Wμ=0.965 | Aμ=0.957 | Wmax=1.000 | Amax=1.000 |LR=0.0094562 | t=9.55s
    44 | base=1.789581 | val=2.681858 | acc1=0.3435 | Wμ=0.967 | Aμ=0.957 | Wmax=1.000 | Amax=1.000 |LR=0.0087724 | t=9.38s
    45 | base=1.872783 | val=2.386093 | acc1=0.3899 | Wμ=0.965 | Aμ=0.967 | Wmax=1.000 | Amax=1.000 |LR=0.0081381 | t=9.38s
    46 | base=1.758919 | val=3.085234 | acc1=0.2932 | Wμ=0.966 | Aμ=0.968 | Wmax=1.000 | Amax=1.000 |LR=0.0075497 | t=9.42s
    47 | base=1.770953 | val=2.809727 | acc1=0.3353 | Wμ=0.966 | Aμ=0.954 | Wmax=1.000 | Amax=1.000 |LR=0.0070037 | t=9.46s
    48 | base=1.745961 | val=4.189683 | acc1=0.2025 | Wμ=0.968 | Aμ=0.952 | Wmax=1.000 | Amax=1.000 |LR=0.0064973 | t=9.38s
    49 | base=1.795797 | val=2.844821 | acc1=0.3193 | Wμ=0.967 | Aμ=0.950 | Wmax=1.000 | Amax=1.000 |LR=0.0060275 | t=9.39s
