     0 | base=nan | val=nan | acc1=0.7031 | Wμ=nan | Aμ=nan | Wmax=nan | Amax=nan |LR=nan | t=nans
     0 | base=nan | val=1.104401 | acc1=0.7032 | Wμ=11.367 | Aμ=20.000 | Wmax=12.587 | Amax=14.104 |LR=nan | t=nans
     0 | base=nan | val=1.104483 | acc1=0.7030 | Wμ=10.000 | Aμ=20.000 | Wmax=10.000 | Amax=14.105 |LR=nan | t=nans
     0 | base=nan | val=1.104656 | acc1=0.7024 | Wμ=10.000 | Aμ=10.000 | Wmax=10.000 | Amax=9.987 |LR=nan | t=nans
# epoch | BaseLoss | ValLoss | Acc@1 | MeanWBits | MeanABits | MaxWBits | MaxABits | LR | EpochTime(s)
     0 | base=nan | val=1.111653 | acc1=0.7025 | Wμ=10.000 | Aμ=10.000 | Wmax=10.000 | Amax=9.976 |LR=nan | t=nans
     0 | base=0.097925 | val=1.134269 | acc1=0.6956 | Wμ=10.000 | Aμ=10.001 | Wmax=10.011 | Amax=10.001 |LR=0.00098 | t=10.61s
     1 | base=0.056996 | val=1.119914 | acc1=0.6978 | Wμ=10.001 | Aμ=10.003 | Wmax=10.028 | Amax=10.008 |LR=0.00198 | t=9.38s
     2 | base=0.049441 | val=1.133407 | acc1=0.6954 | Wμ=10.002 | Aμ=10.009 | Wmax=10.054 | Amax=10.021 |LR=0.00298 | t=9.37s
     3 | base=0.043736 | val=1.138593 | acc1=0.6931 | Wμ=10.005 | Aμ=10.022 | Wmax=10.079 | Amax=10.053 |LR=0.00398 | t=9.34s
     4 | base=0.050227 | val=1.174849 | acc1=0.6812 | Wμ=10.010 | Aμ=10.043 | Wmax=10.089 | Amax=10.102 |LR=0.00498 | t=9.34s
     5 | base=0.071160 | val=1.189158 | acc1=0.6780 | Wμ=10.019 | Aμ=10.073 | Wmax=10.128 | Amax=10.164 |LR=0.00598 | t=9.35s
     6 | base=0.125876 | val=1.245716 | acc1=0.6624 | Wμ=10.038 | Aμ=10.117 | Wmax=10.172 | Amax=10.251 |LR=0.00698 | t=9.38s
     7 | base=0.178882 | val=1.310922 | acc1=0.6527 | Wμ=10.069 | Aμ=10.185 | Wmax=10.259 | Amax=10.359 |LR=0.00798 | t=9.39s
     8 | base=0.215509 | val=1.459418 | acc1=0.6040 | Wμ=10.114 | Aμ=10.236 | Wmax=10.392 | Amax=10.445 |LR=0.00898 | t=9.31s
     9 | base=0.297263 | val=1.509090 | acc1=0.5897 | Wμ=10.168 | Aμ=10.288 | Wmax=10.540 | Amax=10.519 |LR=0.00998 | t=9.37s
    10 | base=0.335112 | val=1.441358 | acc1=0.6099 | Wμ=10.235 | Aμ=10.338 | Wmax=10.695 | Amax=10.557 |LR=0.01098 | t=9.36s
    11 | base=0.315331 | val=1.727869 | acc1=0.5550 | Wμ=10.302 | Aμ=10.381 | Wmax=10.812 | Amax=10.692 |LR=0.01198 | t=9.35s
    12 | base=0.347945 | val=1.399334 | acc1=0.6176 | Wμ=10.367 | Aμ=10.447 | Wmax=10.899 | Amax=10.723 |LR=0.01298 | t=9.33s
    13 | base=0.324261 | val=1.514897 | acc1=0.5997 | Wμ=10.435 | Aμ=10.473 | Wmax=11.013 | Amax=10.697 |LR=0.01398 | t=9.31s
    14 | base=0.319250 | val=1.573169 | acc1=0.5839 | Wμ=10.500 | Aμ=10.514 | Wmax=11.122 | Amax=10.777 |LR=0.01498 | t=9.34s
    15 | base=0.312788 | val=1.389218 | acc1=0.6287 | Wμ=10.567 | Aμ=10.527 | Wmax=11.299 | Amax=10.902 |LR=0.01598 | t=9.38s
    16 | base=0.310723 | val=1.464186 | acc1=0.6029 | Wμ=10.628 | Aμ=10.563 | Wmax=11.412 | Amax=10.973 |LR=0.01698 | t=9.34s
    17 | base=0.331405 | val=1.444021 | acc1=0.6119 | Wμ=10.699 | Aμ=10.587 | Wmax=11.428 | Amax=11.046 |LR=0.01798 | t=9.39s
    18 | base=0.326332 | val=1.486551 | acc1=0.6046 | Wμ=10.769 | Aμ=10.621 | Wmax=11.533 | Amax=11.050 |LR=0.01898 | t=9.34s
    19 | base=0.343831 | val=1.509881 | acc1=0.5909 | Wμ=10.838 | Aμ=10.652 | Wmax=11.577 | Amax=11.130 |LR=0.01998 | t=9.33s
    20 | base=0.355719 | val=1.596852 | acc1=0.5798 | Wμ=7.360 | Aμ=7.415 | Wmax=8.055 | Amax=9.006 |LR=0.02 | t=9.32s
    21 | base=0.515637 | val=2.081662 | acc1=0.4800 | Wμ=4.049 | Aμ=5.103 | Wmax=4.755 | Amax=6.672 |LR=0.02 | t=9.30s
    22 | base=1.461661 | val=15.009567 | acc1=0.0204 | Wμ=2.045 | Aμ=4.580 | Wmax=3.700 | Amax=5.755 |LR=0.02 | t=9.31s
    23 | base=1.943234 | val=6.973815 | acc1=0.0650 | Wμ=1.336 | Aμ=4.026 | Wmax=3.170 | Amax=5.129 |LR=0.02 | t=9.32s
    24 | base=1.834868 | val=5.399733 | acc1=0.1044 | Wμ=1.107 | Aμ=2.967 | Wmax=2.322 | Amax=4.248 |LR=0.02 | t=9.32s
    25 | base=1.784082 | val=4.588745 | acc1=0.1405 | Wμ=1.024 | Aμ=2.032 | Wmax=2.000 | Amax=2.585 |LR=0.02 | t=9.36s
    26 | base=1.912927 | val=4.692961 | acc1=0.1602 | Wμ=1.000 | Aμ=1.644 | Wmax=1.585 | Amax=2.322 |LR=0.02 | t=9.40s
    27 | base=1.851922 | val=4.011981 | acc1=0.1349 | Wμ=0.989 | Aμ=1.420 | Wmax=1.585 | Amax=2.000 |LR=0.02 | t=9.34s
    28 | base=2.299122 | val=3.731754 | acc1=0.2185 | Wμ=0.986 | Aμ=1.278 | Wmax=1.585 | Amax=2.000 |LR=0.02 | t=9.38s
    29 | base=2.086407 | val=3.480244 | acc1=0.2330 | Wμ=0.982 | Aμ=1.136 | Wmax=1.000 | Amax=1.585 |LR=0.02 | t=9.41s
    30 | base=2.406186 | val=4.116063 | acc1=0.1520 | Wμ=0.977 | Aμ=1.097 | Wmax=1.000 | Amax=1.585 |LR=0.02 | t=9.42s
    31 | base=2.226199 | val=3.562460 | acc1=0.2241 | Wμ=0.979 | Aμ=1.067 | Wmax=1.000 | Amax=1.585 |LR=0.02 | t=9.44s
    32 | base=2.116105 | val=3.953714 | acc1=0.1756 | Wμ=0.976 | Aμ=1.048 | Wmax=1.000 | Amax=1.585 |LR=0.02 | t=9.44s
    33 | base=2.109904 | val=3.591966 | acc1=0.2513 | Wμ=0.972 | Aμ=0.997 | Wmax=1.000 | Amax=1.000 |LR=0.02 | t=9.43s
    34 | base=2.064302 | val=4.136904 | acc1=0.1734 | Wμ=0.969 | Aμ=0.977 | Wmax=1.000 | Amax=1.000 |LR=0.018582 | t=9.37s
    35 | base=2.029195 | val=4.347731 | acc1=0.1563 | Wμ=0.968 | Aμ=0.959 | Wmax=1.000 | Amax=1.000 |LR=0.017238 | t=9.39s
    36 | base=1.984438 | val=4.928424 | acc1=0.1055 | Wμ=0.968 | Aμ=0.962 | Wmax=1.000 | Amax=1.000 |LR=0.015992 | t=9.40s
    37 | base=1.958278 | val=3.133533 | acc1=0.2709 | Wμ=0.967 | Aμ=0.966 | Wmax=1.000 | Amax=1.000 |LR=0.014835 | t=9.37s
    38 | base=1.907046 | val=2.653733 | acc1=0.3429 | Wμ=0.966 | Aμ=0.962 | Wmax=1.000 | Amax=1.000 |LR=0.013763 | t=9.37s
    39 | base=1.981721 | val=4.791618 | acc1=0.1147 | Wμ=0.966 | Aμ=0.973 | Wmax=1.000 | Amax=1.000 |LR=0.012767 | t=9.39s
    40 | base=1.841349 | val=4.478009 | acc1=0.1446 | Wμ=0.964 | Aμ=0.972 | Wmax=1.000 | Amax=1.000 |LR=0.011844 | t=9.41s
    41 | base=1.835656 | val=5.864635 | acc1=0.0972 | Wμ=0.967 | Aμ=0.953 | Wmax=1.000 | Amax=1.000 |LR=0.010988 | t=9.42s
    42 | base=1.869321 | val=4.550915 | acc1=0.1519 | Wμ=0.966 | Aμ=0.965 | Wmax=1.000 | Amax=1.000 |LR=0.010193 | t=9.41s
    43 | base=1.833639 | val=3.043994 | acc1=0.2931 | Wμ=0.964 | Aμ=0.959 | Wmax=1.000 | Amax=1.000 |LR=0.0094562 | t=9.42s
    44 | base=1.814340 | val=3.004857 | acc1=0.2956 | Wμ=0.967 | Aμ=0.968 | Wmax=1.000 | Amax=1.000 |LR=0.0087724 | t=9.43s
    45 | base=1.808895 | val=2.890044 | acc1=0.3290 | Wμ=0.967 | Aμ=0.952 | Wmax=1.000 | Amax=1.000 |LR=0.0081381 | t=9.40s
    46 | base=1.700836 | val=3.865448 | acc1=0.2352 | Wμ=0.964 | Aμ=0.958 | Wmax=1.000 | Amax=1.000 |LR=0.0075497 | t=9.43s
    47 | base=1.758776 | val=2.847734 | acc1=0.3231 | Wμ=0.966 | Aμ=0.963 | Wmax=1.000 | Amax=1.000 |LR=0.0070037 | t=9.40s
    48 | base=1.769558 | val=3.321188 | acc1=0.2854 | Wμ=0.969 | Aμ=0.950 | Wmax=1.000 | Amax=1.000 |LR=0.0064973 | t=9.39s
    49 | base=1.756529 | val=2.774231 | acc1=0.3196 | Wμ=0.968 | Aμ=0.954 | Wmax=1.000 | Amax=1.000 |LR=0.0060275 | t=9.45s
