     0 | base=nan | val=1.104183 | acc1=nan | Wμ=nan | Aμ=nan | Wmax=nan | Amax=nan |LR=nan | t=nans
     0 | base=nan | val=1.104352 | acc1=0.7034 | Wμ=11.367 | Aμ=20.000 | Wmax=12.587 | Amax=14.104 |LR=nan | t=nans
     0 | base=nan | val=1.104495 | acc1=0.7028 | Wμ=10.000 | Aμ=20.000 | Wmax=10.000 | Amax=14.105 |LR=nan | t=nans
     0 | base=nan | val=1.104728 | acc1=0.7024 | Wμ=10.000 | Aμ=10.000 | Wmax=10.000 | Amax=9.988 |LR=nan | t=nans
# epoch | BaseLoss | ValLoss | Acc@1 | MeanWBits | MeanABits | MaxWBits | MaxABits | LR | GradNorm | WSat | ASat | NoiseMean | NoiseVar | NoiseCorr | Temp | EpochTime(s)
     0 | base=nan | val=1.111712 | acc1=0.7035 | Wμ=10.000 | Aμ=10.000 | Wmax=10.000 | Amax=9.976 |LR=nan | t=nans
     0 | base=0.097028 | val=1.132914 | acc1=0.6962 | Wμ=10.000 | Aμ=10.001 | Wmax=10.011 | Amax=10.001 |LR=0.00098 | t=10.69s
     1 | base=0.056451 | val=1.116845 | acc1=0.6998 | Wμ=10.001 | Aμ=10.005 | Wmax=10.027 | Amax=10.010 |LR=0.00198 | t=9.29s
     2 | base=0.043136 | val=1.135174 | acc1=0.6933 | Wμ=10.002 | Aμ=10.016 | Wmax=10.048 | Amax=10.031 |LR=0.00298 | t=9.01s
     3 | base=0.048238 | val=1.135818 | acc1=0.6904 | Wμ=10.005 | Aμ=10.032 | Wmax=10.067 | Amax=10.062 |LR=0.00398 | t=8.99s
     4 | base=0.052139 | val=1.155842 | acc1=0.6898 | Wμ=10.009 | Aμ=10.057 | Wmax=10.079 | Amax=10.112 |LR=0.00498 | t=8.98s
     5 | base=0.067951 | val=1.181747 | acc1=0.6790 | Wμ=10.018 | Aμ=10.097 | Wmax=10.119 | Amax=10.173 |LR=0.00598 | t=9.05s
     6 | base=0.121891 | val=1.255662 | acc1=0.6621 | Wμ=10.033 | Aμ=10.144 | Wmax=10.195 | Amax=10.266 |LR=0.00698 | t=8.99s
     7 | base=0.175374 | val=1.349905 | acc1=0.6354 | Wμ=10.064 | Aμ=10.197 | Wmax=10.251 | Amax=10.366 |LR=0.00798 | t=8.96s
     8 | base=0.252867 | val=1.417281 | acc1=0.6221 | Wμ=10.113 | Aμ=10.248 | Wmax=10.407 | Amax=10.453 |LR=0.00898 | t=8.98s
     9 | base=0.276888 | val=1.466021 | acc1=0.6041 | Wμ=10.168 | Aμ=10.317 | Wmax=10.504 | Amax=10.545 |LR=0.00998 | t=8.95s
    10 | base=0.291494 | val=1.438262 | acc1=0.6076 | Wμ=10.229 | Aμ=10.376 | Wmax=10.639 | Amax=10.643 |LR=0.01098 | t=8.97s
    11 | base=0.334282 | val=1.408493 | acc1=0.6197 | Wμ=10.297 | Aμ=10.410 | Wmax=10.778 | Amax=10.680 |LR=0.01198 | t=8.96s
    12 | base=0.296769 | val=1.519523 | acc1=0.5939 | Wμ=10.360 | Aμ=10.418 | Wmax=10.863 | Amax=10.857 |LR=0.01298 | t=8.95s
    13 | base=0.320978 | val=1.496446 | acc1=0.5939 | Wμ=10.429 | Aμ=10.482 | Wmax=11.006 | Amax=10.891 |LR=0.01398 | t=8.92s
    14 | base=0.333103 | val=1.439289 | acc1=0.6136 | Wμ=10.491 | Aμ=10.547 | Wmax=11.077 | Amax=10.945 |LR=0.01498 | t=8.97s
    15 | base=0.306912 | val=1.368157 | acc1=0.6342 | Wμ=10.558 | Aμ=10.614 | Wmax=11.226 | Amax=10.921 |LR=0.01598 | t=8.98s
    16 | base=0.342739 | val=1.523416 | acc1=0.5911 | Wμ=10.627 | Aμ=10.648 | Wmax=11.310 | Amax=10.947 |LR=0.01698 | t=9.02s
    17 | base=0.345120 | val=1.406814 | acc1=0.6144 | Wμ=10.696 | Aμ=10.698 | Wmax=11.398 | Amax=11.027 |LR=0.01798 | t=8.99s
    18 | base=0.346299 | val=1.386056 | acc1=0.6269 | Wμ=10.760 | Aμ=10.760 | Wmax=11.495 | Amax=11.143 |LR=0.01898 | t=8.97s
    19 | base=0.363397 | val=1.475871 | acc1=0.6008 | Wμ=10.827 | Aμ=10.828 | Wmax=11.565 | Amax=11.225 |LR=0.01998 | t=8.97s
    20 | base=0.332529 | val=1.523342 | acc1=0.5992 | Wμ=7.348 | Aμ=7.360 | Wmax=8.061 | Amax=8.954 |LR=0.02 | t=8.95s
    21 | base=0.512175 | val=1.863514 | acc1=0.5256 | Wμ=4.032 | Aμ=4.809 | Wmax=4.755 | Amax=6.644 |LR=0.02 | t=9.02s
    22 | base=1.463868 | val=3.965612 | acc1=0.1728 | Wμ=2.033 | Aμ=4.368 | Wmax=3.585 | Amax=6.087 |LR=0.02 | t=9.02s
    23 | base=1.930348 | val=6.266706 | acc1=0.0687 | Wμ=1.328 | Aμ=3.652 | Wmax=2.807 | Amax=4.858 |LR=0.02 | t=9.06s
    24 | base=1.760854 | val=5.827492 | acc1=0.1112 | Wμ=1.114 | Aμ=2.838 | Wmax=2.322 | Amax=3.907 |LR=0.02 | t=8.97s
    25 | base=1.812999 | val=5.488443 | acc1=0.0983 | Wμ=1.026 | Aμ=2.106 | Wmax=2.000 | Amax=2.807 |LR=0.02 | t=9.01s
    26 | base=1.864858 | val=4.117854 | acc1=0.1930 | Wμ=1.001 | Aμ=1.694 | Wmax=1.585 | Amax=2.322 |LR=0.02 | t=9.00s
    27 | base=1.949925 | val=4.185036 | acc1=0.1832 | Wμ=0.989 | Aμ=1.453 | Wmax=1.585 | Amax=2.000 |LR=0.02 | t=9.13s
    28 | base=1.982518 | val=4.317336 | acc1=0.1592 | Wμ=0.983 | Aμ=1.259 | Wmax=1.585 | Amax=1.585 |LR=0.02 | t=8.99s
    29 | base=2.141834 | val=3.939122 | acc1=0.1981 | Wμ=0.982 | Aμ=1.131 | Wmax=1.000 | Amax=1.585 |LR=0.02 | t=9.10s
    30 | base=2.090798 | val=3.313245 | acc1=0.2264 | Wμ=0.979 | Aμ=1.106 | Wmax=1.000 | Amax=1.585 |LR=0.02 | t=8.96s
    31 | base=2.108734 | val=3.546663 | acc1=0.2460 | Wμ=0.977 | Aμ=1.059 | Wmax=1.000 | Amax=1.585 |LR=0.02 | t=8.99s
    32 | base=2.129908 | val=4.003527 | acc1=0.2056 | Wμ=0.975 | Aμ=1.050 | Wmax=1.000 | Amax=1.585 |LR=0.02 | t=8.95s
    33 | base=2.106575 | val=3.433634 | acc1=0.2484 | Wμ=0.972 | Aμ=1.007 | Wmax=1.000 | Amax=1.000 |LR=0.02 | t=8.96s
    34 | base=2.073863 | val=3.321021 | acc1=0.2429 | Wμ=0.971 | Aμ=0.949 | Wmax=1.000 | Amax=1.000 |LR=0.018582 | t=8.99s
    35 | base=2.019001 | val=2.679539 | acc1=0.3439 | Wμ=0.969 | Aμ=0.974 | Wmax=1.000 | Amax=1.000 |LR=0.017238 | t=8.98s
    36 | base=1.985428 | val=2.936121 | acc1=0.2924 | Wμ=0.966 | Aμ=0.978 | Wmax=1.000 | Amax=1.000 |LR=0.015992 | t=8.98s
    37 | base=2.055479 | val=3.521535 | acc1=0.2514 | Wμ=0.966 | Aμ=0.968 | Wmax=1.000 | Amax=1.000 |LR=0.014835 | t=8.97s
    38 | base=1.838373 | val=2.851784 | acc1=0.3176 | Wμ=0.965 | Aμ=0.974 | Wmax=1.000 | Amax=1.000 |LR=0.013763 | t=9.06s
    39 | base=1.895195 | val=3.269673 | acc1=0.2556 | Wμ=0.964 | Aμ=0.962 | Wmax=1.000 | Amax=1.000 |LR=0.012767 | t=9.00s
    40 | base=1.901967 | val=3.592121 | acc1=0.2283 | Wμ=0.964 | Aμ=0.967 | Wmax=1.000 | Amax=1.000 |LR=0.011844 | t=8.95s
    41 | base=1.860243 | val=3.066232 | acc1=0.2928 | Wμ=0.965 | Aμ=0.956 | Wmax=1.000 | Amax=1.000 |LR=0.010988 | t=8.96s
    42 | base=1.938900 | val=4.176455 | acc1=0.2166 | Wμ=0.965 | Aμ=0.945 | Wmax=1.000 | Amax=1.000 |LR=0.010193 | t=8.97s
    43 | base=1.846383 | val=3.404193 | acc1=0.2556 | Wμ=0.965 | Aμ=0.950 | Wmax=1.000 | Amax=1.000 |LR=0.0094562 | t=9.00s
    44 | base=1.849433 | val=3.996637 | acc1=0.1854 | Wμ=0.965 | Aμ=0.950 | Wmax=1.000 | Amax=1.000 |LR=0.0087724 | t=8.99s
