     0 | base=nan | val=1.104183 | acc1=nan | Wμ=nan | Aμ=nan | Wmax=nan | Amax=nan |LR=nan | t=nans
     0 | base=nan | val=1.104352 | acc1=0.7034 | Wμ=11.367 | Aμ=20.000 | Wmax=12.587 | Amax=14.104 |LR=nan | t=nans
     0 | base=nan | val=1.104495 | acc1=0.7028 | Wμ=10.000 | Aμ=20.000 | Wmax=10.000 | Amax=14.105 |LR=nan | t=nans
     0 | base=nan | val=1.104728 | acc1=0.7024 | Wμ=10.000 | Aμ=10.000 | Wmax=10.000 | Amax=9.988 |LR=nan | t=nans
# epoch | BaseLoss | ValLoss | Acc@1 | MeanWBits | MeanABits | MaxWBits | MaxABits | LR | GradNorm | WSat | ASat | NoiseMean | NoiseVar | NoiseCorr | Temp | EpochTime(s)
     0 | base=nan | val=1.111712 | acc1=0.7035 | Wμ=10.000 | Aμ=10.000 | Wmax=10.000 | Amax=9.976 |LR=nan | t=nans
     0 | base=0.101355 | val=1.132239 | acc1=0.6964 | Wμ=10.000 | Aμ=10.001 | Wmax=10.010 | Amax=10.001 |LR=0.00098 | t=10.61s
     1 | base=0.055739 | val=1.118926 | acc1=0.6975 | Wμ=10.001 | Aμ=10.006 | Wmax=10.033 | Amax=10.008 |LR=0.00198 | t=9.20s
     2 | base=0.046566 | val=1.140037 | acc1=0.6912 | Wμ=10.002 | Aμ=10.016 | Wmax=10.065 | Amax=10.027 |LR=0.00298 | t=8.95s
     3 | base=0.044142 | val=1.144850 | acc1=0.6919 | Wμ=10.004 | Aμ=10.035 | Wmax=10.066 | Amax=10.057 |LR=0.00398 | t=8.95s
     4 | base=0.048029 | val=1.161298 | acc1=0.6835 | Wμ=10.010 | Aμ=10.059 | Wmax=10.081 | Amax=10.105 |LR=0.00498 | t=8.93s
     5 | base=0.073268 | val=1.181173 | acc1=0.6794 | Wμ=10.019 | Aμ=10.101 | Wmax=10.125 | Amax=10.169 |LR=0.00598 | t=8.95s
     6 | base=0.121401 | val=1.295140 | acc1=0.6491 | Wμ=10.037 | Aμ=10.151 | Wmax=10.191 | Amax=10.248 |LR=0.00698 | t=8.91s
     7 | base=0.168850 | val=1.257170 | acc1=0.6574 | Wμ=10.066 | Aμ=10.198 | Wmax=10.266 | Amax=10.349 |LR=0.00798 | t=8.91s
     8 | base=0.234217 | val=1.440979 | acc1=0.6137 | Wμ=10.108 | Aμ=10.256 | Wmax=10.396 | Amax=10.452 |LR=0.00898 | t=8.94s
     9 | base=0.273036 | val=1.435960 | acc1=0.6083 | Wμ=10.163 | Aμ=10.320 | Wmax=10.524 | Amax=10.534 |LR=0.00998 | t=8.92s
    10 | base=0.293048 | val=1.413343 | acc1=0.6171 | Wμ=10.223 | Aμ=10.368 | Wmax=10.658 | Amax=10.639 |LR=0.01098 | t=8.99s
    11 | base=0.335523 | val=1.562518 | acc1=0.5894 | Wμ=10.290 | Aμ=10.410 | Wmax=10.716 | Amax=10.662 |LR=0.01198 | t=8.93s
    12 | base=0.304344 | val=1.410010 | acc1=0.6206 | Wμ=10.355 | Aμ=10.453 | Wmax=10.880 | Amax=10.752 |LR=0.01298 | t=9.02s
    13 | base=0.334814 | val=1.409519 | acc1=0.6169 | Wμ=10.426 | Aμ=10.477 | Wmax=11.049 | Amax=10.779 |LR=0.01398 | t=8.96s
    14 | base=0.322467 | val=1.587303 | acc1=0.5736 | Wμ=10.492 | Aμ=10.561 | Wmax=11.205 | Amax=10.937 |LR=0.01498 | t=8.92s
    15 | base=0.337025 | val=1.538145 | acc1=0.5913 | Wμ=10.564 | Aμ=10.613 | Wmax=11.379 | Amax=11.081 |LR=0.01598 | t=8.94s
    16 | base=0.328999 | val=1.438459 | acc1=0.6179 | Wμ=10.636 | Aμ=10.648 | Wmax=11.420 | Amax=11.136 |LR=0.01698 | t=8.99s
    17 | base=0.336028 | val=1.556763 | acc1=0.5871 | Wμ=10.706 | Aμ=10.703 | Wmax=11.528 | Amax=11.310 |LR=0.01798 | t=8.98s
    18 | base=0.314901 | val=1.511168 | acc1=0.6004 | Wμ=10.768 | Aμ=10.750 | Wmax=11.624 | Amax=11.446 |LR=0.01898 | t=8.96s
    19 | base=0.327994 | val=1.521260 | acc1=0.6004 | Wμ=10.835 | Aμ=10.768 | Wmax=11.750 | Amax=11.449 |LR=0.01998 | t=8.96s
    20 | base=0.341447 | val=1.432132 | acc1=0.6112 | Wμ=7.355 | Aμ=7.297 | Wmax=8.044 | Amax=8.771 |LR=0.02 | t=9.01s
    21 | base=0.455058 | val=1.508895 | acc1=0.6000 | Wμ=4.032 | Aμ=4.786 | Wmax=4.755 | Amax=6.570 |LR=0.02 | t=8.95s
    22 | base=1.466787 | val=7.450022 | acc1=0.0931 | Wμ=2.051 | Aμ=4.396 | Wmax=3.807 | Amax=5.954 |LR=0.02 | t=9.04s
    23 | base=1.861546 | val=5.810950 | acc1=0.0974 | Wμ=1.328 | Aμ=3.649 | Wmax=3.000 | Amax=4.700 |LR=0.02 | t=8.94s
    24 | base=1.866076 | val=4.340158 | acc1=0.2145 | Wμ=1.111 | Aμ=2.831 | Wmax=2.322 | Amax=3.907 |LR=0.02 | t=9.02s
    25 | base=1.720695 | val=4.647576 | acc1=0.1252 | Wμ=1.028 | Aμ=2.098 | Wmax=2.000 | Amax=2.807 |LR=0.02 | t=8.96s
    26 | base=1.895234 | val=6.392616 | acc1=0.0942 | Wμ=0.998 | Aμ=1.691 | Wmax=1.585 | Amax=2.322 |LR=0.02 | t=8.97s
    27 | base=1.851208 | val=3.190070 | acc1=0.2709 | Wμ=0.987 | Aμ=1.457 | Wmax=1.585 | Amax=2.000 |LR=0.02 | t=9.01s
    28 | base=2.331491 | val=3.848928 | acc1=0.1959 | Wμ=0.985 | Aμ=1.214 | Wmax=1.585 | Amax=1.585 |LR=0.02 | t=9.00s
    29 | base=2.239877 | val=3.705715 | acc1=0.2426 | Wμ=0.982 | Aμ=1.126 | Wmax=1.000 | Amax=1.585 |LR=0.02 | t=9.01s
    30 | base=2.317523 | val=3.320395 | acc1=0.2678 | Wμ=0.979 | Aμ=1.104 | Wmax=1.000 | Amax=1.585 |LR=0.02 | t=9.00s
    31 | base=2.347445 | val=3.205905 | acc1=0.2531 | Wμ=0.979 | Aμ=1.078 | Wmax=1.000 | Amax=1.585 |LR=0.02 | t=9.00s
    32 | base=2.130398 | val=3.664033 | acc1=0.2226 | Wμ=0.977 | Aμ=1.058 | Wmax=1.000 | Amax=1.585 |LR=0.02 | t=9.03s
    33 | base=2.095601 | val=3.995650 | acc1=0.2220 | Wμ=0.973 | Aμ=1.001 | Wmax=1.000 | Amax=1.000 |LR=0.02 | t=8.96s
    34 | base=1.992801 | val=3.996436 | acc1=0.1865 | Wμ=0.968 | Aμ=0.978 | Wmax=1.000 | Amax=1.000 |LR=0.018582 | t=8.99s
    35 | base=2.085759 | val=3.392277 | acc1=0.2558 | Wμ=0.969 | Aμ=0.974 | Wmax=1.000 | Amax=1.000 |LR=0.017238 | t=8.99s
    36 | base=1.877781 | val=4.020624 | acc1=0.2002 | Wμ=0.967 | Aμ=0.948 | Wmax=1.000 | Amax=1.000 |LR=0.015992 | t=8.97s
    37 | base=1.916827 | val=3.273988 | acc1=0.2507 | Wμ=0.968 | Aμ=0.948 | Wmax=1.000 | Amax=1.000 |LR=0.014835 | t=8.95s
    38 | base=1.917011 | val=2.869533 | acc1=0.3145 | Wμ=0.967 | Aμ=0.972 | Wmax=1.000 | Amax=1.000 |LR=0.013763 | t=8.96s
    39 | base=1.897877 | val=4.955807 | acc1=0.1676 | Wμ=0.967 | Aμ=0.953 | Wmax=1.000 | Amax=1.000 |LR=0.012767 | t=8.97s
    40 | base=1.869925 | val=2.874838 | acc1=0.2969 | Wμ=0.965 | Aμ=0.939 | Wmax=1.000 | Amax=1.000 |LR=0.011844 | t=8.98s
    41 | base=1.901919 | val=3.922207 | acc1=0.1884 | Wμ=0.964 | Aμ=0.945 | Wmax=1.000 | Amax=1.000 |LR=0.010988 | t=8.97s
    42 | base=1.819292 | val=3.295578 | acc1=0.2522 | Wμ=0.964 | Aμ=0.948 | Wmax=1.000 | Amax=1.000 |LR=0.010193 | t=8.97s
    43 | base=1.871320 | val=2.892679 | acc1=0.3145 | Wμ=0.963 | Aμ=0.955 | Wmax=1.000 | Amax=1.000 |LR=0.0094562 | t=8.98s
    44 | base=1.816532 | val=2.802351 | acc1=0.3312 | Wμ=0.963 | Aμ=0.962 | Wmax=1.000 | Amax=1.000 |LR=0.0087724 | t=9.03s
