     0 | train=nan | val=nan | lr=nan | t_train=nan | t_val=1.73 | mem=248.9 | psnr_b100=27.621, psnr_set14=28.302, psnr_set5=32.057, psnr_urban100=26.141, ssim_b100=0.738, ssim_set14=0.861, ssim_set5=0.906, ssim_urban100=0.963 |
     0 | train=nan | val=nan | lr=nan | t_train=nan | t_val=20.82 | mem=250.8 | psnr_b100=27.621, psnr_set14=28.302, psnr_set5=32.056, psnr_urban100=26.140, ssim_b100=0.738, ssim_set14=0.861, ssim_set5=0.906, ssim_urban100=0.963 |
     0 | train=nan | val=nan | lr=nan | t_train=nan | t_val=21.07 | mem=250.9 | psnr_b100=27.621, psnr_set14=28.303, psnr_set5=32.056, psnr_urban100=26.140, ssim_b100=0.738, ssim_set14=0.861, ssim_set5=0.906, ssim_urban100=0.963 |
     0 | train=nan | val=nan | lr=nan | t_train=nan | t_val=20.79 | mem=250.9 | psnr_b100=27.618, psnr_set14=28.302, psnr_set5=32.055, psnr_urban100=26.139, ssim_b100=0.738, ssim_set14=0.861, ssim_set5=0.906, ssim_urban100=0.963 |
# epoch | train_loss | val_loss | LR | t_train(s) | t_val(s) | gpu_mem(MB) | SRBench(psnr/ssim...)
     0 | train=nan | val=nan | lr=nan | t_train=nan | t_val=1.50 | mem=250.9 |
     0 | train=0.000785 | val=nan | lr=0.00036 | t_train=13.05 | t_val=12.23 | mem=383.9 | psnr_b100=27.619, psnr_set14=28.304, psnr_set5=32.343, psnr_urban100=26.136, ssim_b100=0.738, ssim_set14=0.861, ssim_set5=0.914, ssim_urban100=0.963 |
     1 | train=0.000855 | val=nan | lr=0.00074 | t_train=12.75 | t_val=12.09 | mem=383.9 | psnr_b100=27.618, psnr_set14=28.295, psnr_set5=32.338, psnr_urban100=26.136, ssim_b100=0.738, ssim_set14=0.861, ssim_set5=0.914, ssim_urban100=0.963 |
     2 | train=0.001057 | val=nan | lr=0.00112 | t_train=12.94 | t_val=12.17 | mem=383.9 | psnr_b100=27.616, psnr_set14=28.294, psnr_set5=32.335, psnr_urban100=26.127, ssim_b100=0.738, ssim_set14=0.861, ssim_set5=0.914, ssim_urban100=0.963 |
     3 | train=0.001049 | val=nan | lr=0.0015 | t_train=12.77 | t_val=12.10 | mem=383.9 | psnr_b100=27.608, psnr_set14=28.294, psnr_set5=32.325, psnr_urban100=26.098, ssim_b100=0.737, ssim_set14=0.861, ssim_set5=0.914, ssim_urban100=0.962 |
     4 | train=0.001903 | val=nan | lr=0.00188 | t_train=12.81 | t_val=12.15 | mem=383.9 | psnr_b100=27.599, psnr_set14=28.264, psnr_set5=32.298, psnr_urban100=26.102, ssim_b100=0.737, ssim_set14=0.861, ssim_set5=0.914, ssim_urban100=0.962 |
     5 | train=0.001960 | val=nan | lr=0.00226 | t_train=12.82 | t_val=12.16 | mem=383.9 | psnr_b100=27.585, psnr_set14=28.272, psnr_set5=32.312, psnr_urban100=26.069, ssim_b100=0.737, ssim_set14=0.860, ssim_set5=0.914, ssim_urban100=0.962 |
     6 | train=0.002155 | val=nan | lr=0.00264 | t_train=12.79 | t_val=12.13 | mem=383.9 | psnr_b100=27.589, psnr_set14=28.244, psnr_set5=32.339, psnr_urban100=26.071, ssim_b100=0.737, ssim_set14=0.860, ssim_set5=0.914, ssim_urban100=0.962 |
     7 | train=0.002871 | val=nan | lr=0.00302 | t_train=12.78 | t_val=12.12 | mem=383.9 | psnr_b100=27.558, psnr_set14=28.245, psnr_set5=32.314, psnr_urban100=26.000, ssim_b100=0.736, ssim_set14=0.860, ssim_set5=0.914, ssim_urban100=0.962 |
     8 | train=0.002741 | val=nan | lr=0.0034 | t_train=12.81 | t_val=12.15 | mem=383.9 | psnr_b100=27.552, psnr_set14=28.195, psnr_set5=32.257, psnr_urban100=25.959, ssim_b100=0.736, ssim_set14=0.859, ssim_set5=0.913, ssim_urban100=0.961 |
     9 | train=0.003661 | val=nan | lr=0.00378 | t_train=12.81 | t_val=12.16 | mem=383.9 | psnr_b100=27.534, psnr_set14=28.139, psnr_set5=32.277, psnr_urban100=25.946, ssim_b100=0.735, ssim_set14=0.859, ssim_set5=0.913, ssim_urban100=0.961 |
    10 | train=0.002556 | val=nan | lr=0.00416 | t_train=12.83 | t_val=12.18 | mem=383.9 | psnr_b100=27.540, psnr_set14=28.176, psnr_set5=32.218, psnr_urban100=25.946, ssim_b100=0.735, ssim_set14=0.859, ssim_set5=0.913, ssim_urban100=0.961 |
    11 | train=0.003758 | val=nan | lr=0.00454 | t_train=12.79 | t_val=12.12 | mem=383.9 | psnr_b100=27.519, psnr_set14=28.202, psnr_set5=32.199, psnr_urban100=25.889, ssim_b100=0.734, ssim_set14=0.859, ssim_set5=0.912, ssim_urban100=0.961 |
    12 | train=0.004097 | val=nan | lr=0.00492 | t_train=13.08 | t_val=12.43 | mem=383.9 | psnr_b100=27.511, psnr_set14=28.097, psnr_set5=32.087, psnr_urban100=25.862, ssim_b100=0.734, ssim_set14=0.858, ssim_set5=0.911, ssim_urban100=0.960 |
    13 | train=0.005182 | val=nan | lr=0.0053 | t_train=12.77 | t_val=12.12 | mem=383.9 | psnr_b100=27.443, psnr_set14=28.086, psnr_set5=32.047, psnr_urban100=25.708, ssim_b100=0.732, ssim_set14=0.857, ssim_set5=0.910, ssim_urban100=0.958 |
    14 | train=0.005086 | val=nan | lr=0.00568 | t_train=12.83 | t_val=12.18 | mem=383.9 | psnr_b100=27.463, psnr_set14=28.094, psnr_set5=32.067, psnr_urban100=25.760, ssim_b100=0.731, ssim_set14=0.856, ssim_set5=0.908, ssim_urban100=0.959 |
    15 | train=0.005239 | val=nan | lr=0.00606 | t_train=12.88 | t_val=12.22 | mem=383.9 | psnr_b100=27.448, psnr_set14=28.095, psnr_set5=32.079, psnr_urban100=25.743, ssim_b100=0.733, ssim_set14=0.858, ssim_set5=0.910, ssim_urban100=0.959 |
    16 | train=0.005848 | val=nan | lr=0.00644 | t_train=12.77 | t_val=12.12 | mem=383.9 | psnr_b100=27.419, psnr_set14=28.074, psnr_set5=31.991, psnr_urban100=25.648, ssim_b100=0.731, ssim_set14=0.857, ssim_set5=0.908, ssim_urban100=0.959 |
    17 | train=0.005641 | val=nan | lr=0.00682 | t_train=12.76 | t_val=12.11 | mem=383.9 | psnr_b100=27.345, psnr_set14=27.964, psnr_set5=31.848, psnr_urban100=25.543, ssim_b100=0.727, ssim_set14=0.854, ssim_set5=0.904, ssim_urban100=0.957 |
    18 | train=0.006543 | val=nan | lr=0.0072 | t_train=12.79 | t_val=12.14 | mem=383.9 | psnr_b100=27.406, psnr_set14=27.960, psnr_set5=31.951, psnr_urban100=25.642, ssim_b100=0.730, ssim_set14=0.855, ssim_set5=0.907, ssim_urban100=0.958 |
    19 | train=0.007985 | val=nan | lr=0.00758 | t_train=12.79 | t_val=12.14 | mem=383.9 | psnr_b100=27.379, psnr_set14=27.901, psnr_set5=31.873, psnr_urban100=25.551, ssim_b100=0.728, ssim_set14=0.854, ssim_set5=0.905, ssim_urban100=0.957 |
    20 | train=0.007899 | val=nan | lr=0.00796 | t_train=12.80 | t_val=12.15 | mem=383.9 | psnr_b100=27.152, psnr_set14=27.773, psnr_set5=31.554, psnr_urban100=25.353, ssim_b100=0.724, ssim_set14=0.853, ssim_set5=0.903, ssim_urban100=0.955 |
    21 | train=0.012937 | val=nan | lr=0.00834 | t_train=12.75 | t_val=12.10 | mem=383.9 | psnr_b100=27.054, psnr_set14=27.508, psnr_set5=31.058, psnr_urban100=25.170, ssim_b100=0.715, ssim_set14=0.845, ssim_set5=0.890, ssim_urban100=0.954 |
    22 | train=0.014352 | val=nan | lr=0.00872 | t_train=12.84 | t_val=12.19 | mem=383.9 | psnr_b100=26.645, psnr_set14=27.092, psnr_set5=30.279, psnr_urban100=24.878, ssim_b100=0.708, ssim_set14=0.836, ssim_set5=0.878, ssim_urban100=0.952 |
    23 | train=0.011606 | val=nan | lr=0.0091 | t_train=12.90 | t_val=12.13 | mem=383.9 | psnr_b100=27.209, psnr_set14=27.787, psnr_set5=31.571, psnr_urban100=25.317, ssim_b100=0.724, ssim_set14=0.851, ssim_set5=0.900, ssim_urban100=0.955 |
    24 | train=0.016065 | val=nan | lr=0.00948 | t_train=12.84 | t_val=12.19 | mem=383.9 | psnr_b100=27.135, psnr_set14=27.680, psnr_set5=31.369, psnr_urban100=25.234, ssim_b100=0.715, ssim_set14=0.845, ssim_set5=0.891, ssim_urban100=0.953 |
    25 | train=0.012322 | val=nan | lr=0.00986 | t_train=12.77 | t_val=12.12 | mem=383.9 | psnr_b100=27.136, psnr_set14=27.625, psnr_set5=31.387, psnr_urban100=25.209, ssim_b100=0.715, ssim_set14=0.842, ssim_set5=0.885, ssim_urban100=0.954 |
    26 | train=0.017535 | val=nan | lr=0.01 | t_train=12.81 | t_val=12.15 | mem=383.9 | psnr_b100=27.196, psnr_set14=27.699, psnr_set5=31.506, psnr_urban100=25.235, ssim_b100=0.721, ssim_set14=0.849, ssim_set5=0.897, ssim_urban100=0.954 |
    27 | train=0.028013 | val=nan | lr=0.01 | t_train=12.81 | t_val=12.16 | mem=383.9 | psnr_b100=27.123, psnr_set14=27.597, psnr_set5=31.267, psnr_urban100=25.134, ssim_b100=0.719, ssim_set14=0.848, ssim_set5=0.898, ssim_urban100=0.954 |
    28 | train=0.039364 | val=nan | lr=0.01 | t_train=12.78 | t_val=12.13 | mem=383.9 | psnr_b100=27.239, psnr_set14=27.787, psnr_set5=31.611, psnr_urban100=25.259, ssim_b100=0.719, ssim_set14=0.848, ssim_set5=0.898, ssim_urban100=0.954 |
    29 | train=0.045123 | val=nan | lr=0.01 | t_train=12.80 | t_val=12.14 | mem=383.9 | psnr_b100=27.167, psnr_set14=27.620, psnr_set5=31.423, psnr_urban100=25.165, ssim_b100=0.721, ssim_set14=0.848, ssim_set5=0.894, ssim_urban100=0.954 |
    30 | train=0.049793 | val=nan | lr=0.01 | t_train=12.72 | t_val=12.07 | mem=383.9 | psnr_b100=27.189, psnr_set14=27.650, psnr_set5=31.527, psnr_urban100=25.134, ssim_b100=0.721, ssim_set14=0.849, ssim_set5=0.898, ssim_urban100=0.953 |
    31 | train=0.053563 | val=nan | lr=0.01 | t_train=12.96 | t_val=12.30 | mem=383.9 | psnr_b100=27.102, psnr_set14=27.705, psnr_set5=31.546, psnr_urban100=25.121, ssim_b100=0.724, ssim_set14=0.852, ssim_set5=0.903, ssim_urban100=0.954 |
    32 | train=0.060305 | val=nan | lr=0.01 | t_train=12.82 | t_val=12.16 | mem=383.9 | psnr_b100=27.175, psnr_set14=27.709, psnr_set5=31.354, psnr_urban100=25.107, ssim_b100=0.719, ssim_set14=0.848, ssim_set5=0.895, ssim_urban100=0.952 |
    33 | train=0.054477 | val=nan | lr=0.01 | t_train=12.87 | t_val=12.21 | mem=383.9 | psnr_b100=27.104, psnr_set14=27.653, psnr_set5=31.412, psnr_urban100=25.085, ssim_b100=0.718, ssim_set14=0.849, ssim_set5=0.899, ssim_urban100=0.953 |
    34 | train=0.051898 | val=nan | lr=0.01 | t_train=12.81 | t_val=12.08 | mem=383.9 | psnr_b100=27.136, psnr_set14=27.613, psnr_set5=31.285, psnr_urban100=25.032, ssim_b100=0.718, ssim_set14=0.849, ssim_set5=0.896, ssim_urban100=0.952 |
    35 | train=0.043844 | val=nan | lr=0.01 | t_train=12.77 | t_val=12.12 | mem=383.9 | psnr_b100=27.048, psnr_set14=27.620, psnr_set5=31.340, psnr_urban100=24.890, ssim_b100=0.719, ssim_set14=0.846, ssim_set5=0.896, ssim_urban100=0.950 |
    36 | train=0.036583 | val=nan | lr=0.01 | t_train=12.80 | t_val=12.14 | mem=383.9 | psnr_b100=27.096, psnr_set14=27.536, psnr_set5=31.333, psnr_urban100=24.877, ssim_b100=0.720, ssim_set14=0.846, ssim_set5=0.895, ssim_urban100=0.950 |
    37 | train=0.029295 | val=nan | lr=0.01 | t_train=12.80 | t_val=12.13 | mem=383.9 | psnr_b100=27.081, psnr_set14=27.532, psnr_set5=31.276, psnr_urban100=24.821, ssim_b100=0.719, ssim_set14=0.847, ssim_set5=0.896, ssim_urban100=0.949 |
    38 | train=0.021414 | val=nan | lr=0.01 | t_train=12.75 | t_val=12.09 | mem=383.9 | psnr_b100=27.124, psnr_set14=27.588, psnr_set5=31.332, psnr_urban100=24.847, ssim_b100=0.720, ssim_set14=0.846, ssim_set5=0.894, ssim_urban100=0.949 |
    39 | train=0.018293 | val=nan | lr=0.01 | t_train=12.79 | t_val=12.12 | mem=383.9 | psnr_b100=26.921, psnr_set14=27.239, psnr_set5=30.711, psnr_urban100=24.608, ssim_b100=0.712, ssim_set14=0.841, ssim_set5=0.888, ssim_urban100=0.947 |
    40 | train=0.015619 | val=nan | lr=0.01 | t_train=12.77 | t_val=12.11 | mem=383.9 | psnr_b100=27.103, psnr_set14=27.579, psnr_set5=31.355, psnr_urban100=24.911, ssim_b100=0.714, ssim_set14=0.844, ssim_set5=0.893, ssim_urban100=0.950 |
    41 | train=0.013399 | val=nan | lr=0.01 | t_train=12.75 | t_val=12.09 | mem=383.9 | psnr_b100=27.065, psnr_set14=27.488, psnr_set5=31.189, psnr_urban100=24.769, ssim_b100=0.720, ssim_set14=0.847, ssim_set5=0.895, ssim_urban100=0.949 |
    42 | train=0.011917 | val=nan | lr=0.01 | t_train=12.74 | t_val=12.09 | mem=383.9 | psnr_b100=26.998, psnr_set14=27.377, psnr_set5=30.987, psnr_urban100=24.749, ssim_b100=0.719, ssim_set14=0.846, ssim_set5=0.894, ssim_urban100=0.949 |
    43 | train=0.013804 | val=nan | lr=0.01 | t_train=12.76 | t_val=12.09 | mem=383.9 | psnr_b100=27.097, psnr_set14=27.565, psnr_set5=31.266, psnr_urban100=24.861, ssim_b100=0.717, ssim_set14=0.845, ssim_set5=0.892, ssim_urban100=0.949 |
    44 | train=0.017471 | val=nan | lr=0.01 | t_train=12.82 | t_val=12.16 | mem=383.9 | psnr_b100=26.985, psnr_set14=27.323, psnr_set5=30.981, psnr_urban100=24.647, ssim_b100=0.712, ssim_set14=0.841, ssim_set5=0.886, ssim_urban100=0.947 |
    45 | train=0.013498 | val=nan | lr=0.01 | t_train=12.82 | t_val=12.16 | mem=383.9 | psnr_b100=26.991, psnr_set14=27.406, psnr_set5=31.035, psnr_urban100=24.730, ssim_b100=0.710, ssim_set14=0.841, ssim_set5=0.886, ssim_urban100=0.948 |
    46 | train=0.015262 | val=nan | lr=0.01 | t_train=12.78 | t_val=12.13 | mem=383.9 | psnr_b100=26.950, psnr_set14=27.334, psnr_set5=30.919, psnr_urban100=24.623, ssim_b100=0.710, ssim_set14=0.839, ssim_set5=0.882, ssim_urban100=0.946 |
    47 | train=0.012144 | val=nan | lr=0.01 | t_train=12.78 | t_val=12.13 | mem=383.9 | psnr_b100=27.006, psnr_set14=27.420, psnr_set5=31.084, psnr_urban100=24.700, ssim_b100=0.713, ssim_set14=0.842, ssim_set5=0.887, ssim_urban100=0.948 |
    48 | train=0.016978 | val=nan | lr=0.01 | t_train=12.82 | t_val=12.16 | mem=383.9 | psnr_b100=26.313, psnr_set14=26.470, psnr_set5=29.406, psnr_urban100=24.090, ssim_b100=0.694, ssim_set14=0.827, ssim_set5=0.867, ssim_urban100=0.944 |
    49 | train=0.043006 | val=nan | lr=0.01 | t_train=12.78 | t_val=12.13 | mem=383.9 | psnr_b100=26.656, psnr_set14=26.852, psnr_set5=30.226, psnr_urban100=24.280, ssim_b100=0.686, ssim_set14=0.818, ssim_set5=0.851, ssim_urban100=0.941 |
    50 | train=0.204795 | val=nan | lr=0.01 | t_train=12.75 | t_val=12.10 | mem=383.9 | psnr_b100=17.115, psnr_set14=16.598, psnr_set5=17.251, psnr_urban100=16.297, ssim_b100=0.160, ssim_set14=0.313, ssim_set5=0.279, ssim_urban100=0.706 |
    51 | train=0.209353 | val=nan | lr=0.01 | t_train=12.76 | t_val=12.09 | mem=383.9 | psnr_b100=16.161, psnr_set14=15.468, psnr_set5=16.009, psnr_urban100=14.885, ssim_b100=0.155, ssim_set14=0.495, ssim_set5=0.420, ssim_urban100=0.720 |
    52 | train=0.078759 | val=nan | lr=0.01 | t_train=12.71 | t_val=12.07 | mem=383.9 | psnr_b100=23.487, psnr_set14=23.238, psnr_set5=24.157, psnr_urban100=21.463, ssim_b100=0.449, ssim_set14=0.646, ssim_set5=0.579, ssim_urban100=0.887 |
    53 | train=0.044657 | val=nan | lr=0.01 | t_train=12.80 | t_val=12.14 | mem=383.9 | psnr_b100=24.166, psnr_set14=23.922, psnr_set5=25.690, psnr_urban100=21.961, ssim_b100=0.533, ssim_set14=0.718, ssim_set5=0.712, ssim_urban100=0.905 |
    54 | train=0.053921 | val=nan | lr=0.01 | t_train=12.85 | t_val=12.10 | mem=383.9 | psnr_b100=25.474, psnr_set14=25.443, psnr_set5=28.024, psnr_urban100=22.948, ssim_b100=0.637, ssim_set14=0.778, ssim_set5=0.787, ssim_urban100=0.921 |
    55 | train=0.026536 | val=nan | lr=0.01 | t_train=12.83 | t_val=12.17 | mem=383.9 | psnr_b100=25.786, psnr_set14=25.657, psnr_set5=28.311, psnr_urban100=23.143, ssim_b100=0.635, ssim_set14=0.782, ssim_set5=0.795, ssim_urban100=0.924 |
    56 | train=0.030588 | val=nan | lr=0.01 | t_train=12.80 | t_val=12.14 | mem=383.9 | psnr_b100=25.873, psnr_set14=25.918, psnr_set5=28.964, psnr_urban100=23.206, ssim_b100=0.642, ssim_set14=0.796, ssim_set5=0.828, ssim_urban100=0.923 |
    57 | train=0.024332 | val=nan | lr=0.01 | t_train=12.82 | t_val=12.17 | mem=383.9 | psnr_b100=26.134, psnr_set14=26.111, psnr_set5=29.184, psnr_urban100=23.406, ssim_b100=0.673, ssim_set14=0.808, ssim_set5=0.833, ssim_urban100=0.928 |
    58 | train=0.019035 | val=nan | lr=0.009982 | t_train=12.90 | t_val=12.24 | mem=383.9 | psnr_b100=26.223, psnr_set14=26.189, psnr_set5=29.354, psnr_urban100=23.458, ssim_b100=0.683, ssim_set14=0.815, ssim_set5=0.843, ssim_urban100=0.928 |
    59 | train=0.024947 | val=nan | lr=0.0099631 | t_train=12.88 | t_val=12.21 | mem=383.9 | psnr_b100=26.093, psnr_set14=26.072, psnr_set5=29.049, psnr_urban100=23.393, ssim_b100=0.678, ssim_set14=0.813, ssim_set5=0.842, ssim_urban100=0.927 |
    60 | train=0.018677 | val=nan | lr=0.0099442 | t_train=12.88 | t_val=12.21 | mem=383.9 | psnr_b100=25.918, psnr_set14=25.849, psnr_set5=28.775, psnr_urban100=23.218, ssim_b100=0.688, ssim_set14=0.818, ssim_set5=0.848, ssim_urban100=0.927 |
    61 | train=0.023984 | val=nan | lr=0.0099253 | t_train=12.77 | t_val=12.12 | mem=383.9 | psnr_b100=26.129, psnr_set14=26.004, psnr_set5=29.045, psnr_urban100=23.373, ssim_b100=0.687, ssim_set14=0.816, ssim_set5=0.844, ssim_urban100=0.927 |
    62 | train=0.021804 | val=nan | lr=0.0099064 | t_train=12.81 | t_val=12.16 | mem=383.9 | psnr_b100=26.113, psnr_set14=26.057, psnr_set5=29.117, psnr_urban100=23.364, ssim_b100=0.687, ssim_set14=0.815, ssim_set5=0.843, ssim_urban100=0.928 |
    63 | train=0.018247 | val=nan | lr=0.0098876 | t_train=12.98 | t_val=12.24 | mem=383.9 | psnr_b100=25.908, psnr_set14=25.817, psnr_set5=28.556, psnr_urban100=23.254, ssim_b100=0.684, ssim_set14=0.816, ssim_set5=0.847, ssim_urban100=0.927 |
    64 | train=0.018671 | val=nan | lr=0.0098689 | t_train=13.09 | t_val=12.43 | mem=383.9 | psnr_b100=25.765, psnr_set14=25.927, psnr_set5=28.936, psnr_urban100=23.164, ssim_b100=0.684, ssim_set14=0.814, ssim_set5=0.843, ssim_urban100=0.926 |
    65 | train=0.018465 | val=nan | lr=0.0098501 | t_train=12.81 | t_val=12.16 | mem=383.9 | psnr_b100=25.863, psnr_set14=25.564, psnr_set5=28.168, psnr_urban100=23.188, ssim_b100=0.688, ssim_set14=0.817, ssim_set5=0.849, ssim_urban100=0.927 |
    66 | train=0.016167 | val=nan | lr=0.0098314 | t_train=12.89 | t_val=12.22 | mem=383.9 | psnr_b100=26.273, psnr_set14=26.282, psnr_set5=29.540, psnr_urban100=23.497, ssim_b100=0.691, ssim_set14=0.818, ssim_set5=0.850, ssim_urban100=0.928 |
    67 | train=0.017724 | val=nan | lr=0.0098128 | t_train=12.82 | t_val=12.17 | mem=383.9 | psnr_b100=26.285, psnr_set14=26.258, psnr_set5=29.495, psnr_urban100=23.502, ssim_b100=0.689, ssim_set14=0.818, ssim_set5=0.851, ssim_urban100=0.928 |
    68 | train=0.016839 | val=nan | lr=0.0097941 | t_train=12.86 | t_val=12.20 | mem=383.9 | psnr_b100=26.064, psnr_set14=25.961, psnr_set5=28.829, psnr_urban100=23.354, ssim_b100=0.690, ssim_set14=0.818, ssim_set5=0.850, ssim_urban100=0.927 |
    69 | train=0.017845 | val=nan | lr=0.0097755 | t_train=12.97 | t_val=12.31 | mem=383.9 | psnr_b100=26.013, psnr_set14=25.946, psnr_set5=28.709, psnr_urban100=23.351, ssim_b100=0.690, ssim_set14=0.818, ssim_set5=0.849, ssim_urban100=0.928 |
