     0 | train=nan | val=nan | lr=nan | t_train=nan | t_val=1.76 | mem=248.9 | psnr_b100=27.621, psnr_set14=28.302, psnr_set5=32.057, psnr_urban100=26.141, ssim_b100=0.738, ssim_set14=0.861, ssim_set5=0.906, ssim_urban100=0.963 |
     0 | train=nan | val=nan | lr=nan | t_train=nan | t_val=20.78 | mem=250.8 | psnr_b100=27.621, psnr_set14=28.302, psnr_set5=32.056, psnr_urban100=26.140, ssim_b100=0.738, ssim_set14=0.861, ssim_set5=0.906, ssim_urban100=0.963 |
     0 | train=nan | val=nan | lr=nan | t_train=nan | t_val=20.95 | mem=250.9 | psnr_b100=27.621, psnr_set14=28.303, psnr_set5=32.056, psnr_urban100=26.140, ssim_b100=0.738, ssim_set14=0.861, ssim_set5=0.906, ssim_urban100=0.963 |
     0 | train=nan | val=nan | lr=nan | t_train=nan | t_val=20.69 | mem=250.9 | psnr_b100=27.618, psnr_set14=28.302, psnr_set5=32.055, psnr_urban100=26.139, ssim_b100=0.738, ssim_set14=0.861, ssim_set5=0.906, ssim_urban100=0.963 |
# epoch | train_loss | val_loss | LR | t_train(s) | t_val(s) | gpu_mem(MB) | SRBench(psnr/ssim...)
     0 | train=nan | val=nan | lr=nan | t_train=nan | t_val=1.54 | mem=250.9 |
     0 | train=0.000777 | val=nan | lr=7.2e-05 | t_train=12.94 | t_val=12.16 | mem=383.9 | psnr_b100=27.619, psnr_set14=28.301, psnr_set5=32.348, psnr_urban100=26.139, ssim_b100=0.738, ssim_set14=0.861, ssim_set5=0.914, ssim_urban100=0.963 |
     1 | train=0.000745 | val=nan | lr=0.000148 | t_train=12.82 | t_val=12.16 | mem=383.9 | psnr_b100=27.617, psnr_set14=28.296, psnr_set5=32.345, psnr_urban100=26.135, ssim_b100=0.738, ssim_set14=0.861, ssim_set5=0.914, ssim_urban100=0.963 |
     2 | train=0.000686 | val=nan | lr=0.000224 | t_train=12.86 | t_val=12.09 | mem=383.9 | psnr_b100=27.617, psnr_set14=28.296, psnr_set5=32.342, psnr_urban100=26.136, ssim_b100=0.738, ssim_set14=0.861, ssim_set5=0.914, ssim_urban100=0.963 |
     3 | train=0.000843 | val=nan | lr=0.0003 | t_train=12.77 | t_val=12.11 | mem=383.9 | psnr_b100=27.617, psnr_set14=28.300, psnr_set5=32.344, psnr_urban100=26.134, ssim_b100=0.738, ssim_set14=0.861, ssim_set5=0.914, ssim_urban100=0.963 |
     4 | train=0.000844 | val=nan | lr=0.000376 | t_train=12.75 | t_val=12.09 | mem=383.9 | psnr_b100=27.616, psnr_set14=28.301, psnr_set5=32.343, psnr_urban100=26.128, ssim_b100=0.737, ssim_set14=0.861, ssim_set5=0.914, ssim_urban100=0.963 |
     5 | train=0.000797 | val=nan | lr=0.000452 | t_train=12.86 | t_val=12.19 | mem=383.9 | psnr_b100=27.615, psnr_set14=28.308, psnr_set5=32.355, psnr_urban100=26.134, ssim_b100=0.738, ssim_set14=0.861, ssim_set5=0.915, ssim_urban100=0.963 |
     6 | train=0.000997 | val=nan | lr=0.000528 | t_train=12.77 | t_val=12.12 | mem=383.9 | psnr_b100=27.616, psnr_set14=28.299, psnr_set5=32.343, psnr_urban100=26.134, ssim_b100=0.738, ssim_set14=0.861, ssim_set5=0.914, ssim_urban100=0.963 |
     7 | train=0.001392 | val=nan | lr=0.000604 | t_train=12.72 | t_val=12.06 | mem=383.9 | psnr_b100=27.612, psnr_set14=28.284, psnr_set5=32.334, psnr_urban100=26.130, ssim_b100=0.738, ssim_set14=0.861, ssim_set5=0.914, ssim_urban100=0.963 |
     8 | train=0.001118 | val=nan | lr=0.00068 | t_train=12.77 | t_val=12.10 | mem=383.9 | psnr_b100=27.613, psnr_set14=28.291, psnr_set5=32.336, psnr_urban100=26.128, ssim_b100=0.738, ssim_set14=0.861, ssim_set5=0.914, ssim_urban100=0.963 |
     9 | train=0.001554 | val=nan | lr=0.000756 | t_train=12.74 | t_val=12.08 | mem=383.9 | psnr_b100=27.605, psnr_set14=28.280, psnr_set5=32.319, psnr_urban100=26.112, ssim_b100=0.737, ssim_set14=0.861, ssim_set5=0.914, ssim_urban100=0.962 |
    10 | train=0.001186 | val=nan | lr=0.000832 | t_train=12.76 | t_val=12.10 | mem=383.9 | psnr_b100=27.604, psnr_set14=28.281, psnr_set5=32.306, psnr_urban100=26.100, ssim_b100=0.737, ssim_set14=0.861, ssim_set5=0.914, ssim_urban100=0.962 |
    11 | train=0.001780 | val=nan | lr=0.000908 | t_train=12.77 | t_val=12.10 | mem=383.9 | psnr_b100=27.606, psnr_set14=28.309, psnr_set5=32.346, psnr_urban100=26.105, ssim_b100=0.737, ssim_set14=0.861, ssim_set5=0.914, ssim_urban100=0.963 |
    12 | train=0.001481 | val=nan | lr=0.000984 | t_train=12.76 | t_val=12.10 | mem=383.9 | psnr_b100=27.611, psnr_set14=28.290, psnr_set5=32.331, psnr_urban100=26.095, ssim_b100=0.737, ssim_set14=0.861, ssim_set5=0.914, ssim_urban100=0.962 |
    13 | train=0.001700 | val=nan | lr=0.00106 | t_train=12.78 | t_val=12.13 | mem=383.9 | psnr_b100=27.598, psnr_set14=28.281, psnr_set5=32.324, psnr_urban100=26.066, ssim_b100=0.737, ssim_set14=0.861, ssim_set5=0.914, ssim_urban100=0.962 |
    14 | train=0.001801 | val=nan | lr=0.001136 | t_train=12.74 | t_val=12.08 | mem=383.9 | psnr_b100=27.599, psnr_set14=28.289, psnr_set5=32.333, psnr_urban100=26.082, ssim_b100=0.737, ssim_set14=0.861, ssim_set5=0.914, ssim_urban100=0.962 |
    15 | train=0.001826 | val=nan | lr=0.001212 | t_train=12.75 | t_val=12.08 | mem=383.9 | psnr_b100=27.584, psnr_set14=28.268, psnr_set5=32.282, psnr_urban100=26.063, ssim_b100=0.737, ssim_set14=0.860, ssim_set5=0.914, ssim_urban100=0.962 |
    16 | train=0.001901 | val=nan | lr=0.001288 | t_train=12.80 | t_val=12.15 | mem=383.9 | psnr_b100=27.564, psnr_set14=28.224, psnr_set5=32.253, psnr_urban100=25.996, ssim_b100=0.736, ssim_set14=0.859, ssim_set5=0.913, ssim_urban100=0.962 |
    17 | train=0.001925 | val=nan | lr=0.001364 | t_train=12.79 | t_val=12.12 | mem=383.9 | psnr_b100=27.595, psnr_set14=28.273, psnr_set5=32.328, psnr_urban100=26.088, ssim_b100=0.737, ssim_set14=0.861, ssim_set5=0.914, ssim_urban100=0.962 |
    18 | train=0.002222 | val=nan | lr=0.00144 | t_train=12.70 | t_val=12.04 | mem=383.9 | psnr_b100=27.582, psnr_set14=28.235, psnr_set5=32.302, psnr_urban100=26.076, ssim_b100=0.737, ssim_set14=0.860, ssim_set5=0.914, ssim_urban100=0.962 |
    19 | train=0.002049 | val=nan | lr=0.001516 | t_train=12.91 | t_val=12.25 | mem=383.9 | psnr_b100=27.589, psnr_set14=28.248, psnr_set5=32.309, psnr_urban100=26.064, ssim_b100=0.737, ssim_set14=0.860, ssim_set5=0.914, ssim_urban100=0.962 |
    20 | train=0.002592 | val=nan | lr=0.001592 | t_train=12.73 | t_val=12.07 | mem=383.9 | psnr_b100=27.574, psnr_set14=28.229, psnr_set5=32.302, psnr_urban100=26.014, ssim_b100=0.736, ssim_set14=0.859, ssim_set5=0.914, ssim_urban100=0.962 |
    21 | train=0.002825 | val=nan | lr=0.001668 | t_train=12.68 | t_val=12.04 | mem=383.9 | psnr_b100=27.577, psnr_set14=28.253, psnr_set5=32.272, psnr_urban100=26.017, ssim_b100=0.736, ssim_set14=0.860, ssim_set5=0.914, ssim_urban100=0.962 |
    22 | train=0.002585 | val=nan | lr=0.001744 | t_train=12.78 | t_val=12.10 | mem=383.9 | psnr_b100=27.559, psnr_set14=28.217, psnr_set5=32.240, psnr_urban100=25.972, ssim_b100=0.736, ssim_set14=0.860, ssim_set5=0.913, ssim_urban100=0.962 |
    23 | train=0.002366 | val=nan | lr=0.00182 | t_train=12.79 | t_val=12.02 | mem=383.9 | psnr_b100=27.564, psnr_set14=28.252, psnr_set5=32.299, psnr_urban100=26.007, ssim_b100=0.737, ssim_set14=0.860, ssim_set5=0.914, ssim_urban100=0.962 |
    24 | train=0.003544 | val=nan | lr=0.001896 | t_train=12.73 | t_val=12.08 | mem=383.9 | psnr_b100=27.565, psnr_set14=28.221, psnr_set5=32.301, psnr_urban100=26.009, ssim_b100=0.736, ssim_set14=0.860, ssim_set5=0.914, ssim_urban100=0.961 |
    25 | train=0.002467 | val=nan | lr=0.001972 | t_train=12.76 | t_val=12.10 | mem=383.9 | psnr_b100=27.526, psnr_set14=28.184, psnr_set5=32.228, psnr_urban100=25.968, ssim_b100=0.735, ssim_set14=0.859, ssim_set5=0.913, ssim_urban100=0.961 |
    26 | train=0.003310 | val=nan | lr=0.002 | t_train=12.76 | t_val=12.09 | mem=383.9 | psnr_b100=27.554, psnr_set14=28.219, psnr_set5=32.256, psnr_urban100=26.000, ssim_b100=0.735, ssim_set14=0.859, ssim_set5=0.913, ssim_urban100=0.961 |
    27 | train=0.004625 | val=nan | lr=0.002 | t_train=12.71 | t_val=12.04 | mem=383.9 | psnr_b100=27.560, psnr_set14=28.258, psnr_set5=32.299, psnr_urban100=25.983, ssim_b100=0.736, ssim_set14=0.860, ssim_set5=0.914, ssim_urban100=0.961 |
    28 | train=0.005117 | val=nan | lr=0.002 | t_train=12.80 | t_val=12.14 | mem=383.9 | psnr_b100=27.525, psnr_set14=28.205, psnr_set5=32.247, psnr_urban100=25.942, ssim_b100=0.734, ssim_set14=0.859, ssim_set5=0.913, ssim_urban100=0.960 |
    29 | train=0.007125 | val=nan | lr=0.002 | t_train=12.78 | t_val=12.12 | mem=383.9 | psnr_b100=27.547, psnr_set14=28.224, psnr_set5=32.259, psnr_urban100=25.968, ssim_b100=0.735, ssim_set14=0.860, ssim_set5=0.913, ssim_urban100=0.961 |
    30 | train=0.007013 | val=nan | lr=0.002 | t_train=12.78 | t_val=12.13 | mem=383.9 | psnr_b100=27.550, psnr_set14=28.215, psnr_set5=32.259, psnr_urban100=25.977, ssim_b100=0.735, ssim_set14=0.859, ssim_set5=0.913, ssim_urban100=0.961 |
    31 | train=0.007475 | val=nan | lr=0.002 | t_train=12.73 | t_val=12.07 | mem=383.9 | psnr_b100=27.532, psnr_set14=28.220, psnr_set5=32.281, psnr_urban100=25.933, ssim_b100=0.735, ssim_set14=0.860, ssim_set5=0.913, ssim_urban100=0.961 |
    32 | train=0.009204 | val=nan | lr=0.002 | t_train=12.76 | t_val=12.10 | mem=383.9 | psnr_b100=27.535, psnr_set14=28.173, psnr_set5=32.234, psnr_urban100=25.912, ssim_b100=0.735, ssim_set14=0.859, ssim_set5=0.912, ssim_urban100=0.961 |
    33 | train=0.009207 | val=nan | lr=0.002 | t_train=12.77 | t_val=12.11 | mem=383.9 | psnr_b100=27.536, psnr_set14=28.211, psnr_set5=32.257, psnr_urban100=25.936, ssim_b100=0.735, ssim_set14=0.859, ssim_set5=0.913, ssim_urban100=0.961 |
    34 | train=0.010517 | val=nan | lr=0.002 | t_train=12.83 | t_val=12.09 | mem=383.9 | psnr_b100=27.539, psnr_set14=28.191, psnr_set5=32.161, psnr_urban100=25.935, ssim_b100=0.735, ssim_set14=0.859, ssim_set5=0.912, ssim_urban100=0.961 |
    35 | train=0.011313 | val=nan | lr=0.002 | t_train=12.76 | t_val=12.09 | mem=383.9 | psnr_b100=27.517, psnr_set14=28.182, psnr_set5=32.162, psnr_urban100=25.934, ssim_b100=0.735, ssim_set14=0.859, ssim_set5=0.912, ssim_urban100=0.961 |
    36 | train=0.013004 | val=nan | lr=0.002 | t_train=12.80 | t_val=12.15 | mem=383.9 | psnr_b100=27.540, psnr_set14=28.224, psnr_set5=32.222, psnr_urban100=25.936, ssim_b100=0.735, ssim_set14=0.859, ssim_set5=0.913, ssim_urban100=0.961 |
    37 | train=0.013127 | val=nan | lr=0.002 | t_train=12.74 | t_val=12.07 | mem=383.9 | psnr_b100=27.526, psnr_set14=28.195, psnr_set5=32.199, psnr_urban100=25.926, ssim_b100=0.735, ssim_set14=0.859, ssim_set5=0.913, ssim_urban100=0.961 |
    38 | train=0.014247 | val=nan | lr=0.002 | t_train=12.77 | t_val=12.11 | mem=383.9 | psnr_b100=27.541, psnr_set14=28.229, psnr_set5=32.224, psnr_urban100=25.945, ssim_b100=0.735, ssim_set14=0.859, ssim_set5=0.913, ssim_urban100=0.961 |
    39 | train=0.014036 | val=nan | lr=0.002 | t_train=12.75 | t_val=12.09 | mem=383.9 | psnr_b100=27.516, psnr_set14=28.173, psnr_set5=32.212, psnr_urban100=25.880, ssim_b100=0.734, ssim_set14=0.858, ssim_set5=0.912, ssim_urban100=0.960 |
    40 | train=0.015689 | val=nan | lr=0.002 | t_train=12.73 | t_val=12.08 | mem=383.9 | psnr_b100=27.514, psnr_set14=28.174, psnr_set5=32.226, psnr_urban100=25.840, ssim_b100=0.734, ssim_set14=0.858, ssim_set5=0.913, ssim_urban100=0.959 |
    41 | train=0.016311 | val=nan | lr=0.002 | t_train=12.79 | t_val=12.13 | mem=383.9 | psnr_b100=27.517, psnr_set14=28.160, psnr_set5=32.171, psnr_urban100=25.911, ssim_b100=0.735, ssim_set14=0.859, ssim_set5=0.912, ssim_urban100=0.960 |
    42 | train=0.017158 | val=nan | lr=0.002 | t_train=12.77 | t_val=12.12 | mem=383.9 | psnr_b100=27.474, psnr_set14=28.130, psnr_set5=32.166, psnr_urban100=25.796, ssim_b100=0.734, ssim_set14=0.859, ssim_set5=0.912, ssim_urban100=0.959 |
    43 | train=0.017423 | val=nan | lr=0.002 | t_train=12.79 | t_val=12.12 | mem=383.9 | psnr_b100=27.492, psnr_set14=28.150, psnr_set5=32.195, psnr_urban100=25.855, ssim_b100=0.734, ssim_set14=0.859, ssim_set5=0.912, ssim_urban100=0.960 |
    44 | train=0.018678 | val=nan | lr=0.002 | t_train=12.75 | t_val=12.09 | mem=383.9 | psnr_b100=27.469, psnr_set14=28.155, psnr_set5=32.213, psnr_urban100=25.778, ssim_b100=0.733, ssim_set14=0.858, ssim_set5=0.912, ssim_urban100=0.959 |
    45 | train=0.019616 | val=nan | lr=0.002 | t_train=12.69 | t_val=12.04 | mem=383.9 | psnr_b100=27.460, psnr_set14=28.115, psnr_set5=32.161, psnr_urban100=25.786, ssim_b100=0.733, ssim_set14=0.857, ssim_set5=0.911, ssim_urban100=0.958 |
    46 | train=0.020313 | val=nan | lr=0.002 | t_train=12.75 | t_val=12.10 | mem=383.9 | psnr_b100=27.453, psnr_set14=28.106, psnr_set5=32.139, psnr_urban100=25.751, ssim_b100=0.733, ssim_set14=0.858, ssim_set5=0.911, ssim_urban100=0.959 |
    47 | train=0.020135 | val=nan | lr=0.002 | t_train=12.73 | t_val=12.07 | mem=383.9 | psnr_b100=27.453, psnr_set14=28.096, psnr_set5=32.113, psnr_urban100=25.754, ssim_b100=0.733, ssim_set14=0.858, ssim_set5=0.911, ssim_urban100=0.959 |
    48 | train=0.021652 | val=nan | lr=0.002 | t_train=12.72 | t_val=12.05 | mem=383.9 | psnr_b100=27.435, psnr_set14=28.078, psnr_set5=32.090, psnr_urban100=25.715, ssim_b100=0.732, ssim_set14=0.857, ssim_set5=0.910, ssim_urban100=0.959 |
    49 | train=0.022122 | val=nan | lr=0.002 | t_train=12.77 | t_val=12.11 | mem=383.9 | psnr_b100=27.436, psnr_set14=28.062, psnr_set5=32.107, psnr_urban100=25.716, ssim_b100=0.732, ssim_set14=0.857, ssim_set5=0.911, ssim_urban100=0.958 |
    50 | train=0.022670 | val=nan | lr=0.002 | t_train=12.76 | t_val=12.10 | mem=383.9 | psnr_b100=27.437, psnr_set14=28.081, psnr_set5=32.152, psnr_urban100=25.729, ssim_b100=0.732, ssim_set14=0.857, ssim_set5=0.911, ssim_urban100=0.958 |
    51 | train=0.024120 | val=nan | lr=0.002 | t_train=12.74 | t_val=12.08 | mem=383.9 | psnr_b100=27.425, psnr_set14=28.067, psnr_set5=32.071, psnr_urban100=25.651, ssim_b100=0.732, ssim_set14=0.857, ssim_set5=0.911, ssim_urban100=0.958 |
    52 | train=0.024624 | val=nan | lr=0.002 | t_train=12.74 | t_val=12.08 | mem=383.9 | psnr_b100=27.410, psnr_set14=28.045, psnr_set5=32.102, psnr_urban100=25.598, ssim_b100=0.731, ssim_set14=0.857, ssim_set5=0.910, ssim_urban100=0.957 |
    53 | train=0.024793 | val=nan | lr=0.002 | t_train=12.70 | t_val=12.04 | mem=383.9 | psnr_b100=27.431, psnr_set14=28.076, psnr_set5=32.101, psnr_urban100=25.694, ssim_b100=0.732, ssim_set14=0.857, ssim_set5=0.911, ssim_urban100=0.958 |
    54 | train=0.025578 | val=nan | lr=0.002 | t_train=12.88 | t_val=12.12 | mem=383.9 | psnr_b100=27.385, psnr_set14=28.048, psnr_set5=32.122, psnr_urban100=25.605, ssim_b100=0.730, ssim_set14=0.856, ssim_set5=0.911, ssim_urban100=0.958 |
    55 | train=0.026237 | val=nan | lr=0.002 | t_train=12.78 | t_val=12.13 | mem=383.9 | psnr_b100=27.324, psnr_set14=27.990, psnr_set5=32.035, psnr_urban100=25.528, ssim_b100=0.729, ssim_set14=0.856, ssim_set5=0.910, ssim_urban100=0.957 |
    56 | train=0.027046 | val=nan | lr=0.002 | t_train=12.76 | t_val=12.10 | mem=383.9 | psnr_b100=27.383, psnr_set14=28.051, psnr_set5=32.101, psnr_urban100=25.646, ssim_b100=0.731, ssim_set14=0.857, ssim_set5=0.910, ssim_urban100=0.958 |
    57 | train=0.026767 | val=nan | lr=0.002 | t_train=12.74 | t_val=12.07 | mem=383.9 | psnr_b100=27.369, psnr_set14=28.028, psnr_set5=32.114, psnr_urban100=25.607, ssim_b100=0.730, ssim_set14=0.856, ssim_set5=0.911, ssim_urban100=0.957 |
    58 | train=0.027406 | val=nan | lr=0.002 | t_train=12.76 | t_val=12.10 | mem=383.9 | psnr_b100=27.348, psnr_set14=27.997, psnr_set5=32.075, psnr_urban100=25.535, ssim_b100=0.729, ssim_set14=0.856, ssim_set5=0.910, ssim_urban100=0.957 |
    59 | train=0.027975 | val=nan | lr=0.002 | t_train=12.71 | t_val=12.06 | mem=383.9 | psnr_b100=27.327, psnr_set14=27.966, psnr_set5=31.990, psnr_urban100=25.511, ssim_b100=0.728, ssim_set14=0.855, ssim_set5=0.909, ssim_urban100=0.957 |
    60 | train=0.029823 | val=nan | lr=0.002 | t_train=12.75 | t_val=12.09 | mem=383.9 | psnr_b100=27.430, psnr_set14=28.106, psnr_set5=32.127, psnr_urban100=25.685, ssim_b100=0.732, ssim_set14=0.858, ssim_set5=0.911, ssim_urban100=0.958 |
    61 | train=0.028386 | val=nan | lr=0.002 | t_train=12.74 | t_val=12.08 | mem=383.9 | psnr_b100=27.382, psnr_set14=28.044, psnr_set5=32.092, psnr_urban100=25.622, ssim_b100=0.731, ssim_set14=0.857, ssim_set5=0.911, ssim_urban100=0.958 |
    62 | train=0.028979 | val=nan | lr=0.002 | t_train=12.79 | t_val=12.13 | mem=383.9 | psnr_b100=27.368, psnr_set14=28.045, psnr_set5=31.987, psnr_urban100=25.572, ssim_b100=0.730, ssim_set14=0.857, ssim_set5=0.909, ssim_urban100=0.957 |
    63 | train=0.029075 | val=nan | lr=0.002 | t_train=12.71 | t_val=12.05 | mem=383.9 | psnr_b100=27.388, psnr_set14=28.072, psnr_set5=32.086, psnr_urban100=25.617, ssim_b100=0.731, ssim_set14=0.857, ssim_set5=0.910, ssim_urban100=0.958 |
    64 | train=0.030413 | val=nan | lr=0.002 | t_train=12.71 | t_val=12.04 | mem=383.9 | psnr_b100=27.388, psnr_set14=28.070, psnr_set5=32.076, psnr_urban100=25.584, ssim_b100=0.731, ssim_set14=0.857, ssim_set5=0.910, ssim_urban100=0.957 |
    65 | train=0.030557 | val=nan | lr=0.002 | t_train=12.86 | t_val=12.13 | mem=383.9 | psnr_b100=27.373, psnr_set14=28.044, psnr_set5=32.038, psnr_urban100=25.544, ssim_b100=0.730, ssim_set14=0.857, ssim_set5=0.909, ssim_urban100=0.957 |
    66 | train=0.029780 | val=nan | lr=0.002 | t_train=12.77 | t_val=12.10 | mem=383.9 | psnr_b100=27.399, psnr_set14=28.064, psnr_set5=32.069, psnr_urban100=25.621, ssim_b100=0.731, ssim_set14=0.857, ssim_set5=0.910, ssim_urban100=0.958 |
    67 | train=0.029804 | val=nan | lr=0.002 | t_train=12.80 | t_val=12.11 | mem=383.9 | psnr_b100=27.365, psnr_set14=27.998, psnr_set5=31.997, psnr_urban100=25.564, ssim_b100=0.730, ssim_set14=0.856, ssim_set5=0.909, ssim_urban100=0.957 |
    68 | train=0.030409 | val=nan | lr=0.002 | t_train=12.74 | t_val=12.09 | mem=383.9 | psnr_b100=27.390, psnr_set14=28.053, psnr_set5=32.043, psnr_urban100=25.612, ssim_b100=0.731, ssim_set14=0.857, ssim_set5=0.911, ssim_urban100=0.958 |
    69 | train=0.030865 | val=nan | lr=0.002 | t_train=12.79 | t_val=12.13 | mem=383.9 | psnr_b100=27.396, psnr_set14=28.094, psnr_set5=32.057, psnr_urban100=25.600, ssim_b100=0.730, ssim_set14=0.857, ssim_set5=0.910, ssim_urban100=0.957 |
    70 | train=0.030248 | val=nan | lr=0.002 | t_train=12.79 | t_val=12.13 | mem=383.9 | psnr_b100=27.384, psnr_set14=28.037, psnr_set5=31.958, psnr_urban100=25.534, ssim_b100=0.730, ssim_set14=0.856, ssim_set5=0.909, ssim_urban100=0.957 |
    71 | train=0.030872 | val=nan | lr=0.002 | t_train=12.70 | t_val=12.04 | mem=383.9 | psnr_b100=27.384, psnr_set14=28.011, psnr_set5=31.991, psnr_urban100=25.551, ssim_b100=0.730, ssim_set14=0.856, ssim_set5=0.909, ssim_urban100=0.957 |
    72 | train=0.031500 | val=nan | lr=0.002 | t_train=12.74 | t_val=12.07 | mem=383.9 | psnr_b100=27.395, psnr_set14=28.090, psnr_set5=32.040, psnr_urban100=25.607, ssim_b100=0.730, ssim_set14=0.857, ssim_set5=0.910, ssim_urban100=0.958 |
    73 | train=0.030422 | val=nan | lr=0.002 | t_train=12.71 | t_val=12.06 | mem=383.9 | psnr_b100=27.387, psnr_set14=28.084, psnr_set5=31.976, psnr_urban100=25.586, ssim_b100=0.730, ssim_set14=0.857, ssim_set5=0.909, ssim_urban100=0.958 |
    74 | train=0.030494 | val=nan | lr=0.002 | t_train=12.73 | t_val=12.07 | mem=383.9 | psnr_b100=27.403, psnr_set14=28.092, psnr_set5=32.002, psnr_urban100=25.579, ssim_b100=0.731, ssim_set14=0.857, ssim_set5=0.909, ssim_urban100=0.958 |
    75 | train=0.030295 | val=nan | lr=0.002 | t_train=12.72 | t_val=12.06 | mem=383.9 | psnr_b100=27.341, psnr_set14=27.995, psnr_set5=31.841, psnr_urban100=25.470, ssim_b100=0.729, ssim_set14=0.856, ssim_set5=0.907, ssim_urban100=0.957 |
    76 | train=0.030764 | val=nan | lr=0.002 | t_train=12.74 | t_val=12.09 | mem=383.9 | psnr_b100=27.383, psnr_set14=28.017, psnr_set5=31.940, psnr_urban100=25.562, ssim_b100=0.731, ssim_set14=0.856, ssim_set5=0.909, ssim_urban100=0.958 |
    77 | train=0.029475 | val=nan | lr=0.002 | t_train=12.75 | t_val=12.09 | mem=383.9 | psnr_b100=27.397, psnr_set14=28.107, psnr_set5=31.997, psnr_urban100=25.602, ssim_b100=0.731, ssim_set14=0.857, ssim_set5=0.910, ssim_urban100=0.958 |
    78 | train=0.029139 | val=nan | lr=0.002 | t_train=12.78 | t_val=12.13 | mem=383.9 | psnr_b100=27.401, psnr_set14=28.078, psnr_set5=31.977, psnr_urban100=25.579, ssim_b100=0.731, ssim_set14=0.857, ssim_set5=0.909, ssim_urban100=0.958 |
    79 | train=0.029944 | val=nan | lr=0.002 | t_train=12.72 | t_val=12.05 | mem=383.9 | psnr_b100=27.397, psnr_set14=28.037, psnr_set5=31.978, psnr_urban100=25.547, ssim_b100=0.730, ssim_set14=0.856, ssim_set5=0.909, ssim_urban100=0.957 |
    80 | train=0.029384 | val=nan | lr=0.002 | t_train=12.69 | t_val=12.03 | mem=383.9 | psnr_b100=27.394, psnr_set14=28.017, psnr_set5=31.882, psnr_urban100=25.488, ssim_b100=0.731, ssim_set14=0.856, ssim_set5=0.908, ssim_urban100=0.957 |
    81 | train=0.029132 | val=nan | lr=0.002 | t_train=12.74 | t_val=12.09 | mem=383.9 | psnr_b100=27.376, psnr_set14=28.016, psnr_set5=31.950, psnr_urban100=25.516, ssim_b100=0.730, ssim_set14=0.856, ssim_set5=0.908, ssim_urban100=0.957 |
    82 | train=0.028269 | val=nan | lr=0.002 | t_train=12.73 | t_val=12.07 | mem=383.9 | psnr_b100=27.344, psnr_set14=27.990, psnr_set5=31.862, psnr_urban100=25.466, ssim_b100=0.729, ssim_set14=0.855, ssim_set5=0.907, ssim_urban100=0.956 |
    83 | train=0.028818 | val=nan | lr=0.002 | t_train=12.73 | t_val=12.07 | mem=383.9 | psnr_b100=27.297, psnr_set14=27.906, psnr_set5=31.710, psnr_urban100=25.390, ssim_b100=0.728, ssim_set14=0.854, ssim_set5=0.905, ssim_urban100=0.955 |
    84 | train=0.028133 | val=nan | lr=0.002 | t_train=12.74 | t_val=12.08 | mem=383.9 | psnr_b100=27.271, psnr_set14=27.900, psnr_set5=31.687, psnr_urban100=25.297, ssim_b100=0.727, ssim_set14=0.853, ssim_set5=0.906, ssim_urban100=0.954 |
    85 | train=0.026703 | val=nan | lr=0.002 | t_train=12.84 | t_val=12.10 | mem=383.9 | psnr_b100=27.333, psnr_set14=27.962, psnr_set5=31.809, psnr_urban100=25.382, ssim_b100=0.728, ssim_set14=0.854, ssim_set5=0.906, ssim_urban100=0.955 |
    86 | train=0.025645 | val=nan | lr=0.002 | t_train=12.72 | t_val=12.07 | mem=383.9 | psnr_b100=27.265, psnr_set14=27.902, psnr_set5=31.652, psnr_urban100=25.279, ssim_b100=0.727, ssim_set14=0.854, ssim_set5=0.905, ssim_urban100=0.954 |
    87 | train=0.024975 | val=nan | lr=0.002 | t_train=12.78 | t_val=12.12 | mem=383.9 | psnr_b100=27.316, psnr_set14=27.935, psnr_set5=31.815, psnr_urban100=25.377, ssim_b100=0.728, ssim_set14=0.854, ssim_set5=0.907, ssim_urban100=0.956 |
    88 | train=0.025024 | val=nan | lr=0.002 | t_train=12.71 | t_val=12.04 | mem=383.9 | psnr_b100=27.229, psnr_set14=27.842, psnr_set5=31.513, psnr_urban100=25.147, ssim_b100=0.725, ssim_set14=0.853, ssim_set5=0.903, ssim_urban100=0.953 |
    89 | train=0.023642 | val=nan | lr=0.002 | t_train=12.80 | t_val=12.12 | mem=383.9 | psnr_b100=27.297, psnr_set14=27.908, psnr_set5=31.759, psnr_urban100=25.280, ssim_b100=0.728, ssim_set14=0.854, ssim_set5=0.906, ssim_urban100=0.954 |
    90 | train=0.023893 | val=nan | lr=0.002 | t_train=12.76 | t_val=12.10 | mem=383.9 | psnr_b100=27.315, psnr_set14=27.936, psnr_set5=31.771, psnr_urban100=25.298, ssim_b100=0.728, ssim_set14=0.855, ssim_set5=0.907, ssim_urban100=0.954 |
    91 | train=0.022609 | val=nan | lr=0.002 | t_train=12.75 | t_val=12.09 | mem=383.9 | psnr_b100=27.192, psnr_set14=27.799, psnr_set5=31.491, psnr_urban100=25.121, ssim_b100=0.725, ssim_set14=0.852, ssim_set5=0.902, ssim_urban100=0.952 |
    92 | train=0.022494 | val=nan | lr=0.002 | t_train=12.77 | t_val=12.11 | mem=383.9 | psnr_b100=27.290, psnr_set14=27.930, psnr_set5=31.685, psnr_urban100=25.305, ssim_b100=0.727, ssim_set14=0.853, ssim_set5=0.905, ssim_urban100=0.954 |
    93 | train=0.021675 | val=nan | lr=0.002 | t_train=12.74 | t_val=12.08 | mem=383.9 | psnr_b100=27.213, psnr_set14=27.830, psnr_set5=31.636, psnr_urban100=25.150, ssim_b100=0.725, ssim_set14=0.853, ssim_set5=0.904, ssim_urban100=0.953 |
    94 | train=0.020068 | val=nan | lr=0.002 | t_train=12.79 | t_val=12.13 | mem=383.9 | psnr_b100=27.145, psnr_set14=27.714, psnr_set5=31.412, psnr_urban100=25.011, ssim_b100=0.723, ssim_set14=0.851, ssim_set5=0.901, ssim_urban100=0.951 |
    95 | train=0.019750 | val=nan | lr=0.002 | t_train=12.82 | t_val=12.16 | mem=383.9 | psnr_b100=27.069, psnr_set14=27.599, psnr_set5=31.262, psnr_urban100=24.906, ssim_b100=0.721, ssim_set14=0.848, ssim_set5=0.899, ssim_urban100=0.949 |
    96 | train=0.019440 | val=nan | lr=0.002 | t_train=12.80 | t_val=12.13 | mem=383.9 | psnr_b100=27.108, psnr_set14=27.703, psnr_set5=31.404, psnr_urban100=25.015, ssim_b100=0.722, ssim_set14=0.851, ssim_set5=0.902, ssim_urban100=0.951 |
    97 | train=0.018173 | val=nan | lr=0.002 | t_train=12.85 | t_val=12.10 | mem=383.9 | psnr_b100=27.176, psnr_set14=27.762, psnr_set5=31.429, psnr_urban100=25.076, ssim_b100=0.724, ssim_set14=0.851, ssim_set5=0.902, ssim_urban100=0.952 |
    98 | train=0.017043 | val=nan | lr=0.002 | t_train=12.73 | t_val=12.07 | mem=383.9 | psnr_b100=27.100, psnr_set14=27.639, psnr_set5=31.288, psnr_urban100=25.010, ssim_b100=0.722, ssim_set14=0.850, ssim_set5=0.900, ssim_urban100=0.951 |
    99 | train=0.015966 | val=nan | lr=0.002 | t_train=12.71 | t_val=12.06 | mem=383.9 | psnr_b100=27.015, psnr_set14=27.442, psnr_set5=31.015, psnr_urban100=24.742, ssim_b100=0.719, ssim_set14=0.847, ssim_set5=0.894, ssim_urban100=0.947 |
   100 | train=0.015238 | val=nan | lr=0.002 | t_train=12.81 | t_val=12.15 | mem=383.9 | psnr_b100=27.124, psnr_set14=27.689, psnr_set5=31.347, psnr_urban100=25.030, ssim_b100=0.722, ssim_set14=0.850, ssim_set5=0.900, ssim_urban100=0.951 |
   101 | train=0.015153 | val=nan | lr=0.002 | t_train=12.75 | t_val=12.07 | mem=383.9 | psnr_b100=26.918, psnr_set14=27.296, psnr_set5=31.051, psnr_urban100=24.614, ssim_b100=0.717, ssim_set14=0.844, ssim_set5=0.895, ssim_urban100=0.945 |
   102 | train=0.016233 | val=nan | lr=0.002 | t_train=12.74 | t_val=12.08 | mem=383.9 | psnr_b100=26.963, psnr_set14=27.471, psnr_set5=31.080, psnr_urban100=24.710, ssim_b100=0.717, ssim_set14=0.846, ssim_set5=0.895, ssim_urban100=0.946 |
   103 | train=0.014718 | val=nan | lr=0.002 | t_train=12.75 | t_val=12.10 | mem=383.9 | psnr_b100=26.916, psnr_set14=27.536, psnr_set5=31.148, psnr_urban100=24.807, ssim_b100=0.716, ssim_set14=0.847, ssim_set5=0.898, ssim_urban100=0.947 |
   104 | train=0.012790 | val=nan | lr=0.002 | t_train=12.72 | t_val=12.05 | mem=383.9 | psnr_b100=26.962, psnr_set14=27.367, psnr_set5=31.061, psnr_urban100=24.644, ssim_b100=0.717, ssim_set14=0.844, ssim_set5=0.894, ssim_urban100=0.945 |
   105 | train=0.014233 | val=nan | lr=0.002 | t_train=12.73 | t_val=12.06 | mem=383.9 | psnr_b100=26.961, psnr_set14=27.444, psnr_set5=31.113, psnr_urban100=24.740, ssim_b100=0.718, ssim_set14=0.846, ssim_set5=0.899, ssim_urban100=0.947 |
   106 | train=0.012428 | val=nan | lr=0.002 | t_train=12.67 | t_val=12.03 | mem=383.9 | psnr_b100=26.844, psnr_set14=27.321, psnr_set5=31.057, psnr_urban100=24.633, ssim_b100=0.714, ssim_set14=0.843, ssim_set5=0.895, ssim_urban100=0.945 |
   107 | train=0.010529 | val=nan | lr=0.002 | t_train=12.71 | t_val=12.05 | mem=383.9 | psnr_b100=26.981, psnr_set14=27.481, psnr_set5=31.159, psnr_urban100=24.694, ssim_b100=0.718, ssim_set14=0.847, ssim_set5=0.896, ssim_urban100=0.946 |
   108 | train=0.010843 | val=nan | lr=0.002 | t_train=12.72 | t_val=12.07 | mem=383.9 | psnr_b100=27.023, psnr_set14=27.520, psnr_set5=31.187, psnr_urban100=24.733, ssim_b100=0.719, ssim_set14=0.847, ssim_set5=0.896, ssim_urban100=0.947 |
   109 | train=0.009437 | val=nan | lr=0.002 | t_train=12.72 | t_val=12.06 | mem=383.9 | psnr_b100=26.915, psnr_set14=27.354, psnr_set5=31.019, psnr_urban100=24.627, ssim_b100=0.716, ssim_set14=0.844, ssim_set5=0.893, ssim_urban100=0.945 |
   110 | train=0.010970 | val=nan | lr=0.002 | t_train=12.77 | t_val=12.12 | mem=383.9 | psnr_b100=26.915, psnr_set14=27.399, psnr_set5=31.027, psnr_urban100=24.648, ssim_b100=0.716, ssim_set14=0.845, ssim_set5=0.893, ssim_urban100=0.945 |
   111 | train=0.010051 | val=nan | lr=0.002 | t_train=12.73 | t_val=12.07 | mem=383.9 | psnr_b100=26.908, psnr_set14=27.506, psnr_set5=31.088, psnr_urban100=24.686, ssim_b100=0.716, ssim_set14=0.848, ssim_set5=0.895, ssim_urban100=0.946 |
   112 | train=0.010248 | val=nan | lr=0.002 | t_train=12.76 | t_val=12.09 | mem=383.9 | psnr_b100=26.982, psnr_set14=27.485, psnr_set5=31.306, psnr_urban100=24.683, ssim_b100=0.717, ssim_set14=0.845, ssim_set5=0.898, ssim_urban100=0.945 |
   113 | train=0.009825 | val=nan | lr=0.002 | t_train=12.74 | t_val=12.08 | mem=383.9 | psnr_b100=26.888, psnr_set14=27.342, psnr_set5=31.281, psnr_urban100=24.602, ssim_b100=0.715, ssim_set14=0.843, ssim_set5=0.899, ssim_urban100=0.944 |
   114 | train=0.007844 | val=nan | lr=0.002 | t_train=12.84 | t_val=12.18 | mem=383.9 | psnr_b100=26.918, psnr_set14=27.393, psnr_set5=31.175, psnr_urban100=24.671, ssim_b100=0.716, ssim_set14=0.845, ssim_set5=0.896, ssim_urban100=0.946 |
   115 | train=0.009487 | val=nan | lr=0.002 | t_train=12.77 | t_val=12.12 | mem=383.9 | psnr_b100=26.922, psnr_set14=27.409, psnr_set5=31.201, psnr_urban100=24.641, ssim_b100=0.716, ssim_set14=0.846, ssim_set5=0.898, ssim_urban100=0.946 |
   116 | train=0.009123 | val=nan | lr=0.002 | t_train=12.76 | t_val=12.10 | mem=383.9 | psnr_b100=26.835, psnr_set14=27.271, psnr_set5=31.109, psnr_urban100=24.532, ssim_b100=0.713, ssim_set14=0.842, ssim_set5=0.897, ssim_urban100=0.943 |
   117 | train=0.008193 | val=nan | lr=0.002 | t_train=12.74 | t_val=12.00 | mem=383.9 | psnr_b100=26.885, psnr_set14=27.303, psnr_set5=31.014, psnr_urban100=24.644, ssim_b100=0.715, ssim_set14=0.844, ssim_set5=0.894, ssim_urban100=0.945 |
   118 | train=0.008159 | val=nan | lr=0.002 | t_train=12.75 | t_val=12.09 | mem=383.9 | psnr_b100=26.848, psnr_set14=27.270, psnr_set5=31.002, psnr_urban100=24.537, ssim_b100=0.713, ssim_set14=0.842, ssim_set5=0.893, ssim_urban100=0.944 |
   119 | train=0.008037 | val=nan | lr=0.002 | t_train=12.82 | t_val=12.15 | mem=383.9 | psnr_b100=26.792, psnr_set14=27.228, psnr_set5=30.855, psnr_urban100=24.562, ssim_b100=0.713, ssim_set14=0.843, ssim_set5=0.888, ssim_urban100=0.945 |
   120 | train=0.008071 | val=nan | lr=0.002 | t_train=12.77 | t_val=12.11 | mem=383.9 | psnr_b100=26.909, psnr_set14=27.394, psnr_set5=31.113, psnr_urban100=24.639, ssim_b100=0.716, ssim_set14=0.845, ssim_set5=0.896, ssim_urban100=0.945 |
   121 | train=0.008084 | val=nan | lr=0.002 | t_train=12.78 | t_val=12.13 | mem=383.9 | psnr_b100=26.961, psnr_set14=27.499, psnr_set5=31.246, psnr_urban100=24.722, ssim_b100=0.717, ssim_set14=0.847, ssim_set5=0.897, ssim_urban100=0.947 |
   122 | train=0.007458 | val=nan | lr=0.002 | t_train=12.79 | t_val=12.12 | mem=383.9 | psnr_b100=26.980, psnr_set14=27.513, psnr_set5=31.188, psnr_urban100=24.740, ssim_b100=0.718, ssim_set14=0.847, ssim_set5=0.896, ssim_urban100=0.948 |
   123 | train=0.007997 | val=nan | lr=0.002 | t_train=12.76 | t_val=12.10 | mem=383.9 | psnr_b100=26.853, psnr_set14=27.319, psnr_set5=30.932, psnr_urban100=24.574, ssim_b100=0.713, ssim_set14=0.842, ssim_set5=0.890, ssim_urban100=0.944 |
   124 | train=0.006870 | val=nan | lr=0.002 | t_train=12.71 | t_val=12.05 | mem=383.9 | psnr_b100=26.825, psnr_set14=27.267, psnr_set5=30.867, psnr_urban100=24.540, ssim_b100=0.712, ssim_set14=0.841, ssim_set5=0.890, ssim_urban100=0.944 |
   125 | train=0.007786 | val=nan | lr=0.002 | t_train=12.76 | t_val=12.09 | mem=383.9 | psnr_b100=26.965, psnr_set14=27.412, psnr_set5=31.292, psnr_urban100=24.645, ssim_b100=0.718, ssim_set14=0.846, ssim_set5=0.899, ssim_urban100=0.946 |
   126 | train=0.008919 | val=nan | lr=0.002 | t_train=12.72 | t_val=12.07 | mem=383.9 | psnr_b100=26.963, psnr_set14=27.468, psnr_set5=31.124, psnr_urban100=24.705, ssim_b100=0.718, ssim_set14=0.846, ssim_set5=0.897, ssim_urban100=0.947 |
   127 | train=0.006344 | val=nan | lr=0.002 | t_train=12.78 | t_val=12.12 | mem=383.9 | psnr_b100=27.009, psnr_set14=27.442, psnr_set5=31.090, psnr_urban100=24.658, ssim_b100=0.719, ssim_set14=0.846, ssim_set5=0.894, ssim_urban100=0.946 |
   128 | train=0.007936 | val=nan | lr=0.002 | t_train=12.87 | t_val=12.13 | mem=383.9 | psnr_b100=26.843, psnr_set14=27.225, psnr_set5=30.880, psnr_urban100=24.508, ssim_b100=0.714, ssim_set14=0.841, ssim_set5=0.891, ssim_urban100=0.944 |
   129 | train=0.007724 | val=nan | lr=0.002 | t_train=12.74 | t_val=12.09 | mem=383.9 | psnr_b100=26.988, psnr_set14=27.394, psnr_set5=31.210, psnr_urban100=24.652, ssim_b100=0.718, ssim_set14=0.845, ssim_set5=0.897, ssim_urban100=0.946 |
   130 | train=0.008083 | val=nan | lr=0.002 | t_train=12.79 | t_val=12.13 | mem=383.9 | psnr_b100=26.966, psnr_set14=27.309, psnr_set5=31.127, psnr_urban100=24.640, ssim_b100=0.718, ssim_set14=0.844, ssim_set5=0.895, ssim_urban100=0.946 |
   131 | train=0.008712 | val=nan | lr=0.002 | t_train=12.76 | t_val=12.09 | mem=383.9 | psnr_b100=26.776, psnr_set14=27.151, psnr_set5=30.629, psnr_urban100=24.383, ssim_b100=0.712, ssim_set14=0.839, ssim_set5=0.885, ssim_urban100=0.943 |
   132 | train=0.008535 | val=nan | lr=0.002 | t_train=12.84 | t_val=12.17 | mem=383.9 | psnr_b100=26.891, psnr_set14=27.298, psnr_set5=30.970, psnr_urban100=24.562, ssim_b100=0.717, ssim_set14=0.844, ssim_set5=0.894, ssim_urban100=0.945 |
   133 | train=0.006697 | val=nan | lr=0.002 | t_train=12.70 | t_val=12.03 | mem=383.9 | psnr_b100=26.966, psnr_set14=27.447, psnr_set5=31.198, psnr_urban100=24.667, ssim_b100=0.718, ssim_set14=0.846, ssim_set5=0.896, ssim_urban100=0.946 |
   134 | train=0.007196 | val=nan | lr=0.002 | t_train=12.73 | t_val=12.07 | mem=383.9 | psnr_b100=26.913, psnr_set14=27.276, psnr_set5=31.045, psnr_urban100=24.662, ssim_b100=0.716, ssim_set14=0.843, ssim_set5=0.897, ssim_urban100=0.946 |
   135 | train=0.007128 | val=nan | lr=0.002 | t_train=12.71 | t_val=12.05 | mem=383.9 | psnr_b100=27.005, psnr_set14=27.440, psnr_set5=31.212, psnr_urban100=24.718, ssim_b100=0.719, ssim_set14=0.846, ssim_set5=0.896, ssim_urban100=0.947 |
   136 | train=0.009246 | val=nan | lr=0.002 | t_train=12.73 | t_val=12.07 | mem=383.9 | psnr_b100=27.002, psnr_set14=27.361, psnr_set5=31.125, psnr_urban100=24.642, ssim_b100=0.719, ssim_set14=0.845, ssim_set5=0.895, ssim_urban100=0.946 |
   137 | train=0.007299 | val=nan | lr=0.002 | t_train=12.73 | t_val=12.07 | mem=383.9 | psnr_b100=26.929, psnr_set14=27.299, psnr_set5=31.002, psnr_urban100=24.558, ssim_b100=0.716, ssim_set14=0.842, ssim_set5=0.892, ssim_urban100=0.945 |
   138 | train=0.007195 | val=nan | lr=0.002 | t_train=12.73 | t_val=12.08 | mem=383.9 | psnr_b100=26.953, psnr_set14=27.325, psnr_set5=31.002, psnr_urban100=24.588, ssim_b100=0.717, ssim_set14=0.844, ssim_set5=0.891, ssim_urban100=0.946 |
   139 | train=0.007946 | val=nan | lr=0.002 | t_train=12.77 | t_val=12.09 | mem=383.9 | psnr_b100=26.967, psnr_set14=27.305, psnr_set5=31.081, psnr_urban100=24.590, ssim_b100=0.717, ssim_set14=0.844, ssim_set5=0.892, ssim_urban100=0.945 |
   140 | train=0.008775 | val=nan | lr=0.002 | t_train=12.75 | t_val=12.09 | mem=383.9 | psnr_b100=26.914, psnr_set14=27.250, psnr_set5=30.846, psnr_urban100=24.565, ssim_b100=0.717, ssim_set14=0.843, ssim_set5=0.890, ssim_urban100=0.945 |
   141 | train=0.007608 | val=nan | lr=0.002 | t_train=12.79 | t_val=12.13 | mem=383.9 | psnr_b100=27.037, psnr_set14=27.590, psnr_set5=31.273, psnr_urban100=24.793, ssim_b100=0.719, ssim_set14=0.848, ssim_set5=0.899, ssim_urban100=0.948 |
   142 | train=0.008463 | val=nan | lr=0.002 | t_train=12.75 | t_val=12.08 | mem=383.9 | psnr_b100=27.006, psnr_set14=27.475, psnr_set5=31.158, psnr_urban100=24.666, ssim_b100=0.719, ssim_set14=0.846, ssim_set5=0.894, ssim_urban100=0.947 |
   143 | train=0.010171 | val=nan | lr=0.002 | t_train=12.72 | t_val=12.05 | mem=383.9 | psnr_b100=27.043, psnr_set14=27.594, psnr_set5=31.309, psnr_urban100=24.820, ssim_b100=0.719, ssim_set14=0.848, ssim_set5=0.899, ssim_urban100=0.948 |
   144 | train=0.007744 | val=nan | lr=0.002 | t_train=12.72 | t_val=12.04 | mem=383.9 | psnr_b100=26.939, psnr_set14=27.406, psnr_set5=30.990, psnr_urban100=24.573, ssim_b100=0.717, ssim_set14=0.845, ssim_set5=0.890, ssim_urban100=0.946 |
   145 | train=0.008078 | val=nan | lr=0.002 | t_train=12.71 | t_val=12.06 | mem=383.9 | psnr_b100=27.007, psnr_set14=27.512, psnr_set5=31.242, psnr_urban100=24.715, ssim_b100=0.718, ssim_set14=0.847, ssim_set5=0.896, ssim_urban100=0.947 |
   146 | train=0.007191 | val=nan | lr=0.002 | t_train=12.78 | t_val=12.12 | mem=383.9 | psnr_b100=26.890, psnr_set14=27.313, psnr_set5=31.071, psnr_urban100=24.546, ssim_b100=0.715, ssim_set14=0.844, ssim_set5=0.894, ssim_urban100=0.945 |
   147 | train=0.006830 | val=nan | lr=0.002 | t_train=12.74 | t_val=12.08 | mem=383.9 | psnr_b100=26.945, psnr_set14=27.397, psnr_set5=31.026, psnr_urban100=24.648, ssim_b100=0.717, ssim_set14=0.845, ssim_set5=0.893, ssim_urban100=0.947 |
   148 | train=0.008653 | val=nan | lr=0.002 | t_train=12.76 | t_val=12.10 | mem=383.9 | psnr_b100=26.991, psnr_set14=27.473, psnr_set5=31.192, psnr_urban100=24.663, ssim_b100=0.718, ssim_set14=0.846, ssim_set5=0.897, ssim_urban100=0.946 |
   149 | train=0.008263 | val=nan | lr=0.002 | t_train=12.88 | t_val=12.13 | mem=383.9 | psnr_b100=26.930, psnr_set14=27.283, psnr_set5=31.020, psnr_urban100=24.524, ssim_b100=0.716, ssim_set14=0.843, ssim_set5=0.891, ssim_urban100=0.944 |
   150 | train=0.007998 | val=nan | lr=0.002 | t_train=12.82 | t_val=12.16 | mem=383.9 | psnr_b100=26.978, psnr_set14=27.408, psnr_set5=31.067, psnr_urban100=24.664, ssim_b100=0.718, ssim_set14=0.846, ssim_set5=0.894, ssim_urban100=0.946 |
   151 | train=0.007395 | val=nan | lr=0.002 | t_train=12.78 | t_val=12.12 | mem=383.9 | psnr_b100=26.971, psnr_set14=27.445, psnr_set5=31.177, psnr_urban100=24.647, ssim_b100=0.718, ssim_set14=0.846, ssim_set5=0.895, ssim_urban100=0.947 |
   152 | train=0.007590 | val=nan | lr=0.002 | t_train=12.73 | t_val=12.08 | mem=383.9 | psnr_b100=26.959, psnr_set14=27.456, psnr_set5=31.148, psnr_urban100=24.657, ssim_b100=0.717, ssim_set14=0.846, ssim_set5=0.895, ssim_urban100=0.947 |
   153 | train=0.007932 | val=nan | lr=0.002 | t_train=12.74 | t_val=12.08 | mem=383.9 | psnr_b100=26.922, psnr_set14=27.294, psnr_set5=30.998, psnr_urban100=24.581, ssim_b100=0.716, ssim_set14=0.843, ssim_set5=0.891, ssim_urban100=0.946 |
   154 | train=0.007668 | val=nan | lr=0.002 | t_train=12.80 | t_val=12.14 | mem=383.9 | psnr_b100=26.983, psnr_set14=27.409, psnr_set5=31.166, psnr_urban100=24.729, ssim_b100=0.718, ssim_set14=0.845, ssim_set5=0.897, ssim_urban100=0.948 |
   155 | train=0.008090 | val=nan | lr=0.002 | t_train=12.69 | t_val=12.03 | mem=383.9 | psnr_b100=26.844, psnr_set14=27.258, psnr_set5=31.032, psnr_urban100=24.512, ssim_b100=0.714, ssim_set14=0.843, ssim_set5=0.894, ssim_urban100=0.945 |
   156 | train=0.008678 | val=nan | lr=0.002 | t_train=12.74 | t_val=12.07 | mem=383.9 | psnr_b100=26.914, psnr_set14=27.327, psnr_set5=31.093, psnr_urban100=24.587, ssim_b100=0.716, ssim_set14=0.843, ssim_set5=0.893, ssim_urban100=0.945 |
   157 | train=0.007569 | val=nan | lr=0.002 | t_train=12.71 | t_val=12.05 | mem=383.9 | psnr_b100=26.949, psnr_set14=27.404, psnr_set5=31.122, psnr_urban100=24.652, ssim_b100=0.717, ssim_set14=0.845, ssim_set5=0.894, ssim_urban100=0.947 |
   158 | train=0.007676 | val=nan | lr=0.002 | t_train=12.75 | t_val=12.10 | mem=383.9 | psnr_b100=27.006, psnr_set14=27.436, psnr_set5=31.246, psnr_urban100=24.692, ssim_b100=0.718, ssim_set14=0.846, ssim_set5=0.895, ssim_urban100=0.947 |
   159 | train=0.006896 | val=nan | lr=0.002 | t_train=12.76 | t_val=12.10 | mem=383.9 | psnr_b100=26.944, psnr_set14=27.331, psnr_set5=31.058, psnr_urban100=24.594, ssim_b100=0.716, ssim_set14=0.844, ssim_set5=0.891, ssim_urban100=0.945 |
   160 | train=0.007494 | val=nan | lr=0.002 | t_train=12.81 | t_val=12.09 | mem=383.9 | psnr_b100=27.014, psnr_set14=27.512, psnr_set5=31.268, psnr_urban100=24.703, ssim_b100=0.718, ssim_set14=0.847, ssim_set5=0.897, ssim_urban100=0.947 |
   161 | train=0.007921 | val=nan | lr=0.002 | t_train=12.72 | t_val=12.06 | mem=383.9 | psnr_b100=26.943, psnr_set14=27.422, psnr_set5=31.170, psnr_urban100=24.618, ssim_b100=0.717, ssim_set14=0.846, ssim_set5=0.896, ssim_urban100=0.946 |
   162 | train=0.008049 | val=nan | lr=0.002 | t_train=12.76 | t_val=12.10 | mem=383.9 | psnr_b100=26.939, psnr_set14=27.340, psnr_set5=31.109, psnr_urban100=24.551, ssim_b100=0.716, ssim_set14=0.844, ssim_set5=0.893, ssim_urban100=0.945 |
   163 | train=0.008009 | val=nan | lr=0.002 | t_train=12.77 | t_val=12.11 | mem=383.9 | psnr_b100=26.995, psnr_set14=27.455, psnr_set5=31.204, psnr_urban100=24.739, ssim_b100=0.717, ssim_set14=0.846, ssim_set5=0.895, ssim_urban100=0.948 |
   164 | train=0.008202 | val=nan | lr=0.002 | t_train=12.74 | t_val=12.08 | mem=383.9 | psnr_b100=26.900, psnr_set14=27.320, psnr_set5=31.114, psnr_urban100=24.562, ssim_b100=0.714, ssim_set14=0.843, ssim_set5=0.893, ssim_urban100=0.945 |
   165 | train=0.009603 | val=nan | lr=0.002 | t_train=12.72 | t_val=12.07 | mem=383.9 | psnr_b100=26.890, psnr_set14=27.409, psnr_set5=31.104, psnr_urban100=24.610, ssim_b100=0.717, ssim_set14=0.846, ssim_set5=0.895, ssim_urban100=0.947 |
   166 | train=0.007955 | val=nan | lr=0.002 | t_train=12.77 | t_val=12.11 | mem=383.9 | psnr_b100=27.002, psnr_set14=27.482, psnr_set5=31.261, psnr_urban100=24.721, ssim_b100=0.717, ssim_set14=0.846, ssim_set5=0.896, ssim_urban100=0.948 |
   167 | train=0.007229 | val=nan | lr=0.002 | t_train=12.73 | t_val=12.07 | mem=383.9 | psnr_b100=26.922, psnr_set14=27.318, psnr_set5=31.013, psnr_urban100=24.525, ssim_b100=0.715, ssim_set14=0.843, ssim_set5=0.890, ssim_urban100=0.945 |
   168 | train=0.007149 | val=nan | lr=0.002 | t_train=12.91 | t_val=12.21 | mem=383.9 | psnr_b100=26.982, psnr_set14=27.397, psnr_set5=31.176, psnr_urban100=24.617, ssim_b100=0.717, ssim_set14=0.845, ssim_set5=0.894, ssim_urban100=0.946 |
   169 | train=0.007617 | val=nan | lr=0.002 | t_train=12.75 | t_val=12.07 | mem=383.9 | psnr_b100=26.973, psnr_set14=27.391, psnr_set5=31.206, psnr_urban100=24.673, ssim_b100=0.717, ssim_set14=0.845, ssim_set5=0.896, ssim_urban100=0.947 |
   170 | train=0.007217 | val=nan | lr=0.002 | t_train=12.84 | t_val=12.17 | mem=383.9 | psnr_b100=26.979, psnr_set14=27.434, psnr_set5=31.177, psnr_urban100=24.648, ssim_b100=0.717, ssim_set14=0.845, ssim_set5=0.894, ssim_urban100=0.946 |
   171 | train=0.008018 | val=nan | lr=0.002 | t_train=12.85 | t_val=12.19 | mem=383.9 | psnr_b100=26.938, psnr_set14=27.335, psnr_set5=31.159, psnr_urban100=24.568, ssim_b100=0.716, ssim_set14=0.843, ssim_set5=0.894, ssim_urban100=0.945 |
   172 | train=0.007584 | val=nan | lr=0.002 | t_train=12.78 | t_val=12.12 | mem=383.9 | psnr_b100=27.013, psnr_set14=27.477, psnr_set5=31.187, psnr_urban100=24.734, ssim_b100=0.719, ssim_set14=0.847, ssim_set5=0.895, ssim_urban100=0.948 |
   173 | train=0.007598 | val=nan | lr=0.002 | t_train=12.80 | t_val=12.15 | mem=383.9 | psnr_b100=26.953, psnr_set14=27.430, psnr_set5=31.122, psnr_urban100=24.686, ssim_b100=0.717, ssim_set14=0.845, ssim_set5=0.894, ssim_urban100=0.947 |
   174 | train=0.007576 | val=nan | lr=0.002 | t_train=12.71 | t_val=12.06 | mem=383.9 | psnr_b100=26.993, psnr_set14=27.455, psnr_set5=31.155, psnr_urban100=24.746, ssim_b100=0.718, ssim_set14=0.846, ssim_set5=0.895, ssim_urban100=0.948 |
   175 | train=0.008713 | val=nan | lr=0.002 | t_train=12.83 | t_val=12.18 | mem=383.9 | psnr_b100=26.939, psnr_set14=27.396, psnr_set5=31.119, psnr_urban100=24.654, ssim_b100=0.718, ssim_set14=0.846, ssim_set5=0.894, ssim_urban100=0.947 |
   176 | train=0.007095 | val=nan | lr=0.002 | t_train=12.83 | t_val=12.17 | mem=383.9 | psnr_b100=26.975, psnr_set14=27.451, psnr_set5=31.255, psnr_urban100=24.721, ssim_b100=0.717, ssim_set14=0.846, ssim_set5=0.896, ssim_urban100=0.947 |
   177 | train=0.008081 | val=nan | lr=0.002 | t_train=12.79 | t_val=12.13 | mem=383.9 | psnr_b100=26.972, psnr_set14=27.429, psnr_set5=31.154, psnr_urban100=24.669, ssim_b100=0.717, ssim_set14=0.845, ssim_set5=0.893, ssim_urban100=0.947 |
   178 | train=0.006225 | val=nan | lr=0.002 | t_train=12.81 | t_val=12.13 | mem=383.9 | psnr_b100=27.012, psnr_set14=27.502, psnr_set5=31.282, psnr_urban100=24.725, ssim_b100=0.719, ssim_set14=0.846, ssim_set5=0.897, ssim_urban100=0.948 |
   179 | train=0.007725 | val=nan | lr=0.002 | t_train=12.74 | t_val=12.09 | mem=383.9 | psnr_b100=27.023, psnr_set14=27.499, psnr_set5=31.248, psnr_urban100=24.706, ssim_b100=0.720, ssim_set14=0.847, ssim_set5=0.896, ssim_urban100=0.948 |
   180 | train=0.005428 | val=nan | lr=0.002 | t_train=12.85 | t_val=12.19 | mem=383.9 | psnr_b100=26.968, psnr_set14=27.410, psnr_set5=31.154, psnr_urban100=24.664, ssim_b100=0.718, ssim_set14=0.846, ssim_set5=0.896, ssim_urban100=0.947 |
   181 | train=0.007340 | val=nan | lr=0.002 | t_train=12.84 | t_val=12.18 | mem=383.9 | psnr_b100=26.948, psnr_set14=27.355, psnr_set5=31.060, psnr_urban100=24.620, ssim_b100=0.717, ssim_set14=0.844, ssim_set5=0.892, ssim_urban100=0.946 |
   182 | train=0.007555 | val=nan | lr=0.002 | t_train=12.93 | t_val=12.16 | mem=383.9 | psnr_b100=26.935, psnr_set14=27.399, psnr_set5=31.154, psnr_urban100=24.603, ssim_b100=0.717, ssim_set14=0.845, ssim_set5=0.895, ssim_urban100=0.946 |
   183 | train=0.006740 | val=nan | lr=0.002 | t_train=12.84 | t_val=12.18 | mem=383.9 | psnr_b100=27.000, psnr_set14=27.483, psnr_set5=31.214, psnr_urban100=24.729, ssim_b100=0.718, ssim_set14=0.846, ssim_set5=0.896, ssim_urban100=0.948 |
   184 | train=0.006964 | val=nan | lr=0.002 | t_train=12.88 | t_val=12.22 | mem=383.9 | psnr_b100=26.951, psnr_set14=27.365, psnr_set5=31.133, psnr_urban100=24.627, ssim_b100=0.716, ssim_set14=0.844, ssim_set5=0.893, ssim_urban100=0.946 |
   185 | train=0.008021 | val=nan | lr=0.002 | t_train=12.86 | t_val=12.20 | mem=383.9 | psnr_b100=26.990, psnr_set14=27.387, psnr_set5=31.121, psnr_urban100=24.656, ssim_b100=0.718, ssim_set14=0.845, ssim_set5=0.894, ssim_urban100=0.947 |
   186 | train=0.008100 | val=nan | lr=0.002 | t_train=12.89 | t_val=12.22 | mem=383.9 | psnr_b100=27.026, psnr_set14=27.462, psnr_set5=31.192, psnr_urban100=24.705, ssim_b100=0.719, ssim_set14=0.846, ssim_set5=0.895, ssim_urban100=0.947 |
   187 | train=0.007935 | val=nan | lr=0.002 | t_train=12.94 | t_val=12.28 | mem=383.9 | psnr_b100=26.986, psnr_set14=27.452, psnr_set5=31.091, psnr_urban100=24.741, ssim_b100=0.719, ssim_set14=0.846, ssim_set5=0.894, ssim_urban100=0.948 |
   188 | train=0.008441 | val=nan | lr=0.002 | t_train=12.79 | t_val=12.14 | mem=383.9 | psnr_b100=26.985, psnr_set14=27.401, psnr_set5=31.115, psnr_urban100=24.672, ssim_b100=0.717, ssim_set14=0.845, ssim_set5=0.893, ssim_urban100=0.947 |
   189 | train=0.006592 | val=nan | lr=0.002 | t_train=12.90 | t_val=12.24 | mem=383.9 | psnr_b100=26.968, psnr_set14=27.385, psnr_set5=31.099, psnr_urban100=24.595, ssim_b100=0.717, ssim_set14=0.844, ssim_set5=0.893, ssim_urban100=0.946 |
   190 | train=0.006341 | val=nan | lr=0.002 | t_train=12.82 | t_val=12.16 | mem=383.9 | psnr_b100=27.001, psnr_set14=27.458, psnr_set5=31.144, psnr_urban100=24.677, ssim_b100=0.718, ssim_set14=0.846, ssim_set5=0.893, ssim_urban100=0.947 |
   191 | train=0.006960 | val=nan | lr=0.002 | t_train=12.92 | t_val=12.19 | mem=383.9 | psnr_b100=26.967, psnr_set14=27.379, psnr_set5=31.077, psnr_urban100=24.659, ssim_b100=0.718, ssim_set14=0.845, ssim_set5=0.893, ssim_urban100=0.947 |
   192 | train=0.007067 | val=nan | lr=0.002 | t_train=12.71 | t_val=12.05 | mem=383.9 | psnr_b100=27.010, psnr_set14=27.413, psnr_set5=31.161, psnr_urban100=24.672, ssim_b100=0.719, ssim_set14=0.846, ssim_set5=0.895, ssim_urban100=0.947 |
   193 | train=0.006258 | val=nan | lr=0.002 | t_train=12.77 | t_val=12.11 | mem=383.9 | psnr_b100=26.949, psnr_set14=27.385, psnr_set5=31.111, psnr_urban100=24.684, ssim_b100=0.717, ssim_set14=0.844, ssim_set5=0.893, ssim_urban100=0.948 |
   194 | train=0.006113 | val=nan | lr=0.002 | t_train=12.85 | t_val=12.19 | mem=383.9 | psnr_b100=26.988, psnr_set14=27.381, psnr_set5=31.095, psnr_urban100=24.604, ssim_b100=0.718, ssim_set14=0.845, ssim_set5=0.893, ssim_urban100=0.946 |
   195 | train=0.007141 | val=nan | lr=0.002 | t_train=12.84 | t_val=12.18 | mem=383.9 | psnr_b100=26.988, psnr_set14=27.436, psnr_set5=31.187, psnr_urban100=24.690, ssim_b100=0.718, ssim_set14=0.845, ssim_set5=0.894, ssim_urban100=0.948 |
   196 | train=0.007248 | val=nan | lr=0.002 | t_train=12.83 | t_val=12.16 | mem=383.9 | psnr_b100=26.928, psnr_set14=27.314, psnr_set5=31.038, psnr_urban100=24.546, ssim_b100=0.716, ssim_set14=0.843, ssim_set5=0.891, ssim_urban100=0.945 |
   197 | train=0.006463 | val=nan | lr=0.002 | t_train=12.81 | t_val=12.15 | mem=383.9 | psnr_b100=27.000, psnr_set14=27.433, psnr_set5=31.199, psnr_urban100=24.652, ssim_b100=0.718, ssim_set14=0.845, ssim_set5=0.893, ssim_urban100=0.947 |
   198 | train=0.006673 | val=nan | lr=0.002 | t_train=12.88 | t_val=12.22 | mem=383.9 | psnr_b100=26.981, psnr_set14=27.450, psnr_set5=31.188, psnr_urban100=24.709, ssim_b100=0.718, ssim_set14=0.846, ssim_set5=0.894, ssim_urban100=0.948 |
   199 | train=0.006803 | val=nan | lr=0.002 | t_train=12.78 | t_val=12.12 | mem=383.9 | psnr_b100=27.021, psnr_set14=27.442, psnr_set5=31.262, psnr_urban100=24.709, ssim_b100=0.719, ssim_set14=0.846, ssim_set5=0.896, ssim_urban100=0.948 |
   200 | train=0.007896 | val=nan | lr=0.002 | t_train=12.81 | t_val=12.15 | mem=383.9 | psnr_b100=26.969, psnr_set14=27.364, psnr_set5=31.091, psnr_urban100=24.620, ssim_b100=0.717, ssim_set14=0.844, ssim_set5=0.892, ssim_urban100=0.947 |
   201 | train=0.008698 | val=nan | lr=0.002 | t_train=12.81 | t_val=12.16 | mem=383.9 | psnr_b100=26.997, psnr_set14=27.457, psnr_set5=31.215, psnr_urban100=24.729, ssim_b100=0.717, ssim_set14=0.844, ssim_set5=0.894, ssim_urban100=0.948 |
   202 | train=0.010319 | val=nan | lr=0.002 | t_train=12.82 | t_val=12.17 | mem=383.9 | psnr_b100=26.983, psnr_set14=27.431, psnr_set5=31.173, psnr_urban100=24.675, ssim_b100=0.717, ssim_set14=0.844, ssim_set5=0.894, ssim_urban100=0.947 |
   203 | train=0.005526 | val=nan | lr=0.002 | t_train=12.80 | t_val=12.14 | mem=383.9 | psnr_b100=27.007, psnr_set14=27.417, psnr_set5=31.192, psnr_urban100=24.704, ssim_b100=0.718, ssim_set14=0.845, ssim_set5=0.895, ssim_urban100=0.948 |
   204 | train=0.006058 | val=nan | lr=0.002 | t_train=12.82 | t_val=12.16 | mem=383.9 | psnr_b100=26.993, psnr_set14=27.429, psnr_set5=31.221, psnr_urban100=24.679, ssim_b100=0.718, ssim_set14=0.846, ssim_set5=0.897, ssim_urban100=0.947 |
   205 | train=0.008827 | val=nan | lr=0.002 | t_train=12.91 | t_val=12.17 | mem=383.9 | psnr_b100=26.939, psnr_set14=27.344, psnr_set5=31.069, psnr_urban100=24.628, ssim_b100=0.717, ssim_set14=0.845, ssim_set5=0.894, ssim_urban100=0.947 |
   206 | train=0.006803 | val=nan | lr=0.002 | t_train=12.87 | t_val=12.21 | mem=383.9 | psnr_b100=26.978, psnr_set14=27.377, psnr_set5=31.148, psnr_urban100=24.641, ssim_b100=0.717, ssim_set14=0.845, ssim_set5=0.894, ssim_urban100=0.947 |
   207 | train=0.007183 | val=nan | lr=0.002 | t_train=12.79 | t_val=12.14 | mem=383.9 | psnr_b100=27.010, psnr_set14=27.407, psnr_set5=31.142, psnr_urban100=24.731, ssim_b100=0.719, ssim_set14=0.846, ssim_set5=0.894, ssim_urban100=0.949 |
   208 | train=0.006826 | val=nan | lr=0.002 | t_train=12.86 | t_val=12.20 | mem=383.9 | psnr_b100=27.098, psnr_set14=27.519, psnr_set5=31.301, psnr_urban100=24.824, ssim_b100=0.721, ssim_set14=0.847, ssim_set5=0.897, ssim_urban100=0.949 |
   209 | train=0.006928 | val=nan | lr=0.002 | t_train=12.83 | t_val=12.17 | mem=383.9 | psnr_b100=27.045, psnr_set14=27.496, psnr_set5=31.261, psnr_urban100=24.770, ssim_b100=0.719, ssim_set14=0.846, ssim_set5=0.896, ssim_urban100=0.948 |
   210 | train=0.007121 | val=nan | lr=0.002 | t_train=12.85 | t_val=12.18 | mem=383.9 | psnr_b100=27.023, psnr_set14=27.454, psnr_set5=31.189, psnr_urban100=24.733, ssim_b100=0.719, ssim_set14=0.846, ssim_set5=0.895, ssim_urban100=0.948 |
   211 | train=0.007040 | val=nan | lr=0.002 | t_train=12.84 | t_val=12.19 | mem=383.9 | psnr_b100=27.024, psnr_set14=27.416, psnr_set5=31.150, psnr_urban100=24.714, ssim_b100=0.719, ssim_set14=0.846, ssim_set5=0.894, ssim_urban100=0.948 |
   212 | train=0.007537 | val=nan | lr=0.002 | t_train=12.83 | t_val=12.16 | mem=383.9 | psnr_b100=27.059, psnr_set14=27.481, psnr_set5=31.283, psnr_urban100=24.751, ssim_b100=0.720, ssim_set14=0.847, ssim_set5=0.897, ssim_urban100=0.948 |
   213 | train=0.006995 | val=nan | lr=0.002 | t_train=12.81 | t_val=12.15 | mem=383.9 | psnr_b100=27.029, psnr_set14=27.451, psnr_set5=31.195, psnr_urban100=24.705, ssim_b100=0.720, ssim_set14=0.845, ssim_set5=0.895, ssim_urban100=0.948 |
   214 | train=0.007824 | val=nan | lr=0.002 | t_train=12.74 | t_val=12.08 | mem=383.9 | psnr_b100=27.031, psnr_set14=27.444, psnr_set5=31.202, psnr_urban100=24.706, ssim_b100=0.720, ssim_set14=0.846, ssim_set5=0.895, ssim_urban100=0.948 |
   215 | train=0.007003 | val=nan | lr=0.002 | t_train=12.93 | t_val=12.18 | mem=383.9 | psnr_b100=27.083, psnr_set14=27.553, psnr_set5=31.348, psnr_urban100=24.862, ssim_b100=0.721, ssim_set14=0.848, ssim_set5=0.897, ssim_urban100=0.950 |
   216 | train=0.006733 | val=nan | lr=0.002 | t_train=12.83 | t_val=12.18 | mem=383.9 | psnr_b100=26.999, psnr_set14=27.411, psnr_set5=31.196, psnr_urban100=24.689, ssim_b100=0.719, ssim_set14=0.845, ssim_set5=0.895, ssim_urban100=0.947 |
   217 | train=0.005579 | val=nan | lr=0.002 | t_train=12.87 | t_val=12.22 | mem=383.9 | psnr_b100=27.027, psnr_set14=27.458, psnr_set5=31.177, psnr_urban100=24.754, ssim_b100=0.720, ssim_set14=0.847, ssim_set5=0.895, ssim_urban100=0.949 |
   218 | train=0.007174 | val=nan | lr=0.002 | t_train=12.89 | t_val=12.22 | mem=383.9 | psnr_b100=26.981, psnr_set14=27.413, psnr_set5=31.227, psnr_urban100=24.694, ssim_b100=0.718, ssim_set14=0.845, ssim_set5=0.895, ssim_urban100=0.947 |
   219 | train=0.005598 | val=nan | lr=0.002 | t_train=12.84 | t_val=12.18 | mem=383.9 | psnr_b100=26.958, psnr_set14=27.362, psnr_set5=31.033, psnr_urban100=24.649, ssim_b100=0.718, ssim_set14=0.845, ssim_set5=0.892, ssim_urban100=0.947 |
   220 | train=0.007198 | val=nan | lr=0.002 | t_train=12.81 | t_val=12.17 | mem=383.9 | psnr_b100=27.006, psnr_set14=27.408, psnr_set5=31.201, psnr_urban100=24.731, ssim_b100=0.719, ssim_set14=0.846, ssim_set5=0.895, ssim_urban100=0.948 |
   221 | train=0.007142 | val=nan | lr=0.002 | t_train=12.85 | t_val=12.19 | mem=383.9 | psnr_b100=26.968, psnr_set14=27.399, psnr_set5=31.058, psnr_urban100=24.709, ssim_b100=0.717, ssim_set14=0.845, ssim_set5=0.892, ssim_urban100=0.948 |
   222 | train=0.006754 | val=nan | lr=0.002 | t_train=13.04 | t_val=12.37 | mem=383.9 | psnr_b100=26.974, psnr_set14=27.354, psnr_set5=31.073, psnr_urban100=24.594, ssim_b100=0.718, ssim_set14=0.844, ssim_set5=0.891, ssim_urban100=0.945 |
   223 | train=0.007938 | val=nan | lr=0.002 | t_train=12.83 | t_val=12.09 | mem=383.9 | psnr_b100=26.979, psnr_set14=27.392, psnr_set5=31.130, psnr_urban100=24.635, ssim_b100=0.718, ssim_set14=0.845, ssim_set5=0.894, ssim_urban100=0.947 |
   224 | train=0.008737 | val=nan | lr=0.002 | t_train=12.80 | t_val=12.13 | mem=383.9 | psnr_b100=27.035, psnr_set14=27.484, psnr_set5=31.243, psnr_urban100=24.734, ssim_b100=0.721, ssim_set14=0.847, ssim_set5=0.897, ssim_urban100=0.948 |
   225 | train=0.005786 | val=nan | lr=0.002 | t_train=12.87 | t_val=12.21 | mem=383.9 | psnr_b100=27.020, psnr_set14=27.411, psnr_set5=31.170, psnr_urban100=24.698, ssim_b100=0.719, ssim_set14=0.846, ssim_set5=0.895, ssim_urban100=0.948 |
   226 | train=0.007135 | val=nan | lr=0.0019964 | t_train=12.82 | t_val=12.16 | mem=383.9 | psnr_b100=27.047, psnr_set14=27.470, psnr_set5=31.226, psnr_urban100=24.777, ssim_b100=0.720, ssim_set14=0.846, ssim_set5=0.895, ssim_urban100=0.949 |
   227 | train=0.005675 | val=nan | lr=0.0019926 | t_train=12.84 | t_val=12.20 | mem=383.9 | psnr_b100=27.046, psnr_set14=27.476, psnr_set5=31.201, psnr_urban100=24.736, ssim_b100=0.720, ssim_set14=0.846, ssim_set5=0.895, ssim_urban100=0.948 |
   228 | train=0.008247 | val=nan | lr=0.0019888 | t_train=12.83 | t_val=12.17 | mem=383.9 | psnr_b100=27.030, psnr_set14=27.442, psnr_set5=31.179, psnr_urban100=24.751, ssim_b100=0.720, ssim_set14=0.846, ssim_set5=0.895, ssim_urban100=0.949 |
   229 | train=0.005571 | val=nan | lr=0.0019851 | t_train=12.83 | t_val=12.18 | mem=383.9 | psnr_b100=27.005, psnr_set14=27.394, psnr_set5=31.101, psnr_urban100=24.643, ssim_b100=0.719, ssim_set14=0.845, ssim_set5=0.893, ssim_urban100=0.947 |
   230 | train=0.007099 | val=nan | lr=0.0019813 | t_train=12.90 | t_val=12.24 | mem=383.9 | psnr_b100=27.074, psnr_set14=27.480, psnr_set5=31.289, psnr_urban100=24.782, ssim_b100=0.721, ssim_set14=0.847, ssim_set5=0.897, ssim_urban100=0.949 |
   231 | train=0.004550 | val=nan | lr=0.0019775 | t_train=12.80 | t_val=12.14 | mem=383.9 | psnr_b100=27.055, psnr_set14=27.521, psnr_set5=31.254, psnr_urban100=24.752, ssim_b100=0.721, ssim_set14=0.848, ssim_set5=0.896, ssim_urban100=0.948 |
   232 | train=0.006719 | val=nan | lr=0.0019738 | t_train=12.83 | t_val=12.17 | mem=383.9 | psnr_b100=26.999, psnr_set14=27.402, psnr_set5=31.112, psnr_urban100=24.667, ssim_b100=0.719, ssim_set14=0.845, ssim_set5=0.893, ssim_urban100=0.947 |
   233 | train=0.007145 | val=nan | lr=0.00197 | t_train=12.86 | t_val=12.20 | mem=383.9 | psnr_b100=26.978, psnr_set14=27.374, psnr_set5=31.076, psnr_urban100=24.664, ssim_b100=0.719, ssim_set14=0.845, ssim_set5=0.893, ssim_urban100=0.947 |
   234 | train=0.006031 | val=nan | lr=0.0019663 | t_train=12.81 | t_val=12.15 | mem=383.9 | psnr_b100=26.963, psnr_set14=27.365, psnr_set5=31.092, psnr_urban100=24.595, ssim_b100=0.717, ssim_set14=0.844, ssim_set5=0.892, ssim_urban100=0.946 |
   235 | train=0.007577 | val=nan | lr=0.0019626 | t_train=12.79 | t_val=12.13 | mem=383.9 | psnr_b100=27.053, psnr_set14=27.495, psnr_set5=31.246, psnr_urban100=24.768, ssim_b100=0.720, ssim_set14=0.847, ssim_set5=0.896, ssim_urban100=0.949 |
   236 | train=0.006194 | val=nan | lr=0.0019588 | t_train=12.82 | t_val=12.17 | mem=383.9 | psnr_b100=27.049, psnr_set14=27.504, psnr_set5=31.264, psnr_urban100=24.728, ssim_b100=0.720, ssim_set14=0.847, ssim_set5=0.896, ssim_urban100=0.948 |
   237 | train=0.006808 | val=nan | lr=0.0019551 | t_train=12.82 | t_val=12.17 | mem=383.9 | psnr_b100=26.999, psnr_set14=27.407, psnr_set5=31.051, psnr_urban100=24.698, ssim_b100=0.719, ssim_set14=0.846, ssim_set5=0.894, ssim_urban100=0.948 |
   238 | train=0.007654 | val=nan | lr=0.0019514 | t_train=12.78 | t_val=12.13 | mem=383.9 | psnr_b100=27.091, psnr_set14=27.556, psnr_set5=31.280, psnr_urban100=24.781, ssim_b100=0.721, ssim_set14=0.848, ssim_set5=0.896, ssim_urban100=0.949 |
   239 | train=0.007171 | val=nan | lr=0.0019477 | t_train=12.83 | t_val=12.18 | mem=383.9 | psnr_b100=27.039, psnr_set14=27.472, psnr_set5=31.186, psnr_urban100=24.717, ssim_b100=0.720, ssim_set14=0.847, ssim_set5=0.896, ssim_urban100=0.948 |
   240 | train=0.008095 | val=nan | lr=0.001944 | t_train=12.79 | t_val=12.14 | mem=383.9 | psnr_b100=27.063, psnr_set14=27.487, psnr_set5=31.216, psnr_urban100=24.794, ssim_b100=0.720, ssim_set14=0.847, ssim_set5=0.895, ssim_urban100=0.949 |
   241 | train=0.007820 | val=nan | lr=0.0019403 | t_train=12.82 | t_val=12.15 | mem=383.9 | psnr_b100=27.057, psnr_set14=27.465, psnr_set5=31.252, psnr_urban100=24.757, ssim_b100=0.721, ssim_set14=0.847, ssim_set5=0.896, ssim_urban100=0.949 |
   242 | train=0.007002 | val=nan | lr=0.0019366 | t_train=12.87 | t_val=12.19 | mem=383.9 | psnr_b100=27.066, psnr_set14=27.491, psnr_set5=31.231, psnr_urban100=24.773, ssim_b100=0.721, ssim_set14=0.847, ssim_set5=0.896, ssim_urban100=0.949 |
   243 | train=0.006860 | val=nan | lr=0.0019329 | t_train=12.83 | t_val=12.15 | mem=383.9 | psnr_b100=27.054, psnr_set14=27.473, psnr_set5=31.179, psnr_urban100=24.771, ssim_b100=0.721, ssim_set14=0.847, ssim_set5=0.895, ssim_urban100=0.949 |
   244 | train=0.007531 | val=nan | lr=0.0019293 | t_train=12.89 | t_val=12.23 | mem=383.9 | psnr_b100=27.072, psnr_set14=27.528, psnr_set5=31.282, psnr_urban100=24.817, ssim_b100=0.721, ssim_set14=0.848, ssim_set5=0.897, ssim_urban100=0.949 |
   245 | train=0.007961 | val=nan | lr=0.0019256 | t_train=12.86 | t_val=12.11 | mem=383.9 | psnr_b100=27.009, psnr_set14=27.424, psnr_set5=31.199, psnr_urban100=24.681, ssim_b100=0.719, ssim_set14=0.847, ssim_set5=0.895, ssim_urban100=0.947 |
   246 | train=0.006342 | val=nan | lr=0.001922 | t_train=12.82 | t_val=12.16 | mem=383.9 | psnr_b100=27.062, psnr_set14=27.510, psnr_set5=31.267, psnr_urban100=24.799, ssim_b100=0.720, ssim_set14=0.847, ssim_set5=0.895, ssim_urban100=0.949 |
   247 | train=0.007068 | val=nan | lr=0.0019183 | t_train=12.83 | t_val=12.17 | mem=383.9 | psnr_b100=27.040, psnr_set14=27.443, psnr_set5=31.158, psnr_urban100=24.747, ssim_b100=0.720, ssim_set14=0.847, ssim_set5=0.894, ssim_urban100=0.949 |
   248 | train=0.005906 | val=nan | lr=0.0019147 | t_train=12.90 | t_val=12.24 | mem=383.9 | psnr_b100=26.950, psnr_set14=27.324, psnr_set5=31.072, psnr_urban100=24.605, ssim_b100=0.717, ssim_set14=0.844, ssim_set5=0.892, ssim_urban100=0.947 |
   249 | train=0.006647 | val=nan | lr=0.001911 | t_train=12.83 | t_val=12.17 | mem=383.9 | psnr_b100=27.012, psnr_set14=27.468, psnr_set5=31.166, psnr_urban100=24.746, ssim_b100=0.718, ssim_set14=0.846, ssim_set5=0.894, ssim_urban100=0.948 |
   250 | train=0.006037 | val=nan | lr=0.0019074 | t_train=12.86 | t_val=12.20 | mem=383.9 | psnr_b100=27.054, psnr_set14=27.503, psnr_set5=31.185, psnr_urban100=24.799, ssim_b100=0.720, ssim_set14=0.847, ssim_set5=0.895, ssim_urban100=0.949 |
   251 | train=0.006726 | val=nan | lr=0.0019038 | t_train=12.90 | t_val=12.17 | mem=383.9 | psnr_b100=27.017, psnr_set14=27.470, psnr_set5=31.150, psnr_urban100=24.747, ssim_b100=0.719, ssim_set14=0.846, ssim_set5=0.894, ssim_urban100=0.949 |
   252 | train=0.005827 | val=nan | lr=0.0019002 | t_train=12.86 | t_val=12.19 | mem=383.9 | psnr_b100=27.066, psnr_set14=27.505, psnr_set5=31.229, psnr_urban100=24.799, ssim_b100=0.721, ssim_set14=0.848, ssim_set5=0.896, ssim_urban100=0.949 |
   253 | train=0.006391 | val=nan | lr=0.0018966 | t_train=12.83 | t_val=12.18 | mem=383.9 | psnr_b100=27.098, psnr_set14=27.530, psnr_set5=31.242, psnr_urban100=24.832, ssim_b100=0.722, ssim_set14=0.848, ssim_set5=0.895, ssim_urban100=0.950 |
   254 | train=0.006933 | val=nan | lr=0.001893 | t_train=12.82 | t_val=12.15 | mem=383.9 | psnr_b100=27.064, psnr_set14=27.531, psnr_set5=31.265, psnr_urban100=24.877, ssim_b100=0.721, ssim_set14=0.847, ssim_set5=0.897, ssim_urban100=0.950 |
   255 | train=0.006021 | val=nan | lr=0.0018894 | t_train=12.82 | t_val=12.17 | mem=383.9 | psnr_b100=27.121, psnr_set14=27.617, psnr_set5=31.388, psnr_urban100=24.916, ssim_b100=0.722, ssim_set14=0.849, ssim_set5=0.898, ssim_urban100=0.951 |
   256 | train=0.006633 | val=nan | lr=0.0018858 | t_train=12.88 | t_val=12.22 | mem=383.9 | psnr_b100=27.008, psnr_set14=27.437, psnr_set5=31.117, psnr_urban100=24.746, ssim_b100=0.719, ssim_set14=0.846, ssim_set5=0.893, ssim_urban100=0.949 |
   257 | train=0.006110 | val=nan | lr=0.0018822 | t_train=12.84 | t_val=12.18 | mem=383.9 | psnr_b100=27.062, psnr_set14=27.505, psnr_set5=31.303, psnr_urban100=24.797, ssim_b100=0.721, ssim_set14=0.847, ssim_set5=0.897, ssim_urban100=0.949 |
   258 | train=0.007715 | val=nan | lr=0.0018786 | t_train=12.78 | t_val=12.12 | mem=383.9 | psnr_b100=27.046, psnr_set14=27.506, psnr_set5=31.276, psnr_urban100=24.775, ssim_b100=0.721, ssim_set14=0.847, ssim_set5=0.897, ssim_urban100=0.949 |
   259 | train=0.006176 | val=nan | lr=0.0018751 | t_train=12.90 | t_val=12.15 | mem=383.9 | psnr_b100=27.061, psnr_set14=27.517, psnr_set5=31.227, psnr_urban100=24.797, ssim_b100=0.721, ssim_set14=0.847, ssim_set5=0.896, ssim_urban100=0.949 |
   260 | train=0.006997 | val=nan | lr=0.0018715 | t_train=12.88 | t_val=12.22 | mem=383.9 | psnr_b100=27.019, psnr_set14=27.455, psnr_set5=31.229, psnr_urban100=24.714, ssim_b100=0.719, ssim_set14=0.846, ssim_set5=0.896, ssim_urban100=0.948 |
   261 | train=0.006002 | val=nan | lr=0.001868 | t_train=12.88 | t_val=12.21 | mem=383.9 | psnr_b100=27.007, psnr_set14=27.456, psnr_set5=31.154, psnr_urban100=24.757, ssim_b100=0.719, ssim_set14=0.846, ssim_set5=0.894, ssim_urban100=0.949 |
   262 | train=0.006620 | val=nan | lr=0.0018644 | t_train=12.85 | t_val=12.19 | mem=383.9 | psnr_b100=27.106, psnr_set14=27.573, psnr_set5=31.353, psnr_urban100=24.884, ssim_b100=0.721, ssim_set14=0.848, ssim_set5=0.898, ssim_urban100=0.950 |
   263 | train=0.006079 | val=nan | lr=0.0018609 | t_train=12.82 | t_val=12.17 | mem=383.9 | psnr_b100=27.044, psnr_set14=27.462, psnr_set5=31.155, psnr_urban100=24.748, ssim_b100=0.720, ssim_set14=0.847, ssim_set5=0.895, ssim_urban100=0.949 |
   264 | train=0.007503 | val=nan | lr=0.0018573 | t_train=12.88 | t_val=12.21 | mem=383.9 | psnr_b100=27.007, psnr_set14=27.484, psnr_set5=31.123, psnr_urban100=24.766, ssim_b100=0.720, ssim_set14=0.847, ssim_set5=0.895, ssim_urban100=0.949 |
   265 | train=0.005270 | val=nan | lr=0.0018538 | t_train=12.84 | t_val=12.17 | mem=383.9 | psnr_b100=27.032, psnr_set14=27.492, psnr_set5=31.238, psnr_urban100=24.766, ssim_b100=0.719, ssim_set14=0.846, ssim_set5=0.895, ssim_urban100=0.949 |
   266 | train=0.007207 | val=nan | lr=0.0018503 | t_train=12.83 | t_val=12.17 | mem=383.9 | psnr_b100=27.019, psnr_set14=27.467, psnr_set5=31.153, psnr_urban100=24.750, ssim_b100=0.719, ssim_set14=0.845, ssim_set5=0.893, ssim_urban100=0.948 |
   267 | train=0.005206 | val=nan | lr=0.0018468 | t_train=12.88 | t_val=12.22 | mem=383.9 | psnr_b100=27.050, psnr_set14=27.484, psnr_set5=31.226, psnr_urban100=24.766, ssim_b100=0.721, ssim_set14=0.847, ssim_set5=0.895, ssim_urban100=0.949 |
   268 | train=0.005513 | val=nan | lr=0.0018433 | t_train=12.81 | t_val=12.15 | mem=383.9 | psnr_b100=27.075, psnr_set14=27.551, psnr_set5=31.277, psnr_urban100=24.866, ssim_b100=0.720, ssim_set14=0.847, ssim_set5=0.896, ssim_urban100=0.949 |
   269 | train=0.006559 | val=nan | lr=0.0018398 | t_train=12.85 | t_val=12.19 | mem=383.9 | psnr_b100=27.001, psnr_set14=27.418, psnr_set5=31.086, psnr_urban100=24.689, ssim_b100=0.718, ssim_set14=0.845, ssim_set5=0.891, ssim_urban100=0.947 |
   270 | train=0.006323 | val=nan | lr=0.0018363 | t_train=12.84 | t_val=12.18 | mem=383.9 | psnr_b100=27.067, psnr_set14=27.544, psnr_set5=31.289, psnr_urban100=24.849, ssim_b100=0.721, ssim_set14=0.848, ssim_set5=0.897, ssim_urban100=0.949 |
   271 | train=0.006259 | val=nan | lr=0.0018328 | t_train=12.86 | t_val=12.19 | mem=383.9 | psnr_b100=26.977, psnr_set14=27.370, psnr_set5=31.047, psnr_urban100=24.679, ssim_b100=0.718, ssim_set14=0.845, ssim_set5=0.892, ssim_urban100=0.947 |
   272 | train=0.007150 | val=nan | lr=0.0018293 | t_train=12.85 | t_val=12.18 | mem=383.9 | psnr_b100=26.969, psnr_set14=27.385, psnr_set5=31.096, psnr_urban100=24.707, ssim_b100=0.717, ssim_set14=0.845, ssim_set5=0.892, ssim_urban100=0.948 |
   273 | train=0.006248 | val=nan | lr=0.0018258 | t_train=12.82 | t_val=12.17 | mem=383.9 | psnr_b100=27.063, psnr_set14=27.483, psnr_set5=31.232, psnr_urban100=24.821, ssim_b100=0.721, ssim_set14=0.848, ssim_set5=0.896, ssim_urban100=0.949 |
   274 | train=0.007763 | val=nan | lr=0.0018224 | t_train=12.94 | t_val=12.19 | mem=383.9 | psnr_b100=27.072, psnr_set14=27.553, psnr_set5=31.347, psnr_urban100=24.863, ssim_b100=0.721, ssim_set14=0.848, ssim_set5=0.898, ssim_urban100=0.950 |
   275 | train=0.007157 | val=nan | lr=0.0018189 | t_train=12.83 | t_val=12.17 | mem=383.9 | psnr_b100=27.015, psnr_set14=27.467, psnr_set5=31.181, psnr_urban100=24.774, ssim_b100=0.719, ssim_set14=0.846, ssim_set5=0.895, ssim_urban100=0.948 |
   276 | train=0.006585 | val=nan | lr=0.0018155 | t_train=12.81 | t_val=12.16 | mem=383.9 | psnr_b100=27.065, psnr_set14=27.500, psnr_set5=31.206, psnr_urban100=24.818, ssim_b100=0.721, ssim_set14=0.847, ssim_set5=0.895, ssim_urban100=0.950 |
   277 | train=0.007001 | val=nan | lr=0.001812 | t_train=12.82 | t_val=12.16 | mem=383.9 | psnr_b100=27.011, psnr_set14=27.456, psnr_set5=31.152, psnr_urban100=24.785, ssim_b100=0.719, ssim_set14=0.846, ssim_set5=0.894, ssim_urban100=0.949 |
   278 | train=0.006604 | val=nan | lr=0.0018118 | t_train=12.81 | t_val=12.15 | mem=383.9 | psnr_b100=27.082, psnr_set14=27.534, psnr_set5=31.344, psnr_urban100=24.887, ssim_b100=0.721, ssim_set14=0.848, ssim_set5=0.898, ssim_urban100=0.951 |
   279 | train=0.005495 | val=nan | lr=0.0018086 | t_train=12.88 | t_val=12.22 | mem=383.9 | psnr_b100=27.048, psnr_set14=27.478, psnr_set5=31.207, psnr_urban100=24.839, ssim_b100=0.720, ssim_set14=0.847, ssim_set5=0.895, ssim_urban100=0.950 |
   280 | train=0.007305 | val=nan | lr=0.0018051 | t_train=12.84 | t_val=12.18 | mem=383.9 | psnr_b100=27.048, psnr_set14=27.500, psnr_set5=31.232, psnr_urban100=24.865, ssim_b100=0.720, ssim_set14=0.847, ssim_set5=0.895, ssim_urban100=0.950 |
   281 | train=0.005738 | val=nan | lr=0.0018017 | t_train=12.82 | t_val=12.17 | mem=383.9 | psnr_b100=27.066, psnr_set14=27.534, psnr_set5=31.270, psnr_urban100=24.886, ssim_b100=0.721, ssim_set14=0.848, ssim_set5=0.896, ssim_urban100=0.951 |
   282 | train=0.007087 | val=nan | lr=0.0017983 | t_train=12.81 | t_val=12.14 | mem=383.9 | psnr_b100=27.068, psnr_set14=27.522, psnr_set5=31.229, psnr_urban100=24.842, ssim_b100=0.721, ssim_set14=0.848, ssim_set5=0.895, ssim_urban100=0.950 |
   283 | train=0.006402 | val=nan | lr=0.0017949 | t_train=13.01 | t_val=12.26 | mem=383.9 | psnr_b100=26.918, psnr_set14=27.335, psnr_set5=31.015, psnr_urban100=24.650, ssim_b100=0.716, ssim_set14=0.844, ssim_set5=0.892, ssim_urban100=0.947 |
   284 | train=0.006891 | val=nan | lr=0.0017915 | t_train=12.81 | t_val=12.16 | mem=383.9 | psnr_b100=27.054, psnr_set14=27.529, psnr_set5=31.268, psnr_urban100=24.851, ssim_b100=0.721, ssim_set14=0.848, ssim_set5=0.897, ssim_urban100=0.950 |
   285 | train=0.007260 | val=nan | lr=0.0017881 | t_train=12.80 | t_val=12.14 | mem=383.9 | psnr_b100=27.064, psnr_set14=27.486, psnr_set5=31.214, psnr_urban100=24.818, ssim_b100=0.720, ssim_set14=0.847, ssim_set5=0.895, ssim_urban100=0.949 |
   286 | train=0.007123 | val=nan | lr=0.0017847 | t_train=12.74 | t_val=12.09 | mem=383.9 | psnr_b100=26.909, psnr_set14=27.288, psnr_set5=30.965, psnr_urban100=24.649, ssim_b100=0.715, ssim_set14=0.842, ssim_set5=0.890, ssim_urban100=0.947 |
   287 | train=0.007805 | val=nan | lr=0.0017813 | t_train=12.80 | t_val=12.15 | mem=383.9 | psnr_b100=27.054, psnr_set14=27.522, psnr_set5=31.275, psnr_urban100=24.835, ssim_b100=0.720, ssim_set14=0.848, ssim_set5=0.896, ssim_urban100=0.950 |
   288 | train=0.005978 | val=nan | lr=0.0017779 | t_train=12.82 | t_val=12.16 | mem=383.9 | psnr_b100=27.093, psnr_set14=27.584, psnr_set5=31.356, psnr_urban100=24.831, ssim_b100=0.722, ssim_set14=0.849, ssim_set5=0.898, ssim_urban100=0.950 |
   289 | train=0.006189 | val=nan | lr=0.0017745 | t_train=12.82 | t_val=12.16 | mem=383.9 | psnr_b100=27.018, psnr_set14=27.430, psnr_set5=31.144, psnr_urban100=24.753, ssim_b100=0.719, ssim_set14=0.847, ssim_set5=0.893, ssim_urban100=0.949 |
   290 | train=0.006407 | val=nan | lr=0.0017712 | t_train=12.83 | t_val=12.17 | mem=383.9 | psnr_b100=27.066, psnr_set14=27.536, psnr_set5=31.281, psnr_urban100=24.842, ssim_b100=0.720, ssim_set14=0.848, ssim_set5=0.896, ssim_urban100=0.950 |
   291 | train=0.006111 | val=nan | lr=0.0017678 | t_train=12.80 | t_val=12.14 | mem=383.9 | psnr_b100=27.054, psnr_set14=27.468, psnr_set5=31.245, psnr_urban100=24.794, ssim_b100=0.720, ssim_set14=0.847, ssim_set5=0.896, ssim_urban100=0.949 |
   292 | train=0.005798 | val=nan | lr=0.0017645 | t_train=12.86 | t_val=12.20 | mem=383.9 | psnr_b100=26.989, psnr_set14=27.432, psnr_set5=31.126, psnr_urban100=24.733, ssim_b100=0.718, ssim_set14=0.846, ssim_set5=0.894, ssim_urban100=0.948 |
   293 | train=0.007694 | val=nan | lr=0.0017611 | t_train=12.80 | t_val=12.14 | mem=383.9 | psnr_b100=27.033, psnr_set14=27.470, psnr_set5=31.178, psnr_urban100=24.755, ssim_b100=0.720, ssim_set14=0.847, ssim_set5=0.895, ssim_urban100=0.949 |
   294 | train=0.006246 | val=nan | lr=0.0017578 | t_train=12.81 | t_val=12.16 | mem=383.9 | psnr_b100=27.059, psnr_set14=27.543, psnr_set5=31.266, psnr_urban100=24.843, ssim_b100=0.720, ssim_set14=0.847, ssim_set5=0.896, ssim_urban100=0.949 |
   295 | train=0.005991 | val=nan | lr=0.0017544 | t_train=12.81 | t_val=12.15 | mem=383.9 | psnr_b100=27.022, psnr_set14=27.446, psnr_set5=31.179, psnr_urban100=24.782, ssim_b100=0.720, ssim_set14=0.847, ssim_set5=0.895, ssim_urban100=0.949 |
   296 | train=0.007330 | val=nan | lr=0.0017511 | t_train=12.71 | t_val=12.06 | mem=383.9 | psnr_b100=27.018, psnr_set14=27.452, psnr_set5=31.160, psnr_urban100=24.733, ssim_b100=0.719, ssim_set14=0.846, ssim_set5=0.895, ssim_urban100=0.948 |
   297 | train=0.006223 | val=nan | lr=0.0017478 | t_train=12.85 | t_val=12.18 | mem=383.9 | psnr_b100=26.970, psnr_set14=27.416, psnr_set5=31.116, psnr_urban100=24.727, ssim_b100=0.717, ssim_set14=0.845, ssim_set5=0.893, ssim_urban100=0.948 |
   298 | train=0.005539 | val=nan | lr=0.0017445 | t_train=12.87 | t_val=12.21 | mem=383.9 | psnr_b100=27.053, psnr_set14=27.532, psnr_set5=31.272, psnr_urban100=24.841, ssim_b100=0.721, ssim_set14=0.848, ssim_set5=0.896, ssim_urban100=0.949 |
   299 | train=0.006329 | val=nan | lr=0.0017411 | t_train=12.78 | t_val=12.13 | mem=383.9 | psnr_b100=27.001, psnr_set14=27.444, psnr_set5=31.091, psnr_urban100=24.764, ssim_b100=0.719, ssim_set14=0.846, ssim_set5=0.893, ssim_urban100=0.948 |
   300 | train=0.006522 | val=nan | lr=0.0017378 | t_train=12.80 | t_val=12.12 | mem=383.9 | psnr_b100=27.028, psnr_set14=27.478, psnr_set5=31.251, psnr_urban100=24.793, ssim_b100=0.719, ssim_set14=0.847, ssim_set5=0.896, ssim_urban100=0.949 |
   301 | train=0.007254 | val=nan | lr=0.0017345 | t_train=12.81 | t_val=12.16 | mem=383.9 | psnr_b100=27.034, psnr_set14=27.467, psnr_set5=31.210, psnr_urban100=24.782, ssim_b100=0.719, ssim_set14=0.847, ssim_set5=0.895, ssim_urban100=0.949 |
   302 | train=0.007083 | val=nan | lr=0.0017312 | t_train=12.74 | t_val=12.09 | mem=383.9 | psnr_b100=26.995, psnr_set14=27.447, psnr_set5=31.162, psnr_urban100=24.748, ssim_b100=0.718, ssim_set14=0.846, ssim_set5=0.893, ssim_urban100=0.948 |
   303 | train=0.006005 | val=nan | lr=0.001728 | t_train=12.76 | t_val=12.10 | mem=383.9 | psnr_b100=27.051, psnr_set14=27.549, psnr_set5=31.215, psnr_urban100=24.819, ssim_b100=0.720, ssim_set14=0.847, ssim_set5=0.895, ssim_urban100=0.949 |
   304 | train=0.006255 | val=nan | lr=0.0017247 | t_train=12.79 | t_val=12.14 | mem=383.9 | psnr_b100=27.021, psnr_set14=27.522, psnr_set5=31.218, psnr_urban100=24.798, ssim_b100=0.719, ssim_set14=0.847, ssim_set5=0.895, ssim_urban100=0.949 |
   305 | train=0.006342 | val=nan | lr=0.0017214 | t_train=12.82 | t_val=12.16 | mem=383.9 | psnr_b100=27.045, psnr_set14=27.473, psnr_set5=31.211, psnr_urban100=24.772, ssim_b100=0.720, ssim_set14=0.847, ssim_set5=0.895, ssim_urban100=0.949 |
   306 | train=0.006926 | val=nan | lr=0.0017181 | t_train=12.82 | t_val=12.17 | mem=383.9 | psnr_b100=27.041, psnr_set14=27.489, psnr_set5=31.212, psnr_urban100=24.803, ssim_b100=0.721, ssim_set14=0.848, ssim_set5=0.896, ssim_urban100=0.949 |
   307 | train=0.006966 | val=nan | lr=0.0017149 | t_train=12.86 | t_val=12.21 | mem=383.9 | psnr_b100=26.984, psnr_set14=27.395, psnr_set5=31.081, psnr_urban100=24.702, ssim_b100=0.718, ssim_set14=0.845, ssim_set5=0.892, ssim_urban100=0.948 |
   308 | train=0.007609 | val=nan | lr=0.0017116 | t_train=12.97 | t_val=12.21 | mem=383.9 | psnr_b100=27.047, psnr_set14=27.474, psnr_set5=31.255, psnr_urban100=24.834, ssim_b100=0.720, ssim_set14=0.847, ssim_set5=0.896, ssim_urban100=0.949 |
   309 | train=0.007008 | val=nan | lr=0.0017084 | t_train=12.84 | t_val=12.19 | mem=383.9 | psnr_b100=27.073, psnr_set14=27.514, psnr_set5=31.244, psnr_urban100=24.837, ssim_b100=0.721, ssim_set14=0.847, ssim_set5=0.896, ssim_urban100=0.949 |
   310 | train=0.005521 | val=nan | lr=0.0017051 | t_train=12.86 | t_val=12.21 | mem=383.9 | psnr_b100=27.086, psnr_set14=27.552, psnr_set5=31.302, psnr_urban100=24.839, ssim_b100=0.721, ssim_set14=0.848, ssim_set5=0.897, ssim_urban100=0.950 |
   311 | train=0.006246 | val=nan | lr=0.0017019 | t_train=12.75 | t_val=12.09 | mem=383.9 | psnr_b100=27.049, psnr_set14=27.533, psnr_set5=31.187, psnr_urban100=24.840, ssim_b100=0.721, ssim_set14=0.849, ssim_set5=0.897, ssim_urban100=0.950 |
   312 | train=0.006140 | val=nan | lr=0.0016987 | t_train=12.75 | t_val=12.10 | mem=383.9 | psnr_b100=27.076, psnr_set14=27.533, psnr_set5=31.247, psnr_urban100=24.848, ssim_b100=0.721, ssim_set14=0.848, ssim_set5=0.897, ssim_urban100=0.949 |
   313 | train=0.005788 | val=nan | lr=0.0016954 | t_train=12.83 | t_val=12.18 | mem=383.9 | psnr_b100=27.006, psnr_set14=27.419, psnr_set5=31.155, psnr_urban100=24.742, ssim_b100=0.719, ssim_set14=0.846, ssim_set5=0.894, ssim_urban100=0.948 |
   314 | train=0.006934 | val=nan | lr=0.0016922 | t_train=12.97 | t_val=12.22 | mem=383.9 | psnr_b100=27.070, psnr_set14=27.514, psnr_set5=31.248, psnr_urban100=24.845, ssim_b100=0.721, ssim_set14=0.848, ssim_set5=0.896, ssim_urban100=0.950 |
   315 | train=0.006959 | val=nan | lr=0.001689 | t_train=12.81 | t_val=12.16 | mem=383.9 | psnr_b100=27.034, psnr_set14=27.510, psnr_set5=31.229, psnr_urban100=24.814, ssim_b100=0.720, ssim_set14=0.847, ssim_set5=0.896, ssim_urban100=0.949 |
   316 | train=0.007448 | val=nan | lr=0.0016858 | t_train=12.86 | t_val=12.20 | mem=383.9 | psnr_b100=27.072, psnr_set14=27.507, psnr_set5=31.225, psnr_urban100=24.879, ssim_b100=0.721, ssim_set14=0.848, ssim_set5=0.896, ssim_urban100=0.950 |
   317 | train=0.005060 | val=nan | lr=0.0016826 | t_train=12.90 | t_val=12.23 | mem=383.9 | psnr_b100=27.084, psnr_set14=27.549, psnr_set5=31.268, psnr_urban100=24.863, ssim_b100=0.721, ssim_set14=0.849, ssim_set5=0.896, ssim_urban100=0.950 |
   318 | train=0.006659 | val=nan | lr=0.0016794 | t_train=12.85 | t_val=12.19 | mem=383.9 | psnr_b100=27.022, psnr_set14=27.439, psnr_set5=31.164, psnr_urban100=24.777, ssim_b100=0.719, ssim_set14=0.846, ssim_set5=0.895, ssim_urban100=0.949 |
   319 | train=0.005789 | val=nan | lr=0.0016762 | t_train=12.79 | t_val=12.14 | mem=383.9 | psnr_b100=26.964, psnr_set14=27.428, psnr_set5=31.108, psnr_urban100=24.728, ssim_b100=0.717, ssim_set14=0.845, ssim_set5=0.893, ssim_urban100=0.948 |
   320 | train=0.008181 | val=nan | lr=0.001673 | t_train=12.79 | t_val=12.14 | mem=383.9 | psnr_b100=27.047, psnr_set14=27.511, psnr_set5=31.200, psnr_urban100=24.811, ssim_b100=0.720, ssim_set14=0.847, ssim_set5=0.895, ssim_urban100=0.949 |
   321 | train=0.006549 | val=nan | lr=0.0016699 | t_train=12.81 | t_val=12.16 | mem=383.9 | psnr_b100=27.039, psnr_set14=27.505, psnr_set5=31.250, psnr_urban100=24.850, ssim_b100=0.720, ssim_set14=0.847, ssim_set5=0.896, ssim_urban100=0.950 |
   322 | train=0.006228 | val=nan | lr=0.0016667 | t_train=12.86 | t_val=12.20 | mem=383.9 | psnr_b100=27.030, psnr_set14=27.509, psnr_set5=31.220, psnr_urban100=24.820, ssim_b100=0.720, ssim_set14=0.848, ssim_set5=0.896, ssim_urban100=0.950 |
   323 | train=0.007065 | val=nan | lr=0.0016635 | t_train=12.82 | t_val=12.15 | mem=383.9 | psnr_b100=27.060, psnr_set14=27.483, psnr_set5=31.269, psnr_urban100=24.833, ssim_b100=0.720, ssim_set14=0.847, ssim_set5=0.896, ssim_urban100=0.949 |
   324 | train=0.008643 | val=nan | lr=0.0016604 | t_train=12.87 | t_val=12.20 | mem=383.9 | psnr_b100=27.099, psnr_set14=27.572, psnr_set5=31.320, psnr_urban100=24.904, ssim_b100=0.722, ssim_set14=0.848, ssim_set5=0.897, ssim_urban100=0.951 |
   325 | train=0.006665 | val=nan | lr=0.0016572 | t_train=12.85 | t_val=12.19 | mem=383.9 | psnr_b100=26.985, psnr_set14=27.406, psnr_set5=31.172, psnr_urban100=24.739, ssim_b100=0.718, ssim_set14=0.845, ssim_set5=0.894, ssim_urban100=0.948 |
   326 | train=0.006392 | val=nan | lr=0.0016541 | t_train=12.85 | t_val=12.18 | mem=383.9 | psnr_b100=27.097, psnr_set14=27.584, psnr_set5=31.369, psnr_urban100=24.915, ssim_b100=0.722, ssim_set14=0.849, ssim_set5=0.898, ssim_urban100=0.951 |
   327 | train=0.006577 | val=nan | lr=0.0016509 | t_train=12.83 | t_val=12.18 | mem=383.9 | psnr_b100=27.054, psnr_set14=27.518, psnr_set5=31.213, psnr_urban100=24.818, ssim_b100=0.720, ssim_set14=0.847, ssim_set5=0.895, ssim_urban100=0.949 |
   328 | train=0.005596 | val=nan | lr=0.0016478 | t_train=12.74 | t_val=12.08 | mem=383.9 | psnr_b100=26.987, psnr_set14=27.399, psnr_set5=31.048, psnr_urban100=24.769, ssim_b100=0.719, ssim_set14=0.846, ssim_set5=0.894, ssim_urban100=0.949 |
   329 | train=0.006145 | val=nan | lr=0.0016447 | t_train=12.78 | t_val=12.13 | mem=383.9 | psnr_b100=26.986, psnr_set14=27.436, psnr_set5=31.132, psnr_urban100=24.748, ssim_b100=0.718, ssim_set14=0.846, ssim_set5=0.893, ssim_urban100=0.948 |
   330 | train=0.006479 | val=nan | lr=0.0016415 | t_train=12.90 | t_val=12.25 | mem=383.9 | psnr_b100=27.015, psnr_set14=27.434, psnr_set5=31.164, psnr_urban100=24.750, ssim_b100=0.719, ssim_set14=0.846, ssim_set5=0.894, ssim_urban100=0.949 |
   331 | train=0.006039 | val=nan | lr=0.0016384 | t_train=12.85 | t_val=12.20 | mem=383.9 | psnr_b100=27.031, psnr_set14=27.498, psnr_set5=31.219, psnr_urban100=24.836, ssim_b100=0.719, ssim_set14=0.847, ssim_set5=0.896, ssim_urban100=0.950 |
   332 | train=0.006686 | val=nan | lr=0.0016353 | t_train=12.81 | t_val=12.16 | mem=383.9 | psnr_b100=26.996, psnr_set14=27.470, psnr_set5=31.174, psnr_urban100=24.716, ssim_b100=0.718, ssim_set14=0.847, ssim_set5=0.895, ssim_urban100=0.948 |
   333 | train=0.006180 | val=nan | lr=0.0016322 | t_train=12.84 | t_val=12.18 | mem=383.9 | psnr_b100=27.143, psnr_set14=27.611, psnr_set5=31.365, psnr_urban100=24.956, ssim_b100=0.723, ssim_set14=0.849, ssim_set5=0.898, ssim_urban100=0.951 |
   334 | train=0.007260 | val=nan | lr=0.0016291 | t_train=12.84 | t_val=12.18 | mem=383.9 | psnr_b100=27.053, psnr_set14=27.522, psnr_set5=31.202, psnr_urban100=24.840, ssim_b100=0.720, ssim_set14=0.848, ssim_set5=0.896, ssim_urban100=0.950 |
   335 | train=0.007117 | val=nan | lr=0.001626 | t_train=12.90 | t_val=12.23 | mem=383.9 | psnr_b100=27.049, psnr_set14=27.560, psnr_set5=31.283, psnr_urban100=24.895, ssim_b100=0.720, ssim_set14=0.848, ssim_set5=0.897, ssim_urban100=0.951 |
   336 | train=0.006485 | val=nan | lr=0.0016229 | t_train=12.81 | t_val=12.15 | mem=383.9 | psnr_b100=27.013, psnr_set14=27.454, psnr_set5=31.149, psnr_urban100=24.810, ssim_b100=0.719, ssim_set14=0.846, ssim_set5=0.895, ssim_urban100=0.949 |
   337 | train=0.005731 | val=nan | lr=0.0016199 | t_train=12.82 | t_val=12.17 | mem=383.9 | psnr_b100=27.095, psnr_set14=27.568, psnr_set5=31.374, psnr_urban100=24.897, ssim_b100=0.721, ssim_set14=0.849, ssim_set5=0.898, ssim_urban100=0.950 |
   338 | train=0.004620 | val=nan | lr=0.0016168 | t_train=12.87 | t_val=12.20 | mem=383.9 | psnr_b100=27.092, psnr_set14=27.584, psnr_set5=31.406, psnr_urban100=24.942, ssim_b100=0.721, ssim_set14=0.848, ssim_set5=0.899, ssim_urban100=0.951 |
   339 | train=0.005745 | val=nan | lr=0.0016137 | t_train=12.78 | t_val=12.12 | mem=383.9 | psnr_b100=27.032, psnr_set14=27.487, psnr_set5=31.210, psnr_urban100=24.816, ssim_b100=0.719, ssim_set14=0.846, ssim_set5=0.895, ssim_urban100=0.949 |
   340 | train=0.006753 | val=nan | lr=0.0016106 | t_train=12.89 | t_val=12.13 | mem=383.9 | psnr_b100=27.144, psnr_set14=27.635, psnr_set5=31.406, psnr_urban100=24.986, ssim_b100=0.723, ssim_set14=0.850, ssim_set5=0.899, ssim_urban100=0.952 |
   341 | train=0.005832 | val=nan | lr=0.0016076 | t_train=12.79 | t_val=12.14 | mem=383.9 | psnr_b100=27.079, psnr_set14=27.542, psnr_set5=31.309, psnr_urban100=24.878, ssim_b100=0.721, ssim_set14=0.847, ssim_set5=0.897, ssim_urban100=0.950 |
   342 | train=0.005800 | val=nan | lr=0.0016045 | t_train=12.83 | t_val=12.18 | mem=383.9 | psnr_b100=27.061, psnr_set14=27.516, psnr_set5=31.286, psnr_urban100=24.836, ssim_b100=0.721, ssim_set14=0.848, ssim_set5=0.898, ssim_urban100=0.949 |
   343 | train=0.006615 | val=nan | lr=0.0016015 | t_train=12.78 | t_val=12.12 | mem=383.9 | psnr_b100=27.087, psnr_set14=27.508, psnr_set5=31.300, psnr_urban100=24.853, ssim_b100=0.721, ssim_set14=0.848, ssim_set5=0.897, ssim_urban100=0.950 |
   344 | train=0.005932 | val=nan | lr=0.0015985 | t_train=12.87 | t_val=12.20 | mem=383.9 | psnr_b100=27.048, psnr_set14=27.528, psnr_set5=31.230, psnr_urban100=24.831, ssim_b100=0.720, ssim_set14=0.848, ssim_set5=0.896, ssim_urban100=0.950 |
   345 | train=0.006619 | val=nan | lr=0.0015954 | t_train=12.87 | t_val=12.21 | mem=383.9 | psnr_b100=27.004, psnr_set14=27.441, psnr_set5=31.159, psnr_urban100=24.779, ssim_b100=0.719, ssim_set14=0.847, ssim_set5=0.895, ssim_urban100=0.949 |
   346 | train=0.006428 | val=nan | lr=0.0015924 | t_train=12.92 | t_val=12.18 | mem=383.9 | psnr_b100=27.075, psnr_set14=27.504, psnr_set5=31.244, psnr_urban100=24.849, ssim_b100=0.720, ssim_set14=0.848, ssim_set5=0.896, ssim_urban100=0.950 |
   347 | train=0.005560 | val=nan | lr=0.0015894 | t_train=12.90 | t_val=12.24 | mem=383.9 | psnr_b100=27.096, psnr_set14=27.578, psnr_set5=31.342, psnr_urban100=24.940, ssim_b100=0.721, ssim_set14=0.849, ssim_set5=0.897, ssim_urban100=0.951 |
   348 | train=0.005599 | val=nan | lr=0.0015863 | t_train=12.83 | t_val=12.16 | mem=383.9 | psnr_b100=27.083, psnr_set14=27.576, psnr_set5=31.365, psnr_urban100=24.912, ssim_b100=0.721, ssim_set14=0.848, ssim_set5=0.898, ssim_urban100=0.951 |
   349 | train=0.006426 | val=nan | lr=0.0015833 | t_train=12.83 | t_val=12.17 | mem=383.9 | psnr_b100=27.077, psnr_set14=27.562, psnr_set5=31.316, psnr_urban100=24.880, ssim_b100=0.721, ssim_set14=0.848, ssim_set5=0.897, ssim_urban100=0.950 |
   350 | train=0.004947 | val=nan | lr=0.0015803 | t_train=12.91 | t_val=12.25 | mem=383.9 | psnr_b100=27.094, psnr_set14=27.582, psnr_set5=31.345, psnr_urban100=24.886, ssim_b100=0.721, ssim_set14=0.848, ssim_set5=0.897, ssim_urban100=0.950 |
   351 | train=0.005343 | val=nan | lr=0.0015773 | t_train=12.84 | t_val=12.17 | mem=383.9 | psnr_b100=27.026, psnr_set14=27.505, psnr_set5=31.279, psnr_urban100=24.786, ssim_b100=0.719, ssim_set14=0.847, ssim_set5=0.896, ssim_urban100=0.949 |
   352 | train=0.005829 | val=nan | lr=0.0015743 | t_train=12.84 | t_val=12.17 | mem=383.9 | psnr_b100=27.045, psnr_set14=27.507, psnr_set5=31.256, psnr_urban100=24.856, ssim_b100=0.720, ssim_set14=0.848, ssim_set5=0.896, ssim_urban100=0.950 |
   353 | train=0.006704 | val=nan | lr=0.0015714 | t_train=12.86 | t_val=12.20 | mem=383.9 | psnr_b100=27.069, psnr_set14=27.535, psnr_set5=31.285, psnr_urban100=24.868, ssim_b100=0.720, ssim_set14=0.848, ssim_set5=0.896, ssim_urban100=0.950 |
   354 | train=0.007837 | val=nan | lr=0.0015684 | t_train=12.82 | t_val=12.16 | mem=383.9 | psnr_b100=27.068, psnr_set14=27.563, psnr_set5=31.322, psnr_urban100=24.915, ssim_b100=0.720, ssim_set14=0.848, ssim_set5=0.897, ssim_urban100=0.951 |
   355 | train=0.007725 | val=nan | lr=0.0015654 | t_train=12.82 | t_val=12.15 | mem=383.9 | psnr_b100=27.020, psnr_set14=27.489, psnr_set5=31.248, psnr_urban100=24.798, ssim_b100=0.719, ssim_set14=0.846, ssim_set5=0.895, ssim_urban100=0.949 |
   356 | train=0.006676 | val=nan | lr=0.0015624 | t_train=12.83 | t_val=12.18 | mem=383.9 | psnr_b100=27.012, psnr_set14=27.507, psnr_set5=31.238, psnr_urban100=24.823, ssim_b100=0.719, ssim_set14=0.847, ssim_set5=0.895, ssim_urban100=0.949 |
   357 | train=0.006753 | val=nan | lr=0.0015595 | t_train=12.79 | t_val=12.14 | mem=383.9 | psnr_b100=27.026, psnr_set14=27.487, psnr_set5=31.255, psnr_urban100=24.855, ssim_b100=0.720, ssim_set14=0.847, ssim_set5=0.897, ssim_urban100=0.950 |
   358 | train=0.006110 | val=nan | lr=0.0015565 | t_train=12.85 | t_val=12.19 | mem=383.9 | psnr_b100=27.065, psnr_set14=27.515, psnr_set5=31.230, psnr_urban100=24.908, ssim_b100=0.720, ssim_set14=0.848, ssim_set5=0.896, ssim_urban100=0.951 |
   359 | train=0.006386 | val=nan | lr=0.0015535 | t_train=12.89 | t_val=12.23 | mem=383.9 | psnr_b100=27.066, psnr_set14=27.575, psnr_set5=31.341, psnr_urban100=24.909, ssim_b100=0.720, ssim_set14=0.848, ssim_set5=0.897, ssim_urban100=0.951 |
   360 | train=0.005578 | val=nan | lr=0.0015506 | t_train=12.85 | t_val=12.19 | mem=383.9 | psnr_b100=27.044, psnr_set14=27.566, psnr_set5=31.305, psnr_urban100=24.875, ssim_b100=0.719, ssim_set14=0.848, ssim_set5=0.896, ssim_urban100=0.950 |
   361 | train=0.005384 | val=nan | lr=0.0015476 | t_train=13.01 | t_val=12.32 | mem=383.9 | psnr_b100=27.011, psnr_set14=27.488, psnr_set5=31.211, psnr_urban100=24.852, ssim_b100=0.718, ssim_set14=0.847, ssim_set5=0.895, ssim_urban100=0.950 |
   362 | train=0.006090 | val=nan | lr=0.0015447 | t_train=12.86 | t_val=12.20 | mem=383.9 | psnr_b100=27.033, psnr_set14=27.554, psnr_set5=31.282, psnr_urban100=24.871, ssim_b100=0.719, ssim_set14=0.848, ssim_set5=0.897, ssim_urban100=0.950 |
   363 | train=0.005889 | val=nan | lr=0.0015418 | t_train=12.84 | t_val=12.19 | mem=383.9 | psnr_b100=27.057, psnr_set14=27.565, psnr_set5=31.334, psnr_urban100=24.861, ssim_b100=0.720, ssim_set14=0.848, ssim_set5=0.897, ssim_urban100=0.950 |
   364 | train=0.005929 | val=nan | lr=0.0015388 | t_train=12.82 | t_val=12.16 | mem=383.9 | psnr_b100=27.050, psnr_set14=27.530, psnr_set5=31.314, psnr_urban100=24.869, ssim_b100=0.720, ssim_set14=0.848, ssim_set5=0.897, ssim_urban100=0.950 |
   365 | train=0.005151 | val=nan | lr=0.0015359 | t_train=12.86 | t_val=12.20 | mem=383.9 | psnr_b100=27.049, psnr_set14=27.539, psnr_set5=31.250, psnr_urban100=24.861, ssim_b100=0.720, ssim_set14=0.848, ssim_set5=0.896, ssim_urban100=0.950 |
   366 | train=0.007082 | val=nan | lr=0.001533 | t_train=12.97 | t_val=12.30 | mem=383.9 | psnr_b100=27.056, psnr_set14=27.544, psnr_set5=31.287, psnr_urban100=24.852, ssim_b100=0.720, ssim_set14=0.848, ssim_set5=0.896, ssim_urban100=0.950 |
   367 | train=0.006280 | val=nan | lr=0.0015301 | t_train=12.81 | t_val=12.16 | mem=383.9 | psnr_b100=27.013, psnr_set14=27.458, psnr_set5=31.153, psnr_urban100=24.809, ssim_b100=0.719, ssim_set14=0.847, ssim_set5=0.894, ssim_urban100=0.949 |
   368 | train=0.006811 | val=nan | lr=0.0015272 | t_train=12.85 | t_val=12.19 | mem=383.9 | psnr_b100=26.975, psnr_set14=27.402, psnr_set5=31.120, psnr_urban100=24.758, ssim_b100=0.718, ssim_set14=0.845, ssim_set5=0.893, ssim_urban100=0.949 |
   369 | train=0.007943 | val=nan | lr=0.0015243 | t_train=12.86 | t_val=12.20 | mem=383.9 | psnr_b100=27.032, psnr_set14=27.481, psnr_set5=31.185, psnr_urban100=24.788, ssim_b100=0.719, ssim_set14=0.847, ssim_set5=0.895, ssim_urban100=0.949 |
