     0 | train=nan | val=nan | lr=nan | t_train=nan | t_val=1.75 | mem=248.9 | psnr_b100=27.621, psnr_set14=28.302, psnr_set5=32.057, psnr_urban100=26.141, ssim_b100=0.738, ssim_set14=0.861, ssim_set5=0.906, ssim_urban100=0.963 |
     0 | train=nan | val=nan | lr=nan | t_train=nan | t_val=20.74 | mem=250.8 | psnr_b100=27.621, psnr_set14=28.302, psnr_set5=32.056, psnr_urban100=26.140, ssim_b100=0.738, ssim_set14=0.861, ssim_set5=0.906, ssim_urban100=0.963 |
     0 | train=nan | val=nan | lr=nan | t_train=nan | t_val=20.83 | mem=250.9 | psnr_b100=27.621, psnr_set14=28.303, psnr_set5=32.056, psnr_urban100=26.140, ssim_b100=0.738, ssim_set14=0.861, ssim_set5=0.906, ssim_urban100=0.963 |
     0 | train=nan | val=nan | lr=nan | t_train=nan | t_val=20.53 | mem=250.9 | psnr_b100=27.618, psnr_set14=28.302, psnr_set5=32.055, psnr_urban100=26.139, ssim_b100=0.738, ssim_set14=0.861, ssim_set5=0.906, ssim_urban100=0.963 |
# epoch | train_loss | val_loss | LR | t_train(s) | t_val(s) | gpu_mem(MB) | SRBench(psnr/ssim...)
     0 | train=nan | val=nan | lr=nan | t_train=nan | t_val=1.53 | mem=250.9 |
     0 | train=0.000685 | val=nan | lr=7.2e-05 | t_train=12.98 | t_val=12.19 | mem=383.9 | psnr_b100=27.619, psnr_set14=28.299, psnr_set5=32.345, psnr_urban100=26.140, ssim_b100=0.738, ssim_set14=0.861, ssim_set5=0.914, ssim_urban100=0.963 |
     1 | train=0.000757 | val=nan | lr=0.000148 | t_train=12.74 | t_val=12.07 | mem=383.9 | psnr_b100=27.618, psnr_set14=28.300, psnr_set5=32.341, psnr_urban100=26.137, ssim_b100=0.738, ssim_set14=0.861, ssim_set5=0.914, ssim_urban100=0.963 |
     2 | train=0.000765 | val=nan | lr=0.000224 | t_train=12.82 | t_val=12.07 | mem=383.9 | psnr_b100=27.619, psnr_set14=28.297, psnr_set5=32.338, psnr_urban100=26.133, ssim_b100=0.738, ssim_set14=0.861, ssim_set5=0.914, ssim_urban100=0.963 |
     3 | train=0.000696 | val=nan | lr=0.0003 | t_train=12.79 | t_val=12.14 | mem=383.9 | psnr_b100=27.619, psnr_set14=28.300, psnr_set5=32.343, psnr_urban100=26.138, ssim_b100=0.738, ssim_set14=0.861, ssim_set5=0.914, ssim_urban100=0.963 |
     4 | train=0.000890 | val=nan | lr=0.000376 | t_train=12.80 | t_val=12.14 | mem=383.9 | psnr_b100=27.618, psnr_set14=28.300, psnr_set5=32.343, psnr_urban100=26.133, ssim_b100=0.738, ssim_set14=0.861, ssim_set5=0.914, ssim_urban100=0.963 |
     5 | train=0.000759 | val=nan | lr=0.000452 | t_train=12.75 | t_val=12.09 | mem=383.9 | psnr_b100=27.618, psnr_set14=28.301, psnr_set5=32.348, psnr_urban100=26.129, ssim_b100=0.738, ssim_set14=0.861, ssim_set5=0.915, ssim_urban100=0.963 |
     6 | train=0.000882 | val=nan | lr=0.000528 | t_train=12.86 | t_val=12.18 | mem=383.9 | psnr_b100=27.614, psnr_set14=28.294, psnr_set5=32.342, psnr_urban100=26.121, ssim_b100=0.737, ssim_set14=0.861, ssim_set5=0.914, ssim_urban100=0.963 |
     7 | train=0.001207 | val=nan | lr=0.000604 | t_train=12.76 | t_val=12.10 | mem=383.9 | psnr_b100=27.613, psnr_set14=28.292, psnr_set5=32.341, psnr_urban100=26.130, ssim_b100=0.738, ssim_set14=0.861, ssim_set5=0.914, ssim_urban100=0.963 |
     8 | train=0.001107 | val=nan | lr=0.00068 | t_train=12.72 | t_val=12.07 | mem=383.9 | psnr_b100=27.612, psnr_set14=28.286, psnr_set5=32.327, psnr_urban100=26.112, ssim_b100=0.738, ssim_set14=0.861, ssim_set5=0.914, ssim_urban100=0.963 |
     9 | train=0.001184 | val=nan | lr=0.000756 | t_train=12.76 | t_val=12.09 | mem=383.9 | psnr_b100=27.615, psnr_set14=28.292, psnr_set5=32.348, psnr_urban100=26.118, ssim_b100=0.737, ssim_set14=0.861, ssim_set5=0.915, ssim_urban100=0.963 |
    10 | train=0.001505 | val=nan | lr=0.000832 | t_train=12.81 | t_val=12.15 | mem=383.9 | psnr_b100=27.615, psnr_set14=28.287, psnr_set5=32.355, psnr_urban100=26.108, ssim_b100=0.737, ssim_set14=0.861, ssim_set5=0.914, ssim_urban100=0.963 |
    11 | train=0.001381 | val=nan | lr=0.000908 | t_train=12.81 | t_val=12.14 | mem=383.9 | psnr_b100=27.609, psnr_set14=28.300, psnr_set5=32.351, psnr_urban100=26.097, ssim_b100=0.738, ssim_set14=0.861, ssim_set5=0.915, ssim_urban100=0.963 |
    12 | train=0.001402 | val=nan | lr=0.000984 | t_train=12.80 | t_val=12.15 | mem=383.9 | psnr_b100=27.605, psnr_set14=28.292, psnr_set5=32.325, psnr_urban100=26.091, ssim_b100=0.737, ssim_set14=0.861, ssim_set5=0.914, ssim_urban100=0.962 |
    13 | train=0.001910 | val=nan | lr=0.00106 | t_train=12.77 | t_val=12.12 | mem=383.9 | psnr_b100=27.599, psnr_set14=28.289, psnr_set5=32.327, psnr_urban100=26.081, ssim_b100=0.737, ssim_set14=0.861, ssim_set5=0.914, ssim_urban100=0.962 |
    14 | train=0.001586 | val=nan | lr=0.001136 | t_train=12.74 | t_val=12.09 | mem=383.9 | psnr_b100=27.603, psnr_set14=28.308, psnr_set5=32.327, psnr_urban100=26.100, ssim_b100=0.737, ssim_set14=0.861, ssim_set5=0.914, ssim_urban100=0.962 |
    15 | train=0.001556 | val=nan | lr=0.001212 | t_train=12.80 | t_val=12.15 | mem=383.9 | psnr_b100=27.602, psnr_set14=28.308, psnr_set5=32.340, psnr_urban100=26.099, ssim_b100=0.737, ssim_set14=0.861, ssim_set5=0.914, ssim_urban100=0.962 |
    16 | train=0.002015 | val=nan | lr=0.001288 | t_train=12.74 | t_val=12.09 | mem=383.9 | psnr_b100=27.589, psnr_set14=28.267, psnr_set5=32.309, psnr_urban100=26.065, ssim_b100=0.737, ssim_set14=0.860, ssim_set5=0.914, ssim_urban100=0.962 |
    17 | train=0.002133 | val=nan | lr=0.001364 | t_train=12.75 | t_val=12.09 | mem=383.9 | psnr_b100=27.590, psnr_set14=28.255, psnr_set5=32.293, psnr_urban100=26.075, ssim_b100=0.737, ssim_set14=0.860, ssim_set5=0.914, ssim_urban100=0.962 |
    18 | train=0.002012 | val=nan | lr=0.00144 | t_train=12.75 | t_val=12.09 | mem=383.9 | psnr_b100=27.578, psnr_set14=28.260, psnr_set5=32.269, psnr_urban100=26.046, ssim_b100=0.736, ssim_set14=0.860, ssim_set5=0.913, ssim_urban100=0.962 |
    19 | train=0.002738 | val=nan | lr=0.001516 | t_train=12.79 | t_val=12.14 | mem=383.9 | psnr_b100=27.579, psnr_set14=28.259, psnr_set5=32.317, psnr_urban100=26.052, ssim_b100=0.736, ssim_set14=0.860, ssim_set5=0.914, ssim_urban100=0.962 |
    20 | train=0.002751 | val=nan | lr=0.001592 | t_train=12.72 | t_val=12.06 | mem=383.9 | psnr_b100=27.558, psnr_set14=28.262, psnr_set5=32.259, psnr_urban100=25.996, ssim_b100=0.736, ssim_set14=0.860, ssim_set5=0.913, ssim_urban100=0.962 |
    21 | train=0.002439 | val=nan | lr=0.001668 | t_train=12.68 | t_val=12.03 | mem=383.9 | psnr_b100=27.572, psnr_set14=28.266, psnr_set5=32.287, psnr_urban100=26.048, ssim_b100=0.736, ssim_set14=0.860, ssim_set5=0.914, ssim_urban100=0.962 |
    22 | train=0.002198 | val=nan | lr=0.001744 | t_train=12.76 | t_val=12.10 | mem=383.9 | psnr_b100=27.532, psnr_set14=28.229, psnr_set5=32.230, psnr_urban100=25.974, ssim_b100=0.734, ssim_set14=0.859, ssim_set5=0.912, ssim_urban100=0.961 |
    23 | train=0.002760 | val=nan | lr=0.00182 | t_train=12.89 | t_val=12.12 | mem=383.9 | psnr_b100=27.563, psnr_set14=28.261, psnr_set5=32.271, psnr_urban100=26.021, ssim_b100=0.736, ssim_set14=0.860, ssim_set5=0.913, ssim_urban100=0.961 |
    24 | train=0.003260 | val=nan | lr=0.001896 | t_train=12.72 | t_val=12.06 | mem=383.9 | psnr_b100=27.544, psnr_set14=28.236, psnr_set5=32.252, psnr_urban100=26.005, ssim_b100=0.736, ssim_set14=0.860, ssim_set5=0.914, ssim_urban100=0.961 |
    25 | train=0.002321 | val=nan | lr=0.001972 | t_train=12.81 | t_val=12.15 | mem=383.9 | psnr_b100=27.519, psnr_set14=28.214, psnr_set5=32.271, psnr_urban100=25.929, ssim_b100=0.735, ssim_set14=0.859, ssim_set5=0.913, ssim_urban100=0.960 |
    26 | train=0.003469 | val=nan | lr=0.002 | t_train=12.75 | t_val=12.10 | mem=383.9 | psnr_b100=27.541, psnr_set14=28.247, psnr_set5=32.289, psnr_urban100=25.964, ssim_b100=0.736, ssim_set14=0.860, ssim_set5=0.914, ssim_urban100=0.961 |
    27 | train=0.003682 | val=nan | lr=0.002 | t_train=12.72 | t_val=12.06 | mem=383.9 | psnr_b100=27.534, psnr_set14=28.198, psnr_set5=32.286, psnr_urban100=25.950, ssim_b100=0.735, ssim_set14=0.859, ssim_set5=0.914, ssim_urban100=0.961 |
    28 | train=0.004574 | val=nan | lr=0.002 | t_train=12.75 | t_val=12.09 | mem=383.9 | psnr_b100=27.542, psnr_set14=28.228, psnr_set5=32.267, psnr_urban100=25.940, ssim_b100=0.735, ssim_set14=0.859, ssim_set5=0.913, ssim_urban100=0.960 |
    29 | train=0.005708 | val=nan | lr=0.002 | t_train=12.81 | t_val=12.16 | mem=383.9 | psnr_b100=27.521, psnr_set14=28.212, psnr_set5=32.230, psnr_urban100=25.943, ssim_b100=0.734, ssim_set14=0.859, ssim_set5=0.913, ssim_urban100=0.960 |
    30 | train=0.006277 | val=nan | lr=0.002 | t_train=12.82 | t_val=12.17 | mem=383.9 | psnr_b100=27.523, psnr_set14=28.211, psnr_set5=32.252, psnr_urban100=25.928, ssim_b100=0.734, ssim_set14=0.859, ssim_set5=0.913, ssim_urban100=0.960 |
    31 | train=0.007244 | val=nan | lr=0.002 | t_train=12.83 | t_val=12.18 | mem=383.9 | psnr_b100=27.524, psnr_set14=28.184, psnr_set5=32.200, psnr_urban100=25.925, ssim_b100=0.735, ssim_set14=0.859, ssim_set5=0.912, ssim_urban100=0.960 |
    32 | train=0.008726 | val=nan | lr=0.002 | t_train=12.79 | t_val=12.13 | mem=383.9 | psnr_b100=27.523, psnr_set14=28.211, psnr_set5=32.275, psnr_urban100=25.947, ssim_b100=0.735, ssim_set14=0.859, ssim_set5=0.913, ssim_urban100=0.961 |
    33 | train=0.010627 | val=nan | lr=0.002 | t_train=12.77 | t_val=12.10 | mem=383.9 | psnr_b100=27.536, psnr_set14=28.219, psnr_set5=32.216, psnr_urban100=25.952, ssim_b100=0.735, ssim_set14=0.859, ssim_set5=0.913, ssim_urban100=0.961 |
    34 | train=0.011323 | val=nan | lr=0.002 | t_train=12.85 | t_val=12.12 | mem=383.9 | psnr_b100=27.518, psnr_set14=28.199, psnr_set5=32.172, psnr_urban100=25.918, ssim_b100=0.734, ssim_set14=0.859, ssim_set5=0.912, ssim_urban100=0.960 |
    35 | train=0.013028 | val=nan | lr=0.002 | t_train=12.79 | t_val=12.14 | mem=383.9 | psnr_b100=27.497, psnr_set14=28.139, psnr_set5=32.146, psnr_urban100=25.893, ssim_b100=0.734, ssim_set14=0.858, ssim_set5=0.912, ssim_urban100=0.960 |
    36 | train=0.011807 | val=nan | lr=0.002 | t_train=12.79 | t_val=12.15 | mem=383.9 | psnr_b100=27.508, psnr_set14=28.158, psnr_set5=32.201, psnr_urban100=25.873, ssim_b100=0.734, ssim_set14=0.858, ssim_set5=0.912, ssim_urban100=0.960 |
    37 | train=0.013640 | val=nan | lr=0.002 | t_train=12.76 | t_val=12.11 | mem=383.9 | psnr_b100=27.495, psnr_set14=28.158, psnr_set5=32.150, psnr_urban100=25.865, ssim_b100=0.734, ssim_set14=0.859, ssim_set5=0.912, ssim_urban100=0.960 |
    38 | train=0.013465 | val=nan | lr=0.002 | t_train=12.74 | t_val=12.08 | mem=383.9 | psnr_b100=27.476, psnr_set14=28.150, psnr_set5=32.138, psnr_urban100=25.827, ssim_b100=0.733, ssim_set14=0.858, ssim_set5=0.911, ssim_urban100=0.960 |
    39 | train=0.014459 | val=nan | lr=0.002 | t_train=12.84 | t_val=12.18 | mem=383.9 | psnr_b100=27.495, psnr_set14=28.163, psnr_set5=32.161, psnr_urban100=25.835, ssim_b100=0.734, ssim_set14=0.859, ssim_set5=0.912, ssim_urban100=0.960 |
    40 | train=0.015748 | val=nan | lr=0.002 | t_train=12.75 | t_val=12.10 | mem=383.9 | psnr_b100=27.493, psnr_set14=28.167, psnr_set5=32.255, psnr_urban100=25.855, ssim_b100=0.734, ssim_set14=0.858, ssim_set5=0.913, ssim_urban100=0.960 |
    41 | train=0.016617 | val=nan | lr=0.002 | t_train=12.76 | t_val=12.10 | mem=383.9 | psnr_b100=27.486, psnr_set14=28.122, psnr_set5=32.229, psnr_urban100=25.822, ssim_b100=0.733, ssim_set14=0.858, ssim_set5=0.912, ssim_urban100=0.959 |
    42 | train=0.016744 | val=nan | lr=0.002 | t_train=12.79 | t_val=12.13 | mem=383.9 | psnr_b100=27.458, psnr_set14=28.126, psnr_set5=32.139, psnr_urban100=25.730, ssim_b100=0.733, ssim_set14=0.857, ssim_set5=0.911, ssim_urban100=0.959 |
    43 | train=0.018634 | val=nan | lr=0.002 | t_train=12.73 | t_val=12.07 | mem=383.9 | psnr_b100=27.361, psnr_set14=28.007, psnr_set5=31.973, psnr_urban100=25.636, ssim_b100=0.731, ssim_set14=0.856, ssim_set5=0.910, ssim_urban100=0.958 |
    44 | train=0.019785 | val=nan | lr=0.002 | t_train=12.75 | t_val=12.09 | mem=383.9 | psnr_b100=27.458, psnr_set14=28.109, psnr_set5=32.124, psnr_urban100=25.733, ssim_b100=0.733, ssim_set14=0.858, ssim_set5=0.911, ssim_urban100=0.959 |
    45 | train=0.019445 | val=nan | lr=0.002 | t_train=12.76 | t_val=12.10 | mem=383.9 | psnr_b100=27.479, psnr_set14=28.131, psnr_set5=32.201, psnr_urban100=25.799, ssim_b100=0.733, ssim_set14=0.858, ssim_set5=0.912, ssim_urban100=0.959 |
    46 | train=0.020011 | val=nan | lr=0.002 | t_train=12.73 | t_val=12.08 | mem=383.9 | psnr_b100=27.450, psnr_set14=28.048, psnr_set5=32.101, psnr_urban100=25.742, ssim_b100=0.733, ssim_set14=0.857, ssim_set5=0.911, ssim_urban100=0.958 |
    47 | train=0.020751 | val=nan | lr=0.002 | t_train=12.82 | t_val=12.16 | mem=383.9 | psnr_b100=27.424, psnr_set14=28.065, psnr_set5=32.139, psnr_urban100=25.684, ssim_b100=0.732, ssim_set14=0.857, ssim_set5=0.911, ssim_urban100=0.958 |
    48 | train=0.021680 | val=nan | lr=0.002 | t_train=12.78 | t_val=12.12 | mem=383.9 | psnr_b100=27.423, psnr_set14=28.087, psnr_set5=32.119, psnr_urban100=25.706, ssim_b100=0.732, ssim_set14=0.857, ssim_set5=0.911, ssim_urban100=0.958 |
    49 | train=0.023213 | val=nan | lr=0.002 | t_train=12.75 | t_val=12.09 | mem=383.9 | psnr_b100=27.448, psnr_set14=28.072, psnr_set5=32.144, psnr_urban100=25.714, ssim_b100=0.733, ssim_set14=0.857, ssim_set5=0.911, ssim_urban100=0.959 |
    50 | train=0.022976 | val=nan | lr=0.002 | t_train=12.75 | t_val=12.10 | mem=383.9 | psnr_b100=27.356, psnr_set14=28.023, psnr_set5=32.072, psnr_urban100=25.643, ssim_b100=0.731, ssim_set14=0.856, ssim_set5=0.910, ssim_urban100=0.958 |
    51 | train=0.023619 | val=nan | lr=0.002 | t_train=12.76 | t_val=12.09 | mem=383.9 | psnr_b100=27.365, psnr_set14=28.039, psnr_set5=32.087, psnr_urban100=25.617, ssim_b100=0.730, ssim_set14=0.856, ssim_set5=0.911, ssim_urban100=0.957 |
    52 | train=0.025849 | val=nan | lr=0.002 | t_train=12.82 | t_val=12.17 | mem=383.9 | psnr_b100=27.328, psnr_set14=27.987, psnr_set5=32.010, psnr_urban100=25.554, ssim_b100=0.729, ssim_set14=0.855, ssim_set5=0.909, ssim_urban100=0.956 |
    53 | train=0.025482 | val=nan | lr=0.002 | t_train=12.77 | t_val=12.12 | mem=383.9 | psnr_b100=27.329, psnr_set14=27.974, psnr_set5=32.050, psnr_urban100=25.481, ssim_b100=0.729, ssim_set14=0.856, ssim_set5=0.910, ssim_urban100=0.956 |
    54 | train=0.026191 | val=nan | lr=0.002 | t_train=12.86 | t_val=12.12 | mem=383.9 | psnr_b100=27.334, psnr_set14=28.005, psnr_set5=32.141, psnr_urban100=25.556, ssim_b100=0.729, ssim_set14=0.856, ssim_set5=0.911, ssim_urban100=0.957 |
    55 | train=0.025958 | val=nan | lr=0.002 | t_train=12.80 | t_val=12.15 | mem=383.9 | psnr_b100=27.313, psnr_set14=27.993, psnr_set5=32.041, psnr_urban100=25.560, ssim_b100=0.729, ssim_set14=0.855, ssim_set5=0.910, ssim_urban100=0.957 |
    56 | train=0.026321 | val=nan | lr=0.002 | t_train=12.81 | t_val=12.15 | mem=383.9 | psnr_b100=27.378, psnr_set14=28.050, psnr_set5=32.149, psnr_urban100=25.659, ssim_b100=0.731, ssim_set14=0.857, ssim_set5=0.912, ssim_urban100=0.958 |
    57 | train=0.027445 | val=nan | lr=0.002 | t_train=12.78 | t_val=12.13 | mem=383.9 | psnr_b100=27.353, psnr_set14=28.043, psnr_set5=32.078, psnr_urban100=25.597, ssim_b100=0.730, ssim_set14=0.856, ssim_set5=0.910, ssim_urban100=0.957 |
    58 | train=0.027066 | val=nan | lr=0.002 | t_train=12.74 | t_val=12.08 | mem=383.9 | psnr_b100=27.326, psnr_set14=28.020, psnr_set5=32.106, psnr_urban100=25.547, ssim_b100=0.729, ssim_set14=0.856, ssim_set5=0.910, ssim_urban100=0.957 |
    59 | train=0.027092 | val=nan | lr=0.002 | t_train=12.74 | t_val=12.08 | mem=383.9 | psnr_b100=27.344, psnr_set14=28.004, psnr_set5=32.046, psnr_urban100=25.521, ssim_b100=0.730, ssim_set14=0.856, ssim_set5=0.910, ssim_urban100=0.956 |
    60 | train=0.027605 | val=nan | lr=0.002 | t_train=12.77 | t_val=12.12 | mem=383.9 | psnr_b100=27.343, psnr_set14=27.986, psnr_set5=32.076, psnr_urban100=25.555, ssim_b100=0.730, ssim_set14=0.856, ssim_set5=0.910, ssim_urban100=0.957 |
    61 | train=0.028138 | val=nan | lr=0.002 | t_train=12.81 | t_val=12.15 | mem=383.9 | psnr_b100=27.352, psnr_set14=27.986, psnr_set5=32.030, psnr_urban100=25.554, ssim_b100=0.730, ssim_set14=0.856, ssim_set5=0.910, ssim_urban100=0.957 |
    62 | train=0.028665 | val=nan | lr=0.002 | t_train=12.79 | t_val=12.12 | mem=383.9 | psnr_b100=27.401, psnr_set14=28.045, psnr_set5=32.076, psnr_urban100=25.642, ssim_b100=0.731, ssim_set14=0.857, ssim_set5=0.910, ssim_urban100=0.958 |
    63 | train=0.028861 | val=nan | lr=0.002 | t_train=12.82 | t_val=12.16 | mem=383.9 | psnr_b100=27.335, psnr_set14=28.004, psnr_set5=31.962, psnr_urban100=25.515, ssim_b100=0.729, ssim_set14=0.856, ssim_set5=0.908, ssim_urban100=0.957 |
    64 | train=0.029777 | val=nan | lr=0.002 | t_train=12.82 | t_val=12.15 | mem=383.9 | psnr_b100=27.347, psnr_set14=28.007, psnr_set5=31.960, psnr_urban100=25.508, ssim_b100=0.729, ssim_set14=0.856, ssim_set5=0.908, ssim_urban100=0.957 |
    65 | train=0.030592 | val=nan | lr=0.002 | t_train=12.79 | t_val=12.06 | mem=383.9 | psnr_b100=27.361, psnr_set14=28.041, psnr_set5=32.070, psnr_urban100=25.546, ssim_b100=0.730, ssim_set14=0.857, ssim_set5=0.910, ssim_urban100=0.957 |
    66 | train=0.032863 | val=nan | lr=0.002 | t_train=12.82 | t_val=12.16 | mem=383.9 | psnr_b100=27.314, psnr_set14=27.984, psnr_set5=31.871, psnr_urban100=25.477, ssim_b100=0.728, ssim_set14=0.855, ssim_set5=0.907, ssim_urban100=0.957 |
    67 | train=0.029659 | val=nan | lr=0.002 | t_train=12.79 | t_val=12.13 | mem=383.9 | psnr_b100=27.356, psnr_set14=27.983, psnr_set5=31.916, psnr_urban100=25.483, ssim_b100=0.729, ssim_set14=0.856, ssim_set5=0.907, ssim_urban100=0.957 |
    68 | train=0.030576 | val=nan | lr=0.002 | t_train=12.75 | t_val=12.11 | mem=383.9 | psnr_b100=27.377, psnr_set14=28.035, psnr_set5=32.033, psnr_urban100=25.538, ssim_b100=0.730, ssim_set14=0.856, ssim_set5=0.909, ssim_urban100=0.957 |
    69 | train=0.030716 | val=nan | lr=0.002 | t_train=12.71 | t_val=12.06 | mem=383.9 | psnr_b100=27.328, psnr_set14=27.979, psnr_set5=31.887, psnr_urban100=25.467, ssim_b100=0.728, ssim_set14=0.856, ssim_set5=0.907, ssim_urban100=0.957 |
    70 | train=0.030653 | val=nan | lr=0.002 | t_train=12.75 | t_val=12.09 | mem=383.9 | psnr_b100=27.326, psnr_set14=27.945, psnr_set5=31.890, psnr_urban100=25.449, ssim_b100=0.729, ssim_set14=0.856, ssim_set5=0.908, ssim_urban100=0.957 |
    71 | train=0.031928 | val=nan | lr=0.002 | t_train=12.72 | t_val=12.07 | mem=383.9 | psnr_b100=27.409, psnr_set14=28.069, psnr_set5=32.017, psnr_urban100=25.575, ssim_b100=0.731, ssim_set14=0.857, ssim_set5=0.909, ssim_urban100=0.958 |
    72 | train=0.030205 | val=nan | lr=0.002 | t_train=12.78 | t_val=12.12 | mem=383.9 | psnr_b100=27.381, psnr_set14=28.081, psnr_set5=32.014, psnr_urban100=25.548, ssim_b100=0.730, ssim_set14=0.857, ssim_set5=0.909, ssim_urban100=0.958 |
    73 | train=0.030826 | val=nan | lr=0.002 | t_train=12.81 | t_val=12.14 | mem=383.9 | psnr_b100=27.420, psnr_set14=28.100, psnr_set5=32.059, psnr_urban100=25.625, ssim_b100=0.731, ssim_set14=0.858, ssim_set5=0.910, ssim_urban100=0.958 |
    74 | train=0.029889 | val=nan | lr=0.002 | t_train=12.73 | t_val=12.07 | mem=383.9 | psnr_b100=27.302, psnr_set14=27.946, psnr_set5=31.858, psnr_urban100=25.422, ssim_b100=0.728, ssim_set14=0.855, ssim_set5=0.907, ssim_urban100=0.956 |
    75 | train=0.030976 | val=nan | lr=0.002 | t_train=12.71 | t_val=12.05 | mem=383.9 | psnr_b100=27.387, psnr_set14=28.017, psnr_set5=31.992, psnr_urban100=25.518, ssim_b100=0.730, ssim_set14=0.856, ssim_set5=0.909, ssim_urban100=0.957 |
    76 | train=0.029837 | val=nan | lr=0.002 | t_train=12.75 | t_val=12.09 | mem=383.9 | psnr_b100=27.372, psnr_set14=28.024, psnr_set5=31.987, psnr_urban100=25.517, ssim_b100=0.730, ssim_set14=0.856, ssim_set5=0.909, ssim_urban100=0.957 |
    77 | train=0.029661 | val=nan | lr=0.002 | t_train=12.74 | t_val=12.09 | mem=383.9 | psnr_b100=27.369, psnr_set14=28.053, psnr_set5=31.910, psnr_urban100=25.566, ssim_b100=0.729, ssim_set14=0.856, ssim_set5=0.908, ssim_urban100=0.958 |
    78 | train=0.029237 | val=nan | lr=0.002 | t_train=12.77 | t_val=12.12 | mem=383.9 | psnr_b100=27.375, psnr_set14=28.025, psnr_set5=31.893, psnr_urban100=25.481, ssim_b100=0.730, ssim_set14=0.856, ssim_set5=0.907, ssim_urban100=0.957 |
    79 | train=0.031921 | val=nan | lr=0.002 | t_train=12.78 | t_val=12.13 | mem=383.9 | psnr_b100=27.381, psnr_set14=28.013, psnr_set5=31.943, psnr_urban100=25.481, ssim_b100=0.730, ssim_set14=0.856, ssim_set5=0.908, ssim_urban100=0.957 |
    80 | train=0.029454 | val=nan | lr=0.002 | t_train=12.72 | t_val=12.06 | mem=383.9 | psnr_b100=27.423, psnr_set14=28.042, psnr_set5=31.981, psnr_urban100=25.595, ssim_b100=0.731, ssim_set14=0.857, ssim_set5=0.909, ssim_urban100=0.958 |
    81 | train=0.028910 | val=nan | lr=0.002 | t_train=12.74 | t_val=12.09 | mem=383.9 | psnr_b100=27.352, psnr_set14=27.976, psnr_set5=31.825, psnr_urban100=25.491, ssim_b100=0.729, ssim_set14=0.855, ssim_set5=0.907, ssim_urban100=0.957 |
    82 | train=0.027918 | val=nan | lr=0.002 | t_train=12.81 | t_val=12.14 | mem=383.9 | psnr_b100=27.292, psnr_set14=27.911, psnr_set5=31.754, psnr_urban100=25.356, ssim_b100=0.727, ssim_set14=0.854, ssim_set5=0.906, ssim_urban100=0.956 |
    83 | train=0.027193 | val=nan | lr=0.002 | t_train=12.76 | t_val=12.11 | mem=383.9 | psnr_b100=27.253, psnr_set14=27.866, psnr_set5=31.626, psnr_urban100=25.364, ssim_b100=0.728, ssim_set14=0.854, ssim_set5=0.905, ssim_urban100=0.956 |
    84 | train=0.029240 | val=nan | lr=0.002 | t_train=12.75 | t_val=12.09 | mem=383.9 | psnr_b100=27.361, psnr_set14=27.984, psnr_set5=31.844, psnr_urban100=25.477, ssim_b100=0.730, ssim_set14=0.855, ssim_set5=0.908, ssim_urban100=0.957 |
    85 | train=0.026134 | val=nan | lr=0.002 | t_train=12.85 | t_val=12.11 | mem=383.9 | psnr_b100=27.328, psnr_set14=27.959, psnr_set5=31.807, psnr_urban100=25.314, ssim_b100=0.728, ssim_set14=0.854, ssim_set5=0.906, ssim_urban100=0.955 |
    86 | train=0.025918 | val=nan | lr=0.002 | t_train=12.74 | t_val=12.09 | mem=383.9 | psnr_b100=27.344, psnr_set14=27.932, psnr_set5=31.759, psnr_urban100=25.380, ssim_b100=0.729, ssim_set14=0.855, ssim_set5=0.906, ssim_urban100=0.956 |
    87 | train=0.025183 | val=nan | lr=0.002 | t_train=12.75 | t_val=12.09 | mem=383.9 | psnr_b100=27.238, psnr_set14=27.818, psnr_set5=31.617, psnr_urban100=25.212, ssim_b100=0.726, ssim_set14=0.853, ssim_set5=0.904, ssim_urban100=0.954 |
    88 | train=0.025642 | val=nan | lr=0.002 | t_train=12.83 | t_val=12.17 | mem=383.9 | psnr_b100=27.235, psnr_set14=27.853, psnr_set5=31.664, psnr_urban100=25.214, ssim_b100=0.726, ssim_set14=0.854, ssim_set5=0.905, ssim_urban100=0.954 |
    89 | train=0.026873 | val=nan | lr=0.002 | t_train=12.77 | t_val=12.11 | mem=383.9 | psnr_b100=27.229, psnr_set14=27.792, psnr_set5=31.524, psnr_urban100=25.170, ssim_b100=0.726, ssim_set14=0.853, ssim_set5=0.902, ssim_urban100=0.954 |
    90 | train=0.023941 | val=nan | lr=0.002 | t_train=12.77 | t_val=12.10 | mem=383.9 | psnr_b100=27.174, psnr_set14=27.711, psnr_set5=31.462, psnr_urban100=25.097, ssim_b100=0.724, ssim_set14=0.852, ssim_set5=0.901, ssim_urban100=0.952 |
    91 | train=0.023253 | val=nan | lr=0.002 | t_train=12.77 | t_val=12.10 | mem=383.9 | psnr_b100=27.210, psnr_set14=27.788, psnr_set5=31.563, psnr_urban100=25.121, ssim_b100=0.725, ssim_set14=0.852, ssim_set5=0.902, ssim_urban100=0.952 |
    92 | train=0.024660 | val=nan | lr=0.002 | t_train=12.77 | t_val=12.12 | mem=383.9 | psnr_b100=27.201, psnr_set14=27.847, psnr_set5=31.576, psnr_urban100=25.158, ssim_b100=0.725, ssim_set14=0.853, ssim_set5=0.904, ssim_urban100=0.952 |
    93 | train=0.020577 | val=nan | lr=0.002 | t_train=12.77 | t_val=12.10 | mem=383.9 | psnr_b100=27.226, psnr_set14=27.815, psnr_set5=31.550, psnr_urban100=25.084, ssim_b100=0.726, ssim_set14=0.852, ssim_set5=0.903, ssim_urban100=0.952 |
    94 | train=0.021831 | val=nan | lr=0.002 | t_train=12.82 | t_val=12.15 | mem=383.9 | psnr_b100=27.271, psnr_set14=27.896, psnr_set5=31.685, psnr_urban100=25.260, ssim_b100=0.728, ssim_set14=0.854, ssim_set5=0.906, ssim_urban100=0.954 |
    95 | train=0.020524 | val=nan | lr=0.002 | t_train=12.78 | t_val=12.12 | mem=383.9 | psnr_b100=27.214, psnr_set14=27.766, psnr_set5=31.560, psnr_urban100=25.091, ssim_b100=0.725, ssim_set14=0.851, ssim_set5=0.901, ssim_urban100=0.953 |
    96 | train=0.019156 | val=nan | lr=0.002 | t_train=13.34 | t_val=12.67 | mem=383.9 | psnr_b100=27.207, psnr_set14=27.838, psnr_set5=31.571, psnr_urban100=25.127, ssim_b100=0.724, ssim_set14=0.852, ssim_set5=0.903, ssim_urban100=0.952 |
    97 | train=0.019875 | val=nan | lr=0.002 | t_train=12.87 | t_val=12.13 | mem=383.9 | psnr_b100=27.196, psnr_set14=27.757, psnr_set5=31.546, psnr_urban100=25.085, ssim_b100=0.724, ssim_set14=0.851, ssim_set5=0.902, ssim_urban100=0.952 |
    98 | train=0.018019 | val=nan | lr=0.002 | t_train=12.76 | t_val=12.11 | mem=383.9 | psnr_b100=27.149, psnr_set14=27.684, psnr_set5=31.441, psnr_urban100=25.007, ssim_b100=0.723, ssim_set14=0.851, ssim_set5=0.901, ssim_urban100=0.951 |
    99 | train=0.016793 | val=nan | lr=0.002 | t_train=12.74 | t_val=12.07 | mem=383.9 | psnr_b100=27.102, psnr_set14=27.650, psnr_set5=31.368, psnr_urban100=24.951, ssim_b100=0.722, ssim_set14=0.850, ssim_set5=0.900, ssim_urban100=0.950 |
   100 | train=0.015092 | val=nan | lr=0.002 | t_train=12.84 | t_val=12.18 | mem=383.9 | psnr_b100=27.000, psnr_set14=27.501, psnr_set5=31.150, psnr_urban100=24.899, ssim_b100=0.719, ssim_set14=0.848, ssim_set5=0.897, ssim_urban100=0.949 |
   101 | train=0.015398 | val=nan | lr=0.002 | t_train=12.75 | t_val=12.09 | mem=383.9 | psnr_b100=27.045, psnr_set14=27.488, psnr_set5=31.145, psnr_urban100=24.780, ssim_b100=0.721, ssim_set14=0.847, ssim_set5=0.896, ssim_urban100=0.948 |
   102 | train=0.014214 | val=nan | lr=0.002 | t_train=12.80 | t_val=12.13 | mem=383.9 | psnr_b100=27.104, psnr_set14=27.696, psnr_set5=31.394, psnr_urban100=24.976, ssim_b100=0.721, ssim_set14=0.850, ssim_set5=0.900, ssim_urban100=0.950 |
   103 | train=0.013516 | val=nan | lr=0.002 | t_train=12.81 | t_val=12.13 | mem=383.9 | psnr_b100=27.073, psnr_set14=27.564, psnr_set5=31.317, psnr_urban100=24.862, ssim_b100=0.721, ssim_set14=0.849, ssim_set5=0.897, ssim_urban100=0.949 |
   104 | train=0.012707 | val=nan | lr=0.002 | t_train=12.75 | t_val=12.10 | mem=383.9 | psnr_b100=27.072, psnr_set14=27.558, psnr_set5=31.279, psnr_urban100=24.868, ssim_b100=0.721, ssim_set14=0.849, ssim_set5=0.898, ssim_urban100=0.949 |
   105 | train=0.013418 | val=nan | lr=0.002 | t_train=12.71 | t_val=12.04 | mem=383.9 | psnr_b100=26.833, psnr_set14=27.308, psnr_set5=30.923, psnr_urban100=24.657, ssim_b100=0.714, ssim_set14=0.841, ssim_set5=0.894, ssim_urban100=0.945 |
   106 | train=0.012561 | val=nan | lr=0.002 | t_train=12.79 | t_val=12.11 | mem=383.9 | psnr_b100=26.895, psnr_set14=27.335, psnr_set5=30.964, psnr_urban100=24.601, ssim_b100=0.716, ssim_set14=0.843, ssim_set5=0.891, ssim_urban100=0.945 |
   107 | train=0.011300 | val=nan | lr=0.002 | t_train=13.05 | t_val=12.39 | mem=383.9 | psnr_b100=26.929, psnr_set14=27.378, psnr_set5=31.001, psnr_urban100=24.646, ssim_b100=0.717, ssim_set14=0.845, ssim_set5=0.891, ssim_urban100=0.946 |
   108 | train=0.010603 | val=nan | lr=0.002 | t_train=12.81 | t_val=12.14 | mem=383.9 | psnr_b100=27.068, psnr_set14=27.586, psnr_set5=31.334, psnr_urban100=24.844, ssim_b100=0.721, ssim_set14=0.849, ssim_set5=0.899, ssim_urban100=0.949 |
   109 | train=0.011074 | val=nan | lr=0.002 | t_train=12.77 | t_val=12.11 | mem=383.9 | psnr_b100=27.034, psnr_set14=27.535, psnr_set5=31.188, psnr_urban100=24.734, ssim_b100=0.720, ssim_set14=0.848, ssim_set5=0.895, ssim_urban100=0.947 |
   110 | train=0.010798 | val=nan | lr=0.002 | t_train=12.85 | t_val=12.18 | mem=383.9 | psnr_b100=27.009, psnr_set14=27.507, psnr_set5=31.149, psnr_urban100=24.703, ssim_b100=0.719, ssim_set14=0.847, ssim_set5=0.896, ssim_urban100=0.946 |
   111 | train=0.010252 | val=nan | lr=0.002 | t_train=12.70 | t_val=12.04 | mem=383.9 | psnr_b100=26.945, psnr_set14=27.430, psnr_set5=30.832, psnr_urban100=24.705, ssim_b100=0.717, ssim_set14=0.846, ssim_set5=0.890, ssim_urban100=0.946 |
   112 | train=0.009691 | val=nan | lr=0.002 | t_train=12.74 | t_val=12.09 | mem=383.9 | psnr_b100=26.930, psnr_set14=27.424, psnr_set5=31.041, psnr_urban100=24.725, ssim_b100=0.717, ssim_set14=0.846, ssim_set5=0.896, ssim_urban100=0.946 |
   113 | train=0.009655 | val=nan | lr=0.002 | t_train=12.76 | t_val=12.11 | mem=383.9 | psnr_b100=26.909, psnr_set14=27.379, psnr_set5=31.010, psnr_urban100=24.603, ssim_b100=0.717, ssim_set14=0.845, ssim_set5=0.896, ssim_urban100=0.944 |
   114 | train=0.008848 | val=nan | lr=0.002 | t_train=12.73 | t_val=12.07 | mem=383.9 | psnr_b100=26.883, psnr_set14=27.222, psnr_set5=30.827, psnr_urban100=24.503, ssim_b100=0.716, ssim_set14=0.843, ssim_set5=0.890, ssim_urban100=0.944 |
   115 | train=0.008867 | val=nan | lr=0.002 | t_train=12.79 | t_val=12.13 | mem=383.9 | psnr_b100=26.845, psnr_set14=27.209, psnr_set5=30.666, psnr_urban100=24.432, ssim_b100=0.714, ssim_set14=0.842, ssim_set5=0.889, ssim_urban100=0.943 |
   116 | train=0.007799 | val=nan | lr=0.002 | t_train=12.71 | t_val=12.05 | mem=383.9 | psnr_b100=26.816, psnr_set14=27.242, psnr_set5=30.778, psnr_urban100=24.479, ssim_b100=0.714, ssim_set14=0.842, ssim_set5=0.891, ssim_urban100=0.944 |
   117 | train=0.010569 | val=nan | lr=0.002 | t_train=12.78 | t_val=12.03 | mem=383.9 | psnr_b100=27.047, psnr_set14=27.584, psnr_set5=31.360, psnr_urban100=24.862, ssim_b100=0.719, ssim_set14=0.848, ssim_set5=0.899, ssim_urban100=0.948 |
   118 | train=0.007722 | val=nan | lr=0.002 | t_train=12.74 | t_val=12.08 | mem=383.9 | psnr_b100=27.074, psnr_set14=27.593, psnr_set5=31.340, psnr_urban100=24.907, ssim_b100=0.721, ssim_set14=0.850, ssim_set5=0.899, ssim_urban100=0.949 |
   119 | train=0.008716 | val=nan | lr=0.002 | t_train=12.77 | t_val=12.11 | mem=383.9 | psnr_b100=26.934, psnr_set14=27.292, psnr_set5=30.956, psnr_urban100=24.600, ssim_b100=0.717, ssim_set14=0.844, ssim_set5=0.894, ssim_urban100=0.945 |
   120 | train=0.008988 | val=nan | lr=0.002 | t_train=13.10 | t_val=12.45 | mem=383.9 | psnr_b100=27.100, psnr_set14=27.608, psnr_set5=31.416, psnr_urban100=24.847, ssim_b100=0.722, ssim_set14=0.848, ssim_set5=0.899, ssim_urban100=0.948 |
   121 | train=0.008836 | val=nan | lr=0.002 | t_train=12.81 | t_val=12.15 | mem=383.9 | psnr_b100=26.961, psnr_set14=27.433, psnr_set5=31.156, psnr_urban100=24.658, ssim_b100=0.718, ssim_set14=0.845, ssim_set5=0.895, ssim_urban100=0.946 |
   122 | train=0.006812 | val=nan | lr=0.002 | t_train=12.71 | t_val=12.06 | mem=383.9 | psnr_b100=27.111, psnr_set14=27.631, psnr_set5=31.445, psnr_urban100=24.905, ssim_b100=0.722, ssim_set14=0.849, ssim_set5=0.900, ssim_urban100=0.949 |
   123 | train=0.007152 | val=nan | lr=0.002 | t_train=12.79 | t_val=12.13 | mem=383.9 | psnr_b100=27.032, psnr_set14=27.528, psnr_set5=31.253, psnr_urban100=24.785, ssim_b100=0.720, ssim_set14=0.847, ssim_set5=0.897, ssim_urban100=0.948 |
   124 | train=0.008439 | val=nan | lr=0.002 | t_train=12.76 | t_val=12.10 | mem=383.9 | psnr_b100=26.977, psnr_set14=27.456, psnr_set5=31.141, psnr_urban100=24.746, ssim_b100=0.718, ssim_set14=0.846, ssim_set5=0.897, ssim_urban100=0.947 |
   125 | train=0.008448 | val=nan | lr=0.002 | t_train=12.79 | t_val=12.13 | mem=383.9 | psnr_b100=26.966, psnr_set14=27.503, psnr_set5=31.151, psnr_urban100=24.771, ssim_b100=0.717, ssim_set14=0.847, ssim_set5=0.897, ssim_urban100=0.947 |
   126 | train=0.008380 | val=nan | lr=0.002 | t_train=12.81 | t_val=12.14 | mem=383.9 | psnr_b100=26.870, psnr_set14=27.243, psnr_set5=30.946, psnr_urban100=24.495, ssim_b100=0.715, ssim_set14=0.842, ssim_set5=0.892, ssim_urban100=0.944 |
   127 | train=0.007150 | val=nan | lr=0.002 | t_train=12.77 | t_val=12.10 | mem=383.9 | psnr_b100=27.040, psnr_set14=27.534, psnr_set5=31.283, psnr_urban100=24.801, ssim_b100=0.720, ssim_set14=0.847, ssim_set5=0.899, ssim_urban100=0.948 |
   128 | train=0.007248 | val=nan | lr=0.002 | t_train=12.85 | t_val=12.09 | mem=383.9 | psnr_b100=26.993, psnr_set14=27.429, psnr_set5=31.148, psnr_urban100=24.681, ssim_b100=0.718, ssim_set14=0.846, ssim_set5=0.894, ssim_urban100=0.947 |
   129 | train=0.006512 | val=nan | lr=0.002 | t_train=12.69 | t_val=12.04 | mem=383.9 | psnr_b100=26.970, psnr_set14=27.432, psnr_set5=31.219, psnr_urban100=24.656, ssim_b100=0.718, ssim_set14=0.845, ssim_set5=0.898, ssim_urban100=0.946 |
   130 | train=0.007703 | val=nan | lr=0.002 | t_train=12.74 | t_val=12.09 | mem=383.9 | psnr_b100=27.038, psnr_set14=27.553, psnr_set5=31.269, psnr_urban100=24.764, ssim_b100=0.720, ssim_set14=0.848, ssim_set5=0.897, ssim_urban100=0.948 |
   131 | train=0.008532 | val=nan | lr=0.002 | t_train=12.77 | t_val=12.12 | mem=383.9 | psnr_b100=26.901, psnr_set14=27.299, psnr_set5=31.008, psnr_urban100=24.570, ssim_b100=0.716, ssim_set14=0.844, ssim_set5=0.892, ssim_urban100=0.945 |
   132 | train=0.008005 | val=nan | lr=0.002 | t_train=12.76 | t_val=12.11 | mem=383.9 | psnr_b100=26.907, psnr_set14=27.351, psnr_set5=31.010, psnr_urban100=24.599, ssim_b100=0.716, ssim_set14=0.844, ssim_set5=0.892, ssim_urban100=0.945 |
   133 | train=0.007746 | val=nan | lr=0.002 | t_train=12.81 | t_val=12.15 | mem=383.9 | psnr_b100=27.014, psnr_set14=27.521, psnr_set5=31.299, psnr_urban100=24.785, ssim_b100=0.719, ssim_set14=0.847, ssim_set5=0.897, ssim_urban100=0.947 |
   134 | train=0.008108 | val=nan | lr=0.002 | t_train=12.78 | t_val=12.11 | mem=383.9 | psnr_b100=27.019, psnr_set14=27.503, psnr_set5=31.205, psnr_urban100=24.756, ssim_b100=0.720, ssim_set14=0.847, ssim_set5=0.895, ssim_urban100=0.948 |
   135 | train=0.008496 | val=nan | lr=0.002 | t_train=12.80 | t_val=12.14 | mem=383.9 | psnr_b100=26.942, psnr_set14=27.405, psnr_set5=31.148, psnr_urban100=24.677, ssim_b100=0.716, ssim_set14=0.845, ssim_set5=0.895, ssim_urban100=0.946 |
   136 | train=0.007520 | val=nan | lr=0.002 | t_train=12.75 | t_val=12.09 | mem=383.9 | psnr_b100=26.973, psnr_set14=27.443, psnr_set5=31.169, psnr_urban100=24.713, ssim_b100=0.718, ssim_set14=0.846, ssim_set5=0.895, ssim_urban100=0.947 |
   137 | train=0.006578 | val=nan | lr=0.002 | t_train=12.79 | t_val=12.12 | mem=383.9 | psnr_b100=26.975, psnr_set14=27.494, psnr_set5=31.198, psnr_urban100=24.708, ssim_b100=0.718, ssim_set14=0.847, ssim_set5=0.895, ssim_urban100=0.947 |
   138 | train=0.007348 | val=nan | lr=0.002 | t_train=12.80 | t_val=12.14 | mem=383.9 | psnr_b100=26.936, psnr_set14=27.348, psnr_set5=31.058, psnr_urban100=24.635, ssim_b100=0.717, ssim_set14=0.844, ssim_set5=0.894, ssim_urban100=0.946 |
   139 | train=0.006676 | val=nan | lr=0.002 | t_train=12.77 | t_val=12.09 | mem=383.9 | psnr_b100=26.950, psnr_set14=27.386, psnr_set5=31.094, psnr_urban100=24.664, ssim_b100=0.717, ssim_set14=0.845, ssim_set5=0.893, ssim_urban100=0.946 |
   140 | train=0.007194 | val=nan | lr=0.002 | t_train=12.86 | t_val=12.20 | mem=383.9 | psnr_b100=26.932, psnr_set14=27.335, psnr_set5=31.056, psnr_urban100=24.595, ssim_b100=0.718, ssim_set14=0.844, ssim_set5=0.893, ssim_urban100=0.946 |
   141 | train=0.006953 | val=nan | lr=0.002 | t_train=12.82 | t_val=12.15 | mem=383.9 | psnr_b100=27.044, psnr_set14=27.536, psnr_set5=31.264, psnr_urban100=24.796, ssim_b100=0.720, ssim_set14=0.848, ssim_set5=0.897, ssim_urban100=0.948 |
   142 | train=0.008879 | val=nan | lr=0.002 | t_train=12.80 | t_val=12.14 | mem=383.9 | psnr_b100=27.018, psnr_set14=27.490, psnr_set5=31.221, psnr_urban100=24.720, ssim_b100=0.719, ssim_set14=0.846, ssim_set5=0.895, ssim_urban100=0.947 |
   143 | train=0.008406 | val=nan | lr=0.002 | t_train=12.78 | t_val=12.12 | mem=383.9 | psnr_b100=27.006, psnr_set14=27.501, psnr_set5=31.221, psnr_urban100=24.736, ssim_b100=0.719, ssim_set14=0.847, ssim_set5=0.897, ssim_urban100=0.948 |
   144 | train=0.010234 | val=nan | lr=0.002 | t_train=12.90 | t_val=12.24 | mem=383.9 | psnr_b100=26.909, psnr_set14=27.312, psnr_set5=31.007, psnr_urban100=24.563, ssim_b100=0.716, ssim_set14=0.843, ssim_set5=0.891, ssim_urban100=0.945 |
   145 | train=0.007976 | val=nan | lr=0.002 | t_train=12.72 | t_val=12.06 | mem=383.9 | psnr_b100=26.981, psnr_set14=27.441, psnr_set5=31.147, psnr_urban100=24.690, ssim_b100=0.717, ssim_set14=0.845, ssim_set5=0.893, ssim_urban100=0.947 |
   146 | train=0.007033 | val=nan | lr=0.002 | t_train=12.75 | t_val=12.11 | mem=383.9 | psnr_b100=27.018, psnr_set14=27.507, psnr_set5=31.209, psnr_urban100=24.772, ssim_b100=0.719, ssim_set14=0.847, ssim_set5=0.896, ssim_urban100=0.948 |
   147 | train=0.007566 | val=nan | lr=0.002 | t_train=12.75 | t_val=12.10 | mem=383.9 | psnr_b100=26.937, psnr_set14=27.361, psnr_set5=31.050, psnr_urban100=24.618, ssim_b100=0.717, ssim_set14=0.846, ssim_set5=0.892, ssim_urban100=0.946 |
   148 | train=0.007191 | val=nan | lr=0.002 | t_train=12.75 | t_val=12.09 | mem=383.9 | psnr_b100=26.949, psnr_set14=27.361, psnr_set5=31.020, psnr_urban100=24.597, ssim_b100=0.717, ssim_set14=0.844, ssim_set5=0.891, ssim_urban100=0.946 |
   149 | train=0.010219 | val=nan | lr=0.002 | t_train=12.87 | t_val=12.12 | mem=383.9 | psnr_b100=26.955, psnr_set14=27.383, psnr_set5=31.064, psnr_urban100=24.629, ssim_b100=0.717, ssim_set14=0.844, ssim_set5=0.891, ssim_urban100=0.946 |
   150 | train=0.008392 | val=nan | lr=0.002 | t_train=12.75 | t_val=12.10 | mem=383.9 | psnr_b100=27.009, psnr_set14=27.527, psnr_set5=31.233, psnr_urban100=24.694, ssim_b100=0.719, ssim_set14=0.847, ssim_set5=0.897, ssim_urban100=0.947 |
   151 | train=0.007313 | val=nan | lr=0.002 | t_train=12.73 | t_val=12.07 | mem=383.9 | psnr_b100=26.975, psnr_set14=27.395, psnr_set5=31.118, psnr_urban100=24.658, ssim_b100=0.717, ssim_set14=0.845, ssim_set5=0.893, ssim_urban100=0.946 |
   152 | train=0.008505 | val=nan | lr=0.002 | t_train=12.82 | t_val=12.16 | mem=383.9 | psnr_b100=26.996, psnr_set14=27.539, psnr_set5=31.269, psnr_urban100=24.716, ssim_b100=0.718, ssim_set14=0.847, ssim_set5=0.896, ssim_urban100=0.947 |
   153 | train=0.007283 | val=nan | lr=0.002 | t_train=12.77 | t_val=12.10 | mem=383.9 | psnr_b100=26.953, psnr_set14=27.392, psnr_set5=31.100, psnr_urban100=24.607, ssim_b100=0.716, ssim_set14=0.845, ssim_set5=0.892, ssim_urban100=0.946 |
   154 | train=0.008543 | val=nan | lr=0.002 | t_train=12.73 | t_val=12.08 | mem=383.9 | psnr_b100=26.987, psnr_set14=27.402, psnr_set5=31.148, psnr_urban100=24.679, ssim_b100=0.718, ssim_set14=0.845, ssim_set5=0.893, ssim_urban100=0.947 |
   155 | train=0.007748 | val=nan | lr=0.002 | t_train=12.81 | t_val=12.15 | mem=383.9 | psnr_b100=26.996, psnr_set14=27.497, psnr_set5=31.221, psnr_urban100=24.695, ssim_b100=0.718, ssim_set14=0.846, ssim_set5=0.895, ssim_urban100=0.947 |
   156 | train=0.007054 | val=nan | lr=0.002 | t_train=12.81 | t_val=12.15 | mem=383.9 | psnr_b100=26.930, psnr_set14=27.336, psnr_set5=31.077, psnr_urban100=24.616, ssim_b100=0.716, ssim_set14=0.844, ssim_set5=0.893, ssim_urban100=0.946 |
   157 | train=0.009392 | val=nan | lr=0.002 | t_train=12.80 | t_val=12.13 | mem=383.9 | psnr_b100=27.005, psnr_set14=27.506, psnr_set5=31.250, psnr_urban100=24.740, ssim_b100=0.718, ssim_set14=0.848, ssim_set5=0.896, ssim_urban100=0.948 |
   158 | train=0.007593 | val=nan | lr=0.002 | t_train=12.83 | t_val=12.18 | mem=383.9 | psnr_b100=26.985, psnr_set14=27.450, psnr_set5=31.154, psnr_urban100=24.718, ssim_b100=0.717, ssim_set14=0.846, ssim_set5=0.894, ssim_urban100=0.947 |
   159 | train=0.007368 | val=nan | lr=0.002 | t_train=12.80 | t_val=12.14 | mem=383.9 | psnr_b100=26.921, psnr_set14=27.338, psnr_set5=31.004, psnr_urban100=24.602, ssim_b100=0.716, ssim_set14=0.844, ssim_set5=0.890, ssim_urban100=0.946 |
   160 | train=0.008194 | val=nan | lr=0.002 | t_train=12.86 | t_val=12.13 | mem=383.9 | psnr_b100=27.013, psnr_set14=27.461, psnr_set5=31.230, psnr_urban100=24.717, ssim_b100=0.718, ssim_set14=0.846, ssim_set5=0.895, ssim_urban100=0.947 |
   161 | train=0.007807 | val=nan | lr=0.002 | t_train=12.82 | t_val=12.16 | mem=383.9 | psnr_b100=27.042, psnr_set14=27.559, psnr_set5=31.329, psnr_urban100=24.790, ssim_b100=0.719, ssim_set14=0.847, ssim_set5=0.897, ssim_urban100=0.948 |
   162 | train=0.006932 | val=nan | lr=0.002 | t_train=12.72 | t_val=12.07 | mem=383.9 | psnr_b100=26.975, psnr_set14=27.378, psnr_set5=31.135, psnr_urban100=24.664, ssim_b100=0.717, ssim_set14=0.844, ssim_set5=0.893, ssim_urban100=0.946 |
   163 | train=0.008926 | val=nan | lr=0.002 | t_train=12.71 | t_val=12.06 | mem=383.9 | psnr_b100=27.037, psnr_set14=27.509, psnr_set5=31.300, psnr_urban100=24.759, ssim_b100=0.720, ssim_set14=0.847, ssim_set5=0.897, ssim_urban100=0.948 |
   164 | train=0.008361 | val=nan | lr=0.002 | t_train=12.79 | t_val=12.13 | mem=383.9 | psnr_b100=26.970, psnr_set14=27.372, psnr_set5=31.091, psnr_urban100=24.647, ssim_b100=0.717, ssim_set14=0.844, ssim_set5=0.893, ssim_urban100=0.947 |
   165 | train=0.007748 | val=nan | lr=0.002 | t_train=12.71 | t_val=12.06 | mem=383.9 | psnr_b100=26.966, psnr_set14=27.341, psnr_set5=31.042, psnr_urban100=24.609, ssim_b100=0.717, ssim_set14=0.844, ssim_set5=0.892, ssim_urban100=0.946 |
   166 | train=0.005754 | val=nan | lr=0.002 | t_train=12.79 | t_val=12.12 | mem=383.9 | psnr_b100=26.959, psnr_set14=27.385, psnr_set5=31.095, psnr_urban100=24.635, ssim_b100=0.717, ssim_set14=0.846, ssim_set5=0.894, ssim_urban100=0.946 |
   167 | train=0.009287 | val=nan | lr=0.002 | t_train=12.87 | t_val=12.22 | mem=383.9 | psnr_b100=26.961, psnr_set14=27.409, psnr_set5=31.116, psnr_urban100=24.665, ssim_b100=0.717, ssim_set14=0.845, ssim_set5=0.892, ssim_urban100=0.946 |
   168 | train=0.008389 | val=nan | lr=0.002 | t_train=12.81 | t_val=12.15 | mem=383.9 | psnr_b100=27.010, psnr_set14=27.418, psnr_set5=31.160, psnr_urban100=24.677, ssim_b100=0.719, ssim_set14=0.846, ssim_set5=0.894, ssim_urban100=0.947 |
   169 | train=0.008082 | val=nan | lr=0.002 | t_train=12.88 | t_val=12.21 | mem=383.9 | psnr_b100=26.987, psnr_set14=27.412, psnr_set5=31.140, psnr_urban100=24.695, ssim_b100=0.718, ssim_set14=0.845, ssim_set5=0.894, ssim_urban100=0.947 |
   170 | train=0.007772 | val=nan | lr=0.002 | t_train=12.87 | t_val=12.21 | mem=383.9 | psnr_b100=26.935, psnr_set14=27.315, psnr_set5=31.013, psnr_urban100=24.575, ssim_b100=0.716, ssim_set14=0.844, ssim_set5=0.891, ssim_urban100=0.945 |
   171 | train=0.007225 | val=nan | lr=0.002 | t_train=12.81 | t_val=12.15 | mem=383.9 | psnr_b100=27.018, psnr_set14=27.477, psnr_set5=31.197, psnr_urban100=24.728, ssim_b100=0.719, ssim_set14=0.847, ssim_set5=0.894, ssim_urban100=0.948 |
   172 | train=0.008295 | val=nan | lr=0.002 | t_train=12.80 | t_val=12.14 | mem=383.9 | psnr_b100=26.906, psnr_set14=27.253, psnr_set5=30.918, psnr_urban100=24.457, ssim_b100=0.714, ssim_set14=0.841, ssim_set5=0.889, ssim_urban100=0.944 |
   173 | train=0.008321 | val=nan | lr=0.002 | t_train=12.90 | t_val=12.22 | mem=383.9 | psnr_b100=27.022, psnr_set14=27.480, psnr_set5=31.235, psnr_urban100=24.780, ssim_b100=0.719, ssim_set14=0.847, ssim_set5=0.897, ssim_urban100=0.948 |
   174 | train=0.007247 | val=nan | lr=0.002 | t_train=12.93 | t_val=12.28 | mem=383.9 | psnr_b100=27.016, psnr_set14=27.454, psnr_set5=31.237, psnr_urban100=24.715, ssim_b100=0.718, ssim_set14=0.846, ssim_set5=0.895, ssim_urban100=0.947 |
   175 | train=0.007560 | val=nan | lr=0.002 | t_train=12.95 | t_val=12.28 | mem=383.9 | psnr_b100=27.042, psnr_set14=27.521, psnr_set5=31.283, psnr_urban100=24.769, ssim_b100=0.719, ssim_set14=0.847, ssim_set5=0.896, ssim_urban100=0.948 |
   176 | train=0.007350 | val=nan | lr=0.002 | t_train=12.90 | t_val=12.24 | mem=383.9 | psnr_b100=26.959, psnr_set14=27.403, psnr_set5=31.058, psnr_urban100=24.639, ssim_b100=0.716, ssim_set14=0.845, ssim_set5=0.892, ssim_urban100=0.946 |
   177 | train=0.008187 | val=nan | lr=0.002 | t_train=12.85 | t_val=12.20 | mem=383.9 | psnr_b100=26.981, psnr_set14=27.448, psnr_set5=31.146, psnr_urban100=24.699, ssim_b100=0.717, ssim_set14=0.846, ssim_set5=0.895, ssim_urban100=0.947 |
   178 | train=0.007987 | val=nan | lr=0.002 | t_train=12.88 | t_val=12.22 | mem=383.9 | psnr_b100=26.984, psnr_set14=27.438, psnr_set5=31.115, psnr_urban100=24.685, ssim_b100=0.717, ssim_set14=0.845, ssim_set5=0.894, ssim_urban100=0.947 |
   179 | train=0.008234 | val=nan | lr=0.002 | t_train=12.86 | t_val=12.20 | mem=383.9 | psnr_b100=26.977, psnr_set14=27.440, psnr_set5=31.183, psnr_urban100=24.693, ssim_b100=0.717, ssim_set14=0.845, ssim_set5=0.894, ssim_urban100=0.947 |
   180 | train=0.007646 | val=nan | lr=0.002 | t_train=12.89 | t_val=12.24 | mem=383.9 | psnr_b100=27.059, psnr_set14=27.566, psnr_set5=31.277, psnr_urban100=24.806, ssim_b100=0.720, ssim_set14=0.848, ssim_set5=0.897, ssim_urban100=0.949 |
   181 | train=0.006667 | val=nan | lr=0.002 | t_train=12.73 | t_val=12.07 | mem=383.9 | psnr_b100=26.883, psnr_set14=27.244, psnr_set5=30.931, psnr_urban100=24.495, ssim_b100=0.714, ssim_set14=0.841, ssim_set5=0.889, ssim_urban100=0.944 |
   182 | train=0.007909 | val=nan | lr=0.002 | t_train=12.94 | t_val=12.20 | mem=383.9 | psnr_b100=26.948, psnr_set14=27.375, psnr_set5=31.049, psnr_urban100=24.634, ssim_b100=0.716, ssim_set14=0.844, ssim_set5=0.891, ssim_urban100=0.946 |
   183 | train=0.005796 | val=nan | lr=0.002 | t_train=12.86 | t_val=12.19 | mem=383.9 | psnr_b100=27.027, psnr_set14=27.516, psnr_set5=31.207, psnr_urban100=24.786, ssim_b100=0.719, ssim_set14=0.847, ssim_set5=0.895, ssim_urban100=0.948 |
   184 | train=0.005838 | val=nan | lr=0.002 | t_train=12.84 | t_val=12.18 | mem=383.9 | psnr_b100=26.914, psnr_set14=27.272, psnr_set5=30.930, psnr_urban100=24.536, ssim_b100=0.717, ssim_set14=0.844, ssim_set5=0.891, ssim_urban100=0.945 |
   185 | train=0.007572 | val=nan | lr=0.002 | t_train=12.92 | t_val=12.26 | mem=383.9 | psnr_b100=26.991, psnr_set14=27.399, psnr_set5=31.156, psnr_urban100=24.668, ssim_b100=0.717, ssim_set14=0.845, ssim_set5=0.894, ssim_urban100=0.946 |
   186 | train=0.007626 | val=nan | lr=0.002 | t_train=12.93 | t_val=12.26 | mem=383.9 | psnr_b100=26.990, psnr_set14=27.377, psnr_set5=31.162, psnr_urban100=24.698, ssim_b100=0.718, ssim_set14=0.846, ssim_set5=0.893, ssim_urban100=0.947 |
   187 | train=0.007966 | val=nan | lr=0.002 | t_train=12.88 | t_val=12.22 | mem=383.9 | psnr_b100=26.993, psnr_set14=27.465, psnr_set5=31.263, psnr_urban100=24.664, ssim_b100=0.718, ssim_set14=0.846, ssim_set5=0.896, ssim_urban100=0.947 |
   188 | train=0.006588 | val=nan | lr=0.002 | t_train=12.71 | t_val=12.05 | mem=383.9 | psnr_b100=26.998, psnr_set14=27.407, psnr_set5=31.129, psnr_urban100=24.648, ssim_b100=0.718, ssim_set14=0.845, ssim_set5=0.893, ssim_urban100=0.947 |
   189 | train=0.008234 | val=nan | lr=0.002 | t_train=12.81 | t_val=12.16 | mem=383.9 | psnr_b100=26.947, psnr_set14=27.393, psnr_set5=31.066, psnr_urban100=24.650, ssim_b100=0.716, ssim_set14=0.844, ssim_set5=0.891, ssim_urban100=0.947 |
   190 | train=0.006902 | val=nan | lr=0.002 | t_train=12.76 | t_val=12.11 | mem=383.9 | psnr_b100=26.977, psnr_set14=27.408, psnr_set5=31.159, psnr_urban100=24.678, ssim_b100=0.718, ssim_set14=0.845, ssim_set5=0.894, ssim_urban100=0.947 |
   191 | train=0.006369 | val=nan | lr=0.002 | t_train=12.94 | t_val=12.21 | mem=383.9 | psnr_b100=26.981, psnr_set14=27.366, psnr_set5=31.127, psnr_urban100=24.636, ssim_b100=0.718, ssim_set14=0.846, ssim_set5=0.894, ssim_urban100=0.947 |
   192 | train=0.007551 | val=nan | lr=0.002 | t_train=12.75 | t_val=12.09 | mem=383.9 | psnr_b100=26.985, psnr_set14=27.457, psnr_set5=31.185, psnr_urban100=24.681, ssim_b100=0.718, ssim_set14=0.845, ssim_set5=0.894, ssim_urban100=0.947 |
   193 | train=0.005967 | val=nan | lr=0.002 | t_train=12.92 | t_val=12.25 | mem=383.9 | psnr_b100=26.872, psnr_set14=27.255, psnr_set5=30.958, psnr_urban100=24.463, ssim_b100=0.715, ssim_set14=0.842, ssim_set5=0.889, ssim_urban100=0.944 |
   194 | train=0.007135 | val=nan | lr=0.002 | t_train=12.87 | t_val=12.21 | mem=383.9 | psnr_b100=26.968, psnr_set14=27.341, psnr_set5=31.058, psnr_urban100=24.599, ssim_b100=0.717, ssim_set14=0.844, ssim_set5=0.892, ssim_urban100=0.946 |
   195 | train=0.007021 | val=nan | lr=0.002 | t_train=12.86 | t_val=12.20 | mem=383.9 | psnr_b100=27.052, psnr_set14=27.543, psnr_set5=31.352, psnr_urban100=24.756, ssim_b100=0.720, ssim_set14=0.847, ssim_set5=0.897, ssim_urban100=0.948 |
   196 | train=0.007667 | val=nan | lr=0.002 | t_train=12.82 | t_val=12.16 | mem=383.9 | psnr_b100=26.933, psnr_set14=27.354, psnr_set5=31.029, psnr_urban100=24.572, ssim_b100=0.716, ssim_set14=0.844, ssim_set5=0.892, ssim_urban100=0.946 |
   197 | train=0.007199 | val=nan | lr=0.002 | t_train=12.93 | t_val=12.26 | mem=383.9 | psnr_b100=27.058, psnr_set14=27.501, psnr_set5=31.248, psnr_urban100=24.760, ssim_b100=0.720, ssim_set14=0.846, ssim_set5=0.896, ssim_urban100=0.948 |
   198 | train=0.006436 | val=nan | lr=0.002 | t_train=12.90 | t_val=12.24 | mem=383.9 | psnr_b100=26.986, psnr_set14=27.407, psnr_set5=31.174, psnr_urban100=24.644, ssim_b100=0.718, ssim_set14=0.845, ssim_set5=0.895, ssim_urban100=0.947 |
   199 | train=0.007925 | val=nan | lr=0.002 | t_train=12.80 | t_val=12.15 | mem=383.9 | psnr_b100=27.083, psnr_set14=27.607, psnr_set5=31.365, psnr_urban100=24.852, ssim_b100=0.721, ssim_set14=0.849, ssim_set5=0.898, ssim_urban100=0.949 |
   200 | train=0.006761 | val=nan | lr=0.002 | t_train=12.87 | t_val=12.21 | mem=383.9 | psnr_b100=27.010, psnr_set14=27.409, psnr_set5=31.206, psnr_urban100=24.660, ssim_b100=0.718, ssim_set14=0.845, ssim_set5=0.894, ssim_urban100=0.947 |
   201 | train=0.006861 | val=nan | lr=0.002 | t_train=12.86 | t_val=12.21 | mem=383.9 | psnr_b100=27.053, psnr_set14=27.477, psnr_set5=31.246, psnr_urban100=24.725, ssim_b100=0.720, ssim_set14=0.846, ssim_set5=0.896, ssim_urban100=0.948 |
   202 | train=0.007328 | val=nan | lr=0.002 | t_train=12.83 | t_val=12.19 | mem=383.9 | psnr_b100=27.022, psnr_set14=27.408, psnr_set5=31.117, psnr_urban100=24.698, ssim_b100=0.719, ssim_set14=0.845, ssim_set5=0.893, ssim_urban100=0.948 |
   203 | train=0.007013 | val=nan | lr=0.002 | t_train=12.84 | t_val=12.18 | mem=383.9 | psnr_b100=27.081, psnr_set14=27.519, psnr_set5=31.226, psnr_urban100=24.808, ssim_b100=0.720, ssim_set14=0.847, ssim_set5=0.894, ssim_urban100=0.949 |
   204 | train=0.006532 | val=nan | lr=0.002 | t_train=12.90 | t_val=12.23 | mem=383.9 | psnr_b100=27.034, psnr_set14=27.467, psnr_set5=31.146, psnr_urban100=24.767, ssim_b100=0.719, ssim_set14=0.846, ssim_set5=0.894, ssim_urban100=0.949 |
   205 | train=0.007109 | val=nan | lr=0.002 | t_train=12.84 | t_val=12.19 | mem=383.9 | psnr_b100=27.057, psnr_set14=27.509, psnr_set5=31.219, psnr_urban100=24.775, ssim_b100=0.720, ssim_set14=0.847, ssim_set5=0.895, ssim_urban100=0.949 |
   206 | train=0.007252 | val=nan | lr=0.002 | t_train=12.87 | t_val=12.20 | mem=383.9 | psnr_b100=26.938, psnr_set14=27.314, psnr_set5=31.032, psnr_urban100=24.615, ssim_b100=0.717, ssim_set14=0.844, ssim_set5=0.893, ssim_urban100=0.947 |
   207 | train=0.007483 | val=nan | lr=0.002 | t_train=12.89 | t_val=12.22 | mem=383.9 | psnr_b100=27.006, psnr_set14=27.433, psnr_set5=31.165, psnr_urban100=24.708, ssim_b100=0.719, ssim_set14=0.845, ssim_set5=0.894, ssim_urban100=0.948 |
   208 | train=0.006236 | val=nan | lr=0.002 | t_train=12.87 | t_val=12.22 | mem=383.9 | psnr_b100=27.082, psnr_set14=27.547, psnr_set5=31.316, psnr_urban100=24.801, ssim_b100=0.721, ssim_set14=0.847, ssim_set5=0.895, ssim_urban100=0.949 |
   209 | train=0.007474 | val=nan | lr=0.002 | t_train=12.82 | t_val=12.16 | mem=383.9 | psnr_b100=27.015, psnr_set14=27.363, psnr_set5=31.108, psnr_urban100=24.605, ssim_b100=0.719, ssim_set14=0.844, ssim_set5=0.892, ssim_urban100=0.946 |
   210 | train=0.006912 | val=nan | lr=0.002 | t_train=12.85 | t_val=12.19 | mem=383.9 | psnr_b100=27.079, psnr_set14=27.500, psnr_set5=31.275, psnr_urban100=24.786, ssim_b100=0.721, ssim_set14=0.848, ssim_set5=0.896, ssim_urban100=0.948 |
   211 | train=0.007859 | val=nan | lr=0.002 | t_train=12.89 | t_val=12.23 | mem=383.9 | psnr_b100=26.985, psnr_set14=27.401, psnr_set5=31.167, psnr_urban100=24.676, ssim_b100=0.718, ssim_set14=0.845, ssim_set5=0.894, ssim_urban100=0.947 |
   212 | train=0.006127 | val=nan | lr=0.002 | t_train=12.92 | t_val=12.25 | mem=383.9 | psnr_b100=27.029, psnr_set14=27.431, psnr_set5=31.147, psnr_urban100=24.717, ssim_b100=0.719, ssim_set14=0.846, ssim_set5=0.894, ssim_urban100=0.948 |
   213 | train=0.005243 | val=nan | lr=0.002 | t_train=12.86 | t_val=12.20 | mem=383.9 | psnr_b100=27.048, psnr_set14=27.494, psnr_set5=31.243, psnr_urban100=24.776, ssim_b100=0.721, ssim_set14=0.848, ssim_set5=0.896, ssim_urban100=0.949 |
   214 | train=0.006529 | val=nan | lr=0.002 | t_train=12.84 | t_val=12.18 | mem=383.9 | psnr_b100=26.983, psnr_set14=27.417, psnr_set5=31.123, psnr_urban100=24.700, ssim_b100=0.718, ssim_set14=0.846, ssim_set5=0.893, ssim_urban100=0.948 |
   215 | train=0.007768 | val=nan | lr=0.002 | t_train=12.94 | t_val=12.20 | mem=383.9 | psnr_b100=27.082, psnr_set14=27.535, psnr_set5=31.256, psnr_urban100=24.824, ssim_b100=0.721, ssim_set14=0.848, ssim_set5=0.896, ssim_urban100=0.949 |
   216 | train=0.007232 | val=nan | lr=0.002 | t_train=12.85 | t_val=12.18 | mem=383.9 | psnr_b100=27.113, psnr_set14=27.559, psnr_set5=31.311, psnr_urban100=24.846, ssim_b100=0.721, ssim_set14=0.848, ssim_set5=0.896, ssim_urban100=0.949 |
   217 | train=0.005653 | val=nan | lr=0.002 | t_train=12.80 | t_val=12.14 | mem=383.9 | psnr_b100=27.013, psnr_set14=27.443, psnr_set5=31.147, psnr_urban100=24.711, ssim_b100=0.719, ssim_set14=0.846, ssim_set5=0.894, ssim_urban100=0.948 |
   218 | train=0.006440 | val=nan | lr=0.002 | t_train=12.87 | t_val=12.21 | mem=383.9 | psnr_b100=27.066, psnr_set14=27.448, psnr_set5=31.221, psnr_urban100=24.798, ssim_b100=0.721, ssim_set14=0.847, ssim_set5=0.895, ssim_urban100=0.949 |
   219 | train=0.007501 | val=nan | lr=0.002 | t_train=12.92 | t_val=12.26 | mem=383.9 | psnr_b100=27.109, psnr_set14=27.567, psnr_set5=31.348, psnr_urban100=24.818, ssim_b100=0.722, ssim_set14=0.848, ssim_set5=0.897, ssim_urban100=0.949 |
   220 | train=0.006136 | val=nan | lr=0.002 | t_train=12.86 | t_val=12.21 | mem=383.9 | psnr_b100=27.085, psnr_set14=27.556, psnr_set5=31.366, psnr_urban100=24.783, ssim_b100=0.721, ssim_set14=0.848, ssim_set5=0.897, ssim_urban100=0.949 |
   221 | train=0.006299 | val=nan | lr=0.002 | t_train=12.80 | t_val=12.14 | mem=383.9 | psnr_b100=27.080, psnr_set14=27.512, psnr_set5=31.305, psnr_urban100=24.813, ssim_b100=0.721, ssim_set14=0.848, ssim_set5=0.897, ssim_urban100=0.949 |
   222 | train=0.006378 | val=nan | lr=0.002 | t_train=12.92 | t_val=12.26 | mem=383.9 | psnr_b100=27.009, psnr_set14=27.440, psnr_set5=31.102, psnr_urban100=24.724, ssim_b100=0.720, ssim_set14=0.847, ssim_set5=0.895, ssim_urban100=0.948 |
   223 | train=0.007162 | val=nan | lr=0.0019964 | t_train=12.91 | t_val=12.18 | mem=383.9 | psnr_b100=27.041, psnr_set14=27.457, psnr_set5=31.158, psnr_urban100=24.731, ssim_b100=0.720, ssim_set14=0.846, ssim_set5=0.894, ssim_urban100=0.948 |
   224 | train=0.006745 | val=nan | lr=0.0019926 | t_train=12.85 | t_val=12.19 | mem=383.9 | psnr_b100=27.076, psnr_set14=27.535, psnr_set5=31.238, psnr_urban100=24.811, ssim_b100=0.720, ssim_set14=0.847, ssim_set5=0.895, ssim_urban100=0.949 |
   225 | train=0.005791 | val=nan | lr=0.0019888 | t_train=12.88 | t_val=12.23 | mem=383.9 | psnr_b100=26.995, psnr_set14=27.453, psnr_set5=31.118, psnr_urban100=24.709, ssim_b100=0.718, ssim_set14=0.846, ssim_set5=0.894, ssim_urban100=0.948 |
   226 | train=0.006530 | val=nan | lr=0.0019851 | t_train=12.74 | t_val=12.07 | mem=383.9 | psnr_b100=27.110, psnr_set14=27.595, psnr_set5=31.359, psnr_urban100=24.857, ssim_b100=0.722, ssim_set14=0.849, ssim_set5=0.898, ssim_urban100=0.950 |
   227 | train=0.008698 | val=nan | lr=0.0019849 | t_train=12.85 | t_val=12.19 | mem=383.9 | psnr_b100=27.001, psnr_set14=27.387, psnr_set5=31.121, psnr_urban100=24.679, ssim_b100=0.718, ssim_set14=0.845, ssim_set5=0.893, ssim_urban100=0.947 |
   228 | train=0.008664 | val=nan | lr=0.0019813 | t_train=12.86 | t_val=12.20 | mem=383.9 | psnr_b100=26.922, psnr_set14=27.344, psnr_set5=30.891, psnr_urban100=24.719, ssim_b100=0.717, ssim_set14=0.843, ssim_set5=0.889, ssim_urban100=0.949 |
   229 | train=0.006730 | val=nan | lr=0.0019775 | t_train=12.87 | t_val=12.21 | mem=383.9 | psnr_b100=27.032, psnr_set14=27.484, psnr_set5=31.205, psnr_urban100=24.800, ssim_b100=0.718, ssim_set14=0.844, ssim_set5=0.891, ssim_urban100=0.949 |
   230 | train=0.007065 | val=nan | lr=0.0019738 | t_train=12.80 | t_val=12.12 | mem=383.9 | psnr_b100=27.055, psnr_set14=27.501, psnr_set5=31.287, psnr_urban100=24.772, ssim_b100=0.720, ssim_set14=0.847, ssim_set5=0.897, ssim_urban100=0.949 |
   231 | train=0.005233 | val=nan | lr=0.0019736 | t_train=12.85 | t_val=12.19 | mem=383.9 | psnr_b100=27.090, psnr_set14=27.563, psnr_set5=31.331, psnr_urban100=24.832, ssim_b100=0.721, ssim_set14=0.848, ssim_set5=0.897, ssim_urban100=0.949 |
   232 | train=0.005662 | val=nan | lr=0.00197 | t_train=12.81 | t_val=12.15 | mem=383.9 | psnr_b100=27.010, psnr_set14=27.380, psnr_set5=31.128, psnr_urban100=24.659, ssim_b100=0.718, ssim_set14=0.845, ssim_set5=0.892, ssim_urban100=0.947 |
   233 | train=0.006769 | val=nan | lr=0.0019663 | t_train=12.80 | t_val=12.14 | mem=383.9 | psnr_b100=27.093, psnr_set14=27.520, psnr_set5=31.349, psnr_urban100=24.829, ssim_b100=0.721, ssim_set14=0.848, ssim_set5=0.898, ssim_urban100=0.949 |
   234 | train=0.006970 | val=nan | lr=0.0019626 | t_train=12.79 | t_val=12.14 | mem=383.9 | psnr_b100=27.059, psnr_set14=27.493, psnr_set5=31.248, psnr_urban100=24.789, ssim_b100=0.720, ssim_set14=0.847, ssim_set5=0.895, ssim_urban100=0.949 |
   235 | train=0.007129 | val=nan | lr=0.0019588 | t_train=12.86 | t_val=12.19 | mem=383.9 | psnr_b100=27.026, psnr_set14=27.481, psnr_set5=31.248, psnr_urban100=24.766, ssim_b100=0.720, ssim_set14=0.847, ssim_set5=0.896, ssim_urban100=0.949 |
   236 | train=0.005745 | val=nan | lr=0.0019551 | t_train=12.80 | t_val=12.13 | mem=383.9 | psnr_b100=27.017, psnr_set14=27.480, psnr_set5=31.199, psnr_urban100=24.745, ssim_b100=0.718, ssim_set14=0.846, ssim_set5=0.895, ssim_urban100=0.948 |
   237 | train=0.007623 | val=nan | lr=0.0019514 | t_train=12.89 | t_val=12.22 | mem=383.9 | psnr_b100=27.013, psnr_set14=27.473, psnr_set5=31.228, psnr_urban100=24.741, ssim_b100=0.719, ssim_set14=0.846, ssim_set5=0.895, ssim_urban100=0.948 |
   238 | train=0.007608 | val=nan | lr=0.0019477 | t_train=12.76 | t_val=12.09 | mem=383.9 | psnr_b100=27.025, psnr_set14=27.473, psnr_set5=31.222, psnr_urban100=24.725, ssim_b100=0.720, ssim_set14=0.847, ssim_set5=0.896, ssim_urban100=0.948 |
   239 | train=0.007696 | val=nan | lr=0.001944 | t_train=12.89 | t_val=12.22 | mem=383.9 | psnr_b100=27.060, psnr_set14=27.527, psnr_set5=31.307, psnr_urban100=24.765, ssim_b100=0.721, ssim_set14=0.848, ssim_set5=0.897, ssim_urban100=0.949 |
   240 | train=0.007209 | val=nan | lr=0.0019403 | t_train=12.76 | t_val=12.10 | mem=383.9 | psnr_b100=27.090, psnr_set14=27.548, psnr_set5=31.293, psnr_urban100=24.847, ssim_b100=0.721, ssim_set14=0.848, ssim_set5=0.895, ssim_urban100=0.950 |
   241 | train=0.006974 | val=nan | lr=0.0019401 | t_train=12.80 | t_val=12.15 | mem=383.9 | psnr_b100=27.043, psnr_set14=27.531, psnr_set5=31.267, psnr_urban100=24.815, ssim_b100=0.720, ssim_set14=0.848, ssim_set5=0.896, ssim_urban100=0.949 |
   242 | train=0.006622 | val=nan | lr=0.0019366 | t_train=12.93 | t_val=12.18 | mem=383.9 | psnr_b100=27.008, psnr_set14=27.471, psnr_set5=31.216, psnr_urban100=24.755, ssim_b100=0.719, ssim_set14=0.847, ssim_set5=0.895, ssim_urban100=0.948 |
   243 | train=0.005488 | val=nan | lr=0.0019329 | t_train=12.90 | t_val=12.24 | mem=383.9 | psnr_b100=27.053, psnr_set14=27.564, psnr_set5=31.321, psnr_urban100=24.826, ssim_b100=0.720, ssim_set14=0.849, ssim_set5=0.897, ssim_urban100=0.949 |
   244 | train=0.007136 | val=nan | lr=0.0019293 | t_train=12.88 | t_val=12.22 | mem=383.9 | psnr_b100=27.013, psnr_set14=27.466, psnr_set5=31.207, psnr_urban100=24.697, ssim_b100=0.718, ssim_set14=0.846, ssim_set5=0.894, ssim_urban100=0.947 |
   245 | train=0.006540 | val=nan | lr=0.0019256 | t_train=12.78 | t_val=12.11 | mem=383.9 | psnr_b100=27.056, psnr_set14=27.555, psnr_set5=31.322, psnr_urban100=24.787, ssim_b100=0.720, ssim_set14=0.848, ssim_set5=0.897, ssim_urban100=0.949 |
   246 | train=0.006705 | val=nan | lr=0.0019254 | t_train=12.82 | t_val=12.16 | mem=383.9 | psnr_b100=27.045, psnr_set14=27.530, psnr_set5=31.236, psnr_urban100=24.794, ssim_b100=0.720, ssim_set14=0.847, ssim_set5=0.896, ssim_urban100=0.949 |
   247 | train=0.006826 | val=nan | lr=0.001922 | t_train=12.86 | t_val=12.21 | mem=383.9 | psnr_b100=27.010, psnr_set14=27.478, psnr_set5=31.210, psnr_urban100=24.736, ssim_b100=0.719, ssim_set14=0.847, ssim_set5=0.895, ssim_urban100=0.947 |
   248 | train=0.006311 | val=nan | lr=0.0019183 | t_train=12.84 | t_val=12.17 | mem=383.9 | psnr_b100=27.000, psnr_set14=27.439, psnr_set5=31.183, psnr_urban100=24.750, ssim_b100=0.719, ssim_set14=0.846, ssim_set5=0.895, ssim_urban100=0.948 |
   249 | train=0.008373 | val=nan | lr=0.0019147 | t_train=12.79 | t_val=12.14 | mem=383.9 | psnr_b100=27.036, psnr_set14=27.521, psnr_set5=31.206, psnr_urban100=24.802, ssim_b100=0.720, ssim_set14=0.848, ssim_set5=0.895, ssim_urban100=0.949 |
   250 | train=0.006225 | val=nan | lr=0.001911 | t_train=12.80 | t_val=12.14 | mem=383.9 | psnr_b100=27.100, psnr_set14=27.612, psnr_set5=31.423, psnr_urban100=24.859, ssim_b100=0.721, ssim_set14=0.849, ssim_set5=0.898, ssim_urban100=0.950 |
   251 | train=0.007708 | val=nan | lr=0.0019074 | t_train=12.92 | t_val=12.20 | mem=383.9 | psnr_b100=27.053, psnr_set14=27.490, psnr_set5=31.254, psnr_urban100=24.743, ssim_b100=0.720, ssim_set14=0.847, ssim_set5=0.896, ssim_urban100=0.948 |
   252 | train=0.005732 | val=nan | lr=0.0019038 | t_train=12.87 | t_val=12.20 | mem=383.9 | psnr_b100=27.114, psnr_set14=27.591, psnr_set5=31.389, psnr_urban100=24.841, ssim_b100=0.722, ssim_set14=0.849, ssim_set5=0.897, ssim_urban100=0.949 |
   253 | train=0.007710 | val=nan | lr=0.0019002 | t_train=12.81 | t_val=12.15 | mem=383.9 | psnr_b100=27.034, psnr_set14=27.469, psnr_set5=31.230, psnr_urban100=24.759, ssim_b100=0.719, ssim_set14=0.847, ssim_set5=0.894, ssim_urban100=0.949 |
   254 | train=0.006610 | val=nan | lr=0.0018966 | t_train=12.83 | t_val=12.19 | mem=383.9 | psnr_b100=27.029, psnr_set14=27.452, psnr_set5=31.152, psnr_urban100=24.739, ssim_b100=0.719, ssim_set14=0.847, ssim_set5=0.894, ssim_urban100=0.948 |
   255 | train=0.007044 | val=nan | lr=0.001893 | t_train=12.84 | t_val=12.19 | mem=383.9 | psnr_b100=27.089, psnr_set14=27.537, psnr_set5=31.315, psnr_urban100=24.797, ssim_b100=0.721, ssim_set14=0.847, ssim_set5=0.896, ssim_urban100=0.949 |
   256 | train=0.007366 | val=nan | lr=0.0018894 | t_train=12.88 | t_val=12.22 | mem=383.9 | psnr_b100=27.099, psnr_set14=27.588, psnr_set5=31.327, psnr_urban100=24.864, ssim_b100=0.722, ssim_set14=0.849, ssim_set5=0.898, ssim_urban100=0.950 |
   257 | train=0.007477 | val=nan | lr=0.0018858 | t_train=12.88 | t_val=12.22 | mem=383.9 | psnr_b100=27.058, psnr_set14=27.474, psnr_set5=31.290, psnr_urban100=24.749, ssim_b100=0.720, ssim_set14=0.848, ssim_set5=0.897, ssim_urban100=0.948 |
   258 | train=0.006953 | val=nan | lr=0.0018822 | t_train=12.86 | t_val=12.20 | mem=383.9 | psnr_b100=27.041, psnr_set14=27.500, psnr_set5=31.295, psnr_urban100=24.753, ssim_b100=0.720, ssim_set14=0.848, ssim_set5=0.897, ssim_urban100=0.948 |
   259 | train=0.005999 | val=nan | lr=0.0018786 | t_train=12.87 | t_val=12.22 | mem=383.9 | psnr_b100=27.069, psnr_set14=27.546, psnr_set5=31.322, psnr_urban100=24.824, ssim_b100=0.720, ssim_set14=0.848, ssim_set5=0.897, ssim_urban100=0.949 |
   260 | train=0.006856 | val=nan | lr=0.0018751 | t_train=12.88 | t_val=12.23 | mem=383.9 | psnr_b100=26.986, psnr_set14=27.367, psnr_set5=31.160, psnr_urban100=24.652, ssim_b100=0.718, ssim_set14=0.845, ssim_set5=0.894, ssim_urban100=0.947 |
   261 | train=0.005755 | val=nan | lr=0.0018715 | t_train=12.86 | t_val=12.21 | mem=383.9 | psnr_b100=27.019, psnr_set14=27.481, psnr_set5=31.250, psnr_urban100=24.740, ssim_b100=0.718, ssim_set14=0.847, ssim_set5=0.896, ssim_urban100=0.948 |
   262 | train=0.007206 | val=nan | lr=0.001868 | t_train=12.92 | t_val=12.26 | mem=383.9 | psnr_b100=26.991, psnr_set14=27.376, psnr_set5=31.167, psnr_urban100=24.640, ssim_b100=0.718, ssim_set14=0.845, ssim_set5=0.894, ssim_urban100=0.947 |
   263 | train=0.006977 | val=nan | lr=0.0018644 | t_train=12.88 | t_val=12.23 | mem=383.9 | psnr_b100=27.062, psnr_set14=27.514, psnr_set5=31.270, psnr_urban100=24.786, ssim_b100=0.720, ssim_set14=0.847, ssim_set5=0.896, ssim_urban100=0.948 |
   264 | train=0.005823 | val=nan | lr=0.0018609 | t_train=12.87 | t_val=12.21 | mem=383.9 | psnr_b100=27.009, psnr_set14=27.436, psnr_set5=31.204, psnr_urban100=24.744, ssim_b100=0.719, ssim_set14=0.847, ssim_set5=0.896, ssim_urban100=0.948 |
   265 | train=0.007198 | val=nan | lr=0.0018573 | t_train=12.85 | t_val=12.19 | mem=383.9 | psnr_b100=27.064, psnr_set14=27.548, psnr_set5=31.276, psnr_urban100=24.812, ssim_b100=0.720, ssim_set14=0.847, ssim_set5=0.895, ssim_urban100=0.949 |
   266 | train=0.007175 | val=nan | lr=0.0018538 | t_train=12.93 | t_val=12.25 | mem=383.9 | psnr_b100=27.045, psnr_set14=27.502, psnr_set5=31.272, psnr_urban100=24.746, ssim_b100=0.719, ssim_set14=0.848, ssim_set5=0.895, ssim_urban100=0.948 |
   267 | train=0.005385 | val=nan | lr=0.0018503 | t_train=12.90 | t_val=12.23 | mem=383.9 | psnr_b100=27.043, psnr_set14=27.458, psnr_set5=31.292, psnr_urban100=24.749, ssim_b100=0.720, ssim_set14=0.847, ssim_set5=0.896, ssim_urban100=0.948 |
   268 | train=0.006004 | val=nan | lr=0.0018468 | t_train=12.83 | t_val=12.18 | mem=383.9 | psnr_b100=27.024, psnr_set14=27.493, psnr_set5=31.250, psnr_urban100=24.751, ssim_b100=0.719, ssim_set14=0.846, ssim_set5=0.895, ssim_urban100=0.948 |
   269 | train=0.006486 | val=nan | lr=0.0018433 | t_train=12.81 | t_val=12.15 | mem=383.9 | psnr_b100=27.051, psnr_set14=27.533, psnr_set5=31.249, psnr_urban100=24.831, ssim_b100=0.720, ssim_set14=0.848, ssim_set5=0.895, ssim_urban100=0.949 |
   270 | train=0.006303 | val=nan | lr=0.0018398 | t_train=12.91 | t_val=12.25 | mem=383.9 | psnr_b100=27.002, psnr_set14=27.440, psnr_set5=31.173, psnr_urban100=24.722, ssim_b100=0.718, ssim_set14=0.846, ssim_set5=0.894, ssim_urban100=0.948 |
   271 | train=0.006377 | val=nan | lr=0.0018363 | t_train=12.82 | t_val=12.16 | mem=383.9 | psnr_b100=26.948, psnr_set14=27.381, psnr_set5=31.119, psnr_urban100=24.680, ssim_b100=0.717, ssim_set14=0.845, ssim_set5=0.893, ssim_urban100=0.948 |
   272 | train=0.006944 | val=nan | lr=0.0018328 | t_train=12.83 | t_val=12.17 | mem=383.9 | psnr_b100=27.038, psnr_set14=27.476, psnr_set5=31.249, psnr_urban100=24.800, ssim_b100=0.720, ssim_set14=0.847, ssim_set5=0.896, ssim_urban100=0.949 |
   273 | train=0.006163 | val=nan | lr=0.0018293 | t_train=12.78 | t_val=12.12 | mem=383.9 | psnr_b100=27.054, psnr_set14=27.495, psnr_set5=31.257, psnr_urban100=24.759, ssim_b100=0.720, ssim_set14=0.847, ssim_set5=0.896, ssim_urban100=0.948 |
   274 | train=0.006299 | val=nan | lr=0.0018258 | t_train=12.91 | t_val=12.15 | mem=383.9 | psnr_b100=27.034, psnr_set14=27.497, psnr_set5=31.261, psnr_urban100=24.740, ssim_b100=0.720, ssim_set14=0.847, ssim_set5=0.897, ssim_urban100=0.948 |
   275 | train=0.007633 | val=nan | lr=0.0018224 | t_train=12.80 | t_val=12.15 | mem=383.9 | psnr_b100=27.033, psnr_set14=27.515, psnr_set5=31.249, psnr_urban100=24.785, ssim_b100=0.720, ssim_set14=0.847, ssim_set5=0.896, ssim_urban100=0.949 |
   276 | train=0.007477 | val=nan | lr=0.0018189 | t_train=12.91 | t_val=12.25 | mem=383.9 | psnr_b100=27.063, psnr_set14=27.548, psnr_set5=31.342, psnr_urban100=24.858, ssim_b100=0.720, ssim_set14=0.848, ssim_set5=0.898, ssim_urban100=0.950 |
   277 | train=0.005198 | val=nan | lr=0.0018155 | t_train=12.85 | t_val=12.19 | mem=383.9 | psnr_b100=26.948, psnr_set14=27.353, psnr_set5=31.046, psnr_urban100=24.666, ssim_b100=0.717, ssim_set14=0.844, ssim_set5=0.891, ssim_urban100=0.947 |
   278 | train=0.005686 | val=nan | lr=0.001812 | t_train=12.86 | t_val=12.20 | mem=383.9 | psnr_b100=27.029, psnr_set14=27.470, psnr_set5=31.254, psnr_urban100=24.756, ssim_b100=0.720, ssim_set14=0.847, ssim_set5=0.896, ssim_urban100=0.948 |
   279 | train=0.006295 | val=nan | lr=0.0018086 | t_train=12.86 | t_val=12.20 | mem=383.9 | psnr_b100=27.058, psnr_set14=27.498, psnr_set5=31.263, psnr_urban100=24.787, ssim_b100=0.720, ssim_set14=0.847, ssim_set5=0.896, ssim_urban100=0.949 |
   280 | train=0.006539 | val=nan | lr=0.0018051 | t_train=12.82 | t_val=12.16 | mem=383.9 | psnr_b100=27.067, psnr_set14=27.543, psnr_set5=31.314, psnr_urban100=24.837, ssim_b100=0.721, ssim_set14=0.848, ssim_set5=0.897, ssim_urban100=0.950 |
   281 | train=0.006266 | val=nan | lr=0.0018017 | t_train=12.89 | t_val=12.24 | mem=383.9 | psnr_b100=27.035, psnr_set14=27.518, psnr_set5=31.301, psnr_urban100=24.800, ssim_b100=0.720, ssim_set14=0.847, ssim_set5=0.896, ssim_urban100=0.948 |
   282 | train=0.006295 | val=nan | lr=0.0017983 | t_train=12.87 | t_val=12.19 | mem=383.9 | psnr_b100=27.044, psnr_set14=27.520, psnr_set5=31.294, psnr_urban100=24.774, ssim_b100=0.720, ssim_set14=0.847, ssim_set5=0.896, ssim_urban100=0.948 |
   283 | train=0.005489 | val=nan | lr=0.0017949 | t_train=12.87 | t_val=12.13 | mem=383.9 | psnr_b100=27.129, psnr_set14=27.628, psnr_set5=31.424, psnr_urban100=24.903, ssim_b100=0.722, ssim_set14=0.849, ssim_set5=0.899, ssim_urban100=0.950 |
   284 | train=0.006479 | val=nan | lr=0.0017915 | t_train=12.77 | t_val=12.11 | mem=383.9 | psnr_b100=27.036, psnr_set14=27.471, psnr_set5=31.229, psnr_urban100=24.754, ssim_b100=0.720, ssim_set14=0.847, ssim_set5=0.895, ssim_urban100=0.948 |
   285 | train=0.006418 | val=nan | lr=0.0017881 | t_train=12.79 | t_val=12.13 | mem=383.9 | psnr_b100=26.976, psnr_set14=27.387, psnr_set5=31.119, psnr_urban100=24.707, ssim_b100=0.719, ssim_set14=0.846, ssim_set5=0.895, ssim_urban100=0.948 |
   286 | train=0.006030 | val=nan | lr=0.0017847 | t_train=12.84 | t_val=12.19 | mem=383.9 | psnr_b100=27.058, psnr_set14=27.531, psnr_set5=31.292, psnr_urban100=24.788, ssim_b100=0.720, ssim_set14=0.847, ssim_set5=0.896, ssim_urban100=0.949 |
   287 | train=0.006031 | val=nan | lr=0.0017813 | t_train=12.81 | t_val=12.14 | mem=383.9 | psnr_b100=26.980, psnr_set14=27.410, psnr_set5=31.131, psnr_urban100=24.643, ssim_b100=0.718, ssim_set14=0.844, ssim_set5=0.893, ssim_urban100=0.947 |
   288 | train=0.007541 | val=nan | lr=0.0017779 | t_train=12.84 | t_val=12.18 | mem=383.9 | psnr_b100=27.096, psnr_set14=27.565, psnr_set5=31.341, psnr_urban100=24.824, ssim_b100=0.722, ssim_set14=0.849, ssim_set5=0.897, ssim_urban100=0.950 |
   289 | train=0.006072 | val=nan | lr=0.0017745 | t_train=12.84 | t_val=12.18 | mem=383.9 | psnr_b100=27.070, psnr_set14=27.552, psnr_set5=31.328, psnr_urban100=24.841, ssim_b100=0.720, ssim_set14=0.848, ssim_set5=0.898, ssim_urban100=0.949 |
   290 | train=0.006304 | val=nan | lr=0.0017712 | t_train=12.89 | t_val=12.22 | mem=383.9 | psnr_b100=27.081, psnr_set14=27.556, psnr_set5=31.316, psnr_urban100=24.815, ssim_b100=0.721, ssim_set14=0.848, ssim_set5=0.897, ssim_urban100=0.949 |
   291 | train=0.006442 | val=nan | lr=0.0017678 | t_train=12.88 | t_val=12.20 | mem=383.9 | psnr_b100=27.103, psnr_set14=27.586, psnr_set5=31.359, psnr_urban100=24.890, ssim_b100=0.722, ssim_set14=0.849, ssim_set5=0.898, ssim_urban100=0.950 |
   292 | train=0.005593 | val=nan | lr=0.0017645 | t_train=12.87 | t_val=12.20 | mem=383.9 | psnr_b100=27.030, psnr_set14=27.502, psnr_set5=31.195, psnr_urban100=24.816, ssim_b100=0.719, ssim_set14=0.847, ssim_set5=0.895, ssim_urban100=0.949 |
   293 | train=0.007287 | val=nan | lr=0.0017611 | t_train=12.86 | t_val=12.19 | mem=383.9 | psnr_b100=27.044, psnr_set14=27.532, psnr_set5=31.247, psnr_urban100=24.786, ssim_b100=0.720, ssim_set14=0.847, ssim_set5=0.895, ssim_urban100=0.949 |
   294 | train=0.007132 | val=nan | lr=0.0017578 | t_train=12.94 | t_val=12.28 | mem=383.9 | psnr_b100=27.118, psnr_set14=27.618, psnr_set5=31.290, psnr_urban100=24.910, ssim_b100=0.722, ssim_set14=0.849, ssim_set5=0.897, ssim_urban100=0.951 |
   295 | train=0.005143 | val=nan | lr=0.0017544 | t_train=12.97 | t_val=12.31 | mem=383.9 | psnr_b100=27.041, psnr_set14=27.511, psnr_set5=31.171, psnr_urban100=24.843, ssim_b100=0.720, ssim_set14=0.847, ssim_set5=0.895, ssim_urban100=0.950 |
   296 | train=0.006320 | val=nan | lr=0.0017511 | t_train=12.88 | t_val=12.22 | mem=383.9 | psnr_b100=27.030, psnr_set14=27.494, psnr_set5=31.182, psnr_urban100=24.790, ssim_b100=0.720, ssim_set14=0.847, ssim_set5=0.895, ssim_urban100=0.949 |
   297 | train=0.005371 | val=nan | lr=0.0017478 | t_train=12.93 | t_val=12.27 | mem=383.9 | psnr_b100=26.984, psnr_set14=27.428, psnr_set5=31.100, psnr_urban100=24.738, ssim_b100=0.718, ssim_set14=0.845, ssim_set5=0.892, ssim_urban100=0.949 |
   298 | train=0.007788 | val=nan | lr=0.0017445 | t_train=12.84 | t_val=12.17 | mem=383.9 | psnr_b100=27.099, psnr_set14=27.577, psnr_set5=31.335, psnr_urban100=24.877, ssim_b100=0.721, ssim_set14=0.849, ssim_set5=0.897, ssim_urban100=0.950 |
   299 | train=0.006838 | val=nan | lr=0.0017411 | t_train=12.81 | t_val=12.16 | mem=383.9 | psnr_b100=27.025, psnr_set14=27.499, psnr_set5=31.212, psnr_urban100=24.759, ssim_b100=0.719, ssim_set14=0.847, ssim_set5=0.895, ssim_urban100=0.949 |
   300 | train=0.006699 | val=nan | lr=0.0017378 | t_train=12.83 | t_val=12.17 | mem=383.9 | psnr_b100=27.075, psnr_set14=27.543, psnr_set5=31.308, psnr_urban100=24.853, ssim_b100=0.721, ssim_set14=0.848, ssim_set5=0.898, ssim_urban100=0.950 |
   301 | train=0.007037 | val=nan | lr=0.0017345 | t_train=12.83 | t_val=12.16 | mem=383.9 | psnr_b100=27.056, psnr_set14=27.530, psnr_set5=31.272, psnr_urban100=24.809, ssim_b100=0.721, ssim_set14=0.848, ssim_set5=0.896, ssim_urban100=0.949 |
   302 | train=0.006942 | val=nan | lr=0.0017312 | t_train=12.82 | t_val=12.16 | mem=383.9 | psnr_b100=26.935, psnr_set14=27.395, psnr_set5=31.064, psnr_urban100=24.703, ssim_b100=0.719, ssim_set14=0.847, ssim_set5=0.895, ssim_urban100=0.948 |
   303 | train=0.005864 | val=nan | lr=0.001728 | t_train=12.84 | t_val=12.19 | mem=383.9 | psnr_b100=27.101, psnr_set14=27.594, psnr_set5=31.349, psnr_urban100=24.912, ssim_b100=0.721, ssim_set14=0.849, ssim_set5=0.897, ssim_urban100=0.950 |
   304 | train=0.006340 | val=nan | lr=0.0017247 | t_train=12.90 | t_val=12.24 | mem=383.9 | psnr_b100=27.032, psnr_set14=27.512, psnr_set5=31.211, psnr_urban100=24.863, ssim_b100=0.719, ssim_set14=0.846, ssim_set5=0.895, ssim_urban100=0.950 |
   305 | train=0.005744 | val=nan | lr=0.0017214 | t_train=12.80 | t_val=12.14 | mem=383.9 | psnr_b100=27.050, psnr_set14=27.501, psnr_set5=31.294, psnr_urban100=24.798, ssim_b100=0.720, ssim_set14=0.846, ssim_set5=0.897, ssim_urban100=0.949 |
   306 | train=0.007198 | val=nan | lr=0.0017181 | t_train=12.88 | t_val=12.21 | mem=383.9 | psnr_b100=27.118, psnr_set14=27.622, psnr_set5=31.364, psnr_urban100=24.913, ssim_b100=0.722, ssim_set14=0.848, ssim_set5=0.897, ssim_urban100=0.951 |
   307 | train=0.005691 | val=nan | lr=0.0017149 | t_train=12.92 | t_val=12.25 | mem=383.9 | psnr_b100=27.083, psnr_set14=27.536, psnr_set5=31.319, psnr_urban100=24.857, ssim_b100=0.721, ssim_set14=0.847, ssim_set5=0.897, ssim_urban100=0.950 |
   308 | train=0.006389 | val=nan | lr=0.0017116 | t_train=13.02 | t_val=12.26 | mem=383.9 | psnr_b100=27.073, psnr_set14=27.523, psnr_set5=31.322, psnr_urban100=24.853, ssim_b100=0.721, ssim_set14=0.848, ssim_set5=0.897, ssim_urban100=0.949 |
   309 | train=0.008409 | val=nan | lr=0.0017084 | t_train=12.88 | t_val=12.22 | mem=383.9 | psnr_b100=27.010, psnr_set14=27.443, psnr_set5=31.216, psnr_urban100=24.773, ssim_b100=0.720, ssim_set14=0.847, ssim_set5=0.896, ssim_urban100=0.949 |
   310 | train=0.005168 | val=nan | lr=0.0017051 | t_train=12.91 | t_val=12.24 | mem=383.9 | psnr_b100=27.071, psnr_set14=27.556, psnr_set5=31.324, psnr_urban100=24.825, ssim_b100=0.721, ssim_set14=0.848, ssim_set5=0.897, ssim_urban100=0.950 |
   311 | train=0.005236 | val=nan | lr=0.0017019 | t_train=12.84 | t_val=12.17 | mem=383.9 | psnr_b100=27.119, psnr_set14=27.609, psnr_set5=31.360, psnr_urban100=24.885, ssim_b100=0.722, ssim_set14=0.849, ssim_set5=0.898, ssim_urban100=0.950 |
   312 | train=0.006846 | val=nan | lr=0.0016987 | t_train=12.95 | t_val=12.28 | mem=383.9 | psnr_b100=27.078, psnr_set14=27.582, psnr_set5=31.371, psnr_urban100=24.862, ssim_b100=0.720, ssim_set14=0.848, ssim_set5=0.897, ssim_urban100=0.950 |
   313 | train=0.005933 | val=nan | lr=0.0016954 | t_train=12.91 | t_val=12.25 | mem=383.9 | psnr_b100=27.124, psnr_set14=27.623, psnr_set5=31.426, psnr_urban100=24.917, ssim_b100=0.722, ssim_set14=0.849, ssim_set5=0.899, ssim_urban100=0.950 |
   314 | train=0.007146 | val=nan | lr=0.0016922 | t_train=12.90 | t_val=12.16 | mem=383.9 | psnr_b100=27.089, psnr_set14=27.587, psnr_set5=31.394, psnr_urban100=24.874, ssim_b100=0.722, ssim_set14=0.849, ssim_set5=0.899, ssim_urban100=0.950 |
   315 | train=0.006755 | val=nan | lr=0.001689 | t_train=12.85 | t_val=12.18 | mem=383.9 | psnr_b100=27.012, psnr_set14=27.456, psnr_set5=31.178, psnr_urban100=24.774, ssim_b100=0.719, ssim_set14=0.847, ssim_set5=0.895, ssim_urban100=0.949 |
   316 | train=0.006374 | val=nan | lr=0.0016858 | t_train=12.84 | t_val=12.17 | mem=383.9 | psnr_b100=27.084, psnr_set14=27.572, psnr_set5=31.343, psnr_urban100=24.888, ssim_b100=0.721, ssim_set14=0.849, ssim_set5=0.898, ssim_urban100=0.950 |
   317 | train=0.005263 | val=nan | lr=0.0016826 | t_train=12.83 | t_val=12.17 | mem=383.9 | psnr_b100=27.088, psnr_set14=27.622, psnr_set5=31.385, psnr_urban100=24.894, ssim_b100=0.721, ssim_set14=0.849, ssim_set5=0.899, ssim_urban100=0.950 |
   318 | train=0.006932 | val=nan | lr=0.0016794 | t_train=12.90 | t_val=12.25 | mem=383.9 | psnr_b100=27.100, psnr_set14=27.550, psnr_set5=31.348, psnr_urban100=24.863, ssim_b100=0.721, ssim_set14=0.848, ssim_set5=0.898, ssim_urban100=0.950 |
   319 | train=0.005724 | val=nan | lr=0.0016762 | t_train=12.86 | t_val=12.20 | mem=383.9 | psnr_b100=27.077, psnr_set14=27.588, psnr_set5=31.293, psnr_urban100=24.896, ssim_b100=0.721, ssim_set14=0.849, ssim_set5=0.898, ssim_urban100=0.950 |
   320 | train=0.007072 | val=nan | lr=0.001673 | t_train=12.88 | t_val=12.22 | mem=383.9 | psnr_b100=27.099, psnr_set14=27.616, psnr_set5=31.410, psnr_urban100=24.930, ssim_b100=0.721, ssim_set14=0.849, ssim_set5=0.899, ssim_urban100=0.951 |
   321 | train=0.005306 | val=nan | lr=0.0016699 | t_train=12.85 | t_val=12.19 | mem=383.9 | psnr_b100=27.030, psnr_set14=27.479, psnr_set5=31.260, psnr_urban100=24.811, ssim_b100=0.719, ssim_set14=0.847, ssim_set5=0.896, ssim_urban100=0.949 |
   322 | train=0.005978 | val=nan | lr=0.0016667 | t_train=12.86 | t_val=12.20 | mem=383.9 | psnr_b100=27.096, psnr_set14=27.609, psnr_set5=31.376, psnr_urban100=24.923, ssim_b100=0.721, ssim_set14=0.849, ssim_set5=0.898, ssim_urban100=0.950 |
   323 | train=0.006024 | val=nan | lr=0.0016635 | t_train=12.89 | t_val=12.23 | mem=383.9 | psnr_b100=27.040, psnr_set14=27.537, psnr_set5=31.293, psnr_urban100=24.807, ssim_b100=0.719, ssim_set14=0.847, ssim_set5=0.897, ssim_urban100=0.949 |
   324 | train=0.006174 | val=nan | lr=0.0016604 | t_train=12.83 | t_val=12.17 | mem=383.9 | psnr_b100=27.043, psnr_set14=27.512, psnr_set5=31.226, psnr_urban100=24.789, ssim_b100=0.720, ssim_set14=0.848, ssim_set5=0.895, ssim_urban100=0.949 |
   325 | train=0.006480 | val=nan | lr=0.0016572 | t_train=12.82 | t_val=12.17 | mem=383.9 | psnr_b100=27.012, psnr_set14=27.505, psnr_set5=31.231, psnr_urban100=24.834, ssim_b100=0.719, ssim_set14=0.847, ssim_set5=0.896, ssim_urban100=0.949 |
   326 | train=0.007438 | val=nan | lr=0.0016541 | t_train=12.85 | t_val=12.20 | mem=383.9 | psnr_b100=27.126, psnr_set14=27.629, psnr_set5=31.446, psnr_urban100=24.932, ssim_b100=0.722, ssim_set14=0.849, ssim_set5=0.899, ssim_urban100=0.950 |
   327 | train=0.005265 | val=nan | lr=0.0016509 | t_train=12.86 | t_val=12.20 | mem=383.9 | psnr_b100=27.057, psnr_set14=27.531, psnr_set5=31.280, psnr_urban100=24.825, ssim_b100=0.720, ssim_set14=0.848, ssim_set5=0.896, ssim_urban100=0.949 |
   328 | train=0.005638 | val=nan | lr=0.0016478 | t_train=12.86 | t_val=12.20 | mem=383.9 | psnr_b100=27.030, psnr_set14=27.492, psnr_set5=31.178, psnr_urban100=24.772, ssim_b100=0.720, ssim_set14=0.847, ssim_set5=0.895, ssim_urban100=0.949 |
   329 | train=0.006840 | val=nan | lr=0.0016447 | t_train=12.80 | t_val=12.15 | mem=383.9 | psnr_b100=27.078, psnr_set14=27.530, psnr_set5=31.323, psnr_urban100=24.858, ssim_b100=0.721, ssim_set14=0.847, ssim_set5=0.897, ssim_urban100=0.950 |
   330 | train=0.005552 | val=nan | lr=0.0016415 | t_train=12.80 | t_val=12.15 | mem=383.9 | psnr_b100=26.981, psnr_set14=27.412, psnr_set5=31.159, psnr_urban100=24.730, ssim_b100=0.718, ssim_set14=0.845, ssim_set5=0.894, ssim_urban100=0.948 |
   331 | train=0.006044 | val=nan | lr=0.0016384 | t_train=12.87 | t_val=12.21 | mem=383.9 | psnr_b100=27.049, psnr_set14=27.540, psnr_set5=31.312, psnr_urban100=24.824, ssim_b100=0.720, ssim_set14=0.848, ssim_set5=0.898, ssim_urban100=0.950 |
   332 | train=0.005454 | val=nan | lr=0.0016353 | t_train=12.90 | t_val=12.21 | mem=383.9 | psnr_b100=27.029, psnr_set14=27.504, psnr_set5=31.234, psnr_urban100=24.837, ssim_b100=0.720, ssim_set14=0.847, ssim_set5=0.895, ssim_urban100=0.950 |
   333 | train=0.006058 | val=nan | lr=0.0016322 | t_train=12.85 | t_val=12.20 | mem=383.9 | psnr_b100=26.987, psnr_set14=27.449, psnr_set5=31.160, psnr_urban100=24.808, ssim_b100=0.718, ssim_set14=0.846, ssim_set5=0.894, ssim_urban100=0.949 |
   334 | train=0.006291 | val=nan | lr=0.0016291 | t_train=12.83 | t_val=12.17 | mem=383.9 | psnr_b100=26.985, psnr_set14=27.422, psnr_set5=31.146, psnr_urban100=24.712, ssim_b100=0.718, ssim_set14=0.846, ssim_set5=0.894, ssim_urban100=0.948 |
   335 | train=0.007045 | val=nan | lr=0.001626 | t_train=12.85 | t_val=12.19 | mem=383.9 | psnr_b100=27.004, psnr_set14=27.470, psnr_set5=31.155, psnr_urban100=24.783, ssim_b100=0.719, ssim_set14=0.847, ssim_set5=0.895, ssim_urban100=0.949 |
   336 | train=0.007646 | val=nan | lr=0.0016229 | t_train=12.82 | t_val=12.16 | mem=383.9 | psnr_b100=27.007, psnr_set14=27.496, psnr_set5=31.189, psnr_urban100=24.804, ssim_b100=0.719, ssim_set14=0.847, ssim_set5=0.895, ssim_urban100=0.949 |
   337 | train=0.005972 | val=nan | lr=0.0016199 | t_train=13.31 | t_val=12.64 | mem=383.9 | psnr_b100=27.056, psnr_set14=27.520, psnr_set5=31.273, psnr_urban100=24.869, ssim_b100=0.719, ssim_set14=0.847, ssim_set5=0.896, ssim_urban100=0.950 |
   338 | train=0.004632 | val=nan | lr=0.0016168 | t_train=12.90 | t_val=12.23 | mem=383.9 | psnr_b100=26.973, psnr_set14=27.452, psnr_set5=31.155, psnr_urban100=24.765, ssim_b100=0.718, ssim_set14=0.845, ssim_set5=0.894, ssim_urban100=0.948 |
   339 | train=0.006188 | val=nan | lr=0.0016137 | t_train=12.88 | t_val=12.22 | mem=383.9 | psnr_b100=27.075, psnr_set14=27.554, psnr_set5=31.302, psnr_urban100=24.848, ssim_b100=0.721, ssim_set14=0.848, ssim_set5=0.896, ssim_urban100=0.950 |
   340 | train=0.007164 | val=nan | lr=0.0016106 | t_train=12.93 | t_val=12.18 | mem=383.9 | psnr_b100=27.045, psnr_set14=27.497, psnr_set5=31.259, psnr_urban100=24.797, ssim_b100=0.721, ssim_set14=0.847, ssim_set5=0.897, ssim_urban100=0.949 |
   341 | train=0.005205 | val=nan | lr=0.0016076 | t_train=12.91 | t_val=12.24 | mem=383.9 | psnr_b100=27.115, psnr_set14=27.611, psnr_set5=31.367, psnr_urban100=24.947, ssim_b100=0.721, ssim_set14=0.849, ssim_set5=0.898, ssim_urban100=0.951 |
   342 | train=0.006583 | val=nan | lr=0.0016045 | t_train=12.84 | t_val=12.19 | mem=383.9 | psnr_b100=27.084, psnr_set14=27.565, psnr_set5=31.368, psnr_urban100=24.853, ssim_b100=0.721, ssim_set14=0.848, ssim_set5=0.898, ssim_urban100=0.949 |
   343 | train=0.006027 | val=nan | lr=0.0016015 | t_train=12.85 | t_val=12.19 | mem=383.9 | psnr_b100=27.137, psnr_set14=27.663, psnr_set5=31.471, psnr_urban100=24.943, ssim_b100=0.722, ssim_set14=0.849, ssim_set5=0.900, ssim_urban100=0.951 |
   344 | train=0.005694 | val=nan | lr=0.0015985 | t_train=12.84 | t_val=12.18 | mem=383.9 | psnr_b100=27.077, psnr_set14=27.563, psnr_set5=31.394, psnr_urban100=24.857, ssim_b100=0.721, ssim_set14=0.848, ssim_set5=0.898, ssim_urban100=0.950 |
   345 | train=0.006613 | val=nan | lr=0.0015954 | t_train=12.94 | t_val=12.28 | mem=383.9 | psnr_b100=27.011, psnr_set14=27.483, psnr_set5=31.211, psnr_urban100=24.777, ssim_b100=0.719, ssim_set14=0.847, ssim_set5=0.895, ssim_urban100=0.948 |
   346 | train=0.005440 | val=nan | lr=0.0015924 | t_train=12.97 | t_val=12.24 | mem=383.9 | psnr_b100=27.052, psnr_set14=27.493, psnr_set5=31.249, psnr_urban100=24.792, ssim_b100=0.720, ssim_set14=0.847, ssim_set5=0.895, ssim_urban100=0.949 |
   347 | train=0.006870 | val=nan | lr=0.0015894 | t_train=12.88 | t_val=12.21 | mem=383.9 | psnr_b100=27.075, psnr_set14=27.546, psnr_set5=31.354, psnr_urban100=24.866, ssim_b100=0.721, ssim_set14=0.849, ssim_set5=0.899, ssim_urban100=0.950 |
   348 | train=0.005485 | val=nan | lr=0.0015863 | t_train=12.89 | t_val=12.22 | mem=383.9 | psnr_b100=26.964, psnr_set14=27.417, psnr_set5=31.113, psnr_urban100=24.762, ssim_b100=0.717, ssim_set14=0.845, ssim_set5=0.894, ssim_urban100=0.948 |
   349 | train=0.007103 | val=nan | lr=0.0015833 | t_train=12.96 | t_val=12.31 | mem=383.9 | psnr_b100=27.041, psnr_set14=27.492, psnr_set5=31.283, psnr_urban100=24.800, ssim_b100=0.720, ssim_set14=0.847, ssim_set5=0.897, ssim_urban100=0.949 |
   350 | train=0.006159 | val=nan | lr=0.0015803 | t_train=12.80 | t_val=12.14 | mem=383.9 | psnr_b100=27.107, psnr_set14=27.550, psnr_set5=31.333, psnr_urban100=24.894, ssim_b100=0.722, ssim_set14=0.848, ssim_set5=0.897, ssim_urban100=0.951 |
   351 | train=0.004588 | val=nan | lr=0.0015773 | t_train=12.84 | t_val=12.18 | mem=383.9 | psnr_b100=27.094, psnr_set14=27.541, psnr_set5=31.362, psnr_urban100=24.881, ssim_b100=0.721, ssim_set14=0.848, ssim_set5=0.898, ssim_urban100=0.950 |
   352 | train=0.005055 | val=nan | lr=0.0015743 | t_train=12.85 | t_val=12.19 | mem=383.9 | psnr_b100=27.061, psnr_set14=27.551, psnr_set5=31.297, psnr_urban100=24.833, ssim_b100=0.720, ssim_set14=0.847, ssim_set5=0.896, ssim_urban100=0.950 |
   353 | train=0.007236 | val=nan | lr=0.0015714 | t_train=12.82 | t_val=12.16 | mem=383.9 | psnr_b100=27.061, psnr_set14=27.521, psnr_set5=31.270, psnr_urban100=24.832, ssim_b100=0.720, ssim_set14=0.848, ssim_set5=0.896, ssim_urban100=0.950 |
   354 | train=0.005870 | val=nan | lr=0.0015684 | t_train=12.83 | t_val=12.18 | mem=383.9 | psnr_b100=27.018, psnr_set14=27.480, psnr_set5=31.211, psnr_urban100=24.783, ssim_b100=0.719, ssim_set14=0.846, ssim_set5=0.894, ssim_urban100=0.949 |
   355 | train=0.009394 | val=nan | lr=0.0015654 | t_train=12.83 | t_val=12.15 | mem=383.9 | psnr_b100=27.075, psnr_set14=27.611, psnr_set5=31.334, psnr_urban100=24.908, ssim_b100=0.721, ssim_set14=0.849, ssim_set5=0.897, ssim_urban100=0.951 |
   356 | train=0.007653 | val=nan | lr=0.0015624 | t_train=12.80 | t_val=12.14 | mem=383.9 | psnr_b100=27.046, psnr_set14=27.543, psnr_set5=31.343, psnr_urban100=24.786, ssim_b100=0.719, ssim_set14=0.847, ssim_set5=0.897, ssim_urban100=0.949 |
   357 | train=0.005277 | val=nan | lr=0.0015595 | t_train=12.85 | t_val=12.19 | mem=383.9 | psnr_b100=27.002, psnr_set14=27.444, psnr_set5=31.183, psnr_urban100=24.791, ssim_b100=0.718, ssim_set14=0.846, ssim_set5=0.893, ssim_urban100=0.949 |
   358 | train=0.004826 | val=nan | lr=0.0015565 | t_train=12.84 | t_val=12.18 | mem=383.9 | psnr_b100=27.018, psnr_set14=27.474, psnr_set5=31.272, psnr_urban100=24.783, ssim_b100=0.719, ssim_set14=0.846, ssim_set5=0.896, ssim_urban100=0.949 |
   359 | train=0.006241 | val=nan | lr=0.0015535 | t_train=12.91 | t_val=12.25 | mem=383.9 | psnr_b100=27.055, psnr_set14=27.538, psnr_set5=31.306, psnr_urban100=24.824, ssim_b100=0.719, ssim_set14=0.847, ssim_set5=0.896, ssim_urban100=0.949 |
   360 | train=0.006120 | val=nan | lr=0.0015506 | t_train=12.83 | t_val=12.17 | mem=383.9 | psnr_b100=27.060, psnr_set14=27.511, psnr_set5=31.253, psnr_urban100=24.814, ssim_b100=0.720, ssim_set14=0.847, ssim_set5=0.896, ssim_urban100=0.949 |
   361 | train=0.007351 | val=nan | lr=0.0015476 | t_train=12.85 | t_val=12.18 | mem=383.9 | psnr_b100=26.961, psnr_set14=27.382, psnr_set5=31.133, psnr_urban100=24.709, ssim_b100=0.717, ssim_set14=0.844, ssim_set5=0.893, ssim_urban100=0.947 |
   362 | train=0.006602 | val=nan | lr=0.0015447 | t_train=12.80 | t_val=12.15 | mem=383.9 | psnr_b100=26.998, psnr_set14=27.433, psnr_set5=31.213, psnr_urban100=24.754, ssim_b100=0.718, ssim_set14=0.845, ssim_set5=0.895, ssim_urban100=0.948 |
   363 | train=0.005216 | val=nan | lr=0.0015418 | t_train=13.03 | t_val=12.36 | mem=383.9 | psnr_b100=27.055, psnr_set14=27.529, psnr_set5=31.296, psnr_urban100=24.849, ssim_b100=0.720, ssim_set14=0.848, ssim_set5=0.897, ssim_urban100=0.950 |
   364 | train=0.005642 | val=nan | lr=0.0015388 | t_train=12.80 | t_val=12.14 | mem=383.9 | psnr_b100=27.084, psnr_set14=27.563, psnr_set5=31.329, psnr_urban100=24.886, ssim_b100=0.721, ssim_set14=0.848, ssim_set5=0.897, ssim_urban100=0.950 |
   365 | train=0.005873 | val=nan | lr=0.0015359 | t_train=12.90 | t_val=12.22 | mem=383.9 | psnr_b100=27.074, psnr_set14=27.572, psnr_set5=31.349, psnr_urban100=24.863, ssim_b100=0.720, ssim_set14=0.848, ssim_set5=0.898, ssim_urban100=0.950 |
   366 | train=0.006190 | val=nan | lr=0.001533 | t_train=12.83 | t_val=12.17 | mem=383.9 | psnr_b100=27.066, psnr_set14=27.544, psnr_set5=31.365, psnr_urban100=24.847, ssim_b100=0.720, ssim_set14=0.848, ssim_set5=0.898, ssim_urban100=0.950 |
   367 | train=0.005398 | val=nan | lr=0.0015301 | t_train=12.86 | t_val=12.20 | mem=383.9 | psnr_b100=27.065, psnr_set14=27.563, psnr_set5=31.367, psnr_urban100=24.900, ssim_b100=0.720, ssim_set14=0.848, ssim_set5=0.898, ssim_urban100=0.950 |
   368 | train=0.007019 | val=nan | lr=0.0015272 | t_train=12.90 | t_val=12.23 | mem=383.9 | psnr_b100=27.095, psnr_set14=27.616, psnr_set5=31.384, psnr_urban100=24.885, ssim_b100=0.721, ssim_set14=0.849, ssim_set5=0.898, ssim_urban100=0.950 |
   369 | train=0.008073 | val=nan | lr=0.0015243 | t_train=12.85 | t_val=12.19 | mem=383.9 | psnr_b100=27.017, psnr_set14=27.471, psnr_set5=31.256, psnr_urban100=24.748, ssim_b100=0.719, ssim_set14=0.847, ssim_set5=0.896, ssim_urban100=0.948 |
