     0 | base=nan | val=0.236715 | acc1=nan | Wμ=nan | Aμ=nan | Wmax=nan | Amax=nan |LR=nan | ‖g‖=nan | satA=nan | satW=nan | εμ=nan | εvar=nan | corr(ε,x)=nan | t=nans
     0 | base=nan | val=0.236732 | acc1=0.9282 | Wμ=11.186 | Aμ=20.000 | Wmax=12.916 | Amax=13.744 |LR=nan | ‖g‖=nan | satA=nan | satW=nan | εμ=nan | εvar=nan | corr(ε,x)=nan | t=nans
     0 | base=nan | val=0.236786 | acc1=0.9281 | Wμ=9.786 | Aμ=20.000 | Wmax=10.000 | Amax=13.743 |LR=nan | ‖g‖=nan | satA=nan | satW=nan | εμ=nan | εvar=nan | corr(ε,x)=nan | t=nans
     0 | base=nan | val=0.236878 | acc1=0.9281 | Wμ=9.786 | Aμ=10.000 | Wmax=10.000 | Amax=9.994 |LR=nan | ‖g‖=nan | satA=nan | satW=nan | εμ=nan | εvar=nan | corr(ε,x)=nan | t=nans
# epoch | BaseLoss | ValLoss | Acc@1 | MeanWBits | MeanABits | MaxWBits | MaxABits | LR | GradNorm | WSat | ASat | NoiseMean | NoiseVar | NoiseCorr | Temp | EpochTime(s)
     0 | base=nan | val=0.213726 | acc1=0.9335 | Wμ=9.786 | Aμ=10.000 | Wmax=10.000 | Amax=10.000 |LR=nan | ‖g‖=nan | satA=nan | satW=nan | εμ=nan | εvar=nan | corr(ε,x)=nan | t=nans
     1 | base=0.003417 | val=0.236700 | acc1=0.9280 | Wμ=9.786 | Aμ=10.001 | Wmax=10.003 | Amax=9.995 |LR=0.000198 | ‖g‖=nan | satA=nan | satW=nan | εμ=nan | εvar=nan | corr(ε,x)=nan | t=nans
     3 | base=0.002439 | val=0.238219 | acc1=0.9267 | Wμ=9.786 | Aμ=10.004 | Wmax=10.008 | Amax=9.997 |LR=0.000398 | ‖g‖=nan | satA=nan | satW=nan | εμ=nan | εvar=nan | corr(ε,x)=nan | t=nans
     5 | base=0.003098 | val=0.238343 | acc1=0.9270 | Wμ=9.786 | Aμ=10.009 | Wmax=10.014 | Amax=10.001 |LR=0.000598 | ‖g‖=nan | satA=nan | satW=nan | εμ=nan | εvar=nan | corr(ε,x)=nan | t=nans
     7 | base=0.004836 | val=0.239406 | acc1=0.9261 | Wμ=9.787 | Aμ=10.019 | Wmax=10.025 | Amax=10.013 |LR=0.000798 | ‖g‖=nan | satA=nan | satW=nan | εμ=nan | εvar=nan | corr(ε,x)=nan | t=nans
     9 | base=0.006410 | val=0.247239 | acc1=0.9232 | Wμ=9.789 | Aμ=10.031 | Wmax=10.039 | Amax=10.012 |LR=0.000998 | ‖g‖=nan | satA=nan | satW=nan | εμ=nan | εvar=nan | corr(ε,x)=nan | t=nans
    11 | base=0.010203 | val=0.241437 | acc1=0.9236 | Wμ=9.793 | Aμ=10.045 | Wmax=10.071 | Amax=10.029 |LR=0.001198 | ‖g‖=nan | satA=nan | satW=nan | εμ=nan | εvar=nan | corr(ε,x)=nan | t=nans
    13 | base=0.020661 | val=0.250778 | acc1=0.9227 | Wμ=9.802 | Aμ=10.053 | Wmax=10.157 | Amax=10.051 |LR=0.001398 | ‖g‖=nan | satA=nan | satW=nan | εμ=nan | εvar=nan | corr(ε,x)=nan | t=nans
    15 | base=0.030434 | val=0.260150 | acc1=0.9170 | Wμ=9.813 | Aμ=10.061 | Wmax=10.182 | Amax=10.051 |LR=0.001598 | ‖g‖=nan | satA=nan | satW=nan | εμ=nan | εvar=nan | corr(ε,x)=nan | t=nans
    17 | base=0.052963 | val=0.255391 | acc1=0.9209 | Wμ=9.828 | Aμ=10.076 | Wmax=10.280 | Amax=10.061 |LR=0.001798 | ‖g‖=nan | satA=nan | satW=nan | εμ=nan | εvar=nan | corr(ε,x)=nan | t=nans
    19 | base=0.048616 | val=0.265463 | acc1=0.9160 | Wμ=9.848 | Aμ=10.083 | Wmax=10.274 | Amax=10.096 |LR=0.001998 | ‖g‖=nan | satA=nan | satW=nan | εμ=nan | εvar=nan | corr(ε,x)=nan | t=nans
    21 | base=0.049412 | val=0.268580 | acc1=0.9153 | Wμ=9.582 | Aμ=9.849 | Wmax=10.025 | Amax=10.053 |LR=0.002 | ‖g‖=nan | satA=nan | satW=nan | εμ=nan | εvar=nan | corr(ε,x)=nan | t=nans
    23 | base=0.037700 | val=0.255834 | acc1=0.9197 | Wμ=9.075 | Aμ=9.536 | Wmax=9.642 | Amax=10.002 |LR=0.002 | ‖g‖=nan | satA=nan | satW=nan | εμ=nan | εvar=nan | corr(ε,x)=nan | t=nans
    25 | base=0.039039 | val=0.270233 | acc1=0.9165 | Wμ=8.601 | Aμ=9.196 | Wmax=9.269 | Amax=9.938 |LR=0.002 | ‖g‖=nan | satA=nan | satW=nan | εμ=nan | εvar=nan | corr(ε,x)=nan | t=nans
    27 | base=0.033931 | val=0.252626 | acc1=0.9202 | Wμ=8.155 | Aμ=8.840 | Wmax=8.892 | Amax=9.836 |LR=0.002 | ‖g‖=nan | satA=nan | satW=nan | εμ=nan | εvar=nan | corr(ε,x)=nan | t=nans
    29 | base=0.040506 | val=0.260401 | acc1=0.9179 | Wμ=7.741 | Aμ=8.490 | Wmax=8.562 | Amax=9.681 |LR=0.002 | ‖g‖=nan | satA=nan | satW=nan | εμ=nan | εvar=nan | corr(ε,x)=nan | t=nans
    31 | base=0.039655 | val=0.257521 | acc1=0.9184 | Wμ=7.313 | Aμ=8.149 | Wmax=8.214 | Amax=9.498 |LR=0.002 | ‖g‖=nan | satA=nan | satW=nan | εμ=nan | εvar=nan | corr(ε,x)=nan | t=nans
    33 | base=0.042066 | val=0.255032 | acc1=0.9193 | Wμ=6.911 | Aμ=7.808 | Wmax=7.870 | Amax=9.265 |LR=0.002 | ‖g‖=nan | satA=nan | satW=nan | εμ=nan | εvar=nan | corr(ε,x)=nan | t=nans
    35 | base=0.038942 | val=0.255462 | acc1=0.9200 | Wμ=6.518 | Aμ=7.484 | Wmax=7.547 | Amax=8.951 |LR=0.002 | ‖g‖=nan | satA=nan | satW=nan | εμ=nan | εvar=nan | corr(ε,x)=nan | t=nans
    37 | base=0.047353 | val=0.265785 | acc1=0.9158 | Wμ=6.144 | Aμ=7.169 | Wmax=7.219 | Amax=8.693 |LR=0.002 | ‖g‖=nan | satA=nan | satW=nan | εμ=nan | εvar=nan | corr(ε,x)=nan | t=nans
    39 | base=0.044536 | val=0.260625 | acc1=0.9185 | Wμ=5.774 | Aμ=6.898 | Wmax=6.907 | Amax=8.397 |LR=0.002 | ‖g‖=nan | satA=nan | satW=nan | εμ=nan | εvar=nan | corr(ε,x)=nan | t=nans
    41 | base=0.059564 | val=0.285438 | acc1=0.9104 | Wμ=5.413 | Aμ=6.628 | Wmax=6.615 | Amax=8.180 |LR=0.002 | ‖g‖=nan | satA=nan | satW=nan | εμ=nan | εvar=nan | corr(ε,x)=nan | t=nans
    43 | base=0.065130 | val=0.277271 | acc1=0.9135 | Wμ=5.067 | Aμ=6.390 | Wmax=6.322 | Amax=7.931 |LR=0.002 | ‖g‖=nan | satA=nan | satW=nan | εμ=nan | εvar=nan | corr(ε,x)=nan | t=nans
    45 | base=0.058501 | val=0.266955 | acc1=0.9165 | Wμ=4.714 | Aμ=6.154 | Wmax=6.044 | Amax=7.665 |LR=0.002 | ‖g‖=nan | satA=nan | satW=nan | εμ=nan | εvar=nan | corr(ε,x)=nan | t=nans
    47 | base=0.071920 | val=0.310631 | acc1=0.9047 | Wμ=4.378 | Aμ=5.939 | Wmax=5.755 | Amax=7.492 |LR=0.002 | ‖g‖=nan | satA=nan | satW=nan | εμ=nan | εvar=nan | corr(ε,x)=nan | t=nans
    49 | base=0.082245 | val=0.298990 | acc1=0.9074 | Wμ=4.054 | Aμ=5.741 | Wmax=5.459 | Amax=7.257 |LR=0.002 | ‖g‖=nan | satA=nan | satW=nan | εμ=nan | εvar=nan | corr(ε,x)=nan | t=nans
    51 | base=0.098202 | val=0.308001 | acc1=0.9028 | Wμ=3.730 | Aμ=5.579 | Wmax=5.209 | Amax=7.109 |LR=0.002 | ‖g‖=nan | satA=nan | satW=nan | εμ=nan | εvar=nan | corr(ε,x)=nan | t=nans
    53 | base=0.095943 | val=0.302311 | acc1=0.9071 | Wμ=3.432 | Aμ=5.437 | Wmax=4.954 | Amax=6.966 |LR=0.002 | ‖g‖=nan | satA=nan | satW=nan | εμ=nan | εvar=nan | corr(ε,x)=nan | t=nans
    55 | base=0.115444 | val=0.299739 | acc1=0.9047 | Wμ=3.141 | Aμ=5.301 | Wmax=4.700 | Amax=6.768 |LR=0.002 | ‖g‖=nan | satA=nan | satW=nan | εμ=nan | εvar=nan | corr(ε,x)=nan | t=nans
    57 | base=0.157637 | val=0.348386 | acc1=0.8923 | Wμ=2.875 | Aμ=5.188 | Wmax=4.459 | Amax=6.629 |LR=0.002 | ‖g‖=nan | satA=nan | satW=nan | εμ=nan | εvar=nan | corr(ε,x)=nan | t=nans
    59 | base=0.134588 | val=0.353662 | acc1=0.8938 | Wμ=2.634 | Aμ=5.087 | Wmax=4.248 | Amax=6.443 |LR=0.002 | ‖g‖=nan | satA=nan | satW=nan | εμ=nan | εvar=nan | corr(ε,x)=nan | t=nans
    61 | base=0.148686 | val=0.331042 | acc1=0.8973 | Wμ=2.421 | Aμ=4.987 | Wmax=4.000 | Amax=6.322 |LR=0.002 | ‖g‖=nan | satA=nan | satW=nan | εμ=nan | εvar=nan | corr(ε,x)=nan | t=nans
    63 | base=0.183045 | val=0.379507 | acc1=0.8823 | Wμ=2.221 | Aμ=4.883 | Wmax=3.907 | Amax=6.170 |LR=0.002 | ‖g‖=nan | satA=nan | satW=nan | εμ=nan | εvar=nan | corr(ε,x)=nan | t=nans
    65 | base=0.172151 | val=0.369478 | acc1=0.8875 | Wμ=2.051 | Aμ=4.777 | Wmax=3.700 | Amax=6.022 |LR=0.002 | ‖g‖=nan | satA=nan | satW=nan | εμ=nan | εvar=nan | corr(ε,x)=nan | t=nans
    67 | base=0.216809 | val=0.377219 | acc1=0.8796 | Wμ=1.914 | Aμ=4.694 | Wmax=3.585 | Amax=5.954 |LR=0.002 | ‖g‖=nan | satA=nan | satW=nan | εμ=nan | εvar=nan | corr(ε,x)=nan | t=nans
    69 | base=0.229374 | val=0.375983 | acc1=0.8795 | Wμ=1.803 | Aμ=4.607 | Wmax=3.322 | Amax=5.833 |LR=0.002 | ‖g‖=nan | satA=nan | satW=nan | εμ=nan | εvar=nan | corr(ε,x)=nan | t=nans
    71 | base=0.272683 | val=0.473056 | acc1=0.8488 | Wμ=1.702 | Aμ=4.503 | Wmax=3.170 | Amax=5.728 |LR=0.002 | ‖g‖=nan | satA=nan | satW=nan | εμ=nan | εvar=nan | corr(ε,x)=nan | t=nans
    73 | base=0.319365 | val=0.479202 | acc1=0.8546 | Wμ=1.608 | Aμ=4.400 | Wmax=3.170 | Amax=5.615 |LR=0.002 | ‖g‖=nan | satA=nan | satW=nan | εμ=nan | εvar=nan | corr(ε,x)=nan | t=nans
    75 | base=0.376503 | val=0.920952 | acc1=0.7496 | Wμ=1.539 | Aμ=4.306 | Wmax=3.000 | Amax=5.524 |LR=0.002 | ‖g‖=nan | satA=nan | satW=nan | εμ=nan | εvar=nan | corr(ε,x)=nan | t=nans
    77 | base=0.401270 | val=0.525358 | acc1=0.8334 | Wμ=1.478 | Aμ=4.218 | Wmax=3.170 | Amax=5.426 |LR=0.002 | ‖g‖=nan | satA=nan | satW=nan | εμ=nan | εvar=nan | corr(ε,x)=nan | t=nans
    79 | base=0.358688 | val=0.660857 | acc1=0.8103 | Wμ=1.423 | Aμ=4.117 | Wmax=3.000 | Amax=5.248 |LR=0.002 | ‖g‖=nan | satA=nan | satW=nan | εμ=nan | εvar=nan | corr(ε,x)=nan | t=nans
    81 | base=0.407131 | val=0.606712 | acc1=0.8152 | Wμ=1.378 | Aμ=4.024 | Wmax=2.807 | Amax=5.170 |LR=0.002 | ‖g‖=nan | satA=nan | satW=nan | εμ=nan | εvar=nan | corr(ε,x)=nan | t=nans
    83 | base=0.437619 | val=0.715905 | acc1=0.7775 | Wμ=1.338 | Aμ=3.907 | Wmax=2.807 | Amax=5.000 |LR=0.002 | ‖g‖=nan | satA=nan | satW=nan | εμ=nan | εvar=nan | corr(ε,x)=nan | t=nans
    85 | base=0.439460 | val=0.837512 | acc1=0.7249 | Wμ=1.301 | Aμ=3.789 | Wmax=2.585 | Amax=4.858 |LR=0.002 | ‖g‖=nan | satA=nan | satW=nan | εμ=nan | εvar=nan | corr(ε,x)=nan | t=nans
    87 | base=0.569299 | val=0.783331 | acc1=0.7569 | Wμ=1.267 | Aμ=3.669 | Wmax=2.585 | Amax=4.700 |LR=0.002 | ‖g‖=nan | satA=nan | satW=nan | εμ=nan | εvar=nan | corr(ε,x)=nan | t=nans
    89 | base=0.481560 | val=1.409985 | acc1=0.6348 | Wμ=1.232 | Aμ=3.535 | Wmax=2.322 | Amax=4.524 |LR=0.002 | ‖g‖=nan | satA=nan | satW=nan | εμ=nan | εvar=nan | corr(ε,x)=nan | t=nans
    91 | base=0.495005 | val=1.118847 | acc1=0.6954 | Wμ=1.199 | Aμ=3.393 | Wmax=2.322 | Amax=4.322 |LR=0.002 | ‖g‖=nan | satA=nan | satW=nan | εμ=nan | εvar=nan | corr(ε,x)=nan | t=nans
    93 | base=0.515092 | val=0.866272 | acc1=0.7515 | Wμ=1.168 | Aμ=3.253 | Wmax=2.322 | Amax=4.170 |LR=0.002 | ‖g‖=nan | satA=nan | satW=nan | εμ=nan | εvar=nan | corr(ε,x)=nan | t=nans
    95 | base=0.457574 | val=0.839053 | acc1=0.7522 | Wμ=1.142 | Aμ=3.132 | Wmax=2.322 | Amax=3.907 |LR=0.002 | ‖g‖=nan | satA=nan | satW=nan | εμ=nan | εvar=nan | corr(ε,x)=nan | t=nans
    97 | base=0.550673 | val=0.886447 | acc1=0.7467 | Wμ=1.119 | Aμ=2.985 | Wmax=2.000 | Amax=3.700 |LR=0.002 | ‖g‖=nan | satA=nan | satW=nan | εμ=nan | εvar=nan | corr(ε,x)=nan | t=nans
    99 | base=0.535083 | val=1.177209 | acc1=0.6533 | Wμ=1.099 | Aμ=2.873 | Wmax=2.000 | Amax=3.459 |LR=0.002 | ‖g‖=nan | satA=nan | satW=nan | εμ=nan | εvar=nan | corr(ε,x)=nan | t=nans
   101 | base=0.462160 | val=0.628825 | acc1=0.8043 | Wμ=1.079 | Aμ=2.728 | Wmax=2.000 | Amax=3.322 |LR=0.002 | ‖g‖=nan | satA=nan | satW=nan | εμ=nan | εvar=nan | corr(ε,x)=nan | t=nans
   103 | base=0.528435 | val=0.621426 | acc1=0.8059 | Wμ=1.063 | Aμ=2.654 | Wmax=2.000 | Amax=3.000 |LR=0.002 | ‖g‖=nan | satA=nan | satW=nan | εμ=nan | εvar=nan | corr(ε,x)=nan | t=nans
   105 | base=0.506243 | val=0.946045 | acc1=0.7154 | Wμ=1.050 | Aμ=2.526 | Wmax=2.000 | Amax=2.807 |LR=0.002 | ‖g‖=nan | satA=nan | satW=nan | εμ=nan | εvar=nan | corr(ε,x)=nan | t=nans
   107 | base=0.564786 | val=1.000765 | acc1=0.7140 | Wμ=1.041 | Aμ=2.424 | Wmax=2.000 | Amax=2.807 |LR=0.002 | ‖g‖=nan | satA=nan | satW=nan | εμ=nan | εvar=nan | corr(ε,x)=nan | t=nans
   109 | base=0.636437 | val=0.932855 | acc1=0.7107 | Wμ=1.034 | Aμ=2.276 | Wmax=2.000 | Amax=2.585 |LR=0.002 | ‖g‖=nan | satA=nan | satW=nan | εμ=nan | εvar=nan | corr(ε,x)=nan | t=nans
   111 | base=0.564386 | val=0.843622 | acc1=0.7527 | Wμ=1.029 | Aμ=2.215 | Wmax=2.000 | Amax=2.585 |LR=0.002 | ‖g‖=nan | satA=nan | satW=nan | εμ=nan | εvar=nan | corr(ε,x)=nan | t=nans
   113 | base=0.655997 | val=0.820114 | acc1=0.7352 | Wμ=1.022 | Aμ=2.153 | Wmax=2.000 | Amax=2.585 |LR=0.002 | ‖g‖=nan | satA=nan | satW=nan | εμ=nan | εvar=nan | corr(ε,x)=nan | t=nans
   115 | base=0.706466 | val=0.695413 | acc1=0.7725 | Wμ=1.018 | Aμ=2.058 | Wmax=1.585 | Amax=2.585 |LR=0.002 | ‖g‖=nan | satA=nan | satW=nan | εμ=nan | εvar=nan | corr(ε,x)=nan | t=nans
   117 | base=0.694932 | val=0.827794 | acc1=0.7479 | Wμ=1.016 | Aμ=1.948 | Wmax=1.585 | Amax=2.322 |LR=0.002 | ‖g‖=nan | satA=nan | satW=nan | εμ=nan | εvar=nan | corr(ε,x)=nan | t=nans
   119 | base=0.761322 | val=1.478688 | acc1=0.5827 | Wμ=1.013 | Aμ=1.855 | Wmax=1.585 | Amax=2.322 |LR=0.002 | ‖g‖=nan | satA=nan | satW=nan | εμ=nan | εvar=nan | corr(ε,x)=nan | t=nans
   121 | base=0.753480 | val=0.632835 | acc1=0.7945 | Wμ=1.010 | Aμ=1.798 | Wmax=1.585 | Amax=2.000 |LR=0.002 | ‖g‖=nan | satA=nan | satW=nan | εμ=nan | εvar=nan | corr(ε,x)=nan | t=nans
   123 | base=0.733073 | val=1.554006 | acc1=0.5956 | Wμ=1.007 | Aμ=1.772 | Wmax=1.585 | Amax=2.322 |LR=0.002 | ‖g‖=nan | satA=nan | satW=nan | εμ=nan | εvar=nan | corr(ε,x)=nan | t=nans
   125 | base=0.776450 | val=0.880950 | acc1=0.7363 | Wμ=1.004 | Aμ=1.723 | Wmax=1.585 | Amax=2.322 |LR=0.002 | ‖g‖=nan | satA=nan | satW=nan | εμ=nan | εvar=nan | corr(ε,x)=nan | t=nans
   127 | base=0.959417 | val=0.961887 | acc1=0.7047 | Wμ=1.003 | Aμ=1.636 | Wmax=1.585 | Amax=2.000 |LR=0.002 | ‖g‖=nan | satA=nan | satW=nan | εμ=nan | εvar=nan | corr(ε,x)=nan | t=nans
   129 | base=0.811754 | val=1.064095 | acc1=0.6603 | Wμ=1.001 | Aμ=1.559 | Wmax=1.585 | Amax=2.000 |LR=0.002 | ‖g‖=nan | satA=nan | satW=nan | εμ=nan | εvar=nan | corr(ε,x)=nan | t=nans
   131 | base=0.837170 | val=0.968455 | acc1=0.7005 | Wμ=1.000 | Aμ=1.515 | Wmax=1.585 | Amax=2.000 |LR=0.002 | ‖g‖=nan | satA=nan | satW=nan | εμ=nan | εvar=nan | corr(ε,x)=nan | t=nans
   133 | base=0.759317 | val=0.727996 | acc1=0.7686 | Wμ=0.999 | Aμ=1.494 | Wmax=1.585 | Amax=2.000 |LR=0.002 | ‖g‖=nan | satA=nan | satW=nan | εμ=nan | εvar=nan | corr(ε,x)=nan | t=nans
   135 | base=0.906749 | val=0.808670 | acc1=0.7551 | Wμ=0.999 | Aμ=1.458 | Wmax=1.585 | Amax=2.000 |LR=0.002 | ‖g‖=nan | satA=nan | satW=nan | εμ=nan | εvar=nan | corr(ε,x)=nan | t=nans
   137 | base=0.927303 | val=1.223803 | acc1=0.6468 | Wμ=0.998 | Aμ=1.453 | Wmax=1.585 | Amax=2.000 |LR=0.002 | ‖g‖=nan | satA=nan | satW=nan | εμ=nan | εvar=nan | corr(ε,x)=nan | t=nans
   139 | base=0.973637 | val=0.861216 | acc1=0.7222 | Wμ=0.997 | Aμ=1.439 | Wmax=1.585 | Amax=2.000 |LR=0.002 | ‖g‖=nan | satA=nan | satW=nan | εμ=nan | εvar=nan | corr(ε,x)=nan | t=nans
   141 | base=0.956354 | val=0.849438 | acc1=0.7121 | Wμ=0.996 | Aμ=1.408 | Wmax=1.585 | Amax=2.000 |LR=0.002 | ‖g‖=nan | satA=nan | satW=nan | εμ=nan | εvar=nan | corr(ε,x)=nan | t=nans
   143 | base=0.954923 | val=0.690804 | acc1=0.7920 | Wμ=0.995 | Aμ=1.344 | Wmax=1.585 | Amax=2.000 |LR=0.002 | ‖g‖=nan | satA=nan | satW=nan | εμ=nan | εvar=nan | corr(ε,x)=nan | t=nans
   145 | base=0.892909 | val=0.650178 | acc1=0.7923 | Wμ=0.994 | Aμ=1.306 | Wmax=1.585 | Amax=1.585 |LR=0.002 | ‖g‖=nan | satA=nan | satW=nan | εμ=nan | εvar=nan | corr(ε,x)=nan | t=nans
   147 | base=0.969909 | val=0.767847 | acc1=0.7495 | Wμ=0.993 | Aμ=1.283 | Wmax=1.585 | Amax=1.585 |LR=0.002 | ‖g‖=nan | satA=nan | satW=nan | εμ=nan | εvar=nan | corr(ε,x)=nan | t=nans
   149 | base=1.056282 | val=0.782163 | acc1=0.7782 | Wμ=0.992 | Aμ=1.252 | Wmax=1.585 | Amax=1.585 |LR=0.002 | ‖g‖=nan | satA=nan | satW=nan | εμ=nan | εvar=nan | corr(ε,x)=nan | t=nans
   151 | base=0.909102 | val=0.850743 | acc1=0.7227 | Wμ=0.992 | Aμ=1.212 | Wmax=1.000 | Amax=1.585 |LR=0.002 | ‖g‖=nan | satA=nan | satW=nan | εμ=nan | εvar=nan | corr(ε,x)=nan | t=nans
   153 | base=1.335938 | val=1.113454 | acc1=0.6626 | Wμ=0.992 | Aμ=1.171 | Wmax=1.000 | Amax=1.585 |LR=0.002 | ‖g‖=nan | satA=nan | satW=nan | εμ=nan | εvar=nan | corr(ε,x)=nan | t=nans
   155 | base=0.987437 | val=0.963895 | acc1=0.6949 | Wμ=0.991 | Aμ=1.164 | Wmax=1.000 | Amax=1.585 |LR=0.002 | ‖g‖=nan | satA=nan | satW=nan | εμ=nan | εvar=nan | corr(ε,x)=nan | t=nans
   157 | base=1.090132 | val=0.709649 | acc1=0.7694 | Wμ=0.990 | Aμ=1.160 | Wmax=1.000 | Amax=1.585 |LR=0.002 | ‖g‖=nan | satA=nan | satW=nan | εμ=nan | εvar=nan | corr(ε,x)=nan | t=nans
   159 | base=1.047055 | val=0.881050 | acc1=0.7234 | Wμ=0.990 | Aμ=1.153 | Wmax=1.000 | Amax=1.585 |LR=0.002 | ‖g‖=nan | satA=nan | satW=nan | εμ=nan | εvar=nan | corr(ε,x)=nan | t=nans
   161 | base=1.022266 | val=0.891824 | acc1=0.7286 | Wμ=0.990 | Aμ=1.147 | Wmax=1.000 | Amax=1.585 |LR=0.002 | ‖g‖=nan | satA=nan | satW=nan | εμ=nan | εvar=nan | corr(ε,x)=nan | t=nans
   163 | base=1.045104 | val=0.801231 | acc1=0.7503 | Wμ=0.990 | Aμ=1.131 | Wmax=1.000 | Amax=1.585 |LR=0.002 | ‖g‖=nan | satA=nan | satW=nan | εμ=nan | εvar=nan | corr(ε,x)=nan | t=nans
   165 | base=1.245378 | val=0.681727 | acc1=0.7652 | Wμ=0.989 | Aμ=1.125 | Wmax=1.000 | Amax=1.585 |LR=0.002 | ‖g‖=nan | satA=nan | satW=nan | εμ=nan | εvar=nan | corr(ε,x)=nan | t=nans
   167 | base=1.031980 | val=0.809870 | acc1=0.7360 | Wμ=0.990 | Aμ=1.124 | Wmax=1.000 | Amax=1.585 |LR=0.002 | ‖g‖=nan | satA=nan | satW=nan | εμ=nan | εvar=nan | corr(ε,x)=nan | t=nans
   169 | base=1.076677 | val=0.711727 | acc1=0.7605 | Wμ=0.989 | Aμ=1.123 | Wmax=1.000 | Amax=1.585 |LR=0.002 | ‖g‖=nan | satA=nan | satW=nan | εμ=nan | εvar=nan | corr(ε,x)=nan | t=nans
   171 | base=1.031823 | val=0.846917 | acc1=0.7421 | Wμ=0.989 | Aμ=1.120 | Wmax=1.000 | Amax=1.585 |LR=0.002 | ‖g‖=nan | satA=nan | satW=nan | εμ=nan | εvar=nan | corr(ε,x)=nan | t=nans
   173 | base=1.093977 | val=0.715743 | acc1=0.7626 | Wμ=0.989 | Aμ=1.115 | Wmax=1.000 | Amax=1.585 |LR=0.002 | ‖g‖=nan | satA=nan | satW=nan | εμ=nan | εvar=nan | corr(ε,x)=nan | t=nans
   175 | base=1.128528 | val=0.940378 | acc1=0.6947 | Wμ=0.989 | Aμ=1.104 | Wmax=1.000 | Amax=1.585 |LR=0.002 | ‖g‖=nan | satA=nan | satW=nan | εμ=nan | εvar=nan | corr(ε,x)=nan | t=nans
   177 | base=1.138409 | val=0.777265 | acc1=0.7462 | Wμ=0.989 | Aμ=1.095 | Wmax=1.000 | Amax=1.585 |LR=0.002 | ‖g‖=nan | satA=nan | satW=nan | εμ=nan | εvar=nan | corr(ε,x)=nan | t=nans
   179 | base=1.129650 | val=0.701058 | acc1=0.7648 | Wμ=0.989 | Aμ=1.085 | Wmax=1.000 | Amax=1.585 |LR=0.002 | ‖g‖=nan | satA=nan | satW=nan | εμ=nan | εvar=nan | corr(ε,x)=nan | t=nans
   181 | base=1.080252 | val=0.788544 | acc1=0.7502 | Wμ=0.989 | Aμ=1.076 | Wmax=1.000 | Amax=1.585 |LR=0.002 | ‖g‖=nan | satA=nan | satW=nan | εμ=nan | εvar=nan | corr(ε,x)=nan | t=nans
   183 | base=1.183928 | val=0.958814 | acc1=0.6877 | Wμ=0.989 | Aμ=1.059 | Wmax=1.000 | Amax=1.585 |LR=0.002 | ‖g‖=nan | satA=nan | satW=nan | εμ=nan | εvar=nan | corr(ε,x)=nan | t=nans
   185 | base=1.129212 | val=0.851404 | acc1=0.7386 | Wμ=0.989 | Aμ=1.052 | Wmax=1.000 | Amax=1.000 |LR=0.002 | ‖g‖=nan | satA=nan | satW=nan | εμ=nan | εvar=nan | corr(ε,x)=nan | t=nans
   187 | base=1.236943 | val=0.930076 | acc1=0.7179 | Wμ=0.989 | Aμ=1.048 | Wmax=1.000 | Amax=1.000 |LR=0.0017238 | ‖g‖=nan | satA=nan | satW=nan | εμ=nan | εvar=nan | corr(ε,x)=nan | t=nans
   189 | base=1.103039 | val=0.968535 | acc1=0.6953 | Wμ=0.989 | Aμ=1.036 | Wmax=1.000 | Amax=1.000 |LR=0.0014835 | ‖g‖=nan | satA=nan | satW=nan | εμ=nan | εvar=nan | corr(ε,x)=nan | t=nans
   191 | base=1.153998 | val=0.747605 | acc1=0.7555 | Wμ=0.989 | Aμ=1.010 | Wmax=1.000 | Amax=1.000 |LR=0.0012767 | ‖g‖=nan | satA=nan | satW=nan | εμ=nan | εvar=nan | corr(ε,x)=nan | t=nans
   193 | base=1.079694 | val=0.927809 | acc1=0.7097 | Wμ=0.989 | Aμ=0.998 | Wmax=1.000 | Amax=1.000 |LR=0.0010988 | ‖g‖=nan | satA=nan | satW=nan | εμ=nan | εvar=nan | corr(ε,x)=nan | t=nans
   195 | base=1.012827 | val=0.601232 | acc1=0.7972 | Wμ=0.990 | Aμ=0.998 | Wmax=1.585 | Amax=1.000 |LR=0.00094562 | ‖g‖=nan | satA=nan | satW=nan | εμ=nan | εvar=nan | corr(ε,x)=nan | t=nans
   197 | base=1.044049 | val=1.074561 | acc1=0.6680 | Wμ=0.990 | Aμ=0.998 | Wmax=1.000 | Amax=1.000 |LR=0.00087724 | ‖g‖=nan | satA=nan | satW=nan | εμ=nan | εvar=nan | corr(ε,x)=nan | t=nans
   199 | base=1.067634 | val=0.769633 | acc1=0.7578 | Wμ=0.990 | Aμ=0.998 | Wmax=1.000 | Amax=1.000 |LR=0.00075497 | ‖g‖=nan | satA=nan | satW=nan | εμ=nan | εvar=nan | corr(ε,x)=nan | t=nans
   201 | base=1.006293 | val=0.798149 | acc1=0.7587 | Wμ=0.991 | Aμ=0.998 | Wmax=1.000 | Amax=1.000 |LR=0.00064973 | ‖g‖=nan | satA=nan | satW=nan | εμ=nan | εvar=nan | corr(ε,x)=nan | t=nans
   203 | base=0.987449 | val=0.674043 | acc1=0.7802 | Wμ=0.991 | Aμ=0.998 | Wmax=1.000 | Amax=1.000 |LR=0.00055917 | ‖g‖=nan | satA=nan | satW=nan | εμ=nan | εvar=nan | corr(ε,x)=nan | t=nans
   205 | base=0.996482 | val=1.148409 | acc1=0.6526 | Wμ=0.991 | Aμ=0.998 | Wmax=1.000 | Amax=1.000 |LR=0.00048122 | ‖g‖=nan | satA=nan | satW=nan | εμ=nan | εvar=nan | corr(ε,x)=nan | t=nans
   207 | base=0.930808 | val=0.898693 | acc1=0.7176 | Wμ=0.991 | Aμ=0.998 | Wmax=1.000 | Amax=1.000 |LR=0.00041415 | ‖g‖=nan | satA=nan | satW=nan | εμ=nan | εvar=nan | corr(ε,x)=nan | t=nans
   209 | base=0.981156 | val=0.783339 | acc1=0.7542 | Wμ=0.991 | Aμ=0.998 | Wmax=1.000 | Amax=1.000 |LR=0.00035642 | ‖g‖=nan | satA=nan | satW=nan | εμ=nan | εvar=nan | corr(ε,x)=nan | t=nans
   211 | base=1.015328 | val=0.867408 | acc1=0.7191 | Wμ=0.992 | Aμ=0.998 | Wmax=1.000 | Amax=1.000 |LR=0.00030674 | ‖g‖=nan | satA=nan | satW=nan | εμ=nan | εvar=nan | corr(ε,x)=nan | t=nans
   213 | base=0.937574 | val=0.867937 | acc1=0.7109 | Wμ=0.992 | Aμ=0.999 | Wmax=1.000 | Amax=1.000 |LR=0.00026398 | ‖g‖=nan | satA=nan | satW=nan | εμ=nan | εvar=nan | corr(ε,x)=nan | t=nans
   215 | base=0.989660 | val=0.644091 | acc1=0.7900 | Wμ=0.992 | Aμ=0.999 | Wmax=1.000 | Amax=1.000 |LR=0.00022719 | ‖g‖=nan | satA=nan | satW=nan | εμ=nan | εvar=nan | corr(ε,x)=nan | t=nans
   217 | base=0.911159 | val=0.865547 | acc1=0.7301 | Wμ=0.992 | Aμ=0.999 | Wmax=1.000 | Amax=1.000 |LR=0.00019552 | ‖g‖=nan | satA=nan | satW=nan | εμ=nan | εvar=nan | corr(ε,x)=nan | t=nans
   219 | base=0.984796 | val=0.635708 | acc1=0.7921 | Wμ=0.993 | Aμ=0.999 | Wmax=1.000 | Amax=1.000 |LR=0.00016827 | ‖g‖=nan | satA=nan | satW=nan | εμ=nan | εvar=nan | corr(ε,x)=nan | t=nans
   221 | base=0.931540 | val=0.564236 | acc1=0.8089 | Wμ=0.993 | Aμ=0.999 | Wmax=1.000 | Amax=1.000 |LR=0.00014481 | ‖g‖=nan | satA=nan | satW=nan | εμ=nan | εvar=nan | corr(ε,x)=nan | t=nans
   223 | base=0.960398 | val=0.671910 | acc1=0.7833 | Wμ=0.993 | Aμ=0.999 | Wmax=1.000 | Amax=1.000 |LR=0.00012463 | ‖g‖=nan | satA=nan | satW=nan | εμ=nan | εvar=nan | corr(ε,x)=nan | t=nans
   225 | base=0.878904 | val=0.635522 | acc1=0.7942 | Wμ=0.993 | Aμ=0.999 | Wmax=1.000 | Amax=1.000 |LR=0.00010725 | ‖g‖=nan | satA=nan | satW=nan | εμ=nan | εvar=nan | corr(ε,x)=nan | t=nans
   227 | base=0.990021 | val=0.573502 | acc1=0.8098 | Wμ=0.993 | Aμ=0.999 | Wmax=1.000 | Amax=1.000 |LR=9.2305e-05 | ‖g‖=nan | satA=nan | satW=nan | εμ=nan | εvar=nan | corr(ε,x)=nan | t=nans
   229 | base=0.967007 | val=0.711079 | acc1=0.7732 | Wμ=0.993 | Aμ=0.999 | Wmax=1.000 | Amax=1.000 |LR=7.9438e-05 | ‖g‖=nan | satA=nan | satW=nan | εμ=nan | εvar=nan | corr(ε,x)=nan | t=nans
   231 | base=0.888768 | val=0.680557 | acc1=0.7780 | Wμ=0.994 | Aμ=0.999 | Wmax=1.000 | Amax=1.000 |LR=6.8366e-05 | ‖g‖=nan | satA=nan | satW=nan | εμ=nan | εvar=nan | corr(ε,x)=nan | t=nans
   233 | base=0.883580 | val=0.634392 | acc1=0.7952 | Wμ=0.994 | Aμ=0.999 | Wmax=1.000 | Amax=1.000 |LR=5.8836e-05 | ‖g‖=nan | satA=nan | satW=nan | εμ=nan | εvar=nan | corr(ε,x)=nan | t=nans
   235 | base=0.958776 | val=0.694314 | acc1=0.7814 | Wμ=0.994 | Aμ=0.999 | Wmax=1.000 | Amax=1.000 |LR=5.0635e-05 | ‖g‖=nan | satA=nan | satW=nan | εμ=nan | εvar=nan | corr(ε,x)=nan | t=nans
   237 | base=1.025420 | val=0.627046 | acc1=0.7983 | Wμ=0.994 | Aμ=0.999 | Wmax=1.000 | Amax=1.000 |LR=4.3577e-05 | ‖g‖=nan | satA=nan | satW=nan | εμ=nan | εvar=nan | corr(ε,x)=nan | t=nans
   239 | base=0.877671 | val=0.800478 | acc1=0.7424 | Wμ=0.994 | Aμ=0.999 | Wmax=1.000 | Amax=1.000 |LR=3.7503e-05 | ‖g‖=nan | satA=nan | satW=nan | εμ=nan | εvar=nan | corr(ε,x)=nan | t=nans
   241 | base=0.901780 | val=0.728278 | acc1=0.7705 | Wμ=0.994 | Aμ=0.999 | Wmax=1.000 | Amax=1.000 |LR=3.2275e-05 | ‖g‖=nan | satA=nan | satW=nan | εμ=nan | εvar=nan | corr(ε,x)=nan | t=nans
   243 | base=0.931317 | val=0.764901 | acc1=0.7655 | Wμ=0.994 | Aμ=0.999 | Wmax=1.000 | Amax=1.000 |LR=2.7777e-05 | ‖g‖=nan | satA=nan | satW=nan | εμ=nan | εvar=nan | corr(ε,x)=nan | t=nans
   245 | base=0.909199 | val=0.698637 | acc1=0.7745 | Wμ=0.994 | Aμ=0.999 | Wmax=1.000 | Amax=1.000 |LR=2.3905e-05 | ‖g‖=nan | satA=nan | satW=nan | εμ=nan | εvar=nan | corr(ε,x)=nan | t=nans
   247 | base=0.915711 | val=0.822113 | acc1=0.7485 | Wμ=0.994 | Aμ=0.999 | Wmax=1.000 | Amax=1.000 |LR=2.0573e-05 | ‖g‖=nan | satA=nan | satW=nan | εμ=nan | εvar=nan | corr(ε,x)=nan | t=nans
   249 | base=1.003932 | val=0.601805 | acc1=0.8054 | Wμ=0.994 | Aμ=0.999 | Wmax=1.000 | Amax=1.000 |LR=1.7705e-05 | ‖g‖=nan | satA=nan | satW=nan | εμ=nan | εvar=nan | corr(ε,x)=nan | t=nans
   251 | base=0.847365 | val=0.766562 | acc1=0.7574 | Wμ=0.994 | Aμ=0.999 | Wmax=1.000 | Amax=1.000 |LR=1.5237e-05 | ‖g‖=nan | satA=nan | satW=nan | εμ=nan | εvar=nan | corr(ε,x)=nan | t=nans
   253 | base=0.883203 | val=0.704423 | acc1=0.7777 | Wμ=0.994 | Aμ=0.999 | Wmax=1.000 | Amax=1.000 |LR=1.3113e-05 | ‖g‖=nan | satA=nan | satW=nan | εμ=nan | εvar=nan | corr(ε,x)=nan | t=nans
   255 | base=0.826095 | val=1.016350 | acc1=0.6940 | Wμ=0.994 | Aμ=0.999 | Wmax=1.000 | Amax=1.000 |LR=1.1285e-05 | ‖g‖=nan | satA=nan | satW=nan | εμ=nan | εvar=nan | corr(ε,x)=nan | t=nans
   257 | base=0.898341 | val=0.578326 | acc1=0.8083 | Wμ=0.995 | Aμ=0.999 | Wmax=1.000 | Amax=1.000 |LR=9.7124e-06 | ‖g‖=nan | satA=nan | satW=nan | εμ=nan | εvar=nan | corr(ε,x)=nan | t=nans
   259 | base=0.859388 | val=0.573351 | acc1=0.8104 | Wμ=0.995 | Aμ=0.999 | Wmax=1.000 | Amax=1.000 |LR=8.3586e-06 | ‖g‖=nan | satA=nan | satW=nan | εμ=nan | εvar=nan | corr(ε,x)=nan | t=nans
   261 | base=0.899853 | val=1.191182 | acc1=0.6589 | Wμ=0.995 | Aμ=0.999 | Wmax=1.000 | Amax=1.000 |LR=7.1935e-06 | ‖g‖=nan | satA=nan | satW=nan | εμ=nan | εvar=nan | corr(ε,x)=nan | t=nans
   263 | base=0.893066 | val=0.634188 | acc1=0.7979 | Wμ=0.995 | Aμ=0.999 | Wmax=1.000 | Amax=1.000 |LR=6.1908e-06 | ‖g‖=nan | satA=nan | satW=nan | εμ=nan | εvar=nan | corr(ε,x)=nan | t=nans
   265 | base=0.943751 | val=0.550001 | acc1=0.8199 | Wμ=0.995 | Aμ=0.999 | Wmax=1.000 | Amax=1.000 |LR=5.3279e-06 | ‖g‖=nan | satA=nan | satW=nan | εμ=nan | εvar=nan | corr(ε,x)=nan | t=nans
   267 | base=0.854799 | val=0.503621 | acc1=0.8348 | Wμ=0.995 | Aμ=0.999 | Wmax=1.000 | Amax=1.000 |LR=4.5852e-06 | ‖g‖=nan | satA=nan | satW=nan | εμ=nan | εvar=nan | corr(ε,x)=nan | t=nans
   269 | base=0.907559 | val=0.741464 | acc1=0.7677 | Wμ=0.995 | Aμ=0.999 | Wmax=1.000 | Amax=1.000 |LR=3.9461e-06 | ‖g‖=nan | satA=nan | satW=nan | εμ=nan | εvar=nan | corr(ε,x)=nan | t=nans
   271 | base=0.924005 | val=0.593693 | acc1=0.8119 | Wμ=0.995 | Aμ=0.999 | Wmax=1.000 | Amax=1.000 |LR=3.3961e-06 | ‖g‖=nan | satA=nan | satW=nan | εμ=nan | εvar=nan | corr(ε,x)=nan | t=nans
   273 | base=0.888073 | val=0.608280 | acc1=0.8034 | Wμ=0.995 | Aμ=0.999 | Wmax=1.000 | Amax=1.000 |LR=2.9227e-06 | ‖g‖=nan | satA=nan | satW=nan | εμ=nan | εvar=nan | corr(ε,x)=nan | t=nans
   275 | base=0.878901 | val=0.814316 | acc1=0.7441 | Wμ=0.995 | Aμ=0.999 | Wmax=1.000 | Amax=1.000 |LR=2.5153e-06 | ‖g‖=nan | satA=nan | satW=nan | εμ=nan | εvar=nan | corr(ε,x)=nan | t=nans
   277 | base=0.869655 | val=0.519047 | acc1=0.8249 | Wμ=0.995 | Aμ=0.999 | Wmax=1.000 | Amax=1.000 |LR=2.1647e-06 | ‖g‖=nan | satA=nan | satW=nan | εμ=nan | εvar=nan | corr(ε,x)=nan | t=nans
   279 | base=0.914946 | val=0.583780 | acc1=0.8087 | Wμ=0.995 | Aμ=0.999 | Wmax=1.000 | Amax=1.000 |LR=1.863e-06 | ‖g‖=nan | satA=nan | satW=nan | εμ=nan | εvar=nan | corr(ε,x)=nan | t=nans
   281 | base=0.914938 | val=0.649962 | acc1=0.7915 | Wμ=0.995 | Aμ=0.999 | Wmax=1.000 | Amax=1.000 |LR=1.6033e-06 | ‖g‖=nan | satA=nan | satW=nan | εμ=nan | εvar=nan | corr(ε,x)=nan | t=nans
   283 | base=0.909847 | val=0.576903 | acc1=0.8099 | Wμ=0.995 | Aμ=0.999 | Wmax=1.000 | Amax=1.000 |LR=1.3798e-06 | ‖g‖=nan | satA=nan | satW=nan | εμ=nan | εvar=nan | corr(ε,x)=nan | t=nans
   285 | base=0.887447 | val=0.605400 | acc1=0.8015 | Wμ=0.995 | Aμ=0.999 | Wmax=1.000 | Amax=1.000 |LR=1.1875e-06 | ‖g‖=nan | satA=nan | satW=nan | εμ=nan | εvar=nan | corr(ε,x)=nan | t=nans
   287 | base=0.875115 | val=0.584034 | acc1=0.8104 | Wμ=0.995 | Aμ=0.999 | Wmax=1.000 | Amax=1.000 |LR=1.022e-06 | ‖g‖=nan | satA=nan | satW=nan | εμ=nan | εvar=nan | corr(ε,x)=nan | t=nans
   289 | base=0.885797 | val=0.686856 | acc1=0.7799 | Wμ=0.995 | Aμ=0.999 | Wmax=1.000 | Amax=1.000 |LR=8.7951e-07 | ‖g‖=nan | satA=nan | satW=nan | εμ=nan | εvar=nan | corr(ε,x)=nan | t=nans
   291 | base=0.876899 | val=0.624683 | acc1=0.7964 | Wμ=0.995 | Aμ=0.999 | Wmax=1.000 | Amax=1.000 |LR=7.5691e-07 | ‖g‖=nan | satA=nan | satW=nan | εμ=nan | εvar=nan | corr(ε,x)=nan | t=nans
   293 | base=0.814842 | val=0.554045 | acc1=0.8197 | Wμ=0.995 | Aμ=0.999 | Wmax=1.000 | Amax=1.000 |LR=6.5141e-07 | ‖g‖=nan | satA=nan | satW=nan | εμ=nan | εvar=nan | corr(ε,x)=nan | t=nans
   295 | base=0.865276 | val=0.854945 | acc1=0.7418 | Wμ=0.995 | Aμ=0.999 | Wmax=1.000 | Amax=1.000 |LR=5.6061e-07 | ‖g‖=nan | satA=nan | satW=nan | εμ=nan | εvar=nan | corr(ε,x)=nan | t=nans
   297 | base=0.876120 | val=0.627322 | acc1=0.7969 | Wμ=0.995 | Aμ=0.999 | Wmax=1.000 | Amax=1.000 |LR=4.8247e-07 | ‖g‖=nan | satA=nan | satW=nan | εμ=nan | εvar=nan | corr(ε,x)=nan | t=nans
   299 | base=0.937321 | val=0.568073 | acc1=0.8118 | Wμ=0.995 | Aμ=0.999 | Wmax=1.000 | Amax=1.000 |LR=4.1521e-07 | ‖g‖=nan | satA=nan | satW=nan | εμ=nan | εvar=nan | corr(ε,x)=nan | t=nans
   301 | base=0.850973 | val=0.733379 | acc1=0.7634 | Wμ=0.995 | Aμ=0.999 | Wmax=1.000 | Amax=1.000 |LR=3.5734e-07 | ‖g‖=nan | satA=nan | satW=nan | εμ=nan | εvar=nan | corr(ε,x)=nan | t=nans
   303 | base=0.841831 | val=0.592582 | acc1=0.8078 | Wμ=0.995 | Aμ=0.999 | Wmax=1.000 | Amax=1.000 |LR=3.0753e-07 | ‖g‖=nan | satA=nan | satW=nan | εμ=nan | εvar=nan | corr(ε,x)=nan | t=nans
   305 | base=0.883670 | val=0.479493 | acc1=0.8407 | Wμ=0.995 | Aμ=0.999 | Wmax=1.000 | Amax=1.000 |LR=2.6466e-07 | ‖g‖=nan | satA=nan | satW=nan | εμ=nan | εvar=nan | corr(ε,x)=nan | t=nans
   307 | base=0.849040 | val=0.518557 | acc1=0.8293 | Wμ=0.995 | Aμ=0.999 | Wmax=1.000 | Amax=1.000 |LR=2.2777e-07 | ‖g‖=nan | satA=nan | satW=nan | εμ=nan | εvar=nan | corr(ε,x)=nan | t=nans
   309 | base=0.846588 | val=0.538774 | acc1=0.8241 | Wμ=0.995 | Aμ=0.999 | Wmax=1.000 | Amax=1.000 |LR=1.9602e-07 | ‖g‖=nan | satA=nan | satW=nan | εμ=nan | εvar=nan | corr(ε,x)=nan | t=nans
   311 | base=0.866139 | val=0.687354 | acc1=0.7772 | Wμ=0.995 | Aμ=0.999 | Wmax=1.000 | Amax=1.000 |LR=1.687e-07 | ‖g‖=nan | satA=nan | satW=nan | εμ=nan | εvar=nan | corr(ε,x)=nan | t=nans
   313 | base=0.841217 | val=0.524983 | acc1=0.8260 | Wμ=0.995 | Aμ=0.999 | Wmax=1.000 | Amax=1.000 |LR=1.4518e-07 | ‖g‖=nan | satA=nan | satW=nan | εμ=nan | εvar=nan | corr(ε,x)=nan | t=nans
   315 | base=0.860547 | val=0.538944 | acc1=0.8202 | Wμ=0.995 | Aμ=0.999 | Wmax=1.000 | Amax=1.000 |LR=1.2495e-07 | ‖g‖=nan | satA=nan | satW=nan | εμ=nan | εvar=nan | corr(ε,x)=nan | t=nans
   317 | base=0.895143 | val=0.476318 | acc1=0.8454 | Wμ=0.995 | Aμ=0.999 | Wmax=1.000 | Amax=1.000 |LR=1.0753e-07 | ‖g‖=nan | satA=nan | satW=nan | εμ=nan | εvar=nan | corr(ε,x)=nan | t=nans
   319 | base=0.883239 | val=0.588810 | acc1=0.8096 | Wμ=0.995 | Aμ=0.999 | Wmax=1.000 | Amax=1.000 |LR=9.2543e-08 | ‖g‖=nan | satA=nan | satW=nan | εμ=nan | εvar=nan | corr(ε,x)=nan | t=nans
   321 | base=0.853739 | val=0.513429 | acc1=0.8280 | Wμ=0.995 | Aμ=0.999 | Wmax=1.000 | Amax=1.000 |LR=7.9643e-08 | ‖g‖=nan | satA=nan | satW=nan | εμ=nan | εvar=nan | corr(ε,x)=nan | t=nans
   323 | base=0.846491 | val=0.523466 | acc1=0.8319 | Wμ=0.995 | Aμ=0.999 | Wmax=1.000 | Amax=1.000 |LR=6.8542e-08 | ‖g‖=nan | satA=nan | satW=nan | εμ=nan | εvar=nan | corr(ε,x)=nan | t=nans
   325 | base=0.827114 | val=0.530320 | acc1=0.8260 | Wμ=0.995 | Aμ=0.999 | Wmax=1.000 | Amax=1.000 |LR=5.8988e-08 | ‖g‖=nan | satA=nan | satW=nan | εμ=nan | εvar=nan | corr(ε,x)=nan | t=nans
   327 | base=0.958249 | val=0.548504 | acc1=0.8207 | Wμ=0.995 | Aμ=0.999 | Wmax=1.000 | Amax=1.000 |LR=5.0766e-08 | ‖g‖=nan | satA=nan | satW=nan | εμ=nan | εvar=nan | corr(ε,x)=nan | t=nans
   329 | base=0.842886 | val=0.531152 | acc1=0.8218 | Wμ=0.995 | Aμ=0.999 | Wmax=1.000 | Amax=1.000 |LR=4.3689e-08 | ‖g‖=nan | satA=nan | satW=nan | εμ=nan | εvar=nan | corr(ε,x)=nan | t=nans
   331 | base=0.810555 | val=0.501778 | acc1=0.8286 | Wμ=0.995 | Aμ=0.999 | Wmax=1.000 | Amax=1.000 |LR=3.76e-08 | ‖g‖=nan | satA=nan | satW=nan | εμ=nan | εvar=nan | corr(ε,x)=nan | t=nans
   333 | base=0.890776 | val=0.489617 | acc1=0.8401 | Wμ=0.995 | Aμ=0.999 | Wmax=1.000 | Amax=1.000 |LR=3.2359e-08 | ‖g‖=nan | satA=nan | satW=nan | εμ=nan | εvar=nan | corr(ε,x)=nan | t=nans
   335 | base=0.798894 | val=0.514561 | acc1=0.8335 | Wμ=0.995 | Aμ=0.999 | Wmax=1.000 | Amax=1.000 |LR=2.7848e-08 | ‖g‖=nan | satA=nan | satW=nan | εμ=nan | εvar=nan | corr(ε,x)=nan | t=nans
   337 | base=0.874295 | val=0.515014 | acc1=0.8287 | Wμ=0.995 | Aμ=0.999 | Wmax=1.000 | Amax=1.000 |LR=2.3966e-08 | ‖g‖=nan | satA=nan | satW=nan | εμ=nan | εvar=nan | corr(ε,x)=nan | t=nans
   339 | base=0.839661 | val=0.497373 | acc1=0.8354 | Wμ=0.995 | Aμ=0.999 | Wmax=1.000 | Amax=1.000 |LR=2.0626e-08 | ‖g‖=nan | satA=nan | satW=nan | εμ=nan | εvar=nan | corr(ε,x)=nan | t=nans
   341 | base=0.874239 | val=0.489630 | acc1=0.8380 | Wμ=0.995 | Aμ=0.999 | Wmax=1.000 | Amax=1.000 |LR=1.7751e-08 | ‖g‖=nan | satA=nan | satW=nan | εμ=nan | εvar=nan | corr(ε,x)=nan | t=nans
   343 | base=0.849622 | val=0.570244 | acc1=0.8124 | Wμ=0.995 | Aμ=0.999 | Wmax=1.000 | Amax=1.000 |LR=1.5277e-08 | ‖g‖=nan | satA=nan | satW=nan | εμ=nan | εvar=nan | corr(ε,x)=nan | t=nans
   345 | base=0.903100 | val=0.486509 | acc1=0.8409 | Wμ=0.995 | Aμ=0.999 | Wmax=1.000 | Amax=1.000 |LR=1.3147e-08 | ‖g‖=nan | satA=nan | satW=nan | εμ=nan | εvar=nan | corr(ε,x)=nan | t=nans
   347 | base=0.855226 | val=0.534063 | acc1=0.8226 | Wμ=0.995 | Aμ=0.999 | Wmax=1.000 | Amax=1.000 |LR=1.1315e-08 | ‖g‖=nan | satA=nan | satW=nan | εμ=nan | εvar=nan | corr(ε,x)=nan | t=nans
   349 | base=0.821241 | val=0.492533 | acc1=0.8373 | Wμ=0.995 | Aμ=0.999 | Wmax=1.000 | Amax=1.000 |LR=9.7375e-09 | ‖g‖=nan | satA=nan | satW=nan | εμ=nan | εvar=nan | corr(ε,x)=nan | t=nans
   351 | base=0.853664 | val=0.475137 | acc1=0.8414 | Wμ=0.995 | Aμ=0.999 | Wmax=1.000 | Amax=1.000 |LR=8.3802e-09 | ‖g‖=nan | satA=nan | satW=nan | εμ=nan | εvar=nan | corr(ε,x)=nan | t=nans
   353 | base=0.842586 | val=0.559023 | acc1=0.8206 | Wμ=0.995 | Aμ=0.999 | Wmax=1.000 | Amax=1.000 |LR=7.2121e-09 | ‖g‖=nan | satA=nan | satW=nan | εμ=nan | εvar=nan | corr(ε,x)=nan | t=nans
   355 | base=0.843074 | val=0.542046 | acc1=0.8241 | Wμ=0.995 | Aμ=0.999 | Wmax=1.000 | Amax=1.000 |LR=6.2068e-09 | ‖g‖=nan | satA=nan | satW=nan | εμ=nan | εvar=nan | corr(ε,x)=nan | t=nans
   357 | base=0.800731 | val=0.462533 | acc1=0.8455 | Wμ=0.995 | Aμ=0.999 | Wmax=1.000 | Amax=1.000 |LR=5.3416e-09 | ‖g‖=nan | satA=nan | satW=nan | εμ=nan | εvar=nan | corr(ε,x)=nan | t=nans
   359 | base=0.801413 | val=0.497116 | acc1=0.8347 | Wμ=0.995 | Aμ=0.999 | Wmax=1.000 | Amax=1.000 |LR=4.5971e-09 | ‖g‖=nan | satA=nan | satW=nan | εμ=nan | εvar=nan | corr(ε,x)=nan | t=nans
   361 | base=0.901751 | val=0.551244 | acc1=0.8195 | Wμ=0.995 | Aμ=0.999 | Wmax=1.000 | Amax=1.000 |LR=3.9563e-09 | ‖g‖=nan | satA=nan | satW=nan | εμ=nan | εvar=nan | corr(ε,x)=nan | t=nans
   363 | base=0.891023 | val=0.473894 | acc1=0.8422 | Wμ=0.995 | Aμ=0.999 | Wmax=1.000 | Amax=1.000 |LR=3.4048e-09 | ‖g‖=nan | satA=nan | satW=nan | εμ=nan | εvar=nan | corr(ε,x)=nan | t=nans
   365 | base=0.798038 | val=0.527462 | acc1=0.8315 | Wμ=0.995 | Aμ=0.999 | Wmax=1.000 | Amax=1.000 |LR=2.9302e-09 | ‖g‖=nan | satA=nan | satW=nan | εμ=nan | εvar=nan | corr(ε,x)=nan | t=nans
   367 | base=0.836920 | val=0.490260 | acc1=0.8381 | Wμ=0.995 | Aμ=0.999 | Wmax=1.000 | Amax=1.000 |LR=2.5218e-09 | ‖g‖=nan | satA=nan | satW=nan | εμ=nan | εvar=nan | corr(ε,x)=nan | t=nans
   369 | base=0.750745 | val=0.500551 | acc1=0.8351 | Wμ=0.995 | Aμ=0.999 | Wmax=1.000 | Amax=1.000 |LR=2.1703e-09 | ‖g‖=nan | satA=nan | satW=nan | εμ=nan | εvar=nan | corr(ε,x)=nan | t=nans
   371 | base=0.864353 | val=0.492097 | acc1=0.8388 | Wμ=0.995 | Aμ=0.999 | Wmax=1.000 | Amax=1.000 |LR=1.8678e-09 | ‖g‖=nan | satA=nan | satW=nan | εμ=nan | εvar=nan | corr(ε,x)=nan | t=nans
   373 | base=0.854152 | val=0.471341 | acc1=0.8447 | Wμ=0.995 | Aμ=0.999 | Wmax=1.000 | Amax=1.000 |LR=1.6074e-09 | ‖g‖=nan | satA=nan | satW=nan | εμ=nan | εvar=nan | corr(ε,x)=nan | t=nans
   375 | base=0.784920 | val=0.501759 | acc1=0.8368 | Wμ=0.995 | Aμ=0.999 | Wmax=1.000 | Amax=1.000 |LR=1.3834e-09 | ‖g‖=nan | satA=nan | satW=nan | εμ=nan | εvar=nan | corr(ε,x)=nan | t=nans
   377 | base=0.728792 | val=0.482239 | acc1=0.8420 | Wμ=0.995 | Aμ=0.999 | Wmax=1.000 | Amax=1.000 |LR=1.1905e-09 | ‖g‖=nan | satA=nan | satW=nan | εμ=nan | εvar=nan | corr(ε,x)=nan | t=nans
   379 | base=0.857041 | val=0.486891 | acc1=0.8386 | Wμ=0.995 | Aμ=0.999 | Wmax=1.000 | Amax=1.000 |LR=1.0246e-09 | ‖g‖=nan | satA=nan | satW=nan | εμ=nan | εvar=nan | corr(ε,x)=nan | t=nans
   381 | base=0.804923 | val=0.471608 | acc1=0.8414 | Wμ=0.995 | Aμ=0.999 | Wmax=1.000 | Amax=1.000 |LR=8.8177e-10 | ‖g‖=nan | satA=nan | satW=nan | εμ=nan | εvar=nan | corr(ε,x)=nan | t=nans
   383 | base=0.881285 | val=0.481263 | acc1=0.8455 | Wμ=0.995 | Aμ=0.999 | Wmax=1.000 | Amax=1.000 |LR=7.5886e-10 | ‖g‖=nan | satA=nan | satW=nan | εμ=nan | εvar=nan | corr(ε,x)=nan | t=nans
   385 | base=0.835995 | val=0.483696 | acc1=0.8380 | Wμ=0.995 | Aμ=0.999 | Wmax=1.000 | Amax=1.000 |LR=6.5309e-10 | ‖g‖=nan | satA=nan | satW=nan | εμ=nan | εvar=nan | corr(ε,x)=nan | t=nans
   387 | base=0.832668 | val=0.463215 | acc1=0.8463 | Wμ=0.995 | Aμ=0.999 | Wmax=1.000 | Amax=1.000 |LR=5.6205e-10 | ‖g‖=nan | satA=nan | satW=nan | εμ=nan | εvar=nan | corr(ε,x)=nan | t=nans
   389 | base=0.864273 | val=0.463775 | acc1=0.8471 | Wμ=0.995 | Aμ=0.999 | Wmax=1.000 | Amax=1.000 |LR=4.8371e-10 | ‖g‖=nan | satA=nan | satW=nan | εμ=nan | εvar=nan | corr(ε,x)=nan | t=nans
   391 | base=0.812525 | val=0.467826 | acc1=0.8448 | Wμ=0.995 | Aμ=0.999 | Wmax=1.000 | Amax=1.000 |LR=4.1629e-10 | ‖g‖=nan | satA=nan | satW=nan | εμ=nan | εvar=nan | corr(ε,x)=nan | t=nans
   393 | base=0.847716 | val=0.477883 | acc1=0.8444 | Wμ=0.995 | Aμ=0.999 | Wmax=1.000 | Amax=1.000 |LR=3.5826e-10 | ‖g‖=nan | satA=nan | satW=nan | εμ=nan | εvar=nan | corr(ε,x)=nan | t=nans
   395 | base=0.848598 | val=0.459579 | acc1=0.8506 | Wμ=0.995 | Aμ=0.999 | Wmax=1.000 | Amax=1.000 |LR=3.0832e-10 | ‖g‖=nan | satA=nan | satW=nan | εμ=nan | εvar=nan | corr(ε,x)=nan | t=nans
   397 | base=0.762513 | val=0.450917 | acc1=0.8509 | Wμ=0.995 | Aμ=0.999 | Wmax=1.000 | Amax=1.000 |LR=2.6535e-10 | ‖g‖=nan | satA=nan | satW=nan | εμ=nan | εvar=nan | corr(ε,x)=nan | t=nans
   399 | base=0.820230 | val=0.462897 | acc1=0.8472 | Wμ=0.995 | Aμ=0.999 | Wmax=1.000 | Amax=1.000 |LR=2.2836e-10 | ‖g‖=nan | satA=nan | satW=nan | εμ=nan | εvar=nan | corr(ε,x)=nan | t=nans
   401 | base=0.834551 | val=0.458527 | acc1=0.8465 | Wμ=0.995 | Aμ=0.999 | Wmax=1.000 | Amax=1.000 |LR=1.9653e-10 | ‖g‖=nan | satA=nan | satW=nan | εμ=nan | εvar=nan | corr(ε,x)=nan | t=nans
   403 | base=0.788639 | val=0.453556 | acc1=0.8495 | Wμ=0.995 | Aμ=0.999 | Wmax=1.000 | Amax=1.000 |LR=1.6913e-10 | ‖g‖=nan | satA=nan | satW=nan | εμ=nan | εvar=nan | corr(ε,x)=nan | t=nans
   405 | base=0.840190 | val=0.449207 | acc1=0.8508 | Wμ=0.995 | Aμ=0.999 | Wmax=1.000 | Amax=1.000 |LR=1.4556e-10 | ‖g‖=nan | satA=nan | satW=nan | εμ=nan | εvar=nan | corr(ε,x)=nan | t=nans
   407 | base=0.782053 | val=0.459428 | acc1=0.8458 | Wμ=0.995 | Aμ=0.999 | Wmax=1.000 | Amax=1.000 |LR=1.2527e-10 | ‖g‖=nan | satA=nan | satW=nan | εμ=nan | εvar=nan | corr(ε,x)=nan | t=nans
   409 | base=0.821983 | val=0.459544 | acc1=0.8466 | Wμ=0.995 | Aμ=0.999 | Wmax=1.000 | Amax=1.000 |LR=1.0781e-10 | ‖g‖=nan | satA=nan | satW=nan | εμ=nan | εvar=nan | corr(ε,x)=nan | t=nans
   411 | base=0.780585 | val=0.464401 | acc1=0.8476 | Wμ=0.995 | Aμ=0.999 | Wmax=1.000 | Amax=1.000 |LR=9.2781e-11 | ‖g‖=nan | satA=nan | satW=nan | εμ=nan | εvar=nan | corr(ε,x)=nan | t=nans
   413 | base=0.782224 | val=0.456801 | acc1=0.8519 | Wμ=0.995 | Aμ=0.999 | Wmax=1.000 | Amax=1.000 |LR=7.9849e-11 | ‖g‖=nan | satA=nan | satW=nan | εμ=nan | εvar=nan | corr(ε,x)=nan | t=nans
   415 | base=0.848300 | val=0.452997 | acc1=0.8528 | Wμ=0.995 | Aμ=0.999 | Wmax=1.000 | Amax=1.000 |LR=6.8719e-11 | ‖g‖=nan | satA=nan | satW=nan | εμ=nan | εvar=nan | corr(ε,x)=nan | t=nans
   417 | base=0.866309 | val=0.456492 | acc1=0.8476 | Wμ=0.995 | Aμ=0.999 | Wmax=1.000 | Amax=1.000 |LR=5.914e-11 | ‖g‖=nan | satA=nan | satW=nan | εμ=nan | εvar=nan | corr(ε,x)=nan | t=nans
   419 | base=0.799229 | val=0.459513 | acc1=0.8489 | Wμ=0.995 | Aμ=0.999 | Wmax=1.000 | Amax=1.000 |LR=5.0897e-11 | ‖g‖=nan | satA=nan | satW=nan | εμ=nan | εvar=nan | corr(ε,x)=nan | t=nans
   421 | base=0.783005 | val=0.461880 | acc1=0.8504 | Wμ=0.995 | Aμ=0.999 | Wmax=1.000 | Amax=1.000 |LR=4.3802e-11 | ‖g‖=nan | satA=nan | satW=nan | εμ=nan | εvar=nan | corr(ε,x)=nan | t=nans
   423 | base=0.845956 | val=0.460159 | acc1=0.8471 | Wμ=0.995 | Aμ=0.999 | Wmax=1.000 | Amax=1.000 |LR=3.7697e-11 | ‖g‖=nan | satA=nan | satW=nan | εμ=nan | εvar=nan | corr(ε,x)=nan | t=nans
