     0 | base=nan | val=0.236715 | acc1=nan | Wμ=nan | Aμ=nan | Wmax=nan | Amax=nan |LR=nan | ‖g‖=nan | satA=nan | satW=nan | εμ=nan | εvar=nan | corr(ε,x)=nan | t=nans
     0 | base=nan | val=0.236732 | acc1=0.9282 | Wμ=11.186 | Aμ=20.000 | Wmax=12.916 | Amax=13.744 |LR=nan | ‖g‖=nan | satA=nan | satW=nan | εμ=nan | εvar=nan | corr(ε,x)=nan | t=nans
     0 | base=nan | val=0.236786 | acc1=0.9281 | Wμ=9.786 | Aμ=20.000 | Wmax=10.000 | Amax=13.743 |LR=nan | ‖g‖=nan | satA=nan | satW=nan | εμ=nan | εvar=nan | corr(ε,x)=nan | t=nans
     0 | base=nan | val=0.236878 | acc1=0.9281 | Wμ=9.786 | Aμ=10.000 | Wmax=10.000 | Amax=9.994 |LR=nan | ‖g‖=nan | satA=nan | satW=nan | εμ=nan | εvar=nan | corr(ε,x)=nan | t=nans
# epoch | BaseLoss | ValLoss | Acc@1 | MeanWBits | MeanABits | MaxWBits | MaxABits | LR | GradNorm | WSat | ASat | NoiseMean | NoiseVar | NoiseCorr | Temp | EpochTime(s)
     0 | base=nan | val=0.213726 | acc1=0.9335 | Wμ=9.786 | Aμ=10.000 | Wmax=10.000 | Amax=10.000 |LR=nan | ‖g‖=nan | satA=nan | satW=nan | εμ=nan | εvar=nan | corr(ε,x)=nan | t=nans
     1 | base=0.004296 | val=0.236667 | acc1=0.9278 | Wμ=9.786 | Aμ=10.001 | Wmax=10.003 | Amax=9.995 |LR=0.000198 | ‖g‖=nan | satA=nan | satW=nan | εμ=nan | εvar=nan | corr(ε,x)=nan | t=nans
     3 | base=0.003299 | val=0.238099 | acc1=0.9266 | Wμ=9.786 | Aμ=10.003 | Wmax=10.007 | Amax=9.997 |LR=0.000398 | ‖g‖=nan | satA=nan | satW=nan | εμ=nan | εvar=nan | corr(ε,x)=nan | t=nans
     5 | base=0.003913 | val=0.238002 | acc1=0.9270 | Wμ=9.787 | Aμ=10.009 | Wmax=10.017 | Amax=10.001 |LR=0.000598 | ‖g‖=nan | satA=nan | satW=nan | εμ=nan | εvar=nan | corr(ε,x)=nan | t=nans
     7 | base=0.004736 | val=0.236993 | acc1=0.9263 | Wμ=9.788 | Aμ=10.018 | Wmax=10.031 | Amax=10.005 |LR=0.000798 | ‖g‖=nan | satA=nan | satW=nan | εμ=nan | εvar=nan | corr(ε,x)=nan | t=nans
     9 | base=0.006379 | val=0.240131 | acc1=0.9260 | Wμ=9.790 | Aμ=10.029 | Wmax=10.044 | Amax=10.019 |LR=0.000998 | ‖g‖=nan | satA=nan | satW=nan | εμ=nan | εvar=nan | corr(ε,x)=nan | t=nans
    11 | base=0.015810 | val=0.242191 | acc1=0.9231 | Wμ=9.792 | Aμ=10.042 | Wmax=10.071 | Amax=10.033 |LR=0.001198 | ‖g‖=nan | satA=nan | satW=nan | εμ=nan | εvar=nan | corr(ε,x)=nan | t=nans
    13 | base=0.022414 | val=0.254646 | acc1=0.9199 | Wμ=9.801 | Aμ=10.058 | Wmax=10.099 | Amax=10.062 |LR=0.001398 | ‖g‖=nan | satA=nan | satW=nan | εμ=nan | εvar=nan | corr(ε,x)=nan | t=nans
    15 | base=0.037231 | val=0.257439 | acc1=0.9202 | Wμ=9.814 | Aμ=10.075 | Wmax=10.175 | Amax=10.072 |LR=0.001598 | ‖g‖=nan | satA=nan | satW=nan | εμ=nan | εvar=nan | corr(ε,x)=nan | t=nans
    17 | base=0.039500 | val=0.255217 | acc1=0.9181 | Wμ=9.829 | Aμ=10.097 | Wmax=10.201 | Amax=10.087 |LR=0.001798 | ‖g‖=nan | satA=nan | satW=nan | εμ=nan | εvar=nan | corr(ε,x)=nan | t=nans
    19 | base=0.049585 | val=0.266313 | acc1=0.9177 | Wμ=9.846 | Aμ=10.110 | Wmax=10.254 | Amax=10.118 |LR=0.001998 | ‖g‖=nan | satA=nan | satW=nan | εμ=nan | εvar=nan | corr(ε,x)=nan | t=nans
    21 | base=0.044340 | val=0.265637 | acc1=0.9158 | Wμ=9.592 | Aμ=9.848 | Wmax=9.970 | Amax=10.039 |LR=0.002 | ‖g‖=nan | satA=nan | satW=nan | εμ=nan | εvar=nan | corr(ε,x)=nan | t=nans
    23 | base=0.036162 | val=0.262248 | acc1=0.9169 | Wμ=9.085 | Aμ=9.545 | Wmax=9.656 | Amax=9.981 |LR=0.002 | ‖g‖=nan | satA=nan | satW=nan | εμ=nan | εvar=nan | corr(ε,x)=nan | t=nans
    25 | base=0.041415 | val=0.272103 | acc1=0.9150 | Wμ=8.601 | Aμ=9.206 | Wmax=9.290 | Amax=9.889 |LR=0.002 | ‖g‖=nan | satA=nan | satW=nan | εμ=nan | εvar=nan | corr(ε,x)=nan | t=nans
    27 | base=0.038760 | val=0.257106 | acc1=0.9188 | Wμ=8.154 | Aμ=8.862 | Wmax=8.919 | Amax=9.772 |LR=0.002 | ‖g‖=nan | satA=nan | satW=nan | εμ=nan | εvar=nan | corr(ε,x)=nan | t=nans
    29 | base=0.035918 | val=0.260965 | acc1=0.9189 | Wμ=7.729 | Aμ=8.511 | Wmax=8.566 | Amax=9.635 |LR=0.002 | ‖g‖=nan | satA=nan | satW=nan | εμ=nan | εvar=nan | corr(ε,x)=nan | t=nans
    31 | base=0.033473 | val=0.250846 | acc1=0.9206 | Wμ=7.308 | Aμ=8.159 | Wmax=8.229 | Amax=9.445 |LR=0.002 | ‖g‖=nan | satA=nan | satW=nan | εμ=nan | εvar=nan | corr(ε,x)=nan | t=nans
    33 | base=0.040771 | val=0.268599 | acc1=0.9177 | Wμ=6.909 | Aμ=7.826 | Wmax=7.907 | Amax=9.277 |LR=0.002 | ‖g‖=nan | satA=nan | satW=nan | εμ=nan | εvar=nan | corr(ε,x)=nan | t=nans
    35 | base=0.051475 | val=0.256540 | acc1=0.9198 | Wμ=6.517 | Aμ=7.509 | Wmax=7.585 | Amax=9.007 |LR=0.002 | ‖g‖=nan | satA=nan | satW=nan | εμ=nan | εvar=nan | corr(ε,x)=nan | t=nans
    37 | base=0.051443 | val=0.260015 | acc1=0.9178 | Wμ=6.140 | Aμ=7.199 | Wmax=7.257 | Amax=8.748 |LR=0.002 | ‖g‖=nan | satA=nan | satW=nan | εμ=nan | εvar=nan | corr(ε,x)=nan | t=nans
    39 | base=0.056478 | val=0.268814 | acc1=0.9158 | Wμ=5.773 | Aμ=6.918 | Wmax=6.954 | Amax=8.520 |LR=0.002 | ‖g‖=nan | satA=nan | satW=nan | εμ=nan | εvar=nan | corr(ε,x)=nan | t=nans
    41 | base=0.057551 | val=0.265441 | acc1=0.9169 | Wμ=5.407 | Aμ=6.659 | Wmax=6.658 | Amax=8.281 |LR=0.002 | ‖g‖=nan | satA=nan | satW=nan | εμ=nan | εvar=nan | corr(ε,x)=nan | t=nans
    43 | base=0.066307 | val=0.280328 | acc1=0.9132 | Wμ=5.050 | Aμ=6.416 | Wmax=6.340 | Amax=8.033 |LR=0.002 | ‖g‖=nan | satA=nan | satW=nan | εμ=nan | εvar=nan | corr(ε,x)=nan | t=nans
    45 | base=0.063985 | val=0.283320 | acc1=0.9102 | Wμ=4.700 | Aμ=6.163 | Wmax=6.066 | Amax=7.748 |LR=0.002 | ‖g‖=nan | satA=nan | satW=nan | εμ=nan | εvar=nan | corr(ε,x)=nan | t=nans
    47 | base=0.075103 | val=0.275047 | acc1=0.9143 | Wμ=4.357 | Aμ=5.944 | Wmax=5.781 | Amax=7.476 |LR=0.002 | ‖g‖=nan | satA=nan | satW=nan | εμ=nan | εvar=nan | corr(ε,x)=nan | t=nans
    49 | base=0.126980 | val=0.289013 | acc1=0.9121 | Wμ=4.027 | Aμ=5.744 | Wmax=5.492 | Amax=7.248 |LR=0.002 | ‖g‖=nan | satA=nan | satW=nan | εμ=nan | εvar=nan | corr(ε,x)=nan | t=nans
    51 | base=0.092607 | val=0.357265 | acc1=0.8913 | Wμ=3.717 | Aμ=5.588 | Wmax=5.248 | Amax=7.129 |LR=0.002 | ‖g‖=nan | satA=nan | satW=nan | εμ=nan | εvar=nan | corr(ε,x)=nan | t=nans
    53 | base=0.100704 | val=0.307648 | acc1=0.9051 | Wμ=3.411 | Aμ=5.446 | Wmax=4.954 | Amax=6.931 |LR=0.002 | ‖g‖=nan | satA=nan | satW=nan | εμ=nan | εvar=nan | corr(ε,x)=nan | t=nans
    55 | base=0.103833 | val=0.340969 | acc1=0.8961 | Wμ=3.124 | Aμ=5.298 | Wmax=4.700 | Amax=6.781 |LR=0.002 | ‖g‖=nan | satA=nan | satW=nan | εμ=nan | εvar=nan | corr(ε,x)=nan | t=nans
    57 | base=0.119454 | val=0.322589 | acc1=0.8974 | Wμ=2.860 | Aμ=5.167 | Wmax=4.459 | Amax=6.629 |LR=0.002 | ‖g‖=nan | satA=nan | satW=nan | εμ=nan | εvar=nan | corr(ε,x)=nan | t=nans
    59 | base=0.158969 | val=0.342869 | acc1=0.8949 | Wμ=2.621 | Aμ=5.074 | Wmax=4.248 | Amax=6.492 |LR=0.002 | ‖g‖=nan | satA=nan | satW=nan | εμ=nan | εvar=nan | corr(ε,x)=nan | t=nans
    61 | base=0.135000 | val=0.330458 | acc1=0.8977 | Wμ=2.395 | Aμ=4.963 | Wmax=4.087 | Amax=6.375 |LR=0.002 | ‖g‖=nan | satA=nan | satW=nan | εμ=nan | εvar=nan | corr(ε,x)=nan | t=nans
    63 | base=0.199455 | val=0.387592 | acc1=0.8824 | Wμ=2.203 | Aμ=4.881 | Wmax=3.907 | Amax=6.248 |LR=0.002 | ‖g‖=nan | satA=nan | satW=nan | εμ=nan | εvar=nan | corr(ε,x)=nan | t=nans
    65 | base=0.192069 | val=0.340852 | acc1=0.8929 | Wμ=2.036 | Aμ=4.788 | Wmax=3.700 | Amax=6.170 |LR=0.002 | ‖g‖=nan | satA=nan | satW=nan | εμ=nan | εvar=nan | corr(ε,x)=nan | t=nans
    67 | base=0.235898 | val=0.404394 | acc1=0.8752 | Wμ=1.902 | Aμ=4.711 | Wmax=3.585 | Amax=6.066 |LR=0.002 | ‖g‖=nan | satA=nan | satW=nan | εμ=nan | εvar=nan | corr(ε,x)=nan | t=nans
    69 | base=0.282406 | val=0.476681 | acc1=0.8607 | Wμ=1.791 | Aμ=4.632 | Wmax=3.459 | Amax=5.907 |LR=0.002 | ‖g‖=nan | satA=nan | satW=nan | εμ=nan | εvar=nan | corr(ε,x)=nan | t=nans
    71 | base=0.261973 | val=0.527881 | acc1=0.8428 | Wμ=1.690 | Aμ=4.529 | Wmax=3.322 | Amax=5.728 |LR=0.002 | ‖g‖=nan | satA=nan | satW=nan | εμ=nan | εvar=nan | corr(ε,x)=nan | t=nans
    73 | base=0.343229 | val=0.591190 | acc1=0.8182 | Wμ=1.609 | Aμ=4.458 | Wmax=3.170 | Amax=5.672 |LR=0.002 | ‖g‖=nan | satA=nan | satW=nan | εμ=nan | εvar=nan | corr(ε,x)=nan | t=nans
    75 | base=0.377739 | val=0.569592 | acc1=0.8242 | Wμ=1.540 | Aμ=4.347 | Wmax=3.170 | Amax=5.555 |LR=0.002 | ‖g‖=nan | satA=nan | satW=nan | εμ=nan | εvar=nan | corr(ε,x)=nan | t=nans
    77 | base=0.391167 | val=0.703941 | acc1=0.7857 | Wμ=1.482 | Aμ=4.243 | Wmax=3.000 | Amax=5.426 |LR=0.002 | ‖g‖=nan | satA=nan | satW=nan | εμ=nan | εvar=nan | corr(ε,x)=nan | t=nans
    79 | base=0.385061 | val=0.570932 | acc1=0.8234 | Wμ=1.431 | Aμ=4.132 | Wmax=3.000 | Amax=5.285 |LR=0.002 | ‖g‖=nan | satA=nan | satW=nan | εμ=nan | εvar=nan | corr(ε,x)=nan | t=nans
    81 | base=0.426585 | val=0.526955 | acc1=0.8275 | Wμ=1.388 | Aμ=4.018 | Wmax=2.807 | Amax=5.129 |LR=0.002 | ‖g‖=nan | satA=nan | satW=nan | εμ=nan | εvar=nan | corr(ε,x)=nan | t=nans
    83 | base=0.464364 | val=0.751593 | acc1=0.7601 | Wμ=1.343 | Aμ=3.901 | Wmax=2.807 | Amax=4.954 |LR=0.002 | ‖g‖=nan | satA=nan | satW=nan | εμ=nan | εvar=nan | corr(ε,x)=nan | t=nans
    85 | base=0.424863 | val=0.960848 | acc1=0.7224 | Wμ=1.302 | Aμ=3.775 | Wmax=2.807 | Amax=4.807 |LR=0.002 | ‖g‖=nan | satA=nan | satW=nan | εμ=nan | εvar=nan | corr(ε,x)=nan | t=nans
    87 | base=0.467854 | val=0.976194 | acc1=0.7215 | Wμ=1.264 | Aμ=3.669 | Wmax=2.585 | Amax=4.644 |LR=0.002 | ‖g‖=nan | satA=nan | satW=nan | εμ=nan | εvar=nan | corr(ε,x)=nan | t=nans
    89 | base=0.532255 | val=0.629106 | acc1=0.8029 | Wμ=1.230 | Aμ=3.528 | Wmax=2.585 | Amax=4.459 |LR=0.002 | ‖g‖=nan | satA=nan | satW=nan | εμ=nan | εvar=nan | corr(ε,x)=nan | t=nans
    91 | base=0.450938 | val=0.939176 | acc1=0.7010 | Wμ=1.197 | Aμ=3.398 | Wmax=2.585 | Amax=4.322 |LR=0.002 | ‖g‖=nan | satA=nan | satW=nan | εμ=nan | εvar=nan | corr(ε,x)=nan | t=nans
    93 | base=0.484469 | val=0.714592 | acc1=0.7794 | Wμ=1.170 | Aμ=3.248 | Wmax=2.322 | Amax=4.170 |LR=0.002 | ‖g‖=nan | satA=nan | satW=nan | εμ=nan | εvar=nan | corr(ε,x)=nan | t=nans
    95 | base=0.492965 | val=0.547991 | acc1=0.8263 | Wμ=1.147 | Aμ=3.145 | Wmax=2.322 | Amax=4.000 |LR=0.002 | ‖g‖=nan | satA=nan | satW=nan | εμ=nan | εvar=nan | corr(ε,x)=nan | t=nans
    97 | base=0.528431 | val=0.719111 | acc1=0.7816 | Wμ=1.124 | Aμ=2.994 | Wmax=2.322 | Amax=3.700 |LR=0.002 | ‖g‖=nan | satA=nan | satW=nan | εμ=nan | εvar=nan | corr(ε,x)=nan | t=nans
    99 | base=0.465277 | val=0.831323 | acc1=0.7512 | Wμ=1.102 | Aμ=2.859 | Wmax=2.322 | Amax=3.459 |LR=0.002 | ‖g‖=nan | satA=nan | satW=nan | εμ=nan | εvar=nan | corr(ε,x)=nan | t=nans
   101 | base=0.534959 | val=0.641083 | acc1=0.7977 | Wμ=1.083 | Aμ=2.710 | Wmax=2.000 | Amax=3.322 |LR=0.002 | ‖g‖=nan | satA=nan | satW=nan | εμ=nan | εvar=nan | corr(ε,x)=nan | t=nans
   103 | base=0.485362 | val=0.617599 | acc1=0.8043 | Wμ=1.066 | Aμ=2.649 | Wmax=2.000 | Amax=3.000 |LR=0.002 | ‖g‖=nan | satA=nan | satW=nan | εμ=nan | εvar=nan | corr(ε,x)=nan | t=nans
   105 | base=0.539601 | val=1.900983 | acc1=0.5277 | Wμ=1.052 | Aμ=2.533 | Wmax=2.000 | Amax=3.000 |LR=0.002 | ‖g‖=nan | satA=nan | satW=nan | εμ=nan | εvar=nan | corr(ε,x)=nan | t=nans
   107 | base=0.590408 | val=0.803228 | acc1=0.7781 | Wμ=1.042 | Aμ=2.444 | Wmax=2.000 | Amax=2.807 |LR=0.002 | ‖g‖=nan | satA=nan | satW=nan | εμ=nan | εvar=nan | corr(ε,x)=nan | t=nans
   109 | base=0.669623 | val=1.074575 | acc1=0.6639 | Wμ=1.035 | Aμ=2.276 | Wmax=2.000 | Amax=2.585 |LR=0.002 | ‖g‖=nan | satA=nan | satW=nan | εμ=nan | εvar=nan | corr(ε,x)=nan | t=nans
   111 | base=0.631998 | val=1.658249 | acc1=0.5617 | Wμ=1.029 | Aμ=2.219 | Wmax=2.000 | Amax=2.807 |LR=0.002 | ‖g‖=nan | satA=nan | satW=nan | εμ=nan | εvar=nan | corr(ε,x)=nan | t=nans
   113 | base=0.687851 | val=0.901046 | acc1=0.7409 | Wμ=1.025 | Aμ=2.138 | Wmax=2.000 | Amax=2.585 |LR=0.002 | ‖g‖=nan | satA=nan | satW=nan | εμ=nan | εvar=nan | corr(ε,x)=nan | t=nans
   115 | base=0.684874 | val=0.769091 | acc1=0.7656 | Wμ=1.022 | Aμ=2.046 | Wmax=2.000 | Amax=2.322 |LR=0.002 | ‖g‖=nan | satA=nan | satW=nan | εμ=nan | εvar=nan | corr(ε,x)=nan | t=nans
   117 | base=0.694057 | val=0.578395 | acc1=0.8166 | Wμ=1.019 | Aμ=1.944 | Wmax=1.585 | Amax=2.322 |LR=0.002 | ‖g‖=nan | satA=nan | satW=nan | εμ=nan | εvar=nan | corr(ε,x)=nan | t=nans
   119 | base=0.772101 | val=0.854981 | acc1=0.7147 | Wμ=1.015 | Aμ=1.849 | Wmax=1.585 | Amax=2.322 |LR=0.002 | ‖g‖=nan | satA=nan | satW=nan | εμ=nan | εvar=nan | corr(ε,x)=nan | t=nans
   121 | base=0.675416 | val=1.877470 | acc1=0.5635 | Wμ=1.012 | Aμ=1.801 | Wmax=2.000 | Amax=2.322 |LR=0.002 | ‖g‖=nan | satA=nan | satW=nan | εμ=nan | εvar=nan | corr(ε,x)=nan | t=nans
   123 | base=0.814446 | val=0.837977 | acc1=0.7367 | Wμ=1.010 | Aμ=1.772 | Wmax=1.585 | Amax=2.000 |LR=0.002 | ‖g‖=nan | satA=nan | satW=nan | εμ=nan | εvar=nan | corr(ε,x)=nan | t=nans
   125 | base=0.895858 | val=0.631837 | acc1=0.7983 | Wμ=1.007 | Aμ=1.708 | Wmax=1.585 | Amax=2.000 |LR=0.002 | ‖g‖=nan | satA=nan | satW=nan | εμ=nan | εvar=nan | corr(ε,x)=nan | t=nans
   127 | base=0.891031 | val=1.027056 | acc1=0.7050 | Wμ=1.005 | Aμ=1.602 | Wmax=1.585 | Amax=2.000 |LR=0.002 | ‖g‖=nan | satA=nan | satW=nan | εμ=nan | εvar=nan | corr(ε,x)=nan | t=nans
   129 | base=0.923387 | val=0.972968 | acc1=0.7215 | Wμ=1.003 | Aμ=1.539 | Wmax=1.585 | Amax=2.000 |LR=0.002 | ‖g‖=nan | satA=nan | satW=nan | εμ=nan | εvar=nan | corr(ε,x)=nan | t=nans
   131 | base=0.860303 | val=1.276130 | acc1=0.6418 | Wμ=1.002 | Aμ=1.501 | Wmax=1.585 | Amax=2.000 |LR=0.002 | ‖g‖=nan | satA=nan | satW=nan | εμ=nan | εvar=nan | corr(ε,x)=nan | t=nans
   133 | base=0.980608 | val=0.998727 | acc1=0.7162 | Wμ=1.001 | Aμ=1.477 | Wmax=1.585 | Amax=2.000 |LR=0.002 | ‖g‖=nan | satA=nan | satW=nan | εμ=nan | εvar=nan | corr(ε,x)=nan | t=nans
   135 | base=0.998631 | val=0.700928 | acc1=0.7616 | Wμ=1.000 | Aμ=1.463 | Wmax=1.585 | Amax=2.000 |LR=0.002 | ‖g‖=nan | satA=nan | satW=nan | εμ=nan | εvar=nan | corr(ε,x)=nan | t=nans
   137 | base=1.118057 | val=0.926377 | acc1=0.6987 | Wμ=1.000 | Aμ=1.454 | Wmax=1.585 | Amax=2.000 |LR=0.002 | ‖g‖=nan | satA=nan | satW=nan | εμ=nan | εvar=nan | corr(ε,x)=nan | t=nans
   139 | base=0.921759 | val=1.127152 | acc1=0.6870 | Wμ=0.998 | Aμ=1.447 | Wmax=1.585 | Amax=2.000 |LR=0.002 | ‖g‖=nan | satA=nan | satW=nan | εμ=nan | εvar=nan | corr(ε,x)=nan | t=nans
   141 | base=0.946704 | val=0.990798 | acc1=0.7073 | Wμ=0.997 | Aμ=1.428 | Wmax=1.585 | Amax=2.000 |LR=0.002 | ‖g‖=nan | satA=nan | satW=nan | εμ=nan | εvar=nan | corr(ε,x)=nan | t=nans
   143 | base=0.919345 | val=1.077479 | acc1=0.6418 | Wμ=0.996 | Aμ=1.377 | Wmax=1.585 | Amax=2.000 |LR=0.002 | ‖g‖=nan | satA=nan | satW=nan | εμ=nan | εvar=nan | corr(ε,x)=nan | t=nans
   145 | base=0.998903 | val=0.701689 | acc1=0.7843 | Wμ=0.995 | Aμ=1.325 | Wmax=1.585 | Amax=1.585 |LR=0.002 | ‖g‖=nan | satA=nan | satW=nan | εμ=nan | εvar=nan | corr(ε,x)=nan | t=nans
   147 | base=1.060060 | val=0.771155 | acc1=0.7513 | Wμ=0.994 | Aμ=1.304 | Wmax=1.585 | Amax=1.585 |LR=0.002 | ‖g‖=nan | satA=nan | satW=nan | εμ=nan | εvar=nan | corr(ε,x)=nan | t=nans
   149 | base=1.088829 | val=0.630319 | acc1=0.7921 | Wμ=0.993 | Aμ=1.265 | Wmax=1.000 | Amax=1.585 |LR=0.002 | ‖g‖=nan | satA=nan | satW=nan | εμ=nan | εvar=nan | corr(ε,x)=nan | t=nans
   151 | base=0.950710 | val=1.468592 | acc1=0.5731 | Wμ=0.993 | Aμ=1.219 | Wmax=1.000 | Amax=1.585 |LR=0.002 | ‖g‖=nan | satA=nan | satW=nan | εμ=nan | εvar=nan | corr(ε,x)=nan | t=nans
   153 | base=1.019389 | val=1.024147 | acc1=0.6832 | Wμ=0.992 | Aμ=1.181 | Wmax=1.000 | Amax=1.585 |LR=0.002 | ‖g‖=nan | satA=nan | satW=nan | εμ=nan | εvar=nan | corr(ε,x)=nan | t=nans
   155 | base=1.279595 | val=0.938577 | acc1=0.6914 | Wμ=0.992 | Aμ=1.159 | Wmax=1.000 | Amax=1.585 |LR=0.002 | ‖g‖=nan | satA=nan | satW=nan | εμ=nan | εvar=nan | corr(ε,x)=nan | t=nans
   157 | base=1.184842 | val=1.242170 | acc1=0.6308 | Wμ=0.991 | Aμ=1.159 | Wmax=1.000 | Amax=1.585 |LR=0.002 | ‖g‖=nan | satA=nan | satW=nan | εμ=nan | εvar=nan | corr(ε,x)=nan | t=nans
   159 | base=1.007909 | val=0.883426 | acc1=0.7142 | Wμ=0.990 | Aμ=1.150 | Wmax=1.000 | Amax=1.585 |LR=0.002 | ‖g‖=nan | satA=nan | satW=nan | εμ=nan | εvar=nan | corr(ε,x)=nan | t=nans
   161 | base=1.245466 | val=1.341366 | acc1=0.5975 | Wμ=0.991 | Aμ=1.140 | Wmax=1.000 | Amax=1.585 |LR=0.002 | ‖g‖=nan | satA=nan | satW=nan | εμ=nan | εvar=nan | corr(ε,x)=nan | t=nans
   163 | base=0.962385 | val=1.106685 | acc1=0.6489 | Wμ=0.991 | Aμ=1.125 | Wmax=1.000 | Amax=1.585 |LR=0.002 | ‖g‖=nan | satA=nan | satW=nan | εμ=nan | εvar=nan | corr(ε,x)=nan | t=nans
   165 | base=1.116341 | val=1.492924 | acc1=0.5763 | Wμ=0.991 | Aμ=1.124 | Wmax=1.000 | Amax=1.585 |LR=0.002 | ‖g‖=nan | satA=nan | satW=nan | εμ=nan | εvar=nan | corr(ε,x)=nan | t=nans
   167 | base=1.226925 | val=0.908214 | acc1=0.7416 | Wμ=0.991 | Aμ=1.124 | Wmax=1.000 | Amax=1.585 |LR=0.002 | ‖g‖=nan | satA=nan | satW=nan | εμ=nan | εvar=nan | corr(ε,x)=nan | t=nans
   169 | base=0.994608 | val=1.086673 | acc1=0.6568 | Wμ=0.991 | Aμ=1.123 | Wmax=1.000 | Amax=1.585 |LR=0.002 | ‖g‖=nan | satA=nan | satW=nan | εμ=nan | εvar=nan | corr(ε,x)=nan | t=nans
   171 | base=1.145219 | val=0.755533 | acc1=0.7551 | Wμ=0.990 | Aμ=1.122 | Wmax=1.000 | Amax=1.585 |LR=0.002 | ‖g‖=nan | satA=nan | satW=nan | εμ=nan | εvar=nan | corr(ε,x)=nan | t=nans
   173 | base=1.105153 | val=1.015068 | acc1=0.6715 | Wμ=0.991 | Aμ=1.119 | Wmax=1.000 | Amax=1.585 |LR=0.002 | ‖g‖=nan | satA=nan | satW=nan | εμ=nan | εvar=nan | corr(ε,x)=nan | t=nans
   175 | base=1.206785 | val=0.815769 | acc1=0.7391 | Wμ=0.991 | Aμ=1.107 | Wmax=1.000 | Amax=1.585 |LR=0.002 | ‖g‖=nan | satA=nan | satW=nan | εμ=nan | εvar=nan | corr(ε,x)=nan | t=nans
   177 | base=1.164470 | val=0.907363 | acc1=0.7065 | Wμ=0.990 | Aμ=1.097 | Wmax=1.000 | Amax=1.585 |LR=0.002 | ‖g‖=nan | satA=nan | satW=nan | εμ=nan | εvar=nan | corr(ε,x)=nan | t=nans
   179 | base=1.125787 | val=0.911289 | acc1=0.7094 | Wμ=0.991 | Aμ=1.087 | Wmax=1.000 | Amax=1.585 |LR=0.002 | ‖g‖=nan | satA=nan | satW=nan | εμ=nan | εvar=nan | corr(ε,x)=nan | t=nans
   181 | base=1.237984 | val=0.986043 | acc1=0.6950 | Wμ=0.990 | Aμ=1.080 | Wmax=1.000 | Amax=1.585 |LR=0.002 | ‖g‖=nan | satA=nan | satW=nan | εμ=nan | εvar=nan | corr(ε,x)=nan | t=nans
   183 | base=1.180627 | val=0.832118 | acc1=0.7330 | Wμ=0.990 | Aμ=1.063 | Wmax=1.000 | Amax=1.585 |LR=0.002 | ‖g‖=nan | satA=nan | satW=nan | εμ=nan | εvar=nan | corr(ε,x)=nan | t=nans
   185 | base=1.228528 | val=0.851803 | acc1=0.7299 | Wμ=0.990 | Aμ=1.051 | Wmax=1.000 | Amax=1.000 |LR=0.002 | ‖g‖=nan | satA=nan | satW=nan | εμ=nan | εvar=nan | corr(ε,x)=nan | t=nans
   187 | base=1.139171 | val=0.727435 | acc1=0.7638 | Wμ=0.990 | Aμ=1.049 | Wmax=1.000 | Amax=1.585 |LR=0.0017238 | ‖g‖=nan | satA=nan | satW=nan | εμ=nan | εvar=nan | corr(ε,x)=nan | t=nans
   189 | base=1.085468 | val=0.789204 | acc1=0.7481 | Wμ=0.991 | Aμ=1.039 | Wmax=1.000 | Amax=1.000 |LR=0.0017212 | ‖g‖=nan | satA=nan | satW=nan | εμ=nan | εvar=nan | corr(ε,x)=nan | t=nans
   191 | base=1.098920 | val=0.699067 | acc1=0.7733 | Wμ=0.991 | Aμ=1.017 | Wmax=1.000 | Amax=1.000 |LR=0.0014835 | ‖g‖=nan | satA=nan | satW=nan | εμ=nan | εvar=nan | corr(ε,x)=nan | t=nans
   193 | base=1.198459 | val=0.717673 | acc1=0.7662 | Wμ=0.991 | Aμ=0.998 | Wmax=1.000 | Amax=1.000 |LR=0.0012767 | ‖g‖=nan | satA=nan | satW=nan | εμ=nan | εvar=nan | corr(ε,x)=nan | t=nans
   195 | base=1.108909 | val=0.727949 | acc1=0.7614 | Wμ=0.991 | Aμ=0.998 | Wmax=1.000 | Amax=1.000 |LR=0.0010988 | ‖g‖=nan | satA=nan | satW=nan | εμ=nan | εvar=nan | corr(ε,x)=nan | t=nans
   197 | base=1.101516 | val=1.029502 | acc1=0.6776 | Wμ=0.991 | Aμ=0.998 | Wmax=1.000 | Amax=1.000 |LR=0.00094562 | ‖g‖=nan | satA=nan | satW=nan | εμ=nan | εvar=nan | corr(ε,x)=nan | t=nans
   199 | base=1.060406 | val=0.836439 | acc1=0.7538 | Wμ=0.991 | Aμ=0.998 | Wmax=1.000 | Amax=1.000 |LR=0.00081381 | ‖g‖=nan | satA=nan | satW=nan | εμ=nan | εvar=nan | corr(ε,x)=nan | t=nans
   201 | base=1.056575 | val=0.801563 | acc1=0.7492 | Wμ=0.991 | Aμ=0.998 | Wmax=1.000 | Amax=1.000 |LR=0.00070037 | ‖g‖=nan | satA=nan | satW=nan | εμ=nan | εvar=nan | corr(ε,x)=nan | t=nans
   203 | base=1.084136 | val=0.702038 | acc1=0.7767 | Wμ=0.992 | Aμ=0.998 | Wmax=1.000 | Amax=1.000 |LR=0.00060275 | ‖g‖=nan | satA=nan | satW=nan | εμ=nan | εvar=nan | corr(ε,x)=nan | t=nans
   205 | base=1.029368 | val=0.929717 | acc1=0.7314 | Wμ=0.992 | Aμ=0.998 | Wmax=1.000 | Amax=1.000 |LR=0.00051873 | ‖g‖=nan | satA=nan | satW=nan | εμ=nan | εvar=nan | corr(ε,x)=nan | t=nans
   207 | base=1.051067 | val=0.908878 | acc1=0.7209 | Wμ=0.992 | Aμ=0.998 | Wmax=1.000 | Amax=1.000 |LR=0.00044643 | ‖g‖=nan | satA=nan | satW=nan | εμ=nan | εvar=nan | corr(ε,x)=nan | t=nans
   209 | base=0.975483 | val=0.744646 | acc1=0.7583 | Wμ=0.993 | Aμ=0.998 | Wmax=1.000 | Amax=1.000 |LR=0.0003842 | ‖g‖=nan | satA=nan | satW=nan | εμ=nan | εvar=nan | corr(ε,x)=nan | t=nans
   211 | base=1.094997 | val=0.835656 | acc1=0.7429 | Wμ=0.993 | Aμ=0.998 | Wmax=1.000 | Amax=1.000 |LR=0.00033065 | ‖g‖=nan | satA=nan | satW=nan | εμ=nan | εvar=nan | corr(ε,x)=nan | t=nans
   213 | base=1.000479 | val=0.756587 | acc1=0.7609 | Wμ=0.993 | Aμ=0.998 | Wmax=1.000 | Amax=1.000 |LR=0.00028456 | ‖g‖=nan | satA=nan | satW=nan | εμ=nan | εvar=nan | corr(ε,x)=nan | t=nans
   215 | base=0.977714 | val=1.062589 | acc1=0.6667 | Wμ=0.993 | Aμ=0.999 | Wmax=1.000 | Amax=1.000 |LR=0.00024489 | ‖g‖=nan | satA=nan | satW=nan | εμ=nan | εvar=nan | corr(ε,x)=nan | t=nans
   217 | base=0.897298 | val=0.951452 | acc1=0.7119 | Wμ=0.993 | Aμ=0.999 | Wmax=1.000 | Amax=1.000 |LR=0.00021076 | ‖g‖=nan | satA=nan | satW=nan | εμ=nan | εvar=nan | corr(ε,x)=nan | t=nans
   219 | base=1.006445 | val=0.766903 | acc1=0.7563 | Wμ=0.994 | Aμ=0.999 | Wmax=1.000 | Amax=1.000 |LR=0.00018138 | ‖g‖=nan | satA=nan | satW=nan | εμ=nan | εvar=nan | corr(ε,x)=nan | t=nans
   221 | base=0.907151 | val=1.269187 | acc1=0.6336 | Wμ=0.994 | Aμ=0.999 | Wmax=1.000 | Amax=1.000 |LR=0.0001561 | ‖g‖=nan | satA=nan | satW=nan | εμ=nan | εvar=nan | corr(ε,x)=nan | t=nans
   223 | base=1.026763 | val=0.644589 | acc1=0.7891 | Wμ=0.994 | Aμ=0.999 | Wmax=1.000 | Amax=1.000 |LR=0.00013434 | ‖g‖=nan | satA=nan | satW=nan | εμ=nan | εvar=nan | corr(ε,x)=nan | t=nans
   225 | base=1.012293 | val=0.766047 | acc1=0.7605 | Wμ=0.994 | Aμ=0.999 | Wmax=1.000 | Amax=1.000 |LR=0.00011561 | ‖g‖=nan | satA=nan | satW=nan | εμ=nan | εvar=nan | corr(ε,x)=nan | t=nans
   227 | base=0.915271 | val=0.871418 | acc1=0.7242 | Wμ=0.994 | Aμ=0.999 | Wmax=1.000 | Amax=1.000 |LR=9.9499e-05 | ‖g‖=nan | satA=nan | satW=nan | εμ=nan | εvar=nan | corr(ε,x)=nan | t=nans
   229 | base=0.908941 | val=0.660982 | acc1=0.7863 | Wμ=0.995 | Aμ=0.999 | Wmax=1.000 | Amax=1.000 |LR=8.563e-05 | ‖g‖=nan | satA=nan | satW=nan | εμ=nan | εvar=nan | corr(ε,x)=nan | t=nans
   231 | base=0.977004 | val=0.912424 | acc1=0.7122 | Wμ=0.995 | Aμ=0.999 | Wmax=1.000 | Amax=1.000 |LR=7.3694e-05 | ‖g‖=nan | satA=nan | satW=nan | εμ=nan | εvar=nan | corr(ε,x)=nan | t=nans
   233 | base=0.880078 | val=0.670428 | acc1=0.7877 | Wμ=0.995 | Aμ=0.999 | Wmax=1.000 | Amax=1.000 |LR=6.3422e-05 | ‖g‖=nan | satA=nan | satW=nan | εμ=nan | εvar=nan | corr(ε,x)=nan | t=nans
   235 | base=0.876890 | val=0.632978 | acc1=0.7916 | Wμ=0.995 | Aμ=0.999 | Wmax=1.000 | Amax=1.000 |LR=5.4582e-05 | ‖g‖=nan | satA=nan | satW=nan | εμ=nan | εvar=nan | corr(ε,x)=nan | t=nans
   237 | base=0.995045 | val=0.639566 | acc1=0.7931 | Wμ=0.995 | Aμ=0.999 | Wmax=1.000 | Amax=1.000 |LR=4.6974e-05 | ‖g‖=nan | satA=nan | satW=nan | εμ=nan | εvar=nan | corr(ε,x)=nan | t=nans
   239 | base=0.937337 | val=0.754734 | acc1=0.7653 | Wμ=0.995 | Aμ=0.999 | Wmax=1.000 | Amax=1.000 |LR=4.0426e-05 | ‖g‖=nan | satA=nan | satW=nan | εμ=nan | εvar=nan | corr(ε,x)=nan | t=nans
   241 | base=0.992533 | val=0.563053 | acc1=0.8136 | Wμ=0.995 | Aμ=0.999 | Wmax=1.000 | Amax=1.000 |LR=3.4791e-05 | ‖g‖=nan | satA=nan | satW=nan | εμ=nan | εvar=nan | corr(ε,x)=nan | t=nans
   243 | base=0.901381 | val=0.657398 | acc1=0.7854 | Wμ=0.995 | Aμ=0.999 | Wmax=1.000 | Amax=1.000 |LR=2.9942e-05 | ‖g‖=nan | satA=nan | satW=nan | εμ=nan | εvar=nan | corr(ε,x)=nan | t=nans
   245 | base=0.953894 | val=0.785026 | acc1=0.7499 | Wμ=0.996 | Aμ=0.999 | Wmax=1.000 | Amax=1.000 |LR=2.5768e-05 | ‖g‖=nan | satA=nan | satW=nan | εμ=nan | εvar=nan | corr(ε,x)=nan | t=nans
   247 | base=0.876568 | val=0.636824 | acc1=0.7935 | Wμ=0.996 | Aμ=0.999 | Wmax=1.000 | Amax=1.000 |LR=2.2176e-05 | ‖g‖=nan | satA=nan | satW=nan | εμ=nan | εvar=nan | corr(ε,x)=nan | t=nans
   249 | base=0.942765 | val=0.569715 | acc1=0.8138 | Wμ=0.996 | Aμ=0.999 | Wmax=1.000 | Amax=1.000 |LR=1.9085e-05 | ‖g‖=nan | satA=nan | satW=nan | εμ=nan | εvar=nan | corr(ε,x)=nan | t=nans
   251 | base=0.861360 | val=0.537845 | acc1=0.8238 | Wμ=0.996 | Aμ=0.999 | Wmax=1.000 | Amax=1.000 |LR=1.6425e-05 | ‖g‖=nan | satA=nan | satW=nan | εμ=nan | εvar=nan | corr(ε,x)=nan | t=nans
   253 | base=0.925360 | val=0.593722 | acc1=0.8109 | Wμ=0.996 | Aμ=0.999 | Wmax=1.000 | Amax=1.000 |LR=1.4135e-05 | ‖g‖=nan | satA=nan | satW=nan | εμ=nan | εvar=nan | corr(ε,x)=nan | t=nans
   255 | base=0.899275 | val=0.621484 | acc1=0.7977 | Wμ=0.996 | Aμ=0.999 | Wmax=1.000 | Amax=1.000 |LR=1.2165e-05 | ‖g‖=nan | satA=nan | satW=nan | εμ=nan | εvar=nan | corr(ε,x)=nan | t=nans
   257 | base=0.950647 | val=0.903534 | acc1=0.7316 | Wμ=0.996 | Aμ=0.999 | Wmax=1.000 | Amax=1.000 |LR=1.0469e-05 | ‖g‖=nan | satA=nan | satW=nan | εμ=nan | εvar=nan | corr(ε,x)=nan | t=nans
   259 | base=0.890199 | val=0.624626 | acc1=0.7929 | Wμ=0.996 | Aμ=0.999 | Wmax=1.000 | Amax=1.000 |LR=9.0101e-06 | ‖g‖=nan | satA=nan | satW=nan | εμ=nan | εvar=nan | corr(ε,x)=nan | t=nans
   261 | base=0.838156 | val=0.788370 | acc1=0.7449 | Wμ=0.996 | Aμ=0.999 | Wmax=1.000 | Amax=1.000 |LR=7.7542e-06 | ‖g‖=nan | satA=nan | satW=nan | εμ=nan | εvar=nan | corr(ε,x)=nan | t=nans
   263 | base=0.914033 | val=0.533769 | acc1=0.8207 | Wμ=0.996 | Aμ=0.999 | Wmax=1.000 | Amax=1.000 |LR=6.6734e-06 | ‖g‖=nan | satA=nan | satW=nan | εμ=nan | εvar=nan | corr(ε,x)=nan | t=nans
   265 | base=0.920494 | val=0.771506 | acc1=0.7626 | Wμ=0.996 | Aμ=0.999 | Wmax=1.000 | Amax=1.000 |LR=5.7432e-06 | ‖g‖=nan | satA=nan | satW=nan | εμ=nan | εvar=nan | corr(ε,x)=nan | t=nans
   267 | base=0.910411 | val=0.541708 | acc1=0.8253 | Wμ=0.996 | Aμ=0.999 | Wmax=1.000 | Amax=1.000 |LR=4.9426e-06 | ‖g‖=nan | satA=nan | satW=nan | εμ=nan | εvar=nan | corr(ε,x)=nan | t=nans
   269 | base=0.897393 | val=0.539508 | acc1=0.8231 | Wμ=0.996 | Aμ=0.999 | Wmax=1.000 | Amax=1.000 |LR=4.2537e-06 | ‖g‖=nan | satA=nan | satW=nan | εμ=nan | εvar=nan | corr(ε,x)=nan | t=nans
   271 | base=0.806634 | val=0.767444 | acc1=0.7620 | Wμ=0.996 | Aμ=0.999 | Wmax=1.000 | Amax=1.000 |LR=3.6608e-06 | ‖g‖=nan | satA=nan | satW=nan | εμ=nan | εvar=nan | corr(ε,x)=nan | t=nans
   273 | base=0.918033 | val=0.849512 | acc1=0.7405 | Wμ=0.996 | Aμ=0.999 | Wmax=1.000 | Amax=1.000 |LR=3.1505e-06 | ‖g‖=nan | satA=nan | satW=nan | εμ=nan | εvar=nan | corr(ε,x)=nan | t=nans
   275 | base=0.885245 | val=0.585920 | acc1=0.8100 | Wμ=0.996 | Aμ=0.999 | Wmax=1.000 | Amax=1.000 |LR=2.7114e-06 | ‖g‖=nan | satA=nan | satW=nan | εμ=nan | εvar=nan | corr(ε,x)=nan | t=nans
   277 | base=0.884685 | val=0.584269 | acc1=0.8143 | Wμ=0.996 | Aμ=0.999 | Wmax=1.000 | Amax=1.000 |LR=2.3334e-06 | ‖g‖=nan | satA=nan | satW=nan | εμ=nan | εvar=nan | corr(ε,x)=nan | t=nans
   279 | base=0.936630 | val=0.587794 | acc1=0.8135 | Wμ=0.996 | Aμ=0.999 | Wmax=1.000 | Amax=1.000 |LR=2.0082e-06 | ‖g‖=nan | satA=nan | satW=nan | εμ=nan | εvar=nan | corr(ε,x)=nan | t=nans
   281 | base=0.837111 | val=0.693759 | acc1=0.7812 | Wμ=0.996 | Aμ=0.999 | Wmax=1.000 | Amax=1.000 |LR=1.7283e-06 | ‖g‖=nan | satA=nan | satW=nan | εμ=nan | εvar=nan | corr(ε,x)=nan | t=nans
   283 | base=0.877622 | val=0.503671 | acc1=0.8331 | Wμ=0.996 | Aμ=0.999 | Wmax=1.000 | Amax=1.000 |LR=1.4874e-06 | ‖g‖=nan | satA=nan | satW=nan | εμ=nan | εvar=nan | corr(ε,x)=nan | t=nans
   285 | base=0.828306 | val=0.639606 | acc1=0.7989 | Wμ=0.996 | Aμ=0.999 | Wmax=1.000 | Amax=1.000 |LR=1.28e-06 | ‖g‖=nan | satA=nan | satW=nan | εμ=nan | εvar=nan | corr(ε,x)=nan | t=nans
   287 | base=0.884671 | val=0.591441 | acc1=0.8046 | Wμ=0.996 | Aμ=0.999 | Wmax=1.000 | Amax=1.000 |LR=1.1016e-06 | ‖g‖=nan | satA=nan | satW=nan | εμ=nan | εvar=nan | corr(ε,x)=nan | t=nans
   289 | base=0.918691 | val=0.568729 | acc1=0.8119 | Wμ=0.996 | Aμ=0.999 | Wmax=1.000 | Amax=1.000 |LR=9.4806e-07 | ‖g‖=nan | satA=nan | satW=nan | εμ=nan | εvar=nan | corr(ε,x)=nan | t=nans
   291 | base=0.851276 | val=0.571953 | acc1=0.8136 | Wμ=0.996 | Aμ=0.999 | Wmax=1.000 | Amax=1.000 |LR=8.1591e-07 | ‖g‖=nan | satA=nan | satW=nan | εμ=nan | εvar=nan | corr(ε,x)=nan | t=nans
   293 | base=0.900289 | val=0.565209 | acc1=0.8150 | Wμ=0.996 | Aμ=0.999 | Wmax=1.000 | Amax=1.000 |LR=7.0218e-07 | ‖g‖=nan | satA=nan | satW=nan | εμ=nan | εvar=nan | corr(ε,x)=nan | t=nans
   295 | base=0.890402 | val=0.629948 | acc1=0.8007 | Wμ=0.996 | Aμ=0.999 | Wmax=1.000 | Amax=1.000 |LR=6.043e-07 | ‖g‖=nan | satA=nan | satW=nan | εμ=nan | εvar=nan | corr(ε,x)=nan | t=nans
   297 | base=0.890350 | val=0.566868 | acc1=0.8105 | Wμ=0.996 | Aμ=0.999 | Wmax=1.000 | Amax=1.000 |LR=5.2007e-07 | ‖g‖=nan | satA=nan | satW=nan | εμ=nan | εvar=nan | corr(ε,x)=nan | t=nans
   299 | base=0.844125 | val=0.507808 | acc1=0.8312 | Wμ=0.996 | Aμ=0.999 | Wmax=1.000 | Amax=1.000 |LR=4.4758e-07 | ‖g‖=nan | satA=nan | satW=nan | εμ=nan | εvar=nan | corr(ε,x)=nan | t=nans
   301 | base=0.851719 | val=0.623834 | acc1=0.8003 | Wμ=0.996 | Aμ=0.999 | Wmax=1.000 | Amax=1.000 |LR=3.8519e-07 | ‖g‖=nan | satA=nan | satW=nan | εμ=nan | εvar=nan | corr(ε,x)=nan | t=nans
   303 | base=0.970541 | val=0.652025 | acc1=0.7927 | Wμ=0.996 | Aμ=0.999 | Wmax=1.000 | Amax=1.000 |LR=3.315e-07 | ‖g‖=nan | satA=nan | satW=nan | εμ=nan | εvar=nan | corr(ε,x)=nan | t=nans
   305 | base=0.879519 | val=0.562531 | acc1=0.8121 | Wμ=0.996 | Aμ=0.999 | Wmax=1.000 | Amax=1.000 |LR=2.8529e-07 | ‖g‖=nan | satA=nan | satW=nan | εμ=nan | εvar=nan | corr(ε,x)=nan | t=nans
   307 | base=0.902113 | val=0.542933 | acc1=0.8210 | Wμ=0.996 | Aμ=0.999 | Wmax=1.000 | Amax=1.000 |LR=2.4553e-07 | ‖g‖=nan | satA=nan | satW=nan | εμ=nan | εvar=nan | corr(ε,x)=nan | t=nans
   309 | base=0.878425 | val=0.592507 | acc1=0.8053 | Wμ=0.996 | Aμ=0.999 | Wmax=1.000 | Amax=1.000 |LR=2.113e-07 | ‖g‖=nan | satA=nan | satW=nan | εμ=nan | εvar=nan | corr(ε,x)=nan | t=nans
   311 | base=0.887779 | val=0.579858 | acc1=0.8113 | Wμ=0.996 | Aμ=0.999 | Wmax=1.000 | Amax=1.000 |LR=1.8185e-07 | ‖g‖=nan | satA=nan | satW=nan | εμ=nan | εvar=nan | corr(ε,x)=nan | t=nans
   313 | base=0.863476 | val=0.532044 | acc1=0.8280 | Wμ=0.996 | Aμ=0.999 | Wmax=1.000 | Amax=1.000 |LR=1.565e-07 | ‖g‖=nan | satA=nan | satW=nan | εμ=nan | εvar=nan | corr(ε,x)=nan | t=nans
   315 | base=0.895153 | val=0.549793 | acc1=0.8162 | Wμ=0.996 | Aμ=0.999 | Wmax=1.000 | Amax=1.000 |LR=1.3469e-07 | ‖g‖=nan | satA=nan | satW=nan | εμ=nan | εvar=nan | corr(ε,x)=nan | t=nans
   317 | base=0.821142 | val=0.534069 | acc1=0.8257 | Wμ=0.996 | Aμ=0.999 | Wmax=1.000 | Amax=1.000 |LR=1.1591e-07 | ‖g‖=nan | satA=nan | satW=nan | εμ=nan | εvar=nan | corr(ε,x)=nan | t=nans
   319 | base=0.836319 | val=0.509465 | acc1=0.8318 | Wμ=0.996 | Aμ=0.999 | Wmax=1.000 | Amax=1.000 |LR=9.9756e-08 | ‖g‖=nan | satA=nan | satW=nan | εμ=nan | εvar=nan | corr(ε,x)=nan | t=nans
   321 | base=0.844633 | val=0.520550 | acc1=0.8298 | Wμ=0.996 | Aμ=0.999 | Wmax=1.000 | Amax=1.000 |LR=8.5851e-08 | ‖g‖=nan | satA=nan | satW=nan | εμ=nan | εvar=nan | corr(ε,x)=nan | t=nans
   323 | base=0.825684 | val=0.529187 | acc1=0.8243 | Wμ=0.996 | Aμ=0.999 | Wmax=1.000 | Amax=1.000 |LR=7.3884e-08 | ‖g‖=nan | satA=nan | satW=nan | εμ=nan | εvar=nan | corr(ε,x)=nan | t=nans
   325 | base=0.819840 | val=0.502056 | acc1=0.8362 | Wμ=0.996 | Aμ=0.999 | Wmax=1.000 | Amax=1.000 |LR=6.3586e-08 | ‖g‖=nan | satA=nan | satW=nan | εμ=nan | εvar=nan | corr(ε,x)=nan | t=nans
   327 | base=0.854051 | val=0.531860 | acc1=0.8213 | Wμ=0.996 | Aμ=0.999 | Wmax=1.000 | Amax=1.000 |LR=5.4723e-08 | ‖g‖=nan | satA=nan | satW=nan | εμ=nan | εvar=nan | corr(ε,x)=nan | t=nans
   329 | base=0.901522 | val=0.562269 | acc1=0.8152 | Wμ=0.996 | Aμ=0.999 | Wmax=1.000 | Amax=1.000 |LR=4.7095e-08 | ‖g‖=nan | satA=nan | satW=nan | εμ=nan | εvar=nan | corr(ε,x)=nan | t=nans
   331 | base=0.945953 | val=0.497756 | acc1=0.8340 | Wμ=0.996 | Aμ=0.999 | Wmax=1.000 | Amax=1.000 |LR=4.053e-08 | ‖g‖=nan | satA=nan | satW=nan | εμ=nan | εvar=nan | corr(ε,x)=nan | t=nans
   333 | base=0.856093 | val=0.492308 | acc1=0.8354 | Wμ=0.996 | Aμ=0.999 | Wmax=1.000 | Amax=1.000 |LR=3.4881e-08 | ‖g‖=nan | satA=nan | satW=nan | εμ=nan | εvar=nan | corr(ε,x)=nan | t=nans
   335 | base=0.912687 | val=0.555401 | acc1=0.8186 | Wμ=0.996 | Aμ=0.999 | Wmax=1.000 | Amax=1.000 |LR=3.0019e-08 | ‖g‖=nan | satA=nan | satW=nan | εμ=nan | εvar=nan | corr(ε,x)=nan | t=nans
   337 | base=0.816919 | val=0.493003 | acc1=0.8369 | Wμ=0.996 | Aμ=0.999 | Wmax=1.000 | Amax=1.000 |LR=2.5835e-08 | ‖g‖=nan | satA=nan | satW=nan | εμ=nan | εvar=nan | corr(ε,x)=nan | t=nans
   339 | base=0.874987 | val=0.510231 | acc1=0.8327 | Wμ=0.996 | Aμ=0.999 | Wmax=1.000 | Amax=1.000 |LR=2.2234e-08 | ‖g‖=nan | satA=nan | satW=nan | εμ=nan | εvar=nan | corr(ε,x)=nan | t=nans
   341 | base=0.793730 | val=0.580758 | acc1=0.8094 | Wμ=0.996 | Aμ=0.999 | Wmax=1.000 | Amax=1.000 |LR=1.9134e-08 | ‖g‖=nan | satA=nan | satW=nan | εμ=nan | εvar=nan | corr(ε,x)=nan | t=nans
   343 | base=0.868506 | val=0.481321 | acc1=0.8439 | Wμ=0.996 | Aμ=0.999 | Wmax=1.000 | Amax=1.000 |LR=1.6467e-08 | ‖g‖=nan | satA=nan | satW=nan | εμ=nan | εvar=nan | corr(ε,x)=nan | t=nans
   345 | base=0.901988 | val=0.495785 | acc1=0.8361 | Wμ=0.996 | Aμ=0.999 | Wmax=1.000 | Amax=1.000 |LR=1.4172e-08 | ‖g‖=nan | satA=nan | satW=nan | εμ=nan | εvar=nan | corr(ε,x)=nan | t=nans
   347 | base=0.853482 | val=0.502424 | acc1=0.8361 | Wμ=0.996 | Aμ=0.999 | Wmax=1.000 | Amax=1.000 |LR=1.2197e-08 | ‖g‖=nan | satA=nan | satW=nan | εμ=nan | εvar=nan | corr(ε,x)=nan | t=nans
   349 | base=0.875005 | val=0.499515 | acc1=0.8336 | Wμ=0.996 | Aμ=0.999 | Wmax=1.000 | Amax=1.000 |LR=1.0496e-08 | ‖g‖=nan | satA=nan | satW=nan | εμ=nan | εvar=nan | corr(ε,x)=nan | t=nans
   351 | base=0.851964 | val=0.569052 | acc1=0.8140 | Wμ=0.996 | Aμ=0.999 | Wmax=1.000 | Amax=1.000 |LR=9.0334e-09 | ‖g‖=nan | satA=nan | satW=nan | εμ=nan | εvar=nan | corr(ε,x)=nan | t=nans
   353 | base=0.809358 | val=0.527562 | acc1=0.8241 | Wμ=0.996 | Aμ=0.999 | Wmax=1.000 | Amax=1.000 |LR=7.7742e-09 | ‖g‖=nan | satA=nan | satW=nan | εμ=nan | εvar=nan | corr(ε,x)=nan | t=nans
   355 | base=0.819087 | val=0.502823 | acc1=0.8280 | Wμ=0.996 | Aμ=0.999 | Wmax=1.000 | Amax=1.000 |LR=6.6906e-09 | ‖g‖=nan | satA=nan | satW=nan | εμ=nan | εvar=nan | corr(ε,x)=nan | t=nans
   357 | base=0.841516 | val=0.483724 | acc1=0.8407 | Wμ=0.996 | Aμ=0.999 | Wmax=1.000 | Amax=1.000 |LR=5.758e-09 | ‖g‖=nan | satA=nan | satW=nan | εμ=nan | εvar=nan | corr(ε,x)=nan | t=nans
   359 | base=0.868506 | val=0.578780 | acc1=0.8094 | Wμ=0.996 | Aμ=0.999 | Wmax=1.000 | Amax=1.000 |LR=4.9554e-09 | ‖g‖=nan | satA=nan | satW=nan | εμ=nan | εvar=nan | corr(ε,x)=nan | t=nans
   361 | base=0.844870 | val=0.504903 | acc1=0.8359 | Wμ=0.996 | Aμ=0.999 | Wmax=1.000 | Amax=1.000 |LR=4.2647e-09 | ‖g‖=nan | satA=nan | satW=nan | εμ=nan | εvar=nan | corr(ε,x)=nan | t=nans
   363 | base=0.875168 | val=0.491650 | acc1=0.8380 | Wμ=0.996 | Aμ=0.999 | Wmax=1.000 | Amax=1.000 |LR=3.6702e-09 | ‖g‖=nan | satA=nan | satW=nan | εμ=nan | εvar=nan | corr(ε,x)=nan | t=nans
   365 | base=0.889108 | val=0.478561 | acc1=0.8396 | Wμ=0.996 | Aμ=0.999 | Wmax=1.000 | Amax=1.000 |LR=3.1586e-09 | ‖g‖=nan | satA=nan | satW=nan | εμ=nan | εvar=nan | corr(ε,x)=nan | t=nans
   367 | base=0.888621 | val=0.485078 | acc1=0.8395 | Wμ=0.996 | Aμ=0.999 | Wmax=1.000 | Amax=1.000 |LR=2.7183e-09 | ‖g‖=nan | satA=nan | satW=nan | εμ=nan | εvar=nan | corr(ε,x)=nan | t=nans
   369 | base=0.795310 | val=0.518926 | acc1=0.8286 | Wμ=0.996 | Aμ=0.999 | Wmax=1.000 | Amax=1.000 |LR=2.3394e-09 | ‖g‖=nan | satA=nan | satW=nan | εμ=nan | εvar=nan | corr(ε,x)=nan | t=nans
   371 | base=0.898359 | val=0.480124 | acc1=0.8402 | Wμ=0.996 | Aμ=0.999 | Wmax=1.000 | Amax=1.000 |LR=2.0133e-09 | ‖g‖=nan | satA=nan | satW=nan | εμ=nan | εvar=nan | corr(ε,x)=nan | t=nans
   373 | base=0.851942 | val=0.518771 | acc1=0.8308 | Wμ=0.996 | Aμ=0.999 | Wmax=1.000 | Amax=1.000 |LR=1.7327e-09 | ‖g‖=nan | satA=nan | satW=nan | εμ=nan | εvar=nan | corr(ε,x)=nan | t=nans
   375 | base=0.891432 | val=0.470441 | acc1=0.8442 | Wμ=0.996 | Aμ=0.999 | Wmax=1.000 | Amax=1.000 |LR=1.4912e-09 | ‖g‖=nan | satA=nan | satW=nan | εμ=nan | εvar=nan | corr(ε,x)=nan | t=nans
   377 | base=0.919906 | val=0.474796 | acc1=0.8422 | Wμ=0.996 | Aμ=0.999 | Wmax=1.000 | Amax=1.000 |LR=1.2833e-09 | ‖g‖=nan | satA=nan | satW=nan | εμ=nan | εvar=nan | corr(ε,x)=nan | t=nans
   379 | base=0.863885 | val=0.463840 | acc1=0.8403 | Wμ=0.996 | Aμ=0.999 | Wmax=1.000 | Amax=1.000 |LR=1.1045e-09 | ‖g‖=nan | satA=nan | satW=nan | εμ=nan | εvar=nan | corr(ε,x)=nan | t=nans
   381 | base=0.819405 | val=0.471516 | acc1=0.8406 | Wμ=0.996 | Aμ=0.999 | Wmax=1.000 | Amax=1.000 |LR=9.505e-10 | ‖g‖=nan | satA=nan | satW=nan | εμ=nan | εvar=nan | corr(ε,x)=nan | t=nans
   383 | base=0.847648 | val=0.475356 | acc1=0.8425 | Wμ=0.996 | Aμ=0.999 | Wmax=1.000 | Amax=1.000 |LR=8.1801e-10 | ‖g‖=nan | satA=nan | satW=nan | εμ=nan | εvar=nan | corr(ε,x)=nan | t=nans
   385 | base=0.851689 | val=0.477187 | acc1=0.8410 | Wμ=0.996 | Aμ=0.999 | Wmax=1.000 | Amax=1.000 |LR=7.0399e-10 | ‖g‖=nan | satA=nan | satW=nan | εμ=nan | εvar=nan | corr(ε,x)=nan | t=nans
   387 | base=0.881120 | val=0.472863 | acc1=0.8430 | Wμ=0.996 | Aμ=0.999 | Wmax=1.000 | Amax=1.000 |LR=6.0586e-10 | ‖g‖=nan | satA=nan | satW=nan | εμ=nan | εvar=nan | corr(ε,x)=nan | t=nans
   389 | base=0.856030 | val=0.468385 | acc1=0.8475 | Wμ=0.996 | Aμ=0.999 | Wmax=1.000 | Amax=1.000 |LR=5.2141e-10 | ‖g‖=nan | satA=nan | satW=nan | εμ=nan | εvar=nan | corr(ε,x)=nan | t=nans
   391 | base=0.839539 | val=0.474765 | acc1=0.8448 | Wμ=0.996 | Aμ=0.999 | Wmax=1.000 | Amax=1.000 |LR=4.4873e-10 | ‖g‖=nan | satA=nan | satW=nan | εμ=nan | εvar=nan | corr(ε,x)=nan | t=nans
   393 | base=0.827524 | val=0.466546 | acc1=0.8487 | Wμ=0.996 | Aμ=0.999 | Wmax=1.000 | Amax=1.000 |LR=3.8618e-10 | ‖g‖=nan | satA=nan | satW=nan | εμ=nan | εvar=nan | corr(ε,x)=nan | t=nans
   395 | base=0.811203 | val=0.456392 | acc1=0.8479 | Wμ=0.996 | Aμ=0.999 | Wmax=1.000 | Amax=1.000 |LR=3.3235e-10 | ‖g‖=nan | satA=nan | satW=nan | εμ=nan | εvar=nan | corr(ε,x)=nan | t=nans
   397 | base=0.809726 | val=0.464961 | acc1=0.8467 | Wμ=0.996 | Aμ=0.999 | Wmax=1.000 | Amax=1.000 |LR=2.8603e-10 | ‖g‖=nan | satA=nan | satW=nan | εμ=nan | εvar=nan | corr(ε,x)=nan | t=nans
   399 | base=0.835910 | val=0.462701 | acc1=0.8455 | Wμ=0.996 | Aμ=0.999 | Wmax=1.000 | Amax=1.000 |LR=2.4616e-10 | ‖g‖=nan | satA=nan | satW=nan | εμ=nan | εvar=nan | corr(ε,x)=nan | t=nans
   401 | base=0.858194 | val=0.469557 | acc1=0.8482 | Wμ=0.996 | Aμ=0.999 | Wmax=1.000 | Amax=1.000 |LR=2.1185e-10 | ‖g‖=nan | satA=nan | satW=nan | εμ=nan | εvar=nan | corr(ε,x)=nan | t=nans
   403 | base=0.852496 | val=0.464626 | acc1=0.8469 | Wμ=0.996 | Aμ=0.999 | Wmax=1.000 | Amax=1.000 |LR=1.8232e-10 | ‖g‖=nan | satA=nan | satW=nan | εμ=nan | εvar=nan | corr(ε,x)=nan | t=nans
   405 | base=0.891955 | val=0.458894 | acc1=0.8451 | Wμ=0.996 | Aμ=0.999 | Wmax=1.000 | Amax=1.000 |LR=1.569e-10 | ‖g‖=nan | satA=nan | satW=nan | εμ=nan | εvar=nan | corr(ε,x)=nan | t=nans
   407 | base=0.876155 | val=0.457901 | acc1=0.8471 | Wμ=0.996 | Aμ=0.999 | Wmax=1.000 | Amax=1.000 |LR=1.3503e-10 | ‖g‖=nan | satA=nan | satW=nan | εμ=nan | εvar=nan | corr(ε,x)=nan | t=nans
   409 | base=0.817680 | val=0.465392 | acc1=0.8476 | Wμ=0.996 | Aμ=0.999 | Wmax=1.000 | Amax=1.000 |LR=1.1621e-10 | ‖g‖=nan | satA=nan | satW=nan | εμ=nan | εvar=nan | corr(ε,x)=nan | t=nans
   411 | base=0.812150 | val=0.465577 | acc1=0.8476 | Wμ=0.996 | Aμ=0.999 | Wmax=1.000 | Amax=1.000 |LR=1.0001e-10 | ‖g‖=nan | satA=nan | satW=nan | εμ=nan | εvar=nan | corr(ε,x)=nan | t=nans
   413 | base=0.793054 | val=0.447247 | acc1=0.8528 | Wμ=0.996 | Aμ=0.999 | Wmax=1.000 | Amax=1.000 |LR=8.6072e-11 | ‖g‖=nan | satA=nan | satW=nan | εμ=nan | εvar=nan | corr(ε,x)=nan | t=nans
   415 | base=0.851076 | val=0.461396 | acc1=0.8504 | Wμ=0.996 | Aμ=0.999 | Wmax=1.000 | Amax=1.000 |LR=7.4075e-11 | ‖g‖=nan | satA=nan | satW=nan | εμ=nan | εvar=nan | corr(ε,x)=nan | t=nans
   417 | base=0.831483 | val=0.446186 | acc1=0.8546 | Wμ=0.996 | Aμ=0.999 | Wmax=1.000 | Amax=1.000 |LR=6.375e-11 | ‖g‖=nan | satA=nan | satW=nan | εμ=nan | εvar=nan | corr(ε,x)=nan | t=nans
   419 | base=0.852690 | val=0.456079 | acc1=0.8480 | Wμ=0.996 | Aμ=0.999 | Wmax=1.000 | Amax=1.000 |LR=5.4864e-11 | ‖g‖=nan | satA=nan | satW=nan | εμ=nan | εvar=nan | corr(ε,x)=nan | t=nans
   421 | base=0.898885 | val=0.460991 | acc1=0.8458 | Wμ=0.996 | Aμ=0.999 | Wmax=1.000 | Amax=1.000 |LR=4.7216e-11 | ‖g‖=nan | satA=nan | satW=nan | εμ=nan | εvar=nan | corr(ε,x)=nan | t=nans
   423 | base=0.820826 | val=0.453803 | acc1=0.8487 | Wμ=0.996 | Aμ=0.999 | Wmax=1.000 | Amax=1.000 |LR=4.0635e-11 | ‖g‖=nan | satA=nan | satW=nan | εμ=nan | εvar=nan | corr(ε,x)=nan | t=nans
   425 | base=0.812079 | val=0.460468 | acc1=0.8486 | Wμ=0.996 | Aμ=0.999 | Wmax=1.000 | Amax=1.000 |LR=3.4971e-11 | ‖g‖=nan | satA=nan | satW=nan | εμ=nan | εvar=nan | corr(ε,x)=nan | t=nans
   427 | base=0.823107 | val=0.451318 | acc1=0.8498 | Wμ=0.996 | Aμ=0.999 | Wmax=1.000 | Amax=1.000 |LR=3.0096e-11 | ‖g‖=nan | satA=nan | satW=nan | εμ=nan | εvar=nan | corr(ε,x)=nan | t=nans
   429 | base=0.892696 | val=0.454343 | acc1=0.8491 | Wμ=0.996 | Aμ=0.999 | Wmax=1.000 | Amax=1.000 |LR=2.5901e-11 | ‖g‖=nan | satA=nan | satW=nan | εμ=nan | εvar=nan | corr(ε,x)=nan | t=nans
   431 | base=0.780311 | val=0.459498 | acc1=0.8472 | Wμ=0.996 | Aμ=0.999 | Wmax=1.000 | Amax=1.000 |LR=2.2291e-11 | ‖g‖=nan | satA=nan | satW=nan | εμ=nan | εvar=nan | corr(ε,x)=nan | t=nans
   433 | base=0.858688 | val=0.458316 | acc1=0.8458 | Wμ=0.996 | Aμ=0.999 | Wmax=1.000 | Amax=1.000 |LR=1.9184e-11 | ‖g‖=nan | satA=nan | satW=nan | εμ=nan | εvar=nan | corr(ε,x)=nan | t=nans
   435 | base=0.889619 | val=0.455495 | acc1=0.8501 | Wμ=0.996 | Aμ=0.999 | Wmax=1.000 | Amax=1.000 |LR=1.651e-11 | ‖g‖=nan | satA=nan | satW=nan | εμ=nan | εvar=nan | corr(ε,x)=nan | t=nans
   437 | base=0.835199 | val=0.459034 | acc1=0.8465 | Wμ=0.996 | Aμ=0.999 | Wmax=1.000 | Amax=1.000 |LR=1.4208e-11 | ‖g‖=nan | satA=nan | satW=nan | εμ=nan | εvar=nan | corr(ε,x)=nan | t=nans
   439 | base=0.819164 | val=0.454290 | acc1=0.8511 | Wμ=0.996 | Aμ=0.999 | Wmax=1.000 | Amax=1.000 |LR=1.2228e-11 | ‖g‖=nan | satA=nan | satW=nan | εμ=nan | εvar=nan | corr(ε,x)=nan | t=nans
   441 | base=0.845054 | val=0.460281 | acc1=0.8486 | Wμ=0.996 | Aμ=0.999 | Wmax=1.000 | Amax=1.000 |LR=1.0524e-11 | ‖g‖=nan | satA=nan | satW=nan | εμ=nan | εvar=nan | corr(ε,x)=nan | t=nans
   443 | base=0.894593 | val=0.452145 | acc1=0.8503 | Wμ=0.996 | Aμ=0.999 | Wmax=1.000 | Amax=1.000 |LR=9.0567e-12 | ‖g‖=nan | satA=nan | satW=nan | εμ=nan | εvar=nan | corr(ε,x)=nan | t=nans
   445 | base=0.831468 | val=0.457975 | acc1=0.8465 | Wμ=0.996 | Aμ=0.999 | Wmax=1.000 | Amax=1.000 |LR=7.7943e-12 | ‖g‖=nan | satA=nan | satW=nan | εμ=nan | εvar=nan | corr(ε,x)=nan | t=nans
   447 | base=0.810203 | val=0.456502 | acc1=0.8477 | Wμ=0.996 | Aμ=0.999 | Wmax=1.000 | Amax=1.000 |LR=6.7078e-12 | ‖g‖=nan | satA=nan | satW=nan | εμ=nan | εvar=nan | corr(ε,x)=nan | t=nans
   449 | base=0.782328 | val=0.452373 | acc1=0.8492 | Wμ=0.996 | Aμ=0.999 | Wmax=1.000 | Amax=1.000 |LR=5.7728e-12 | ‖g‖=nan | satA=nan | satW=nan | εμ=nan | εvar=nan | corr(ε,x)=nan | t=nans
   451 | base=0.786092 | val=0.458850 | acc1=0.8492 | Wμ=0.996 | Aμ=0.999 | Wmax=1.000 | Amax=1.000 |LR=4.9682e-12 | ‖g‖=nan | satA=nan | satW=nan | εμ=nan | εvar=nan | corr(ε,x)=nan | t=nans
   453 | base=0.854577 | val=0.462132 | acc1=0.8481 | Wμ=0.996 | Aμ=0.999 | Wmax=1.000 | Amax=1.000 |LR=4.2757e-12 | ‖g‖=nan | satA=nan | satW=nan | εμ=nan | εvar=nan | corr(ε,x)=nan | t=nans
   455 | base=0.841541 | val=0.469971 | acc1=0.8456 | Wμ=0.996 | Aμ=0.999 | Wmax=1.000 | Amax=1.000 |LR=3.6797e-12 | ‖g‖=nan | satA=nan | satW=nan | εμ=nan | εvar=nan | corr(ε,x)=nan | t=nans
   457 | base=0.854544 | val=0.456465 | acc1=0.8478 | Wμ=0.996 | Aμ=0.999 | Wmax=1.000 | Amax=1.000 |LR=3.1668e-12 | ‖g‖=nan | satA=nan | satW=nan | εμ=nan | εvar=nan | corr(ε,x)=nan | t=nans
   459 | base=0.853980 | val=0.464027 | acc1=0.8425 | Wμ=0.996 | Aμ=0.999 | Wmax=1.000 | Amax=1.000 |LR=2.7254e-12 | ‖g‖=nan | satA=nan | satW=nan | εμ=nan | εvar=nan | corr(ε,x)=nan | t=nans
   461 | base=0.850541 | val=0.460443 | acc1=0.8496 | Wμ=0.996 | Aμ=0.999 | Wmax=1.000 | Amax=1.000 |LR=2.3455e-12 | ‖g‖=nan | satA=nan | satW=nan | εμ=nan | εvar=nan | corr(ε,x)=nan | t=nans
   463 | base=0.775324 | val=0.451849 | acc1=0.8498 | Wμ=0.996 | Aμ=0.999 | Wmax=1.000 | Amax=1.000 |LR=2.0185e-12 | ‖g‖=nan | satA=nan | satW=nan | εμ=nan | εvar=nan | corr(ε,x)=nan | t=nans
   465 | base=0.812312 | val=0.462654 | acc1=0.8479 | Wμ=0.996 | Aμ=0.999 | Wmax=1.000 | Amax=1.000 |LR=1.7372e-12 | ‖g‖=nan | satA=nan | satW=nan | εμ=nan | εvar=nan | corr(ε,x)=nan | t=nans
   467 | base=0.890508 | val=0.464568 | acc1=0.8487 | Wμ=0.996 | Aμ=0.999 | Wmax=1.000 | Amax=1.000 |LR=1.495e-12 | ‖g‖=nan | satA=nan | satW=nan | εμ=nan | εvar=nan | corr(ε,x)=nan | t=nans
   469 | base=0.858200 | val=0.456270 | acc1=0.8513 | Wμ=0.996 | Aμ=0.999 | Wmax=1.000 | Amax=1.000 |LR=1.2866e-12 | ‖g‖=nan | satA=nan | satW=nan | εμ=nan | εvar=nan | corr(ε,x)=nan | t=nans
   471 | base=0.844190 | val=0.458776 | acc1=0.8492 | Wμ=0.996 | Aμ=0.999 | Wmax=1.000 | Amax=1.000 |LR=1.1073e-12 | ‖g‖=nan | satA=nan | satW=nan | εμ=nan | εvar=nan | corr(ε,x)=nan | t=nans
   473 | base=0.822265 | val=0.463010 | acc1=0.8441 | Wμ=0.996 | Aμ=0.999 | Wmax=1.000 | Amax=1.000 |LR=9.5295e-13 | ‖g‖=nan | satA=nan | satW=nan | εμ=nan | εvar=nan | corr(ε,x)=nan | t=nans
   475 | base=0.876680 | val=0.458893 | acc1=0.8516 | Wμ=0.996 | Aμ=0.999 | Wmax=1.000 | Amax=1.000 |LR=8.2012e-13 | ‖g‖=nan | satA=nan | satW=nan | εμ=nan | εvar=nan | corr(ε,x)=nan | t=nans
   477 | base=0.826198 | val=0.459886 | acc1=0.8458 | Wμ=0.996 | Aμ=0.999 | Wmax=1.000 | Amax=1.000 |LR=7.0581e-13 | ‖g‖=nan | satA=nan | satW=nan | εμ=nan | εvar=nan | corr(ε,x)=nan | t=nans
   479 | base=0.851603 | val=0.457011 | acc1=0.8490 | Wμ=0.996 | Aμ=0.999 | Wmax=1.000 | Amax=1.000 |LR=6.0742e-13 | ‖g‖=nan | satA=nan | satW=nan | εμ=nan | εvar=nan | corr(ε,x)=nan | t=nans
   481 | base=0.842652 | val=0.452643 | acc1=0.8487 | Wμ=0.996 | Aμ=0.999 | Wmax=1.000 | Amax=1.000 |LR=5.2276e-13 | ‖g‖=nan | satA=nan | satW=nan | εμ=nan | εvar=nan | corr(ε,x)=nan | t=nans
   483 | base=0.855491 | val=0.462602 | acc1=0.8469 | Wμ=0.996 | Aμ=0.999 | Wmax=1.000 | Amax=1.000 |LR=4.4989e-13 | ‖g‖=nan | satA=nan | satW=nan | εμ=nan | εvar=nan | corr(ε,x)=nan | t=nans
   485 | base=0.759927 | val=0.469951 | acc1=0.8459 | Wμ=0.996 | Aμ=0.999 | Wmax=1.000 | Amax=1.000 |LR=3.8718e-13 | ‖g‖=nan | satA=nan | satW=nan | εμ=nan | εvar=nan | corr(ε,x)=nan | t=nans
   487 | base=0.899420 | val=0.460236 | acc1=0.8498 | Wμ=0.996 | Aμ=0.999 | Wmax=1.000 | Amax=1.000 |LR=3.3321e-13 | ‖g‖=nan | satA=nan | satW=nan | εμ=nan | εvar=nan | corr(ε,x)=nan | t=nans
   489 | base=0.833732 | val=0.453872 | acc1=0.8476 | Wμ=0.996 | Aμ=0.999 | Wmax=1.000 | Amax=1.000 |LR=2.8677e-13 | ‖g‖=nan | satA=nan | satW=nan | εμ=nan | εvar=nan | corr(ε,x)=nan | t=nans
