     0 | base=nan | val=0.236715 | acc1=nan | Wμ=nan | Aμ=nan | Wmax=nan | Amax=nan |LR=nan | ‖g‖=nan | satA=nan | satW=nan | εμ=nan | εvar=nan | corr(ε,x)=nan | t=nans
     0 | base=nan | val=0.236732 | acc1=0.9282 | Wμ=11.186 | Aμ=20.000 | Wmax=12.916 | Amax=13.744 |LR=nan | ‖g‖=nan | satA=nan | satW=nan | εμ=nan | εvar=nan | corr(ε,x)=nan | t=nans
     0 | base=nan | val=0.236786 | acc1=0.9281 | Wμ=9.786 | Aμ=20.000 | Wmax=10.000 | Amax=13.743 |LR=nan | ‖g‖=nan | satA=nan | satW=nan | εμ=nan | εvar=nan | corr(ε,x)=nan | t=nans
     0 | base=nan | val=0.236878 | acc1=0.9281 | Wμ=9.786 | Aμ=10.000 | Wmax=10.000 | Amax=9.994 |LR=nan | ‖g‖=nan | satA=nan | satW=nan | εμ=nan | εvar=nan | corr(ε,x)=nan | t=nans
# epoch | BaseLoss | ValLoss | Acc@1 | MeanWBits | MeanABits | MaxWBits | MaxABits | LR | GradNorm | WSat | ASat | NoiseMean | NoiseVar | NoiseCorr | Temp | EpochTime(s)
     0 | base=nan | val=0.213726 | acc1=0.9335 | Wμ=9.786 | Aμ=10.000 | Wmax=10.000 | Amax=10.000 |LR=nan | ‖g‖=nan | satA=nan | satW=nan | εμ=nan | εvar=nan | corr(ε,x)=nan | t=nans
     1 | base=0.002878 | val=0.236586 | acc1=0.9281 | Wμ=9.786 | Aμ=10.001 | Wmax=10.003 | Amax=9.995 |LR=0.000198 | ‖g‖=nan | satA=nan | satW=nan | εμ=nan | εvar=nan | corr(ε,x)=nan | t=nans
     3 | base=0.003688 | val=0.238577 | acc1=0.9267 | Wμ=9.786 | Aμ=10.003 | Wmax=10.007 | Amax=9.995 |LR=0.000398 | ‖g‖=nan | satA=nan | satW=nan | εμ=nan | εvar=nan | corr(ε,x)=nan | t=nans
     5 | base=0.005420 | val=0.238764 | acc1=0.9268 | Wμ=9.786 | Aμ=10.009 | Wmax=10.015 | Amax=9.997 |LR=0.000598 | ‖g‖=nan | satA=nan | satW=nan | εμ=nan | εvar=nan | corr(ε,x)=nan | t=nans
     7 | base=0.004523 | val=0.239144 | acc1=0.9250 | Wμ=9.788 | Aμ=10.017 | Wmax=10.022 | Amax=10.006 |LR=0.000798 | ‖g‖=nan | satA=nan | satW=nan | εμ=nan | εvar=nan | corr(ε,x)=nan | t=nans
     9 | base=0.006338 | val=0.242634 | acc1=0.9247 | Wμ=9.790 | Aμ=10.028 | Wmax=10.043 | Amax=10.019 |LR=0.000998 | ‖g‖=nan | satA=nan | satW=nan | εμ=nan | εvar=nan | corr(ε,x)=nan | t=nans
    11 | base=0.008744 | val=0.244598 | acc1=0.9254 | Wμ=9.793 | Aμ=10.043 | Wmax=10.073 | Amax=10.037 |LR=0.001198 | ‖g‖=nan | satA=nan | satW=nan | εμ=nan | εvar=nan | corr(ε,x)=nan | t=nans
    13 | base=0.022626 | val=0.252151 | acc1=0.9208 | Wμ=9.801 | Aμ=10.059 | Wmax=10.119 | Amax=10.049 |LR=0.001398 | ‖g‖=nan | satA=nan | satW=nan | εμ=nan | εvar=nan | corr(ε,x)=nan | t=nans
    15 | base=0.028821 | val=0.262654 | acc1=0.9191 | Wμ=9.813 | Aμ=10.084 | Wmax=10.181 | Amax=10.077 |LR=0.001598 | ‖g‖=nan | satA=nan | satW=nan | εμ=nan | εvar=nan | corr(ε,x)=nan | t=nans
    17 | base=0.035160 | val=0.257476 | acc1=0.9198 | Wμ=9.828 | Aμ=10.099 | Wmax=10.241 | Amax=10.092 |LR=0.001798 | ‖g‖=nan | satA=nan | satW=nan | εμ=nan | εvar=nan | corr(ε,x)=nan | t=nans
    19 | base=0.042918 | val=0.262399 | acc1=0.9174 | Wμ=9.849 | Aμ=10.108 | Wmax=10.325 | Amax=10.097 |LR=0.001998 | ‖g‖=nan | satA=nan | satW=nan | εμ=nan | εvar=nan | corr(ε,x)=nan | t=nans
    21 | base=0.049487 | val=0.259041 | acc1=0.9198 | Wμ=9.580 | Aμ=9.872 | Wmax=9.950 | Amax=10.056 |LR=0.002 | ‖g‖=nan | satA=nan | satW=nan | εμ=nan | εvar=nan | corr(ε,x)=nan | t=nans
    23 | base=0.045631 | val=0.268891 | acc1=0.9173 | Wμ=9.072 | Aμ=9.574 | Wmax=9.647 | Amax=9.979 |LR=0.002 | ‖g‖=nan | satA=nan | satW=nan | εμ=nan | εvar=nan | corr(ε,x)=nan | t=nans
    25 | base=0.037377 | val=0.257157 | acc1=0.9197 | Wμ=8.599 | Aμ=9.242 | Wmax=9.271 | Amax=9.895 |LR=0.002 | ‖g‖=nan | satA=nan | satW=nan | εμ=nan | εvar=nan | corr(ε,x)=nan | t=nans
    27 | base=0.036499 | val=0.267688 | acc1=0.9205 | Wμ=8.148 | Aμ=8.899 | Wmax=8.913 | Amax=9.784 |LR=0.002 | ‖g‖=nan | satA=nan | satW=nan | εμ=nan | εvar=nan | corr(ε,x)=nan | t=nans
    29 | base=0.028149 | val=0.259039 | acc1=0.9186 | Wμ=7.725 | Aμ=8.530 | Wmax=8.562 | Amax=9.625 |LR=0.002 | ‖g‖=nan | satA=nan | satW=nan | εμ=nan | εvar=nan | corr(ε,x)=nan | t=nans
    31 | base=0.031236 | val=0.262578 | acc1=0.9178 | Wμ=7.311 | Aμ=8.166 | Wmax=8.205 | Amax=9.430 |LR=0.002 | ‖g‖=nan | satA=nan | satW=nan | εμ=nan | εvar=nan | corr(ε,x)=nan | t=nans
    33 | base=0.041858 | val=0.263235 | acc1=0.9183 | Wμ=6.906 | Aμ=7.840 | Wmax=7.883 | Amax=9.256 |LR=0.002 | ‖g‖=nan | satA=nan | satW=nan | εμ=nan | εvar=nan | corr(ε,x)=nan | t=nans
    35 | base=0.045668 | val=0.257997 | acc1=0.9185 | Wμ=6.533 | Aμ=7.521 | Wmax=7.562 | Amax=9.011 |LR=0.002 | ‖g‖=nan | satA=nan | satW=nan | εμ=nan | εvar=nan | corr(ε,x)=nan | t=nans
    37 | base=0.049781 | val=0.262868 | acc1=0.9160 | Wμ=6.146 | Aμ=7.212 | Wmax=7.238 | Amax=8.725 |LR=0.002 | ‖g‖=nan | satA=nan | satW=nan | εμ=nan | εvar=nan | corr(ε,x)=nan | t=nans
    39 | base=0.052223 | val=0.269285 | acc1=0.9181 | Wμ=5.772 | Aμ=6.945 | Wmax=6.931 | Amax=8.459 |LR=0.002 | ‖g‖=nan | satA=nan | satW=nan | εμ=nan | εvar=nan | corr(ε,x)=nan | t=nans
    41 | base=0.047997 | val=0.266041 | acc1=0.9187 | Wμ=5.414 | Aμ=6.657 | Wmax=6.629 | Amax=8.145 |LR=0.002 | ‖g‖=nan | satA=nan | satW=nan | εμ=nan | εvar=nan | corr(ε,x)=nan | t=nans
    43 | base=0.056647 | val=0.270595 | acc1=0.9165 | Wμ=5.063 | Aμ=6.392 | Wmax=6.322 | Amax=7.901 |LR=0.002 | ‖g‖=nan | satA=nan | satW=nan | εμ=nan | εvar=nan | corr(ε,x)=nan | t=nans
    45 | base=0.070943 | val=0.277756 | acc1=0.9110 | Wμ=4.714 | Aμ=6.154 | Wmax=6.022 | Amax=7.651 |LR=0.002 | ‖g‖=nan | satA=nan | satW=nan | εμ=nan | εvar=nan | corr(ε,x)=nan | t=nans
    47 | base=0.081263 | val=0.278349 | acc1=0.9148 | Wμ=4.365 | Aμ=5.945 | Wmax=5.728 | Amax=7.492 |LR=0.002 | ‖g‖=nan | satA=nan | satW=nan | εμ=nan | εvar=nan | corr(ε,x)=nan | t=nans
    49 | base=0.093486 | val=0.308380 | acc1=0.9053 | Wμ=4.038 | Aμ=5.766 | Wmax=5.459 | Amax=7.401 |LR=0.002 | ‖g‖=nan | satA=nan | satW=nan | εμ=nan | εvar=nan | corr(ε,x)=nan | t=nans
    51 | base=0.087179 | val=0.287299 | acc1=0.9102 | Wμ=3.719 | Aμ=5.592 | Wmax=5.209 | Amax=7.150 |LR=0.002 | ‖g‖=nan | satA=nan | satW=nan | εμ=nan | εvar=nan | corr(ε,x)=nan | t=nans
    53 | base=0.098942 | val=0.288206 | acc1=0.9071 | Wμ=3.410 | Aμ=5.436 | Wmax=4.907 | Amax=6.989 |LR=0.002 | ‖g‖=nan | satA=nan | satW=nan | εμ=nan | εvar=nan | corr(ε,x)=nan | t=nans
    55 | base=0.110015 | val=0.345351 | acc1=0.8895 | Wμ=3.122 | Aμ=5.293 | Wmax=4.700 | Amax=6.833 |LR=0.002 | ‖g‖=nan | satA=nan | satW=nan | εμ=nan | εvar=nan | corr(ε,x)=nan | t=nans
    57 | base=0.155974 | val=0.341513 | acc1=0.8951 | Wμ=2.861 | Aμ=5.193 | Wmax=4.459 | Amax=6.807 |LR=0.002 | ‖g‖=nan | satA=nan | satW=nan | εμ=nan | εvar=nan | corr(ε,x)=nan | t=nans
    59 | base=0.142854 | val=0.309670 | acc1=0.9028 | Wμ=2.615 | Aμ=5.082 | Wmax=4.248 | Amax=6.644 |LR=0.002 | ‖g‖=nan | satA=nan | satW=nan | εμ=nan | εvar=nan | corr(ε,x)=nan | t=nans
    61 | base=0.189386 | val=0.383068 | acc1=0.8815 | Wμ=2.402 | Aμ=4.987 | Wmax=4.087 | Amax=6.443 |LR=0.002 | ‖g‖=nan | satA=nan | satW=nan | εμ=nan | εvar=nan | corr(ε,x)=nan | t=nans
    63 | base=0.188688 | val=0.460262 | acc1=0.8569 | Wμ=2.217 | Aμ=4.892 | Wmax=3.807 | Amax=6.304 |LR=0.002 | ‖g‖=nan | satA=nan | satW=nan | εμ=nan | εvar=nan | corr(ε,x)=nan | t=nans
    65 | base=0.183754 | val=0.392713 | acc1=0.8818 | Wμ=2.043 | Aμ=4.790 | Wmax=3.700 | Amax=6.170 |LR=0.002 | ‖g‖=nan | satA=nan | satW=nan | εμ=nan | εvar=nan | corr(ε,x)=nan | t=nans
    67 | base=0.218780 | val=0.383704 | acc1=0.8788 | Wμ=1.903 | Aμ=4.700 | Wmax=3.585 | Amax=6.066 |LR=0.002 | ‖g‖=nan | satA=nan | satW=nan | εμ=nan | εvar=nan | corr(ε,x)=nan | t=nans
    69 | base=0.266695 | val=0.516876 | acc1=0.8428 | Wμ=1.789 | Aμ=4.610 | Wmax=3.459 | Amax=5.907 |LR=0.002 | ‖g‖=nan | satA=nan | satW=nan | εμ=nan | εvar=nan | corr(ε,x)=nan | t=nans
    71 | base=0.280186 | val=0.636216 | acc1=0.8109 | Wμ=1.694 | Aμ=4.523 | Wmax=3.459 | Amax=5.755 |LR=0.002 | ‖g‖=nan | satA=nan | satW=nan | εμ=nan | εvar=nan | corr(ε,x)=nan | t=nans
    73 | base=0.305617 | val=0.526727 | acc1=0.8418 | Wμ=1.607 | Aμ=4.426 | Wmax=3.322 | Amax=5.672 |LR=0.002 | ‖g‖=nan | satA=nan | satW=nan | εμ=nan | εvar=nan | corr(ε,x)=nan | t=nans
    75 | base=0.377195 | val=0.892398 | acc1=0.7455 | Wμ=1.536 | Aμ=4.316 | Wmax=3.170 | Amax=5.524 |LR=0.002 | ‖g‖=nan | satA=nan | satW=nan | εμ=nan | εvar=nan | corr(ε,x)=nan | t=nans
    77 | base=0.403052 | val=0.553423 | acc1=0.8254 | Wμ=1.476 | Aμ=4.220 | Wmax=3.000 | Amax=5.358 |LR=0.002 | ‖g‖=nan | satA=nan | satW=nan | εμ=nan | εvar=nan | corr(ε,x)=nan | t=nans
    79 | base=0.515672 | val=1.114105 | acc1=0.7122 | Wμ=1.427 | Aμ=4.125 | Wmax=3.000 | Amax=5.285 |LR=0.002 | ‖g‖=nan | satA=nan | satW=nan | εμ=nan | εvar=nan | corr(ε,x)=nan | t=nans
    81 | base=0.471813 | val=1.456039 | acc1=0.6653 | Wμ=1.382 | Aμ=4.024 | Wmax=2.807 | Amax=5.170 |LR=0.002 | ‖g‖=nan | satA=nan | satW=nan | εμ=nan | εvar=nan | corr(ε,x)=nan | t=nans
    83 | base=0.383308 | val=1.050775 | acc1=0.7249 | Wμ=1.342 | Aμ=3.911 | Wmax=2.585 | Amax=5.000 |LR=0.002 | ‖g‖=nan | satA=nan | satW=nan | εμ=nan | εvar=nan | corr(ε,x)=nan | t=nans
    85 | base=0.433223 | val=0.896600 | acc1=0.7290 | Wμ=1.298 | Aμ=3.778 | Wmax=2.585 | Amax=4.755 |LR=0.002 | ‖g‖=nan | satA=nan | satW=nan | εμ=nan | εvar=nan | corr(ε,x)=nan | t=nans
    87 | base=0.466326 | val=1.295596 | acc1=0.6694 | Wμ=1.260 | Aμ=3.657 | Wmax=2.585 | Amax=4.644 |LR=0.002 | ‖g‖=nan | satA=nan | satW=nan | εμ=nan | εvar=nan | corr(ε,x)=nan | t=nans
    89 | base=0.475237 | val=0.826225 | acc1=0.7483 | Wμ=1.226 | Aμ=3.536 | Wmax=2.322 | Amax=4.524 |LR=0.002 | ‖g‖=nan | satA=nan | satW=nan | εμ=nan | εvar=nan | corr(ε,x)=nan | t=nans
    91 | base=0.461901 | val=0.833379 | acc1=0.7546 | Wμ=1.194 | Aμ=3.403 | Wmax=2.322 | Amax=4.322 |LR=0.002 | ‖g‖=nan | satA=nan | satW=nan | εμ=nan | εvar=nan | corr(ε,x)=nan | t=nans
    93 | base=0.573474 | val=0.672062 | acc1=0.7920 | Wμ=1.165 | Aμ=3.261 | Wmax=2.322 | Amax=4.087 |LR=0.002 | ‖g‖=nan | satA=nan | satW=nan | εμ=nan | εvar=nan | corr(ε,x)=nan | t=nans
    95 | base=0.475888 | val=0.744108 | acc1=0.7695 | Wμ=1.140 | Aμ=3.109 | Wmax=2.322 | Amax=3.807 |LR=0.002 | ‖g‖=nan | satA=nan | satW=nan | εμ=nan | εvar=nan | corr(ε,x)=nan | t=nans
    97 | base=0.465057 | val=0.995061 | acc1=0.6997 | Wμ=1.118 | Aμ=2.985 | Wmax=2.000 | Amax=3.700 |LR=0.002 | ‖g‖=nan | satA=nan | satW=nan | εμ=nan | εvar=nan | corr(ε,x)=nan | t=nans
    99 | base=0.490178 | val=2.235241 | acc1=0.4567 | Wμ=1.099 | Aμ=2.860 | Wmax=2.000 | Amax=3.459 |LR=0.002 | ‖g‖=nan | satA=nan | satW=nan | εμ=nan | εvar=nan | corr(ε,x)=nan | t=nans
   101 | base=0.540628 | val=0.955363 | acc1=0.7236 | Wμ=1.082 | Aμ=2.723 | Wmax=2.000 | Amax=3.170 |LR=0.002 | ‖g‖=nan | satA=nan | satW=nan | εμ=nan | εvar=nan | corr(ε,x)=nan | t=nans
   103 | base=0.503712 | val=1.256196 | acc1=0.6494 | Wμ=1.066 | Aμ=2.622 | Wmax=2.000 | Amax=3.170 |LR=0.002 | ‖g‖=nan | satA=nan | satW=nan | εμ=nan | εvar=nan | corr(ε,x)=nan | t=nans
   105 | base=0.553808 | val=0.968478 | acc1=0.7015 | Wμ=1.052 | Aμ=2.513 | Wmax=2.000 | Amax=2.807 |LR=0.002 | ‖g‖=nan | satA=nan | satW=nan | εμ=nan | εvar=nan | corr(ε,x)=nan | t=nans
   107 | base=0.524795 | val=0.762656 | acc1=0.7700 | Wμ=1.041 | Aμ=2.440 | Wmax=2.000 | Amax=2.807 |LR=0.002 | ‖g‖=nan | satA=nan | satW=nan | εμ=nan | εvar=nan | corr(ε,x)=nan | t=nans
   109 | base=0.620910 | val=0.640238 | acc1=0.7955 | Wμ=1.034 | Aμ=2.286 | Wmax=2.000 | Amax=2.807 |LR=0.002 | ‖g‖=nan | satA=nan | satW=nan | εμ=nan | εvar=nan | corr(ε,x)=nan | t=nans
   111 | base=0.605243 | val=0.668310 | acc1=0.7928 | Wμ=1.028 | Aμ=2.232 | Wmax=2.000 | Amax=2.585 |LR=0.002 | ‖g‖=nan | satA=nan | satW=nan | εμ=nan | εvar=nan | corr(ε,x)=nan | t=nans
   113 | base=0.624582 | val=1.057873 | acc1=0.6795 | Wμ=1.022 | Aμ=2.127 | Wmax=1.585 | Amax=2.585 |LR=0.002 | ‖g‖=nan | satA=nan | satW=nan | εμ=nan | εvar=nan | corr(ε,x)=nan | t=nans
   115 | base=0.754783 | val=0.744805 | acc1=0.7697 | Wμ=1.020 | Aμ=2.027 | Wmax=1.585 | Amax=2.322 |LR=0.002 | ‖g‖=nan | satA=nan | satW=nan | εμ=nan | εvar=nan | corr(ε,x)=nan | t=nans
   117 | base=0.754041 | val=0.864709 | acc1=0.7399 | Wμ=1.017 | Aμ=1.940 | Wmax=1.585 | Amax=2.322 |LR=0.002 | ‖g‖=nan | satA=nan | satW=nan | εμ=nan | εvar=nan | corr(ε,x)=nan | t=nans
   119 | base=0.791063 | val=1.118973 | acc1=0.6659 | Wμ=1.014 | Aμ=1.876 | Wmax=1.585 | Amax=2.322 |LR=0.002 | ‖g‖=nan | satA=nan | satW=nan | εμ=nan | εvar=nan | corr(ε,x)=nan | t=nans
   121 | base=0.701709 | val=0.879849 | acc1=0.7337 | Wμ=1.011 | Aμ=1.795 | Wmax=1.585 | Amax=2.322 |LR=0.002 | ‖g‖=nan | satA=nan | satW=nan | εμ=nan | εvar=nan | corr(ε,x)=nan | t=nans
   123 | base=0.804189 | val=0.817088 | acc1=0.7548 | Wμ=1.008 | Aμ=1.774 | Wmax=1.585 | Amax=2.322 |LR=0.002 | ‖g‖=nan | satA=nan | satW=nan | εμ=nan | εvar=nan | corr(ε,x)=nan | t=nans
   125 | base=0.831170 | val=1.260031 | acc1=0.6351 | Wμ=1.005 | Aμ=1.724 | Wmax=1.585 | Amax=2.000 |LR=0.002 | ‖g‖=nan | satA=nan | satW=nan | εμ=nan | εvar=nan | corr(ε,x)=nan | t=nans
   127 | base=0.806363 | val=1.017105 | acc1=0.7037 | Wμ=1.003 | Aμ=1.640 | Wmax=1.585 | Amax=2.000 |LR=0.002 | ‖g‖=nan | satA=nan | satW=nan | εμ=nan | εvar=nan | corr(ε,x)=nan | t=nans
   129 | base=0.896878 | val=0.749246 | acc1=0.7705 | Wμ=1.002 | Aμ=1.560 | Wmax=1.585 | Amax=2.000 |LR=0.002 | ‖g‖=nan | satA=nan | satW=nan | εμ=nan | εvar=nan | corr(ε,x)=nan | t=nans
   131 | base=0.870093 | val=0.848121 | acc1=0.7364 | Wμ=1.001 | Aμ=1.508 | Wmax=1.585 | Amax=2.000 |LR=0.002 | ‖g‖=nan | satA=nan | satW=nan | εμ=nan | εvar=nan | corr(ε,x)=nan | t=nans
   133 | base=0.877012 | val=0.844069 | acc1=0.7370 | Wμ=1.001 | Aμ=1.474 | Wmax=1.585 | Amax=2.000 |LR=0.002 | ‖g‖=nan | satA=nan | satW=nan | εμ=nan | εvar=nan | corr(ε,x)=nan | t=nans
   135 | base=0.871273 | val=0.977369 | acc1=0.6949 | Wμ=1.000 | Aμ=1.465 | Wmax=1.585 | Amax=2.000 |LR=0.002 | ‖g‖=nan | satA=nan | satW=nan | εμ=nan | εvar=nan | corr(ε,x)=nan | t=nans
   137 | base=0.910052 | val=0.675414 | acc1=0.7933 | Wμ=0.999 | Aμ=1.457 | Wmax=1.585 | Amax=2.000 |LR=0.002 | ‖g‖=nan | satA=nan | satW=nan | εμ=nan | εvar=nan | corr(ε,x)=nan | t=nans
   139 | base=0.917972 | val=1.590975 | acc1=0.5795 | Wμ=0.998 | Aμ=1.446 | Wmax=1.585 | Amax=2.000 |LR=0.002 | ‖g‖=nan | satA=nan | satW=nan | εμ=nan | εvar=nan | corr(ε,x)=nan | t=nans
   141 | base=1.122409 | val=0.805513 | acc1=0.7436 | Wμ=0.997 | Aμ=1.430 | Wmax=1.585 | Amax=2.000 |LR=0.002 | ‖g‖=nan | satA=nan | satW=nan | εμ=nan | εvar=nan | corr(ε,x)=nan | t=nans
   143 | base=1.026684 | val=0.765305 | acc1=0.7750 | Wμ=0.996 | Aμ=1.389 | Wmax=1.585 | Amax=1.585 |LR=0.002 | ‖g‖=nan | satA=nan | satW=nan | εμ=nan | εvar=nan | corr(ε,x)=nan | t=nans
   145 | base=0.925632 | val=0.866801 | acc1=0.7425 | Wμ=0.995 | Aμ=1.329 | Wmax=1.585 | Amax=1.585 |LR=0.002 | ‖g‖=nan | satA=nan | satW=nan | εμ=nan | εvar=nan | corr(ε,x)=nan | t=nans
   147 | base=1.018358 | val=2.127670 | acc1=0.5154 | Wμ=0.994 | Aμ=1.300 | Wmax=1.585 | Amax=1.585 |LR=0.002 | ‖g‖=nan | satA=nan | satW=nan | εμ=nan | εvar=nan | corr(ε,x)=nan | t=nans
   149 | base=1.113805 | val=0.804570 | acc1=0.7476 | Wμ=0.993 | Aμ=1.266 | Wmax=1.000 | Amax=1.585 |LR=0.002 | ‖g‖=nan | satA=nan | satW=nan | εμ=nan | εvar=nan | corr(ε,x)=nan | t=nans
   151 | base=1.013518 | val=0.909172 | acc1=0.7197 | Wμ=0.992 | Aμ=1.223 | Wmax=1.000 | Amax=1.585 |LR=0.002 | ‖g‖=nan | satA=nan | satW=nan | εμ=nan | εvar=nan | corr(ε,x)=nan | t=nans
   153 | base=1.008369 | val=0.840655 | acc1=0.7278 | Wμ=0.992 | Aμ=1.171 | Wmax=1.000 | Amax=1.585 |LR=0.002 | ‖g‖=nan | satA=nan | satW=nan | εμ=nan | εvar=nan | corr(ε,x)=nan | t=nans
   155 | base=1.180835 | val=0.878458 | acc1=0.7011 | Wμ=0.991 | Aμ=1.160 | Wmax=1.000 | Amax=1.585 |LR=0.002 | ‖g‖=nan | satA=nan | satW=nan | εμ=nan | εvar=nan | corr(ε,x)=nan | t=nans
   157 | base=1.181466 | val=0.845128 | acc1=0.7377 | Wμ=0.991 | Aμ=1.158 | Wmax=1.000 | Amax=1.585 |LR=0.002 | ‖g‖=nan | satA=nan | satW=nan | εμ=nan | εvar=nan | corr(ε,x)=nan | t=nans
   159 | base=0.998223 | val=0.770235 | acc1=0.7439 | Wμ=0.990 | Aμ=1.154 | Wmax=1.000 | Amax=1.585 |LR=0.002 | ‖g‖=nan | satA=nan | satW=nan | εμ=nan | εvar=nan | corr(ε,x)=nan | t=nans
   161 | base=1.203655 | val=1.173593 | acc1=0.6159 | Wμ=0.991 | Aμ=1.142 | Wmax=1.000 | Amax=1.585 |LR=0.002 | ‖g‖=nan | satA=nan | satW=nan | εμ=nan | εvar=nan | corr(ε,x)=nan | t=nans
   163 | base=1.214694 | val=0.868010 | acc1=0.7271 | Wμ=0.990 | Aμ=1.127 | Wmax=1.000 | Amax=1.585 |LR=0.002 | ‖g‖=nan | satA=nan | satW=nan | εμ=nan | εvar=nan | corr(ε,x)=nan | t=nans
   165 | base=1.058763 | val=1.094726 | acc1=0.6569 | Wμ=0.990 | Aμ=1.124 | Wmax=1.000 | Amax=1.585 |LR=0.002 | ‖g‖=nan | satA=nan | satW=nan | εμ=nan | εvar=nan | corr(ε,x)=nan | t=nans
   167 | base=1.126752 | val=0.837230 | acc1=0.7502 | Wμ=0.990 | Aμ=1.124 | Wmax=1.000 | Amax=1.585 |LR=0.002 | ‖g‖=nan | satA=nan | satW=nan | εμ=nan | εvar=nan | corr(ε,x)=nan | t=nans
   169 | base=1.188673 | val=1.403421 | acc1=0.5766 | Wμ=0.989 | Aμ=1.124 | Wmax=1.000 | Amax=1.585 |LR=0.002 | ‖g‖=nan | satA=nan | satW=nan | εμ=nan | εvar=nan | corr(ε,x)=nan | t=nans
   171 | base=1.182683 | val=0.687479 | acc1=0.7664 | Wμ=0.989 | Aμ=1.124 | Wmax=1.000 | Amax=1.585 |LR=0.002 | ‖g‖=nan | satA=nan | satW=nan | εμ=nan | εvar=nan | corr(ε,x)=nan | t=nans
   173 | base=1.064302 | val=0.760418 | acc1=0.7653 | Wμ=0.989 | Aμ=1.118 | Wmax=1.000 | Amax=1.585 |LR=0.002 | ‖g‖=nan | satA=nan | satW=nan | εμ=nan | εvar=nan | corr(ε,x)=nan | t=nans
   175 | base=1.171604 | val=0.767814 | acc1=0.7450 | Wμ=0.989 | Aμ=1.109 | Wmax=1.000 | Amax=1.000 |LR=0.002 | ‖g‖=nan | satA=nan | satW=nan | εμ=nan | εvar=nan | corr(ε,x)=nan | t=nans
   177 | base=1.201969 | val=0.860007 | acc1=0.7265 | Wμ=0.990 | Aμ=1.097 | Wmax=1.000 | Amax=1.585 |LR=0.0017238 | ‖g‖=nan | satA=nan | satW=nan | εμ=nan | εvar=nan | corr(ε,x)=nan | t=nans
   179 | base=1.122377 | val=0.828421 | acc1=0.7344 | Wμ=0.990 | Aμ=1.084 | Wmax=1.000 | Amax=1.585 |LR=0.0017212 | ‖g‖=nan | satA=nan | satW=nan | εμ=nan | εvar=nan | corr(ε,x)=nan | t=nans
   181 | base=1.205099 | val=0.865530 | acc1=0.7229 | Wμ=0.990 | Aμ=1.075 | Wmax=1.000 | Amax=1.000 |LR=0.0017212 | ‖g‖=nan | satA=nan | satW=nan | εμ=nan | εvar=nan | corr(ε,x)=nan | t=nans
   183 | base=1.260651 | val=0.708444 | acc1=0.7674 | Wμ=0.990 | Aμ=1.059 | Wmax=1.000 | Amax=1.000 |LR=0.0014835 | ‖g‖=nan | satA=nan | satW=nan | εμ=nan | εvar=nan | corr(ε,x)=nan | t=nans
   185 | base=1.060009 | val=0.627388 | acc1=0.7872 | Wμ=0.990 | Aμ=1.047 | Wmax=1.000 | Amax=1.000 |LR=0.0012767 | ‖g‖=nan | satA=nan | satW=nan | εμ=nan | εvar=nan | corr(ε,x)=nan | t=nans
   187 | base=1.133467 | val=0.796631 | acc1=0.7500 | Wμ=0.990 | Aμ=1.036 | Wmax=1.000 | Amax=1.000 |LR=0.0010988 | ‖g‖=nan | satA=nan | satW=nan | εμ=nan | εvar=nan | corr(ε,x)=nan | t=nans
   189 | base=1.013596 | val=0.770609 | acc1=0.7541 | Wμ=0.990 | Aμ=1.018 | Wmax=1.000 | Amax=1.000 |LR=0.00094562 | ‖g‖=nan | satA=nan | satW=nan | εμ=nan | εvar=nan | corr(ε,x)=nan | t=nans
   191 | base=0.986218 | val=0.767803 | acc1=0.7573 | Wμ=0.991 | Aμ=1.002 | Wmax=1.000 | Amax=1.000 |LR=0.00081381 | ‖g‖=nan | satA=nan | satW=nan | εμ=nan | εvar=nan | corr(ε,x)=nan | t=nans
   193 | base=1.037245 | val=0.762873 | acc1=0.7510 | Wμ=0.991 | Aμ=0.998 | Wmax=1.000 | Amax=1.000 |LR=0.00070037 | ‖g‖=nan | satA=nan | satW=nan | εμ=nan | εvar=nan | corr(ε,x)=nan | t=nans
   195 | base=1.030628 | val=0.665074 | acc1=0.7842 | Wμ=0.991 | Aμ=0.998 | Wmax=1.000 | Amax=1.000 |LR=0.00060275 | ‖g‖=nan | satA=nan | satW=nan | εμ=nan | εvar=nan | corr(ε,x)=nan | t=nans
   197 | base=0.922735 | val=0.616350 | acc1=0.8004 | Wμ=0.992 | Aμ=0.999 | Wmax=1.000 | Amax=1.000 |LR=0.00051873 | ‖g‖=nan | satA=nan | satW=nan | εμ=nan | εvar=nan | corr(ε,x)=nan | t=nans
   199 | base=1.028155 | val=0.621633 | acc1=0.7989 | Wμ=0.992 | Aμ=0.999 | Wmax=1.000 | Amax=1.000 |LR=0.00044643 | ‖g‖=nan | satA=nan | satW=nan | εμ=nan | εvar=nan | corr(ε,x)=nan | t=nans
   201 | base=1.018571 | val=0.660845 | acc1=0.7894 | Wμ=0.992 | Aμ=0.998 | Wmax=1.000 | Amax=1.000 |LR=0.0003842 | ‖g‖=nan | satA=nan | satW=nan | εμ=nan | εvar=nan | corr(ε,x)=nan | t=nans
   203 | base=1.069691 | val=0.713160 | acc1=0.7666 | Wμ=0.992 | Aμ=0.999 | Wmax=1.000 | Amax=1.000 |LR=0.00033065 | ‖g‖=nan | satA=nan | satW=nan | εμ=nan | εvar=nan | corr(ε,x)=nan | t=nans
   205 | base=0.961325 | val=0.937925 | acc1=0.7204 | Wμ=0.992 | Aμ=0.998 | Wmax=1.000 | Amax=1.000 |LR=0.00028456 | ‖g‖=nan | satA=nan | satW=nan | εμ=nan | εvar=nan | corr(ε,x)=nan | t=nans
   207 | base=0.911007 | val=0.618072 | acc1=0.7992 | Wμ=0.992 | Aμ=0.998 | Wmax=1.000 | Amax=1.000 |LR=0.00024489 | ‖g‖=nan | satA=nan | satW=nan | εμ=nan | εvar=nan | corr(ε,x)=nan | t=nans
   209 | base=0.997610 | val=0.789779 | acc1=0.7536 | Wμ=0.993 | Aμ=0.999 | Wmax=1.000 | Amax=1.000 |LR=0.00021076 | ‖g‖=nan | satA=nan | satW=nan | εμ=nan | εvar=nan | corr(ε,x)=nan | t=nans
   211 | base=0.963277 | val=0.701346 | acc1=0.7740 | Wμ=0.993 | Aμ=0.999 | Wmax=1.000 | Amax=1.000 |LR=0.00018138 | ‖g‖=nan | satA=nan | satW=nan | εμ=nan | εvar=nan | corr(ε,x)=nan | t=nans
   213 | base=1.013378 | val=0.675541 | acc1=0.7786 | Wμ=0.993 | Aμ=0.999 | Wmax=1.000 | Amax=1.000 |LR=0.0001561 | ‖g‖=nan | satA=nan | satW=nan | εμ=nan | εvar=nan | corr(ε,x)=nan | t=nans
   215 | base=0.979121 | val=0.570446 | acc1=0.8104 | Wμ=0.993 | Aμ=0.999 | Wmax=1.000 | Amax=1.000 |LR=0.00013434 | ‖g‖=nan | satA=nan | satW=nan | εμ=nan | εvar=nan | corr(ε,x)=nan | t=nans
   217 | base=0.956598 | val=0.725969 | acc1=0.7665 | Wμ=0.993 | Aμ=0.999 | Wmax=1.000 | Amax=1.000 |LR=0.00011561 | ‖g‖=nan | satA=nan | satW=nan | εμ=nan | εvar=nan | corr(ε,x)=nan | t=nans
   219 | base=0.974687 | val=0.695026 | acc1=0.7684 | Wμ=0.993 | Aμ=0.999 | Wmax=1.000 | Amax=1.000 |LR=9.9499e-05 | ‖g‖=nan | satA=nan | satW=nan | εμ=nan | εvar=nan | corr(ε,x)=nan | t=nans
   221 | base=0.905848 | val=0.592860 | acc1=0.8041 | Wμ=0.994 | Aμ=0.999 | Wmax=1.000 | Amax=1.000 |LR=8.563e-05 | ‖g‖=nan | satA=nan | satW=nan | εμ=nan | εvar=nan | corr(ε,x)=nan | t=nans
   223 | base=0.992367 | val=0.625806 | acc1=0.7935 | Wμ=0.994 | Aμ=0.999 | Wmax=1.000 | Amax=1.000 |LR=7.3694e-05 | ‖g‖=nan | satA=nan | satW=nan | εμ=nan | εvar=nan | corr(ε,x)=nan | t=nans
   225 | base=0.981264 | val=0.623192 | acc1=0.7954 | Wμ=0.994 | Aμ=0.999 | Wmax=1.000 | Amax=1.000 |LR=6.3422e-05 | ‖g‖=nan | satA=nan | satW=nan | εμ=nan | εvar=nan | corr(ε,x)=nan | t=nans
   227 | base=0.914662 | val=0.626493 | acc1=0.7986 | Wμ=0.994 | Aμ=0.999 | Wmax=1.000 | Amax=1.000 |LR=5.4582e-05 | ‖g‖=nan | satA=nan | satW=nan | εμ=nan | εvar=nan | corr(ε,x)=nan | t=nans
   229 | base=0.984636 | val=0.567517 | acc1=0.8133 | Wμ=0.994 | Aμ=0.999 | Wmax=1.000 | Amax=1.000 |LR=4.6974e-05 | ‖g‖=nan | satA=nan | satW=nan | εμ=nan | εvar=nan | corr(ε,x)=nan | t=nans
   231 | base=0.902856 | val=0.635464 | acc1=0.7889 | Wμ=0.994 | Aμ=0.999 | Wmax=1.000 | Amax=1.000 |LR=4.0426e-05 | ‖g‖=nan | satA=nan | satW=nan | εμ=nan | εvar=nan | corr(ε,x)=nan | t=nans
   233 | base=0.957808 | val=0.726482 | acc1=0.7702 | Wμ=0.994 | Aμ=0.999 | Wmax=1.000 | Amax=1.000 |LR=3.4791e-05 | ‖g‖=nan | satA=nan | satW=nan | εμ=nan | εvar=nan | corr(ε,x)=nan | t=nans
   235 | base=0.902265 | val=0.574984 | acc1=0.8092 | Wμ=0.994 | Aμ=0.999 | Wmax=1.000 | Amax=1.000 |LR=2.9942e-05 | ‖g‖=nan | satA=nan | satW=nan | εμ=nan | εvar=nan | corr(ε,x)=nan | t=nans
   237 | base=0.939308 | val=0.601337 | acc1=0.8078 | Wμ=0.995 | Aμ=0.999 | Wmax=1.000 | Amax=1.000 |LR=2.5768e-05 | ‖g‖=nan | satA=nan | satW=nan | εμ=nan | εvar=nan | corr(ε,x)=nan | t=nans
   239 | base=0.912365 | val=0.598603 | acc1=0.8059 | Wμ=0.995 | Aμ=0.999 | Wmax=1.000 | Amax=1.000 |LR=2.2176e-05 | ‖g‖=nan | satA=nan | satW=nan | εμ=nan | εvar=nan | corr(ε,x)=nan | t=nans
   241 | base=0.877337 | val=0.730513 | acc1=0.7657 | Wμ=0.995 | Aμ=0.999 | Wmax=1.000 | Amax=1.000 |LR=1.9085e-05 | ‖g‖=nan | satA=nan | satW=nan | εμ=nan | εvar=nan | corr(ε,x)=nan | t=nans
   243 | base=0.914653 | val=0.693891 | acc1=0.7721 | Wμ=0.995 | Aμ=0.999 | Wmax=1.000 | Amax=1.000 |LR=1.6425e-05 | ‖g‖=nan | satA=nan | satW=nan | εμ=nan | εvar=nan | corr(ε,x)=nan | t=nans
   245 | base=0.918085 | val=0.540040 | acc1=0.8226 | Wμ=0.995 | Aμ=0.999 | Wmax=1.000 | Amax=1.000 |LR=1.4135e-05 | ‖g‖=nan | satA=nan | satW=nan | εμ=nan | εvar=nan | corr(ε,x)=nan | t=nans
   247 | base=0.921767 | val=0.618073 | acc1=0.8004 | Wμ=0.995 | Aμ=0.999 | Wmax=1.000 | Amax=1.000 |LR=1.2165e-05 | ‖g‖=nan | satA=nan | satW=nan | εμ=nan | εvar=nan | corr(ε,x)=nan | t=nans
   249 | base=0.883921 | val=0.548927 | acc1=0.8190 | Wμ=0.995 | Aμ=0.999 | Wmax=1.000 | Amax=1.000 |LR=1.0469e-05 | ‖g‖=nan | satA=nan | satW=nan | εμ=nan | εvar=nan | corr(ε,x)=nan | t=nans
   251 | base=0.888860 | val=0.545598 | acc1=0.8246 | Wμ=0.995 | Aμ=0.999 | Wmax=1.000 | Amax=1.000 |LR=9.0101e-06 | ‖g‖=nan | satA=nan | satW=nan | εμ=nan | εvar=nan | corr(ε,x)=nan | t=nans
   253 | base=0.913600 | val=0.581066 | acc1=0.8094 | Wμ=0.995 | Aμ=0.999 | Wmax=1.000 | Amax=1.000 |LR=7.7542e-06 | ‖g‖=nan | satA=nan | satW=nan | εμ=nan | εvar=nan | corr(ε,x)=nan | t=nans
   255 | base=0.875382 | val=0.566680 | acc1=0.8133 | Wμ=0.995 | Aμ=0.999 | Wmax=1.000 | Amax=1.000 |LR=6.6734e-06 | ‖g‖=nan | satA=nan | satW=nan | εμ=nan | εvar=nan | corr(ε,x)=nan | t=nans
   257 | base=0.886231 | val=0.551216 | acc1=0.8178 | Wμ=0.995 | Aμ=0.999 | Wmax=1.000 | Amax=1.000 |LR=5.7432e-06 | ‖g‖=nan | satA=nan | satW=nan | εμ=nan | εvar=nan | corr(ε,x)=nan | t=nans
   259 | base=0.899780 | val=0.555978 | acc1=0.8129 | Wμ=0.995 | Aμ=0.999 | Wmax=1.000 | Amax=1.000 |LR=4.9426e-06 | ‖g‖=nan | satA=nan | satW=nan | εμ=nan | εvar=nan | corr(ε,x)=nan | t=nans
   261 | base=0.920301 | val=0.613369 | acc1=0.8041 | Wμ=0.995 | Aμ=0.999 | Wmax=1.000 | Amax=1.000 |LR=4.2537e-06 | ‖g‖=nan | satA=nan | satW=nan | εμ=nan | εvar=nan | corr(ε,x)=nan | t=nans
   263 | base=0.854373 | val=0.654757 | acc1=0.7835 | Wμ=0.995 | Aμ=0.999 | Wmax=1.000 | Amax=1.000 |LR=3.6608e-06 | ‖g‖=nan | satA=nan | satW=nan | εμ=nan | εvar=nan | corr(ε,x)=nan | t=nans
   265 | base=0.893731 | val=0.556367 | acc1=0.8171 | Wμ=0.995 | Aμ=0.999 | Wmax=1.000 | Amax=1.000 |LR=3.1505e-06 | ‖g‖=nan | satA=nan | satW=nan | εμ=nan | εvar=nan | corr(ε,x)=nan | t=nans
   267 | base=0.900463 | val=0.575615 | acc1=0.8093 | Wμ=0.995 | Aμ=0.999 | Wmax=1.000 | Amax=1.000 |LR=2.7114e-06 | ‖g‖=nan | satA=nan | satW=nan | εμ=nan | εvar=nan | corr(ε,x)=nan | t=nans
   269 | base=0.868882 | val=0.556119 | acc1=0.8205 | Wμ=0.995 | Aμ=0.999 | Wmax=1.000 | Amax=1.000 |LR=2.3334e-06 | ‖g‖=nan | satA=nan | satW=nan | εμ=nan | εvar=nan | corr(ε,x)=nan | t=nans
   271 | base=0.916606 | val=0.615989 | acc1=0.8037 | Wμ=0.995 | Aμ=0.999 | Wmax=1.000 | Amax=1.000 |LR=2.0082e-06 | ‖g‖=nan | satA=nan | satW=nan | εμ=nan | εvar=nan | corr(ε,x)=nan | t=nans
   273 | base=0.860574 | val=0.531045 | acc1=0.8252 | Wμ=0.995 | Aμ=0.999 | Wmax=1.000 | Amax=1.000 |LR=1.7283e-06 | ‖g‖=nan | satA=nan | satW=nan | εμ=nan | εvar=nan | corr(ε,x)=nan | t=nans
   275 | base=0.878216 | val=0.603184 | acc1=0.8077 | Wμ=0.995 | Aμ=0.999 | Wmax=1.000 | Amax=1.000 |LR=1.4874e-06 | ‖g‖=nan | satA=nan | satW=nan | εμ=nan | εvar=nan | corr(ε,x)=nan | t=nans
   277 | base=0.916827 | val=0.583438 | acc1=0.8107 | Wμ=0.995 | Aμ=0.999 | Wmax=1.000 | Amax=1.000 |LR=1.28e-06 | ‖g‖=nan | satA=nan | satW=nan | εμ=nan | εvar=nan | corr(ε,x)=nan | t=nans
   279 | base=0.895218 | val=0.571013 | acc1=0.8150 | Wμ=0.995 | Aμ=0.999 | Wmax=1.000 | Amax=1.000 |LR=1.1016e-06 | ‖g‖=nan | satA=nan | satW=nan | εμ=nan | εvar=nan | corr(ε,x)=nan | t=nans
   281 | base=0.866886 | val=0.659061 | acc1=0.7868 | Wμ=0.995 | Aμ=0.999 | Wmax=1.000 | Amax=1.000 |LR=9.4806e-07 | ‖g‖=nan | satA=nan | satW=nan | εμ=nan | εvar=nan | corr(ε,x)=nan | t=nans
   283 | base=0.907259 | val=0.540398 | acc1=0.8259 | Wμ=0.995 | Aμ=0.999 | Wmax=1.000 | Amax=1.000 |LR=8.1591e-07 | ‖g‖=nan | satA=nan | satW=nan | εμ=nan | εvar=nan | corr(ε,x)=nan | t=nans
   285 | base=0.871823 | val=0.546724 | acc1=0.8219 | Wμ=0.995 | Aμ=0.999 | Wmax=1.000 | Amax=1.000 |LR=7.0218e-07 | ‖g‖=nan | satA=nan | satW=nan | εμ=nan | εvar=nan | corr(ε,x)=nan | t=nans
   287 | base=0.888777 | val=0.507904 | acc1=0.8298 | Wμ=0.995 | Aμ=0.999 | Wmax=1.000 | Amax=1.000 |LR=6.043e-07 | ‖g‖=nan | satA=nan | satW=nan | εμ=nan | εvar=nan | corr(ε,x)=nan | t=nans
   289 | base=0.847279 | val=0.626633 | acc1=0.7995 | Wμ=0.995 | Aμ=0.999 | Wmax=1.000 | Amax=1.000 |LR=5.2007e-07 | ‖g‖=nan | satA=nan | satW=nan | εμ=nan | εvar=nan | corr(ε,x)=nan | t=nans
   291 | base=0.842711 | val=0.635690 | acc1=0.7954 | Wμ=0.995 | Aμ=0.999 | Wmax=1.000 | Amax=1.000 |LR=4.4758e-07 | ‖g‖=nan | satA=nan | satW=nan | εμ=nan | εvar=nan | corr(ε,x)=nan | t=nans
   293 | base=0.926510 | val=0.501547 | acc1=0.8340 | Wμ=0.995 | Aμ=0.999 | Wmax=1.000 | Amax=1.000 |LR=3.8519e-07 | ‖g‖=nan | satA=nan | satW=nan | εμ=nan | εvar=nan | corr(ε,x)=nan | t=nans
   295 | base=0.899927 | val=0.490243 | acc1=0.8354 | Wμ=0.995 | Aμ=0.999 | Wmax=1.000 | Amax=1.000 |LR=3.315e-07 | ‖g‖=nan | satA=nan | satW=nan | εμ=nan | εvar=nan | corr(ε,x)=nan | t=nans
   297 | base=0.866550 | val=0.553064 | acc1=0.8203 | Wμ=0.995 | Aμ=0.999 | Wmax=1.000 | Amax=1.000 |LR=2.8529e-07 | ‖g‖=nan | satA=nan | satW=nan | εμ=nan | εvar=nan | corr(ε,x)=nan | t=nans
   299 | base=0.842807 | val=0.534186 | acc1=0.8256 | Wμ=0.995 | Aμ=0.999 | Wmax=1.000 | Amax=1.000 |LR=2.4553e-07 | ‖g‖=nan | satA=nan | satW=nan | εμ=nan | εvar=nan | corr(ε,x)=nan | t=nans
   301 | base=0.896181 | val=0.513424 | acc1=0.8299 | Wμ=0.995 | Aμ=0.999 | Wmax=1.000 | Amax=1.000 |LR=2.113e-07 | ‖g‖=nan | satA=nan | satW=nan | εμ=nan | εvar=nan | corr(ε,x)=nan | t=nans
   303 | base=0.919140 | val=0.743482 | acc1=0.7639 | Wμ=0.995 | Aμ=0.999 | Wmax=1.000 | Amax=1.000 |LR=1.8185e-07 | ‖g‖=nan | satA=nan | satW=nan | εμ=nan | εvar=nan | corr(ε,x)=nan | t=nans
   305 | base=0.914061 | val=0.508110 | acc1=0.8330 | Wμ=0.995 | Aμ=0.999 | Wmax=1.000 | Amax=1.000 |LR=1.565e-07 | ‖g‖=nan | satA=nan | satW=nan | εμ=nan | εvar=nan | corr(ε,x)=nan | t=nans
   307 | base=0.834119 | val=0.625747 | acc1=0.7988 | Wμ=0.995 | Aμ=0.999 | Wmax=1.000 | Amax=1.000 |LR=1.3469e-07 | ‖g‖=nan | satA=nan | satW=nan | εμ=nan | εvar=nan | corr(ε,x)=nan | t=nans
   309 | base=0.853598 | val=0.498924 | acc1=0.8353 | Wμ=0.995 | Aμ=0.999 | Wmax=1.000 | Amax=1.000 |LR=1.1591e-07 | ‖g‖=nan | satA=nan | satW=nan | εμ=nan | εvar=nan | corr(ε,x)=nan | t=nans
   311 | base=0.896178 | val=0.512240 | acc1=0.8302 | Wμ=0.995 | Aμ=0.999 | Wmax=1.000 | Amax=1.000 |LR=9.9756e-08 | ‖g‖=nan | satA=nan | satW=nan | εμ=nan | εvar=nan | corr(ε,x)=nan | t=nans
   313 | base=0.891112 | val=0.604030 | acc1=0.8069 | Wμ=0.995 | Aμ=0.999 | Wmax=1.000 | Amax=1.000 |LR=8.5851e-08 | ‖g‖=nan | satA=nan | satW=nan | εμ=nan | εvar=nan | corr(ε,x)=nan | t=nans
   315 | base=0.911903 | val=0.507238 | acc1=0.8340 | Wμ=0.995 | Aμ=0.999 | Wmax=1.000 | Amax=1.000 |LR=7.3884e-08 | ‖g‖=nan | satA=nan | satW=nan | εμ=nan | εvar=nan | corr(ε,x)=nan | t=nans
   317 | base=0.916779 | val=0.519770 | acc1=0.8244 | Wμ=0.995 | Aμ=0.999 | Wmax=1.000 | Amax=1.000 |LR=6.3586e-08 | ‖g‖=nan | satA=nan | satW=nan | εμ=nan | εvar=nan | corr(ε,x)=nan | t=nans
   319 | base=0.914800 | val=0.499382 | acc1=0.8376 | Wμ=0.995 | Aμ=0.999 | Wmax=1.000 | Amax=1.000 |LR=5.4723e-08 | ‖g‖=nan | satA=nan | satW=nan | εμ=nan | εvar=nan | corr(ε,x)=nan | t=nans
   321 | base=0.851933 | val=0.507898 | acc1=0.8321 | Wμ=0.995 | Aμ=0.999 | Wmax=1.000 | Amax=1.000 |LR=4.7095e-08 | ‖g‖=nan | satA=nan | satW=nan | εμ=nan | εvar=nan | corr(ε,x)=nan | t=nans
   323 | base=0.946756 | val=0.519126 | acc1=0.8279 | Wμ=0.995 | Aμ=0.999 | Wmax=1.000 | Amax=1.000 |LR=4.053e-08 | ‖g‖=nan | satA=nan | satW=nan | εμ=nan | εvar=nan | corr(ε,x)=nan | t=nans
   325 | base=0.919303 | val=0.489160 | acc1=0.8362 | Wμ=0.995 | Aμ=0.999 | Wmax=1.000 | Amax=1.000 |LR=3.4881e-08 | ‖g‖=nan | satA=nan | satW=nan | εμ=nan | εvar=nan | corr(ε,x)=nan | t=nans
   327 | base=0.849140 | val=0.514675 | acc1=0.8291 | Wμ=0.995 | Aμ=0.999 | Wmax=1.000 | Amax=1.000 |LR=3.0019e-08 | ‖g‖=nan | satA=nan | satW=nan | εμ=nan | εvar=nan | corr(ε,x)=nan | t=nans
   329 | base=0.872413 | val=0.528324 | acc1=0.8215 | Wμ=0.995 | Aμ=0.999 | Wmax=1.000 | Amax=1.000 |LR=2.5835e-08 | ‖g‖=nan | satA=nan | satW=nan | εμ=nan | εvar=nan | corr(ε,x)=nan | t=nans
   331 | base=0.914023 | val=0.499014 | acc1=0.8374 | Wμ=0.995 | Aμ=0.999 | Wmax=1.000 | Amax=1.000 |LR=2.2234e-08 | ‖g‖=nan | satA=nan | satW=nan | εμ=nan | εvar=nan | corr(ε,x)=nan | t=nans
   333 | base=0.856372 | val=0.487970 | acc1=0.8417 | Wμ=0.995 | Aμ=0.999 | Wmax=1.000 | Amax=1.000 |LR=1.9134e-08 | ‖g‖=nan | satA=nan | satW=nan | εμ=nan | εvar=nan | corr(ε,x)=nan | t=nans
   335 | base=0.887341 | val=0.480803 | acc1=0.8383 | Wμ=0.995 | Aμ=0.999 | Wmax=1.000 | Amax=1.000 |LR=1.6467e-08 | ‖g‖=nan | satA=nan | satW=nan | εμ=nan | εvar=nan | corr(ε,x)=nan | t=nans
   337 | base=0.959618 | val=0.481804 | acc1=0.8404 | Wμ=0.995 | Aμ=0.999 | Wmax=1.000 | Amax=1.000 |LR=1.4172e-08 | ‖g‖=nan | satA=nan | satW=nan | εμ=nan | εvar=nan | corr(ε,x)=nan | t=nans
   339 | base=0.837857 | val=0.514249 | acc1=0.8297 | Wμ=0.995 | Aμ=0.999 | Wmax=1.000 | Amax=1.000 |LR=1.2197e-08 | ‖g‖=nan | satA=nan | satW=nan | εμ=nan | εvar=nan | corr(ε,x)=nan | t=nans
   341 | base=0.903452 | val=0.508497 | acc1=0.8329 | Wμ=0.995 | Aμ=0.999 | Wmax=1.000 | Amax=1.000 |LR=1.0496e-08 | ‖g‖=nan | satA=nan | satW=nan | εμ=nan | εvar=nan | corr(ε,x)=nan | t=nans
   343 | base=0.862747 | val=0.530033 | acc1=0.8270 | Wμ=0.995 | Aμ=0.999 | Wmax=1.000 | Amax=1.000 |LR=9.0334e-09 | ‖g‖=nan | satA=nan | satW=nan | εμ=nan | εvar=nan | corr(ε,x)=nan | t=nans
   345 | base=0.893738 | val=0.494339 | acc1=0.8378 | Wμ=0.995 | Aμ=0.999 | Wmax=1.000 | Amax=1.000 |LR=7.7742e-09 | ‖g‖=nan | satA=nan | satW=nan | εμ=nan | εvar=nan | corr(ε,x)=nan | t=nans
   347 | base=0.772505 | val=0.488470 | acc1=0.8384 | Wμ=0.995 | Aμ=0.999 | Wmax=1.000 | Amax=1.000 |LR=6.6906e-09 | ‖g‖=nan | satA=nan | satW=nan | εμ=nan | εvar=nan | corr(ε,x)=nan | t=nans
   349 | base=0.797551 | val=0.472485 | acc1=0.8393 | Wμ=0.995 | Aμ=0.999 | Wmax=1.000 | Amax=1.000 |LR=5.758e-09 | ‖g‖=nan | satA=nan | satW=nan | εμ=nan | εvar=nan | corr(ε,x)=nan | t=nans
   351 | base=0.854040 | val=0.467678 | acc1=0.8459 | Wμ=0.995 | Aμ=0.999 | Wmax=1.000 | Amax=1.000 |LR=4.9554e-09 | ‖g‖=nan | satA=nan | satW=nan | εμ=nan | εvar=nan | corr(ε,x)=nan | t=nans
   353 | base=0.899522 | val=0.501223 | acc1=0.8352 | Wμ=0.995 | Aμ=0.999 | Wmax=1.000 | Amax=1.000 |LR=4.2647e-09 | ‖g‖=nan | satA=nan | satW=nan | εμ=nan | εvar=nan | corr(ε,x)=nan | t=nans
   355 | base=0.860033 | val=0.510657 | acc1=0.8318 | Wμ=0.995 | Aμ=0.999 | Wmax=1.000 | Amax=1.000 |LR=3.6702e-09 | ‖g‖=nan | satA=nan | satW=nan | εμ=nan | εvar=nan | corr(ε,x)=nan | t=nans
   357 | base=0.834139 | val=0.561605 | acc1=0.8175 | Wμ=0.995 | Aμ=0.999 | Wmax=1.000 | Amax=1.000 |LR=3.1586e-09 | ‖g‖=nan | satA=nan | satW=nan | εμ=nan | εvar=nan | corr(ε,x)=nan | t=nans
   359 | base=0.896769 | val=0.477007 | acc1=0.8427 | Wμ=0.995 | Aμ=0.999 | Wmax=1.000 | Amax=1.000 |LR=2.7183e-09 | ‖g‖=nan | satA=nan | satW=nan | εμ=nan | εvar=nan | corr(ε,x)=nan | t=nans
   361 | base=0.839294 | val=0.485354 | acc1=0.8395 | Wμ=0.995 | Aμ=0.999 | Wmax=1.000 | Amax=1.000 |LR=2.3394e-09 | ‖g‖=nan | satA=nan | satW=nan | εμ=nan | εvar=nan | corr(ε,x)=nan | t=nans
   363 | base=0.824309 | val=0.468272 | acc1=0.8444 | Wμ=0.995 | Aμ=0.999 | Wmax=1.000 | Amax=1.000 |LR=2.0133e-09 | ‖g‖=nan | satA=nan | satW=nan | εμ=nan | εvar=nan | corr(ε,x)=nan | t=nans
   365 | base=0.819747 | val=0.473523 | acc1=0.8428 | Wμ=0.995 | Aμ=0.999 | Wmax=1.000 | Amax=1.000 |LR=1.7327e-09 | ‖g‖=nan | satA=nan | satW=nan | εμ=nan | εvar=nan | corr(ε,x)=nan | t=nans
   367 | base=0.930726 | val=0.521734 | acc1=0.8268 | Wμ=0.995 | Aμ=0.999 | Wmax=1.000 | Amax=1.000 |LR=1.4912e-09 | ‖g‖=nan | satA=nan | satW=nan | εμ=nan | εvar=nan | corr(ε,x)=nan | t=nans
   369 | base=0.823981 | val=0.485399 | acc1=0.8454 | Wμ=0.995 | Aμ=0.999 | Wmax=1.000 | Amax=1.000 |LR=1.2833e-09 | ‖g‖=nan | satA=nan | satW=nan | εμ=nan | εvar=nan | corr(ε,x)=nan | t=nans
   371 | base=0.864717 | val=0.468800 | acc1=0.8435 | Wμ=0.995 | Aμ=0.999 | Wmax=1.000 | Amax=1.000 |LR=1.1045e-09 | ‖g‖=nan | satA=nan | satW=nan | εμ=nan | εvar=nan | corr(ε,x)=nan | t=nans
   373 | base=0.896483 | val=0.477964 | acc1=0.8405 | Wμ=0.995 | Aμ=0.999 | Wmax=1.000 | Amax=1.000 |LR=9.505e-10 | ‖g‖=nan | satA=nan | satW=nan | εμ=nan | εvar=nan | corr(ε,x)=nan | t=nans
   375 | base=0.930141 | val=0.460429 | acc1=0.8461 | Wμ=0.995 | Aμ=0.999 | Wmax=1.000 | Amax=1.000 |LR=8.1801e-10 | ‖g‖=nan | satA=nan | satW=nan | εμ=nan | εvar=nan | corr(ε,x)=nan | t=nans
   377 | base=0.825087 | val=0.460512 | acc1=0.8463 | Wμ=0.995 | Aμ=0.999 | Wmax=1.000 | Amax=1.000 |LR=7.0399e-10 | ‖g‖=nan | satA=nan | satW=nan | εμ=nan | εvar=nan | corr(ε,x)=nan | t=nans
   379 | base=0.821909 | val=0.451832 | acc1=0.8482 | Wμ=0.995 | Aμ=0.999 | Wmax=1.000 | Amax=1.000 |LR=6.0586e-10 | ‖g‖=nan | satA=nan | satW=nan | εμ=nan | εvar=nan | corr(ε,x)=nan | t=nans
   381 | base=0.722879 | val=0.471648 | acc1=0.8419 | Wμ=0.995 | Aμ=0.999 | Wmax=1.000 | Amax=1.000 |LR=5.2141e-10 | ‖g‖=nan | satA=nan | satW=nan | εμ=nan | εvar=nan | corr(ε,x)=nan | t=nans
   383 | base=0.776756 | val=0.458111 | acc1=0.8489 | Wμ=0.995 | Aμ=0.999 | Wmax=1.000 | Amax=1.000 |LR=4.4873e-10 | ‖g‖=nan | satA=nan | satW=nan | εμ=nan | εvar=nan | corr(ε,x)=nan | t=nans
   385 | base=0.833409 | val=0.460794 | acc1=0.8454 | Wμ=0.995 | Aμ=0.999 | Wmax=1.000 | Amax=1.000 |LR=3.8618e-10 | ‖g‖=nan | satA=nan | satW=nan | εμ=nan | εvar=nan | corr(ε,x)=nan | t=nans
   387 | base=0.842805 | val=0.456533 | acc1=0.8508 | Wμ=0.995 | Aμ=0.999 | Wmax=1.000 | Amax=1.000 |LR=3.3235e-10 | ‖g‖=nan | satA=nan | satW=nan | εμ=nan | εvar=nan | corr(ε,x)=nan | t=nans
   389 | base=0.842578 | val=0.457656 | acc1=0.8494 | Wμ=0.995 | Aμ=0.999 | Wmax=1.000 | Amax=1.000 |LR=2.8603e-10 | ‖g‖=nan | satA=nan | satW=nan | εμ=nan | εvar=nan | corr(ε,x)=nan | t=nans
   391 | base=0.850531 | val=0.449868 | acc1=0.8530 | Wμ=0.995 | Aμ=0.999 | Wmax=1.000 | Amax=1.000 |LR=2.4616e-10 | ‖g‖=nan | satA=nan | satW=nan | εμ=nan | εvar=nan | corr(ε,x)=nan | t=nans
   393 | base=0.890466 | val=0.456623 | acc1=0.8486 | Wμ=0.995 | Aμ=0.999 | Wmax=1.000 | Amax=1.000 |LR=2.1185e-10 | ‖g‖=nan | satA=nan | satW=nan | εμ=nan | εvar=nan | corr(ε,x)=nan | t=nans
   395 | base=0.830405 | val=0.456666 | acc1=0.8501 | Wμ=0.995 | Aμ=0.999 | Wmax=1.000 | Amax=1.000 |LR=1.8232e-10 | ‖g‖=nan | satA=nan | satW=nan | εμ=nan | εvar=nan | corr(ε,x)=nan | t=nans
   397 | base=0.856763 | val=0.452298 | acc1=0.8504 | Wμ=0.995 | Aμ=0.999 | Wmax=1.000 | Amax=1.000 |LR=1.569e-10 | ‖g‖=nan | satA=nan | satW=nan | εμ=nan | εvar=nan | corr(ε,x)=nan | t=nans
   399 | base=0.892025 | val=0.464134 | acc1=0.8479 | Wμ=0.995 | Aμ=0.999 | Wmax=1.000 | Amax=1.000 |LR=1.3503e-10 | ‖g‖=nan | satA=nan | satW=nan | εμ=nan | εvar=nan | corr(ε,x)=nan | t=nans
   401 | base=0.891589 | val=0.463707 | acc1=0.8492 | Wμ=0.995 | Aμ=0.999 | Wmax=1.000 | Amax=1.000 |LR=1.1621e-10 | ‖g‖=nan | satA=nan | satW=nan | εμ=nan | εvar=nan | corr(ε,x)=nan | t=nans
   403 | base=0.832415 | val=0.454388 | acc1=0.8508 | Wμ=0.995 | Aμ=0.999 | Wmax=1.000 | Amax=1.000 |LR=1.0001e-10 | ‖g‖=nan | satA=nan | satW=nan | εμ=nan | εvar=nan | corr(ε,x)=nan | t=nans
   405 | base=0.848307 | val=0.457023 | acc1=0.8529 | Wμ=0.995 | Aμ=0.999 | Wmax=1.000 | Amax=1.000 |LR=8.6072e-11 | ‖g‖=nan | satA=nan | satW=nan | εμ=nan | εvar=nan | corr(ε,x)=nan | t=nans
   407 | base=0.932027 | val=0.449401 | acc1=0.8524 | Wμ=0.995 | Aμ=0.999 | Wmax=1.000 | Amax=1.000 |LR=7.4075e-11 | ‖g‖=nan | satA=nan | satW=nan | εμ=nan | εvar=nan | corr(ε,x)=nan | t=nans
   409 | base=0.852796 | val=0.444420 | acc1=0.8548 | Wμ=0.995 | Aμ=0.999 | Wmax=1.000 | Amax=1.000 |LR=6.375e-11 | ‖g‖=nan | satA=nan | satW=nan | εμ=nan | εvar=nan | corr(ε,x)=nan | t=nans
   411 | base=0.855032 | val=0.463631 | acc1=0.8464 | Wμ=0.995 | Aμ=0.999 | Wmax=1.000 | Amax=1.000 |LR=5.4864e-11 | ‖g‖=nan | satA=nan | satW=nan | εμ=nan | εvar=nan | corr(ε,x)=nan | t=nans
   413 | base=0.820349 | val=0.452819 | acc1=0.8501 | Wμ=0.995 | Aμ=0.999 | Wmax=1.000 | Amax=1.000 |LR=4.7216e-11 | ‖g‖=nan | satA=nan | satW=nan | εμ=nan | εvar=nan | corr(ε,x)=nan | t=nans
   415 | base=0.826526 | val=0.455328 | acc1=0.8494 | Wμ=0.995 | Aμ=0.999 | Wmax=1.000 | Amax=1.000 |LR=4.0635e-11 | ‖g‖=nan | satA=nan | satW=nan | εμ=nan | εvar=nan | corr(ε,x)=nan | t=nans
   417 | base=0.868671 | val=0.455631 | acc1=0.8481 | Wμ=0.995 | Aμ=0.999 | Wmax=1.000 | Amax=1.000 |LR=3.4971e-11 | ‖g‖=nan | satA=nan | satW=nan | εμ=nan | εvar=nan | corr(ε,x)=nan | t=nans
   419 | base=0.846539 | val=0.456501 | acc1=0.8496 | Wμ=0.995 | Aμ=0.999 | Wmax=1.000 | Amax=1.000 |LR=3.0096e-11 | ‖g‖=nan | satA=nan | satW=nan | εμ=nan | εvar=nan | corr(ε,x)=nan | t=nans
   421 | base=0.842353 | val=0.455586 | acc1=0.8460 | Wμ=0.995 | Aμ=0.999 | Wmax=1.000 | Amax=1.000 |LR=2.5901e-11 | ‖g‖=nan | satA=nan | satW=nan | εμ=nan | εvar=nan | corr(ε,x)=nan | t=nans
   423 | base=0.853116 | val=0.449621 | acc1=0.8528 | Wμ=0.995 | Aμ=0.999 | Wmax=1.000 | Amax=1.000 |LR=2.2291e-11 | ‖g‖=nan | satA=nan | satW=nan | εμ=nan | εvar=nan | corr(ε,x)=nan | t=nans
   425 | base=0.782870 | val=0.453962 | acc1=0.8493 | Wμ=0.995 | Aμ=0.999 | Wmax=1.000 | Amax=1.000 |LR=1.9184e-11 | ‖g‖=nan | satA=nan | satW=nan | εμ=nan | εvar=nan | corr(ε,x)=nan | t=nans
   427 | base=0.879067 | val=0.449123 | acc1=0.8521 | Wμ=0.995 | Aμ=0.999 | Wmax=1.000 | Amax=1.000 |LR=1.651e-11 | ‖g‖=nan | satA=nan | satW=nan | εμ=nan | εvar=nan | corr(ε,x)=nan | t=nans
   429 | base=0.799705 | val=0.452791 | acc1=0.8486 | Wμ=0.995 | Aμ=0.999 | Wmax=1.000 | Amax=1.000 |LR=1.4208e-11 | ‖g‖=nan | satA=nan | satW=nan | εμ=nan | εvar=nan | corr(ε,x)=nan | t=nans
   431 | base=0.873856 | val=0.454730 | acc1=0.8468 | Wμ=0.995 | Aμ=0.999 | Wmax=1.000 | Amax=1.000 |LR=1.2228e-11 | ‖g‖=nan | satA=nan | satW=nan | εμ=nan | εvar=nan | corr(ε,x)=nan | t=nans
   433 | base=0.848577 | val=0.453611 | acc1=0.8534 | Wμ=0.995 | Aμ=0.999 | Wmax=1.000 | Amax=1.000 |LR=1.0524e-11 | ‖g‖=nan | satA=nan | satW=nan | εμ=nan | εvar=nan | corr(ε,x)=nan | t=nans
   435 | base=0.918947 | val=0.457127 | acc1=0.8499 | Wμ=0.995 | Aμ=0.999 | Wmax=1.000 | Amax=1.000 |LR=9.0567e-12 | ‖g‖=nan | satA=nan | satW=nan | εμ=nan | εvar=nan | corr(ε,x)=nan | t=nans
   437 | base=0.883121 | val=0.450696 | acc1=0.8513 | Wμ=0.995 | Aμ=0.999 | Wmax=1.000 | Amax=1.000 |LR=7.7943e-12 | ‖g‖=nan | satA=nan | satW=nan | εμ=nan | εvar=nan | corr(ε,x)=nan | t=nans
   439 | base=0.786106 | val=0.449625 | acc1=0.8493 | Wμ=0.995 | Aμ=0.999 | Wmax=1.000 | Amax=1.000 |LR=6.7078e-12 | ‖g‖=nan | satA=nan | satW=nan | εμ=nan | εvar=nan | corr(ε,x)=nan | t=nans
   441 | base=0.793113 | val=0.450359 | acc1=0.8496 | Wμ=0.995 | Aμ=0.999 | Wmax=1.000 | Amax=1.000 |LR=5.7728e-12 | ‖g‖=nan | satA=nan | satW=nan | εμ=nan | εvar=nan | corr(ε,x)=nan | t=nans
   443 | base=0.843239 | val=0.454710 | acc1=0.8510 | Wμ=0.995 | Aμ=0.999 | Wmax=1.000 | Amax=1.000 |LR=4.9682e-12 | ‖g‖=nan | satA=nan | satW=nan | εμ=nan | εvar=nan | corr(ε,x)=nan | t=nans
   445 | base=0.829943 | val=0.453216 | acc1=0.8516 | Wμ=0.995 | Aμ=0.999 | Wmax=1.000 | Amax=1.000 |LR=4.2757e-12 | ‖g‖=nan | satA=nan | satW=nan | εμ=nan | εvar=nan | corr(ε,x)=nan | t=nans
   447 | base=0.815955 | val=0.452688 | acc1=0.8521 | Wμ=0.995 | Aμ=0.999 | Wmax=1.000 | Amax=1.000 |LR=3.6797e-12 | ‖g‖=nan | satA=nan | satW=nan | εμ=nan | εvar=nan | corr(ε,x)=nan | t=nans
   449 | base=0.821550 | val=0.448619 | acc1=0.8482 | Wμ=0.995 | Aμ=0.999 | Wmax=1.000 | Amax=1.000 |LR=3.1668e-12 | ‖g‖=nan | satA=nan | satW=nan | εμ=nan | εvar=nan | corr(ε,x)=nan | t=nans
   451 | base=0.813021 | val=0.451100 | acc1=0.8501 | Wμ=0.995 | Aμ=0.999 | Wmax=1.000 | Amax=1.000 |LR=2.7254e-12 | ‖g‖=nan | satA=nan | satW=nan | εμ=nan | εvar=nan | corr(ε,x)=nan | t=nans
   453 | base=0.841418 | val=0.456703 | acc1=0.8463 | Wμ=0.995 | Aμ=0.999 | Wmax=1.000 | Amax=1.000 |LR=2.3455e-12 | ‖g‖=nan | satA=nan | satW=nan | εμ=nan | εvar=nan | corr(ε,x)=nan | t=nans
   455 | base=0.819411 | val=0.457271 | acc1=0.8490 | Wμ=0.995 | Aμ=0.999 | Wmax=1.000 | Amax=1.000 |LR=2.0185e-12 | ‖g‖=nan | satA=nan | satW=nan | εμ=nan | εvar=nan | corr(ε,x)=nan | t=nans
   457 | base=0.918517 | val=0.449800 | acc1=0.8541 | Wμ=0.995 | Aμ=0.999 | Wmax=1.000 | Amax=1.000 |LR=1.7372e-12 | ‖g‖=nan | satA=nan | satW=nan | εμ=nan | εvar=nan | corr(ε,x)=nan | t=nans
   459 | base=0.870874 | val=0.455975 | acc1=0.8499 | Wμ=0.995 | Aμ=0.999 | Wmax=1.000 | Amax=1.000 |LR=1.495e-12 | ‖g‖=nan | satA=nan | satW=nan | εμ=nan | εvar=nan | corr(ε,x)=nan | t=nans
   461 | base=0.883023 | val=0.446747 | acc1=0.8525 | Wμ=0.995 | Aμ=0.999 | Wmax=1.000 | Amax=1.000 |LR=1.2866e-12 | ‖g‖=nan | satA=nan | satW=nan | εμ=nan | εvar=nan | corr(ε,x)=nan | t=nans
   463 | base=0.795640 | val=0.447242 | acc1=0.8514 | Wμ=0.995 | Aμ=0.999 | Wmax=1.000 | Amax=1.000 |LR=1.1073e-12 | ‖g‖=nan | satA=nan | satW=nan | εμ=nan | εvar=nan | corr(ε,x)=nan | t=nans
   465 | base=0.772169 | val=0.456880 | acc1=0.8477 | Wμ=0.995 | Aμ=0.999 | Wmax=1.000 | Amax=1.000 |LR=9.5295e-13 | ‖g‖=nan | satA=nan | satW=nan | εμ=nan | εvar=nan | corr(ε,x)=nan | t=nans
   467 | base=0.825673 | val=0.459378 | acc1=0.8480 | Wμ=0.995 | Aμ=0.999 | Wmax=1.000 | Amax=1.000 |LR=8.2012e-13 | ‖g‖=nan | satA=nan | satW=nan | εμ=nan | εvar=nan | corr(ε,x)=nan | t=nans
   469 | base=0.845754 | val=0.459558 | acc1=0.8492 | Wμ=0.995 | Aμ=0.999 | Wmax=1.000 | Amax=1.000 |LR=7.0581e-13 | ‖g‖=nan | satA=nan | satW=nan | εμ=nan | εvar=nan | corr(ε,x)=nan | t=nans
   471 | base=0.890068 | val=0.445876 | acc1=0.8518 | Wμ=0.995 | Aμ=0.999 | Wmax=1.000 | Amax=1.000 |LR=6.0742e-13 | ‖g‖=nan | satA=nan | satW=nan | εμ=nan | εvar=nan | corr(ε,x)=nan | t=nans
   473 | base=0.906030 | val=0.448946 | acc1=0.8519 | Wμ=0.995 | Aμ=0.999 | Wmax=1.000 | Amax=1.000 |LR=5.2276e-13 | ‖g‖=nan | satA=nan | satW=nan | εμ=nan | εvar=nan | corr(ε,x)=nan | t=nans
   475 | base=0.830258 | val=0.453023 | acc1=0.8499 | Wμ=0.995 | Aμ=0.999 | Wmax=1.000 | Amax=1.000 |LR=4.4989e-13 | ‖g‖=nan | satA=nan | satW=nan | εμ=nan | εvar=nan | corr(ε,x)=nan | t=nans
   477 | base=0.859836 | val=0.461354 | acc1=0.8475 | Wμ=0.995 | Aμ=0.999 | Wmax=1.000 | Amax=1.000 |LR=3.8718e-13 | ‖g‖=nan | satA=nan | satW=nan | εμ=nan | εvar=nan | corr(ε,x)=nan | t=nans
   479 | base=0.852462 | val=0.462087 | acc1=0.8468 | Wμ=0.995 | Aμ=0.999 | Wmax=1.000 | Amax=1.000 |LR=3.3321e-13 | ‖g‖=nan | satA=nan | satW=nan | εμ=nan | εvar=nan | corr(ε,x)=nan | t=nans
   481 | base=0.840079 | val=0.464157 | acc1=0.8441 | Wμ=0.995 | Aμ=0.999 | Wmax=1.000 | Amax=1.000 |LR=2.8677e-13 | ‖g‖=nan | satA=nan | satW=nan | εμ=nan | εvar=nan | corr(ε,x)=nan | t=nans
   483 | base=0.872289 | val=0.461052 | acc1=0.8470 | Wμ=0.995 | Aμ=0.999 | Wmax=1.000 | Amax=1.000 |LR=2.4679e-13 | ‖g‖=nan | satA=nan | satW=nan | εμ=nan | εvar=nan | corr(ε,x)=nan | t=nans
   485 | base=0.892202 | val=0.460773 | acc1=0.8472 | Wμ=0.995 | Aμ=0.999 | Wmax=1.000 | Amax=1.000 |LR=2.1239e-13 | ‖g‖=nan | satA=nan | satW=nan | εμ=nan | εvar=nan | corr(ε,x)=nan | t=nans
   487 | base=0.831385 | val=0.444933 | acc1=0.8515 | Wμ=0.995 | Aμ=0.999 | Wmax=1.000 | Amax=1.000 |LR=1.8279e-13 | ‖g‖=nan | satA=nan | satW=nan | εμ=nan | εvar=nan | corr(ε,x)=nan | t=nans
   489 | base=0.832441 | val=0.449121 | acc1=0.8523 | Wμ=0.995 | Aμ=0.999 | Wmax=1.000 | Amax=1.000 |LR=1.5731e-13 | ‖g‖=nan | satA=nan | satW=nan | εμ=nan | εvar=nan | corr(ε,x)=nan | t=nans
   491 | base=0.894864 | val=0.457692 | acc1=0.8478 | Wμ=0.995 | Aμ=0.999 | Wmax=1.000 | Amax=1.000 |LR=1.3538e-13 | ‖g‖=nan | satA=nan | satW=nan | εμ=nan | εvar=nan | corr(ε,x)=nan | t=nans
   493 | base=0.864950 | val=0.452964 | acc1=0.8488 | Wμ=0.995 | Aμ=0.999 | Wmax=1.000 | Amax=1.000 |LR=1.1651e-13 | ‖g‖=nan | satA=nan | satW=nan | εμ=nan | εvar=nan | corr(ε,x)=nan | t=nans
   495 | base=0.864762 | val=0.452583 | acc1=0.8489 | Wμ=0.995 | Aμ=0.999 | Wmax=1.000 | Amax=1.000 |LR=1.0027e-13 | ‖g‖=nan | satA=nan | satW=nan | εμ=nan | εvar=nan | corr(ε,x)=nan | t=nans
   497 | base=0.889803 | val=0.446130 | acc1=0.8559 | Wμ=0.995 | Aμ=0.999 | Wmax=1.000 | Amax=1.000 |LR=8.6294e-14 | ‖g‖=nan | satA=nan | satW=nan | εμ=nan | εvar=nan | corr(ε,x)=nan | t=nans
   499 | base=0.835082 | val=0.452700 | acc1=0.8505 | Wμ=0.995 | Aμ=0.999 | Wmax=1.000 | Amax=1.000 |LR=7.4266e-14 | ‖g‖=nan | satA=nan | satW=nan | εμ=nan | εvar=nan | corr(ε,x)=nan | t=nans
   501 | base=0.879137 | val=0.449046 | acc1=0.8500 | Wμ=0.995 | Aμ=0.999 | Wmax=1.000 | Amax=1.000 |LR=6.3914e-14 | ‖g‖=nan | satA=nan | satW=nan | εμ=nan | εvar=nan | corr(ε,x)=nan | t=nans
   503 | base=0.780353 | val=0.449693 | acc1=0.8515 | Wμ=0.995 | Aμ=0.999 | Wmax=1.000 | Amax=1.000 |LR=5.5005e-14 | ‖g‖=nan | satA=nan | satW=nan | εμ=nan | εvar=nan | corr(ε,x)=nan | t=nans
   505 | base=0.808954 | val=0.451224 | acc1=0.8468 | Wμ=0.995 | Aμ=0.999 | Wmax=1.000 | Amax=1.000 |LR=4.7338e-14 | ‖g‖=nan | satA=nan | satW=nan | εμ=nan | εvar=nan | corr(ε,x)=nan | t=nans
   507 | base=0.853253 | val=0.454826 | acc1=0.8472 | Wμ=0.995 | Aμ=0.999 | Wmax=1.000 | Amax=1.000 |LR=4.074e-14 | ‖g‖=nan | satA=nan | satW=nan | εμ=nan | εvar=nan | corr(ε,x)=nan | t=nans
   509 | base=0.790193 | val=0.454168 | acc1=0.8487 | Wμ=0.995 | Aμ=0.999 | Wmax=1.000 | Amax=1.000 |LR=3.5061e-14 | ‖g‖=nan | satA=nan | satW=nan | εμ=nan | εvar=nan | corr(ε,x)=nan | t=nans
   511 | base=0.944958 | val=0.453921 | acc1=0.8478 | Wμ=0.995 | Aμ=0.999 | Wmax=1.000 | Amax=1.000 |LR=3.0174e-14 | ‖g‖=nan | satA=nan | satW=nan | εμ=nan | εvar=nan | corr(ε,x)=nan | t=nans
   513 | base=0.803479 | val=0.441671 | acc1=0.8516 | Wμ=0.995 | Aμ=0.999 | Wmax=1.000 | Amax=1.000 |LR=2.5968e-14 | ‖g‖=nan | satA=nan | satW=nan | εμ=nan | εvar=nan | corr(ε,x)=nan | t=nans
   515 | base=0.834264 | val=0.446890 | acc1=0.8531 | Wμ=0.995 | Aμ=0.999 | Wmax=1.000 | Amax=1.000 |LR=2.2348e-14 | ‖g‖=nan | satA=nan | satW=nan | εμ=nan | εvar=nan | corr(ε,x)=nan | t=nans
   517 | base=0.806610 | val=0.447379 | acc1=0.8520 | Wμ=0.995 | Aμ=0.999 | Wmax=1.000 | Amax=1.000 |LR=1.9233e-14 | ‖g‖=nan | satA=nan | satW=nan | εμ=nan | εvar=nan | corr(ε,x)=nan | t=nans
   519 | base=0.783137 | val=0.448991 | acc1=0.8497 | Wμ=0.995 | Aμ=0.999 | Wmax=1.000 | Amax=1.000 |LR=1.6552e-14 | ‖g‖=nan | satA=nan | satW=nan | εμ=nan | εvar=nan | corr(ε,x)=nan | t=nans
   521 | base=0.863449 | val=0.454308 | acc1=0.8468 | Wμ=0.995 | Aμ=0.999 | Wmax=1.000 | Amax=1.000 |LR=1.4245e-14 | ‖g‖=nan | satA=nan | satW=nan | εμ=nan | εvar=nan | corr(ε,x)=nan | t=nans
   523 | base=0.896282 | val=0.444574 | acc1=0.8533 | Wμ=0.995 | Aμ=0.999 | Wmax=1.000 | Amax=1.000 |LR=1.2259e-14 | ‖g‖=nan | satA=nan | satW=nan | εμ=nan | εvar=nan | corr(ε,x)=nan | t=nans
   525 | base=0.853398 | val=0.447838 | acc1=0.8519 | Wμ=0.995 | Aμ=0.999 | Wmax=1.000 | Amax=1.000 |LR=1.0551e-14 | ‖g‖=nan | satA=nan | satW=nan | εμ=nan | εvar=nan | corr(ε,x)=nan | t=nans
   527 | base=0.871188 | val=0.459273 | acc1=0.8461 | Wμ=0.995 | Aμ=0.999 | Wmax=1.000 | Amax=1.000 |LR=9.08e-15 | ‖g‖=nan | satA=nan | satW=nan | εμ=nan | εvar=nan | corr(ε,x)=nan | t=nans
   529 | base=0.847702 | val=0.448655 | acc1=0.8458 | Wμ=0.995 | Aμ=0.999 | Wmax=1.000 | Amax=1.000 |LR=7.8144e-15 | ‖g‖=nan | satA=nan | satW=nan | εμ=nan | εvar=nan | corr(ε,x)=nan | t=nans
   531 | base=0.765086 | val=0.454751 | acc1=0.8471 | Wμ=0.995 | Aμ=0.999 | Wmax=1.000 | Amax=1.000 |LR=6.7251e-15 | ‖g‖=nan | satA=nan | satW=nan | εμ=nan | εvar=nan | corr(ε,x)=nan | t=nans
   533 | base=0.875466 | val=0.456008 | acc1=0.8445 | Wμ=0.995 | Aμ=0.999 | Wmax=1.000 | Amax=1.000 |LR=5.7877e-15 | ‖g‖=nan | satA=nan | satW=nan | εμ=nan | εvar=nan | corr(ε,x)=nan | t=nans
   535 | base=0.892225 | val=0.448935 | acc1=0.8500 | Wμ=0.995 | Aμ=0.999 | Wmax=1.000 | Amax=1.000 |LR=4.981e-15 | ‖g‖=nan | satA=nan | satW=nan | εμ=nan | εvar=nan | corr(ε,x)=nan | t=nans
   537 | base=0.866988 | val=0.450392 | acc1=0.8496 | Wμ=0.995 | Aμ=0.999 | Wmax=1.000 | Amax=1.000 |LR=4.2867e-15 | ‖g‖=nan | satA=nan | satW=nan | εμ=nan | εvar=nan | corr(ε,x)=nan | t=nans
   539 | base=0.815559 | val=0.452682 | acc1=0.8499 | Wμ=0.995 | Aμ=0.999 | Wmax=1.000 | Amax=1.000 |LR=3.6892e-15 | ‖g‖=nan | satA=nan | satW=nan | εμ=nan | εvar=nan | corr(ε,x)=nan | t=nans
   541 | base=0.852293 | val=0.450267 | acc1=0.8510 | Wμ=0.995 | Aμ=0.999 | Wmax=1.000 | Amax=1.000 |LR=3.1749e-15 | ‖g‖=nan | satA=nan | satW=nan | εμ=nan | εvar=nan | corr(ε,x)=nan | t=nans
   543 | base=0.797682 | val=0.450341 | acc1=0.8472 | Wμ=0.995 | Aμ=0.999 | Wmax=1.000 | Amax=1.000 |LR=2.7324e-15 | ‖g‖=nan | satA=nan | satW=nan | εμ=nan | εvar=nan | corr(ε,x)=nan | t=nans
   545 | base=0.791979 | val=0.457024 | acc1=0.8501 | Wμ=0.995 | Aμ=0.999 | Wmax=1.000 | Amax=1.000 |LR=2.3515e-15 | ‖g‖=nan | satA=nan | satW=nan | εμ=nan | εvar=nan | corr(ε,x)=nan | t=nans
   547 | base=0.860771 | val=0.450623 | acc1=0.8505 | Wμ=0.995 | Aμ=0.999 | Wmax=1.000 | Amax=1.000 |LR=2.0237e-15 | ‖g‖=nan | satA=nan | satW=nan | εμ=nan | εvar=nan | corr(ε,x)=nan | t=nans
   549 | base=0.850099 | val=0.456526 | acc1=0.8480 | Wμ=0.995 | Aμ=0.999 | Wmax=1.000 | Amax=1.000 |LR=1.7417e-15 | ‖g‖=nan | satA=nan | satW=nan | εμ=nan | εvar=nan | corr(ε,x)=nan | t=nans
   551 | base=0.787912 | val=0.449916 | acc1=0.8542 | Wμ=0.995 | Aμ=0.999 | Wmax=1.000 | Amax=1.000 |LR=1.4989e-15 | ‖g‖=nan | satA=nan | satW=nan | εμ=nan | εvar=nan | corr(ε,x)=nan | t=nans
   553 | base=0.809099 | val=0.454274 | acc1=0.8494 | Wμ=0.995 | Aμ=0.999 | Wmax=1.000 | Amax=1.000 |LR=1.29e-15 | ‖g‖=nan | satA=nan | satW=nan | εμ=nan | εvar=nan | corr(ε,x)=nan | t=nans
   555 | base=0.841841 | val=0.457473 | acc1=0.8488 | Wμ=0.995 | Aμ=0.999 | Wmax=1.000 | Amax=1.000 |LR=1.1102e-15 | ‖g‖=nan | satA=nan | satW=nan | εμ=nan | εvar=nan | corr(ε,x)=nan | t=nans
   557 | base=0.845489 | val=0.459484 | acc1=0.8491 | Wμ=0.995 | Aμ=0.999 | Wmax=1.000 | Amax=1.000 |LR=9.5541e-16 | ‖g‖=nan | satA=nan | satW=nan | εμ=nan | εvar=nan | corr(ε,x)=nan | t=nans
   559 | base=0.820836 | val=0.456895 | acc1=0.8484 | Wμ=0.995 | Aμ=0.999 | Wmax=1.000 | Amax=1.000 |LR=8.2224e-16 | ‖g‖=nan | satA=nan | satW=nan | εμ=nan | εvar=nan | corr(ε,x)=nan | t=nans
   561 | base=0.807217 | val=0.445156 | acc1=0.8511 | Wμ=0.995 | Aμ=0.999 | Wmax=1.000 | Amax=1.000 |LR=7.0763e-16 | ‖g‖=nan | satA=nan | satW=nan | εμ=nan | εvar=nan | corr(ε,x)=nan | t=nans
   563 | base=0.843581 | val=0.451047 | acc1=0.8506 | Wμ=0.995 | Aμ=0.999 | Wmax=1.000 | Amax=1.000 |LR=6.0899e-16 | ‖g‖=nan | satA=nan | satW=nan | εμ=nan | εvar=nan | corr(ε,x)=nan | t=nans
   565 | base=0.860533 | val=0.455160 | acc1=0.8499 | Wμ=0.995 | Aμ=0.999 | Wmax=1.000 | Amax=1.000 |LR=5.241e-16 | ‖g‖=nan | satA=nan | satW=nan | εμ=nan | εvar=nan | corr(ε,x)=nan | t=nans
   567 | base=0.847821 | val=0.448395 | acc1=0.8469 | Wμ=0.995 | Aμ=0.999 | Wmax=1.000 | Amax=1.000 |LR=4.5105e-16 | ‖g‖=nan | satA=nan | satW=nan | εμ=nan | εvar=nan | corr(ε,x)=nan | t=nans
   569 | base=0.839664 | val=0.454433 | acc1=0.8519 | Wμ=0.995 | Aμ=0.999 | Wmax=1.000 | Amax=1.000 |LR=3.8818e-16 | ‖g‖=nan | satA=nan | satW=nan | εμ=nan | εvar=nan | corr(ε,x)=nan | t=nans
   571 | base=0.842119 | val=0.451764 | acc1=0.8499 | Wμ=0.995 | Aμ=0.999 | Wmax=1.000 | Amax=1.000 |LR=3.3407e-16 | ‖g‖=nan | satA=nan | satW=nan | εμ=nan | εvar=nan | corr(ε,x)=nan | t=nans
   573 | base=0.786820 | val=0.447151 | acc1=0.8501 | Wμ=0.995 | Aμ=0.999 | Wmax=1.000 | Amax=1.000 |LR=2.875e-16 | ‖g‖=nan | satA=nan | satW=nan | εμ=nan | εvar=nan | corr(ε,x)=nan | t=nans
   575 | base=0.905813 | val=0.459483 | acc1=0.8482 | Wμ=0.995 | Aμ=0.999 | Wmax=1.000 | Amax=1.000 |LR=2.4743e-16 | ‖g‖=nan | satA=nan | satW=nan | εμ=nan | εvar=nan | corr(ε,x)=nan | t=nans
   577 | base=0.867283 | val=0.447672 | acc1=0.8511 | Wμ=0.995 | Aμ=0.999 | Wmax=1.000 | Amax=1.000 |LR=2.1294e-16 | ‖g‖=nan | satA=nan | satW=nan | εμ=nan | εvar=nan | corr(ε,x)=nan | t=nans
   579 | base=0.827525 | val=0.453654 | acc1=0.8485 | Wμ=0.995 | Aμ=0.999 | Wmax=1.000 | Amax=1.000 |LR=1.8326e-16 | ‖g‖=nan | satA=nan | satW=nan | εμ=nan | εvar=nan | corr(ε,x)=nan | t=nans
   581 | base=0.928052 | val=0.454550 | acc1=0.8477 | Wμ=0.995 | Aμ=0.999 | Wmax=1.000 | Amax=1.000 |LR=1.5771e-16 | ‖g‖=nan | satA=nan | satW=nan | εμ=nan | εvar=nan | corr(ε,x)=nan | t=nans
   583 | base=0.825748 | val=0.458759 | acc1=0.8465 | Wμ=0.995 | Aμ=0.999 | Wmax=1.000 | Amax=1.000 |LR=1.3573e-16 | ‖g‖=nan | satA=nan | satW=nan | εμ=nan | εvar=nan | corr(ε,x)=nan | t=nans
   585 | base=0.834997 | val=0.455164 | acc1=0.8463 | Wμ=0.995 | Aμ=0.999 | Wmax=1.000 | Amax=1.000 |LR=1.1681e-16 | ‖g‖=nan | satA=nan | satW=nan | εμ=nan | εvar=nan | corr(ε,x)=nan | t=nans
   587 | base=0.835241 | val=0.454924 | acc1=0.8526 | Wμ=0.995 | Aμ=0.999 | Wmax=1.000 | Amax=1.000 |LR=1.0053e-16 | ‖g‖=nan | satA=nan | satW=nan | εμ=nan | εvar=nan | corr(ε,x)=nan | t=nans
   589 | base=0.789376 | val=0.448735 | acc1=0.8491 | Wμ=0.995 | Aμ=0.999 | Wmax=1.000 | Amax=1.000 |LR=8.6517e-17 | ‖g‖=nan | satA=nan | satW=nan | εμ=nan | εvar=nan | corr(ε,x)=nan | t=nans
   591 | base=0.770273 | val=0.456024 | acc1=0.8499 | Wμ=0.995 | Aμ=0.999 | Wmax=1.000 | Amax=1.000 |LR=7.4457e-17 | ‖g‖=nan | satA=nan | satW=nan | εμ=nan | εvar=nan | corr(ε,x)=nan | t=nans
   593 | base=0.850599 | val=0.451849 | acc1=0.8510 | Wμ=0.995 | Aμ=0.999 | Wmax=1.000 | Amax=1.000 |LR=6.4079e-17 | ‖g‖=nan | satA=nan | satW=nan | εμ=nan | εvar=nan | corr(ε,x)=nan | t=nans
   595 | base=0.812691 | val=0.452805 | acc1=0.8496 | Wμ=0.995 | Aμ=0.999 | Wmax=1.000 | Amax=1.000 |LR=5.5147e-17 | ‖g‖=nan | satA=nan | satW=nan | εμ=nan | εvar=nan | corr(ε,x)=nan | t=nans
   597 | base=0.777651 | val=0.454708 | acc1=0.8457 | Wμ=0.995 | Aμ=0.999 | Wmax=1.000 | Amax=1.000 |LR=4.746e-17 | ‖g‖=nan | satA=nan | satW=nan | εμ=nan | εvar=nan | corr(ε,x)=nan | t=nans
