     0 | base=nan | val=0.236715 | acc1=nan | Wμ=nan | Aμ=nan | Wmax=nan | Amax=nan |LR=nan | ‖g‖=nan | satA=nan | satW=nan | εμ=nan | εvar=nan | corr(ε,x)=nan | t=nans
     0 | base=nan | val=0.236732 | acc1=0.9282 | Wμ=11.186 | Aμ=20.000 | Wmax=12.916 | Amax=13.744 |LR=nan | ‖g‖=nan | satA=nan | satW=nan | εμ=nan | εvar=nan | corr(ε,x)=nan | t=nans
     0 | base=nan | val=0.236786 | acc1=0.9281 | Wμ=9.786 | Aμ=20.000 | Wmax=10.000 | Amax=13.743 |LR=nan | ‖g‖=nan | satA=nan | satW=nan | εμ=nan | εvar=nan | corr(ε,x)=nan | t=nans
     0 | base=nan | val=0.236878 | acc1=0.9281 | Wμ=9.786 | Aμ=10.000 | Wmax=10.000 | Amax=9.994 |LR=nan | ‖g‖=nan | satA=nan | satW=nan | εμ=nan | εvar=nan | corr(ε,x)=nan | t=nans
# epoch | BaseLoss | ValLoss | Acc@1 | MeanWBits | MeanABits | MaxWBits | MaxABits | LR | GradNorm | WSat | ASat | NoiseMean | NoiseVar | NoiseCorr | Temp | EpochTime(s)
     0 | base=nan | val=0.213726 | acc1=0.9335 | Wμ=9.786 | Aμ=10.000 | Wmax=10.000 | Amax=10.000 |LR=nan | ‖g‖=nan | satA=nan | satW=nan | εμ=nan | εvar=nan | corr(ε,x)=nan | t=nans
     1 | base=0.003603 | val=0.236751 | acc1=0.9278 | Wμ=9.786 | Aμ=10.001 | Wmax=10.003 | Amax=9.995 |LR=0.000198 | ‖g‖=nan | satA=nan | satW=nan | εμ=nan | εvar=nan | corr(ε,x)=nan | t=nans
     3 | base=0.002840 | val=0.238735 | acc1=0.9273 | Wμ=9.786 | Aμ=10.003 | Wmax=10.007 | Amax=9.996 |LR=0.000398 | ‖g‖=nan | satA=nan | satW=nan | εμ=nan | εvar=nan | corr(ε,x)=nan | t=nans
     5 | base=0.005392 | val=0.239865 | acc1=0.9273 | Wμ=9.787 | Aμ=10.009 | Wmax=10.020 | Amax=10.002 |LR=0.000598 | ‖g‖=nan | satA=nan | satW=nan | εμ=nan | εvar=nan | corr(ε,x)=nan | t=nans
     7 | base=0.005124 | val=0.238976 | acc1=0.9263 | Wμ=9.788 | Aμ=10.019 | Wmax=10.024 | Amax=10.006 |LR=0.000798 | ‖g‖=nan | satA=nan | satW=nan | εμ=nan | εvar=nan | corr(ε,x)=nan | t=nans
     9 | base=0.006289 | val=0.240697 | acc1=0.9246 | Wμ=9.789 | Aμ=10.030 | Wmax=10.051 | Amax=10.017 |LR=0.000998 | ‖g‖=nan | satA=nan | satW=nan | εμ=nan | εvar=nan | corr(ε,x)=nan | t=nans
    11 | base=0.012651 | val=0.246807 | acc1=0.9224 | Wμ=9.794 | Aμ=10.040 | Wmax=10.070 | Amax=10.031 |LR=0.001198 | ‖g‖=nan | satA=nan | satW=nan | εμ=nan | εvar=nan | corr(ε,x)=nan | t=nans
    13 | base=0.025430 | val=0.279407 | acc1=0.9134 | Wμ=9.801 | Aμ=10.058 | Wmax=10.106 | Amax=10.064 |LR=0.001398 | ‖g‖=nan | satA=nan | satW=nan | εμ=nan | εvar=nan | corr(ε,x)=nan | t=nans
    15 | base=0.027526 | val=0.252142 | acc1=0.9224 | Wμ=9.815 | Aμ=10.066 | Wmax=10.145 | Amax=10.069 |LR=0.001598 | ‖g‖=nan | satA=nan | satW=nan | εμ=nan | εvar=nan | corr(ε,x)=nan | t=nans
    17 | base=0.051129 | val=0.267635 | acc1=0.9163 | Wμ=9.829 | Aμ=10.078 | Wmax=10.206 | Amax=10.075 |LR=0.001798 | ‖g‖=nan | satA=nan | satW=nan | εμ=nan | εvar=nan | corr(ε,x)=nan | t=nans
    19 | base=0.042181 | val=0.254275 | acc1=0.9216 | Wμ=9.842 | Aμ=10.089 | Wmax=10.295 | Amax=10.114 |LR=0.001998 | ‖g‖=nan | satA=nan | satW=nan | εμ=nan | εvar=nan | corr(ε,x)=nan | t=nans
    21 | base=0.033224 | val=0.281056 | acc1=0.9127 | Wμ=9.562 | Aμ=9.842 | Wmax=9.973 | Amax=10.043 |LR=0.002 | ‖g‖=nan | satA=nan | satW=nan | εμ=nan | εvar=nan | corr(ε,x)=nan | t=nans
    23 | base=0.045140 | val=0.260820 | acc1=0.9197 | Wμ=9.068 | Aμ=9.535 | Wmax=9.662 | Amax=9.951 |LR=0.002 | ‖g‖=nan | satA=nan | satW=nan | εμ=nan | εvar=nan | corr(ε,x)=nan | t=nans
    25 | base=0.038637 | val=0.263042 | acc1=0.9160 | Wμ=8.593 | Aμ=9.208 | Wmax=9.295 | Amax=9.885 |LR=0.002 | ‖g‖=nan | satA=nan | satW=nan | εμ=nan | εvar=nan | corr(ε,x)=nan | t=nans
    27 | base=0.034650 | val=0.250298 | acc1=0.9213 | Wμ=8.143 | Aμ=8.862 | Wmax=8.925 | Amax=9.788 |LR=0.002 | ‖g‖=nan | satA=nan | satW=nan | εμ=nan | εvar=nan | corr(ε,x)=nan | t=nans
    29 | base=0.038618 | val=0.262247 | acc1=0.9175 | Wμ=7.709 | Aμ=8.512 | Wmax=8.551 | Amax=9.629 |LR=0.002 | ‖g‖=nan | satA=nan | satW=nan | εμ=nan | εvar=nan | corr(ε,x)=nan | t=nans
    31 | base=0.041767 | val=0.256167 | acc1=0.9219 | Wμ=7.296 | Aμ=8.168 | Wmax=8.224 | Amax=9.450 |LR=0.002 | ‖g‖=nan | satA=nan | satW=nan | εμ=nan | εvar=nan | corr(ε,x)=nan | t=nans
    33 | base=0.052155 | val=0.271052 | acc1=0.9156 | Wμ=6.907 | Aμ=7.827 | Wmax=7.883 | Amax=9.250 |LR=0.002 | ‖g‖=nan | satA=nan | satW=nan | εμ=nan | εvar=nan | corr(ε,x)=nan | t=nans
    35 | base=0.053071 | val=0.261842 | acc1=0.9174 | Wμ=6.522 | Aμ=7.503 | Wmax=7.562 | Amax=8.981 |LR=0.002 | ‖g‖=nan | satA=nan | satW=nan | εμ=nan | εvar=nan | corr(ε,x)=nan | t=nans
    37 | base=0.046740 | val=0.261236 | acc1=0.9156 | Wμ=6.128 | Aμ=7.192 | Wmax=7.238 | Amax=8.665 |LR=0.002 | ‖g‖=nan | satA=nan | satW=nan | εμ=nan | εvar=nan | corr(ε,x)=nan | t=nans
    39 | base=0.050831 | val=0.279687 | acc1=0.9116 | Wμ=5.757 | Aμ=6.885 | Wmax=6.931 | Amax=8.366 |LR=0.002 | ‖g‖=nan | satA=nan | satW=nan | εμ=nan | εvar=nan | corr(ε,x)=nan | t=nans
    41 | base=0.063239 | val=0.267644 | acc1=0.9142 | Wμ=5.391 | Aμ=6.609 | Wmax=6.615 | Amax=8.061 |LR=0.002 | ‖g‖=nan | satA=nan | satW=nan | εμ=nan | εvar=nan | corr(ε,x)=nan | t=nans
    43 | base=0.055719 | val=0.268195 | acc1=0.9166 | Wμ=5.039 | Aμ=6.369 | Wmax=6.340 | Amax=7.827 |LR=0.002 | ‖g‖=nan | satA=nan | satW=nan | εμ=nan | εvar=nan | corr(ε,x)=nan | t=nans
    45 | base=0.073669 | val=0.302895 | acc1=0.9070 | Wμ=4.689 | Aμ=6.145 | Wmax=6.022 | Amax=7.644 |LR=0.002 | ‖g‖=nan | satA=nan | satW=nan | εμ=nan | εvar=nan | corr(ε,x)=nan | t=nans
    47 | base=0.098178 | val=0.279270 | acc1=0.9136 | Wμ=4.352 | Aμ=5.934 | Wmax=5.781 | Amax=7.401 |LR=0.002 | ‖g‖=nan | satA=nan | satW=nan | εμ=nan | εvar=nan | corr(ε,x)=nan | t=nans
    49 | base=0.091220 | val=0.297602 | acc1=0.9070 | Wμ=4.041 | Aμ=5.765 | Wmax=5.524 | Amax=7.180 |LR=0.002 | ‖g‖=nan | satA=nan | satW=nan | εμ=nan | εvar=nan | corr(ε,x)=nan | t=nans
    51 | base=0.092004 | val=0.290007 | acc1=0.9084 | Wμ=3.719 | Aμ=5.599 | Wmax=5.285 | Amax=7.022 |LR=0.002 | ‖g‖=nan | satA=nan | satW=nan | εμ=nan | εvar=nan | corr(ε,x)=nan | t=nans
    53 | base=0.111586 | val=0.313242 | acc1=0.9037 | Wμ=3.413 | Aμ=5.458 | Wmax=5.000 | Amax=6.907 |LR=0.002 | ‖g‖=nan | satA=nan | satW=nan | εμ=nan | εvar=nan | corr(ε,x)=nan | t=nans
    55 | base=0.097264 | val=0.308795 | acc1=0.9035 | Wμ=3.123 | Aμ=5.317 | Wmax=4.755 | Amax=6.781 |LR=0.002 | ‖g‖=nan | satA=nan | satW=nan | εμ=nan | εvar=nan | corr(ε,x)=nan | t=nans
    57 | base=0.126647 | val=0.318678 | acc1=0.9005 | Wμ=2.856 | Aμ=5.188 | Wmax=4.524 | Amax=6.658 |LR=0.002 | ‖g‖=nan | satA=nan | satW=nan | εμ=nan | εvar=nan | corr(ε,x)=nan | t=nans
    59 | base=0.137659 | val=0.334234 | acc1=0.8958 | Wμ=2.613 | Aμ=5.072 | Wmax=4.248 | Amax=6.508 |LR=0.002 | ‖g‖=nan | satA=nan | satW=nan | εμ=nan | εvar=nan | corr(ε,x)=nan | t=nans
    61 | base=0.172418 | val=0.357789 | acc1=0.8908 | Wμ=2.395 | Aμ=4.969 | Wmax=4.000 | Amax=6.304 |LR=0.002 | ‖g‖=nan | satA=nan | satW=nan | εμ=nan | εvar=nan | corr(ε,x)=nan | t=nans
    63 | base=0.176406 | val=0.352151 | acc1=0.8934 | Wμ=2.206 | Aμ=4.878 | Wmax=3.907 | Amax=6.170 |LR=0.002 | ‖g‖=nan | satA=nan | satW=nan | εμ=nan | εvar=nan | corr(ε,x)=nan | t=nans
    65 | base=0.201117 | val=0.338809 | acc1=0.8907 | Wμ=2.039 | Aμ=4.775 | Wmax=3.700 | Amax=6.109 |LR=0.002 | ‖g‖=nan | satA=nan | satW=nan | εμ=nan | εvar=nan | corr(ε,x)=nan | t=nans
    67 | base=0.201464 | val=0.379032 | acc1=0.8829 | Wμ=1.902 | Aμ=4.694 | Wmax=3.585 | Amax=5.954 |LR=0.002 | ‖g‖=nan | satA=nan | satW=nan | εμ=nan | εvar=nan | corr(ε,x)=nan | t=nans
    69 | base=0.252582 | val=0.427884 | acc1=0.8686 | Wμ=1.791 | Aμ=4.605 | Wmax=3.459 | Amax=5.907 |LR=0.002 | ‖g‖=nan | satA=nan | satW=nan | εμ=nan | εvar=nan | corr(ε,x)=nan | t=nans
    71 | base=0.289489 | val=0.415952 | acc1=0.8708 | Wμ=1.689 | Aμ=4.519 | Wmax=3.322 | Amax=5.781 |LR=0.002 | ‖g‖=nan | satA=nan | satW=nan | εμ=nan | εvar=nan | corr(ε,x)=nan | t=nans
    73 | base=0.345294 | val=0.575945 | acc1=0.8212 | Wμ=1.603 | Aμ=4.437 | Wmax=3.322 | Amax=5.644 |LR=0.002 | ‖g‖=nan | satA=nan | satW=nan | εμ=nan | εvar=nan | corr(ε,x)=nan | t=nans
    75 | base=0.362692 | val=0.657042 | acc1=0.8041 | Wμ=1.539 | Aμ=4.347 | Wmax=3.170 | Amax=5.555 |LR=0.002 | ‖g‖=nan | satA=nan | satW=nan | εμ=nan | εvar=nan | corr(ε,x)=nan | t=nans
    77 | base=0.406661 | val=0.555533 | acc1=0.8248 | Wμ=1.484 | Aμ=4.251 | Wmax=3.170 | Amax=5.426 |LR=0.002 | ‖g‖=nan | satA=nan | satW=nan | εμ=nan | εvar=nan | corr(ε,x)=nan | t=nans
    79 | base=0.431634 | val=0.641183 | acc1=0.8044 | Wμ=1.437 | Aμ=4.138 | Wmax=3.000 | Amax=5.285 |LR=0.002 | ‖g‖=nan | satA=nan | satW=nan | εμ=nan | εvar=nan | corr(ε,x)=nan | t=nans
    81 | base=0.496362 | val=0.566462 | acc1=0.8284 | Wμ=1.389 | Aμ=4.010 | Wmax=2.807 | Amax=5.129 |LR=0.002 | ‖g‖=nan | satA=nan | satW=nan | εμ=nan | εvar=nan | corr(ε,x)=nan | t=nans
    83 | base=0.464712 | val=0.643586 | acc1=0.8058 | Wμ=1.341 | Aμ=3.903 | Wmax=2.807 | Amax=5.000 |LR=0.002 | ‖g‖=nan | satA=nan | satW=nan | εμ=nan | εvar=nan | corr(ε,x)=nan | t=nans
    85 | base=0.445126 | val=0.680582 | acc1=0.7882 | Wμ=1.303 | Aμ=3.790 | Wmax=2.585 | Amax=4.755 |LR=0.002 | ‖g‖=nan | satA=nan | satW=nan | εμ=nan | εvar=nan | corr(ε,x)=nan | t=nans
    87 | base=0.478327 | val=0.654222 | acc1=0.7818 | Wμ=1.265 | Aμ=3.668 | Wmax=2.585 | Amax=4.585 |LR=0.002 | ‖g‖=nan | satA=nan | satW=nan | εμ=nan | εvar=nan | corr(ε,x)=nan | t=nans
    89 | base=0.506248 | val=2.414082 | acc1=0.4946 | Wμ=1.232 | Aμ=3.548 | Wmax=2.322 | Amax=4.459 |LR=0.002 | ‖g‖=nan | satA=nan | satW=nan | εμ=nan | εvar=nan | corr(ε,x)=nan | t=nans
    91 | base=0.569975 | val=0.888038 | acc1=0.7391 | Wμ=1.201 | Aμ=3.406 | Wmax=2.322 | Amax=4.248 |LR=0.002 | ‖g‖=nan | satA=nan | satW=nan | εμ=nan | εvar=nan | corr(ε,x)=nan | t=nans
    93 | base=0.566000 | val=0.706034 | acc1=0.7790 | Wμ=1.170 | Aμ=3.250 | Wmax=2.322 | Amax=4.087 |LR=0.002 | ‖g‖=nan | satA=nan | satW=nan | εμ=nan | εvar=nan | corr(ε,x)=nan | t=nans
    95 | base=0.513369 | val=0.948087 | acc1=0.7252 | Wμ=1.145 | Aμ=3.089 | Wmax=2.322 | Amax=3.807 |LR=0.002 | ‖g‖=nan | satA=nan | satW=nan | εμ=nan | εvar=nan | corr(ε,x)=nan | t=nans
    97 | base=0.532237 | val=0.699489 | acc1=0.7869 | Wμ=1.121 | Aμ=2.984 | Wmax=2.322 | Amax=3.585 |LR=0.002 | ‖g‖=nan | satA=nan | satW=nan | εμ=nan | εvar=nan | corr(ε,x)=nan | t=nans
    99 | base=0.479187 | val=0.850762 | acc1=0.7271 | Wμ=1.098 | Aμ=2.882 | Wmax=2.000 | Amax=3.459 |LR=0.002 | ‖g‖=nan | satA=nan | satW=nan | εμ=nan | εvar=nan | corr(ε,x)=nan | t=nans
   101 | base=0.538966 | val=0.599845 | acc1=0.8164 | Wμ=1.079 | Aμ=2.729 | Wmax=2.000 | Amax=3.170 |LR=0.002 | ‖g‖=nan | satA=nan | satW=nan | εμ=nan | εvar=nan | corr(ε,x)=nan | t=nans
   103 | base=0.503184 | val=0.598567 | acc1=0.8080 | Wμ=1.063 | Aμ=2.638 | Wmax=2.000 | Amax=3.000 |LR=0.002 | ‖g‖=nan | satA=nan | satW=nan | εμ=nan | εvar=nan | corr(ε,x)=nan | t=nans
   105 | base=0.596261 | val=1.008702 | acc1=0.7255 | Wμ=1.050 | Aμ=2.518 | Wmax=2.000 | Amax=3.000 |LR=0.002 | ‖g‖=nan | satA=nan | satW=nan | εμ=nan | εvar=nan | corr(ε,x)=nan | t=nans
   107 | base=0.654483 | val=1.405398 | acc1=0.6265 | Wμ=1.040 | Aμ=2.438 | Wmax=2.000 | Amax=2.807 |LR=0.002 | ‖g‖=nan | satA=nan | satW=nan | εμ=nan | εvar=nan | corr(ε,x)=nan | t=nans
   109 | base=0.588943 | val=0.573921 | acc1=0.8141 | Wμ=1.033 | Aμ=2.277 | Wmax=2.000 | Amax=2.585 |LR=0.002 | ‖g‖=nan | satA=nan | satW=nan | εμ=nan | εvar=nan | corr(ε,x)=nan | t=nans
   111 | base=0.641875 | val=0.736594 | acc1=0.7661 | Wμ=1.028 | Aμ=2.229 | Wmax=2.000 | Amax=2.585 |LR=0.002 | ‖g‖=nan | satA=nan | satW=nan | εμ=nan | εvar=nan | corr(ε,x)=nan | t=nans
   113 | base=0.642607 | val=0.853754 | acc1=0.7493 | Wμ=1.024 | Aμ=2.141 | Wmax=2.000 | Amax=2.585 |LR=0.002 | ‖g‖=nan | satA=nan | satW=nan | εμ=nan | εvar=nan | corr(ε,x)=nan | t=nans
   115 | base=0.662009 | val=0.653912 | acc1=0.8007 | Wμ=1.021 | Aμ=2.025 | Wmax=1.585 | Amax=2.322 |LR=0.002 | ‖g‖=nan | satA=nan | satW=nan | εμ=nan | εvar=nan | corr(ε,x)=nan | t=nans
   117 | base=0.740760 | val=0.943385 | acc1=0.7266 | Wμ=1.017 | Aμ=1.929 | Wmax=1.585 | Amax=2.322 |LR=0.002 | ‖g‖=nan | satA=nan | satW=nan | εμ=nan | εvar=nan | corr(ε,x)=nan | t=nans
   119 | base=0.794424 | val=0.977106 | acc1=0.7168 | Wμ=1.014 | Aμ=1.859 | Wmax=1.585 | Amax=2.322 |LR=0.002 | ‖g‖=nan | satA=nan | satW=nan | εμ=nan | εvar=nan | corr(ε,x)=nan | t=nans
   121 | base=0.764237 | val=0.719094 | acc1=0.7676 | Wμ=1.011 | Aμ=1.809 | Wmax=1.585 | Amax=2.322 |LR=0.002 | ‖g‖=nan | satA=nan | satW=nan | εμ=nan | εvar=nan | corr(ε,x)=nan | t=nans
   123 | base=0.705099 | val=0.627513 | acc1=0.7978 | Wμ=1.009 | Aμ=1.785 | Wmax=1.585 | Amax=2.322 |LR=0.002 | ‖g‖=nan | satA=nan | satW=nan | εμ=nan | εvar=nan | corr(ε,x)=nan | t=nans
   125 | base=0.809126 | val=1.654120 | acc1=0.5557 | Wμ=1.007 | Aμ=1.746 | Wmax=1.585 | Amax=2.000 |LR=0.002 | ‖g‖=nan | satA=nan | satW=nan | εμ=nan | εvar=nan | corr(ε,x)=nan | t=nans
   127 | base=0.862153 | val=1.280625 | acc1=0.6306 | Wμ=1.005 | Aμ=1.640 | Wmax=1.585 | Amax=2.000 |LR=0.002 | ‖g‖=nan | satA=nan | satW=nan | εμ=nan | εvar=nan | corr(ε,x)=nan | t=nans
   129 | base=0.851415 | val=1.368308 | acc1=0.5945 | Wμ=1.004 | Aμ=1.560 | Wmax=1.585 | Amax=2.000 |LR=0.002 | ‖g‖=nan | satA=nan | satW=nan | εμ=nan | εvar=nan | corr(ε,x)=nan | t=nans
   131 | base=0.868362 | val=2.425821 | acc1=0.4720 | Wμ=1.002 | Aμ=1.525 | Wmax=1.585 | Amax=2.000 |LR=0.002 | ‖g‖=nan | satA=nan | satW=nan | εμ=nan | εvar=nan | corr(ε,x)=nan | t=nans
   133 | base=0.878997 | val=1.010047 | acc1=0.7036 | Wμ=1.001 | Aμ=1.486 | Wmax=1.585 | Amax=2.000 |LR=0.002 | ‖g‖=nan | satA=nan | satW=nan | εμ=nan | εvar=nan | corr(ε,x)=nan | t=nans
   135 | base=0.889654 | val=0.749183 | acc1=0.7618 | Wμ=1.000 | Aμ=1.457 | Wmax=1.585 | Amax=2.000 |LR=0.002 | ‖g‖=nan | satA=nan | satW=nan | εμ=nan | εvar=nan | corr(ε,x)=nan | t=nans
   137 | base=0.891288 | val=1.013437 | acc1=0.6878 | Wμ=1.000 | Aμ=1.451 | Wmax=1.585 | Amax=2.000 |LR=0.002 | ‖g‖=nan | satA=nan | satW=nan | εμ=nan | εvar=nan | corr(ε,x)=nan | t=nans
   139 | base=0.971288 | val=0.969461 | acc1=0.7182 | Wμ=0.999 | Aμ=1.446 | Wmax=1.585 | Amax=2.000 |LR=0.002 | ‖g‖=nan | satA=nan | satW=nan | εμ=nan | εvar=nan | corr(ε,x)=nan | t=nans
   141 | base=0.863766 | val=0.839253 | acc1=0.7320 | Wμ=0.998 | Aμ=1.427 | Wmax=1.585 | Amax=2.000 |LR=0.002 | ‖g‖=nan | satA=nan | satW=nan | εμ=nan | εvar=nan | corr(ε,x)=nan | t=nans
   143 | base=0.942384 | val=0.625679 | acc1=0.7937 | Wμ=0.997 | Aμ=1.373 | Wmax=1.585 | Amax=2.000 |LR=0.002 | ‖g‖=nan | satA=nan | satW=nan | εμ=nan | εvar=nan | corr(ε,x)=nan | t=nans
   145 | base=0.969222 | val=0.694471 | acc1=0.7703 | Wμ=0.996 | Aμ=1.323 | Wmax=1.585 | Amax=1.585 |LR=0.002 | ‖g‖=nan | satA=nan | satW=nan | εμ=nan | εvar=nan | corr(ε,x)=nan | t=nans
   147 | base=1.087862 | val=0.858897 | acc1=0.7229 | Wμ=0.995 | Aμ=1.300 | Wmax=1.585 | Amax=1.585 |LR=0.002 | ‖g‖=nan | satA=nan | satW=nan | εμ=nan | εvar=nan | corr(ε,x)=nan | t=nans
   149 | base=1.044584 | val=1.611668 | acc1=0.5312 | Wμ=0.994 | Aμ=1.269 | Wmax=1.585 | Amax=1.585 |LR=0.002 | ‖g‖=nan | satA=nan | satW=nan | εμ=nan | εvar=nan | corr(ε,x)=nan | t=nans
   151 | base=0.976318 | val=1.110640 | acc1=0.6364 | Wμ=0.994 | Aμ=1.230 | Wmax=1.585 | Amax=1.585 |LR=0.002 | ‖g‖=nan | satA=nan | satW=nan | εμ=nan | εvar=nan | corr(ε,x)=nan | t=nans
   153 | base=1.024928 | val=0.728037 | acc1=0.7590 | Wμ=0.993 | Aμ=1.199 | Wmax=1.000 | Amax=1.585 |LR=0.002 | ‖g‖=nan | satA=nan | satW=nan | εμ=nan | εvar=nan | corr(ε,x)=nan | t=nans
   155 | base=0.954482 | val=1.116227 | acc1=0.7219 | Wμ=0.993 | Aμ=1.166 | Wmax=1.000 | Amax=1.585 |LR=0.002 | ‖g‖=nan | satA=nan | satW=nan | εμ=nan | εvar=nan | corr(ε,x)=nan | t=nans
   157 | base=0.977845 | val=0.907616 | acc1=0.6944 | Wμ=0.992 | Aμ=1.158 | Wmax=1.000 | Amax=1.585 |LR=0.002 | ‖g‖=nan | satA=nan | satW=nan | εμ=nan | εvar=nan | corr(ε,x)=nan | t=nans
   159 | base=1.057164 | val=0.917602 | acc1=0.7060 | Wμ=0.992 | Aμ=1.152 | Wmax=1.000 | Amax=1.585 |LR=0.002 | ‖g‖=nan | satA=nan | satW=nan | εμ=nan | εvar=nan | corr(ε,x)=nan | t=nans
   161 | base=1.153335 | val=1.068420 | acc1=0.6927 | Wμ=0.992 | Aμ=1.145 | Wmax=1.000 | Amax=1.585 |LR=0.002 | ‖g‖=nan | satA=nan | satW=nan | εμ=nan | εvar=nan | corr(ε,x)=nan | t=nans
   163 | base=1.064428 | val=0.963908 | acc1=0.7118 | Wμ=0.992 | Aμ=1.133 | Wmax=1.000 | Amax=1.585 |LR=0.002 | ‖g‖=nan | satA=nan | satW=nan | εμ=nan | εvar=nan | corr(ε,x)=nan | t=nans
   165 | base=1.017957 | val=0.906742 | acc1=0.7145 | Wμ=0.992 | Aμ=1.125 | Wmax=1.000 | Amax=1.585 |LR=0.002 | ‖g‖=nan | satA=nan | satW=nan | εμ=nan | εvar=nan | corr(ε,x)=nan | t=nans
   167 | base=1.238374 | val=0.793872 | acc1=0.7527 | Wμ=0.992 | Aμ=1.124 | Wmax=1.000 | Amax=1.585 |LR=0.002 | ‖g‖=nan | satA=nan | satW=nan | εμ=nan | εvar=nan | corr(ε,x)=nan | t=nans
   169 | base=1.211350 | val=0.733951 | acc1=0.7664 | Wμ=0.991 | Aμ=1.124 | Wmax=1.000 | Amax=1.585 |LR=0.002 | ‖g‖=nan | satA=nan | satW=nan | εμ=nan | εvar=nan | corr(ε,x)=nan | t=nans
   171 | base=1.078005 | val=0.865264 | acc1=0.7398 | Wμ=0.991 | Aμ=1.124 | Wmax=1.000 | Amax=1.585 |LR=0.002 | ‖g‖=nan | satA=nan | satW=nan | εμ=nan | εvar=nan | corr(ε,x)=nan | t=nans
   173 | base=1.232217 | val=0.674022 | acc1=0.7768 | Wμ=0.991 | Aμ=1.118 | Wmax=1.000 | Amax=1.585 |LR=0.002 | ‖g‖=nan | satA=nan | satW=nan | εμ=nan | εvar=nan | corr(ε,x)=nan | t=nans
   175 | base=1.087027 | val=1.705114 | acc1=0.5628 | Wμ=0.991 | Aμ=1.109 | Wmax=1.000 | Amax=1.585 |LR=0.002 | ‖g‖=nan | satA=nan | satW=nan | εμ=nan | εvar=nan | corr(ε,x)=nan | t=nans
   177 | base=1.135018 | val=0.817204 | acc1=0.7377 | Wμ=0.991 | Aμ=1.097 | Wmax=1.000 | Amax=1.585 |LR=0.002 | ‖g‖=nan | satA=nan | satW=nan | εμ=nan | εvar=nan | corr(ε,x)=nan | t=nans
   179 | base=1.092077 | val=1.155036 | acc1=0.6476 | Wμ=0.991 | Aμ=1.087 | Wmax=1.000 | Amax=1.585 |LR=0.002 | ‖g‖=nan | satA=nan | satW=nan | εμ=nan | εvar=nan | corr(ε,x)=nan | t=nans
   181 | base=1.208793 | val=0.802448 | acc1=0.7377 | Wμ=0.991 | Aμ=1.078 | Wmax=1.000 | Amax=1.000 |LR=0.002 | ‖g‖=nan | satA=nan | satW=nan | εμ=nan | εvar=nan | corr(ε,x)=nan | t=nans
   183 | base=1.143725 | val=0.950193 | acc1=0.6966 | Wμ=0.991 | Aμ=1.065 | Wmax=1.000 | Amax=1.000 |LR=0.0017238 | ‖g‖=nan | satA=nan | satW=nan | εμ=nan | εvar=nan | corr(ε,x)=nan | t=nans
   185 | base=1.185425 | val=0.802692 | acc1=0.7446 | Wμ=0.991 | Aμ=1.050 | Wmax=1.000 | Amax=1.000 |LR=0.0014835 | ‖g‖=nan | satA=nan | satW=nan | εμ=nan | εvar=nan | corr(ε,x)=nan | t=nans
   187 | base=1.063166 | val=1.033234 | acc1=0.7000 | Wμ=0.991 | Aμ=1.046 | Wmax=1.000 | Amax=1.000 |LR=0.0012767 | ‖g‖=nan | satA=nan | satW=nan | εμ=nan | εvar=nan | corr(ε,x)=nan | t=nans
   189 | base=1.129954 | val=0.632026 | acc1=0.7934 | Wμ=0.992 | Aμ=1.031 | Wmax=1.000 | Amax=1.000 |LR=0.0010988 | ‖g‖=nan | satA=nan | satW=nan | εμ=nan | εvar=nan | corr(ε,x)=nan | t=nans
   191 | base=1.120628 | val=0.807165 | acc1=0.7364 | Wμ=0.992 | Aμ=1.011 | Wmax=1.000 | Amax=1.000 |LR=0.00094562 | ‖g‖=nan | satA=nan | satW=nan | εμ=nan | εvar=nan | corr(ε,x)=nan | t=nans
   193 | base=1.056136 | val=1.146650 | acc1=0.6555 | Wμ=0.993 | Aμ=0.998 | Wmax=1.000 | Amax=1.000 |LR=0.00081381 | ‖g‖=nan | satA=nan | satW=nan | εμ=nan | εvar=nan | corr(ε,x)=nan | t=nans
   195 | base=1.001541 | val=0.810643 | acc1=0.7483 | Wμ=0.993 | Aμ=0.999 | Wmax=1.000 | Amax=1.000 |LR=0.00070037 | ‖g‖=nan | satA=nan | satW=nan | εμ=nan | εvar=nan | corr(ε,x)=nan | t=nans
   197 | base=1.038125 | val=0.709744 | acc1=0.7718 | Wμ=0.993 | Aμ=0.999 | Wmax=1.000 | Amax=1.000 |LR=0.00060275 | ‖g‖=nan | satA=nan | satW=nan | εμ=nan | εvar=nan | corr(ε,x)=nan | t=nans
   199 | base=0.982786 | val=0.775432 | acc1=0.7473 | Wμ=0.993 | Aμ=0.998 | Wmax=1.000 | Amax=1.000 |LR=0.00051873 | ‖g‖=nan | satA=nan | satW=nan | εμ=nan | εvar=nan | corr(ε,x)=nan | t=nans
   201 | base=0.959734 | val=0.904195 | acc1=0.7252 | Wμ=0.993 | Aμ=0.998 | Wmax=1.000 | Amax=1.000 |LR=0.00044643 | ‖g‖=nan | satA=nan | satW=nan | εμ=nan | εvar=nan | corr(ε,x)=nan | t=nans
   203 | base=0.964988 | val=0.723724 | acc1=0.7725 | Wμ=0.994 | Aμ=0.999 | Wmax=1.000 | Amax=1.000 |LR=0.0003842 | ‖g‖=nan | satA=nan | satW=nan | εμ=nan | εvar=nan | corr(ε,x)=nan | t=nans
   205 | base=0.977437 | val=0.957554 | acc1=0.7110 | Wμ=0.994 | Aμ=0.999 | Wmax=1.000 | Amax=1.000 |LR=0.00033065 | ‖g‖=nan | satA=nan | satW=nan | εμ=nan | εvar=nan | corr(ε,x)=nan | t=nans
   207 | base=1.068101 | val=0.766911 | acc1=0.7544 | Wμ=0.994 | Aμ=0.998 | Wmax=1.000 | Amax=1.000 |LR=0.00028456 | ‖g‖=nan | satA=nan | satW=nan | εμ=nan | εvar=nan | corr(ε,x)=nan | t=nans
   209 | base=0.969245 | val=0.747514 | acc1=0.7618 | Wμ=0.994 | Aμ=0.999 | Wmax=1.000 | Amax=1.000 |LR=0.00024489 | ‖g‖=nan | satA=nan | satW=nan | εμ=nan | εvar=nan | corr(ε,x)=nan | t=nans
   211 | base=1.064269 | val=0.631475 | acc1=0.7960 | Wμ=0.995 | Aμ=0.999 | Wmax=1.000 | Amax=1.000 |LR=0.00021076 | ‖g‖=nan | satA=nan | satW=nan | εμ=nan | εvar=nan | corr(ε,x)=nan | t=nans
   213 | base=0.994499 | val=0.779408 | acc1=0.7599 | Wμ=0.995 | Aμ=0.999 | Wmax=1.000 | Amax=1.000 |LR=0.00018138 | ‖g‖=nan | satA=nan | satW=nan | εμ=nan | εvar=nan | corr(ε,x)=nan | t=nans
   215 | base=0.945464 | val=0.689760 | acc1=0.7726 | Wμ=0.995 | Aμ=0.999 | Wmax=1.000 | Amax=1.000 |LR=0.0001561 | ‖g‖=nan | satA=nan | satW=nan | εμ=nan | εvar=nan | corr(ε,x)=nan | t=nans
   217 | base=0.980823 | val=0.654079 | acc1=0.7885 | Wμ=0.995 | Aμ=0.999 | Wmax=1.000 | Amax=1.000 |LR=0.00013434 | ‖g‖=nan | satA=nan | satW=nan | εμ=nan | εvar=nan | corr(ε,x)=nan | t=nans
   219 | base=1.041515 | val=0.793474 | acc1=0.7477 | Wμ=0.995 | Aμ=0.999 | Wmax=1.000 | Amax=1.000 |LR=0.00011561 | ‖g‖=nan | satA=nan | satW=nan | εμ=nan | εvar=nan | corr(ε,x)=nan | t=nans
   221 | base=0.928215 | val=0.718979 | acc1=0.7759 | Wμ=0.995 | Aμ=0.999 | Wmax=1.000 | Amax=1.000 |LR=9.9499e-05 | ‖g‖=nan | satA=nan | satW=nan | εμ=nan | εvar=nan | corr(ε,x)=nan | t=nans
   223 | base=0.911758 | val=0.609026 | acc1=0.8015 | Wμ=0.995 | Aμ=0.999 | Wmax=1.000 | Amax=1.000 |LR=8.563e-05 | ‖g‖=nan | satA=nan | satW=nan | εμ=nan | εvar=nan | corr(ε,x)=nan | t=nans
   225 | base=0.972331 | val=0.945390 | acc1=0.7014 | Wμ=0.996 | Aμ=0.999 | Wmax=1.000 | Amax=1.000 |LR=7.3694e-05 | ‖g‖=nan | satA=nan | satW=nan | εμ=nan | εvar=nan | corr(ε,x)=nan | t=nans
   227 | base=0.942523 | val=0.748280 | acc1=0.7692 | Wμ=0.996 | Aμ=0.999 | Wmax=1.000 | Amax=1.000 |LR=6.3422e-05 | ‖g‖=nan | satA=nan | satW=nan | εμ=nan | εvar=nan | corr(ε,x)=nan | t=nans
   229 | base=0.890089 | val=0.663734 | acc1=0.7874 | Wμ=0.996 | Aμ=0.999 | Wmax=1.000 | Amax=1.000 |LR=5.4582e-05 | ‖g‖=nan | satA=nan | satW=nan | εμ=nan | εvar=nan | corr(ε,x)=nan | t=nans
   231 | base=0.899612 | val=0.741715 | acc1=0.7617 | Wμ=0.996 | Aμ=0.999 | Wmax=1.000 | Amax=1.000 |LR=4.6974e-05 | ‖g‖=nan | satA=nan | satW=nan | εμ=nan | εvar=nan | corr(ε,x)=nan | t=nans
   233 | base=0.865099 | val=0.669672 | acc1=0.7823 | Wμ=0.996 | Aμ=0.999 | Wmax=1.000 | Amax=1.000 |LR=4.0426e-05 | ‖g‖=nan | satA=nan | satW=nan | εμ=nan | εvar=nan | corr(ε,x)=nan | t=nans
   235 | base=0.913203 | val=0.660183 | acc1=0.7852 | Wμ=0.996 | Aμ=0.999 | Wmax=1.000 | Amax=1.000 |LR=3.4791e-05 | ‖g‖=nan | satA=nan | satW=nan | εμ=nan | εvar=nan | corr(ε,x)=nan | t=nans
   237 | base=0.924945 | val=0.593419 | acc1=0.8104 | Wμ=0.996 | Aμ=0.999 | Wmax=1.000 | Amax=1.000 |LR=2.9942e-05 | ‖g‖=nan | satA=nan | satW=nan | εμ=nan | εvar=nan | corr(ε,x)=nan | t=nans
   239 | base=0.902957 | val=0.633267 | acc1=0.7975 | Wμ=0.996 | Aμ=0.999 | Wmax=1.000 | Amax=1.000 |LR=2.5768e-05 | ‖g‖=nan | satA=nan | satW=nan | εμ=nan | εvar=nan | corr(ε,x)=nan | t=nans
   241 | base=0.936363 | val=0.599856 | acc1=0.7991 | Wμ=0.997 | Aμ=0.999 | Wmax=1.000 | Amax=1.000 |LR=2.2176e-05 | ‖g‖=nan | satA=nan | satW=nan | εμ=nan | εvar=nan | corr(ε,x)=nan | t=nans
   243 | base=0.879036 | val=0.913188 | acc1=0.7108 | Wμ=0.997 | Aμ=0.999 | Wmax=1.000 | Amax=1.000 |LR=1.9085e-05 | ‖g‖=nan | satA=nan | satW=nan | εμ=nan | εvar=nan | corr(ε,x)=nan | t=nans
   245 | base=0.915196 | val=0.771629 | acc1=0.7571 | Wμ=0.997 | Aμ=0.999 | Wmax=1.000 | Amax=1.000 |LR=1.6425e-05 | ‖g‖=nan | satA=nan | satW=nan | εμ=nan | εvar=nan | corr(ε,x)=nan | t=nans
   247 | base=0.899215 | val=0.557595 | acc1=0.8141 | Wμ=0.997 | Aμ=0.999 | Wmax=1.000 | Amax=1.000 |LR=1.4135e-05 | ‖g‖=nan | satA=nan | satW=nan | εμ=nan | εvar=nan | corr(ε,x)=nan | t=nans
   249 | base=1.022657 | val=0.523630 | acc1=0.8257 | Wμ=0.997 | Aμ=0.999 | Wmax=1.000 | Amax=1.000 |LR=1.2165e-05 | ‖g‖=nan | satA=nan | satW=nan | εμ=nan | εvar=nan | corr(ε,x)=nan | t=nans
   251 | base=0.883411 | val=0.647085 | acc1=0.7944 | Wμ=0.997 | Aμ=0.999 | Wmax=1.000 | Amax=1.000 |LR=1.0469e-05 | ‖g‖=nan | satA=nan | satW=nan | εμ=nan | εvar=nan | corr(ε,x)=nan | t=nans
   253 | base=0.908698 | val=0.533200 | acc1=0.8275 | Wμ=0.997 | Aμ=0.999 | Wmax=1.000 | Amax=1.000 |LR=9.0101e-06 | ‖g‖=nan | satA=nan | satW=nan | εμ=nan | εvar=nan | corr(ε,x)=nan | t=nans
   255 | base=0.920850 | val=0.559935 | acc1=0.8152 | Wμ=0.997 | Aμ=0.999 | Wmax=1.000 | Amax=1.000 |LR=7.7542e-06 | ‖g‖=nan | satA=nan | satW=nan | εμ=nan | εvar=nan | corr(ε,x)=nan | t=nans
   257 | base=0.965557 | val=0.552774 | acc1=0.8188 | Wμ=0.997 | Aμ=0.999 | Wmax=1.000 | Amax=1.000 |LR=6.6734e-06 | ‖g‖=nan | satA=nan | satW=nan | εμ=nan | εvar=nan | corr(ε,x)=nan | t=nans
   259 | base=1.014083 | val=0.642801 | acc1=0.7929 | Wμ=0.997 | Aμ=0.999 | Wmax=1.000 | Amax=1.000 |LR=5.7432e-06 | ‖g‖=nan | satA=nan | satW=nan | εμ=nan | εvar=nan | corr(ε,x)=nan | t=nans
   261 | base=0.881115 | val=0.546042 | acc1=0.8254 | Wμ=0.997 | Aμ=0.999 | Wmax=1.000 | Amax=1.000 |LR=4.9426e-06 | ‖g‖=nan | satA=nan | satW=nan | εμ=nan | εvar=nan | corr(ε,x)=nan | t=nans
   263 | base=0.898100 | val=0.622119 | acc1=0.8008 | Wμ=0.997 | Aμ=0.999 | Wmax=1.000 | Amax=1.000 |LR=4.2537e-06 | ‖g‖=nan | satA=nan | satW=nan | εμ=nan | εvar=nan | corr(ε,x)=nan | t=nans
   265 | base=0.914088 | val=0.500759 | acc1=0.8352 | Wμ=0.997 | Aμ=0.999 | Wmax=1.000 | Amax=1.000 |LR=3.6608e-06 | ‖g‖=nan | satA=nan | satW=nan | εμ=nan | εvar=nan | corr(ε,x)=nan | t=nans
   267 | base=0.931480 | val=0.676937 | acc1=0.7813 | Wμ=0.997 | Aμ=0.999 | Wmax=1.000 | Amax=1.000 |LR=3.1505e-06 | ‖g‖=nan | satA=nan | satW=nan | εμ=nan | εvar=nan | corr(ε,x)=nan | t=nans
   269 | base=0.822066 | val=0.551826 | acc1=0.8201 | Wμ=0.997 | Aμ=0.999 | Wmax=1.000 | Amax=1.000 |LR=2.7114e-06 | ‖g‖=nan | satA=nan | satW=nan | εμ=nan | εvar=nan | corr(ε,x)=nan | t=nans
   271 | base=0.899061 | val=0.525472 | acc1=0.8268 | Wμ=0.997 | Aμ=0.999 | Wmax=1.000 | Amax=1.000 |LR=2.3334e-06 | ‖g‖=nan | satA=nan | satW=nan | εμ=nan | εvar=nan | corr(ε,x)=nan | t=nans
   273 | base=0.842378 | val=0.610404 | acc1=0.8020 | Wμ=0.997 | Aμ=0.999 | Wmax=1.000 | Amax=1.000 |LR=2.0082e-06 | ‖g‖=nan | satA=nan | satW=nan | εμ=nan | εvar=nan | corr(ε,x)=nan | t=nans
   275 | base=0.851924 | val=0.610934 | acc1=0.7992 | Wμ=0.997 | Aμ=0.999 | Wmax=1.000 | Amax=1.000 |LR=1.7283e-06 | ‖g‖=nan | satA=nan | satW=nan | εμ=nan | εvar=nan | corr(ε,x)=nan | t=nans
   277 | base=0.937907 | val=0.700879 | acc1=0.7816 | Wμ=0.997 | Aμ=0.999 | Wmax=1.000 | Amax=1.000 |LR=1.4874e-06 | ‖g‖=nan | satA=nan | satW=nan | εμ=nan | εvar=nan | corr(ε,x)=nan | t=nans
   279 | base=0.927289 | val=0.620960 | acc1=0.7925 | Wμ=0.997 | Aμ=0.999 | Wmax=1.000 | Amax=1.000 |LR=1.28e-06 | ‖g‖=nan | satA=nan | satW=nan | εμ=nan | εvar=nan | corr(ε,x)=nan | t=nans
   281 | base=0.921198 | val=0.509068 | acc1=0.8324 | Wμ=0.997 | Aμ=0.999 | Wmax=1.000 | Amax=1.000 |LR=1.1016e-06 | ‖g‖=nan | satA=nan | satW=nan | εμ=nan | εvar=nan | corr(ε,x)=nan | t=nans
   283 | base=0.904423 | val=0.513639 | acc1=0.8301 | Wμ=0.997 | Aμ=0.999 | Wmax=1.000 | Amax=1.000 |LR=9.4806e-07 | ‖g‖=nan | satA=nan | satW=nan | εμ=nan | εvar=nan | corr(ε,x)=nan | t=nans
   285 | base=0.868418 | val=0.564630 | acc1=0.8153 | Wμ=0.997 | Aμ=0.999 | Wmax=1.000 | Amax=1.000 |LR=8.1591e-07 | ‖g‖=nan | satA=nan | satW=nan | εμ=nan | εvar=nan | corr(ε,x)=nan | t=nans
   287 | base=0.887816 | val=0.503134 | acc1=0.8307 | Wμ=0.997 | Aμ=0.999 | Wmax=1.000 | Amax=1.000 |LR=7.0218e-07 | ‖g‖=nan | satA=nan | satW=nan | εμ=nan | εvar=nan | corr(ε,x)=nan | t=nans
   289 | base=0.861894 | val=0.595606 | acc1=0.8035 | Wμ=0.997 | Aμ=0.999 | Wmax=1.000 | Amax=1.000 |LR=6.043e-07 | ‖g‖=nan | satA=nan | satW=nan | εμ=nan | εvar=nan | corr(ε,x)=nan | t=nans
   291 | base=0.851491 | val=0.522878 | acc1=0.8312 | Wμ=0.997 | Aμ=0.999 | Wmax=1.000 | Amax=1.000 |LR=5.2007e-07 | ‖g‖=nan | satA=nan | satW=nan | εμ=nan | εvar=nan | corr(ε,x)=nan | t=nans
   293 | base=0.926064 | val=0.566512 | acc1=0.8132 | Wμ=0.997 | Aμ=0.999 | Wmax=1.000 | Amax=1.000 |LR=4.4758e-07 | ‖g‖=nan | satA=nan | satW=nan | εμ=nan | εvar=nan | corr(ε,x)=nan | t=nans
   295 | base=0.877147 | val=0.545080 | acc1=0.8224 | Wμ=0.997 | Aμ=0.999 | Wmax=1.000 | Amax=1.000 |LR=3.8519e-07 | ‖g‖=nan | satA=nan | satW=nan | εμ=nan | εvar=nan | corr(ε,x)=nan | t=nans
   297 | base=0.890497 | val=0.529980 | acc1=0.8269 | Wμ=0.997 | Aμ=0.999 | Wmax=1.000 | Amax=1.000 |LR=3.315e-07 | ‖g‖=nan | satA=nan | satW=nan | εμ=nan | εvar=nan | corr(ε,x)=nan | t=nans
   299 | base=0.868436 | val=0.514175 | acc1=0.8295 | Wμ=0.997 | Aμ=0.999 | Wmax=1.000 | Amax=1.000 |LR=2.8529e-07 | ‖g‖=nan | satA=nan | satW=nan | εμ=nan | εvar=nan | corr(ε,x)=nan | t=nans
   301 | base=0.874146 | val=0.552682 | acc1=0.8171 | Wμ=0.997 | Aμ=0.999 | Wmax=1.000 | Amax=1.000 |LR=2.4553e-07 | ‖g‖=nan | satA=nan | satW=nan | εμ=nan | εvar=nan | corr(ε,x)=nan | t=nans
   303 | base=0.941449 | val=0.611134 | acc1=0.7999 | Wμ=0.997 | Aμ=0.999 | Wmax=1.000 | Amax=1.000 |LR=2.113e-07 | ‖g‖=nan | satA=nan | satW=nan | εμ=nan | εvar=nan | corr(ε,x)=nan | t=nans
   305 | base=0.921961 | val=0.538379 | acc1=0.8227 | Wμ=0.997 | Aμ=0.999 | Wmax=1.000 | Amax=1.000 |LR=1.8185e-07 | ‖g‖=nan | satA=nan | satW=nan | εμ=nan | εvar=nan | corr(ε,x)=nan | t=nans
   307 | base=0.834234 | val=0.534438 | acc1=0.8273 | Wμ=0.997 | Aμ=0.999 | Wmax=1.000 | Amax=1.000 |LR=1.565e-07 | ‖g‖=nan | satA=nan | satW=nan | εμ=nan | εvar=nan | corr(ε,x)=nan | t=nans
   309 | base=0.830931 | val=0.608368 | acc1=0.8043 | Wμ=0.997 | Aμ=0.999 | Wmax=1.000 | Amax=1.000 |LR=1.3469e-07 | ‖g‖=nan | satA=nan | satW=nan | εμ=nan | εvar=nan | corr(ε,x)=nan | t=nans
   311 | base=0.810526 | val=0.522154 | acc1=0.8290 | Wμ=0.997 | Aμ=0.999 | Wmax=1.000 | Amax=1.000 |LR=1.1591e-07 | ‖g‖=nan | satA=nan | satW=nan | εμ=nan | εvar=nan | corr(ε,x)=nan | t=nans
   313 | base=0.966465 | val=0.800994 | acc1=0.7480 | Wμ=0.997 | Aμ=0.999 | Wmax=1.000 | Amax=1.000 |LR=9.9756e-08 | ‖g‖=nan | satA=nan | satW=nan | εμ=nan | εvar=nan | corr(ε,x)=nan | t=nans
   315 | base=0.917073 | val=0.645801 | acc1=0.7963 | Wμ=0.997 | Aμ=0.999 | Wmax=1.000 | Amax=1.000 |LR=8.5851e-08 | ‖g‖=nan | satA=nan | satW=nan | εμ=nan | εvar=nan | corr(ε,x)=nan | t=nans
   317 | base=0.885366 | val=0.552958 | acc1=0.8216 | Wμ=0.997 | Aμ=0.999 | Wmax=1.000 | Amax=1.000 |LR=7.3884e-08 | ‖g‖=nan | satA=nan | satW=nan | εμ=nan | εvar=nan | corr(ε,x)=nan | t=nans
   319 | base=0.894195 | val=0.526558 | acc1=0.8284 | Wμ=0.997 | Aμ=0.999 | Wmax=1.000 | Amax=1.000 |LR=6.3586e-08 | ‖g‖=nan | satA=nan | satW=nan | εμ=nan | εvar=nan | corr(ε,x)=nan | t=nans
   321 | base=0.880274 | val=0.506920 | acc1=0.8378 | Wμ=0.997 | Aμ=0.999 | Wmax=1.000 | Amax=1.000 |LR=5.4723e-08 | ‖g‖=nan | satA=nan | satW=nan | εμ=nan | εvar=nan | corr(ε,x)=nan | t=nans
   323 | base=0.856379 | val=0.502621 | acc1=0.8325 | Wμ=0.997 | Aμ=0.999 | Wmax=1.000 | Amax=1.000 |LR=4.7095e-08 | ‖g‖=nan | satA=nan | satW=nan | εμ=nan | εvar=nan | corr(ε,x)=nan | t=nans
   325 | base=0.920099 | val=0.492984 | acc1=0.8344 | Wμ=0.997 | Aμ=0.999 | Wmax=1.000 | Amax=1.000 |LR=4.053e-08 | ‖g‖=nan | satA=nan | satW=nan | εμ=nan | εvar=nan | corr(ε,x)=nan | t=nans
   327 | base=0.910038 | val=0.545551 | acc1=0.8237 | Wμ=0.997 | Aμ=0.999 | Wmax=1.000 | Amax=1.000 |LR=3.4881e-08 | ‖g‖=nan | satA=nan | satW=nan | εμ=nan | εvar=nan | corr(ε,x)=nan | t=nans
   329 | base=0.832058 | val=0.515813 | acc1=0.8328 | Wμ=0.997 | Aμ=0.999 | Wmax=1.000 | Amax=1.000 |LR=3.0019e-08 | ‖g‖=nan | satA=nan | satW=nan | εμ=nan | εvar=nan | corr(ε,x)=nan | t=nans
   331 | base=0.876823 | val=0.508990 | acc1=0.8298 | Wμ=0.997 | Aμ=0.999 | Wmax=1.000 | Amax=1.000 |LR=2.5835e-08 | ‖g‖=nan | satA=nan | satW=nan | εμ=nan | εvar=nan | corr(ε,x)=nan | t=nans
   333 | base=0.848928 | val=0.507701 | acc1=0.8360 | Wμ=0.997 | Aμ=0.999 | Wmax=1.000 | Amax=1.000 |LR=2.2234e-08 | ‖g‖=nan | satA=nan | satW=nan | εμ=nan | εvar=nan | corr(ε,x)=nan | t=nans
   335 | base=0.942812 | val=0.534920 | acc1=0.8234 | Wμ=0.997 | Aμ=0.999 | Wmax=1.000 | Amax=1.000 |LR=1.9134e-08 | ‖g‖=nan | satA=nan | satW=nan | εμ=nan | εvar=nan | corr(ε,x)=nan | t=nans
   337 | base=0.885116 | val=0.483779 | acc1=0.8426 | Wμ=0.997 | Aμ=0.999 | Wmax=1.000 | Amax=1.000 |LR=1.6467e-08 | ‖g‖=nan | satA=nan | satW=nan | εμ=nan | εvar=nan | corr(ε,x)=nan | t=nans
   339 | base=0.820026 | val=0.517711 | acc1=0.8319 | Wμ=0.997 | Aμ=0.999 | Wmax=1.000 | Amax=1.000 |LR=1.4172e-08 | ‖g‖=nan | satA=nan | satW=nan | εμ=nan | εvar=nan | corr(ε,x)=nan | t=nans
   341 | base=0.915082 | val=0.556385 | acc1=0.8169 | Wμ=0.997 | Aμ=0.999 | Wmax=1.000 | Amax=1.000 |LR=1.2197e-08 | ‖g‖=nan | satA=nan | satW=nan | εμ=nan | εvar=nan | corr(ε,x)=nan | t=nans
   343 | base=0.894156 | val=0.494185 | acc1=0.8355 | Wμ=0.997 | Aμ=0.999 | Wmax=1.000 | Amax=1.000 |LR=1.0496e-08 | ‖g‖=nan | satA=nan | satW=nan | εμ=nan | εvar=nan | corr(ε,x)=nan | t=nans
   345 | base=0.841272 | val=0.512109 | acc1=0.8320 | Wμ=0.997 | Aμ=0.999 | Wmax=1.000 | Amax=1.000 |LR=9.0334e-09 | ‖g‖=nan | satA=nan | satW=nan | εμ=nan | εvar=nan | corr(ε,x)=nan | t=nans
   347 | base=0.865837 | val=0.491351 | acc1=0.8371 | Wμ=0.997 | Aμ=0.999 | Wmax=1.000 | Amax=1.000 |LR=7.7742e-09 | ‖g‖=nan | satA=nan | satW=nan | εμ=nan | εvar=nan | corr(ε,x)=nan | t=nans
   349 | base=0.915999 | val=0.495600 | acc1=0.8347 | Wμ=0.997 | Aμ=0.999 | Wmax=1.000 | Amax=1.000 |LR=6.6906e-09 | ‖g‖=nan | satA=nan | satW=nan | εμ=nan | εvar=nan | corr(ε,x)=nan | t=nans
   351 | base=0.875234 | val=0.495558 | acc1=0.8349 | Wμ=0.997 | Aμ=0.999 | Wmax=1.000 | Amax=1.000 |LR=5.758e-09 | ‖g‖=nan | satA=nan | satW=nan | εμ=nan | εvar=nan | corr(ε,x)=nan | t=nans
   353 | base=0.885113 | val=0.479296 | acc1=0.8424 | Wμ=0.997 | Aμ=0.999 | Wmax=1.000 | Amax=1.000 |LR=4.9554e-09 | ‖g‖=nan | satA=nan | satW=nan | εμ=nan | εvar=nan | corr(ε,x)=nan | t=nans
   355 | base=0.905015 | val=0.482419 | acc1=0.8378 | Wμ=0.997 | Aμ=0.999 | Wmax=1.000 | Amax=1.000 |LR=4.2647e-09 | ‖g‖=nan | satA=nan | satW=nan | εμ=nan | εvar=nan | corr(ε,x)=nan | t=nans
   357 | base=0.831263 | val=0.499322 | acc1=0.8364 | Wμ=0.997 | Aμ=0.999 | Wmax=1.000 | Amax=1.000 |LR=3.6702e-09 | ‖g‖=nan | satA=nan | satW=nan | εμ=nan | εvar=nan | corr(ε,x)=nan | t=nans
   359 | base=0.873461 | val=0.522607 | acc1=0.8273 | Wμ=0.997 | Aμ=0.999 | Wmax=1.000 | Amax=1.000 |LR=3.1586e-09 | ‖g‖=nan | satA=nan | satW=nan | εμ=nan | εvar=nan | corr(ε,x)=nan | t=nans
   361 | base=0.857485 | val=0.490304 | acc1=0.8420 | Wμ=0.997 | Aμ=0.999 | Wmax=1.000 | Amax=1.000 |LR=2.7183e-09 | ‖g‖=nan | satA=nan | satW=nan | εμ=nan | εvar=nan | corr(ε,x)=nan | t=nans
   363 | base=0.861944 | val=0.467450 | acc1=0.8468 | Wμ=0.997 | Aμ=0.999 | Wmax=1.000 | Amax=1.000 |LR=2.3394e-09 | ‖g‖=nan | satA=nan | satW=nan | εμ=nan | εvar=nan | corr(ε,x)=nan | t=nans
   365 | base=0.842202 | val=0.479900 | acc1=0.8389 | Wμ=0.997 | Aμ=0.999 | Wmax=1.000 | Amax=1.000 |LR=2.0133e-09 | ‖g‖=nan | satA=nan | satW=nan | εμ=nan | εvar=nan | corr(ε,x)=nan | t=nans
   367 | base=0.849491 | val=0.490037 | acc1=0.8336 | Wμ=0.997 | Aμ=0.999 | Wmax=1.000 | Amax=1.000 |LR=1.7327e-09 | ‖g‖=nan | satA=nan | satW=nan | εμ=nan | εvar=nan | corr(ε,x)=nan | t=nans
   369 | base=0.844957 | val=0.470812 | acc1=0.8455 | Wμ=0.997 | Aμ=0.999 | Wmax=1.000 | Amax=1.000 |LR=1.4912e-09 | ‖g‖=nan | satA=nan | satW=nan | εμ=nan | εvar=nan | corr(ε,x)=nan | t=nans
   371 | base=0.848360 | val=0.473183 | acc1=0.8399 | Wμ=0.997 | Aμ=0.999 | Wmax=1.000 | Amax=1.000 |LR=1.2833e-09 | ‖g‖=nan | satA=nan | satW=nan | εμ=nan | εvar=nan | corr(ε,x)=nan | t=nans
   373 | base=0.823207 | val=0.507432 | acc1=0.8310 | Wμ=0.997 | Aμ=0.999 | Wmax=1.000 | Amax=1.000 |LR=1.1045e-09 | ‖g‖=nan | satA=nan | satW=nan | εμ=nan | εvar=nan | corr(ε,x)=nan | t=nans
   375 | base=0.906790 | val=0.486136 | acc1=0.8370 | Wμ=0.997 | Aμ=0.999 | Wmax=1.000 | Amax=1.000 |LR=9.505e-10 | ‖g‖=nan | satA=nan | satW=nan | εμ=nan | εvar=nan | corr(ε,x)=nan | t=nans
   377 | base=0.851889 | val=0.467414 | acc1=0.8405 | Wμ=0.997 | Aμ=0.999 | Wmax=1.000 | Amax=1.000 |LR=8.1801e-10 | ‖g‖=nan | satA=nan | satW=nan | εμ=nan | εvar=nan | corr(ε,x)=nan | t=nans
   379 | base=0.819257 | val=0.463621 | acc1=0.8476 | Wμ=0.997 | Aμ=0.999 | Wmax=1.000 | Amax=1.000 |LR=7.0399e-10 | ‖g‖=nan | satA=nan | satW=nan | εμ=nan | εvar=nan | corr(ε,x)=nan | t=nans
   381 | base=0.855702 | val=0.469065 | acc1=0.8441 | Wμ=0.997 | Aμ=0.999 | Wmax=1.000 | Amax=1.000 |LR=6.0586e-10 | ‖g‖=nan | satA=nan | satW=nan | εμ=nan | εvar=nan | corr(ε,x)=nan | t=nans
   383 | base=0.834398 | val=0.472035 | acc1=0.8419 | Wμ=0.997 | Aμ=0.999 | Wmax=1.000 | Amax=1.000 |LR=5.2141e-10 | ‖g‖=nan | satA=nan | satW=nan | εμ=nan | εvar=nan | corr(ε,x)=nan | t=nans
   385 | base=0.892824 | val=0.469551 | acc1=0.8415 | Wμ=0.997 | Aμ=0.999 | Wmax=1.000 | Amax=1.000 |LR=4.4873e-10 | ‖g‖=nan | satA=nan | satW=nan | εμ=nan | εvar=nan | corr(ε,x)=nan | t=nans
   387 | base=0.813993 | val=0.458857 | acc1=0.8484 | Wμ=0.997 | Aμ=0.999 | Wmax=1.000 | Amax=1.000 |LR=3.8618e-10 | ‖g‖=nan | satA=nan | satW=nan | εμ=nan | εvar=nan | corr(ε,x)=nan | t=nans
   389 | base=0.821076 | val=0.464099 | acc1=0.8504 | Wμ=0.997 | Aμ=0.999 | Wmax=1.000 | Amax=1.000 |LR=3.3235e-10 | ‖g‖=nan | satA=nan | satW=nan | εμ=nan | εvar=nan | corr(ε,x)=nan | t=nans
   391 | base=0.827655 | val=0.464817 | acc1=0.8478 | Wμ=0.997 | Aμ=0.999 | Wmax=1.000 | Amax=1.000 |LR=2.8603e-10 | ‖g‖=nan | satA=nan | satW=nan | εμ=nan | εvar=nan | corr(ε,x)=nan | t=nans
   393 | base=0.817752 | val=0.461000 | acc1=0.8443 | Wμ=0.997 | Aμ=0.999 | Wmax=1.000 | Amax=1.000 |LR=2.4616e-10 | ‖g‖=nan | satA=nan | satW=nan | εμ=nan | εvar=nan | corr(ε,x)=nan | t=nans
   395 | base=0.747007 | val=0.464688 | acc1=0.8459 | Wμ=0.997 | Aμ=0.999 | Wmax=1.000 | Amax=1.000 |LR=2.1185e-10 | ‖g‖=nan | satA=nan | satW=nan | εμ=nan | εvar=nan | corr(ε,x)=nan | t=nans
   397 | base=0.813939 | val=0.457220 | acc1=0.8468 | Wμ=0.997 | Aμ=0.999 | Wmax=1.000 | Amax=1.000 |LR=1.8232e-10 | ‖g‖=nan | satA=nan | satW=nan | εμ=nan | εvar=nan | corr(ε,x)=nan | t=nans
   399 | base=0.826786 | val=0.456826 | acc1=0.8488 | Wμ=0.997 | Aμ=0.999 | Wmax=1.000 | Amax=1.000 |LR=1.569e-10 | ‖g‖=nan | satA=nan | satW=nan | εμ=nan | εvar=nan | corr(ε,x)=nan | t=nans
   401 | base=0.821937 | val=0.466974 | acc1=0.8436 | Wμ=0.997 | Aμ=0.999 | Wmax=1.000 | Amax=1.000 |LR=1.3503e-10 | ‖g‖=nan | satA=nan | satW=nan | εμ=nan | εvar=nan | corr(ε,x)=nan | t=nans
   403 | base=0.863576 | val=0.471494 | acc1=0.8438 | Wμ=0.997 | Aμ=0.999 | Wmax=1.000 | Amax=1.000 |LR=1.1621e-10 | ‖g‖=nan | satA=nan | satW=nan | εμ=nan | εvar=nan | corr(ε,x)=nan | t=nans
   405 | base=0.876082 | val=0.460595 | acc1=0.8468 | Wμ=0.997 | Aμ=0.999 | Wmax=1.000 | Amax=1.000 |LR=1.0001e-10 | ‖g‖=nan | satA=nan | satW=nan | εμ=nan | εvar=nan | corr(ε,x)=nan | t=nans
   407 | base=0.804247 | val=0.455391 | acc1=0.8476 | Wμ=0.997 | Aμ=0.999 | Wmax=1.000 | Amax=1.000 |LR=8.6072e-11 | ‖g‖=nan | satA=nan | satW=nan | εμ=nan | εvar=nan | corr(ε,x)=nan | t=nans
   409 | base=0.844020 | val=0.462478 | acc1=0.8464 | Wμ=0.997 | Aμ=0.999 | Wmax=1.000 | Amax=1.000 |LR=7.4075e-11 | ‖g‖=nan | satA=nan | satW=nan | εμ=nan | εvar=nan | corr(ε,x)=nan | t=nans
   411 | base=0.833944 | val=0.466329 | acc1=0.8458 | Wμ=0.997 | Aμ=0.999 | Wmax=1.000 | Amax=1.000 |LR=6.375e-11 | ‖g‖=nan | satA=nan | satW=nan | εμ=nan | εvar=nan | corr(ε,x)=nan | t=nans
   413 | base=0.814797 | val=0.461198 | acc1=0.8493 | Wμ=0.997 | Aμ=0.999 | Wmax=1.000 | Amax=1.000 |LR=5.4864e-11 | ‖g‖=nan | satA=nan | satW=nan | εμ=nan | εvar=nan | corr(ε,x)=nan | t=nans
   415 | base=0.784164 | val=0.453821 | acc1=0.8485 | Wμ=0.997 | Aμ=0.999 | Wmax=1.000 | Amax=1.000 |LR=4.7216e-11 | ‖g‖=nan | satA=nan | satW=nan | εμ=nan | εvar=nan | corr(ε,x)=nan | t=nans
   417 | base=0.844378 | val=0.459094 | acc1=0.8468 | Wμ=0.997 | Aμ=0.999 | Wmax=1.000 | Amax=1.000 |LR=4.0635e-11 | ‖g‖=nan | satA=nan | satW=nan | εμ=nan | εvar=nan | corr(ε,x)=nan | t=nans
   419 | base=0.769646 | val=0.465462 | acc1=0.8468 | Wμ=0.997 | Aμ=0.999 | Wmax=1.000 | Amax=1.000 |LR=3.4971e-11 | ‖g‖=nan | satA=nan | satW=nan | εμ=nan | εvar=nan | corr(ε,x)=nan | t=nans
   421 | base=0.830436 | val=0.453277 | acc1=0.8500 | Wμ=0.997 | Aμ=0.999 | Wmax=1.000 | Amax=1.000 |LR=3.0096e-11 | ‖g‖=nan | satA=nan | satW=nan | εμ=nan | εvar=nan | corr(ε,x)=nan | t=nans
   423 | base=0.844589 | val=0.459583 | acc1=0.8479 | Wμ=0.997 | Aμ=0.999 | Wmax=1.000 | Amax=1.000 |LR=2.5901e-11 | ‖g‖=nan | satA=nan | satW=nan | εμ=nan | εvar=nan | corr(ε,x)=nan | t=nans
   425 | base=0.801555 | val=0.460572 | acc1=0.8437 | Wμ=0.997 | Aμ=0.999 | Wmax=1.000 | Amax=1.000 |LR=2.2291e-11 | ‖g‖=nan | satA=nan | satW=nan | εμ=nan | εvar=nan | corr(ε,x)=nan | t=nans
   427 | base=0.824016 | val=0.455804 | acc1=0.8497 | Wμ=0.997 | Aμ=0.999 | Wmax=1.000 | Amax=1.000 |LR=1.9184e-11 | ‖g‖=nan | satA=nan | satW=nan | εμ=nan | εvar=nan | corr(ε,x)=nan | t=nans
   429 | base=0.924764 | val=0.448606 | acc1=0.8527 | Wμ=0.997 | Aμ=0.999 | Wmax=1.000 | Amax=1.000 |LR=1.651e-11 | ‖g‖=nan | satA=nan | satW=nan | εμ=nan | εvar=nan | corr(ε,x)=nan | t=nans
   431 | base=0.853881 | val=0.457490 | acc1=0.8486 | Wμ=0.997 | Aμ=0.999 | Wmax=1.000 | Amax=1.000 |LR=1.4208e-11 | ‖g‖=nan | satA=nan | satW=nan | εμ=nan | εvar=nan | corr(ε,x)=nan | t=nans
   433 | base=0.828497 | val=0.445361 | acc1=0.8517 | Wμ=0.997 | Aμ=0.999 | Wmax=1.000 | Amax=1.000 |LR=1.2228e-11 | ‖g‖=nan | satA=nan | satW=nan | εμ=nan | εvar=nan | corr(ε,x)=nan | t=nans
   435 | base=0.879375 | val=0.451997 | acc1=0.8489 | Wμ=0.997 | Aμ=0.999 | Wmax=1.000 | Amax=1.000 |LR=1.0524e-11 | ‖g‖=nan | satA=nan | satW=nan | εμ=nan | εvar=nan | corr(ε,x)=nan | t=nans
   437 | base=0.810702 | val=0.454860 | acc1=0.8498 | Wμ=0.997 | Aμ=0.999 | Wmax=1.000 | Amax=1.000 |LR=9.0567e-12 | ‖g‖=nan | satA=nan | satW=nan | εμ=nan | εvar=nan | corr(ε,x)=nan | t=nans
   439 | base=0.873611 | val=0.457348 | acc1=0.8480 | Wμ=0.997 | Aμ=0.999 | Wmax=1.000 | Amax=1.000 |LR=7.7943e-12 | ‖g‖=nan | satA=nan | satW=nan | εμ=nan | εvar=nan | corr(ε,x)=nan | t=nans
   441 | base=0.807361 | val=0.451075 | acc1=0.8481 | Wμ=0.997 | Aμ=0.999 | Wmax=1.000 | Amax=1.000 |LR=6.7078e-12 | ‖g‖=nan | satA=nan | satW=nan | εμ=nan | εvar=nan | corr(ε,x)=nan | t=nans
   443 | base=0.804506 | val=0.453995 | acc1=0.8482 | Wμ=0.997 | Aμ=0.999 | Wmax=1.000 | Amax=1.000 |LR=5.7728e-12 | ‖g‖=nan | satA=nan | satW=nan | εμ=nan | εvar=nan | corr(ε,x)=nan | t=nans
   445 | base=0.930688 | val=0.448525 | acc1=0.8513 | Wμ=0.997 | Aμ=0.999 | Wmax=1.000 | Amax=1.000 |LR=4.9682e-12 | ‖g‖=nan | satA=nan | satW=nan | εμ=nan | εvar=nan | corr(ε,x)=nan | t=nans
   447 | base=0.833849 | val=0.463131 | acc1=0.8461 | Wμ=0.997 | Aμ=0.999 | Wmax=1.000 | Amax=1.000 |LR=4.2757e-12 | ‖g‖=nan | satA=nan | satW=nan | εμ=nan | εvar=nan | corr(ε,x)=nan | t=nans
   449 | base=0.874873 | val=0.455443 | acc1=0.8487 | Wμ=0.997 | Aμ=0.999 | Wmax=1.000 | Amax=1.000 |LR=3.6797e-12 | ‖g‖=nan | satA=nan | satW=nan | εμ=nan | εvar=nan | corr(ε,x)=nan | t=nans
   451 | base=0.813238 | val=0.458229 | acc1=0.8474 | Wμ=0.997 | Aμ=0.999 | Wmax=1.000 | Amax=1.000 |LR=3.1668e-12 | ‖g‖=nan | satA=nan | satW=nan | εμ=nan | εvar=nan | corr(ε,x)=nan | t=nans
   453 | base=0.830759 | val=0.457554 | acc1=0.8497 | Wμ=0.997 | Aμ=0.999 | Wmax=1.000 | Amax=1.000 |LR=2.7254e-12 | ‖g‖=nan | satA=nan | satW=nan | εμ=nan | εvar=nan | corr(ε,x)=nan | t=nans
   455 | base=0.813758 | val=0.462451 | acc1=0.8479 | Wμ=0.997 | Aμ=0.999 | Wmax=1.000 | Amax=1.000 |LR=2.3455e-12 | ‖g‖=nan | satA=nan | satW=nan | εμ=nan | εvar=nan | corr(ε,x)=nan | t=nans
   457 | base=0.793254 | val=0.451804 | acc1=0.8489 | Wμ=0.997 | Aμ=0.999 | Wmax=1.000 | Amax=1.000 |LR=2.0185e-12 | ‖g‖=nan | satA=nan | satW=nan | εμ=nan | εvar=nan | corr(ε,x)=nan | t=nans
   459 | base=0.816069 | val=0.460353 | acc1=0.8484 | Wμ=0.997 | Aμ=0.999 | Wmax=1.000 | Amax=1.000 |LR=1.7372e-12 | ‖g‖=nan | satA=nan | satW=nan | εμ=nan | εvar=nan | corr(ε,x)=nan | t=nans
   461 | base=0.879526 | val=0.453483 | acc1=0.8474 | Wμ=0.997 | Aμ=0.999 | Wmax=1.000 | Amax=1.000 |LR=1.495e-12 | ‖g‖=nan | satA=nan | satW=nan | εμ=nan | εvar=nan | corr(ε,x)=nan | t=nans
   463 | base=0.855740 | val=0.459613 | acc1=0.8487 | Wμ=0.997 | Aμ=0.999 | Wmax=1.000 | Amax=1.000 |LR=1.2866e-12 | ‖g‖=nan | satA=nan | satW=nan | εμ=nan | εvar=nan | corr(ε,x)=nan | t=nans
   465 | base=0.858897 | val=0.459698 | acc1=0.8460 | Wμ=0.997 | Aμ=0.999 | Wmax=1.000 | Amax=1.000 |LR=1.1073e-12 | ‖g‖=nan | satA=nan | satW=nan | εμ=nan | εvar=nan | corr(ε,x)=nan | t=nans
   467 | base=0.862359 | val=0.465847 | acc1=0.8451 | Wμ=0.997 | Aμ=0.999 | Wmax=1.000 | Amax=1.000 |LR=9.5295e-13 | ‖g‖=nan | satA=nan | satW=nan | εμ=nan | εvar=nan | corr(ε,x)=nan | t=nans
   469 | base=0.786903 | val=0.456005 | acc1=0.8515 | Wμ=0.997 | Aμ=0.999 | Wmax=1.000 | Amax=1.000 |LR=8.2012e-13 | ‖g‖=nan | satA=nan | satW=nan | εμ=nan | εvar=nan | corr(ε,x)=nan | t=nans
   471 | base=0.793736 | val=0.449791 | acc1=0.8489 | Wμ=0.997 | Aμ=0.999 | Wmax=1.000 | Amax=1.000 |LR=7.0581e-13 | ‖g‖=nan | satA=nan | satW=nan | εμ=nan | εvar=nan | corr(ε,x)=nan | t=nans
   473 | base=0.860371 | val=0.452172 | acc1=0.8509 | Wμ=0.997 | Aμ=0.999 | Wmax=1.000 | Amax=1.000 |LR=6.0742e-13 | ‖g‖=nan | satA=nan | satW=nan | εμ=nan | εvar=nan | corr(ε,x)=nan | t=nans
   475 | base=0.783578 | val=0.450462 | acc1=0.8475 | Wμ=0.997 | Aμ=0.999 | Wmax=1.000 | Amax=1.000 |LR=5.2276e-13 | ‖g‖=nan | satA=nan | satW=nan | εμ=nan | εvar=nan | corr(ε,x)=nan | t=nans
   477 | base=0.874891 | val=0.455024 | acc1=0.8514 | Wμ=0.997 | Aμ=0.999 | Wmax=1.000 | Amax=1.000 |LR=4.4989e-13 | ‖g‖=nan | satA=nan | satW=nan | εμ=nan | εvar=nan | corr(ε,x)=nan | t=nans
   479 | base=0.833879 | val=0.455781 | acc1=0.8506 | Wμ=0.997 | Aμ=0.999 | Wmax=1.000 | Amax=1.000 |LR=3.8718e-13 | ‖g‖=nan | satA=nan | satW=nan | εμ=nan | εvar=nan | corr(ε,x)=nan | t=nans
   481 | base=0.872360 | val=0.452122 | acc1=0.8490 | Wμ=0.997 | Aμ=0.999 | Wmax=1.000 | Amax=1.000 |LR=3.3321e-13 | ‖g‖=nan | satA=nan | satW=nan | εμ=nan | εvar=nan | corr(ε,x)=nan | t=nans
   483 | base=0.819515 | val=0.457568 | acc1=0.8459 | Wμ=0.997 | Aμ=0.999 | Wmax=1.000 | Amax=1.000 |LR=2.8677e-13 | ‖g‖=nan | satA=nan | satW=nan | εμ=nan | εvar=nan | corr(ε,x)=nan | t=nans
   485 | base=0.820734 | val=0.457435 | acc1=0.8467 | Wμ=0.997 | Aμ=0.999 | Wmax=1.000 | Amax=1.000 |LR=2.4679e-13 | ‖g‖=nan | satA=nan | satW=nan | εμ=nan | εvar=nan | corr(ε,x)=nan | t=nans
   487 | base=0.863428 | val=0.450242 | acc1=0.8504 | Wμ=0.997 | Aμ=0.999 | Wmax=1.000 | Amax=1.000 |LR=2.1239e-13 | ‖g‖=nan | satA=nan | satW=nan | εμ=nan | εvar=nan | corr(ε,x)=nan | t=nans
   489 | base=0.866874 | val=0.450491 | acc1=0.8482 | Wμ=0.997 | Aμ=0.999 | Wmax=1.000 | Amax=1.000 |LR=1.8279e-13 | ‖g‖=nan | satA=nan | satW=nan | εμ=nan | εvar=nan | corr(ε,x)=nan | t=nans
   491 | base=0.822872 | val=0.453617 | acc1=0.8473 | Wμ=0.997 | Aμ=0.999 | Wmax=1.000 | Amax=1.000 |LR=1.5731e-13 | ‖g‖=nan | satA=nan | satW=nan | εμ=nan | εvar=nan | corr(ε,x)=nan | t=nans
   493 | base=0.881970 | val=0.457810 | acc1=0.8488 | Wμ=0.997 | Aμ=0.999 | Wmax=1.000 | Amax=1.000 |LR=1.3538e-13 | ‖g‖=nan | satA=nan | satW=nan | εμ=nan | εvar=nan | corr(ε,x)=nan | t=nans
   495 | base=0.771359 | val=0.451755 | acc1=0.8502 | Wμ=0.997 | Aμ=0.999 | Wmax=1.000 | Amax=1.000 |LR=1.1651e-13 | ‖g‖=nan | satA=nan | satW=nan | εμ=nan | εvar=nan | corr(ε,x)=nan | t=nans
   497 | base=0.856291 | val=0.450511 | acc1=0.8511 | Wμ=0.997 | Aμ=0.999 | Wmax=1.000 | Amax=1.000 |LR=1.0027e-13 | ‖g‖=nan | satA=nan | satW=nan | εμ=nan | εvar=nan | corr(ε,x)=nan | t=nans
   499 | base=0.858113 | val=0.458313 | acc1=0.8486 | Wμ=0.997 | Aμ=0.999 | Wmax=1.000 | Amax=1.000 |LR=8.6294e-14 | ‖g‖=nan | satA=nan | satW=nan | εμ=nan | εvar=nan | corr(ε,x)=nan | t=nans
   501 | base=0.891516 | val=0.458026 | acc1=0.8459 | Wμ=0.997 | Aμ=0.999 | Wmax=1.000 | Amax=1.000 |LR=7.4266e-14 | ‖g‖=nan | satA=nan | satW=nan | εμ=nan | εvar=nan | corr(ε,x)=nan | t=nans
   503 | base=0.860060 | val=0.450075 | acc1=0.8486 | Wμ=0.997 | Aμ=0.999 | Wmax=1.000 | Amax=1.000 |LR=6.3914e-14 | ‖g‖=nan | satA=nan | satW=nan | εμ=nan | εvar=nan | corr(ε,x)=nan | t=nans
   505 | base=0.891443 | val=0.455033 | acc1=0.8479 | Wμ=0.997 | Aμ=0.999 | Wmax=1.000 | Amax=1.000 |LR=5.5005e-14 | ‖g‖=nan | satA=nan | satW=nan | εμ=nan | εvar=nan | corr(ε,x)=nan | t=nans
   507 | base=0.888655 | val=0.458050 | acc1=0.8478 | Wμ=0.997 | Aμ=0.999 | Wmax=1.000 | Amax=1.000 |LR=4.7338e-14 | ‖g‖=nan | satA=nan | satW=nan | εμ=nan | εvar=nan | corr(ε,x)=nan | t=nans
   509 | base=0.867672 | val=0.456943 | acc1=0.8472 | Wμ=0.997 | Aμ=0.999 | Wmax=1.000 | Amax=1.000 |LR=4.074e-14 | ‖g‖=nan | satA=nan | satW=nan | εμ=nan | εvar=nan | corr(ε,x)=nan | t=nans
   511 | base=0.807588 | val=0.462986 | acc1=0.8503 | Wμ=0.997 | Aμ=0.999 | Wmax=1.000 | Amax=1.000 |LR=3.5061e-14 | ‖g‖=nan | satA=nan | satW=nan | εμ=nan | εvar=nan | corr(ε,x)=nan | t=nans
   513 | base=0.782710 | val=0.449208 | acc1=0.8497 | Wμ=0.997 | Aμ=0.999 | Wmax=1.000 | Amax=1.000 |LR=3.0174e-14 | ‖g‖=nan | satA=nan | satW=nan | εμ=nan | εvar=nan | corr(ε,x)=nan | t=nans
   515 | base=0.817416 | val=0.456879 | acc1=0.8451 | Wμ=0.997 | Aμ=0.999 | Wmax=1.000 | Amax=1.000 |LR=2.5968e-14 | ‖g‖=nan | satA=nan | satW=nan | εμ=nan | εvar=nan | corr(ε,x)=nan | t=nans
   517 | base=0.870974 | val=0.455957 | acc1=0.8469 | Wμ=0.997 | Aμ=0.999 | Wmax=1.000 | Amax=1.000 |LR=2.2348e-14 | ‖g‖=nan | satA=nan | satW=nan | εμ=nan | εvar=nan | corr(ε,x)=nan | t=nans
   519 | base=0.801863 | val=0.461554 | acc1=0.8458 | Wμ=0.997 | Aμ=0.999 | Wmax=1.000 | Amax=1.000 |LR=1.9233e-14 | ‖g‖=nan | satA=nan | satW=nan | εμ=nan | εvar=nan | corr(ε,x)=nan | t=nans
   521 | base=0.864314 | val=0.459616 | acc1=0.8485 | Wμ=0.997 | Aμ=0.999 | Wmax=1.000 | Amax=1.000 |LR=1.6552e-14 | ‖g‖=nan | satA=nan | satW=nan | εμ=nan | εvar=nan | corr(ε,x)=nan | t=nans
   523 | base=0.800782 | val=0.449195 | acc1=0.8493 | Wμ=0.997 | Aμ=0.999 | Wmax=1.000 | Amax=1.000 |LR=1.4245e-14 | ‖g‖=nan | satA=nan | satW=nan | εμ=nan | εvar=nan | corr(ε,x)=nan | t=nans
   525 | base=0.871862 | val=0.462344 | acc1=0.8450 | Wμ=0.997 | Aμ=0.999 | Wmax=1.000 | Amax=1.000 |LR=1.2259e-14 | ‖g‖=nan | satA=nan | satW=nan | εμ=nan | εvar=nan | corr(ε,x)=nan | t=nans
   527 | base=0.879308 | val=0.454300 | acc1=0.8505 | Wμ=0.997 | Aμ=0.999 | Wmax=1.000 | Amax=1.000 |LR=1.0551e-14 | ‖g‖=nan | satA=nan | satW=nan | εμ=nan | εvar=nan | corr(ε,x)=nan | t=nans
   529 | base=0.865119 | val=0.450460 | acc1=0.8515 | Wμ=0.997 | Aμ=0.999 | Wmax=1.000 | Amax=1.000 |LR=9.08e-15 | ‖g‖=nan | satA=nan | satW=nan | εμ=nan | εvar=nan | corr(ε,x)=nan | t=nans
