     0 | base=nan | val=nan | acc1=0.9282 | Wμ=nan | Aμ=nan | Wmax=nan | Amax=nan |LR=nan | t=nans
     0 | base=nan | val=0.236706 | acc1=0.9282 | Wμ=11.186 | Aμ=20.000 | Wmax=12.916 | Amax=13.744 |LR=nan | t=nans
     0 | base=nan | val=0.236786 | acc1=0.9280 | Wμ=9.786 | Aμ=20.000 | Wmax=10.000 | Amax=13.743 |LR=nan | t=nans
     0 | base=nan | val=0.236885 | acc1=0.9282 | Wμ=9.786 | Aμ=10.000 | Wmax=10.000 | Amax=9.994 |LR=nan | t=nans
# epoch | BaseLoss | ValLoss | Acc@1 | MeanWBits | MeanABits | MaxWBits | MaxABits | LR | EpochTime(s)
     0 | base=nan | val=0.213740 | acc1=0.9350 | Wμ=9.786 | Aμ=10.000 | Wmax=10.000 | Amax=10.000 |LR=nan | t=nans
     0 | base=0.004224 | val=0.237153 | acc1=0.9278 | Wμ=9.786 | Aμ=10.001 | Wmax=10.003 | Amax=9.995 |LR=0.00049 | t=10.31s
     1 | base=0.003419 | val=0.240080 | acc1=0.9261 | Wμ=9.786 | Aμ=10.003 | Wmax=10.007 | Amax=9.996 |LR=0.00099 | t=9.22s
     2 | base=0.005678 | val=0.241508 | acc1=0.9249 | Wμ=9.786 | Aμ=10.006 | Wmax=10.018 | Amax=9.998 |LR=0.00149 | t=9.37s
     3 | base=0.007781 | val=0.238751 | acc1=0.9248 | Wμ=9.788 | Aμ=10.014 | Wmax=10.039 | Amax=10.007 |LR=0.00199 | t=9.30s
     4 | base=0.027388 | val=0.256615 | acc1=0.9207 | Wμ=9.792 | Aμ=10.021 | Wmax=10.090 | Amax=10.009 |LR=0.00249 | t=9.32s
     5 | base=0.042832 | val=0.258214 | acc1=0.9210 | Wμ=9.799 | Aμ=10.025 | Wmax=10.118 | Amax=10.023 |LR=0.00299 | t=9.29s
     6 | base=0.077110 | val=0.275478 | acc1=0.9117 | Wμ=9.811 | Aμ=10.039 | Wmax=10.174 | Amax=10.048 |LR=0.00349 | t=9.31s
     7 | base=0.105856 | val=0.331874 | acc1=0.8945 | Wμ=9.834 | Aμ=10.053 | Wmax=10.261 | Amax=10.063 |LR=0.00399 | t=9.28s
     8 | base=0.100573 | val=0.299151 | acc1=0.9054 | Wμ=9.853 | Aμ=10.065 | Wmax=10.343 | Amax=10.098 |LR=0.00449 | t=9.25s
     9 | base=0.128691 | val=0.327314 | acc1=0.8946 | Wμ=9.879 | Aμ=10.080 | Wmax=10.420 | Amax=10.083 |LR=0.00499 | t=9.28s
    10 | base=0.125544 | val=0.289618 | acc1=0.9106 | Wμ=9.909 | Aμ=10.088 | Wmax=10.505 | Amax=10.120 |LR=0.00549 | t=9.26s
    11 | base=0.154878 | val=0.313644 | acc1=0.9004 | Wμ=9.939 | Aμ=10.085 | Wmax=10.570 | Amax=10.110 |LR=0.00599 | t=9.27s
    12 | base=0.145978 | val=0.344878 | acc1=0.8916 | Wμ=9.977 | Aμ=10.078 | Wmax=10.648 | Amax=10.160 |LR=0.00649 | t=9.22s
    13 | base=0.158297 | val=0.354013 | acc1=0.8891 | Wμ=10.019 | Aμ=10.084 | Wmax=10.736 | Amax=10.244 |LR=0.00699 | t=9.26s
    14 | base=0.197626 | val=0.341168 | acc1=0.8923 | Wμ=10.063 | Aμ=10.091 | Wmax=10.861 | Amax=10.283 |LR=0.00749 | t=9.30s
    15 | base=0.204326 | val=0.355384 | acc1=0.8903 | Wμ=10.104 | Aμ=10.113 | Wmax=10.977 | Amax=10.277 |LR=0.00799 | t=9.27s
    16 | base=0.206727 | val=0.321980 | acc1=0.8992 | Wμ=10.155 | Aμ=10.132 | Wmax=11.044 | Amax=10.279 |LR=0.00849 | t=9.32s
    17 | base=0.210227 | val=0.415044 | acc1=0.8737 | Wμ=10.204 | Aμ=10.154 | Wmax=11.089 | Amax=10.332 |LR=0.00899 | t=9.25s
    18 | base=0.196855 | val=0.373870 | acc1=0.8827 | Wμ=10.251 | Aμ=10.170 | Wmax=11.199 | Amax=10.417 |LR=0.00949 | t=9.28s
    19 | base=0.245230 | val=0.326384 | acc1=0.9010 | Wμ=10.301 | Aμ=10.174 | Wmax=11.287 | Amax=10.462 |LR=0.00999 | t=9.26s
    20 | base=0.220824 | val=0.328835 | acc1=0.8946 | Wμ=8.999 | Aμ=9.291 | Wmax=9.869 | Amax=10.185 |LR=0.01 | t=9.24s
    21 | base=0.199596 | val=0.335521 | acc1=0.8922 | Wμ=7.334 | Aμ=8.032 | Wmax=7.966 | Amax=9.577 |LR=0.01 | t=9.24s
    22 | base=0.167864 | val=0.358114 | acc1=0.8873 | Wμ=5.875 | Aμ=6.917 | Wmax=6.658 | Amax=8.577 |LR=0.01 | t=9.27s
    23 | base=0.236771 | val=0.379115 | acc1=0.8890 | Wμ=4.613 | Aμ=5.995 | Wmax=5.524 | Amax=7.539 |LR=0.01 | t=9.24s
    24 | base=0.250491 | val=0.442880 | acc1=0.8642 | Wμ=3.539 | Aμ=5.332 | Wmax=4.807 | Amax=6.644 |LR=0.01 | t=9.27s
    25 | base=0.340142 | val=0.486850 | acc1=0.8531 | Wμ=2.675 | Aμ=4.942 | Wmax=4.170 | Amax=6.109 |LR=0.01 | t=9.25s
    26 | base=0.587346 | val=0.762836 | acc1=0.8051 | Wμ=2.065 | Aμ=4.673 | Wmax=3.700 | Amax=5.672 |LR=0.01 | t=9.27s
    27 | base=0.681886 | val=0.887608 | acc1=0.7711 | Wμ=1.687 | Aμ=4.623 | Wmax=3.459 | Amax=5.285 |LR=0.01 | t=9.23s
    28 | base=0.801131 | val=2.542641 | acc1=0.4896 | Wμ=1.466 | Aμ=4.391 | Wmax=3.322 | Amax=5.248 |LR=0.01 | t=9.29s
    29 | base=0.765060 | val=1.040627 | acc1=0.6991 | Wμ=1.316 | Aμ=4.026 | Wmax=3.000 | Amax=4.907 |LR=0.01 | t=9.27s
    30 | base=0.831073 | val=1.333994 | acc1=0.6502 | Wμ=1.201 | Aμ=3.475 | Wmax=2.585 | Amax=4.170 |LR=0.01 | t=9.29s
    31 | base=0.736052 | val=1.050656 | acc1=0.6907 | Wμ=1.125 | Aμ=2.948 | Wmax=2.322 | Amax=3.585 |LR=0.01 | t=9.30s
    32 | base=0.844892 | val=1.481843 | acc1=0.6001 | Wμ=1.080 | Aμ=2.615 | Wmax=2.322 | Amax=3.170 |LR=0.01 | t=9.32s
    33 | base=0.855616 | val=1.082124 | acc1=0.6863 | Wμ=1.047 | Aμ=2.320 | Wmax=2.322 | Amax=2.807 |LR=0.01 | t=9.28s
    34 | base=0.890330 | val=0.640037 | acc1=0.7887 | Wμ=1.029 | Aμ=2.111 | Wmax=2.000 | Amax=2.585 |LR=0.01 | t=9.31s
    35 | base=0.958894 | val=1.094978 | acc1=0.6604 | Wμ=1.018 | Aμ=1.966 | Wmax=2.000 | Amax=2.322 |LR=0.01 | t=9.29s
    36 | base=1.079084 | val=1.043220 | acc1=0.6669 | Wμ=1.014 | Aμ=1.808 | Wmax=2.000 | Amax=2.322 |LR=0.01 | t=9.27s
    37 | base=1.016596 | val=0.813486 | acc1=0.7456 | Wμ=1.009 | Aμ=1.695 | Wmax=2.000 | Amax=2.000 |LR=0.01 | t=9.32s
    38 | base=1.165903 | val=1.078351 | acc1=0.6407 | Wμ=1.004 | Aμ=1.542 | Wmax=1.585 | Amax=2.000 |LR=0.01 | t=9.30s
    39 | base=1.138466 | val=3.102110 | acc1=0.3517 | Wμ=1.000 | Aμ=1.473 | Wmax=1.585 | Amax=2.000 |LR=0.01 | t=9.30s
    40 | base=1.225747 | val=1.735894 | acc1=0.4810 | Wμ=0.994 | Aμ=1.385 | Wmax=1.585 | Amax=1.585 |LR=0.01 | t=9.30s
    41 | base=1.153525 | val=1.702354 | acc1=0.5094 | Wμ=0.991 | Aμ=1.314 | Wmax=1.585 | Amax=1.585 |LR=0.01 | t=9.26s
    42 | base=1.282912 | val=1.170973 | acc1=0.6277 | Wμ=0.988 | Aμ=1.244 | Wmax=1.585 | Amax=1.585 |LR=0.01 | t=9.31s
    43 | base=1.182760 | val=1.182937 | acc1=0.6890 | Wμ=0.986 | Aμ=1.175 | Wmax=1.585 | Amax=1.585 |LR=0.01 | t=9.28s
    44 | base=1.451990 | val=0.870130 | acc1=0.7034 | Wμ=0.984 | Aμ=1.171 | Wmax=1.585 | Amax=1.585 |LR=0.01 | t=9.28s
    45 | base=1.232061 | val=0.914492 | acc1=0.6939 | Wμ=0.982 | Aμ=1.148 | Wmax=1.000 | Amax=1.585 |LR=0.01 | t=9.30s
    46 | base=1.350392 | val=1.484865 | acc1=0.5900 | Wμ=0.980 | Aμ=1.132 | Wmax=1.000 | Amax=1.585 |LR=0.01 | t=9.32s
    47 | base=1.232290 | val=1.018136 | acc1=0.6891 | Wμ=0.981 | Aμ=1.103 | Wmax=1.000 | Amax=1.585 |LR=0.01 | t=9.31s
    48 | base=1.417622 | val=0.809339 | acc1=0.7334 | Wμ=0.979 | Aμ=1.067 | Wmax=1.000 | Amax=1.585 |LR=0.01 | t=9.34s
    49 | base=1.367272 | val=1.221195 | acc1=0.6402 | Wμ=0.978 | Aμ=1.046 | Wmax=1.000 | Amax=1.000 |LR=0.01 | t=9.29s
    50 | base=1.325832 | val=1.017214 | acc1=0.6961 | Wμ=0.978 | Aμ=1.037 | Wmax=1.000 | Amax=1.000 |LR=0.0092908 | t=9.30s
    51 | base=1.259926 | val=0.790952 | acc1=0.7424 | Wμ=0.978 | Aμ=0.996 | Wmax=1.000 | Amax=1.000 |LR=0.008619 | t=9.31s
    52 | base=1.291064 | val=2.025832 | acc1=0.4671 | Wμ=0.977 | Aμ=0.990 | Wmax=1.000 | Amax=1.000 |LR=0.0079958 | t=9.31s
    53 | base=1.154512 | val=0.922002 | acc1=0.7121 | Wμ=0.977 | Aμ=0.990 | Wmax=1.000 | Amax=1.000 |LR=0.0074176 | t=9.29s
    54 | base=1.158323 | val=0.902435 | acc1=0.7126 | Wμ=0.978 | Aμ=0.994 | Wmax=1.000 | Amax=1.000 |LR=0.0068813 | t=9.30s
    55 | base=1.257493 | val=0.721645 | acc1=0.7708 | Wμ=0.977 | Aμ=0.987 | Wmax=1.000 | Amax=1.000 |LR=0.0063837 | t=9.30s
    56 | base=1.174395 | val=0.896437 | acc1=0.7259 | Wμ=0.977 | Aμ=0.987 | Wmax=1.000 | Amax=1.000 |LR=0.0059221 | t=9.33s
    57 | base=1.166753 | val=1.051836 | acc1=0.6827 | Wμ=0.978 | Aμ=0.992 | Wmax=1.000 | Amax=1.000 |LR=0.0054939 | t=9.30s
    58 | base=1.221958 | val=0.836684 | acc1=0.7342 | Wμ=0.979 | Aμ=0.990 | Wmax=1.000 | Amax=1.000 |LR=0.0050966 | t=9.34s
    59 | base=1.160162 | val=1.653761 | acc1=0.5510 | Wμ=0.977 | Aμ=0.995 | Wmax=1.000 | Amax=1.000 |LR=0.0047281 | t=9.34s
    60 | base=1.223694 | val=0.866869 | acc1=0.7297 | Wμ=0.978 | Aμ=0.992 | Wmax=1.000 | Amax=1.000 |LR=0.0043862 | t=9.32s
    61 | base=1.184796 | val=0.702588 | acc1=0.7732 | Wμ=0.978 | Aμ=0.986 | Wmax=1.000 | Amax=1.000 |LR=0.0040691 | t=9.36s
    62 | base=1.178519 | val=0.825095 | acc1=0.7342 | Wμ=0.978 | Aμ=0.992 | Wmax=1.000 | Amax=1.000 |LR=0.0037748 | t=9.33s
    63 | base=1.063618 | val=0.876931 | acc1=0.7223 | Wμ=0.979 | Aμ=0.982 | Wmax=1.000 | Amax=1.000 |LR=0.0035019 | t=9.35s
    64 | base=1.192108 | val=0.868144 | acc1=0.7254 | Wμ=0.979 | Aμ=0.988 | Wmax=1.000 | Amax=1.000 |LR=0.0032487 | t=9.35s
    65 | base=1.189330 | val=0.961098 | acc1=0.7044 | Wμ=0.980 | Aμ=0.991 | Wmax=1.000 | Amax=1.000 |LR=0.0030138 | t=9.35s
    66 | base=1.056221 | val=1.222740 | acc1=0.6394 | Wμ=0.980 | Aμ=0.994 | Wmax=1.000 | Amax=1.000 |LR=0.0027958 | t=9.31s
    67 | base=1.056182 | val=1.123762 | acc1=0.6694 | Wμ=0.981 | Aμ=0.993 | Wmax=1.000 | Amax=1.000 |LR=0.0025937 | t=9.32s
    68 | base=1.126218 | val=0.978518 | acc1=0.6917 | Wμ=0.980 | Aμ=0.991 | Wmax=1.000 | Amax=1.000 |LR=0.0024061 | t=9.31s
    69 | base=1.116165 | val=0.878020 | acc1=0.7264 | Wμ=0.980 | Aμ=0.993 | Wmax=1.000 | Amax=1.000 |LR=0.0022321 | t=9.35s
