     0 | base=nan | val=nan | acc1=0.9282 | Wμ=nan | Aμ=nan | Wmax=nan | Amax=nan |LR=nan | t=nans
     0 | base=nan | val=0.236706 | acc1=0.9282 | Wμ=11.186 | Aμ=20.000 | Wmax=12.916 | Amax=13.744 |LR=nan | t=nans
     0 | base=nan | val=0.236786 | acc1=0.9280 | Wμ=9.786 | Aμ=20.000 | Wmax=10.000 | Amax=13.743 |LR=nan | t=nans
     0 | base=nan | val=0.236885 | acc1=0.9282 | Wμ=9.786 | Aμ=10.000 | Wmax=10.000 | Amax=9.994 |LR=nan | t=nans
# epoch | BaseLoss | ValLoss | Acc@1 | MeanWBits | MeanABits | MaxWBits | MaxABits | LR | EpochTime(s)
     0 | base=nan | val=0.213740 | acc1=0.9350 | Wμ=9.786 | Aμ=10.000 | Wmax=10.000 | Amax=10.000 |LR=nan | t=nans
     0 | base=0.003591 | val=0.237044 | acc1=0.9269 | Wμ=9.786 | Aμ=10.001 | Wmax=10.004 | Amax=9.993 |LR=0.00098 | t=10.44s
     1 | base=0.004331 | val=0.237330 | acc1=0.9258 | Wμ=9.786 | Aμ=10.005 | Wmax=10.018 | Amax=9.993 |LR=0.00198 | t=9.31s
     2 | base=0.013542 | val=0.241492 | acc1=0.9244 | Wμ=9.788 | Aμ=10.015 | Wmax=10.046 | Amax=9.997 |LR=0.00298 | t=9.35s
     3 | base=0.040135 | val=0.274734 | acc1=0.9136 | Wμ=9.796 | Aμ=10.026 | Wmax=10.125 | Amax=10.003 |LR=0.00398 | t=9.32s
     4 | base=0.072401 | val=0.293972 | acc1=0.9068 | Wμ=9.816 | Aμ=10.030 | Wmax=10.206 | Amax=10.019 |LR=0.00498 | t=9.28s
     5 | base=0.102755 | val=0.316456 | acc1=0.9003 | Wμ=9.845 | Aμ=10.040 | Wmax=10.324 | Amax=10.042 |LR=0.00598 | t=9.28s
     6 | base=0.173113 | val=0.354982 | acc1=0.8910 | Wμ=9.880 | Aμ=10.053 | Wmax=10.366 | Amax=10.073 |LR=0.00698 | t=9.30s
     7 | base=0.157158 | val=0.322976 | acc1=0.8987 | Wμ=9.923 | Aμ=10.062 | Wmax=10.557 | Amax=10.080 |LR=0.00798 | t=9.46s
     8 | base=0.228732 | val=0.415201 | acc1=0.8708 | Wμ=9.973 | Aμ=10.077 | Wmax=10.731 | Amax=10.173 |LR=0.00898 | t=9.28s
     9 | base=0.263589 | val=0.356087 | acc1=0.8872 | Wμ=10.035 | Aμ=10.111 | Wmax=11.013 | Amax=10.171 |LR=0.00998 | t=9.31s
    10 | base=0.258202 | val=0.359312 | acc1=0.8877 | Wμ=10.095 | Aμ=10.134 | Wmax=11.048 | Amax=10.219 |LR=0.01098 | t=9.32s
    11 | base=0.283885 | val=0.432707 | acc1=0.8641 | Wμ=10.162 | Aμ=10.130 | Wmax=11.092 | Amax=10.241 |LR=0.01198 | t=9.32s
    12 | base=0.248791 | val=0.362345 | acc1=0.8856 | Wμ=10.232 | Aμ=10.154 | Wmax=11.239 | Amax=10.290 |LR=0.01298 | t=9.32s
    13 | base=0.306495 | val=0.508189 | acc1=0.8490 | Wμ=10.302 | Aμ=10.176 | Wmax=11.466 | Amax=10.378 |LR=0.01398 | t=9.30s
    14 | base=0.286331 | val=0.374784 | acc1=0.8843 | Wμ=10.379 | Aμ=10.182 | Wmax=11.627 | Amax=10.316 |LR=0.01498 | t=9.34s
    15 | base=0.352340 | val=0.410715 | acc1=0.8775 | Wμ=10.446 | Aμ=10.213 | Wmax=11.747 | Amax=10.453 |LR=0.01598 | t=9.35s
    16 | base=0.269443 | val=0.370501 | acc1=0.8839 | Wμ=10.514 | Aμ=10.233 | Wmax=11.977 | Amax=10.517 |LR=0.01698 | t=9.30s
    17 | base=0.312757 | val=0.358858 | acc1=0.8879 | Wμ=10.588 | Aμ=10.288 | Wmax=12.264 | Amax=10.550 |LR=0.01798 | t=9.31s
    18 | base=0.257435 | val=0.445693 | acc1=0.8587 | Wμ=10.658 | Aμ=10.311 | Wmax=12.347 | Amax=10.562 |LR=0.01898 | t=9.33s
    19 | base=0.260877 | val=0.501419 | acc1=0.8510 | Wμ=10.729 | Aμ=10.318 | Wmax=12.284 | Amax=10.719 |LR=0.01998 | t=9.29s
    20 | base=0.292898 | val=0.405755 | acc1=0.8776 | Wμ=7.592 | Aμ=7.829 | Wmax=8.928 | Amax=9.756 |LR=0.02 | t=9.31s
    21 | base=0.312617 | val=0.402654 | acc1=0.8698 | Wμ=4.337 | Aμ=5.364 | Wmax=5.644 | Amax=6.870 |LR=0.02 | t=9.34s
    22 | base=0.640850 | val=1.085449 | acc1=0.6948 | Wμ=2.188 | Aμ=4.642 | Wmax=3.459 | Amax=5.728 |LR=0.02 | t=9.29s
    23 | base=1.096481 | val=5.261075 | acc1=0.2453 | Wμ=1.452 | Aμ=4.477 | Wmax=3.807 | Amax=5.358 |LR=0.02 | t=9.31s
    24 | base=0.977785 | val=3.297932 | acc1=0.5311 | Wμ=1.216 | Aμ=3.613 | Wmax=3.000 | Amax=4.524 |LR=0.02 | t=9.31s
    25 | base=1.014233 | val=1.211595 | acc1=0.6280 | Wμ=1.096 | Aμ=2.690 | Wmax=2.585 | Amax=3.585 |LR=0.02 | t=9.34s
    26 | base=1.158186 | val=1.396027 | acc1=0.5764 | Wμ=1.032 | Aμ=2.136 | Wmax=2.000 | Amax=2.585 |LR=0.02 | t=9.34s
    27 | base=1.077299 | val=1.295093 | acc1=0.6551 | Wμ=1.013 | Aμ=1.760 | Wmax=2.000 | Amax=2.322 |LR=0.02 | t=9.35s
    28 | base=1.375951 | val=2.246052 | acc1=0.5337 | Wμ=0.998 | Aμ=1.558 | Wmax=2.000 | Amax=2.000 |LR=0.02 | t=9.36s
    29 | base=1.477848 | val=1.818817 | acc1=0.5240 | Wμ=0.991 | Aμ=1.389 | Wmax=2.000 | Amax=2.000 |LR=0.02 | t=9.37s
    30 | base=1.420848 | val=3.131531 | acc1=0.3377 | Wμ=0.986 | Aμ=1.266 | Wmax=2.000 | Amax=1.585 |LR=0.02 | t=9.34s
    31 | base=1.327350 | val=1.516901 | acc1=0.5658 | Wμ=0.978 | Aμ=1.196 | Wmax=1.585 | Amax=1.585 |LR=0.02 | t=9.46s
    32 | base=1.587781 | val=1.303998 | acc1=0.5740 | Wμ=0.974 | Aμ=1.138 | Wmax=1.585 | Amax=1.585 |LR=0.02 | t=9.35s
    33 | base=1.698632 | val=2.304299 | acc1=0.4634 | Wμ=0.969 | Aμ=1.080 | Wmax=1.585 | Amax=1.585 |LR=0.02 | t=9.36s
    34 | base=1.555344 | val=1.062556 | acc1=0.6549 | Wμ=0.966 | Aμ=1.047 | Wmax=1.000 | Amax=1.000 |LR=0.02 | t=9.34s
    35 | base=1.534506 | val=1.087574 | acc1=0.6613 | Wμ=0.965 | Aμ=1.003 | Wmax=1.000 | Amax=1.000 |LR=0.018582 | t=9.36s
    36 | base=1.388663 | val=1.062333 | acc1=0.6715 | Wμ=0.963 | Aμ=0.982 | Wmax=1.000 | Amax=1.000 |LR=0.017238 | t=9.37s
    37 | base=1.238486 | val=0.815660 | acc1=0.7338 | Wμ=0.962 | Aμ=0.977 | Wmax=1.000 | Amax=1.000 |LR=0.015992 | t=9.35s
    38 | base=1.380471 | val=1.232317 | acc1=0.6197 | Wμ=0.964 | Aμ=0.978 | Wmax=1.000 | Amax=1.000 |LR=0.014835 | t=9.42s
    39 | base=1.232075 | val=0.746595 | acc1=0.7494 | Wμ=0.964 | Aμ=0.976 | Wmax=1.000 | Amax=1.000 |LR=0.013763 | t=9.35s
    40 | base=1.368472 | val=1.375173 | acc1=0.6011 | Wμ=0.963 | Aμ=0.973 | Wmax=1.000 | Amax=1.000 |LR=0.012767 | t=9.41s
    41 | base=1.359290 | val=0.912077 | acc1=0.7187 | Wμ=0.964 | Aμ=0.974 | Wmax=1.000 | Amax=1.000 |LR=0.011844 | t=9.36s
    42 | base=1.268136 | val=0.882180 | acc1=0.7145 | Wμ=0.965 | Aμ=0.969 | Wmax=1.000 | Amax=1.000 |LR=0.010988 | t=9.40s
    43 | base=1.215367 | val=0.881722 | acc1=0.7084 | Wμ=0.964 | Aμ=0.972 | Wmax=1.000 | Amax=1.000 |LR=0.010193 | t=9.39s
    44 | base=1.255542 | val=1.921987 | acc1=0.5465 | Wμ=0.964 | Aμ=0.965 | Wmax=1.000 | Amax=1.000 |LR=0.0094562 | t=9.34s
    45 | base=1.346868 | val=0.905596 | acc1=0.7049 | Wμ=0.963 | Aμ=0.968 | Wmax=1.000 | Amax=1.000 |LR=0.0087724 | t=9.34s
    46 | base=1.270081 | val=0.868638 | acc1=0.7155 | Wμ=0.965 | Aμ=0.974 | Wmax=1.000 | Amax=1.000 |LR=0.0081381 | t=9.35s
    47 | base=1.109984 | val=0.782636 | acc1=0.7433 | Wμ=0.965 | Aμ=0.977 | Wmax=1.000 | Amax=1.000 |LR=0.0075497 | t=9.33s
    48 | base=1.143437 | val=0.956126 | acc1=0.7081 | Wμ=0.966 | Aμ=0.967 | Wmax=1.000 | Amax=1.000 |LR=0.0070037 | t=9.34s
    49 | base=1.101089 | val=0.939937 | acc1=0.7117 | Wμ=0.966 | Aμ=0.956 | Wmax=1.000 | Amax=1.000 |LR=0.0064973 | t=9.39s
