     0 | base=nan | val=0.236715 | acc1=nan | Wμ=nan | Aμ=nan | Wmax=nan | Amax=nan |LR=nan | ‖g‖=nan | satA=nan | satW=nan | εμ=nan | εvar=nan | corr(ε,x)=nan | t=nans
     0 | base=nan | val=0.236732 | acc1=0.9282 | Wμ=11.186 | Aμ=20.000 | Wmax=12.916 | Amax=13.744 |LR=nan | ‖g‖=nan | satA=nan | satW=nan | εμ=nan | εvar=nan | corr(ε,x)=nan | t=nans
     0 | base=nan | val=0.236786 | acc1=0.9281 | Wμ=9.786 | Aμ=20.000 | Wmax=10.000 | Amax=13.743 |LR=nan | ‖g‖=nan | satA=nan | satW=nan | εμ=nan | εvar=nan | corr(ε,x)=nan | t=nans
     0 | base=nan | val=0.236878 | acc1=0.9281 | Wμ=9.786 | Aμ=10.000 | Wmax=10.000 | Amax=9.994 |LR=nan | ‖g‖=nan | satA=nan | satW=nan | εμ=nan | εvar=nan | corr(ε,x)=nan | t=nans
# epoch | BaseLoss | ValLoss | Acc@1 | MeanWBits | MeanABits | MaxWBits | MaxABits | LR | GradNorm | WSat | ASat | NoiseMean | NoiseVar | NoiseCorr | Temp | EpochTime(s)
     0 | base=nan | val=0.213726 | acc1=0.9335 | Wμ=9.786 | Aμ=10.000 | Wmax=10.000 | Amax=10.000 |LR=nan | ‖g‖=nan | satA=nan | satW=nan | εμ=nan | εvar=nan | corr(ε,x)=nan | t=nans
     1 | base=0.002987 | val=0.236452 | acc1=0.9275 | Wμ=9.786 | Aμ=10.001 | Wmax=10.003 | Amax=9.995 |LR=0.000198 | ‖g‖=nan | satA=nan | satW=nan | εμ=nan | εvar=nan | corr(ε,x)=nan | t=nans
     3 | base=0.002393 | val=0.238484 | acc1=0.9263 | Wμ=9.786 | Aμ=10.003 | Wmax=10.007 | Amax=9.997 |LR=0.000398 | ‖g‖=nan | satA=nan | satW=nan | εμ=nan | εvar=nan | corr(ε,x)=nan | t=nans
     5 | base=0.004187 | val=0.237977 | acc1=0.9269 | Wμ=9.786 | Aμ=10.009 | Wmax=10.013 | Amax=9.998 |LR=0.000598 | ‖g‖=nan | satA=nan | satW=nan | εμ=nan | εvar=nan | corr(ε,x)=nan | t=nans
     7 | base=0.004840 | val=0.237312 | acc1=0.9266 | Wμ=9.788 | Aμ=10.019 | Wmax=10.024 | Amax=10.014 |LR=0.000798 | ‖g‖=nan | satA=nan | satW=nan | εμ=nan | εvar=nan | corr(ε,x)=nan | t=nans
     9 | base=0.007251 | val=0.240461 | acc1=0.9235 | Wμ=9.790 | Aμ=10.028 | Wmax=10.053 | Amax=10.016 |LR=0.000998 | ‖g‖=nan | satA=nan | satW=nan | εμ=nan | εvar=nan | corr(ε,x)=nan | t=nans
    11 | base=0.014371 | val=0.247824 | acc1=0.9218 | Wμ=9.794 | Aμ=10.040 | Wmax=10.065 | Amax=10.030 |LR=0.001198 | ‖g‖=nan | satA=nan | satW=nan | εμ=nan | εvar=nan | corr(ε,x)=nan | t=nans
    13 | base=0.022681 | val=0.244073 | acc1=0.9224 | Wμ=9.803 | Aμ=10.050 | Wmax=10.107 | Amax=10.043 |LR=0.001398 | ‖g‖=nan | satA=nan | satW=nan | εμ=nan | εvar=nan | corr(ε,x)=nan | t=nans
    15 | base=0.039908 | val=0.262063 | acc1=0.9178 | Wμ=9.816 | Aμ=10.069 | Wmax=10.164 | Amax=10.066 |LR=0.001598 | ‖g‖=nan | satA=nan | satW=nan | εμ=nan | εvar=nan | corr(ε,x)=nan | t=nans
    17 | base=0.041240 | val=0.260137 | acc1=0.9187 | Wμ=9.831 | Aμ=10.078 | Wmax=10.225 | Amax=10.083 |LR=0.001798 | ‖g‖=nan | satA=nan | satW=nan | εμ=nan | εvar=nan | corr(ε,x)=nan | t=nans
    19 | base=0.047873 | val=0.252522 | acc1=0.9214 | Wμ=9.846 | Aμ=10.095 | Wmax=10.353 | Amax=10.094 |LR=0.001998 | ‖g‖=nan | satA=nan | satW=nan | εμ=nan | εvar=nan | corr(ε,x)=nan | t=nans
    21 | base=0.040858 | val=0.259492 | acc1=0.9175 | Wμ=9.602 | Aμ=9.836 | Wmax=9.938 | Amax=10.005 |LR=0.002 | ‖g‖=nan | satA=nan | satW=nan | εμ=nan | εvar=nan | corr(ε,x)=nan | t=nans
    23 | base=0.042289 | val=0.261573 | acc1=0.9179 | Wμ=9.084 | Aμ=9.509 | Wmax=9.615 | Amax=9.930 |LR=0.002 | ‖g‖=nan | satA=nan | satW=nan | εμ=nan | εvar=nan | corr(ε,x)=nan | t=nans
    25 | base=0.042323 | val=0.258462 | acc1=0.9178 | Wμ=8.610 | Aμ=9.204 | Wmax=9.243 | Amax=9.887 |LR=0.002 | ‖g‖=nan | satA=nan | satW=nan | εμ=nan | εvar=nan | corr(ε,x)=nan | t=nans
    27 | base=0.035740 | val=0.262838 | acc1=0.9150 | Wμ=8.160 | Aμ=8.873 | Wmax=8.877 | Amax=9.783 |LR=0.002 | ‖g‖=nan | satA=nan | satW=nan | εμ=nan | εvar=nan | corr(ε,x)=nan | t=nans
    29 | base=0.040621 | val=0.264007 | acc1=0.9184 | Wμ=7.724 | Aμ=8.524 | Wmax=8.520 | Amax=9.642 |LR=0.002 | ‖g‖=nan | satA=nan | satW=nan | εμ=nan | εvar=nan | corr(ε,x)=nan | t=nans
    31 | base=0.037714 | val=0.251093 | acc1=0.9199 | Wμ=7.312 | Aμ=8.172 | Wmax=8.180 | Amax=9.488 |LR=0.002 | ‖g‖=nan | satA=nan | satW=nan | εμ=nan | εvar=nan | corr(ε,x)=nan | t=nans
    33 | base=0.044195 | val=0.256869 | acc1=0.9188 | Wμ=6.902 | Aμ=7.835 | Wmax=7.845 | Amax=9.267 |LR=0.002 | ‖g‖=nan | satA=nan | satW=nan | εμ=nan | εvar=nan | corr(ε,x)=nan | t=nans
    35 | base=0.042699 | val=0.249453 | acc1=0.9212 | Wμ=6.515 | Aμ=7.519 | Wmax=7.508 | Amax=9.070 |LR=0.002 | ‖g‖=nan | satA=nan | satW=nan | εμ=nan | εvar=nan | corr(ε,x)=nan | t=nans
    37 | base=0.040835 | val=0.251923 | acc1=0.9215 | Wμ=6.128 | Aμ=7.222 | Wmax=7.200 | Amax=8.849 |LR=0.002 | ‖g‖=nan | satA=nan | satW=nan | εμ=nan | εvar=nan | corr(ε,x)=nan | t=nans
    39 | base=0.052088 | val=0.263269 | acc1=0.9203 | Wμ=5.758 | Aμ=6.936 | Wmax=6.870 | Amax=8.610 |LR=0.002 | ‖g‖=nan | satA=nan | satW=nan | εμ=nan | εvar=nan | corr(ε,x)=nan | t=nans
    41 | base=0.048334 | val=0.278050 | acc1=0.9137 | Wμ=5.392 | Aμ=6.666 | Wmax=6.555 | Amax=8.384 |LR=0.002 | ‖g‖=nan | satA=nan | satW=nan | εμ=nan | εvar=nan | corr(ε,x)=nan | t=nans
    43 | base=0.053552 | val=0.266214 | acc1=0.9166 | Wμ=5.034 | Aμ=6.418 | Wmax=6.248 | Amax=8.150 |LR=0.002 | ‖g‖=nan | satA=nan | satW=nan | εμ=nan | εvar=nan | corr(ε,x)=nan | t=nans
    45 | base=0.061274 | val=0.286082 | acc1=0.9099 | Wμ=4.695 | Aμ=6.171 | Wmax=5.931 | Amax=7.931 |LR=0.002 | ‖g‖=nan | satA=nan | satW=nan | εμ=nan | εvar=nan | corr(ε,x)=nan | t=nans
    47 | base=0.071459 | val=0.284123 | acc1=0.9092 | Wμ=4.357 | Aμ=5.967 | Wmax=5.672 | Amax=7.735 |LR=0.002 | ‖g‖=nan | satA=nan | satW=nan | εμ=nan | εvar=nan | corr(ε,x)=nan | t=nans
    49 | base=0.096586 | val=0.292502 | acc1=0.9093 | Wμ=4.028 | Aμ=5.759 | Wmax=5.392 | Amax=7.516 |LR=0.002 | ‖g‖=nan | satA=nan | satW=nan | εμ=nan | εvar=nan | corr(ε,x)=nan | t=nans
    51 | base=0.102227 | val=0.273302 | acc1=0.9151 | Wμ=3.711 | Aμ=5.595 | Wmax=5.087 | Amax=7.257 |LR=0.002 | ‖g‖=nan | satA=nan | satW=nan | εμ=nan | εvar=nan | corr(ε,x)=nan | t=nans
    53 | base=0.103347 | val=0.314306 | acc1=0.9007 | Wμ=3.411 | Aμ=5.446 | Wmax=4.858 | Amax=7.087 |LR=0.002 | ‖g‖=nan | satA=nan | satW=nan | εμ=nan | εvar=nan | corr(ε,x)=nan | t=nans
    55 | base=0.099952 | val=0.295391 | acc1=0.9086 | Wμ=3.121 | Aμ=5.320 | Wmax=4.644 | Amax=6.883 |LR=0.002 | ‖g‖=nan | satA=nan | satW=nan | εμ=nan | εvar=nan | corr(ε,x)=nan | t=nans
    57 | base=0.114188 | val=0.318404 | acc1=0.8971 | Wμ=2.852 | Aμ=5.185 | Wmax=4.459 | Amax=6.687 |LR=0.002 | ‖g‖=nan | satA=nan | satW=nan | εμ=nan | εvar=nan | corr(ε,x)=nan | t=nans
    59 | base=0.151820 | val=0.354540 | acc1=0.8885 | Wμ=2.609 | Aμ=5.088 | Wmax=4.248 | Amax=6.539 |LR=0.002 | ‖g‖=nan | satA=nan | satW=nan | εμ=nan | εvar=nan | corr(ε,x)=nan | t=nans
    61 | base=0.172381 | val=0.377289 | acc1=0.8841 | Wμ=2.395 | Aμ=4.984 | Wmax=4.000 | Amax=6.459 |LR=0.002 | ‖g‖=nan | satA=nan | satW=nan | εμ=nan | εvar=nan | corr(ε,x)=nan | t=nans
    63 | base=0.149048 | val=0.408546 | acc1=0.8728 | Wμ=2.206 | Aμ=4.885 | Wmax=3.807 | Amax=6.340 |LR=0.002 | ‖g‖=nan | satA=nan | satW=nan | εμ=nan | εvar=nan | corr(ε,x)=nan | t=nans
    65 | base=0.209371 | val=0.341955 | acc1=0.8926 | Wμ=2.043 | Aμ=4.796 | Wmax=3.700 | Amax=6.190 |LR=0.002 | ‖g‖=nan | satA=nan | satW=nan | εμ=nan | εvar=nan | corr(ε,x)=nan | t=nans
    67 | base=0.238418 | val=0.475957 | acc1=0.8551 | Wμ=1.904 | Aμ=4.718 | Wmax=3.459 | Amax=6.109 |LR=0.002 | ‖g‖=nan | satA=nan | satW=nan | εμ=nan | εvar=nan | corr(ε,x)=nan | t=nans
    69 | base=0.274377 | val=0.523750 | acc1=0.8468 | Wμ=1.788 | Aμ=4.626 | Wmax=3.459 | Amax=5.977 |LR=0.002 | ‖g‖=nan | satA=nan | satW=nan | εμ=nan | εvar=nan | corr(ε,x)=nan | t=nans
    71 | base=0.271266 | val=0.453773 | acc1=0.8529 | Wμ=1.695 | Aμ=4.534 | Wmax=3.322 | Amax=5.858 |LR=0.002 | ‖g‖=nan | satA=nan | satW=nan | εμ=nan | εvar=nan | corr(ε,x)=nan | t=nans
    73 | base=0.329914 | val=0.401759 | acc1=0.8716 | Wμ=1.614 | Aμ=4.442 | Wmax=3.322 | Amax=5.700 |LR=0.002 | ‖g‖=nan | satA=nan | satW=nan | εμ=nan | εvar=nan | corr(ε,x)=nan | t=nans
    75 | base=0.349832 | val=0.516840 | acc1=0.8384 | Wμ=1.546 | Aμ=4.346 | Wmax=3.170 | Amax=5.555 |LR=0.002 | ‖g‖=nan | satA=nan | satW=nan | εμ=nan | εvar=nan | corr(ε,x)=nan | t=nans
    77 | base=0.376243 | val=0.438441 | acc1=0.8587 | Wμ=1.485 | Aμ=4.233 | Wmax=3.000 | Amax=5.426 |LR=0.002 | ‖g‖=nan | satA=nan | satW=nan | εμ=nan | εvar=nan | corr(ε,x)=nan | t=nans
    79 | base=0.403401 | val=0.635208 | acc1=0.8153 | Wμ=1.432 | Aμ=4.138 | Wmax=3.000 | Amax=5.285 |LR=0.002 | ‖g‖=nan | satA=nan | satW=nan | εμ=nan | εvar=nan | corr(ε,x)=nan | t=nans
    81 | base=0.425916 | val=0.709482 | acc1=0.7845 | Wμ=1.386 | Aμ=4.035 | Wmax=2.807 | Amax=5.129 |LR=0.002 | ‖g‖=nan | satA=nan | satW=nan | εμ=nan | εvar=nan | corr(ε,x)=nan | t=nans
    83 | base=0.462020 | val=0.692415 | acc1=0.7765 | Wμ=1.342 | Aμ=3.911 | Wmax=2.807 | Amax=5.000 |LR=0.002 | ‖g‖=nan | satA=nan | satW=nan | εμ=nan | εvar=nan | corr(ε,x)=nan | t=nans
    85 | base=0.497404 | val=0.817893 | acc1=0.7381 | Wμ=1.303 | Aμ=3.800 | Wmax=2.585 | Amax=4.807 |LR=0.002 | ‖g‖=nan | satA=nan | satW=nan | εμ=nan | εvar=nan | corr(ε,x)=nan | t=nans
    87 | base=0.435501 | val=0.800670 | acc1=0.7688 | Wμ=1.268 | Aμ=3.689 | Wmax=2.585 | Amax=4.644 |LR=0.002 | ‖g‖=nan | satA=nan | satW=nan | εμ=nan | εvar=nan | corr(ε,x)=nan | t=nans
    89 | base=0.551245 | val=0.819962 | acc1=0.7596 | Wμ=1.234 | Aμ=3.569 | Wmax=2.322 | Amax=4.524 |LR=0.002 | ‖g‖=nan | satA=nan | satW=nan | εμ=nan | εvar=nan | corr(ε,x)=nan | t=nans
    91 | base=0.560360 | val=2.229166 | acc1=0.5064 | Wμ=1.200 | Aμ=3.430 | Wmax=2.322 | Amax=4.392 |LR=0.002 | ‖g‖=nan | satA=nan | satW=nan | εμ=nan | εvar=nan | corr(ε,x)=nan | t=nans
    93 | base=0.489571 | val=0.894214 | acc1=0.7410 | Wμ=1.172 | Aμ=3.295 | Wmax=2.322 | Amax=4.170 |LR=0.002 | ‖g‖=nan | satA=nan | satW=nan | εμ=nan | εvar=nan | corr(ε,x)=nan | t=nans
    95 | base=0.494865 | val=0.762746 | acc1=0.7831 | Wμ=1.146 | Aμ=3.141 | Wmax=2.322 | Amax=4.000 |LR=0.002 | ‖g‖=nan | satA=nan | satW=nan | εμ=nan | εvar=nan | corr(ε,x)=nan | t=nans
    97 | base=0.546905 | val=0.658846 | acc1=0.7851 | Wμ=1.124 | Aμ=3.003 | Wmax=2.000 | Amax=3.700 |LR=0.002 | ‖g‖=nan | satA=nan | satW=nan | εμ=nan | εvar=nan | corr(ε,x)=nan | t=nans
    99 | base=0.510135 | val=0.508461 | acc1=0.8373 | Wμ=1.103 | Aμ=2.890 | Wmax=2.000 | Amax=3.459 |LR=0.002 | ‖g‖=nan | satA=nan | satW=nan | εμ=nan | εvar=nan | corr(ε,x)=nan | t=nans
   101 | base=0.462168 | val=0.801171 | acc1=0.7643 | Wμ=1.083 | Aμ=2.748 | Wmax=2.000 | Amax=3.322 |LR=0.002 | ‖g‖=nan | satA=nan | satW=nan | εμ=nan | εvar=nan | corr(ε,x)=nan | t=nans
   103 | base=0.550823 | val=0.974461 | acc1=0.7302 | Wμ=1.067 | Aμ=2.645 | Wmax=2.000 | Amax=3.000 |LR=0.002 | ‖g‖=nan | satA=nan | satW=nan | εμ=nan | εvar=nan | corr(ε,x)=nan | t=nans
   105 | base=0.582376 | val=0.705112 | acc1=0.7821 | Wμ=1.054 | Aμ=2.525 | Wmax=2.000 | Amax=2.807 |LR=0.002 | ‖g‖=nan | satA=nan | satW=nan | εμ=nan | εvar=nan | corr(ε,x)=nan | t=nans
   107 | base=0.622961 | val=1.221858 | acc1=0.6689 | Wμ=1.044 | Aμ=2.455 | Wmax=2.000 | Amax=2.807 |LR=0.002 | ‖g‖=nan | satA=nan | satW=nan | εμ=nan | εvar=nan | corr(ε,x)=nan | t=nans
   109 | base=0.564106 | val=1.798533 | acc1=0.5018 | Wμ=1.035 | Aμ=2.288 | Wmax=2.000 | Amax=2.807 |LR=0.002 | ‖g‖=nan | satA=nan | satW=nan | εμ=nan | εvar=nan | corr(ε,x)=nan | t=nans
   111 | base=0.645554 | val=0.660695 | acc1=0.7906 | Wμ=1.031 | Aμ=2.241 | Wmax=2.000 | Amax=2.585 |LR=0.002 | ‖g‖=nan | satA=nan | satW=nan | εμ=nan | εvar=nan | corr(ε,x)=nan | t=nans
   113 | base=0.539495 | val=1.076927 | acc1=0.6927 | Wμ=1.026 | Aμ=2.178 | Wmax=2.000 | Amax=2.585 |LR=0.002 | ‖g‖=nan | satA=nan | satW=nan | εμ=nan | εvar=nan | corr(ε,x)=nan | t=nans
   115 | base=0.641111 | val=1.085812 | acc1=0.6806 | Wμ=1.021 | Aμ=2.047 | Wmax=2.000 | Amax=2.322 |LR=0.002 | ‖g‖=nan | satA=nan | satW=nan | εμ=nan | εvar=nan | corr(ε,x)=nan | t=nans
   117 | base=0.674851 | val=0.819693 | acc1=0.7453 | Wμ=1.017 | Aμ=1.933 | Wmax=1.585 | Amax=2.322 |LR=0.002 | ‖g‖=nan | satA=nan | satW=nan | εμ=nan | εvar=nan | corr(ε,x)=nan | t=nans
   119 | base=0.717075 | val=0.615889 | acc1=0.8073 | Wμ=1.013 | Aμ=1.879 | Wmax=1.585 | Amax=2.322 |LR=0.002 | ‖g‖=nan | satA=nan | satW=nan | εμ=nan | εvar=nan | corr(ε,x)=nan | t=nans
   121 | base=0.748432 | val=0.758416 | acc1=0.7547 | Wμ=1.010 | Aμ=1.827 | Wmax=1.585 | Amax=2.322 |LR=0.002 | ‖g‖=nan | satA=nan | satW=nan | εμ=nan | εvar=nan | corr(ε,x)=nan | t=nans
   123 | base=0.722467 | val=1.210555 | acc1=0.6614 | Wμ=1.008 | Aμ=1.780 | Wmax=1.585 | Amax=2.322 |LR=0.002 | ‖g‖=nan | satA=nan | satW=nan | εμ=nan | εvar=nan | corr(ε,x)=nan | t=nans
   125 | base=0.790779 | val=0.927422 | acc1=0.7127 | Wμ=1.006 | Aμ=1.752 | Wmax=1.585 | Amax=2.322 |LR=0.002 | ‖g‖=nan | satA=nan | satW=nan | εμ=nan | εvar=nan | corr(ε,x)=nan | t=nans
   127 | base=0.714056 | val=0.761868 | acc1=0.7601 | Wμ=1.004 | Aμ=1.683 | Wmax=1.585 | Amax=2.322 |LR=0.002 | ‖g‖=nan | satA=nan | satW=nan | εμ=nan | εvar=nan | corr(ε,x)=nan | t=nans
   129 | base=0.821548 | val=0.701771 | acc1=0.7749 | Wμ=1.002 | Aμ=1.579 | Wmax=1.585 | Amax=2.000 |LR=0.002 | ‖g‖=nan | satA=nan | satW=nan | εμ=nan | εvar=nan | corr(ε,x)=nan | t=nans
   131 | base=0.916281 | val=0.707534 | acc1=0.7742 | Wμ=1.001 | Aμ=1.517 | Wmax=1.585 | Amax=2.000 |LR=0.002 | ‖g‖=nan | satA=nan | satW=nan | εμ=nan | εvar=nan | corr(ε,x)=nan | t=nans
   133 | base=0.905334 | val=0.724456 | acc1=0.7648 | Wμ=1.001 | Aμ=1.491 | Wmax=1.585 | Amax=2.000 |LR=0.002 | ‖g‖=nan | satA=nan | satW=nan | εμ=nan | εvar=nan | corr(ε,x)=nan | t=nans
   135 | base=0.902867 | val=0.654676 | acc1=0.7872 | Wμ=1.000 | Aμ=1.474 | Wmax=1.585 | Amax=2.000 |LR=0.002 | ‖g‖=nan | satA=nan | satW=nan | εμ=nan | εvar=nan | corr(ε,x)=nan | t=nans
   137 | base=0.887292 | val=1.225463 | acc1=0.6399 | Wμ=1.000 | Aμ=1.457 | Wmax=1.585 | Amax=2.000 |LR=0.002 | ‖g‖=nan | satA=nan | satW=nan | εμ=nan | εvar=nan | corr(ε,x)=nan | t=nans
   139 | base=1.015225 | val=1.026902 | acc1=0.6625 | Wμ=0.999 | Aμ=1.449 | Wmax=1.585 | Amax=2.000 |LR=0.002 | ‖g‖=nan | satA=nan | satW=nan | εμ=nan | εvar=nan | corr(ε,x)=nan | t=nans
   141 | base=0.894407 | val=0.947987 | acc1=0.7028 | Wμ=0.997 | Aμ=1.434 | Wmax=1.585 | Amax=2.000 |LR=0.002 | ‖g‖=nan | satA=nan | satW=nan | εμ=nan | εvar=nan | corr(ε,x)=nan | t=nans
   143 | base=1.043658 | val=0.853632 | acc1=0.7290 | Wμ=0.996 | Aμ=1.398 | Wmax=1.585 | Amax=2.000 |LR=0.002 | ‖g‖=nan | satA=nan | satW=nan | εμ=nan | εvar=nan | corr(ε,x)=nan | t=nans
   145 | base=1.027449 | val=0.896040 | acc1=0.7163 | Wμ=0.995 | Aμ=1.337 | Wmax=1.585 | Amax=1.585 |LR=0.002 | ‖g‖=nan | satA=nan | satW=nan | εμ=nan | εvar=nan | corr(ε,x)=nan | t=nans
   147 | base=0.984905 | val=2.016433 | acc1=0.5314 | Wμ=0.995 | Aμ=1.312 | Wmax=1.585 | Amax=2.000 |LR=0.002 | ‖g‖=nan | satA=nan | satW=nan | εμ=nan | εvar=nan | corr(ε,x)=nan | t=nans
   149 | base=1.024641 | val=1.117018 | acc1=0.6474 | Wμ=0.995 | Aμ=1.287 | Wmax=1.585 | Amax=1.585 |LR=0.002 | ‖g‖=nan | satA=nan | satW=nan | εμ=nan | εvar=nan | corr(ε,x)=nan | t=nans
   151 | base=0.990567 | val=0.735163 | acc1=0.7552 | Wμ=0.994 | Aμ=1.252 | Wmax=1.000 | Amax=1.585 |LR=0.002 | ‖g‖=nan | satA=nan | satW=nan | εμ=nan | εvar=nan | corr(ε,x)=nan | t=nans
   153 | base=1.115663 | val=0.746222 | acc1=0.7742 | Wμ=0.993 | Aμ=1.212 | Wmax=1.000 | Amax=1.585 |LR=0.002 | ‖g‖=nan | satA=nan | satW=nan | εμ=nan | εvar=nan | corr(ε,x)=nan | t=nans
   155 | base=1.058950 | val=1.059282 | acc1=0.6718 | Wμ=0.992 | Aμ=1.171 | Wmax=1.000 | Amax=1.585 |LR=0.002 | ‖g‖=nan | satA=nan | satW=nan | εμ=nan | εvar=nan | corr(ε,x)=nan | t=nans
   157 | base=1.335152 | val=0.925537 | acc1=0.6967 | Wμ=0.992 | Aμ=1.159 | Wmax=1.000 | Amax=1.585 |LR=0.002 | ‖g‖=nan | satA=nan | satW=nan | εμ=nan | εvar=nan | corr(ε,x)=nan | t=nans
   159 | base=0.994058 | val=1.599692 | acc1=0.5945 | Wμ=0.992 | Aμ=1.155 | Wmax=1.000 | Amax=1.585 |LR=0.002 | ‖g‖=nan | satA=nan | satW=nan | εμ=nan | εvar=nan | corr(ε,x)=nan | t=nans
   161 | base=1.184011 | val=0.852035 | acc1=0.7328 | Wμ=0.991 | Aμ=1.145 | Wmax=1.000 | Amax=1.585 |LR=0.002 | ‖g‖=nan | satA=nan | satW=nan | εμ=nan | εvar=nan | corr(ε,x)=nan | t=nans
   163 | base=0.984410 | val=1.137615 | acc1=0.6365 | Wμ=0.991 | Aμ=1.133 | Wmax=1.000 | Amax=1.585 |LR=0.002 | ‖g‖=nan | satA=nan | satW=nan | εμ=nan | εvar=nan | corr(ε,x)=nan | t=nans
   165 | base=1.011410 | val=0.985171 | acc1=0.7165 | Wμ=0.992 | Aμ=1.125 | Wmax=1.000 | Amax=1.585 |LR=0.002 | ‖g‖=nan | satA=nan | satW=nan | εμ=nan | εvar=nan | corr(ε,x)=nan | t=nans
   167 | base=1.149846 | val=0.920308 | acc1=0.6899 | Wμ=0.991 | Aμ=1.124 | Wmax=1.000 | Amax=1.585 |LR=0.002 | ‖g‖=nan | satA=nan | satW=nan | εμ=nan | εvar=nan | corr(ε,x)=nan | t=nans
   169 | base=1.146760 | val=0.929864 | acc1=0.7246 | Wμ=0.991 | Aμ=1.124 | Wmax=1.000 | Amax=1.585 |LR=0.002 | ‖g‖=nan | satA=nan | satW=nan | εμ=nan | εvar=nan | corr(ε,x)=nan | t=nans
   171 | base=1.149997 | val=1.106431 | acc1=0.6552 | Wμ=0.991 | Aμ=1.122 | Wmax=1.000 | Amax=1.585 |LR=0.002 | ‖g‖=nan | satA=nan | satW=nan | εμ=nan | εvar=nan | corr(ε,x)=nan | t=nans
   173 | base=1.278540 | val=1.031461 | acc1=0.6739 | Wμ=0.991 | Aμ=1.122 | Wmax=1.000 | Amax=1.585 |LR=0.002 | ‖g‖=nan | satA=nan | satW=nan | εμ=nan | εvar=nan | corr(ε,x)=nan | t=nans
   175 | base=1.327713 | val=0.764235 | acc1=0.7417 | Wμ=0.991 | Aμ=1.115 | Wmax=1.000 | Amax=1.000 |LR=0.002 | ‖g‖=nan | satA=nan | satW=nan | εμ=nan | εvar=nan | corr(ε,x)=nan | t=nans
   177 | base=1.164491 | val=1.033342 | acc1=0.6799 | Wμ=0.991 | Aμ=1.101 | Wmax=1.000 | Amax=1.585 |LR=0.0017238 | ‖g‖=nan | satA=nan | satW=nan | εμ=nan | εvar=nan | corr(ε,x)=nan | t=nans
   179 | base=1.177407 | val=1.231056 | acc1=0.6529 | Wμ=0.991 | Aμ=1.089 | Wmax=1.000 | Amax=1.000 |LR=0.0017212 | ‖g‖=nan | satA=nan | satW=nan | εμ=nan | εvar=nan | corr(ε,x)=nan | t=nans
   181 | base=1.061390 | val=0.961312 | acc1=0.6846 | Wμ=0.991 | Aμ=1.077 | Wmax=1.000 | Amax=1.585 |LR=0.0014835 | ‖g‖=nan | satA=nan | satW=nan | εμ=nan | εvar=nan | corr(ε,x)=nan | t=nans
   183 | base=1.011429 | val=0.726338 | acc1=0.7639 | Wμ=0.991 | Aμ=1.065 | Wmax=1.000 | Amax=1.585 |LR=0.0014813 | ‖g‖=nan | satA=nan | satW=nan | εμ=nan | εvar=nan | corr(ε,x)=nan | t=nans
   185 | base=1.129095 | val=1.210387 | acc1=0.6605 | Wμ=0.992 | Aμ=1.051 | Wmax=1.000 | Amax=1.585 |LR=0.0014813 | ‖g‖=nan | satA=nan | satW=nan | εμ=nan | εvar=nan | corr(ε,x)=nan | t=nans
   187 | base=1.188567 | val=1.039178 | acc1=0.6616 | Wμ=0.992 | Aμ=1.051 | Wmax=1.000 | Amax=1.000 |LR=0.0014813 | ‖g‖=nan | satA=nan | satW=nan | εμ=nan | εvar=nan | corr(ε,x)=nan | t=nans
   189 | base=1.061592 | val=0.805901 | acc1=0.7286 | Wμ=0.992 | Aμ=1.047 | Wmax=1.000 | Amax=1.000 |LR=0.0012767 | ‖g‖=nan | satA=nan | satW=nan | εμ=nan | εvar=nan | corr(ε,x)=nan | t=nans
   191 | base=1.104340 | val=1.151971 | acc1=0.6490 | Wμ=0.992 | Aμ=1.036 | Wmax=1.000 | Amax=1.000 |LR=0.0010988 | ‖g‖=nan | satA=nan | satW=nan | εμ=nan | εvar=nan | corr(ε,x)=nan | t=nans
   193 | base=1.034268 | val=0.802016 | acc1=0.7404 | Wμ=0.992 | Aμ=1.015 | Wmax=1.000 | Amax=1.000 |LR=0.00094562 | ‖g‖=nan | satA=nan | satW=nan | εμ=nan | εvar=nan | corr(ε,x)=nan | t=nans
   195 | base=0.968734 | val=0.882382 | acc1=0.7276 | Wμ=0.992 | Aμ=0.998 | Wmax=1.000 | Amax=1.000 |LR=0.00081381 | ‖g‖=nan | satA=nan | satW=nan | εμ=nan | εvar=nan | corr(ε,x)=nan | t=nans
   197 | base=1.109711 | val=0.812291 | acc1=0.7475 | Wμ=0.992 | Aμ=0.998 | Wmax=1.000 | Amax=1.000 |LR=0.00070037 | ‖g‖=nan | satA=nan | satW=nan | εμ=nan | εvar=nan | corr(ε,x)=nan | t=nans
   199 | base=0.964362 | val=0.743089 | acc1=0.7693 | Wμ=0.993 | Aμ=0.999 | Wmax=1.000 | Amax=1.000 |LR=0.00060275 | ‖g‖=nan | satA=nan | satW=nan | εμ=nan | εvar=nan | corr(ε,x)=nan | t=nans
   201 | base=1.086252 | val=0.666879 | acc1=0.7888 | Wμ=0.993 | Aμ=0.999 | Wmax=1.000 | Amax=1.000 |LR=0.00051873 | ‖g‖=nan | satA=nan | satW=nan | εμ=nan | εvar=nan | corr(ε,x)=nan | t=nans
   203 | base=1.078388 | val=0.651717 | acc1=0.7886 | Wμ=0.993 | Aμ=0.998 | Wmax=1.000 | Amax=1.000 |LR=0.00044643 | ‖g‖=nan | satA=nan | satW=nan | εμ=nan | εvar=nan | corr(ε,x)=nan | t=nans
   205 | base=0.995483 | val=0.657540 | acc1=0.7839 | Wμ=0.994 | Aμ=0.998 | Wmax=1.000 | Amax=1.000 |LR=0.0003842 | ‖g‖=nan | satA=nan | satW=nan | εμ=nan | εvar=nan | corr(ε,x)=nan | t=nans
   207 | base=0.957047 | val=0.764150 | acc1=0.7586 | Wμ=0.994 | Aμ=0.998 | Wmax=1.000 | Amax=1.000 |LR=0.00033065 | ‖g‖=nan | satA=nan | satW=nan | εμ=nan | εvar=nan | corr(ε,x)=nan | t=nans
   209 | base=1.051170 | val=0.668022 | acc1=0.7824 | Wμ=0.994 | Aμ=0.999 | Wmax=1.000 | Amax=1.000 |LR=0.00028456 | ‖g‖=nan | satA=nan | satW=nan | εμ=nan | εvar=nan | corr(ε,x)=nan | t=nans
   211 | base=0.982245 | val=0.840365 | acc1=0.7260 | Wμ=0.994 | Aμ=0.999 | Wmax=1.000 | Amax=1.000 |LR=0.00024489 | ‖g‖=nan | satA=nan | satW=nan | εμ=nan | εvar=nan | corr(ε,x)=nan | t=nans
   213 | base=0.966802 | val=0.642010 | acc1=0.7893 | Wμ=0.994 | Aμ=0.999 | Wmax=1.000 | Amax=1.000 |LR=0.00021076 | ‖g‖=nan | satA=nan | satW=nan | εμ=nan | εvar=nan | corr(ε,x)=nan | t=nans
   215 | base=1.012806 | val=0.711846 | acc1=0.7628 | Wμ=0.995 | Aμ=0.999 | Wmax=1.000 | Amax=1.000 |LR=0.00018138 | ‖g‖=nan | satA=nan | satW=nan | εμ=nan | εvar=nan | corr(ε,x)=nan | t=nans
   217 | base=1.036269 | val=0.550108 | acc1=0.8186 | Wμ=0.995 | Aμ=0.999 | Wmax=1.000 | Amax=1.000 |LR=0.0001561 | ‖g‖=nan | satA=nan | satW=nan | εμ=nan | εvar=nan | corr(ε,x)=nan | t=nans
   219 | base=1.057486 | val=0.758003 | acc1=0.7635 | Wμ=0.995 | Aμ=0.999 | Wmax=1.000 | Amax=1.000 |LR=0.00013434 | ‖g‖=nan | satA=nan | satW=nan | εμ=nan | εvar=nan | corr(ε,x)=nan | t=nans
   221 | base=0.990826 | val=0.606429 | acc1=0.7965 | Wμ=0.995 | Aμ=0.999 | Wmax=1.000 | Amax=1.000 |LR=0.00011561 | ‖g‖=nan | satA=nan | satW=nan | εμ=nan | εvar=nan | corr(ε,x)=nan | t=nans
   223 | base=0.919524 | val=0.622151 | acc1=0.7989 | Wμ=0.995 | Aμ=0.999 | Wmax=1.000 | Amax=1.000 |LR=9.9499e-05 | ‖g‖=nan | satA=nan | satW=nan | εμ=nan | εvar=nan | corr(ε,x)=nan | t=nans
   225 | base=0.883674 | val=0.650257 | acc1=0.7869 | Wμ=0.995 | Aμ=0.999 | Wmax=1.000 | Amax=1.000 |LR=8.563e-05 | ‖g‖=nan | satA=nan | satW=nan | εμ=nan | εvar=nan | corr(ε,x)=nan | t=nans
   227 | base=1.017455 | val=0.821446 | acc1=0.7292 | Wμ=0.995 | Aμ=0.999 | Wmax=1.000 | Amax=1.000 |LR=7.3694e-05 | ‖g‖=nan | satA=nan | satW=nan | εμ=nan | εvar=nan | corr(ε,x)=nan | t=nans
   229 | base=0.859961 | val=0.615481 | acc1=0.8000 | Wμ=0.996 | Aμ=0.999 | Wmax=1.000 | Amax=1.000 |LR=6.3422e-05 | ‖g‖=nan | satA=nan | satW=nan | εμ=nan | εvar=nan | corr(ε,x)=nan | t=nans
   231 | base=0.977856 | val=0.635116 | acc1=0.8005 | Wμ=0.996 | Aμ=0.999 | Wmax=1.000 | Amax=1.000 |LR=5.4582e-05 | ‖g‖=nan | satA=nan | satW=nan | εμ=nan | εvar=nan | corr(ε,x)=nan | t=nans
   233 | base=0.884240 | val=0.589764 | acc1=0.8107 | Wμ=0.996 | Aμ=0.999 | Wmax=1.000 | Amax=1.000 |LR=4.6974e-05 | ‖g‖=nan | satA=nan | satW=nan | εμ=nan | εvar=nan | corr(ε,x)=nan | t=nans
   235 | base=0.882490 | val=0.677042 | acc1=0.7775 | Wμ=0.996 | Aμ=0.999 | Wmax=1.000 | Amax=1.000 |LR=4.0426e-05 | ‖g‖=nan | satA=nan | satW=nan | εμ=nan | εvar=nan | corr(ε,x)=nan | t=nans
   237 | base=0.924250 | val=0.677304 | acc1=0.7777 | Wμ=0.996 | Aμ=0.999 | Wmax=1.000 | Amax=1.000 |LR=3.4791e-05 | ‖g‖=nan | satA=nan | satW=nan | εμ=nan | εvar=nan | corr(ε,x)=nan | t=nans
   239 | base=0.952590 | val=0.574661 | acc1=0.8122 | Wμ=0.996 | Aμ=0.999 | Wmax=1.000 | Amax=1.000 |LR=2.9942e-05 | ‖g‖=nan | satA=nan | satW=nan | εμ=nan | εvar=nan | corr(ε,x)=nan | t=nans
   241 | base=0.918272 | val=0.583919 | acc1=0.8064 | Wμ=0.996 | Aμ=0.999 | Wmax=1.000 | Amax=1.000 |LR=2.5768e-05 | ‖g‖=nan | satA=nan | satW=nan | εμ=nan | εvar=nan | corr(ε,x)=nan | t=nans
   243 | base=0.918285 | val=0.617298 | acc1=0.8077 | Wμ=0.996 | Aμ=0.999 | Wmax=1.000 | Amax=1.000 |LR=2.2176e-05 | ‖g‖=nan | satA=nan | satW=nan | εμ=nan | εvar=nan | corr(ε,x)=nan | t=nans
   245 | base=0.961391 | val=0.734066 | acc1=0.7646 | Wμ=0.996 | Aμ=0.999 | Wmax=1.000 | Amax=1.000 |LR=1.9085e-05 | ‖g‖=nan | satA=nan | satW=nan | εμ=nan | εvar=nan | corr(ε,x)=nan | t=nans
   247 | base=0.957111 | val=0.593731 | acc1=0.8066 | Wμ=0.996 | Aμ=0.999 | Wmax=1.000 | Amax=1.000 |LR=1.6425e-05 | ‖g‖=nan | satA=nan | satW=nan | εμ=nan | εvar=nan | corr(ε,x)=nan | t=nans
   249 | base=0.948463 | val=0.659236 | acc1=0.7869 | Wμ=0.996 | Aμ=0.999 | Wmax=1.000 | Amax=1.000 |LR=1.4135e-05 | ‖g‖=nan | satA=nan | satW=nan | εμ=nan | εvar=nan | corr(ε,x)=nan | t=nans
   251 | base=0.927402 | val=0.585209 | acc1=0.8098 | Wμ=0.996 | Aμ=0.999 | Wmax=1.000 | Amax=1.000 |LR=1.2165e-05 | ‖g‖=nan | satA=nan | satW=nan | εμ=nan | εvar=nan | corr(ε,x)=nan | t=nans
   253 | base=0.869389 | val=0.719530 | acc1=0.7731 | Wμ=0.996 | Aμ=0.999 | Wmax=1.000 | Amax=1.000 |LR=1.0469e-05 | ‖g‖=nan | satA=nan | satW=nan | εμ=nan | εvar=nan | corr(ε,x)=nan | t=nans
   255 | base=0.880934 | val=0.575685 | acc1=0.8126 | Wμ=0.996 | Aμ=0.999 | Wmax=1.000 | Amax=1.000 |LR=9.0101e-06 | ‖g‖=nan | satA=nan | satW=nan | εμ=nan | εvar=nan | corr(ε,x)=nan | t=nans
   257 | base=0.933043 | val=0.565378 | acc1=0.8084 | Wμ=0.996 | Aμ=0.999 | Wmax=1.000 | Amax=1.000 |LR=7.7542e-06 | ‖g‖=nan | satA=nan | satW=nan | εμ=nan | εvar=nan | corr(ε,x)=nan | t=nans
   259 | base=0.922974 | val=0.649347 | acc1=0.7925 | Wμ=0.997 | Aμ=0.999 | Wmax=1.000 | Amax=1.000 |LR=6.6734e-06 | ‖g‖=nan | satA=nan | satW=nan | εμ=nan | εvar=nan | corr(ε,x)=nan | t=nans
   261 | base=0.991833 | val=0.769717 | acc1=0.7618 | Wμ=0.997 | Aμ=0.999 | Wmax=1.000 | Amax=1.000 |LR=5.7432e-06 | ‖g‖=nan | satA=nan | satW=nan | εμ=nan | εvar=nan | corr(ε,x)=nan | t=nans
   263 | base=0.876276 | val=0.642066 | acc1=0.7982 | Wμ=0.997 | Aμ=0.999 | Wmax=1.000 | Amax=1.000 |LR=4.9426e-06 | ‖g‖=nan | satA=nan | satW=nan | εμ=nan | εvar=nan | corr(ε,x)=nan | t=nans
   265 | base=0.958370 | val=0.501650 | acc1=0.8311 | Wμ=0.997 | Aμ=0.999 | Wmax=1.000 | Amax=1.000 |LR=4.2537e-06 | ‖g‖=nan | satA=nan | satW=nan | εμ=nan | εvar=nan | corr(ε,x)=nan | t=nans
   267 | base=0.907912 | val=0.793954 | acc1=0.7461 | Wμ=0.997 | Aμ=0.999 | Wmax=1.000 | Amax=1.000 |LR=3.6608e-06 | ‖g‖=nan | satA=nan | satW=nan | εμ=nan | εvar=nan | corr(ε,x)=nan | t=nans
   269 | base=0.975150 | val=0.586958 | acc1=0.8075 | Wμ=0.997 | Aμ=0.999 | Wmax=1.000 | Amax=1.000 |LR=3.1505e-06 | ‖g‖=nan | satA=nan | satW=nan | εμ=nan | εvar=nan | corr(ε,x)=nan | t=nans
   271 | base=0.950414 | val=0.549513 | acc1=0.8188 | Wμ=0.997 | Aμ=0.999 | Wmax=1.000 | Amax=1.000 |LR=2.7114e-06 | ‖g‖=nan | satA=nan | satW=nan | εμ=nan | εvar=nan | corr(ε,x)=nan | t=nans
   273 | base=0.900424 | val=0.606062 | acc1=0.8032 | Wμ=0.997 | Aμ=0.999 | Wmax=1.000 | Amax=1.000 |LR=2.3334e-06 | ‖g‖=nan | satA=nan | satW=nan | εμ=nan | εvar=nan | corr(ε,x)=nan | t=nans
   275 | base=0.903305 | val=0.569609 | acc1=0.8159 | Wμ=0.997 | Aμ=0.999 | Wmax=1.000 | Amax=1.000 |LR=2.0082e-06 | ‖g‖=nan | satA=nan | satW=nan | εμ=nan | εvar=nan | corr(ε,x)=nan | t=nans
   277 | base=0.900664 | val=0.538519 | acc1=0.8247 | Wμ=0.997 | Aμ=0.999 | Wmax=1.000 | Amax=1.000 |LR=1.7283e-06 | ‖g‖=nan | satA=nan | satW=nan | εμ=nan | εvar=nan | corr(ε,x)=nan | t=nans
   279 | base=0.877101 | val=0.758770 | acc1=0.7572 | Wμ=0.997 | Aμ=0.999 | Wmax=1.000 | Amax=1.000 |LR=1.4874e-06 | ‖g‖=nan | satA=nan | satW=nan | εμ=nan | εvar=nan | corr(ε,x)=nan | t=nans
   281 | base=0.898501 | val=0.557341 | acc1=0.8177 | Wμ=0.997 | Aμ=0.999 | Wmax=1.000 | Amax=1.000 |LR=1.28e-06 | ‖g‖=nan | satA=nan | satW=nan | εμ=nan | εvar=nan | corr(ε,x)=nan | t=nans
   283 | base=0.942244 | val=0.565602 | acc1=0.8131 | Wμ=0.997 | Aμ=0.999 | Wmax=1.000 | Amax=1.000 |LR=1.1016e-06 | ‖g‖=nan | satA=nan | satW=nan | εμ=nan | εvar=nan | corr(ε,x)=nan | t=nans
   285 | base=0.876262 | val=0.589840 | acc1=0.8134 | Wμ=0.997 | Aμ=0.999 | Wmax=1.000 | Amax=1.000 |LR=9.4806e-07 | ‖g‖=nan | satA=nan | satW=nan | εμ=nan | εvar=nan | corr(ε,x)=nan | t=nans
   287 | base=0.865255 | val=0.517939 | acc1=0.8331 | Wμ=0.997 | Aμ=0.999 | Wmax=1.000 | Amax=1.000 |LR=8.1591e-07 | ‖g‖=nan | satA=nan | satW=nan | εμ=nan | εvar=nan | corr(ε,x)=nan | t=nans
   289 | base=0.897606 | val=0.556747 | acc1=0.8178 | Wμ=0.997 | Aμ=0.999 | Wmax=1.000 | Amax=1.000 |LR=7.0218e-07 | ‖g‖=nan | satA=nan | satW=nan | εμ=nan | εvar=nan | corr(ε,x)=nan | t=nans
   291 | base=0.931682 | val=0.544543 | acc1=0.8220 | Wμ=0.997 | Aμ=0.999 | Wmax=1.000 | Amax=1.000 |LR=6.043e-07 | ‖g‖=nan | satA=nan | satW=nan | εμ=nan | εvar=nan | corr(ε,x)=nan | t=nans
   293 | base=0.854578 | val=0.530760 | acc1=0.8272 | Wμ=0.997 | Aμ=0.999 | Wmax=1.000 | Amax=1.000 |LR=5.2007e-07 | ‖g‖=nan | satA=nan | satW=nan | εμ=nan | εvar=nan | corr(ε,x)=nan | t=nans
   295 | base=0.920923 | val=0.629222 | acc1=0.7956 | Wμ=0.997 | Aμ=0.999 | Wmax=1.000 | Amax=1.000 |LR=4.4758e-07 | ‖g‖=nan | satA=nan | satW=nan | εμ=nan | εvar=nan | corr(ε,x)=nan | t=nans
   297 | base=0.830494 | val=0.659199 | acc1=0.7869 | Wμ=0.997 | Aμ=0.999 | Wmax=1.000 | Amax=1.000 |LR=3.8519e-07 | ‖g‖=nan | satA=nan | satW=nan | εμ=nan | εvar=nan | corr(ε,x)=nan | t=nans
   299 | base=0.877750 | val=0.584142 | acc1=0.8145 | Wμ=0.997 | Aμ=0.999 | Wmax=1.000 | Amax=1.000 |LR=3.315e-07 | ‖g‖=nan | satA=nan | satW=nan | εμ=nan | εvar=nan | corr(ε,x)=nan | t=nans
   301 | base=0.833934 | val=0.576788 | acc1=0.8048 | Wμ=0.997 | Aμ=0.999 | Wmax=1.000 | Amax=1.000 |LR=2.8529e-07 | ‖g‖=nan | satA=nan | satW=nan | εμ=nan | εvar=nan | corr(ε,x)=nan | t=nans
   303 | base=0.861629 | val=0.619002 | acc1=0.7988 | Wμ=0.997 | Aμ=0.999 | Wmax=1.000 | Amax=1.000 |LR=2.4553e-07 | ‖g‖=nan | satA=nan | satW=nan | εμ=nan | εvar=nan | corr(ε,x)=nan | t=nans
   305 | base=0.904808 | val=0.608804 | acc1=0.8060 | Wμ=0.997 | Aμ=0.999 | Wmax=1.000 | Amax=1.000 |LR=2.113e-07 | ‖g‖=nan | satA=nan | satW=nan | εμ=nan | εvar=nan | corr(ε,x)=nan | t=nans
   307 | base=0.790762 | val=0.551575 | acc1=0.8182 | Wμ=0.997 | Aμ=0.999 | Wmax=1.000 | Amax=1.000 |LR=1.8185e-07 | ‖g‖=nan | satA=nan | satW=nan | εμ=nan | εvar=nan | corr(ε,x)=nan | t=nans
   309 | base=0.828625 | val=0.497539 | acc1=0.8373 | Wμ=0.997 | Aμ=0.999 | Wmax=1.000 | Amax=1.000 |LR=1.565e-07 | ‖g‖=nan | satA=nan | satW=nan | εμ=nan | εvar=nan | corr(ε,x)=nan | t=nans
   311 | base=0.902006 | val=0.513473 | acc1=0.8306 | Wμ=0.997 | Aμ=0.999 | Wmax=1.000 | Amax=1.000 |LR=1.3469e-07 | ‖g‖=nan | satA=nan | satW=nan | εμ=nan | εvar=nan | corr(ε,x)=nan | t=nans
   313 | base=0.878043 | val=0.543667 | acc1=0.8237 | Wμ=0.997 | Aμ=0.999 | Wmax=1.000 | Amax=1.000 |LR=1.1591e-07 | ‖g‖=nan | satA=nan | satW=nan | εμ=nan | εvar=nan | corr(ε,x)=nan | t=nans
   315 | base=0.817579 | val=0.667993 | acc1=0.7831 | Wμ=0.997 | Aμ=0.999 | Wmax=1.000 | Amax=1.000 |LR=9.9756e-08 | ‖g‖=nan | satA=nan | satW=nan | εμ=nan | εvar=nan | corr(ε,x)=nan | t=nans
   317 | base=0.796537 | val=0.540537 | acc1=0.8233 | Wμ=0.997 | Aμ=0.999 | Wmax=1.000 | Amax=1.000 |LR=8.5851e-08 | ‖g‖=nan | satA=nan | satW=nan | εμ=nan | εvar=nan | corr(ε,x)=nan | t=nans
   319 | base=0.857754 | val=0.615107 | acc1=0.7985 | Wμ=0.997 | Aμ=0.999 | Wmax=1.000 | Amax=1.000 |LR=7.3884e-08 | ‖g‖=nan | satA=nan | satW=nan | εμ=nan | εvar=nan | corr(ε,x)=nan | t=nans
   321 | base=0.874901 | val=0.603137 | acc1=0.8056 | Wμ=0.997 | Aμ=0.999 | Wmax=1.000 | Amax=1.000 |LR=6.3586e-08 | ‖g‖=nan | satA=nan | satW=nan | εμ=nan | εvar=nan | corr(ε,x)=nan | t=nans
   323 | base=0.926631 | val=0.562162 | acc1=0.8126 | Wμ=0.997 | Aμ=0.999 | Wmax=1.000 | Amax=1.000 |LR=5.4723e-08 | ‖g‖=nan | satA=nan | satW=nan | εμ=nan | εvar=nan | corr(ε,x)=nan | t=nans
   325 | base=0.857974 | val=0.498955 | acc1=0.8347 | Wμ=0.997 | Aμ=0.999 | Wmax=1.000 | Amax=1.000 |LR=4.7095e-08 | ‖g‖=nan | satA=nan | satW=nan | εμ=nan | εvar=nan | corr(ε,x)=nan | t=nans
   327 | base=0.863011 | val=0.517494 | acc1=0.8275 | Wμ=0.997 | Aμ=0.999 | Wmax=1.000 | Amax=1.000 |LR=4.053e-08 | ‖g‖=nan | satA=nan | satW=nan | εμ=nan | εvar=nan | corr(ε,x)=nan | t=nans
   329 | base=0.896338 | val=0.509084 | acc1=0.8382 | Wμ=0.997 | Aμ=0.999 | Wmax=1.000 | Amax=1.000 |LR=3.4881e-08 | ‖g‖=nan | satA=nan | satW=nan | εμ=nan | εvar=nan | corr(ε,x)=nan | t=nans
   331 | base=0.925886 | val=0.556415 | acc1=0.8149 | Wμ=0.997 | Aμ=0.999 | Wmax=1.000 | Amax=1.000 |LR=3.0019e-08 | ‖g‖=nan | satA=nan | satW=nan | εμ=nan | εvar=nan | corr(ε,x)=nan | t=nans
   333 | base=0.865841 | val=0.480324 | acc1=0.8417 | Wμ=0.997 | Aμ=0.999 | Wmax=1.000 | Amax=1.000 |LR=2.5835e-08 | ‖g‖=nan | satA=nan | satW=nan | εμ=nan | εvar=nan | corr(ε,x)=nan | t=nans
   335 | base=0.894448 | val=0.507096 | acc1=0.8319 | Wμ=0.997 | Aμ=0.999 | Wmax=1.000 | Amax=1.000 |LR=2.2234e-08 | ‖g‖=nan | satA=nan | satW=nan | εμ=nan | εvar=nan | corr(ε,x)=nan | t=nans
   337 | base=0.871701 | val=0.506407 | acc1=0.8312 | Wμ=0.997 | Aμ=0.999 | Wmax=1.000 | Amax=1.000 |LR=1.9134e-08 | ‖g‖=nan | satA=nan | satW=nan | εμ=nan | εvar=nan | corr(ε,x)=nan | t=nans
   339 | base=0.837096 | val=0.503987 | acc1=0.8330 | Wμ=0.997 | Aμ=0.999 | Wmax=1.000 | Amax=1.000 |LR=1.6467e-08 | ‖g‖=nan | satA=nan | satW=nan | εμ=nan | εvar=nan | corr(ε,x)=nan | t=nans
   341 | base=0.833831 | val=0.498544 | acc1=0.8387 | Wμ=0.997 | Aμ=0.999 | Wmax=1.000 | Amax=1.000 |LR=1.4172e-08 | ‖g‖=nan | satA=nan | satW=nan | εμ=nan | εvar=nan | corr(ε,x)=nan | t=nans
   343 | base=0.899737 | val=0.573492 | acc1=0.8150 | Wμ=0.997 | Aμ=0.999 | Wmax=1.000 | Amax=1.000 |LR=1.2197e-08 | ‖g‖=nan | satA=nan | satW=nan | εμ=nan | εvar=nan | corr(ε,x)=nan | t=nans
   345 | base=0.852650 | val=0.512800 | acc1=0.8324 | Wμ=0.997 | Aμ=0.999 | Wmax=1.000 | Amax=1.000 |LR=1.0496e-08 | ‖g‖=nan | satA=nan | satW=nan | εμ=nan | εvar=nan | corr(ε,x)=nan | t=nans
   347 | base=0.968179 | val=0.563819 | acc1=0.8199 | Wμ=0.997 | Aμ=0.999 | Wmax=1.000 | Amax=1.000 |LR=9.0334e-09 | ‖g‖=nan | satA=nan | satW=nan | εμ=nan | εvar=nan | corr(ε,x)=nan | t=nans
   349 | base=0.903047 | val=0.516594 | acc1=0.8299 | Wμ=0.997 | Aμ=0.999 | Wmax=1.000 | Amax=1.000 |LR=7.7742e-09 | ‖g‖=nan | satA=nan | satW=nan | εμ=nan | εvar=nan | corr(ε,x)=nan | t=nans
   351 | base=0.889838 | val=0.533540 | acc1=0.8242 | Wμ=0.997 | Aμ=0.999 | Wmax=1.000 | Amax=1.000 |LR=6.6906e-09 | ‖g‖=nan | satA=nan | satW=nan | εμ=nan | εvar=nan | corr(ε,x)=nan | t=nans
   353 | base=0.910627 | val=0.487222 | acc1=0.8359 | Wμ=0.997 | Aμ=0.999 | Wmax=1.000 | Amax=1.000 |LR=5.758e-09 | ‖g‖=nan | satA=nan | satW=nan | εμ=nan | εvar=nan | corr(ε,x)=nan | t=nans
   355 | base=0.874268 | val=0.471848 | acc1=0.8412 | Wμ=0.997 | Aμ=0.999 | Wmax=1.000 | Amax=1.000 |LR=4.9554e-09 | ‖g‖=nan | satA=nan | satW=nan | εμ=nan | εvar=nan | corr(ε,x)=nan | t=nans
   357 | base=0.831756 | val=0.541395 | acc1=0.8206 | Wμ=0.997 | Aμ=0.999 | Wmax=1.000 | Amax=1.000 |LR=4.2647e-09 | ‖g‖=nan | satA=nan | satW=nan | εμ=nan | εvar=nan | corr(ε,x)=nan | t=nans
   359 | base=0.895443 | val=0.493562 | acc1=0.8357 | Wμ=0.997 | Aμ=0.999 | Wmax=1.000 | Amax=1.000 |LR=3.6702e-09 | ‖g‖=nan | satA=nan | satW=nan | εμ=nan | εvar=nan | corr(ε,x)=nan | t=nans
   361 | base=0.805984 | val=0.481212 | acc1=0.8388 | Wμ=0.997 | Aμ=0.999 | Wmax=1.000 | Amax=1.000 |LR=3.1586e-09 | ‖g‖=nan | satA=nan | satW=nan | εμ=nan | εvar=nan | corr(ε,x)=nan | t=nans
   363 | base=0.862907 | val=0.472492 | acc1=0.8432 | Wμ=0.997 | Aμ=0.999 | Wmax=1.000 | Amax=1.000 |LR=2.7183e-09 | ‖g‖=nan | satA=nan | satW=nan | εμ=nan | εvar=nan | corr(ε,x)=nan | t=nans
   365 | base=0.769780 | val=0.491312 | acc1=0.8382 | Wμ=0.997 | Aμ=0.999 | Wmax=1.000 | Amax=1.000 |LR=2.3394e-09 | ‖g‖=nan | satA=nan | satW=nan | εμ=nan | εvar=nan | corr(ε,x)=nan | t=nans
   367 | base=0.869617 | val=0.484153 | acc1=0.8390 | Wμ=0.997 | Aμ=0.999 | Wmax=1.000 | Amax=1.000 |LR=2.0133e-09 | ‖g‖=nan | satA=nan | satW=nan | εμ=nan | εvar=nan | corr(ε,x)=nan | t=nans
   369 | base=0.862259 | val=0.474643 | acc1=0.8422 | Wμ=0.997 | Aμ=0.999 | Wmax=1.000 | Amax=1.000 |LR=1.7327e-09 | ‖g‖=nan | satA=nan | satW=nan | εμ=nan | εvar=nan | corr(ε,x)=nan | t=nans
   371 | base=0.846915 | val=0.502274 | acc1=0.8327 | Wμ=0.997 | Aμ=0.999 | Wmax=1.000 | Amax=1.000 |LR=1.4912e-09 | ‖g‖=nan | satA=nan | satW=nan | εμ=nan | εvar=nan | corr(ε,x)=nan | t=nans
   373 | base=0.852085 | val=0.459797 | acc1=0.8458 | Wμ=0.997 | Aμ=0.999 | Wmax=1.000 | Amax=1.000 |LR=1.2833e-09 | ‖g‖=nan | satA=nan | satW=nan | εμ=nan | εvar=nan | corr(ε,x)=nan | t=nans
   375 | base=0.880139 | val=0.455022 | acc1=0.8499 | Wμ=0.997 | Aμ=0.999 | Wmax=1.000 | Amax=1.000 |LR=1.1045e-09 | ‖g‖=nan | satA=nan | satW=nan | εμ=nan | εvar=nan | corr(ε,x)=nan | t=nans
   377 | base=0.899070 | val=0.462469 | acc1=0.8453 | Wμ=0.997 | Aμ=0.999 | Wmax=1.000 | Amax=1.000 |LR=9.505e-10 | ‖g‖=nan | satA=nan | satW=nan | εμ=nan | εvar=nan | corr(ε,x)=nan | t=nans
   379 | base=0.879184 | val=0.466858 | acc1=0.8421 | Wμ=0.997 | Aμ=0.999 | Wmax=1.000 | Amax=1.000 |LR=8.1801e-10 | ‖g‖=nan | satA=nan | satW=nan | εμ=nan | εvar=nan | corr(ε,x)=nan | t=nans
   381 | base=0.891489 | val=0.464997 | acc1=0.8451 | Wμ=0.997 | Aμ=0.999 | Wmax=1.000 | Amax=1.000 |LR=7.0399e-10 | ‖g‖=nan | satA=nan | satW=nan | εμ=nan | εvar=nan | corr(ε,x)=nan | t=nans
   383 | base=0.917594 | val=0.479013 | acc1=0.8432 | Wμ=0.997 | Aμ=0.999 | Wmax=1.000 | Amax=1.000 |LR=6.0586e-10 | ‖g‖=nan | satA=nan | satW=nan | εμ=nan | εvar=nan | corr(ε,x)=nan | t=nans
   385 | base=0.833231 | val=0.462275 | acc1=0.8481 | Wμ=0.997 | Aμ=0.999 | Wmax=1.000 | Amax=1.000 |LR=5.2141e-10 | ‖g‖=nan | satA=nan | satW=nan | εμ=nan | εvar=nan | corr(ε,x)=nan | t=nans
   387 | base=0.850984 | val=0.467793 | acc1=0.8461 | Wμ=0.997 | Aμ=0.999 | Wmax=1.000 | Amax=1.000 |LR=4.4873e-10 | ‖g‖=nan | satA=nan | satW=nan | εμ=nan | εvar=nan | corr(ε,x)=nan | t=nans
   389 | base=0.810356 | val=0.459680 | acc1=0.8462 | Wμ=0.997 | Aμ=0.999 | Wmax=1.000 | Amax=1.000 |LR=3.8618e-10 | ‖g‖=nan | satA=nan | satW=nan | εμ=nan | εvar=nan | corr(ε,x)=nan | t=nans
   391 | base=0.829493 | val=0.494472 | acc1=0.8350 | Wμ=0.997 | Aμ=0.999 | Wmax=1.000 | Amax=1.000 |LR=3.3235e-10 | ‖g‖=nan | satA=nan | satW=nan | εμ=nan | εvar=nan | corr(ε,x)=nan | t=nans
   393 | base=0.824575 | val=0.464374 | acc1=0.8436 | Wμ=0.997 | Aμ=0.999 | Wmax=1.000 | Amax=1.000 |LR=2.8603e-10 | ‖g‖=nan | satA=nan | satW=nan | εμ=nan | εvar=nan | corr(ε,x)=nan | t=nans
   395 | base=0.854032 | val=0.462273 | acc1=0.8459 | Wμ=0.997 | Aμ=0.999 | Wmax=1.000 | Amax=1.000 |LR=2.4616e-10 | ‖g‖=nan | satA=nan | satW=nan | εμ=nan | εvar=nan | corr(ε,x)=nan | t=nans
   397 | base=0.841148 | val=0.456020 | acc1=0.8480 | Wμ=0.997 | Aμ=0.999 | Wmax=1.000 | Amax=1.000 |LR=2.1185e-10 | ‖g‖=nan | satA=nan | satW=nan | εμ=nan | εvar=nan | corr(ε,x)=nan | t=nans
   399 | base=0.863514 | val=0.457935 | acc1=0.8459 | Wμ=0.997 | Aμ=0.999 | Wmax=1.000 | Amax=1.000 |LR=1.8232e-10 | ‖g‖=nan | satA=nan | satW=nan | εμ=nan | εvar=nan | corr(ε,x)=nan | t=nans
   401 | base=0.844008 | val=0.452347 | acc1=0.8496 | Wμ=0.997 | Aμ=0.999 | Wmax=1.000 | Amax=1.000 |LR=1.569e-10 | ‖g‖=nan | satA=nan | satW=nan | εμ=nan | εvar=nan | corr(ε,x)=nan | t=nans
   403 | base=0.861304 | val=0.456861 | acc1=0.8451 | Wμ=0.997 | Aμ=0.999 | Wmax=1.000 | Amax=1.000 |LR=1.3503e-10 | ‖g‖=nan | satA=nan | satW=nan | εμ=nan | εvar=nan | corr(ε,x)=nan | t=nans
   405 | base=0.861383 | val=0.474576 | acc1=0.8471 | Wμ=0.997 | Aμ=0.999 | Wmax=1.000 | Amax=1.000 |LR=1.1621e-10 | ‖g‖=nan | satA=nan | satW=nan | εμ=nan | εvar=nan | corr(ε,x)=nan | t=nans
   407 | base=0.818831 | val=0.470256 | acc1=0.8424 | Wμ=0.997 | Aμ=0.999 | Wmax=1.000 | Amax=1.000 |LR=1.0001e-10 | ‖g‖=nan | satA=nan | satW=nan | εμ=nan | εvar=nan | corr(ε,x)=nan | t=nans
   409 | base=0.775138 | val=0.458368 | acc1=0.8485 | Wμ=0.997 | Aμ=0.999 | Wmax=1.000 | Amax=1.000 |LR=8.6072e-11 | ‖g‖=nan | satA=nan | satW=nan | εμ=nan | εvar=nan | corr(ε,x)=nan | t=nans
   411 | base=0.883313 | val=0.454385 | acc1=0.8494 | Wμ=0.997 | Aμ=0.999 | Wmax=1.000 | Amax=1.000 |LR=7.4075e-11 | ‖g‖=nan | satA=nan | satW=nan | εμ=nan | εvar=nan | corr(ε,x)=nan | t=nans
   413 | base=0.826058 | val=0.451363 | acc1=0.8476 | Wμ=0.997 | Aμ=0.999 | Wmax=1.000 | Amax=1.000 |LR=6.375e-11 | ‖g‖=nan | satA=nan | satW=nan | εμ=nan | εvar=nan | corr(ε,x)=nan | t=nans
   415 | base=0.845982 | val=0.452515 | acc1=0.8494 | Wμ=0.997 | Aμ=0.999 | Wmax=1.000 | Amax=1.000 |LR=5.4864e-11 | ‖g‖=nan | satA=nan | satW=nan | εμ=nan | εvar=nan | corr(ε,x)=nan | t=nans
   417 | base=0.835087 | val=0.450058 | acc1=0.8522 | Wμ=0.997 | Aμ=0.999 | Wmax=1.000 | Amax=1.000 |LR=4.7216e-11 | ‖g‖=nan | satA=nan | satW=nan | εμ=nan | εvar=nan | corr(ε,x)=nan | t=nans
   419 | base=0.863740 | val=0.450707 | acc1=0.8493 | Wμ=0.997 | Aμ=0.999 | Wmax=1.000 | Amax=1.000 |LR=4.0635e-11 | ‖g‖=nan | satA=nan | satW=nan | εμ=nan | εvar=nan | corr(ε,x)=nan | t=nans
   421 | base=0.843991 | val=0.454599 | acc1=0.8510 | Wμ=0.997 | Aμ=0.999 | Wmax=1.000 | Amax=1.000 |LR=3.4971e-11 | ‖g‖=nan | satA=nan | satW=nan | εμ=nan | εvar=nan | corr(ε,x)=nan | t=nans
   423 | base=0.873128 | val=0.462270 | acc1=0.8482 | Wμ=0.997 | Aμ=0.999 | Wmax=1.000 | Amax=1.000 |LR=3.0096e-11 | ‖g‖=nan | satA=nan | satW=nan | εμ=nan | εvar=nan | corr(ε,x)=nan | t=nans
   425 | base=0.823463 | val=0.455137 | acc1=0.8508 | Wμ=0.997 | Aμ=0.999 | Wmax=1.000 | Amax=1.000 |LR=2.5901e-11 | ‖g‖=nan | satA=nan | satW=nan | εμ=nan | εvar=nan | corr(ε,x)=nan | t=nans
   427 | base=0.859613 | val=0.454356 | acc1=0.8499 | Wμ=0.997 | Aμ=0.999 | Wmax=1.000 | Amax=1.000 |LR=2.2291e-11 | ‖g‖=nan | satA=nan | satW=nan | εμ=nan | εvar=nan | corr(ε,x)=nan | t=nans
   429 | base=0.862781 | val=0.452968 | acc1=0.8503 | Wμ=0.997 | Aμ=0.999 | Wmax=1.000 | Amax=1.000 |LR=1.9184e-11 | ‖g‖=nan | satA=nan | satW=nan | εμ=nan | εvar=nan | corr(ε,x)=nan | t=nans
   431 | base=0.836361 | val=0.455900 | acc1=0.8486 | Wμ=0.997 | Aμ=0.999 | Wmax=1.000 | Amax=1.000 |LR=1.651e-11 | ‖g‖=nan | satA=nan | satW=nan | εμ=nan | εvar=nan | corr(ε,x)=nan | t=nans
   433 | base=0.807320 | val=0.449848 | acc1=0.8499 | Wμ=0.997 | Aμ=0.999 | Wmax=1.000 | Amax=1.000 |LR=1.4208e-11 | ‖g‖=nan | satA=nan | satW=nan | εμ=nan | εvar=nan | corr(ε,x)=nan | t=nans
   435 | base=0.823803 | val=0.451644 | acc1=0.8498 | Wμ=0.997 | Aμ=0.999 | Wmax=1.000 | Amax=1.000 |LR=1.2228e-11 | ‖g‖=nan | satA=nan | satW=nan | εμ=nan | εvar=nan | corr(ε,x)=nan | t=nans
   437 | base=0.918893 | val=0.451935 | acc1=0.8516 | Wμ=0.997 | Aμ=0.999 | Wmax=1.000 | Amax=1.000 |LR=1.0524e-11 | ‖g‖=nan | satA=nan | satW=nan | εμ=nan | εvar=nan | corr(ε,x)=nan | t=nans
   439 | base=0.863669 | val=0.451319 | acc1=0.8516 | Wμ=0.997 | Aμ=0.999 | Wmax=1.000 | Amax=1.000 |LR=9.0567e-12 | ‖g‖=nan | satA=nan | satW=nan | εμ=nan | εvar=nan | corr(ε,x)=nan | t=nans
   441 | base=0.826441 | val=0.451815 | acc1=0.8513 | Wμ=0.997 | Aμ=0.999 | Wmax=1.000 | Amax=1.000 |LR=7.7943e-12 | ‖g‖=nan | satA=nan | satW=nan | εμ=nan | εvar=nan | corr(ε,x)=nan | t=nans
   443 | base=0.822115 | val=0.459479 | acc1=0.8483 | Wμ=0.997 | Aμ=0.999 | Wmax=1.000 | Amax=1.000 |LR=6.7078e-12 | ‖g‖=nan | satA=nan | satW=nan | εμ=nan | εvar=nan | corr(ε,x)=nan | t=nans
   445 | base=0.819637 | val=0.451423 | acc1=0.8530 | Wμ=0.997 | Aμ=0.999 | Wmax=1.000 | Amax=1.000 |LR=5.7728e-12 | ‖g‖=nan | satA=nan | satW=nan | εμ=nan | εvar=nan | corr(ε,x)=nan | t=nans
   447 | base=0.743581 | val=0.453207 | acc1=0.8516 | Wμ=0.997 | Aμ=0.999 | Wmax=1.000 | Amax=1.000 |LR=4.9682e-12 | ‖g‖=nan | satA=nan | satW=nan | εμ=nan | εvar=nan | corr(ε,x)=nan | t=nans
   449 | base=0.871273 | val=0.454638 | acc1=0.8488 | Wμ=0.997 | Aμ=0.999 | Wmax=1.000 | Amax=1.000 |LR=4.2757e-12 | ‖g‖=nan | satA=nan | satW=nan | εμ=nan | εvar=nan | corr(ε,x)=nan | t=nans
   451 | base=0.832769 | val=0.448302 | acc1=0.8496 | Wμ=0.997 | Aμ=0.999 | Wmax=1.000 | Amax=1.000 |LR=3.6797e-12 | ‖g‖=nan | satA=nan | satW=nan | εμ=nan | εvar=nan | corr(ε,x)=nan | t=nans
   453 | base=0.807974 | val=0.452301 | acc1=0.8470 | Wμ=0.997 | Aμ=0.999 | Wmax=1.000 | Amax=1.000 |LR=3.1668e-12 | ‖g‖=nan | satA=nan | satW=nan | εμ=nan | εvar=nan | corr(ε,x)=nan | t=nans
   455 | base=0.747189 | val=0.456624 | acc1=0.8474 | Wμ=0.997 | Aμ=0.999 | Wmax=1.000 | Amax=1.000 |LR=2.7254e-12 | ‖g‖=nan | satA=nan | satW=nan | εμ=nan | εvar=nan | corr(ε,x)=nan | t=nans
   457 | base=0.860567 | val=0.447487 | acc1=0.8507 | Wμ=0.997 | Aμ=0.999 | Wmax=1.000 | Amax=1.000 |LR=2.3455e-12 | ‖g‖=nan | satA=nan | satW=nan | εμ=nan | εvar=nan | corr(ε,x)=nan | t=nans
   459 | base=0.870977 | val=0.448544 | acc1=0.8524 | Wμ=0.997 | Aμ=0.999 | Wmax=1.000 | Amax=1.000 |LR=2.0185e-12 | ‖g‖=nan | satA=nan | satW=nan | εμ=nan | εvar=nan | corr(ε,x)=nan | t=nans
   461 | base=0.849475 | val=0.451865 | acc1=0.8480 | Wμ=0.997 | Aμ=0.999 | Wmax=1.000 | Amax=1.000 |LR=1.7372e-12 | ‖g‖=nan | satA=nan | satW=nan | εμ=nan | εvar=nan | corr(ε,x)=nan | t=nans
   463 | base=0.801527 | val=0.457783 | acc1=0.8504 | Wμ=0.997 | Aμ=0.999 | Wmax=1.000 | Amax=1.000 |LR=1.495e-12 | ‖g‖=nan | satA=nan | satW=nan | εμ=nan | εvar=nan | corr(ε,x)=nan | t=nans
   465 | base=0.755746 | val=0.454354 | acc1=0.8518 | Wμ=0.997 | Aμ=0.999 | Wmax=1.000 | Amax=1.000 |LR=1.2866e-12 | ‖g‖=nan | satA=nan | satW=nan | εμ=nan | εvar=nan | corr(ε,x)=nan | t=nans
   467 | base=0.868344 | val=0.457305 | acc1=0.8497 | Wμ=0.997 | Aμ=0.999 | Wmax=1.000 | Amax=1.000 |LR=1.1073e-12 | ‖g‖=nan | satA=nan | satW=nan | εμ=nan | εvar=nan | corr(ε,x)=nan | t=nans
   469 | base=0.867055 | val=0.460606 | acc1=0.8493 | Wμ=0.997 | Aμ=0.999 | Wmax=1.000 | Amax=1.000 |LR=9.5295e-13 | ‖g‖=nan | satA=nan | satW=nan | εμ=nan | εvar=nan | corr(ε,x)=nan | t=nans
   471 | base=0.853249 | val=0.460720 | acc1=0.8475 | Wμ=0.997 | Aμ=0.999 | Wmax=1.000 | Amax=1.000 |LR=8.2012e-13 | ‖g‖=nan | satA=nan | satW=nan | εμ=nan | εvar=nan | corr(ε,x)=nan | t=nans
   473 | base=0.855250 | val=0.459896 | acc1=0.8468 | Wμ=0.997 | Aμ=0.999 | Wmax=1.000 | Amax=1.000 |LR=7.0581e-13 | ‖g‖=nan | satA=nan | satW=nan | εμ=nan | εvar=nan | corr(ε,x)=nan | t=nans
   475 | base=0.849679 | val=0.452574 | acc1=0.8522 | Wμ=0.997 | Aμ=0.999 | Wmax=1.000 | Amax=1.000 |LR=6.0742e-13 | ‖g‖=nan | satA=nan | satW=nan | εμ=nan | εvar=nan | corr(ε,x)=nan | t=nans
   477 | base=0.820138 | val=0.452868 | acc1=0.8470 | Wμ=0.997 | Aμ=0.999 | Wmax=1.000 | Amax=1.000 |LR=5.2276e-13 | ‖g‖=nan | satA=nan | satW=nan | εμ=nan | εvar=nan | corr(ε,x)=nan | t=nans
   479 | base=0.799180 | val=0.448974 | acc1=0.8493 | Wμ=0.997 | Aμ=0.999 | Wmax=1.000 | Amax=1.000 |LR=4.4989e-13 | ‖g‖=nan | satA=nan | satW=nan | εμ=nan | εvar=nan | corr(ε,x)=nan | t=nans
   481 | base=0.840200 | val=0.454474 | acc1=0.8521 | Wμ=0.997 | Aμ=0.999 | Wmax=1.000 | Amax=1.000 |LR=3.8718e-13 | ‖g‖=nan | satA=nan | satW=nan | εμ=nan | εvar=nan | corr(ε,x)=nan | t=nans
   483 | base=0.885564 | val=0.452564 | acc1=0.8518 | Wμ=0.997 | Aμ=0.999 | Wmax=1.000 | Amax=1.000 |LR=3.3321e-13 | ‖g‖=nan | satA=nan | satW=nan | εμ=nan | εvar=nan | corr(ε,x)=nan | t=nans
   485 | base=0.861742 | val=0.452167 | acc1=0.8528 | Wμ=0.997 | Aμ=0.999 | Wmax=1.000 | Amax=1.000 |LR=2.8677e-13 | ‖g‖=nan | satA=nan | satW=nan | εμ=nan | εvar=nan | corr(ε,x)=nan | t=nans
   487 | base=0.864337 | val=0.458238 | acc1=0.8480 | Wμ=0.997 | Aμ=0.999 | Wmax=1.000 | Amax=1.000 |LR=2.4679e-13 | ‖g‖=nan | satA=nan | satW=nan | εμ=nan | εvar=nan | corr(ε,x)=nan | t=nans
   489 | base=0.795919 | val=0.456437 | acc1=0.8489 | Wμ=0.997 | Aμ=0.999 | Wmax=1.000 | Amax=1.000 |LR=2.1239e-13 | ‖g‖=nan | satA=nan | satW=nan | εμ=nan | εvar=nan | corr(ε,x)=nan | t=nans
   491 | base=0.797520 | val=0.457267 | acc1=0.8483 | Wμ=0.997 | Aμ=0.999 | Wmax=1.000 | Amax=1.000 |LR=1.8279e-13 | ‖g‖=nan | satA=nan | satW=nan | εμ=nan | εvar=nan | corr(ε,x)=nan | t=nans
   493 | base=0.910920 | val=0.458071 | acc1=0.8505 | Wμ=0.997 | Aμ=0.999 | Wmax=1.000 | Amax=1.000 |LR=1.5731e-13 | ‖g‖=nan | satA=nan | satW=nan | εμ=nan | εvar=nan | corr(ε,x)=nan | t=nans
   495 | base=0.827587 | val=0.458379 | acc1=0.8501 | Wμ=0.997 | Aμ=0.999 | Wmax=1.000 | Amax=1.000 |LR=1.3538e-13 | ‖g‖=nan | satA=nan | satW=nan | εμ=nan | εvar=nan | corr(ε,x)=nan | t=nans
   497 | base=0.830067 | val=0.459027 | acc1=0.8454 | Wμ=0.997 | Aμ=0.999 | Wmax=1.000 | Amax=1.000 |LR=1.1651e-13 | ‖g‖=nan | satA=nan | satW=nan | εμ=nan | εvar=nan | corr(ε,x)=nan | t=nans
   499 | base=0.877741 | val=0.452522 | acc1=0.8489 | Wμ=0.997 | Aμ=0.999 | Wmax=1.000 | Amax=1.000 |LR=1.0027e-13 | ‖g‖=nan | satA=nan | satW=nan | εμ=nan | εvar=nan | corr(ε,x)=nan | t=nans
   501 | base=0.825978 | val=0.459747 | acc1=0.8475 | Wμ=0.997 | Aμ=0.999 | Wmax=1.000 | Amax=1.000 |LR=8.6294e-14 | ‖g‖=nan | satA=nan | satW=nan | εμ=nan | εvar=nan | corr(ε,x)=nan | t=nans
   503 | base=0.862004 | val=0.454650 | acc1=0.8503 | Wμ=0.997 | Aμ=0.999 | Wmax=1.000 | Amax=1.000 |LR=7.4266e-14 | ‖g‖=nan | satA=nan | satW=nan | εμ=nan | εvar=nan | corr(ε,x)=nan | t=nans
   505 | base=0.821441 | val=0.451241 | acc1=0.8530 | Wμ=0.997 | Aμ=0.999 | Wmax=1.000 | Amax=1.000 |LR=6.3914e-14 | ‖g‖=nan | satA=nan | satW=nan | εμ=nan | εvar=nan | corr(ε,x)=nan | t=nans
   507 | base=0.806634 | val=0.449964 | acc1=0.8517 | Wμ=0.997 | Aμ=0.999 | Wmax=1.000 | Amax=1.000 |LR=5.5005e-14 | ‖g‖=nan | satA=nan | satW=nan | εμ=nan | εvar=nan | corr(ε,x)=nan | t=nans
   509 | base=0.836120 | val=0.448173 | acc1=0.8519 | Wμ=0.997 | Aμ=0.999 | Wmax=1.000 | Amax=1.000 |LR=4.7338e-14 | ‖g‖=nan | satA=nan | satW=nan | εμ=nan | εvar=nan | corr(ε,x)=nan | t=nans
   511 | base=0.796625 | val=0.455726 | acc1=0.8492 | Wμ=0.997 | Aμ=0.999 | Wmax=1.000 | Amax=1.000 |LR=4.074e-14 | ‖g‖=nan | satA=nan | satW=nan | εμ=nan | εvar=nan | corr(ε,x)=nan | t=nans
   513 | base=0.876774 | val=0.452657 | acc1=0.8517 | Wμ=0.997 | Aμ=0.999 | Wmax=1.000 | Amax=1.000 |LR=3.5061e-14 | ‖g‖=nan | satA=nan | satW=nan | εμ=nan | εvar=nan | corr(ε,x)=nan | t=nans
   515 | base=0.872512 | val=0.455794 | acc1=0.8482 | Wμ=0.997 | Aμ=0.999 | Wmax=1.000 | Amax=1.000 |LR=3.0174e-14 | ‖g‖=nan | satA=nan | satW=nan | εμ=nan | εvar=nan | corr(ε,x)=nan | t=nans
   517 | base=0.762412 | val=0.452245 | acc1=0.8497 | Wμ=0.997 | Aμ=0.999 | Wmax=1.000 | Amax=1.000 |LR=2.5968e-14 | ‖g‖=nan | satA=nan | satW=nan | εμ=nan | εvar=nan | corr(ε,x)=nan | t=nans
   519 | base=0.853161 | val=0.457452 | acc1=0.8476 | Wμ=0.997 | Aμ=0.999 | Wmax=1.000 | Amax=1.000 |LR=2.2348e-14 | ‖g‖=nan | satA=nan | satW=nan | εμ=nan | εvar=nan | corr(ε,x)=nan | t=nans
   521 | base=0.805421 | val=0.456721 | acc1=0.8490 | Wμ=0.997 | Aμ=0.999 | Wmax=1.000 | Amax=1.000 |LR=1.9233e-14 | ‖g‖=nan | satA=nan | satW=nan | εμ=nan | εvar=nan | corr(ε,x)=nan | t=nans
   523 | base=0.855887 | val=0.458609 | acc1=0.8481 | Wμ=0.997 | Aμ=0.999 | Wmax=1.000 | Amax=1.000 |LR=1.6552e-14 | ‖g‖=nan | satA=nan | satW=nan | εμ=nan | εvar=nan | corr(ε,x)=nan | t=nans
   525 | base=0.839640 | val=0.459630 | acc1=0.8488 | Wμ=0.997 | Aμ=0.999 | Wmax=1.000 | Amax=1.000 |LR=1.4245e-14 | ‖g‖=nan | satA=nan | satW=nan | εμ=nan | εvar=nan | corr(ε,x)=nan | t=nans
   527 | base=0.774174 | val=0.453496 | acc1=0.8501 | Wμ=0.997 | Aμ=0.999 | Wmax=1.000 | Amax=1.000 |LR=1.2259e-14 | ‖g‖=nan | satA=nan | satW=nan | εμ=nan | εvar=nan | corr(ε,x)=nan | t=nans
   529 | base=0.801096 | val=0.444804 | acc1=0.8521 | Wμ=0.997 | Aμ=0.999 | Wmax=1.000 | Amax=1.000 |LR=1.0551e-14 | ‖g‖=nan | satA=nan | satW=nan | εμ=nan | εvar=nan | corr(ε,x)=nan | t=nans
   531 | base=0.806701 | val=0.450937 | acc1=0.8494 | Wμ=0.997 | Aμ=0.999 | Wmax=1.000 | Amax=1.000 |LR=9.08e-15 | ‖g‖=nan | satA=nan | satW=nan | εμ=nan | εvar=nan | corr(ε,x)=nan | t=nans
   533 | base=0.906722 | val=0.454599 | acc1=0.8508 | Wμ=0.997 | Aμ=0.999 | Wmax=1.000 | Amax=1.000 |LR=7.8144e-15 | ‖g‖=nan | satA=nan | satW=nan | εμ=nan | εvar=nan | corr(ε,x)=nan | t=nans
   535 | base=0.831759 | val=0.447110 | acc1=0.8513 | Wμ=0.997 | Aμ=0.999 | Wmax=1.000 | Amax=1.000 |LR=6.7251e-15 | ‖g‖=nan | satA=nan | satW=nan | εμ=nan | εvar=nan | corr(ε,x)=nan | t=nans
   537 | base=0.847797 | val=0.459353 | acc1=0.8535 | Wμ=0.997 | Aμ=0.999 | Wmax=1.000 | Amax=1.000 |LR=5.7877e-15 | ‖g‖=nan | satA=nan | satW=nan | εμ=nan | εvar=nan | corr(ε,x)=nan | t=nans
   539 | base=0.854638 | val=0.455863 | acc1=0.8478 | Wμ=0.997 | Aμ=0.999 | Wmax=1.000 | Amax=1.000 |LR=4.981e-15 | ‖g‖=nan | satA=nan | satW=nan | εμ=nan | εvar=nan | corr(ε,x)=nan | t=nans
   541 | base=0.859476 | val=0.455585 | acc1=0.8501 | Wμ=0.997 | Aμ=0.999 | Wmax=1.000 | Amax=1.000 |LR=4.2867e-15 | ‖g‖=nan | satA=nan | satW=nan | εμ=nan | εvar=nan | corr(ε,x)=nan | t=nans
   543 | base=0.851664 | val=0.453537 | acc1=0.8494 | Wμ=0.997 | Aμ=0.999 | Wmax=1.000 | Amax=1.000 |LR=3.6892e-15 | ‖g‖=nan | satA=nan | satW=nan | εμ=nan | εvar=nan | corr(ε,x)=nan | t=nans
   545 | base=0.835488 | val=0.452535 | acc1=0.8511 | Wμ=0.997 | Aμ=0.999 | Wmax=1.000 | Amax=1.000 |LR=3.1749e-15 | ‖g‖=nan | satA=nan | satW=nan | εμ=nan | εvar=nan | corr(ε,x)=nan | t=nans
   547 | base=0.807473 | val=0.458270 | acc1=0.8493 | Wμ=0.997 | Aμ=0.999 | Wmax=1.000 | Amax=1.000 |LR=2.7324e-15 | ‖g‖=nan | satA=nan | satW=nan | εμ=nan | εvar=nan | corr(ε,x)=nan | t=nans
   549 | base=0.789971 | val=0.461306 | acc1=0.8454 | Wμ=0.997 | Aμ=0.999 | Wmax=1.000 | Amax=1.000 |LR=2.3515e-15 | ‖g‖=nan | satA=nan | satW=nan | εμ=nan | εvar=nan | corr(ε,x)=nan | t=nans
   551 | base=0.918360 | val=0.452928 | acc1=0.8521 | Wμ=0.997 | Aμ=0.999 | Wmax=1.000 | Amax=1.000 |LR=2.0237e-15 | ‖g‖=nan | satA=nan | satW=nan | εμ=nan | εvar=nan | corr(ε,x)=nan | t=nans
   553 | base=0.835535 | val=0.450099 | acc1=0.8519 | Wμ=0.997 | Aμ=0.999 | Wmax=1.000 | Amax=1.000 |LR=1.7417e-15 | ‖g‖=nan | satA=nan | satW=nan | εμ=nan | εvar=nan | corr(ε,x)=nan | t=nans
   555 | base=0.818765 | val=0.448566 | acc1=0.8506 | Wμ=0.997 | Aμ=0.999 | Wmax=1.000 | Amax=1.000 |LR=1.4989e-15 | ‖g‖=nan | satA=nan | satW=nan | εμ=nan | εvar=nan | corr(ε,x)=nan | t=nans
   557 | base=0.856648 | val=0.452711 | acc1=0.8462 | Wμ=0.997 | Aμ=0.999 | Wmax=1.000 | Amax=1.000 |LR=1.29e-15 | ‖g‖=nan | satA=nan | satW=nan | εμ=nan | εvar=nan | corr(ε,x)=nan | t=nans
   559 | base=0.888176 | val=0.454771 | acc1=0.8511 | Wμ=0.997 | Aμ=0.999 | Wmax=1.000 | Amax=1.000 |LR=1.1102e-15 | ‖g‖=nan | satA=nan | satW=nan | εμ=nan | εvar=nan | corr(ε,x)=nan | t=nans
   561 | base=0.782914 | val=0.458236 | acc1=0.8462 | Wμ=0.997 | Aμ=0.999 | Wmax=1.000 | Amax=1.000 |LR=9.5541e-16 | ‖g‖=nan | satA=nan | satW=nan | εμ=nan | εvar=nan | corr(ε,x)=nan | t=nans
   563 | base=0.781315 | val=0.454868 | acc1=0.8500 | Wμ=0.997 | Aμ=0.999 | Wmax=1.000 | Amax=1.000 |LR=8.2224e-16 | ‖g‖=nan | satA=nan | satW=nan | εμ=nan | εvar=nan | corr(ε,x)=nan | t=nans
   565 | base=0.862833 | val=0.451140 | acc1=0.8512 | Wμ=0.997 | Aμ=0.999 | Wmax=1.000 | Amax=1.000 |LR=7.0763e-16 | ‖g‖=nan | satA=nan | satW=nan | εμ=nan | εvar=nan | corr(ε,x)=nan | t=nans
   567 | base=0.874569 | val=0.450360 | acc1=0.8561 | Wμ=0.997 | Aμ=0.999 | Wmax=1.000 | Amax=1.000 |LR=6.0899e-16 | ‖g‖=nan | satA=nan | satW=nan | εμ=nan | εvar=nan | corr(ε,x)=nan | t=nans
   569 | base=0.794487 | val=0.456242 | acc1=0.8503 | Wμ=0.997 | Aμ=0.999 | Wmax=1.000 | Amax=1.000 |LR=5.241e-16 | ‖g‖=nan | satA=nan | satW=nan | εμ=nan | εvar=nan | corr(ε,x)=nan | t=nans
   571 | base=0.884032 | val=0.452962 | acc1=0.8475 | Wμ=0.997 | Aμ=0.999 | Wmax=1.000 | Amax=1.000 |LR=4.5105e-16 | ‖g‖=nan | satA=nan | satW=nan | εμ=nan | εvar=nan | corr(ε,x)=nan | t=nans
   573 | base=0.848852 | val=0.449689 | acc1=0.8505 | Wμ=0.997 | Aμ=0.999 | Wmax=1.000 | Amax=1.000 |LR=3.8818e-16 | ‖g‖=nan | satA=nan | satW=nan | εμ=nan | εvar=nan | corr(ε,x)=nan | t=nans
   575 | base=0.846377 | val=0.449924 | acc1=0.8517 | Wμ=0.997 | Aμ=0.999 | Wmax=1.000 | Amax=1.000 |LR=3.3407e-16 | ‖g‖=nan | satA=nan | satW=nan | εμ=nan | εvar=nan | corr(ε,x)=nan | t=nans
   577 | base=0.841258 | val=0.449597 | acc1=0.8525 | Wμ=0.997 | Aμ=0.999 | Wmax=1.000 | Amax=1.000 |LR=2.875e-16 | ‖g‖=nan | satA=nan | satW=nan | εμ=nan | εvar=nan | corr(ε,x)=nan | t=nans
   579 | base=0.848099 | val=0.455771 | acc1=0.8522 | Wμ=0.997 | Aμ=0.999 | Wmax=1.000 | Amax=1.000 |LR=2.4743e-16 | ‖g‖=nan | satA=nan | satW=nan | εμ=nan | εvar=nan | corr(ε,x)=nan | t=nans
   581 | base=0.881074 | val=0.457144 | acc1=0.8509 | Wμ=0.997 | Aμ=0.999 | Wmax=1.000 | Amax=1.000 |LR=2.1294e-16 | ‖g‖=nan | satA=nan | satW=nan | εμ=nan | εvar=nan | corr(ε,x)=nan | t=nans
   583 | base=0.798602 | val=0.456778 | acc1=0.8513 | Wμ=0.997 | Aμ=0.999 | Wmax=1.000 | Amax=1.000 |LR=1.8326e-16 | ‖g‖=nan | satA=nan | satW=nan | εμ=nan | εvar=nan | corr(ε,x)=nan | t=nans
   585 | base=0.828241 | val=0.460562 | acc1=0.8515 | Wμ=0.997 | Aμ=0.999 | Wmax=1.000 | Amax=1.000 |LR=1.5771e-16 | ‖g‖=nan | satA=nan | satW=nan | εμ=nan | εvar=nan | corr(ε,x)=nan | t=nans
   587 | base=0.840024 | val=0.455845 | acc1=0.8465 | Wμ=0.997 | Aμ=0.999 | Wmax=1.000 | Amax=1.000 |LR=1.3573e-16 | ‖g‖=nan | satA=nan | satW=nan | εμ=nan | εvar=nan | corr(ε,x)=nan | t=nans
   589 | base=0.874968 | val=0.452198 | acc1=0.8501 | Wμ=0.997 | Aμ=0.999 | Wmax=1.000 | Amax=1.000 |LR=1.1681e-16 | ‖g‖=nan | satA=nan | satW=nan | εμ=nan | εvar=nan | corr(ε,x)=nan | t=nans
   591 | base=0.816945 | val=0.455634 | acc1=0.8481 | Wμ=0.997 | Aμ=0.999 | Wmax=1.000 | Amax=1.000 |LR=1.0053e-16 | ‖g‖=nan | satA=nan | satW=nan | εμ=nan | εvar=nan | corr(ε,x)=nan | t=nans
   593 | base=0.783298 | val=0.463043 | acc1=0.8496 | Wμ=0.997 | Aμ=0.999 | Wmax=1.000 | Amax=1.000 |LR=8.6517e-17 | ‖g‖=nan | satA=nan | satW=nan | εμ=nan | εvar=nan | corr(ε,x)=nan | t=nans
   595 | base=0.792622 | val=0.450083 | acc1=0.8569 | Wμ=0.997 | Aμ=0.999 | Wmax=1.000 | Amax=1.000 |LR=7.4457e-17 | ‖g‖=nan | satA=nan | satW=nan | εμ=nan | εvar=nan | corr(ε,x)=nan | t=nans
   597 | base=0.853021 | val=0.452811 | acc1=0.8477 | Wμ=0.997 | Aμ=0.999 | Wmax=1.000 | Amax=1.000 |LR=6.4079e-17 | ‖g‖=nan | satA=nan | satW=nan | εμ=nan | εvar=nan | corr(ε,x)=nan | t=nans
   599 | base=0.853938 | val=0.447123 | acc1=0.8538 | Wμ=0.997 | Aμ=0.999 | Wmax=1.000 | Amax=1.000 |LR=5.5147e-17 | ‖g‖=nan | satA=nan | satW=nan | εμ=nan | εvar=nan | corr(ε,x)=nan | t=nans
   601 | base=0.781877 | val=0.457025 | acc1=0.8511 | Wμ=0.997 | Aμ=0.999 | Wmax=1.000 | Amax=1.000 |LR=4.746e-17 | ‖g‖=nan | satA=nan | satW=nan | εμ=nan | εvar=nan | corr(ε,x)=nan | t=nans
   603 | base=0.794584 | val=0.457736 | acc1=0.8514 | Wμ=0.997 | Aμ=0.999 | Wmax=1.000 | Amax=1.000 |LR=4.0845e-17 | ‖g‖=nan | satA=nan | satW=nan | εμ=nan | εvar=nan | corr(ε,x)=nan | t=nans
   605 | base=0.828030 | val=0.454826 | acc1=0.8485 | Wμ=0.997 | Aμ=0.999 | Wmax=1.000 | Amax=1.000 |LR=3.5151e-17 | ‖g‖=nan | satA=nan | satW=nan | εμ=nan | εvar=nan | corr(ε,x)=nan | t=nans
   607 | base=0.818837 | val=0.458087 | acc1=0.8474 | Wμ=0.997 | Aμ=0.999 | Wmax=1.000 | Amax=1.000 |LR=3.0252e-17 | ‖g‖=nan | satA=nan | satW=nan | εμ=nan | εvar=nan | corr(ε,x)=nan | t=nans
   609 | base=0.793892 | val=0.452730 | acc1=0.8516 | Wμ=0.997 | Aμ=0.999 | Wmax=1.000 | Amax=1.000 |LR=2.6035e-17 | ‖g‖=nan | satA=nan | satW=nan | εμ=nan | εvar=nan | corr(ε,x)=nan | t=nans
   611 | base=0.834833 | val=0.454007 | acc1=0.8519 | Wμ=0.997 | Aμ=0.999 | Wmax=1.000 | Amax=1.000 |LR=2.2406e-17 | ‖g‖=nan | satA=nan | satW=nan | εμ=nan | εvar=nan | corr(ε,x)=nan | t=nans
   613 | base=0.835088 | val=0.453278 | acc1=0.8471 | Wμ=0.997 | Aμ=0.999 | Wmax=1.000 | Amax=1.000 |LR=1.9283e-17 | ‖g‖=nan | satA=nan | satW=nan | εμ=nan | εvar=nan | corr(ε,x)=nan | t=nans
   615 | base=0.767289 | val=0.460700 | acc1=0.8481 | Wμ=0.997 | Aμ=0.999 | Wmax=1.000 | Amax=1.000 |LR=1.6595e-17 | ‖g‖=nan | satA=nan | satW=nan | εμ=nan | εvar=nan | corr(ε,x)=nan | t=nans
   617 | base=0.800205 | val=0.448271 | acc1=0.8533 | Wμ=0.997 | Aμ=0.999 | Wmax=1.000 | Amax=1.000 |LR=1.4282e-17 | ‖g‖=nan | satA=nan | satW=nan | εμ=nan | εvar=nan | corr(ε,x)=nan | t=nans
   619 | base=0.827096 | val=0.443853 | acc1=0.8513 | Wμ=0.997 | Aμ=0.999 | Wmax=1.000 | Amax=1.000 |LR=1.2291e-17 | ‖g‖=nan | satA=nan | satW=nan | εμ=nan | εvar=nan | corr(ε,x)=nan | t=nans
   621 | base=0.823662 | val=0.452782 | acc1=0.8496 | Wμ=0.997 | Aμ=0.999 | Wmax=1.000 | Amax=1.000 |LR=1.0578e-17 | ‖g‖=nan | satA=nan | satW=nan | εμ=nan | εvar=nan | corr(ε,x)=nan | t=nans
   623 | base=0.721064 | val=0.451485 | acc1=0.8493 | Wμ=0.997 | Aμ=0.999 | Wmax=1.000 | Amax=1.000 |LR=9.1034e-18 | ‖g‖=nan | satA=nan | satW=nan | εμ=nan | εvar=nan | corr(ε,x)=nan | t=nans
   625 | base=0.861505 | val=0.447238 | acc1=0.8521 | Wμ=0.997 | Aμ=0.999 | Wmax=1.000 | Amax=1.000 |LR=7.8345e-18 | ‖g‖=nan | satA=nan | satW=nan | εμ=nan | εvar=nan | corr(ε,x)=nan | t=nans
   627 | base=0.851369 | val=0.456179 | acc1=0.8492 | Wμ=0.997 | Aμ=0.999 | Wmax=1.000 | Amax=1.000 |LR=6.7425e-18 | ‖g‖=nan | satA=nan | satW=nan | εμ=nan | εvar=nan | corr(ε,x)=nan | t=nans
   629 | base=0.877820 | val=0.451461 | acc1=0.8520 | Wμ=0.997 | Aμ=0.999 | Wmax=1.000 | Amax=1.000 |LR=5.8026e-18 | ‖g‖=nan | satA=nan | satW=nan | εμ=nan | εvar=nan | corr(ε,x)=nan | t=nans
   631 | base=0.827081 | val=0.454123 | acc1=0.8494 | Wμ=0.997 | Aμ=0.999 | Wmax=1.000 | Amax=1.000 |LR=4.9938e-18 | ‖g‖=nan | satA=nan | satW=nan | εμ=nan | εvar=nan | corr(ε,x)=nan | t=nans
   633 | base=0.885787 | val=0.451474 | acc1=0.8511 | Wμ=0.997 | Aμ=0.999 | Wmax=1.000 | Amax=1.000 |LR=4.2977e-18 | ‖g‖=nan | satA=nan | satW=nan | εμ=nan | εvar=nan | corr(ε,x)=nan | t=nans
   635 | base=0.848413 | val=0.455278 | acc1=0.8519 | Wμ=0.997 | Aμ=0.999 | Wmax=1.000 | Amax=1.000 |LR=3.6987e-18 | ‖g‖=nan | satA=nan | satW=nan | εμ=nan | εvar=nan | corr(ε,x)=nan | t=nans
   637 | base=0.854569 | val=0.456919 | acc1=0.8488 | Wμ=0.997 | Aμ=0.999 | Wmax=1.000 | Amax=1.000 |LR=3.1831e-18 | ‖g‖=nan | satA=nan | satW=nan | εμ=nan | εvar=nan | corr(ε,x)=nan | t=nans
   639 | base=0.904046 | val=0.447810 | acc1=0.8521 | Wμ=0.997 | Aμ=0.999 | Wmax=1.000 | Amax=1.000 |LR=2.7394e-18 | ‖g‖=nan | satA=nan | satW=nan | εμ=nan | εvar=nan | corr(ε,x)=nan | t=nans
   641 | base=0.810521 | val=0.437219 | acc1=0.8564 | Wμ=0.997 | Aμ=0.999 | Wmax=1.000 | Amax=1.000 |LR=2.3576e-18 | ‖g‖=nan | satA=nan | satW=nan | εμ=nan | εvar=nan | corr(ε,x)=nan | t=nans
   643 | base=0.827350 | val=0.450644 | acc1=0.8512 | Wμ=0.997 | Aμ=0.999 | Wmax=1.000 | Amax=1.000 |LR=2.029e-18 | ‖g‖=nan | satA=nan | satW=nan | εμ=nan | εvar=nan | corr(ε,x)=nan | t=nans
   645 | base=0.836981 | val=0.456853 | acc1=0.8481 | Wμ=0.997 | Aμ=0.999 | Wmax=1.000 | Amax=1.000 |LR=1.7461e-18 | ‖g‖=nan | satA=nan | satW=nan | εμ=nan | εvar=nan | corr(ε,x)=nan | t=nans
   647 | base=0.817092 | val=0.445061 | acc1=0.8491 | Wμ=0.997 | Aμ=0.999 | Wmax=1.000 | Amax=1.000 |LR=1.5028e-18 | ‖g‖=nan | satA=nan | satW=nan | εμ=nan | εvar=nan | corr(ε,x)=nan | t=nans
   649 | base=0.854630 | val=0.445670 | acc1=0.8508 | Wμ=0.997 | Aμ=0.999 | Wmax=1.000 | Amax=1.000 |LR=1.2933e-18 | ‖g‖=nan | satA=nan | satW=nan | εμ=nan | εvar=nan | corr(ε,x)=nan | t=nans
   651 | base=0.865789 | val=0.450900 | acc1=0.8515 | Wμ=0.997 | Aμ=0.999 | Wmax=1.000 | Amax=1.000 |LR=1.113e-18 | ‖g‖=nan | satA=nan | satW=nan | εμ=nan | εvar=nan | corr(ε,x)=nan | t=nans
   653 | base=0.836188 | val=0.452218 | acc1=0.8515 | Wμ=0.997 | Aμ=0.999 | Wmax=1.000 | Amax=1.000 |LR=9.5787e-19 | ‖g‖=nan | satA=nan | satW=nan | εμ=nan | εvar=nan | corr(ε,x)=nan | t=nans
   655 | base=0.880822 | val=0.454053 | acc1=0.8491 | Wμ=0.997 | Aμ=0.999 | Wmax=1.000 | Amax=1.000 |LR=8.2436e-19 | ‖g‖=nan | satA=nan | satW=nan | εμ=nan | εvar=nan | corr(ε,x)=nan | t=nans
   657 | base=0.812699 | val=0.444973 | acc1=0.8518 | Wμ=0.997 | Aμ=0.999 | Wmax=1.000 | Amax=1.000 |LR=7.0945e-19 | ‖g‖=nan | satA=nan | satW=nan | εμ=nan | εvar=nan | corr(ε,x)=nan | t=nans
   659 | base=0.808663 | val=0.455289 | acc1=0.8498 | Wμ=0.997 | Aμ=0.999 | Wmax=1.000 | Amax=1.000 |LR=6.1056e-19 | ‖g‖=nan | satA=nan | satW=nan | εμ=nan | εvar=nan | corr(ε,x)=nan | t=nans
   661 | base=0.911926 | val=0.449178 | acc1=0.8504 | Wμ=0.997 | Aμ=0.999 | Wmax=1.000 | Amax=1.000 |LR=5.2546e-19 | ‖g‖=nan | satA=nan | satW=nan | εμ=nan | εvar=nan | corr(ε,x)=nan | t=nans
   663 | base=0.828786 | val=0.457004 | acc1=0.8470 | Wμ=0.997 | Aμ=0.999 | Wmax=1.000 | Amax=1.000 |LR=4.5221e-19 | ‖g‖=nan | satA=nan | satW=nan | εμ=nan | εvar=nan | corr(ε,x)=nan | t=nans
   665 | base=0.827750 | val=0.447083 | acc1=0.8512 | Wμ=0.997 | Aμ=0.999 | Wmax=1.000 | Amax=1.000 |LR=3.8918e-19 | ‖g‖=nan | satA=nan | satW=nan | εμ=nan | εvar=nan | corr(ε,x)=nan | t=nans
   667 | base=0.783773 | val=0.450954 | acc1=0.8519 | Wμ=0.997 | Aμ=0.999 | Wmax=1.000 | Amax=1.000 |LR=3.3493e-19 | ‖g‖=nan | satA=nan | satW=nan | εμ=nan | εvar=nan | corr(ε,x)=nan | t=nans
   669 | base=0.838330 | val=0.450446 | acc1=0.8488 | Wμ=0.997 | Aμ=0.999 | Wmax=1.000 | Amax=1.000 |LR=2.8825e-19 | ‖g‖=nan | satA=nan | satW=nan | εμ=nan | εvar=nan | corr(ε,x)=nan | t=nans
   671 | base=0.812594 | val=0.453276 | acc1=0.8523 | Wμ=0.997 | Aμ=0.999 | Wmax=1.000 | Amax=1.000 |LR=2.4807e-19 | ‖g‖=nan | satA=nan | satW=nan | εμ=nan | εvar=nan | corr(ε,x)=nan | t=nans
   673 | base=0.827908 | val=0.454012 | acc1=0.8488 | Wμ=0.997 | Aμ=0.999 | Wmax=1.000 | Amax=1.000 |LR=2.1349e-19 | ‖g‖=nan | satA=nan | satW=nan | εμ=nan | εvar=nan | corr(ε,x)=nan | t=nans
   675 | base=0.824753 | val=0.451485 | acc1=0.8527 | Wμ=0.997 | Aμ=0.999 | Wmax=1.000 | Amax=1.000 |LR=1.8373e-19 | ‖g‖=nan | satA=nan | satW=nan | εμ=nan | εvar=nan | corr(ε,x)=nan | t=nans
   677 | base=0.856566 | val=0.452205 | acc1=0.8529 | Wμ=0.997 | Aμ=0.999 | Wmax=1.000 | Amax=1.000 |LR=1.5812e-19 | ‖g‖=nan | satA=nan | satW=nan | εμ=nan | εvar=nan | corr(ε,x)=nan | t=nans
   679 | base=0.895132 | val=0.451348 | acc1=0.8537 | Wμ=0.997 | Aμ=0.999 | Wmax=1.000 | Amax=1.000 |LR=1.3608e-19 | ‖g‖=nan | satA=nan | satW=nan | εμ=nan | εvar=nan | corr(ε,x)=nan | t=nans
   681 | base=0.905678 | val=0.458635 | acc1=0.8502 | Wμ=0.997 | Aμ=0.999 | Wmax=1.000 | Amax=1.000 |LR=1.1711e-19 | ‖g‖=nan | satA=nan | satW=nan | εμ=nan | εvar=nan | corr(ε,x)=nan | t=nans
   683 | base=0.828228 | val=0.451476 | acc1=0.8536 | Wμ=0.997 | Aμ=0.999 | Wmax=1.000 | Amax=1.000 |LR=1.0079e-19 | ‖g‖=nan | satA=nan | satW=nan | εμ=nan | εvar=nan | corr(ε,x)=nan | t=nans
   685 | base=0.797919 | val=0.451314 | acc1=0.8494 | Wμ=0.997 | Aμ=0.999 | Wmax=1.000 | Amax=1.000 |LR=8.674e-20 | ‖g‖=nan | satA=nan | satW=nan | εμ=nan | εvar=nan | corr(ε,x)=nan | t=nans
   687 | base=0.854726 | val=0.449235 | acc1=0.8494 | Wμ=0.997 | Aμ=0.999 | Wmax=1.000 | Amax=1.000 |LR=7.4649e-20 | ‖g‖=nan | satA=nan | satW=nan | εμ=nan | εvar=nan | corr(ε,x)=nan | t=nans
   689 | base=0.846038 | val=0.448222 | acc1=0.8511 | Wμ=0.997 | Aμ=0.999 | Wmax=1.000 | Amax=1.000 |LR=6.4244e-20 | ‖g‖=nan | satA=nan | satW=nan | εμ=nan | εvar=nan | corr(ε,x)=nan | t=nans
   691 | base=0.789194 | val=0.452702 | acc1=0.8514 | Wμ=0.997 | Aμ=0.999 | Wmax=1.000 | Amax=1.000 |LR=5.5289e-20 | ‖g‖=nan | satA=nan | satW=nan | εμ=nan | εvar=nan | corr(ε,x)=nan | t=nans
   693 | base=0.842979 | val=0.445314 | acc1=0.8519 | Wμ=0.997 | Aμ=0.999 | Wmax=1.000 | Amax=1.000 |LR=4.7582e-20 | ‖g‖=nan | satA=nan | satW=nan | εμ=nan | εvar=nan | corr(ε,x)=nan | t=nans
   695 | base=0.792505 | val=0.446242 | acc1=0.8525 | Wμ=0.997 | Aμ=0.999 | Wmax=1.000 | Amax=1.000 |LR=4.095e-20 | ‖g‖=nan | satA=nan | satW=nan | εμ=nan | εvar=nan | corr(ε,x)=nan | t=nans
