     0 | base=nan | val=nan | acc1=0.9282 | Wμ=nan | Aμ=nan | Wmax=nan | Amax=nan |LR=nan | t=nans
     0 | base=nan | val=0.236706 | acc1=0.9282 | Wμ=11.186 | Aμ=20.000 | Wmax=12.916 | Amax=13.744 |LR=nan | t=nans
     0 | base=nan | val=0.236786 | acc1=0.9280 | Wμ=9.786 | Aμ=20.000 | Wmax=10.000 | Amax=13.743 |LR=nan | t=nans
     0 | base=nan | val=0.236885 | acc1=0.9282 | Wμ=9.786 | Aμ=10.000 | Wmax=10.000 | Amax=9.994 |LR=nan | t=nans
# epoch | BaseLoss | ValLoss | Acc@1 | MeanWBits | MeanABits | MaxWBits | MaxABits | LR | EpochTime(s)
     0 | base=nan | val=0.213740 | acc1=0.9350 | Wμ=9.786 | Aμ=10.000 | Wmax=10.000 | Amax=10.000 |LR=nan | t=nans
     0 | base=0.002955 | val=0.236281 | acc1=0.9277 | Wμ=9.786 | Aμ=10.000 | Wmax=10.001 | Amax=9.994 |LR=9.8e-05 | t=10.34s
     1 | base=0.003961 | val=0.236592 | acc1=0.9279 | Wμ=9.786 | Aμ=10.001 | Wmax=10.003 | Amax=9.993 |LR=0.000198 | t=9.22s
     2 | base=0.003801 | val=0.236974 | acc1=0.9278 | Wμ=9.786 | Aμ=10.002 | Wmax=10.004 | Amax=9.994 |LR=0.000298 | t=9.24s
     3 | base=0.003233 | val=0.237433 | acc1=0.9269 | Wμ=9.786 | Aμ=10.003 | Wmax=10.006 | Amax=9.996 |LR=0.000398 | t=9.24s
     4 | base=0.003848 | val=0.239600 | acc1=0.9264 | Wμ=9.786 | Aμ=10.006 | Wmax=10.011 | Amax=9.999 |LR=0.000498 | t=9.21s
     5 | base=0.003724 | val=0.239264 | acc1=0.9260 | Wμ=9.786 | Aμ=10.008 | Wmax=10.013 | Amax=10.000 |LR=0.000598 | t=9.20s
     6 | base=0.003724 | val=0.239823 | acc1=0.9255 | Wμ=9.786 | Aμ=10.012 | Wmax=10.018 | Amax=10.006 |LR=0.000698 | t=9.22s
     7 | base=0.003572 | val=0.239900 | acc1=0.9269 | Wμ=9.787 | Aμ=10.018 | Wmax=10.024 | Amax=10.006 |LR=0.000798 | t=9.29s
     8 | base=0.006090 | val=0.236841 | acc1=0.9274 | Wμ=9.788 | Aμ=10.024 | Wmax=10.033 | Amax=10.017 |LR=0.000898 | t=9.27s
     9 | base=0.008973 | val=0.241621 | acc1=0.9242 | Wμ=9.790 | Aμ=10.031 | Wmax=10.042 | Amax=10.023 |LR=0.000998 | t=9.41s
    10 | base=0.012705 | val=0.242045 | acc1=0.9238 | Wμ=9.792 | Aμ=10.038 | Wmax=10.074 | Amax=10.025 |LR=0.001098 | t=9.23s
    11 | base=0.012401 | val=0.242005 | acc1=0.9260 | Wμ=9.795 | Aμ=10.045 | Wmax=10.074 | Amax=10.039 |LR=0.001198 | t=9.22s
    12 | base=0.022747 | val=0.259862 | acc1=0.9197 | Wμ=9.799 | Aμ=10.051 | Wmax=10.093 | Amax=10.043 |LR=0.001298 | t=9.24s
    13 | base=0.025932 | val=0.251379 | acc1=0.9223 | Wμ=9.803 | Aμ=10.058 | Wmax=10.110 | Amax=10.042 |LR=0.001398 | t=9.25s
    14 | base=0.031957 | val=0.263866 | acc1=0.9181 | Wμ=9.808 | Aμ=10.062 | Wmax=10.165 | Amax=10.053 |LR=0.001498 | t=9.23s
    15 | base=0.027966 | val=0.253476 | acc1=0.9191 | Wμ=9.815 | Aμ=10.073 | Wmax=10.169 | Amax=10.074 |LR=0.001598 | t=9.22s
    16 | base=0.035603 | val=0.263398 | acc1=0.9170 | Wμ=9.822 | Aμ=10.081 | Wmax=10.184 | Amax=10.089 |LR=0.001698 | t=9.21s
    17 | base=0.030818 | val=0.261067 | acc1=0.9164 | Wμ=9.830 | Aμ=10.087 | Wmax=10.228 | Amax=10.080 |LR=0.001798 | t=9.23s
    18 | base=0.035267 | val=0.265047 | acc1=0.9168 | Wμ=9.838 | Aμ=10.096 | Wmax=10.243 | Amax=10.103 |LR=0.001898 | t=9.25s
    19 | base=0.051098 | val=0.273907 | acc1=0.9126 | Wμ=9.846 | Aμ=10.098 | Wmax=10.243 | Amax=10.114 |LR=0.001998 | t=9.24s
    20 | base=0.045842 | val=0.267094 | acc1=0.9188 | Wμ=9.823 | Aμ=9.995 | Wmax=10.179 | Amax=10.098 |LR=0.002 | t=9.30s
    21 | base=0.049606 | val=0.258409 | acc1=0.9186 | Wμ=9.589 | Aμ=9.848 | Wmax=9.937 | Amax=10.044 |LR=0.002 | t=9.25s
    22 | base=0.052483 | val=0.255070 | acc1=0.9210 | Wμ=9.334 | Aμ=9.711 | Wmax=9.776 | Amax=9.991 |LR=0.002 | t=9.28s
    23 | base=0.049427 | val=0.272054 | acc1=0.9159 | Wμ=9.077 | Aμ=9.578 | Wmax=9.600 | Amax=9.921 |LR=0.002 | t=9.26s
    24 | base=0.047237 | val=0.248238 | acc1=0.9196 | Wμ=8.846 | Aμ=9.444 | Wmax=9.426 | Amax=9.878 |LR=0.002 | t=9.25s
    25 | base=0.050062 | val=0.258635 | acc1=0.9183 | Wμ=8.605 | Aμ=9.302 | Wmax=9.260 | Amax=9.814 |LR=0.002 | t=9.25s
    26 | base=0.044422 | val=0.260738 | acc1=0.9201 | Wμ=8.378 | Aμ=9.144 | Wmax=9.077 | Amax=9.750 |LR=0.002 | t=9.29s
    27 | base=0.038143 | val=0.249622 | acc1=0.9207 | Wμ=8.157 | Aμ=8.987 | Wmax=8.895 | Amax=9.706 |LR=0.002 | t=9.27s
    28 | base=0.045763 | val=0.258538 | acc1=0.9215 | Wμ=7.935 | Aμ=8.835 | Wmax=8.707 | Amax=9.660 |LR=0.002 | t=9.22s
    29 | base=0.039993 | val=0.259392 | acc1=0.9190 | Wμ=7.722 | Aμ=8.679 | Wmax=8.543 | Amax=9.576 |LR=0.002 | t=9.25s
    30 | base=0.046278 | val=0.270547 | acc1=0.9173 | Wμ=7.513 | Aμ=8.516 | Wmax=8.375 | Amax=9.480 |LR=0.002 | t=9.26s
    31 | base=0.037331 | val=0.265049 | acc1=0.9193 | Wμ=7.299 | Aμ=8.351 | Wmax=8.200 | Amax=9.390 |LR=0.002 | t=9.24s
    32 | base=0.043580 | val=0.282243 | acc1=0.9146 | Wμ=7.106 | Aμ=8.178 | Wmax=8.039 | Amax=9.287 |LR=0.002 | t=9.28s
    33 | base=0.032875 | val=0.263677 | acc1=0.9162 | Wμ=6.892 | Aμ=8.017 | Wmax=7.864 | Amax=9.199 |LR=0.002 | t=9.27s
    34 | base=0.039311 | val=0.266138 | acc1=0.9158 | Wμ=6.701 | Aμ=7.857 | Wmax=7.693 | Amax=9.091 |LR=0.002 | t=9.26s
    35 | base=0.046401 | val=0.285447 | acc1=0.9132 | Wμ=6.505 | Aμ=7.707 | Wmax=7.539 | Amax=8.928 |LR=0.002 | t=9.24s
    36 | base=0.049387 | val=0.259284 | acc1=0.9184 | Wμ=6.315 | Aμ=7.560 | Wmax=7.384 | Amax=8.806 |LR=0.002 | t=9.27s
    37 | base=0.049283 | val=0.265153 | acc1=0.9166 | Wμ=6.127 | Aμ=7.416 | Wmax=7.219 | Amax=8.662 |LR=0.002 | t=9.26s
    38 | base=0.044541 | val=0.257186 | acc1=0.9180 | Wμ=5.939 | Aμ=7.276 | Wmax=7.066 | Amax=8.524 |LR=0.002 | t=9.25s
    39 | base=0.048061 | val=0.270867 | acc1=0.9129 | Wμ=5.772 | Aμ=7.127 | Wmax=6.895 | Amax=8.358 |LR=0.002 | t=9.26s
    40 | base=0.046303 | val=0.253114 | acc1=0.9195 | Wμ=5.586 | Aμ=7.000 | Wmax=6.728 | Amax=8.224 |LR=0.002 | t=9.26s
    41 | base=0.058713 | val=0.257567 | acc1=0.9159 | Wμ=5.401 | Aμ=6.866 | Wmax=6.570 | Amax=8.103 |LR=0.002 | t=9.28s
    42 | base=0.057967 | val=0.276764 | acc1=0.9114 | Wμ=5.221 | Aμ=6.745 | Wmax=6.409 | Amax=7.983 |LR=0.002 | t=9.29s
    43 | base=0.056738 | val=0.284873 | acc1=0.9107 | Wμ=5.045 | Aμ=6.628 | Wmax=6.267 | Amax=7.864 |LR=0.002 | t=9.28s
    44 | base=0.060214 | val=0.277289 | acc1=0.9120 | Wμ=4.870 | Aμ=6.518 | Wmax=6.109 | Amax=7.762 |LR=0.002 | t=9.25s
    45 | base=0.086734 | val=0.300476 | acc1=0.9078 | Wμ=4.698 | Aμ=6.406 | Wmax=5.977 | Amax=7.622 |LR=0.002 | t=9.30s
    46 | base=0.063090 | val=0.282268 | acc1=0.9115 | Wμ=4.528 | Aμ=6.307 | Wmax=5.858 | Amax=7.555 |LR=0.002 | t=9.27s
    47 | base=0.073169 | val=0.278874 | acc1=0.9134 | Wμ=4.360 | Aμ=6.213 | Wmax=5.728 | Amax=7.500 |LR=0.002 | t=9.27s
    48 | base=0.086848 | val=0.275988 | acc1=0.9136 | Wμ=4.190 | Aμ=6.112 | Wmax=5.555 | Amax=7.384 |LR=0.002 | t=9.24s
    49 | base=0.083731 | val=0.274961 | acc1=0.9099 | Wμ=4.029 | Aμ=6.025 | Wmax=5.426 | Amax=7.295 |LR=0.002 | t=9.27s
    50 | base=0.072055 | val=0.301451 | acc1=0.9019 | Wμ=3.862 | Aμ=5.925 | Wmax=5.285 | Amax=7.200 |LR=0.002 | t=9.22s
    51 | base=0.088381 | val=0.329057 | acc1=0.8988 | Wμ=3.704 | Aμ=5.834 | Wmax=5.129 | Amax=7.109 |LR=0.002 | t=9.29s
    52 | base=0.086684 | val=0.310170 | acc1=0.9048 | Wμ=3.554 | Aμ=5.743 | Wmax=5.000 | Amax=7.000 |LR=0.002 | t=9.31s
    53 | base=0.109364 | val=0.324106 | acc1=0.9005 | Wμ=3.405 | Aμ=5.665 | Wmax=4.858 | Amax=6.943 |LR=0.002 | t=9.24s
    54 | base=0.132297 | val=0.319427 | acc1=0.9008 | Wμ=3.261 | Aμ=5.590 | Wmax=4.700 | Amax=6.907 |LR=0.002 | t=9.23s
    55 | base=0.148479 | val=0.311920 | acc1=0.9058 | Wμ=3.121 | Aμ=5.522 | Wmax=4.585 | Amax=6.858 |LR=0.002 | t=9.30s
    56 | base=0.123840 | val=0.292382 | acc1=0.9076 | Wμ=2.982 | Aμ=5.453 | Wmax=4.459 | Amax=6.728 |LR=0.002 | t=9.26s
    57 | base=0.142619 | val=0.323398 | acc1=0.9019 | Wμ=2.852 | Aμ=5.380 | Wmax=4.392 | Amax=6.687 |LR=0.002 | t=9.30s
    58 | base=0.154893 | val=0.414588 | acc1=0.8815 | Wμ=2.727 | Aμ=5.312 | Wmax=4.248 | Amax=6.615 |LR=0.002 | t=9.29s
    59 | base=0.154844 | val=0.361777 | acc1=0.8866 | Wμ=2.610 | Aμ=5.251 | Wmax=4.170 | Amax=6.508 |LR=0.002 | t=9.25s
    60 | base=0.160861 | val=0.341630 | acc1=0.8940 | Wμ=2.491 | Aμ=5.182 | Wmax=4.087 | Amax=6.426 |LR=0.002 | t=9.27s
    61 | base=0.158882 | val=0.329171 | acc1=0.8967 | Wμ=2.380 | Aμ=5.101 | Wmax=4.000 | Amax=6.358 |LR=0.002 | t=9.30s
    62 | base=0.159319 | val=0.429313 | acc1=0.8728 | Wμ=2.280 | Aμ=5.045 | Wmax=3.907 | Amax=6.285 |LR=0.002 | t=9.24s
    63 | base=0.235933 | val=0.365207 | acc1=0.8859 | Wμ=2.194 | Aμ=4.985 | Wmax=3.807 | Amax=6.248 |LR=0.002 | t=9.23s
    64 | base=0.192512 | val=0.405418 | acc1=0.8783 | Wμ=2.107 | Aμ=4.931 | Wmax=3.700 | Amax=6.190 |LR=0.002 | t=9.26s
    65 | base=0.204007 | val=0.402313 | acc1=0.8764 | Wμ=2.020 | Aμ=4.862 | Wmax=3.700 | Amax=6.066 |LR=0.002 | t=9.24s
    66 | base=0.196112 | val=0.436989 | acc1=0.8636 | Wμ=1.941 | Aμ=4.811 | Wmax=3.585 | Amax=5.977 |LR=0.002 | t=9.27s
    67 | base=0.202610 | val=0.454567 | acc1=0.8692 | Wμ=1.874 | Aμ=4.757 | Wmax=3.585 | Amax=5.907 |LR=0.002 | t=9.23s
    68 | base=0.220602 | val=0.409299 | acc1=0.8730 | Wμ=1.814 | Aμ=4.694 | Wmax=3.459 | Amax=5.833 |LR=0.002 | t=9.23s
    69 | base=0.257251 | val=0.431019 | acc1=0.8652 | Wμ=1.764 | Aμ=4.634 | Wmax=3.459 | Amax=5.755 |LR=0.002 | t=9.28s
    70 | base=0.258509 | val=0.535478 | acc1=0.8344 | Wμ=1.715 | Aμ=4.589 | Wmax=3.322 | Amax=5.672 |LR=0.002 | t=9.27s
    71 | base=0.384053 | val=0.521727 | acc1=0.8447 | Wμ=1.666 | Aμ=4.538 | Wmax=3.322 | Amax=5.524 |LR=0.002 | t=9.23s
    72 | base=0.333047 | val=0.450534 | acc1=0.8604 | Wμ=1.622 | Aμ=4.489 | Wmax=3.322 | Amax=5.459 |LR=0.002 | t=9.26s
    73 | base=0.368152 | val=0.439027 | acc1=0.8626 | Wμ=1.580 | Aμ=4.442 | Wmax=3.170 | Amax=5.459 |LR=0.002 | t=9.28s
    74 | base=0.320300 | val=0.518814 | acc1=0.8397 | Wμ=1.545 | Aμ=4.383 | Wmax=3.170 | Amax=5.459 |LR=0.002 | t=9.32s
    75 | base=0.421443 | val=0.590677 | acc1=0.8113 | Wμ=1.514 | Aμ=4.321 | Wmax=3.170 | Amax=5.392 |LR=0.002 | t=9.30s
    76 | base=0.380267 | val=0.595396 | acc1=0.8168 | Wμ=1.483 | Aμ=4.274 | Wmax=3.000 | Amax=5.358 |LR=0.002 | t=9.27s
    77 | base=0.419131 | val=0.496499 | acc1=0.8373 | Wμ=1.455 | Aμ=4.218 | Wmax=3.000 | Amax=5.285 |LR=0.002 | t=9.25s
    78 | base=0.421210 | val=0.625338 | acc1=0.8096 | Wμ=1.432 | Aμ=4.157 | Wmax=3.000 | Amax=5.209 |LR=0.002 | t=9.26s
    79 | base=0.418226 | val=0.569813 | acc1=0.8199 | Wμ=1.406 | Aμ=4.094 | Wmax=2.807 | Amax=5.087 |LR=0.002 | t=9.23s
    80 | base=0.438020 | val=0.599417 | acc1=0.8228 | Wμ=1.387 | Aμ=4.029 | Wmax=2.807 | Amax=5.000 |LR=0.002 | t=9.27s
    81 | base=0.467218 | val=0.814886 | acc1=0.7732 | Wμ=1.363 | Aμ=3.966 | Wmax=2.807 | Amax=4.907 |LR=0.002 | t=9.23s
    82 | base=0.391317 | val=0.687765 | acc1=0.7920 | Wμ=1.338 | Aμ=3.921 | Wmax=2.585 | Amax=4.858 |LR=0.002 | t=9.26s
    83 | base=0.416175 | val=0.977240 | acc1=0.6806 | Wμ=1.315 | Aμ=3.860 | Wmax=2.585 | Amax=4.807 |LR=0.002 | t=9.27s
    84 | base=0.461047 | val=1.249648 | acc1=0.6651 | Wμ=1.295 | Aμ=3.799 | Wmax=2.585 | Amax=4.755 |LR=0.002 | t=9.25s
    85 | base=0.457396 | val=0.843986 | acc1=0.7676 | Wμ=1.273 | Aμ=3.725 | Wmax=2.585 | Amax=4.700 |LR=0.002 | t=9.27s
    86 | base=0.510162 | val=0.569580 | acc1=0.8127 | Wμ=1.254 | Aμ=3.675 | Wmax=2.585 | Amax=4.644 |LR=0.002 | t=9.29s
    87 | base=0.492714 | val=0.699535 | acc1=0.7804 | Wμ=1.237 | Aμ=3.601 | Wmax=2.585 | Amax=4.524 |LR=0.002 | t=9.29s
    88 | base=0.498495 | val=0.650021 | acc1=0.8008 | Wμ=1.221 | Aμ=3.541 | Wmax=2.585 | Amax=4.392 |LR=0.002 | t=9.24s
    89 | base=0.521503 | val=0.976596 | acc1=0.7325 | Wμ=1.206 | Aμ=3.459 | Wmax=2.585 | Amax=4.392 |LR=0.002 | t=9.28s
    90 | base=0.492784 | val=0.768327 | acc1=0.7740 | Wμ=1.193 | Aμ=3.387 | Wmax=2.322 | Amax=4.322 |LR=0.002 | t=9.27s
    91 | base=0.476357 | val=0.811791 | acc1=0.7544 | Wμ=1.177 | Aμ=3.319 | Wmax=2.322 | Amax=4.170 |LR=0.002 | t=9.31s
    92 | base=0.513481 | val=0.980156 | acc1=0.7211 | Wμ=1.165 | Aμ=3.241 | Wmax=2.322 | Amax=4.000 |LR=0.002 | t=9.28s
    93 | base=0.463358 | val=0.823121 | acc1=0.7503 | Wμ=1.154 | Aμ=3.164 | Wmax=2.322 | Amax=3.907 |LR=0.002 | t=9.24s
    94 | base=0.552030 | val=0.849025 | acc1=0.7330 | Wμ=1.141 | Aμ=3.095 | Wmax=2.322 | Amax=3.807 |LR=0.002 | t=9.25s
    95 | base=0.458484 | val=0.547204 | acc1=0.8350 | Wμ=1.130 | Aμ=3.025 | Wmax=2.322 | Amax=3.700 |LR=0.002 | t=9.23s
    96 | base=0.488564 | val=0.600598 | acc1=0.8054 | Wμ=1.117 | Aμ=2.960 | Wmax=2.322 | Amax=3.585 |LR=0.002 | t=9.27s
    97 | base=0.486683 | val=0.735056 | acc1=0.7746 | Wμ=1.108 | Aμ=2.918 | Wmax=2.000 | Amax=3.585 |LR=0.002 | t=9.30s
    98 | base=0.506284 | val=0.657852 | acc1=0.8055 | Wμ=1.098 | Aμ=2.875 | Wmax=2.000 | Amax=3.459 |LR=0.002 | t=9.31s
    99 | base=0.581449 | val=0.593849 | acc1=0.8151 | Wμ=1.089 | Aμ=2.804 | Wmax=2.000 | Amax=3.322 |LR=0.002 | t=9.30s
   100 | base=0.541397 | val=0.587180 | acc1=0.8140 | Wμ=1.080 | Aμ=2.708 | Wmax=2.000 | Amax=3.170 |LR=0.002 | t=9.33s
   101 | base=0.566993 | val=0.628733 | acc1=0.8099 | Wμ=1.071 | Aμ=2.662 | Wmax=2.000 | Amax=3.170 |LR=0.002 | t=9.23s
   102 | base=0.501827 | val=1.050949 | acc1=0.6881 | Wμ=1.064 | Aμ=2.632 | Wmax=2.000 | Amax=3.000 |LR=0.002 | t=9.27s
   103 | base=0.536835 | val=0.724486 | acc1=0.7769 | Wμ=1.058 | Aμ=2.585 | Wmax=2.000 | Amax=3.000 |LR=0.002 | t=9.26s
   104 | base=0.573875 | val=1.193332 | acc1=0.6853 | Wμ=1.052 | Aμ=2.518 | Wmax=2.000 | Amax=3.000 |LR=0.002 | t=9.29s
   105 | base=0.584718 | val=0.831648 | acc1=0.7698 | Wμ=1.046 | Aμ=2.476 | Wmax=2.000 | Amax=2.807 |LR=0.002 | t=9.28s
   106 | base=0.583094 | val=0.604109 | acc1=0.8133 | Wμ=1.042 | Aμ=2.401 | Wmax=2.000 | Amax=2.807 |LR=0.002 | t=9.33s
   107 | base=0.650924 | val=0.832030 | acc1=0.7410 | Wμ=1.038 | Aμ=2.342 | Wmax=2.000 | Amax=2.807 |LR=0.002 | t=9.32s
   108 | base=0.645471 | val=0.954059 | acc1=0.7301 | Wμ=1.035 | Aμ=2.284 | Wmax=1.585 | Amax=2.807 |LR=0.002 | t=9.28s
   109 | base=0.581948 | val=0.806546 | acc1=0.7432 | Wμ=1.032 | Aμ=2.242 | Wmax=2.000 | Amax=2.807 |LR=0.002 | t=9.30s
   110 | base=0.656349 | val=1.322206 | acc1=0.6444 | Wμ=1.029 | Aμ=2.226 | Wmax=2.000 | Amax=2.585 |LR=0.002 | t=9.31s
   111 | base=0.589056 | val=0.712772 | acc1=0.7797 | Wμ=1.027 | Aμ=2.208 | Wmax=2.000 | Amax=2.585 |LR=0.002 | t=9.28s
   112 | base=0.644122 | val=0.604776 | acc1=0.8057 | Wμ=1.024 | Aμ=2.151 | Wmax=1.585 | Amax=2.585 |LR=0.002 | t=9.31s
   113 | base=0.688779 | val=0.755749 | acc1=0.7603 | Wμ=1.022 | Aμ=2.058 | Wmax=2.000 | Amax=2.322 |LR=0.002 | t=9.27s
   114 | base=0.690381 | val=0.856248 | acc1=0.7343 | Wμ=1.020 | Aμ=2.028 | Wmax=1.585 | Amax=2.322 |LR=0.002 | t=9.31s
   115 | base=0.713684 | val=1.741427 | acc1=0.5420 | Wμ=1.018 | Aμ=1.978 | Wmax=2.000 | Amax=2.585 |LR=0.002 | t=9.26s
   116 | base=0.726712 | val=0.795828 | acc1=0.7540 | Wμ=1.017 | Aμ=1.937 | Wmax=2.000 | Amax=2.585 |LR=0.002 | t=9.32s
   117 | base=0.678578 | val=0.700531 | acc1=0.7741 | Wμ=1.014 | Aμ=1.893 | Wmax=2.000 | Amax=2.322 |LR=0.002 | t=9.28s
   118 | base=0.738475 | val=1.005613 | acc1=0.6861 | Wμ=1.013 | Aμ=1.872 | Wmax=1.585 | Amax=2.322 |LR=0.002 | t=9.32s
   119 | base=0.817029 | val=0.640463 | acc1=0.7993 | Wμ=1.011 | Aμ=1.839 | Wmax=2.000 | Amax=2.322 |LR=0.002 | t=9.29s
   120 | base=0.811646 | val=0.803361 | acc1=0.7627 | Wμ=1.010 | Aμ=1.817 | Wmax=1.585 | Amax=2.322 |LR=0.002 | t=9.32s
   121 | base=0.652644 | val=0.592585 | acc1=0.8087 | Wμ=1.009 | Aμ=1.786 | Wmax=1.585 | Amax=2.322 |LR=0.002 | t=9.28s
   122 | base=0.807392 | val=0.951824 | acc1=0.7249 | Wμ=1.008 | Aμ=1.759 | Wmax=1.585 | Amax=2.322 |LR=0.002 | t=9.31s
   123 | base=0.758248 | val=0.857500 | acc1=0.7355 | Wμ=1.007 | Aμ=1.724 | Wmax=1.585 | Amax=2.000 |LR=0.002 | t=9.25s
   124 | base=0.773921 | val=0.625818 | acc1=0.8051 | Wμ=1.005 | Aμ=1.679 | Wmax=1.585 | Amax=2.322 |LR=0.002 | t=9.26s
   125 | base=0.852869 | val=1.583207 | acc1=0.5475 | Wμ=1.004 | Aμ=1.658 | Wmax=1.585 | Amax=2.000 |LR=0.002 | t=9.26s
   126 | base=0.846850 | val=0.934246 | acc1=0.7141 | Wμ=1.004 | Aμ=1.634 | Wmax=1.585 | Amax=2.000 |LR=0.002 | t=9.29s
   127 | base=0.830774 | val=0.747170 | acc1=0.7719 | Wμ=1.003 | Aμ=1.596 | Wmax=1.585 | Amax=2.000 |LR=0.002 | t=9.28s
   128 | base=0.909635 | val=0.905058 | acc1=0.7396 | Wμ=1.002 | Aμ=1.556 | Wmax=1.585 | Amax=2.000 |LR=0.002 | t=9.27s
   129 | base=0.901554 | val=1.660159 | acc1=0.5752 | Wμ=1.002 | Aμ=1.533 | Wmax=1.585 | Amax=2.000 |LR=0.002 | t=9.27s
   130 | base=0.792163 | val=0.818991 | acc1=0.7300 | Wμ=1.001 | Aμ=1.511 | Wmax=1.585 | Amax=2.000 |LR=0.002 | t=9.27s
   131 | base=0.816142 | val=0.745004 | acc1=0.7573 | Wμ=1.000 | Aμ=1.498 | Wmax=1.585 | Amax=2.000 |LR=0.002 | t=9.27s
   132 | base=0.855343 | val=0.687721 | acc1=0.7633 | Wμ=1.001 | Aμ=1.491 | Wmax=1.585 | Amax=2.000 |LR=0.002 | t=9.27s
   133 | base=0.998582 | val=0.772328 | acc1=0.7518 | Wμ=1.000 | Aμ=1.483 | Wmax=1.585 | Amax=2.000 |LR=0.002 | t=9.32s
   134 | base=0.827344 | val=1.103495 | acc1=0.6338 | Wμ=1.000 | Aμ=1.472 | Wmax=1.585 | Amax=2.000 |LR=0.002 | t=9.24s
   135 | base=0.989703 | val=0.840451 | acc1=0.7163 | Wμ=1.000 | Aμ=1.466 | Wmax=1.585 | Amax=2.000 |LR=0.002 | t=9.33s
   136 | base=0.966588 | val=1.698916 | acc1=0.4763 | Wμ=0.998 | Aμ=1.457 | Wmax=1.585 | Amax=2.000 |LR=0.002 | t=9.31s
   137 | base=0.912631 | val=0.779520 | acc1=0.7405 | Wμ=0.999 | Aμ=1.450 | Wmax=1.585 | Amax=2.000 |LR=0.002 | t=9.28s
   138 | base=0.882599 | val=0.864629 | acc1=0.7418 | Wμ=0.999 | Aμ=1.445 | Wmax=1.585 | Amax=2.000 |LR=0.002 | t=9.28s
   139 | base=0.906818 | val=0.781214 | acc1=0.7384 | Wμ=0.998 | Aμ=1.435 | Wmax=1.585 | Amax=2.000 |LR=0.002 | t=9.29s
   140 | base=0.922130 | val=0.889313 | acc1=0.7172 | Wμ=0.998 | Aμ=1.422 | Wmax=1.585 | Amax=2.000 |LR=0.002 | t=9.30s
   141 | base=0.934757 | val=0.969830 | acc1=0.6946 | Wμ=0.998 | Aμ=1.399 | Wmax=1.585 | Amax=2.000 |LR=0.002 | t=9.31s
   142 | base=0.958244 | val=0.884233 | acc1=0.7116 | Wμ=0.997 | Aμ=1.371 | Wmax=1.585 | Amax=2.000 |LR=0.002 | t=9.29s
   143 | base=1.018780 | val=0.794701 | acc1=0.7568 | Wμ=0.996 | Aμ=1.344 | Wmax=1.585 | Amax=1.585 |LR=0.002 | t=9.35s
   144 | base=0.932335 | val=1.086440 | acc1=0.6466 | Wμ=0.995 | Aμ=1.321 | Wmax=1.585 | Amax=2.000 |LR=0.002 | t=9.32s
   145 | base=1.059109 | val=0.796641 | acc1=0.7470 | Wμ=0.995 | Aμ=1.306 | Wmax=1.585 | Amax=1.585 |LR=0.002 | t=9.34s
   146 | base=0.929293 | val=3.033880 | acc1=0.4095 | Wμ=0.994 | Aμ=1.291 | Wmax=1.585 | Amax=1.585 |LR=0.002 | t=9.33s
   147 | base=0.966361 | val=1.889865 | acc1=0.5511 | Wμ=0.995 | Aμ=1.274 | Wmax=1.585 | Amax=1.585 |LR=0.002 | t=9.28s
   148 | base=0.998612 | val=1.513236 | acc1=0.5286 | Wμ=0.994 | Aμ=1.254 | Wmax=1.585 | Amax=1.585 |LR=0.002 | t=9.34s
   149 | base=1.052359 | val=1.014256 | acc1=0.6634 | Wμ=0.993 | Aμ=1.242 | Wmax=1.585 | Amax=1.585 |LR=0.002 | t=9.27s
   150 | base=0.908619 | val=1.150029 | acc1=0.6836 | Wμ=0.994 | Aμ=1.225 | Wmax=1.585 | Amax=1.585 |LR=0.002 | t=9.31s
   151 | base=0.944457 | val=1.391641 | acc1=0.6030 | Wμ=0.993 | Aμ=1.212 | Wmax=1.000 | Amax=1.585 |LR=0.002 | t=9.32s
   152 | base=0.934489 | val=1.032790 | acc1=0.6847 | Wμ=0.993 | Aμ=1.196 | Wmax=1.000 | Amax=1.585 |LR=0.002 | t=9.28s
   153 | base=1.130470 | val=1.046659 | acc1=0.6958 | Wμ=0.993 | Aμ=1.178 | Wmax=1.000 | Amax=1.585 |LR=0.002 | t=9.33s
   154 | base=1.099643 | val=1.025137 | acc1=0.6757 | Wμ=0.992 | Aμ=1.166 | Wmax=1.000 | Amax=1.585 |LR=0.002 | t=9.31s
   155 | base=1.310352 | val=0.939988 | acc1=0.7111 | Wμ=0.992 | Aμ=1.160 | Wmax=1.000 | Amax=1.585 |LR=0.002 | t=9.30s
   156 | base=0.974843 | val=1.080661 | acc1=0.6746 | Wμ=0.992 | Aμ=1.161 | Wmax=1.000 | Amax=1.585 |LR=0.002 | t=9.31s
   157 | base=0.983110 | val=0.998406 | acc1=0.6915 | Wμ=0.992 | Aμ=1.157 | Wmax=1.000 | Amax=1.585 |LR=0.002 | t=9.28s
   158 | base=1.198328 | val=1.868063 | acc1=0.5130 | Wμ=0.992 | Aμ=1.156 | Wmax=1.000 | Amax=1.585 |LR=0.002 | t=9.27s
   159 | base=1.003759 | val=0.722078 | acc1=0.7612 | Wμ=0.991 | Aμ=1.152 | Wmax=1.000 | Amax=1.585 |LR=0.002 | t=9.32s
   160 | base=1.005970 | val=1.247756 | acc1=0.6030 | Wμ=0.991 | Aμ=1.149 | Wmax=1.000 | Amax=1.585 |LR=0.002 | t=9.32s
   161 | base=1.074311 | val=0.909080 | acc1=0.7185 | Wμ=0.992 | Aμ=1.143 | Wmax=1.000 | Amax=1.585 |LR=0.002 | t=9.29s
   162 | base=1.123812 | val=0.831072 | acc1=0.7303 | Wμ=0.991 | Aμ=1.136 | Wmax=1.000 | Amax=1.585 |LR=0.002 | t=9.33s
   163 | base=0.981389 | val=0.998316 | acc1=0.6995 | Wμ=0.991 | Aμ=1.132 | Wmax=1.000 | Amax=1.585 |LR=0.002 | t=9.30s
   164 | base=1.124878 | val=1.139088 | acc1=0.6259 | Wμ=0.991 | Aμ=1.126 | Wmax=1.000 | Amax=1.585 |LR=0.002 | t=9.29s
   165 | base=1.231229 | val=0.902634 | acc1=0.6928 | Wμ=0.991 | Aμ=1.124 | Wmax=1.000 | Amax=1.585 |LR=0.002 | t=9.30s
   166 | base=1.135884 | val=0.982907 | acc1=0.6779 | Wμ=0.991 | Aμ=1.124 | Wmax=1.000 | Amax=1.585 |LR=0.002 | t=9.34s
   167 | base=1.222037 | val=0.819165 | acc1=0.7331 | Wμ=0.991 | Aμ=1.124 | Wmax=1.000 | Amax=1.585 |LR=0.002 | t=9.28s
   168 | base=1.135578 | val=0.733510 | acc1=0.7782 | Wμ=0.991 | Aμ=1.124 | Wmax=1.000 | Amax=1.585 |LR=0.002 | t=9.26s
   169 | base=1.136520 | val=0.706242 | acc1=0.7656 | Wμ=0.991 | Aμ=1.122 | Wmax=1.000 | Amax=1.585 |LR=0.002 | t=9.33s
   170 | base=1.131285 | val=0.956208 | acc1=0.7018 | Wμ=0.991 | Aμ=1.122 | Wmax=1.000 | Amax=1.585 |LR=0.002 | t=9.27s
   171 | base=1.202343 | val=0.779490 | acc1=0.7420 | Wμ=0.991 | Aμ=1.122 | Wmax=1.000 | Amax=1.585 |LR=0.002 | t=9.27s
   172 | base=1.049984 | val=0.739348 | acc1=0.7552 | Wμ=0.991 | Aμ=1.118 | Wmax=1.000 | Amax=1.585 |LR=0.002 | t=9.27s
   173 | base=1.187135 | val=1.620167 | acc1=0.5505 | Wμ=0.991 | Aμ=1.114 | Wmax=1.000 | Amax=1.585 |LR=0.002 | t=9.28s
   174 | base=1.043384 | val=1.043030 | acc1=0.6869 | Wμ=0.991 | Aμ=1.110 | Wmax=1.000 | Amax=1.585 |LR=0.002 | t=9.31s
   175 | base=1.199492 | val=0.859130 | acc1=0.7247 | Wμ=0.991 | Aμ=1.104 | Wmax=1.000 | Amax=1.585 |LR=0.002 | t=9.31s
   176 | base=1.096607 | val=0.783858 | acc1=0.7367 | Wμ=0.991 | Aμ=1.098 | Wmax=1.000 | Amax=1.000 |LR=0.002 | t=9.29s
   177 | base=1.136659 | val=1.161655 | acc1=0.6746 | Wμ=0.991 | Aμ=1.092 | Wmax=1.000 | Amax=1.585 |LR=0.0018582 | t=9.34s
   178 | base=1.170324 | val=0.999823 | acc1=0.6755 | Wμ=0.991 | Aμ=1.082 | Wmax=1.000 | Amax=1.000 |LR=0.0018554 | t=9.28s
   179 | base=1.082651 | val=0.699208 | acc1=0.7624 | Wμ=0.991 | Aμ=1.075 | Wmax=1.000 | Amax=1.000 |LR=0.0017238 | t=9.33s
   180 | base=1.062480 | val=1.126963 | acc1=0.6654 | Wμ=0.991 | Aμ=1.069 | Wmax=1.000 | Amax=1.000 |LR=0.0015992 | t=9.29s
   181 | base=1.198186 | val=0.659916 | acc1=0.7878 | Wμ=0.991 | Aμ=1.062 | Wmax=1.000 | Amax=1.000 |LR=0.0014835 | t=9.34s
   182 | base=1.142669 | val=0.685758 | acc1=0.7848 | Wμ=0.991 | Aμ=1.052 | Wmax=1.000 | Amax=1.585 |LR=0.0013763 | t=9.28s
   183 | base=1.126376 | val=0.894226 | acc1=0.7191 | Wμ=0.992 | Aμ=1.049 | Wmax=1.000 | Amax=1.000 |LR=0.0013742 | t=9.29s
   184 | base=1.077454 | val=0.879151 | acc1=0.7072 | Wμ=0.992 | Aμ=1.048 | Wmax=1.000 | Amax=1.585 |LR=0.0012767 | t=9.26s
   185 | base=1.100743 | val=0.915296 | acc1=0.7161 | Wμ=0.992 | Aμ=1.047 | Wmax=1.000 | Amax=1.000 |LR=0.0012748 | t=9.26s
   186 | base=1.100946 | val=0.767200 | acc1=0.7430 | Wμ=0.992 | Aμ=1.043 | Wmax=1.000 | Amax=1.000 |LR=0.0011844 | t=9.27s
   187 | base=1.100093 | val=0.636534 | acc1=0.7911 | Wμ=0.992 | Aμ=1.037 | Wmax=1.000 | Amax=1.000 |LR=0.0010988 | t=9.33s
   188 | base=1.097840 | val=1.083904 | acc1=0.6743 | Wμ=0.992 | Aμ=1.029 | Wmax=1.000 | Amax=1.000 |LR=0.0010193 | t=9.26s
   189 | base=1.059772 | val=1.290762 | acc1=0.6361 | Wμ=0.992 | Aμ=1.018 | Wmax=1.000 | Amax=1.000 |LR=0.00094562 | t=9.33s
   190 | base=1.049340 | val=1.033815 | acc1=0.6996 | Wμ=0.992 | Aμ=1.009 | Wmax=1.000 | Amax=1.000 |LR=0.00087724 | t=9.29s
   191 | base=0.961180 | val=0.766421 | acc1=0.7621 | Wμ=0.992 | Aμ=0.999 | Wmax=1.000 | Amax=1.000 |LR=0.00081381 | t=9.26s
   192 | base=0.992188 | val=0.731378 | acc1=0.7674 | Wμ=0.992 | Aμ=0.998 | Wmax=1.000 | Amax=1.000 |LR=0.00075497 | t=9.30s
   193 | base=1.037258 | val=0.647800 | acc1=0.7854 | Wμ=0.992 | Aμ=0.999 | Wmax=1.000 | Amax=1.000 |LR=0.00070037 | t=9.30s
   194 | base=1.001657 | val=0.915430 | acc1=0.7325 | Wμ=0.993 | Aμ=0.998 | Wmax=1.000 | Amax=1.000 |LR=0.00064973 | t=9.29s
   195 | base=0.978425 | val=0.762397 | acc1=0.7655 | Wμ=0.992 | Aμ=0.998 | Wmax=1.000 | Amax=1.000 |LR=0.00060275 | t=9.28s
   196 | base=0.917725 | val=0.887166 | acc1=0.7203 | Wμ=0.993 | Aμ=0.998 | Wmax=1.000 | Amax=1.000 |LR=0.00055917 | t=9.33s
   197 | base=0.970247 | val=0.637282 | acc1=0.7899 | Wμ=0.993 | Aμ=0.998 | Wmax=1.000 | Amax=1.000 |LR=0.00051873 | t=9.28s
   198 | base=0.943648 | val=0.739695 | acc1=0.7675 | Wμ=0.993 | Aμ=0.998 | Wmax=1.000 | Amax=1.000 |LR=0.00048122 | t=9.31s
   199 | base=0.972234 | val=0.895947 | acc1=0.7236 | Wμ=0.993 | Aμ=0.998 | Wmax=1.000 | Amax=1.000 |LR=0.00044643 | t=9.29s
   200 | base=0.916918 | val=0.991271 | acc1=0.7104 | Wμ=0.993 | Aμ=0.998 | Wmax=1.000 | Amax=1.000 |LR=0.00041415 | t=9.46s
   201 | base=0.937659 | val=0.770489 | acc1=0.7521 | Wμ=0.993 | Aμ=0.999 | Wmax=1.000 | Amax=1.000 |LR=0.0003842 | t=9.32s
   202 | base=1.070511 | val=0.897720 | acc1=0.7176 | Wμ=0.994 | Aμ=0.999 | Wmax=1.000 | Amax=1.000 |LR=0.00035642 | t=9.32s
   203 | base=0.953740 | val=0.666434 | acc1=0.7817 | Wμ=0.994 | Aμ=0.999 | Wmax=1.000 | Amax=1.000 |LR=0.00033065 | t=9.29s
   204 | base=0.990893 | val=0.801266 | acc1=0.7430 | Wμ=0.994 | Aμ=0.999 | Wmax=1.000 | Amax=1.000 |LR=0.00030674 | t=9.27s
   205 | base=0.987983 | val=0.754249 | acc1=0.7610 | Wμ=0.994 | Aμ=0.998 | Wmax=1.000 | Amax=1.000 |LR=0.00028456 | t=9.29s
   206 | base=0.936309 | val=0.609860 | acc1=0.8040 | Wμ=0.994 | Aμ=0.998 | Wmax=1.000 | Amax=1.000 |LR=0.00026398 | t=9.28s
   207 | base=1.004130 | val=0.770564 | acc1=0.7601 | Wμ=0.994 | Aμ=0.999 | Wmax=1.000 | Amax=1.000 |LR=0.00024489 | t=9.28s
   208 | base=1.025310 | val=0.746553 | acc1=0.7622 | Wμ=0.994 | Aμ=0.999 | Wmax=1.000 | Amax=1.000 |LR=0.00022719 | t=9.27s
   209 | base=0.944849 | val=0.619471 | acc1=0.7980 | Wμ=0.994 | Aμ=0.999 | Wmax=1.000 | Amax=1.000 |LR=0.00021076 | t=9.33s
   210 | base=1.030460 | val=0.948018 | acc1=0.7045 | Wμ=0.994 | Aμ=0.999 | Wmax=1.000 | Amax=1.000 |LR=0.00019552 | t=9.38s
   211 | base=0.940631 | val=0.686182 | acc1=0.7817 | Wμ=0.994 | Aμ=0.999 | Wmax=1.000 | Amax=1.000 |LR=0.00018138 | t=9.34s
   212 | base=1.017590 | val=0.722280 | acc1=0.7676 | Wμ=0.994 | Aμ=0.999 | Wmax=1.000 | Amax=1.000 |LR=0.00016827 | t=9.32s
   213 | base=0.962195 | val=0.935282 | acc1=0.6966 | Wμ=0.995 | Aμ=0.999 | Wmax=1.000 | Amax=1.000 |LR=0.0001561 | t=9.29s
   214 | base=0.904854 | val=0.606939 | acc1=0.7971 | Wμ=0.995 | Aμ=0.999 | Wmax=1.000 | Amax=1.000 |LR=0.00014481 | t=9.29s
   215 | base=0.944131 | val=0.716668 | acc1=0.7733 | Wμ=0.995 | Aμ=0.999 | Wmax=1.000 | Amax=1.000 |LR=0.00013434 | t=9.32s
   216 | base=0.986193 | val=0.769194 | acc1=0.7491 | Wμ=0.995 | Aμ=0.999 | Wmax=1.000 | Amax=1.000 |LR=0.00012463 | t=9.30s
   217 | base=0.935363 | val=0.629281 | acc1=0.7916 | Wμ=0.995 | Aμ=0.999 | Wmax=1.000 | Amax=1.000 |LR=0.00011561 | t=9.29s
   218 | base=0.875008 | val=0.683204 | acc1=0.7856 | Wμ=0.995 | Aμ=0.999 | Wmax=1.000 | Amax=1.000 |LR=0.00010725 | t=9.31s
   219 | base=0.913434 | val=0.615581 | acc1=0.8017 | Wμ=0.995 | Aμ=0.999 | Wmax=1.000 | Amax=1.000 |LR=9.9499e-05 | t=9.30s
   220 | base=0.956860 | val=0.765588 | acc1=0.7582 | Wμ=0.995 | Aμ=0.999 | Wmax=1.000 | Amax=1.000 |LR=9.2305e-05 | t=9.30s
   221 | base=0.991762 | val=0.608826 | acc1=0.8010 | Wμ=0.995 | Aμ=0.999 | Wmax=1.000 | Amax=1.000 |LR=8.563e-05 | t=9.33s
   222 | base=0.910783 | val=0.573279 | acc1=0.8106 | Wμ=0.995 | Aμ=0.999 | Wmax=1.000 | Amax=1.000 |LR=7.9438e-05 | t=9.32s
   223 | base=0.891844 | val=0.628256 | acc1=0.7931 | Wμ=0.995 | Aμ=0.999 | Wmax=1.000 | Amax=1.000 |LR=7.3694e-05 | t=9.34s
   224 | base=0.843645 | val=0.790537 | acc1=0.7533 | Wμ=0.995 | Aμ=0.999 | Wmax=1.000 | Amax=1.000 |LR=6.8366e-05 | t=9.29s
   225 | base=0.894804 | val=0.758604 | acc1=0.7592 | Wμ=0.995 | Aμ=0.999 | Wmax=1.000 | Amax=1.000 |LR=6.3422e-05 | t=9.30s
   226 | base=0.849119 | val=0.638304 | acc1=0.7983 | Wμ=0.996 | Aμ=0.999 | Wmax=1.000 | Amax=1.000 |LR=5.8836e-05 | t=9.30s
   227 | base=1.000263 | val=0.678302 | acc1=0.7791 | Wμ=0.996 | Aμ=0.999 | Wmax=1.000 | Amax=1.000 |LR=5.4582e-05 | t=9.35s
   228 | base=0.830028 | val=0.766939 | acc1=0.7606 | Wμ=0.996 | Aμ=0.999 | Wmax=1.000 | Amax=1.000 |LR=5.0635e-05 | t=9.32s
   229 | base=0.888068 | val=0.582743 | acc1=0.8095 | Wμ=0.996 | Aμ=0.999 | Wmax=1.000 | Amax=1.000 |LR=4.6974e-05 | t=9.30s
