     0 | base=nan | val=nan | acc1=0.9282 | Wμ=nan | Aμ=nan | Wmax=nan | Amax=nan |LR=nan | t=nans
     0 | base=nan | val=0.236706 | acc1=0.9282 | Wμ=11.186 | Aμ=20.000 | Wmax=12.916 | Amax=13.744 |LR=nan | t=nans
     0 | base=nan | val=0.236786 | acc1=0.9280 | Wμ=9.786 | Aμ=20.000 | Wmax=10.000 | Amax=13.743 |LR=nan | t=nans
     0 | base=nan | val=0.236885 | acc1=0.9282 | Wμ=9.786 | Aμ=10.000 | Wmax=10.000 | Amax=9.994 |LR=nan | t=nans
# epoch | BaseLoss | ValLoss | Acc@1 | MeanWBits | MeanABits | MaxWBits | MaxABits | LR | EpochTime(s)
     0 | base=nan | val=0.213740 | acc1=0.9350 | Wμ=9.786 | Aμ=10.000 | Wmax=10.000 | Amax=10.000 |LR=nan | t=nans
     0 | base=0.003742 | val=0.236276 | acc1=0.9278 | Wμ=9.786 | Aμ=10.000 | Wmax=10.001 | Amax=9.995 |LR=9.8e-05 | t=10.36s
     1 | base=0.003852 | val=0.237044 | acc1=0.9276 | Wμ=9.786 | Aμ=10.001 | Wmax=10.003 | Amax=9.994 |LR=0.000198 | t=9.26s
     2 | base=0.003410 | val=0.237034 | acc1=0.9280 | Wμ=9.786 | Aμ=10.002 | Wmax=10.004 | Amax=9.995 |LR=0.000298 | t=9.29s
     3 | base=0.002997 | val=0.238423 | acc1=0.9283 | Wμ=9.786 | Aμ=10.003 | Wmax=10.007 | Amax=9.996 |LR=0.000398 | t=9.24s
     4 | base=0.003680 | val=0.238743 | acc1=0.9278 | Wμ=9.786 | Aμ=10.006 | Wmax=10.011 | Amax=10.000 |LR=0.000498 | t=9.34s
     5 | base=0.004023 | val=0.238895 | acc1=0.9266 | Wμ=9.786 | Aμ=10.009 | Wmax=10.014 | Amax=10.003 |LR=0.000598 | t=9.29s
     6 | base=0.004192 | val=0.237361 | acc1=0.9271 | Wμ=9.787 | Aμ=10.014 | Wmax=10.021 | Amax=10.002 |LR=0.000698 | t=9.25s
     7 | base=0.005311 | val=0.239601 | acc1=0.9251 | Wμ=9.788 | Aμ=10.018 | Wmax=10.022 | Amax=10.005 |LR=0.000798 | t=9.27s
     8 | base=0.005294 | val=0.239734 | acc1=0.9239 | Wμ=9.789 | Aμ=10.025 | Wmax=10.032 | Amax=10.017 |LR=0.000898 | t=9.26s
     9 | base=0.007701 | val=0.241132 | acc1=0.9244 | Wμ=9.790 | Aμ=10.031 | Wmax=10.051 | Amax=10.012 |LR=0.000998 | t=9.29s
    10 | base=0.008646 | val=0.240018 | acc1=0.9246 | Wμ=9.792 | Aμ=10.038 | Wmax=10.055 | Amax=10.019 |LR=0.001098 | t=9.28s
    11 | base=0.012213 | val=0.243508 | acc1=0.9245 | Wμ=9.794 | Aμ=10.043 | Wmax=10.077 | Amax=10.034 |LR=0.001198 | t=9.26s
    12 | base=0.016074 | val=0.250162 | acc1=0.9210 | Wμ=9.798 | Aμ=10.053 | Wmax=10.090 | Amax=10.032 |LR=0.001298 | t=9.28s
    13 | base=0.025139 | val=0.248409 | acc1=0.9214 | Wμ=9.802 | Aμ=10.057 | Wmax=10.125 | Amax=10.052 |LR=0.001398 | t=9.26s
    14 | base=0.026200 | val=0.253406 | acc1=0.9190 | Wμ=9.807 | Aμ=10.064 | Wmax=10.132 | Amax=10.041 |LR=0.001498 | t=9.26s
    15 | base=0.038711 | val=0.263370 | acc1=0.9169 | Wμ=9.815 | Aμ=10.070 | Wmax=10.152 | Amax=10.055 |LR=0.001598 | t=9.27s
    16 | base=0.041967 | val=0.270389 | acc1=0.9142 | Wμ=9.822 | Aμ=10.074 | Wmax=10.152 | Amax=10.066 |LR=0.001698 | t=9.30s
    17 | base=0.041018 | val=0.262743 | acc1=0.9173 | Wμ=9.830 | Aμ=10.086 | Wmax=10.242 | Amax=10.081 |LR=0.001798 | t=9.29s
    18 | base=0.043224 | val=0.261282 | acc1=0.9182 | Wμ=9.841 | Aμ=10.091 | Wmax=10.249 | Amax=10.085 |LR=0.001898 | t=9.26s
    19 | base=0.040842 | val=0.257992 | acc1=0.9192 | Wμ=9.850 | Aμ=10.100 | Wmax=10.280 | Amax=10.103 |LR=0.001998 | t=9.30s
    20 | base=0.053645 | val=0.260700 | acc1=0.9165 | Wμ=9.829 | Aμ=10.002 | Wmax=10.166 | Amax=10.091 |LR=0.002 | t=9.27s
    21 | base=0.042722 | val=0.277500 | acc1=0.9139 | Wμ=9.583 | Aμ=9.858 | Wmax=9.974 | Amax=10.074 |LR=0.002 | t=9.32s
    22 | base=0.044904 | val=0.266392 | acc1=0.9154 | Wμ=9.335 | Aμ=9.702 | Wmax=9.823 | Amax=10.040 |LR=0.002 | t=9.25s
    23 | base=0.067788 | val=0.269055 | acc1=0.9176 | Wμ=9.075 | Aμ=9.564 | Wmax=9.662 | Amax=10.037 |LR=0.002 | t=9.31s
    24 | base=0.037532 | val=0.263662 | acc1=0.9181 | Wμ=8.831 | Aμ=9.423 | Wmax=9.496 | Amax=9.999 |LR=0.002 | t=9.27s
    25 | base=0.040915 | val=0.270160 | acc1=0.9161 | Wμ=8.598 | Aμ=9.268 | Wmax=9.304 | Amax=9.959 |LR=0.002 | t=9.27s
    26 | base=0.038162 | val=0.258630 | acc1=0.9198 | Wμ=8.381 | Aμ=9.100 | Wmax=9.127 | Amax=9.914 |LR=0.002 | t=9.27s
    27 | base=0.031778 | val=0.254022 | acc1=0.9218 | Wμ=8.149 | Aμ=8.940 | Wmax=8.957 | Amax=9.872 |LR=0.002 | t=9.26s
    28 | base=0.031679 | val=0.255366 | acc1=0.9201 | Wμ=7.941 | Aμ=8.780 | Wmax=8.771 | Amax=9.787 |LR=0.002 | t=9.32s
    29 | base=0.039814 | val=0.252863 | acc1=0.9213 | Wμ=7.719 | Aμ=8.615 | Wmax=8.600 | Amax=9.706 |LR=0.002 | t=9.29s
    30 | base=0.038706 | val=0.260062 | acc1=0.9187 | Wμ=7.509 | Aμ=8.448 | Wmax=8.435 | Amax=9.606 |LR=0.002 | t=9.27s
    31 | base=0.038440 | val=0.262306 | acc1=0.9182 | Wμ=7.308 | Aμ=8.285 | Wmax=8.262 | Amax=9.510 |LR=0.002 | t=9.33s
    32 | base=0.036088 | val=0.263668 | acc1=0.9164 | Wμ=7.101 | Aμ=8.131 | Wmax=8.098 | Amax=9.391 |LR=0.002 | t=9.28s
    33 | base=0.043018 | val=0.262026 | acc1=0.9178 | Wμ=6.900 | Aμ=7.972 | Wmax=7.937 | Amax=9.249 |LR=0.002 | t=9.29s
    34 | base=0.038906 | val=0.261507 | acc1=0.9183 | Wμ=6.712 | Aμ=7.819 | Wmax=7.775 | Amax=9.093 |LR=0.002 | t=9.31s
    35 | base=0.050946 | val=0.268706 | acc1=0.9186 | Wμ=6.522 | Aμ=7.682 | Wmax=7.615 | Amax=8.957 |LR=0.002 | t=9.30s
    36 | base=0.038089 | val=0.259879 | acc1=0.9191 | Wμ=6.334 | Aμ=7.545 | Wmax=7.451 | Amax=8.864 |LR=0.002 | t=9.26s
    37 | base=0.044841 | val=0.268232 | acc1=0.9176 | Wμ=6.145 | Aμ=7.408 | Wmax=7.276 | Amax=8.725 |LR=0.002 | t=9.24s
    38 | base=0.045617 | val=0.260527 | acc1=0.9174 | Wμ=5.970 | Aμ=7.274 | Wmax=7.129 | Amax=8.596 |LR=0.002 | t=9.28s
    39 | base=0.055426 | val=0.263432 | acc1=0.9175 | Wμ=5.789 | Aμ=7.137 | Wmax=6.977 | Amax=8.443 |LR=0.002 | t=9.30s
    40 | base=0.048180 | val=0.257727 | acc1=0.9181 | Wμ=5.591 | Aμ=7.012 | Wmax=6.833 | Amax=8.384 |LR=0.002 | t=9.32s
    41 | base=0.056072 | val=0.278937 | acc1=0.9112 | Wμ=5.416 | Aμ=6.890 | Wmax=6.658 | Amax=8.285 |LR=0.002 | t=9.26s
    42 | base=0.057877 | val=0.287163 | acc1=0.9088 | Wμ=5.236 | Aμ=6.772 | Wmax=6.492 | Amax=8.175 |LR=0.002 | t=9.31s
    43 | base=0.064806 | val=0.279350 | acc1=0.9127 | Wμ=5.061 | Aμ=6.659 | Wmax=6.322 | Amax=8.028 |LR=0.002 | t=9.31s
    44 | base=0.075142 | val=0.267816 | acc1=0.9153 | Wμ=4.884 | Aμ=6.548 | Wmax=6.170 | Amax=7.919 |LR=0.002 | t=9.28s
    45 | base=0.075769 | val=0.305676 | acc1=0.9052 | Wμ=4.714 | Aμ=6.455 | Wmax=6.044 | Amax=7.814 |LR=0.002 | t=9.28s
    46 | base=0.078820 | val=0.297588 | acc1=0.9073 | Wμ=4.540 | Aμ=6.347 | Wmax=5.907 | Amax=7.707 |LR=0.002 | t=9.28s
    47 | base=0.075142 | val=0.293092 | acc1=0.9080 | Wμ=4.366 | Aμ=6.248 | Wmax=5.755 | Amax=7.622 |LR=0.002 | t=9.31s
    48 | base=0.092496 | val=0.277014 | acc1=0.9125 | Wμ=4.193 | Aμ=6.142 | Wmax=5.615 | Amax=7.500 |LR=0.002 | t=9.26s
    49 | base=0.087010 | val=0.279765 | acc1=0.9131 | Wμ=4.032 | Aμ=6.058 | Wmax=5.492 | Amax=7.401 |LR=0.002 | t=9.28s
    50 | base=0.089972 | val=0.327873 | acc1=0.8940 | Wμ=3.872 | Aμ=5.970 | Wmax=5.358 | Amax=7.304 |LR=0.002 | t=9.29s
    51 | base=0.100302 | val=0.290998 | acc1=0.9090 | Wμ=3.719 | Aμ=5.876 | Wmax=5.209 | Amax=7.190 |LR=0.002 | t=9.35s
    52 | base=0.081449 | val=0.312787 | acc1=0.9087 | Wμ=3.559 | Aμ=5.792 | Wmax=5.044 | Amax=7.087 |LR=0.002 | t=9.38s
    53 | base=0.100767 | val=0.289696 | acc1=0.9097 | Wμ=3.411 | Aμ=5.709 | Wmax=4.907 | Amax=6.989 |LR=0.002 | t=9.24s
    54 | base=0.112200 | val=0.307018 | acc1=0.9033 | Wμ=3.268 | Aμ=5.618 | Wmax=4.755 | Amax=6.907 |LR=0.002 | t=9.26s
    55 | base=0.120107 | val=0.298603 | acc1=0.9036 | Wμ=3.134 | Aμ=5.540 | Wmax=4.644 | Amax=6.807 |LR=0.002 | t=9.26s
    56 | base=0.140357 | val=0.308199 | acc1=0.9031 | Wμ=2.999 | Aμ=5.475 | Wmax=4.524 | Amax=6.672 |LR=0.002 | t=9.27s
    57 | base=0.143062 | val=0.311109 | acc1=0.9013 | Wμ=2.872 | Aμ=5.414 | Wmax=4.392 | Amax=6.629 |LR=0.002 | t=9.29s
    58 | base=0.157667 | val=0.302123 | acc1=0.8986 | Wμ=2.744 | Aμ=5.351 | Wmax=4.248 | Amax=6.555 |LR=0.002 | t=9.26s
    59 | base=0.168050 | val=0.400386 | acc1=0.8846 | Wμ=2.623 | Aμ=5.290 | Wmax=4.170 | Amax=6.539 |LR=0.002 | t=9.29s
    60 | base=0.158536 | val=0.349675 | acc1=0.8894 | Wμ=2.507 | Aμ=5.235 | Wmax=4.087 | Amax=6.476 |LR=0.002 | t=9.27s
    61 | base=0.193067 | val=0.336973 | acc1=0.8931 | Wμ=2.410 | Aμ=5.181 | Wmax=4.000 | Amax=6.392 |LR=0.002 | t=9.25s
    62 | base=0.178375 | val=0.383972 | acc1=0.8920 | Wμ=2.316 | Aμ=5.136 | Wmax=4.000 | Amax=6.304 |LR=0.002 | t=9.25s
    63 | base=0.167196 | val=0.349621 | acc1=0.8836 | Wμ=2.214 | Aμ=5.098 | Wmax=3.907 | Amax=6.248 |LR=0.002 | t=9.26s
    64 | base=0.190715 | val=0.364816 | acc1=0.8879 | Wμ=2.119 | Aμ=5.036 | Wmax=3.807 | Amax=6.170 |LR=0.002 | t=9.28s
    65 | base=0.160248 | val=0.393611 | acc1=0.8790 | Wμ=2.030 | Aμ=4.963 | Wmax=3.807 | Amax=6.109 |LR=0.002 | t=9.25s
    66 | base=0.263071 | val=0.380405 | acc1=0.8806 | Wμ=1.952 | Aμ=4.895 | Wmax=3.700 | Amax=6.044 |LR=0.002 | t=9.30s
    67 | base=0.217193 | val=0.487706 | acc1=0.8531 | Wμ=1.889 | Aμ=4.840 | Wmax=3.585 | Amax=6.000 |LR=0.002 | t=9.30s
    68 | base=0.248861 | val=0.415529 | acc1=0.8719 | Wμ=1.837 | Aμ=4.781 | Wmax=3.585 | Amax=5.931 |LR=0.002 | t=9.30s
    69 | base=0.269411 | val=0.754797 | acc1=0.7763 | Wμ=1.778 | Aμ=4.731 | Wmax=3.459 | Amax=5.833 |LR=0.002 | t=9.26s
    70 | base=0.276951 | val=0.483193 | acc1=0.8556 | Wμ=1.727 | Aμ=4.678 | Wmax=3.459 | Amax=5.755 |LR=0.002 | t=9.27s
    71 | base=0.265548 | val=0.426271 | acc1=0.8675 | Wμ=1.679 | Aμ=4.627 | Wmax=3.322 | Amax=5.700 |LR=0.002 | t=9.28s
    72 | base=0.331379 | val=0.476391 | acc1=0.8530 | Wμ=1.632 | Aμ=4.562 | Wmax=3.322 | Amax=5.644 |LR=0.002 | t=9.30s
    73 | base=0.330361 | val=0.426943 | acc1=0.8654 | Wμ=1.589 | Aμ=4.498 | Wmax=3.322 | Amax=5.555 |LR=0.002 | t=9.29s
    74 | base=0.364605 | val=0.460027 | acc1=0.8561 | Wμ=1.557 | Aμ=4.428 | Wmax=3.170 | Amax=5.524 |LR=0.002 | t=9.32s
    75 | base=0.326912 | val=0.802121 | acc1=0.7698 | Wμ=1.521 | Aμ=4.366 | Wmax=3.170 | Amax=5.459 |LR=0.002 | t=9.28s
    76 | base=0.395773 | val=0.498744 | acc1=0.8403 | Wμ=1.490 | Aμ=4.313 | Wmax=3.000 | Amax=5.459 |LR=0.002 | t=9.28s
    77 | base=0.402808 | val=0.463213 | acc1=0.8546 | Wμ=1.464 | Aμ=4.253 | Wmax=3.000 | Amax=5.358 |LR=0.002 | t=9.30s
    78 | base=0.389819 | val=0.805703 | acc1=0.7699 | Wμ=1.435 | Aμ=4.187 | Wmax=3.000 | Amax=5.322 |LR=0.002 | t=9.25s
    79 | base=0.423017 | val=0.732307 | acc1=0.7888 | Wμ=1.408 | Aμ=4.131 | Wmax=2.807 | Amax=5.248 |LR=0.002 | t=9.30s
    80 | base=0.388930 | val=1.102488 | acc1=0.6952 | Wμ=1.384 | Aμ=4.066 | Wmax=2.807 | Amax=5.129 |LR=0.002 | t=9.27s
    81 | base=0.402822 | val=0.752449 | acc1=0.7685 | Wμ=1.360 | Aμ=4.004 | Wmax=2.807 | Amax=5.000 |LR=0.002 | t=9.28s
    82 | base=0.424097 | val=1.074068 | acc1=0.6895 | Wμ=1.338 | Aμ=3.935 | Wmax=2.807 | Amax=4.954 |LR=0.002 | t=9.24s
    83 | base=0.458149 | val=0.644149 | acc1=0.8000 | Wμ=1.321 | Aμ=3.889 | Wmax=2.585 | Amax=4.907 |LR=0.002 | t=9.27s
    84 | base=0.478620 | val=0.704136 | acc1=0.7808 | Wμ=1.301 | Aμ=3.824 | Wmax=2.585 | Amax=4.807 |LR=0.002 | t=9.28s
    85 | base=0.502985 | val=0.871697 | acc1=0.7438 | Wμ=1.284 | Aμ=3.764 | Wmax=2.585 | Amax=4.755 |LR=0.002 | t=9.30s
    86 | base=0.498161 | val=1.122923 | acc1=0.6942 | Wμ=1.265 | Aμ=3.709 | Wmax=2.322 | Amax=4.644 |LR=0.002 | t=9.31s
    87 | base=0.497642 | val=0.729369 | acc1=0.7775 | Wμ=1.247 | Aμ=3.641 | Wmax=2.322 | Amax=4.524 |LR=0.002 | t=9.25s
    88 | base=0.458453 | val=0.583998 | acc1=0.8165 | Wμ=1.229 | Aμ=3.574 | Wmax=2.322 | Amax=4.459 |LR=0.002 | t=9.28s
    89 | base=0.437741 | val=0.580783 | acc1=0.8053 | Wμ=1.212 | Aμ=3.498 | Wmax=2.322 | Amax=4.459 |LR=0.002 | t=9.28s
    90 | base=0.539568 | val=0.948897 | acc1=0.7079 | Wμ=1.194 | Aμ=3.421 | Wmax=2.322 | Amax=4.322 |LR=0.002 | t=9.35s
    91 | base=0.481231 | val=0.813675 | acc1=0.7665 | Wμ=1.183 | Aμ=3.353 | Wmax=2.322 | Amax=4.248 |LR=0.002 | t=9.35s
    92 | base=0.524387 | val=0.942153 | acc1=0.7091 | Wμ=1.174 | Aμ=3.287 | Wmax=2.807 | Amax=4.170 |LR=0.002 | t=9.38s
    93 | base=0.513759 | val=0.813984 | acc1=0.7434 | Wμ=1.159 | Aμ=3.221 | Wmax=2.322 | Amax=4.087 |LR=0.002 | t=9.35s
    94 | base=0.519538 | val=0.869204 | acc1=0.7385 | Wμ=1.144 | Aμ=3.154 | Wmax=2.322 | Amax=3.907 |LR=0.002 | t=9.26s
    95 | base=0.559433 | val=0.487190 | acc1=0.8452 | Wμ=1.131 | Aμ=3.089 | Wmax=2.322 | Amax=3.807 |LR=0.002 | t=9.26s
    96 | base=0.529544 | val=0.616742 | acc1=0.8111 | Wμ=1.119 | Aμ=3.015 | Wmax=2.000 | Amax=3.700 |LR=0.002 | t=9.28s
    97 | base=0.489014 | val=0.602288 | acc1=0.8192 | Wμ=1.108 | Aμ=2.947 | Wmax=2.000 | Amax=3.585 |LR=0.002 | t=9.26s
    98 | base=0.496947 | val=0.920024 | acc1=0.7253 | Wμ=1.097 | Aμ=2.885 | Wmax=2.000 | Amax=3.459 |LR=0.002 | t=9.27s
    99 | base=0.517125 | val=1.126148 | acc1=0.7041 | Wμ=1.089 | Aμ=2.843 | Wmax=2.000 | Amax=3.322 |LR=0.002 | t=9.26s
   100 | base=0.520987 | val=0.589401 | acc1=0.8072 | Wμ=1.081 | Aμ=2.770 | Wmax=2.000 | Amax=3.322 |LR=0.002 | t=9.32s
   101 | base=0.520157 | val=0.624958 | acc1=0.7984 | Wμ=1.072 | Aμ=2.677 | Wmax=2.000 | Amax=3.170 |LR=0.002 | t=9.28s
   102 | base=0.513059 | val=0.735185 | acc1=0.7692 | Wμ=1.066 | Aμ=2.648 | Wmax=2.000 | Amax=3.000 |LR=0.002 | t=9.33s
   103 | base=0.566865 | val=2.274740 | acc1=0.4390 | Wμ=1.060 | Aμ=2.612 | Wmax=2.000 | Amax=3.000 |LR=0.002 | t=9.31s
   104 | base=0.577636 | val=0.797998 | acc1=0.7708 | Wμ=1.054 | Aμ=2.544 | Wmax=2.000 | Amax=3.000 |LR=0.002 | t=9.32s
   105 | base=0.556466 | val=0.730823 | acc1=0.7700 | Wμ=1.049 | Aμ=2.510 | Wmax=2.000 | Amax=2.807 |LR=0.002 | t=9.28s
   106 | base=0.543811 | val=1.086466 | acc1=0.6799 | Wμ=1.044 | Aμ=2.448 | Wmax=2.000 | Amax=2.807 |LR=0.002 | t=9.35s
   107 | base=0.580700 | val=0.698355 | acc1=0.7743 | Wμ=1.040 | Aμ=2.369 | Wmax=2.000 | Amax=2.807 |LR=0.002 | t=9.29s
   108 | base=0.616733 | val=0.876180 | acc1=0.7432 | Wμ=1.036 | Aμ=2.297 | Wmax=2.000 | Amax=2.807 |LR=0.002 | t=9.34s
   109 | base=0.648994 | val=0.851772 | acc1=0.7337 | Wμ=1.034 | Aμ=2.245 | Wmax=2.000 | Amax=2.585 |LR=0.002 | t=9.32s
   110 | base=0.607735 | val=0.741363 | acc1=0.7592 | Wμ=1.031 | Aμ=2.237 | Wmax=2.000 | Amax=2.585 |LR=0.002 | t=9.29s
   111 | base=0.644379 | val=1.099770 | acc1=0.6834 | Wμ=1.029 | Aμ=2.210 | Wmax=2.000 | Amax=2.585 |LR=0.002 | t=9.28s
   112 | base=0.628964 | val=1.131860 | acc1=0.6447 | Wμ=1.027 | Aμ=2.174 | Wmax=2.000 | Amax=2.585 |LR=0.002 | t=9.32s
   113 | base=0.665303 | val=1.057914 | acc1=0.6779 | Wμ=1.024 | Aμ=2.120 | Wmax=1.585 | Amax=2.585 |LR=0.002 | t=9.35s
   114 | base=0.652794 | val=1.864335 | acc1=0.5044 | Wμ=1.022 | Aμ=2.054 | Wmax=1.585 | Amax=2.585 |LR=0.002 | t=9.29s
   115 | base=0.654312 | val=0.687224 | acc1=0.7846 | Wμ=1.021 | Aμ=2.023 | Wmax=1.585 | Amax=2.322 |LR=0.002 | t=9.28s
   116 | base=0.616143 | val=1.508312 | acc1=0.6375 | Wμ=1.019 | Aμ=1.988 | Wmax=1.585 | Amax=2.322 |LR=0.002 | t=9.35s
   117 | base=0.706702 | val=1.101019 | acc1=0.7003 | Wμ=1.018 | Aμ=1.954 | Wmax=1.585 | Amax=2.322 |LR=0.002 | t=9.30s
   118 | base=0.803748 | val=1.345118 | acc1=0.6141 | Wμ=1.016 | Aμ=1.923 | Wmax=1.585 | Amax=2.322 |LR=0.002 | t=9.29s
   119 | base=0.727137 | val=0.930231 | acc1=0.6980 | Wμ=1.015 | Aμ=1.885 | Wmax=1.585 | Amax=2.322 |LR=0.002 | t=9.28s
   120 | base=0.660968 | val=0.632258 | acc1=0.7976 | Wμ=1.014 | Aμ=1.833 | Wmax=1.585 | Amax=2.322 |LR=0.002 | t=9.31s
   121 | base=0.787814 | val=0.618020 | acc1=0.8031 | Wμ=1.012 | Aμ=1.791 | Wmax=1.585 | Amax=2.322 |LR=0.002 | t=9.31s
   122 | base=0.775400 | val=0.850090 | acc1=0.7331 | Wμ=1.009 | Aμ=1.760 | Wmax=1.585 | Amax=2.000 |LR=0.002 | t=9.28s
   123 | base=0.757657 | val=1.062974 | acc1=0.6682 | Wμ=1.008 | Aμ=1.751 | Wmax=1.585 | Amax=2.322 |LR=0.002 | t=9.34s
   124 | base=0.772057 | val=0.771295 | acc1=0.7618 | Wμ=1.006 | Aμ=1.735 | Wmax=1.585 | Amax=2.000 |LR=0.002 | t=9.34s
   125 | base=0.632890 | val=0.756169 | acc1=0.7536 | Wμ=1.005 | Aμ=1.712 | Wmax=1.585 | Amax=2.322 |LR=0.002 | t=9.29s
   126 | base=0.832206 | val=1.021949 | acc1=0.6983 | Wμ=1.004 | Aμ=1.674 | Wmax=1.585 | Amax=2.000 |LR=0.002 | t=9.32s
   127 | base=0.765435 | val=0.890850 | acc1=0.7427 | Wμ=1.003 | Aμ=1.633 | Wmax=1.585 | Amax=2.000 |LR=0.002 | t=9.32s
   128 | base=0.865033 | val=0.738529 | acc1=0.7548 | Wμ=1.002 | Aμ=1.596 | Wmax=1.585 | Amax=2.000 |LR=0.002 | t=9.32s
   129 | base=0.845823 | val=1.087682 | acc1=0.6864 | Wμ=1.002 | Aμ=1.559 | Wmax=1.585 | Amax=2.000 |LR=0.002 | t=9.36s
   130 | base=0.856325 | val=1.007429 | acc1=0.6929 | Wμ=1.001 | Aμ=1.518 | Wmax=1.585 | Amax=2.000 |LR=0.002 | t=9.34s
   131 | base=0.836004 | val=1.304780 | acc1=0.6284 | Wμ=1.001 | Aμ=1.498 | Wmax=1.585 | Amax=2.000 |LR=0.002 | t=9.29s
   132 | base=0.848042 | val=1.468742 | acc1=0.6170 | Wμ=1.001 | Aμ=1.486 | Wmax=1.585 | Amax=2.000 |LR=0.002 | t=9.37s
   133 | base=0.871863 | val=0.882186 | acc1=0.7299 | Wμ=1.001 | Aμ=1.474 | Wmax=1.585 | Amax=2.000 |LR=0.002 | t=9.30s
   134 | base=0.899739 | val=0.850650 | acc1=0.7272 | Wμ=1.000 | Aμ=1.470 | Wmax=1.585 | Amax=2.000 |LR=0.002 | t=9.27s
   135 | base=0.981581 | val=0.961360 | acc1=0.7085 | Wμ=1.000 | Aμ=1.464 | Wmax=1.585 | Amax=2.000 |LR=0.002 | t=9.30s
   136 | base=0.867509 | val=0.859859 | acc1=0.7258 | Wμ=0.999 | Aμ=1.458 | Wmax=1.585 | Amax=2.000 |LR=0.002 | t=9.27s
   137 | base=0.944120 | val=0.625407 | acc1=0.7868 | Wμ=0.999 | Aμ=1.449 | Wmax=1.585 | Amax=1.585 |LR=0.002 | t=9.42s
   138 | base=0.904077 | val=0.995313 | acc1=0.6924 | Wμ=0.998 | Aμ=1.444 | Wmax=1.585 | Amax=2.000 |LR=0.002 | t=9.28s
   139 | base=0.974171 | val=1.564469 | acc1=0.5256 | Wμ=0.998 | Aμ=1.434 | Wmax=1.585 | Amax=2.000 |LR=0.002 | t=9.30s
   140 | base=0.945592 | val=1.022101 | acc1=0.6754 | Wμ=0.997 | Aμ=1.425 | Wmax=1.585 | Amax=2.000 |LR=0.002 | t=9.29s
   141 | base=0.916234 | val=0.772183 | acc1=0.7461 | Wμ=0.997 | Aμ=1.405 | Wmax=1.585 | Amax=2.000 |LR=0.002 | t=9.29s
   142 | base=0.890262 | val=1.306875 | acc1=0.6180 | Wμ=0.997 | Aμ=1.387 | Wmax=1.585 | Amax=1.585 |LR=0.002 | t=9.45s
   143 | base=1.039503 | val=1.123294 | acc1=0.6435 | Wμ=0.996 | Aμ=1.354 | Wmax=1.585 | Amax=1.585 |LR=0.002 | t=9.37s
   144 | base=1.053976 | val=1.433316 | acc1=0.5730 | Wμ=0.995 | Aμ=1.321 | Wmax=1.585 | Amax=1.585 |LR=0.002 | t=9.38s
   145 | base=0.964110 | val=0.894602 | acc1=0.7152 | Wμ=0.995 | Aμ=1.309 | Wmax=1.000 | Amax=1.585 |LR=0.002 | t=9.34s
   146 | base=1.082301 | val=0.964354 | acc1=0.7141 | Wμ=0.995 | Aμ=1.300 | Wmax=1.585 | Amax=1.585 |LR=0.002 | t=9.40s
   147 | base=1.036479 | val=0.800475 | acc1=0.7413 | Wμ=0.994 | Aμ=1.287 | Wmax=1.000 | Amax=1.585 |LR=0.002 | t=9.38s
   148 | base=0.999516 | val=1.262253 | acc1=0.6452 | Wμ=0.994 | Aμ=1.269 | Wmax=1.000 | Amax=1.585 |LR=0.002 | t=9.43s
   149 | base=1.004218 | val=0.871767 | acc1=0.7063 | Wμ=0.993 | Aμ=1.249 | Wmax=1.000 | Amax=1.585 |LR=0.002 | t=9.36s
   150 | base=1.013911 | val=0.851564 | acc1=0.7224 | Wμ=0.993 | Aμ=1.234 | Wmax=1.000 | Amax=1.585 |LR=0.002 | t=9.30s
   151 | base=0.950603 | val=0.768495 | acc1=0.7546 | Wμ=0.992 | Aμ=1.221 | Wmax=1.000 | Amax=1.585 |LR=0.002 | t=9.38s
   152 | base=1.113944 | val=0.783887 | acc1=0.7473 | Wμ=0.992 | Aμ=1.205 | Wmax=1.000 | Amax=1.585 |LR=0.002 | t=9.33s
   153 | base=1.165102 | val=1.151725 | acc1=0.6316 | Wμ=0.992 | Aμ=1.183 | Wmax=1.000 | Amax=1.585 |LR=0.002 | t=9.35s
   154 | base=1.047520 | val=0.840576 | acc1=0.7112 | Wμ=0.992 | Aμ=1.165 | Wmax=1.000 | Amax=1.585 |LR=0.002 | t=9.32s
   155 | base=1.169124 | val=0.781208 | acc1=0.7431 | Wμ=0.991 | Aμ=1.160 | Wmax=1.000 | Amax=1.585 |LR=0.002 | t=9.32s
   156 | base=1.002422 | val=0.693395 | acc1=0.7833 | Wμ=0.992 | Aμ=1.161 | Wmax=1.000 | Amax=1.585 |LR=0.002 | t=9.34s
   157 | base=1.096364 | val=0.653196 | acc1=0.7827 | Wμ=0.991 | Aμ=1.159 | Wmax=1.000 | Amax=1.585 |LR=0.002 | t=9.33s
   158 | base=1.115722 | val=0.828635 | acc1=0.7389 | Wμ=0.991 | Aμ=1.158 | Wmax=1.000 | Amax=1.585 |LR=0.002 | t=9.32s
   159 | base=1.065842 | val=0.912432 | acc1=0.7176 | Wμ=0.992 | Aμ=1.152 | Wmax=1.000 | Amax=1.585 |LR=0.002 | t=9.33s
   160 | base=1.075444 | val=1.018907 | acc1=0.6969 | Wμ=0.991 | Aμ=1.149 | Wmax=1.000 | Amax=1.585 |LR=0.002 | t=9.31s
   161 | base=1.053703 | val=0.820326 | acc1=0.7491 | Wμ=0.991 | Aμ=1.144 | Wmax=1.000 | Amax=1.585 |LR=0.002 | t=9.32s
   162 | base=0.996060 | val=1.502688 | acc1=0.5877 | Wμ=0.991 | Aμ=1.137 | Wmax=1.000 | Amax=1.585 |LR=0.002 | t=9.31s
   163 | base=1.143514 | val=0.861619 | acc1=0.7032 | Wμ=0.991 | Aμ=1.135 | Wmax=1.000 | Amax=1.585 |LR=0.002 | t=9.30s
   164 | base=1.151557 | val=0.861376 | acc1=0.7166 | Wμ=0.991 | Aμ=1.129 | Wmax=1.000 | Amax=1.585 |LR=0.002 | t=9.28s
   165 | base=1.055388 | val=1.081494 | acc1=0.6734 | Wμ=0.991 | Aμ=1.124 | Wmax=1.000 | Amax=1.585 |LR=0.002 | t=9.33s
   166 | base=1.251577 | val=1.078205 | acc1=0.6549 | Wμ=0.990 | Aμ=1.124 | Wmax=1.000 | Amax=1.585 |LR=0.002 | t=9.29s
   167 | base=1.012018 | val=0.853779 | acc1=0.7235 | Wμ=0.991 | Aμ=1.123 | Wmax=1.000 | Amax=1.585 |LR=0.002 | t=9.35s
   168 | base=1.075250 | val=0.846971 | acc1=0.7200 | Wμ=0.990 | Aμ=1.124 | Wmax=1.000 | Amax=1.585 |LR=0.002 | t=9.30s
   169 | base=1.093999 | val=0.968876 | acc1=0.7003 | Wμ=0.991 | Aμ=1.124 | Wmax=1.000 | Amax=1.585 |LR=0.002 | t=9.30s
   170 | base=1.161409 | val=2.001666 | acc1=0.5125 | Wμ=0.991 | Aμ=1.121 | Wmax=1.000 | Amax=1.000 |LR=0.002 | t=9.28s
   171 | base=1.062509 | val=0.816512 | acc1=0.7326 | Wμ=0.990 | Aμ=1.120 | Wmax=1.000 | Amax=1.585 |LR=0.0018582 | t=9.28s
   172 | base=1.069506 | val=0.904290 | acc1=0.7041 | Wμ=0.991 | Aμ=1.117 | Wmax=1.000 | Amax=1.585 |LR=0.0018554 | t=9.33s
   173 | base=1.071494 | val=1.220041 | acc1=0.6702 | Wμ=0.991 | Aμ=1.113 | Wmax=1.000 | Amax=1.585 |LR=0.0018554 | t=9.33s
   174 | base=1.123568 | val=1.253836 | acc1=0.6238 | Wμ=0.991 | Aμ=1.109 | Wmax=1.000 | Amax=1.585 |LR=0.0018554 | t=9.30s
   175 | base=1.134534 | val=0.886288 | acc1=0.7193 | Wμ=0.991 | Aμ=1.103 | Wmax=1.000 | Amax=1.585 |LR=0.0018554 | t=9.28s
   176 | base=1.139617 | val=0.915711 | acc1=0.7049 | Wμ=0.991 | Aμ=1.099 | Wmax=1.000 | Amax=1.585 |LR=0.0018554 | t=9.29s
   177 | base=1.192350 | val=0.886099 | acc1=0.7118 | Wμ=0.991 | Aμ=1.095 | Wmax=1.000 | Amax=1.585 |LR=0.0018554 | t=9.28s
   178 | base=1.088983 | val=0.891824 | acc1=0.7267 | Wμ=0.991 | Aμ=1.091 | Wmax=1.000 | Amax=1.585 |LR=0.0018554 | t=9.33s
   179 | base=1.222720 | val=1.063499 | acc1=0.6834 | Wμ=0.991 | Aμ=1.083 | Wmax=1.000 | Amax=1.585 |LR=0.0018554 | t=9.31s
   180 | base=1.070772 | val=0.949324 | acc1=0.7007 | Wμ=0.991 | Aμ=1.076 | Wmax=1.000 | Amax=1.585 |LR=0.0018554 | t=9.31s
   181 | base=1.140840 | val=0.814241 | acc1=0.7359 | Wμ=0.991 | Aμ=1.070 | Wmax=1.000 | Amax=1.000 |LR=0.0018554 | t=9.35s
   182 | base=1.139089 | val=0.902965 | acc1=0.7150 | Wμ=0.991 | Aμ=1.061 | Wmax=1.000 | Amax=1.000 |LR=0.0017238 | t=9.31s
   183 | base=1.095166 | val=0.764567 | acc1=0.7577 | Wμ=0.991 | Aμ=1.054 | Wmax=1.000 | Amax=1.000 |LR=0.0015992 | t=9.32s
   184 | base=1.144359 | val=0.653916 | acc1=0.7764 | Wμ=0.991 | Aμ=1.051 | Wmax=1.000 | Amax=1.000 |LR=0.0014835 | t=9.33s
   185 | base=1.197019 | val=1.005592 | acc1=0.7009 | Wμ=0.991 | Aμ=1.050 | Wmax=1.000 | Amax=1.000 |LR=0.0013763 | t=9.31s
   186 | base=1.031006 | val=0.874948 | acc1=0.7219 | Wμ=0.992 | Aμ=1.047 | Wmax=1.000 | Amax=1.000 |LR=0.0012767 | t=9.29s
   187 | base=1.120250 | val=0.794018 | acc1=0.7456 | Wμ=0.991 | Aμ=1.044 | Wmax=1.000 | Amax=1.000 |LR=0.0011844 | t=9.33s
   188 | base=1.077482 | val=0.829679 | acc1=0.7308 | Wμ=0.992 | Aμ=1.036 | Wmax=1.000 | Amax=1.000 |LR=0.0010988 | t=9.29s
   189 | base=1.051613 | val=0.704018 | acc1=0.7759 | Wμ=0.992 | Aμ=1.027 | Wmax=1.000 | Amax=1.000 |LR=0.0010193 | t=9.29s
   190 | base=1.034369 | val=0.714095 | acc1=0.7687 | Wμ=0.992 | Aμ=1.017 | Wmax=1.000 | Amax=1.000 |LR=0.00094562 | t=9.29s
   191 | base=1.051909 | val=0.811520 | acc1=0.7471 | Wμ=0.991 | Aμ=1.006 | Wmax=1.000 | Amax=1.000 |LR=0.00087724 | t=9.29s
   192 | base=1.059793 | val=0.729296 | acc1=0.7600 | Wμ=0.992 | Aμ=0.998 | Wmax=1.000 | Amax=1.000 |LR=0.00081381 | t=9.29s
   193 | base=1.020010 | val=0.663849 | acc1=0.7922 | Wμ=0.992 | Aμ=0.998 | Wmax=1.000 | Amax=1.000 |LR=0.00075497 | t=9.30s
   194 | base=1.027454 | val=0.704100 | acc1=0.7706 | Wμ=0.992 | Aμ=0.999 | Wmax=1.000 | Amax=1.000 |LR=0.00070037 | t=9.29s
   195 | base=1.061250 | val=0.684083 | acc1=0.7787 | Wμ=0.992 | Aμ=0.998 | Wmax=1.000 | Amax=1.000 |LR=0.00064973 | t=9.35s
   196 | base=1.034747 | val=0.655521 | acc1=0.7888 | Wμ=0.993 | Aμ=0.999 | Wmax=1.000 | Amax=1.000 |LR=0.00060275 | t=9.32s
   197 | base=0.968883 | val=0.725484 | acc1=0.7617 | Wμ=0.993 | Aμ=0.999 | Wmax=1.000 | Amax=1.000 |LR=0.00055917 | t=9.27s
   198 | base=1.001608 | val=0.844115 | acc1=0.7444 | Wμ=0.993 | Aμ=0.998 | Wmax=1.000 | Amax=1.000 |LR=0.00051873 | t=9.30s
   199 | base=0.937981 | val=0.842749 | acc1=0.7355 | Wμ=0.993 | Aμ=0.998 | Wmax=1.000 | Amax=1.000 |LR=0.00048122 | t=9.38s
   200 | base=1.011889 | val=0.684777 | acc1=0.7766 | Wμ=0.993 | Aμ=0.999 | Wmax=1.000 | Amax=1.000 |LR=0.00044643 | t=9.41s
   201 | base=0.955724 | val=0.782033 | acc1=0.7542 | Wμ=0.993 | Aμ=0.999 | Wmax=1.000 | Amax=1.000 |LR=0.00041415 | t=9.29s
   202 | base=0.856300 | val=0.762613 | acc1=0.7558 | Wμ=0.993 | Aμ=0.999 | Wmax=1.000 | Amax=1.000 |LR=0.0003842 | t=9.29s
   203 | base=0.983653 | val=0.832537 | acc1=0.7270 | Wμ=0.993 | Aμ=0.999 | Wmax=1.000 | Amax=1.000 |LR=0.00035642 | t=9.30s
   204 | base=0.929840 | val=0.572984 | acc1=0.8098 | Wμ=0.993 | Aμ=0.998 | Wmax=1.000 | Amax=1.000 |LR=0.00033065 | t=9.32s
   205 | base=0.965393 | val=0.763134 | acc1=0.7521 | Wμ=0.994 | Aμ=0.999 | Wmax=1.000 | Amax=1.000 |LR=0.00030674 | t=9.33s
   206 | base=0.991535 | val=0.622956 | acc1=0.7958 | Wμ=0.994 | Aμ=0.999 | Wmax=1.000 | Amax=1.000 |LR=0.00028456 | t=9.32s
   207 | base=0.902538 | val=0.576494 | acc1=0.8115 | Wμ=0.994 | Aμ=0.999 | Wmax=1.000 | Amax=1.000 |LR=0.00026398 | t=9.32s
   208 | base=0.979135 | val=0.726832 | acc1=0.7686 | Wμ=0.994 | Aμ=0.999 | Wmax=1.000 | Amax=1.000 |LR=0.00024489 | t=9.37s
   209 | base=0.973636 | val=0.783284 | acc1=0.7436 | Wμ=0.994 | Aμ=0.998 | Wmax=1.000 | Amax=1.000 |LR=0.00022719 | t=9.28s
   210 | base=0.930225 | val=0.704107 | acc1=0.7720 | Wμ=0.994 | Aμ=0.999 | Wmax=1.000 | Amax=1.000 |LR=0.00021076 | t=9.31s
   211 | base=0.896937 | val=0.650383 | acc1=0.7828 | Wμ=0.994 | Aμ=0.999 | Wmax=1.000 | Amax=1.000 |LR=0.00019552 | t=9.35s
   212 | base=0.924550 | val=0.789794 | acc1=0.7457 | Wμ=0.994 | Aμ=0.999 | Wmax=1.000 | Amax=1.000 |LR=0.00018138 | t=9.30s
   213 | base=0.972049 | val=0.600681 | acc1=0.8027 | Wμ=0.994 | Aμ=0.999 | Wmax=1.000 | Amax=1.000 |LR=0.00016827 | t=9.33s
   214 | base=0.917045 | val=0.682310 | acc1=0.7840 | Wμ=0.994 | Aμ=0.999 | Wmax=1.000 | Amax=1.000 |LR=0.0001561 | t=9.31s
   215 | base=0.899761 | val=0.592582 | acc1=0.8018 | Wμ=0.995 | Aμ=0.999 | Wmax=1.000 | Amax=1.000 |LR=0.00014481 | t=9.29s
   216 | base=0.921557 | val=0.856635 | acc1=0.7349 | Wμ=0.995 | Aμ=0.999 | Wmax=1.000 | Amax=1.000 |LR=0.00013434 | t=9.34s
   217 | base=0.950137 | val=0.619175 | acc1=0.7948 | Wμ=0.995 | Aμ=0.999 | Wmax=1.000 | Amax=1.000 |LR=0.00012463 | t=9.30s
   218 | base=0.966358 | val=0.615269 | acc1=0.7968 | Wμ=0.995 | Aμ=0.999 | Wmax=1.000 | Amax=1.000 |LR=0.00011561 | t=9.30s
   219 | base=0.965165 | val=0.621606 | acc1=0.8001 | Wμ=0.995 | Aμ=0.999 | Wmax=1.000 | Amax=1.000 |LR=0.00010725 | t=9.34s
   220 | base=0.928572 | val=0.671217 | acc1=0.7802 | Wμ=0.995 | Aμ=0.999 | Wmax=1.000 | Amax=1.000 |LR=9.9499e-05 | t=9.29s
   221 | base=0.921499 | val=0.616919 | acc1=0.8017 | Wμ=0.995 | Aμ=0.999 | Wmax=1.000 | Amax=1.000 |LR=9.2305e-05 | t=9.28s
   222 | base=0.873282 | val=0.768755 | acc1=0.7546 | Wμ=0.995 | Aμ=0.999 | Wmax=1.000 | Amax=1.000 |LR=8.563e-05 | t=9.34s
   223 | base=0.992030 | val=0.639348 | acc1=0.7968 | Wμ=0.995 | Aμ=0.999 | Wmax=1.000 | Amax=1.000 |LR=7.9438e-05 | t=9.30s
   224 | base=0.948959 | val=0.750929 | acc1=0.7579 | Wμ=0.995 | Aμ=0.999 | Wmax=1.000 | Amax=1.000 |LR=7.3694e-05 | t=9.32s
   225 | base=0.939229 | val=0.592613 | acc1=0.8079 | Wμ=0.995 | Aμ=0.999 | Wmax=1.000 | Amax=1.000 |LR=6.8366e-05 | t=9.29s
   226 | base=0.892496 | val=0.567526 | acc1=0.8121 | Wμ=0.995 | Aμ=0.999 | Wmax=1.000 | Amax=1.000 |LR=6.3422e-05 | t=9.29s
   227 | base=0.874311 | val=0.551047 | acc1=0.8174 | Wμ=0.995 | Aμ=0.999 | Wmax=1.000 | Amax=1.000 |LR=5.8836e-05 | t=9.33s
   228 | base=0.893947 | val=0.610849 | acc1=0.7971 | Wμ=0.995 | Aμ=0.999 | Wmax=1.000 | Amax=1.000 |LR=5.4582e-05 | t=9.30s
   229 | base=0.934067 | val=0.681226 | acc1=0.7790 | Wμ=0.996 | Aμ=0.999 | Wmax=1.000 | Amax=1.000 |LR=5.0635e-05 | t=9.28s
