     0 | train=nan | val=nan | lr=nan | t_train=nan | t_val=1.74 | mem=248.9 | psnr_b100=27.621, psnr_set14=28.302, psnr_set5=32.057, psnr_urban100=26.141, ssim_b100=0.738, ssim_set14=0.861, ssim_set5=0.906, ssim_urban100=0.963 |
     0 | train=nan | val=nan | lr=nan | t_train=nan | t_val=20.78 | mem=250.8 | psnr_b100=27.621, psnr_set14=28.302, psnr_set5=32.056, psnr_urban100=26.140, ssim_b100=0.738, ssim_set14=0.861, ssim_set5=0.906, ssim_urban100=0.963 |
     0 | train=nan | val=nan | lr=nan | t_train=nan | t_val=20.99 | mem=250.9 | psnr_b100=27.621, psnr_set14=28.303, psnr_set5=32.056, psnr_urban100=26.140, ssim_b100=0.738, ssim_set14=0.861, ssim_set5=0.906, ssim_urban100=0.963 |
     0 | train=nan | val=nan | lr=nan | t_train=nan | t_val=20.72 | mem=250.9 | psnr_b100=27.618, psnr_set14=28.302, psnr_set5=32.055, psnr_urban100=26.139, ssim_b100=0.738, ssim_set14=0.861, ssim_set5=0.906, ssim_urban100=0.963 |
# epoch | train_loss | val_loss | LR | t_train(s) | t_val(s) | gpu_mem(MB) | SRBench(psnr/ssim...)
     0 | train=nan | val=nan | lr=nan | t_train=nan | t_val=1.48 | mem=250.9 |
     0 | train=0.000734 | val=nan | lr=0.00036 | t_train=12.96 | t_val=12.19 | mem=383.9 | psnr_b100=27.618, psnr_set14=28.299, psnr_set5=32.344, psnr_urban100=26.136, ssim_b100=0.738, ssim_set14=0.861, ssim_set5=0.914, ssim_urban100=0.963 |
     1 | train=0.000894 | val=nan | lr=0.00074 | t_train=12.77 | t_val=12.11 | mem=383.9 | psnr_b100=27.615, psnr_set14=28.295, psnr_set5=32.327, psnr_urban100=26.130, ssim_b100=0.738, ssim_set14=0.861, ssim_set5=0.914, ssim_urban100=0.963 |
     2 | train=0.000928 | val=nan | lr=0.00112 | t_train=12.82 | t_val=12.04 | mem=383.9 | psnr_b100=27.611, psnr_set14=28.290, psnr_set5=32.341, psnr_urban100=26.121, ssim_b100=0.738, ssim_set14=0.861, ssim_set5=0.914, ssim_urban100=0.963 |
     3 | train=0.001007 | val=nan | lr=0.0015 | t_train=12.72 | t_val=12.06 | mem=383.9 | psnr_b100=27.605, psnr_set14=28.274, psnr_set5=32.319, psnr_urban100=26.107, ssim_b100=0.738, ssim_set14=0.861, ssim_set5=0.914, ssim_urban100=0.962 |
     4 | train=0.001735 | val=nan | lr=0.00188 | t_train=12.81 | t_val=12.14 | mem=383.9 | psnr_b100=27.605, psnr_set14=28.283, psnr_set5=32.338, psnr_urban100=26.117, ssim_b100=0.738, ssim_set14=0.861, ssim_set5=0.914, ssim_urban100=0.963 |
     5 | train=0.002049 | val=nan | lr=0.00226 | t_train=12.70 | t_val=12.05 | mem=383.9 | psnr_b100=27.598, psnr_set14=28.271, psnr_set5=32.317, psnr_urban100=26.080, ssim_b100=0.737, ssim_set14=0.861, ssim_set5=0.914, ssim_urban100=0.962 |
     6 | train=0.002244 | val=nan | lr=0.00264 | t_train=12.74 | t_val=12.09 | mem=383.9 | psnr_b100=27.587, psnr_set14=28.270, psnr_set5=32.308, psnr_urban100=26.025, ssim_b100=0.737, ssim_set14=0.860, ssim_set5=0.914, ssim_urban100=0.962 |
     7 | train=0.002715 | val=nan | lr=0.00302 | t_train=12.73 | t_val=12.08 | mem=383.9 | psnr_b100=27.569, psnr_set14=28.260, psnr_set5=32.303, psnr_urban100=26.014, ssim_b100=0.736, ssim_set14=0.860, ssim_set5=0.913, ssim_urban100=0.962 |
     8 | train=0.002932 | val=nan | lr=0.0034 | t_train=12.73 | t_val=12.08 | mem=383.9 | psnr_b100=27.559, psnr_set14=28.259, psnr_set5=32.318, psnr_urban100=26.004, ssim_b100=0.735, ssim_set14=0.860, ssim_set5=0.914, ssim_urban100=0.961 |
     9 | train=0.004454 | val=nan | lr=0.00378 | t_train=12.73 | t_val=12.07 | mem=383.9 | psnr_b100=27.544, psnr_set14=28.186, psnr_set5=32.249, psnr_urban100=25.934, ssim_b100=0.735, ssim_set14=0.859, ssim_set5=0.913, ssim_urban100=0.961 |
    10 | train=0.002837 | val=nan | lr=0.00416 | t_train=12.72 | t_val=12.06 | mem=383.9 | psnr_b100=27.522, psnr_set14=28.184, psnr_set5=32.202, psnr_urban100=25.871, ssim_b100=0.735, ssim_set14=0.858, ssim_set5=0.912, ssim_urban100=0.961 |
    11 | train=0.004570 | val=nan | lr=0.00454 | t_train=12.84 | t_val=12.20 | mem=383.9 | psnr_b100=27.507, psnr_set14=28.178, psnr_set5=32.163, psnr_urban100=25.934, ssim_b100=0.734, ssim_set14=0.859, ssim_set5=0.911, ssim_urban100=0.960 |
    12 | train=0.004099 | val=nan | lr=0.00492 | t_train=12.73 | t_val=12.07 | mem=383.9 | psnr_b100=27.518, psnr_set14=28.170, psnr_set5=32.230, psnr_urban100=25.904, ssim_b100=0.734, ssim_set14=0.858, ssim_set5=0.912, ssim_urban100=0.961 |
    13 | train=0.004381 | val=nan | lr=0.0053 | t_train=12.72 | t_val=12.06 | mem=383.9 | psnr_b100=27.473, psnr_set14=28.124, psnr_set5=32.172, psnr_urban100=25.788, ssim_b100=0.733, ssim_set14=0.858, ssim_set5=0.911, ssim_urban100=0.959 |
    14 | train=0.005294 | val=nan | lr=0.00568 | t_train=12.75 | t_val=12.07 | mem=383.9 | psnr_b100=27.438, psnr_set14=28.050, psnr_set5=31.981, psnr_urban100=25.678, ssim_b100=0.731, ssim_set14=0.856, ssim_set5=0.909, ssim_urban100=0.959 |
    15 | train=0.004961 | val=nan | lr=0.00606 | t_train=12.76 | t_val=12.10 | mem=383.9 | psnr_b100=27.376, psnr_set14=28.007, psnr_set5=31.906, psnr_urban100=25.615, ssim_b100=0.730, ssim_set14=0.856, ssim_set5=0.908, ssim_urban100=0.958 |
    16 | train=0.006632 | val=nan | lr=0.00644 | t_train=12.72 | t_val=12.07 | mem=383.9 | psnr_b100=27.339, psnr_set14=27.941, psnr_set5=31.880, psnr_urban100=25.479, ssim_b100=0.727, ssim_set14=0.853, ssim_set5=0.907, ssim_urban100=0.956 |
    17 | train=0.005228 | val=nan | lr=0.00682 | t_train=12.76 | t_val=12.10 | mem=383.9 | psnr_b100=27.393, psnr_set14=28.039, psnr_set5=31.980, psnr_urban100=25.657, ssim_b100=0.730, ssim_set14=0.855, ssim_set5=0.908, ssim_urban100=0.957 |
    18 | train=0.007264 | val=nan | lr=0.0072 | t_train=12.79 | t_val=12.13 | mem=383.9 | psnr_b100=27.390, psnr_set14=28.073, psnr_set5=31.915, psnr_urban100=25.642, ssim_b100=0.730, ssim_set14=0.856, ssim_set5=0.907, ssim_urban100=0.958 |
    19 | train=0.011089 | val=nan | lr=0.00758 | t_train=12.70 | t_val=12.04 | mem=383.9 | psnr_b100=27.323, psnr_set14=27.871, psnr_set5=31.717, psnr_urban100=25.461, ssim_b100=0.726, ssim_set14=0.853, ssim_set5=0.903, ssim_urban100=0.957 |
    20 | train=0.022261 | val=nan | lr=0.00796 | t_train=12.71 | t_val=12.06 | mem=383.9 | psnr_b100=27.002, psnr_set14=27.571, psnr_set5=31.199, psnr_urban100=25.107, ssim_b100=0.705, ssim_set14=0.841, ssim_set5=0.886, ssim_urban100=0.954 |
    21 | train=0.014739 | val=nan | lr=0.00834 | t_train=12.66 | t_val=12.01 | mem=383.9 | psnr_b100=27.077, psnr_set14=27.584, psnr_set5=31.107, psnr_urban100=25.162, ssim_b100=0.706, ssim_set14=0.838, ssim_set5=0.879, ssim_urban100=0.954 |
    22 | train=0.010078 | val=nan | lr=0.00872 | t_train=12.70 | t_val=12.05 | mem=383.9 | psnr_b100=27.124, psnr_set14=27.686, psnr_set5=31.319, psnr_urban100=25.184, ssim_b100=0.716, ssim_set14=0.847, ssim_set5=0.892, ssim_urban100=0.955 |
    23 | train=0.011699 | val=nan | lr=0.0091 | t_train=12.86 | t_val=12.09 | mem=383.9 | psnr_b100=26.968, psnr_set14=27.408, psnr_set5=30.871, psnr_urban100=25.084, ssim_b100=0.699, ssim_set14=0.831, ssim_set5=0.869, ssim_urban100=0.953 |
    24 | train=0.009675 | val=nan | lr=0.00948 | t_train=12.71 | t_val=12.04 | mem=383.9 | psnr_b100=27.238, psnr_set14=27.769, psnr_set5=31.598, psnr_urban100=25.263, ssim_b100=0.722, ssim_set14=0.850, ssim_set5=0.897, ssim_urban100=0.955 |
    25 | train=0.008985 | val=nan | lr=0.00986 | t_train=12.67 | t_val=12.01 | mem=383.9 | psnr_b100=27.233, psnr_set14=27.799, psnr_set5=31.677, psnr_urban100=25.166, ssim_b100=0.724, ssim_set14=0.851, ssim_set5=0.902, ssim_urban100=0.953 |
    26 | train=0.020811 | val=nan | lr=0.01 | t_train=12.71 | t_val=12.06 | mem=383.9 | psnr_b100=27.175, psnr_set14=27.641, psnr_set5=31.425, psnr_urban100=25.077, ssim_b100=0.721, ssim_set14=0.848, ssim_set5=0.898, ssim_urban100=0.952 |
    27 | train=0.029569 | val=nan | lr=0.01 | t_train=12.73 | t_val=12.07 | mem=383.9 | psnr_b100=27.201, psnr_set14=27.776, psnr_set5=31.563, psnr_urban100=25.219, ssim_b100=0.718, ssim_set14=0.848, ssim_set5=0.897, ssim_urban100=0.953 |
    28 | train=0.035951 | val=nan | lr=0.01 | t_train=12.72 | t_val=12.07 | mem=383.9 | psnr_b100=27.236, psnr_set14=27.764, psnr_set5=31.532, psnr_urban100=25.247, ssim_b100=0.724, ssim_set14=0.849, ssim_set5=0.897, ssim_urban100=0.954 |
    29 | train=0.043944 | val=nan | lr=0.01 | t_train=12.76 | t_val=12.10 | mem=383.9 | psnr_b100=27.233, psnr_set14=27.771, psnr_set5=31.599, psnr_urban100=25.193, ssim_b100=0.725, ssim_set14=0.851, ssim_set5=0.901, ssim_urban100=0.953 |
    30 | train=0.051013 | val=nan | lr=0.01 | t_train=12.70 | t_val=12.05 | mem=383.9 | psnr_b100=27.153, psnr_set14=27.666, psnr_set5=31.509, psnr_urban100=25.165, ssim_b100=0.722, ssim_set14=0.850, ssim_set5=0.903, ssim_urban100=0.954 |
    31 | train=0.051559 | val=nan | lr=0.01 | t_train=12.72 | t_val=12.07 | mem=383.9 | psnr_b100=27.263, psnr_set14=27.760, psnr_set5=31.714, psnr_urban100=25.231, ssim_b100=0.725, ssim_set14=0.851, ssim_set5=0.902, ssim_urban100=0.954 |
    32 | train=0.053362 | val=nan | lr=0.01 | t_train=12.77 | t_val=12.11 | mem=383.9 | psnr_b100=27.163, psnr_set14=27.662, psnr_set5=31.481, psnr_urban100=25.056, ssim_b100=0.721, ssim_set14=0.848, ssim_set5=0.896, ssim_urban100=0.952 |
    33 | train=0.053485 | val=nan | lr=0.01 | t_train=12.71 | t_val=12.03 | mem=383.9 | psnr_b100=27.255, psnr_set14=27.785, psnr_set5=31.712, psnr_urban100=25.259, ssim_b100=0.724, ssim_set14=0.852, ssim_set5=0.904, ssim_urban100=0.954 |
    34 | train=0.050818 | val=nan | lr=0.01 | t_train=12.83 | t_val=12.10 | mem=383.9 | psnr_b100=27.146, psnr_set14=27.677, psnr_set5=31.353, psnr_urban100=25.085, ssim_b100=0.719, ssim_set14=0.849, ssim_set5=0.895, ssim_urban100=0.953 |
    35 | train=0.043711 | val=nan | lr=0.01 | t_train=12.70 | t_val=12.04 | mem=383.9 | psnr_b100=27.123, psnr_set14=27.599, psnr_set5=31.263, psnr_urban100=24.987, ssim_b100=0.716, ssim_set14=0.846, ssim_set5=0.889, ssim_urban100=0.951 |
    36 | train=0.041426 | val=nan | lr=0.01 | t_train=12.68 | t_val=12.04 | mem=383.9 | psnr_b100=27.015, psnr_set14=27.364, psnr_set5=31.062, psnr_urban100=24.735, ssim_b100=0.714, ssim_set14=0.844, ssim_set5=0.891, ssim_urban100=0.948 |
    37 | train=0.041426 | val=nan | lr=0.01 | t_train=12.69 | t_val=12.03 | mem=383.9 | psnr_b100=26.977, psnr_set14=27.302, psnr_set5=30.886, psnr_urban100=24.676, ssim_b100=0.711, ssim_set14=0.841, ssim_set5=0.885, ssim_urban100=0.947 |
    38 | train=0.482724 | val=nan | lr=0.01 | t_train=12.69 | t_val=12.04 | mem=383.9 | psnr_b100=11.571, psnr_set14=11.604, psnr_set5=12.318, psnr_urban100=11.507, ssim_b100=0.110, ssim_set14=0.255, ssim_set5=0.229, ssim_urban100=0.568 |
    39 | train=0.923930 | val=nan | lr=0.01 | t_train=12.71 | t_val=12.05 | mem=383.9 | psnr_b100=9.279, psnr_set14=9.581, psnr_set5=9.023, psnr_urban100=9.168, ssim_b100=0.037, ssim_set14=0.093, ssim_set5=0.066, ssim_urban100=0.277 |
    40 | train=0.497403 | val=nan | lr=0.01 | t_train=12.68 | t_val=12.03 | mem=383.9 | psnr_b100=14.275, psnr_set14=14.470, psnr_set5=13.924, psnr_urban100=13.839, ssim_b100=0.102, ssim_set14=0.317, ssim_set5=0.220, ssim_urban100=0.634 |
    41 | train=0.178872 | val=nan | lr=0.01 | t_train=12.68 | t_val=12.03 | mem=383.9 | psnr_b100=19.135, psnr_set14=18.830, psnr_set5=19.201, psnr_urban100=18.128, ssim_b100=0.191, ssim_set14=0.360, ssim_set5=0.301, ssim_urban100=0.782 |
    42 | train=0.173402 | val=nan | lr=0.01 | t_train=12.68 | t_val=12.04 | mem=383.9 | psnr_b100=20.454, psnr_set14=20.224, psnr_set5=21.240, psnr_urban100=19.104, ssim_b100=0.278, ssim_set14=0.579, ssim_set5=0.455, ssim_urban100=0.855 |
    43 | train=0.107231 | val=nan | lr=0.01 | t_train=12.70 | t_val=12.04 | mem=383.9 | psnr_b100=21.742, psnr_set14=21.327, psnr_set5=22.298, psnr_urban100=20.115, ssim_b100=0.328, ssim_set14=0.509, ssim_set5=0.458, ssim_urban100=0.858 |
    44 | train=0.104165 | val=nan | lr=0.01 | t_train=12.72 | t_val=12.07 | mem=383.9 | psnr_b100=23.000, psnr_set14=22.909, psnr_set5=24.058, psnr_urban100=21.289, ssim_b100=0.428, ssim_set14=0.684, ssim_set5=0.614, ssim_urban100=0.881 |
    45 | train=0.099695 | val=nan | lr=0.01 | t_train=12.66 | t_val=12.00 | mem=383.9 | psnr_b100=22.871, psnr_set14=22.463, psnr_set5=23.940, psnr_urban100=20.955, ssim_b100=0.424, ssim_set14=0.686, ssim_set5=0.634, ssim_urban100=0.890 |
    46 | train=0.064968 | val=nan | lr=0.01 | t_train=12.77 | t_val=12.11 | mem=383.9 | psnr_b100=24.612, psnr_set14=24.508, psnr_set5=26.542, psnr_urban100=22.396, ssim_b100=0.505, ssim_set14=0.698, ssim_set5=0.680, ssim_urban100=0.904 |
    47 | train=0.061367 | val=nan | lr=0.01 | t_train=12.71 | t_val=12.04 | mem=383.9 | psnr_b100=24.748, psnr_set14=24.760, psnr_set5=26.809, psnr_urban100=22.531, ssim_b100=0.525, ssim_set14=0.715, ssim_set5=0.694, ssim_urban100=0.906 |
    48 | train=0.051505 | val=nan | lr=0.01 | t_train=12.72 | t_val=12.06 | mem=383.9 | psnr_b100=25.316, psnr_set14=25.248, psnr_set5=27.385, psnr_urban100=22.891, ssim_b100=0.571, ssim_set14=0.765, ssim_set5=0.745, ssim_urban100=0.912 |
    49 | train=0.046449 | val=nan | lr=0.01 | t_train=12.76 | t_val=12.11 | mem=383.9 | psnr_b100=25.567, psnr_set14=25.539, psnr_set5=28.042, psnr_urban100=23.041, ssim_b100=0.610, ssim_set14=0.767, ssim_set5=0.771, ssim_urban100=0.919 |
    50 | train=0.040291 | val=nan | lr=0.01 | t_train=12.67 | t_val=12.02 | mem=383.9 | psnr_b100=24.479, psnr_set14=24.279, psnr_set5=25.853, psnr_urban100=22.366, ssim_b100=0.603, ssim_set14=0.762, ssim_set5=0.760, ssim_urban100=0.916 |
    51 | train=0.034098 | val=nan | lr=0.01 | t_train=12.71 | t_val=12.05 | mem=383.9 | psnr_b100=24.602, psnr_set14=24.535, psnr_set5=26.375, psnr_urban100=22.377, ssim_b100=0.644, ssim_set14=0.791, ssim_set5=0.799, ssim_urban100=0.920 |
    52 | train=0.047378 | val=nan | lr=0.01 | t_train=12.70 | t_val=12.05 | mem=383.9 | psnr_b100=25.692, psnr_set14=25.427, psnr_set5=27.808, psnr_urban100=23.129, ssim_b100=0.661, ssim_set14=0.800, ssim_set5=0.812, ssim_urban100=0.920 |
    53 | train=0.021687 | val=nan | lr=0.01 | t_train=12.69 | t_val=12.04 | mem=383.9 | psnr_b100=26.154, psnr_set14=26.085, psnr_set5=29.090, psnr_urban100=23.411, ssim_b100=0.682, ssim_set14=0.813, ssim_set5=0.836, ssim_urban100=0.928 |
    54 | train=0.022253 | val=nan | lr=0.01 | t_train=12.87 | t_val=12.13 | mem=383.9 | psnr_b100=26.019, psnr_set14=25.997, psnr_set5=28.915, psnr_urban100=23.353, ssim_b100=0.672, ssim_set14=0.808, ssim_set5=0.832, ssim_urban100=0.927 |
    55 | train=0.021538 | val=nan | lr=0.01 | t_train=12.72 | t_val=12.07 | mem=383.9 | psnr_b100=25.574, psnr_set14=25.604, psnr_set5=28.230, psnr_urban100=23.082, ssim_b100=0.661, ssim_set14=0.802, ssim_set5=0.822, ssim_urban100=0.925 |
    56 | train=0.019736 | val=nan | lr=0.01 | t_train=12.78 | t_val=12.12 | mem=383.9 | psnr_b100=26.165, psnr_set14=26.073, psnr_set5=29.166, psnr_urban100=23.409, ssim_b100=0.678, ssim_set14=0.809, ssim_set5=0.834, ssim_urban100=0.925 |
    57 | train=0.019681 | val=nan | lr=0.01 | t_train=12.82 | t_val=12.18 | mem=383.9 | psnr_b100=26.095, psnr_set14=26.010, psnr_set5=28.941, psnr_urban100=23.361, ssim_b100=0.680, ssim_set14=0.814, ssim_set5=0.838, ssim_urban100=0.928 |
    58 | train=0.018501 | val=nan | lr=0.009982 | t_train=12.81 | t_val=12.16 | mem=383.9 | psnr_b100=25.777, psnr_set14=25.648, psnr_set5=28.266, psnr_urban100=23.160, ssim_b100=0.681, ssim_set14=0.815, ssim_set5=0.845, ssim_urban100=0.927 |
    59 | train=0.017529 | val=nan | lr=0.0099631 | t_train=12.96 | t_val=12.29 | mem=383.9 | psnr_b100=25.959, psnr_set14=25.981, psnr_set5=28.941, psnr_urban100=23.298, ssim_b100=0.668, ssim_set14=0.806, ssim_set5=0.835, ssim_urban100=0.926 |
    60 | train=0.016743 | val=nan | lr=0.0099442 | t_train=12.82 | t_val=12.17 | mem=383.9 | psnr_b100=26.236, psnr_set14=26.220, psnr_set5=29.433, psnr_urban100=23.477, ssim_b100=0.688, ssim_set14=0.816, ssim_set5=0.846, ssim_urban100=0.928 |
    61 | train=0.016578 | val=nan | lr=0.0099253 | t_train=12.80 | t_val=12.14 | mem=383.9 | psnr_b100=26.167, psnr_set14=26.122, psnr_set5=29.143, psnr_urban100=23.432, ssim_b100=0.685, ssim_set14=0.814, ssim_set5=0.841, ssim_urban100=0.928 |
    62 | train=0.022890 | val=nan | lr=0.0099064 | t_train=12.80 | t_val=12.15 | mem=383.9 | psnr_b100=25.027, psnr_set14=25.127, psnr_set5=27.423, psnr_urban100=22.731, ssim_b100=0.663, ssim_set14=0.797, ssim_set5=0.812, ssim_urban100=0.922 |
    63 | train=0.023588 | val=nan | lr=0.0098876 | t_train=12.88 | t_val=12.14 | mem=383.9 | psnr_b100=24.957, psnr_set14=25.142, psnr_set5=27.589, psnr_urban100=22.694, ssim_b100=0.668, ssim_set14=0.797, ssim_set5=0.795, ssim_urban100=0.918 |
    64 | train=0.019413 | val=nan | lr=0.0098689 | t_train=12.79 | t_val=12.13 | mem=383.9 | psnr_b100=26.232, psnr_set14=26.206, psnr_set5=29.399, psnr_urban100=23.463, ssim_b100=0.685, ssim_set14=0.816, ssim_set5=0.846, ssim_urban100=0.928 |
    65 | train=0.022291 | val=nan | lr=0.0098501 | t_train=12.72 | t_val=12.06 | mem=383.9 | psnr_b100=26.221, psnr_set14=26.129, psnr_set5=29.263, psnr_urban100=23.450, ssim_b100=0.683, ssim_set14=0.816, ssim_set5=0.845, ssim_urban100=0.928 |
    66 | train=0.021878 | val=nan | lr=0.0098314 | t_train=12.76 | t_val=12.11 | mem=383.9 | psnr_b100=26.221, psnr_set14=26.204, psnr_set5=29.379, psnr_urban100=23.460, ssim_b100=0.679, ssim_set14=0.810, ssim_set5=0.838, ssim_urban100=0.927 |
    67 | train=0.016694 | val=nan | lr=0.0098128 | t_train=12.86 | t_val=12.20 | mem=383.9 | psnr_b100=26.232, psnr_set14=26.228, psnr_set5=29.401, psnr_urban100=23.479, ssim_b100=0.689, ssim_set14=0.817, ssim_set5=0.847, ssim_urban100=0.928 |
    68 | train=0.024504 | val=nan | lr=0.0097941 | t_train=12.80 | t_val=12.13 | mem=383.9 | psnr_b100=26.041, psnr_set14=26.052, psnr_set5=28.990, psnr_urban100=23.388, ssim_b100=0.683, ssim_set14=0.812, ssim_set5=0.833, ssim_urban100=0.926 |
    69 | train=0.024346 | val=nan | lr=0.0097755 | t_train=12.73 | t_val=12.08 | mem=383.9 | psnr_b100=26.213, psnr_set14=26.199, psnr_set5=29.259, psnr_urban100=23.461, ssim_b100=0.680, ssim_set14=0.811, ssim_set5=0.835, ssim_urban100=0.923 |
