     0 | train=nan | val=nan | lr=nan | t_train=nan | t_val=1.75 | mem=248.9 | psnr_b100=27.621, psnr_set14=28.302, psnr_set5=32.057, psnr_urban100=26.141, ssim_b100=0.738, ssim_set14=0.861, ssim_set5=0.906, ssim_urban100=0.963 |
     0 | train=nan | val=nan | lr=nan | t_train=nan | t_val=20.65 | mem=250.8 | psnr_b100=27.621, psnr_set14=28.302, psnr_set5=32.056, psnr_urban100=26.140, ssim_b100=0.738, ssim_set14=0.861, ssim_set5=0.906, ssim_urban100=0.963 |
     0 | train=nan | val=nan | lr=nan | t_train=nan | t_val=20.78 | mem=250.9 | psnr_b100=27.621, psnr_set14=28.303, psnr_set5=32.056, psnr_urban100=26.140, ssim_b100=0.738, ssim_set14=0.861, ssim_set5=0.906, ssim_urban100=0.963 |
     0 | train=nan | val=nan | lr=nan | t_train=nan | t_val=20.60 | mem=250.9 | psnr_b100=27.618, psnr_set14=28.302, psnr_set5=32.055, psnr_urban100=26.139, ssim_b100=0.738, ssim_set14=0.861, ssim_set5=0.906, ssim_urban100=0.963 |
# epoch | train_loss | val_loss | LR | t_train(s) | t_val(s) | gpu_mem(MB) | SRBench(psnr/ssim...)
     0 | train=nan | val=nan | lr=nan | t_train=nan | t_val=1.50 | mem=250.9 |
     0 | train=0.000712 | val=nan | lr=7.2e-05 | t_train=12.99 | t_val=12.20 | mem=383.9 | psnr_b100=27.619, psnr_set14=28.302, psnr_set5=32.342, psnr_urban100=26.138, ssim_b100=0.738, ssim_set14=0.861, ssim_set5=0.914, ssim_urban100=0.963 |
     1 | train=0.000717 | val=nan | lr=0.000148 | t_train=12.75 | t_val=12.10 | mem=383.9 | psnr_b100=27.617, psnr_set14=28.300, psnr_set5=32.341, psnr_urban100=26.134, ssim_b100=0.738, ssim_set14=0.861, ssim_set5=0.914, ssim_urban100=0.963 |
     2 | train=0.000758 | val=nan | lr=0.000224 | t_train=12.93 | t_val=12.17 | mem=383.9 | psnr_b100=27.619, psnr_set14=28.300, psnr_set5=32.342, psnr_urban100=26.132, ssim_b100=0.738, ssim_set14=0.861, ssim_set5=0.914, ssim_urban100=0.963 |
     3 | train=0.000785 | val=nan | lr=0.0003 | t_train=12.83 | t_val=12.17 | mem=383.9 | psnr_b100=27.617, psnr_set14=28.292, psnr_set5=32.340, psnr_urban100=26.129, ssim_b100=0.738, ssim_set14=0.861, ssim_set5=0.914, ssim_urban100=0.963 |
     4 | train=0.000842 | val=nan | lr=0.000376 | t_train=12.85 | t_val=12.17 | mem=383.9 | psnr_b100=27.618, psnr_set14=28.303, psnr_set5=32.347, psnr_urban100=26.134, ssim_b100=0.738, ssim_set14=0.861, ssim_set5=0.914, ssim_urban100=0.963 |
     5 | train=0.000831 | val=nan | lr=0.000452 | t_train=12.85 | t_val=12.19 | mem=383.9 | psnr_b100=27.617, psnr_set14=28.306, psnr_set5=32.333, psnr_urban100=26.125, ssim_b100=0.738, ssim_set14=0.861, ssim_set5=0.914, ssim_urban100=0.963 |
     6 | train=0.001011 | val=nan | lr=0.000528 | t_train=12.78 | t_val=12.12 | mem=383.9 | psnr_b100=27.613, psnr_set14=28.299, psnr_set5=32.348, psnr_urban100=26.120, ssim_b100=0.737, ssim_set14=0.861, ssim_set5=0.914, ssim_urban100=0.963 |
     7 | train=0.001244 | val=nan | lr=0.000604 | t_train=12.80 | t_val=12.15 | mem=383.9 | psnr_b100=27.609, psnr_set14=28.287, psnr_set5=32.338, psnr_urban100=26.118, ssim_b100=0.737, ssim_set14=0.861, ssim_set5=0.914, ssim_urban100=0.963 |
     8 | train=0.001014 | val=nan | lr=0.00068 | t_train=12.79 | t_val=12.13 | mem=383.9 | psnr_b100=27.614, psnr_set14=28.290, psnr_set5=32.341, psnr_urban100=26.131, ssim_b100=0.738, ssim_set14=0.861, ssim_set5=0.914, ssim_urban100=0.963 |
     9 | train=0.001257 | val=nan | lr=0.000756 | t_train=12.78 | t_val=12.12 | mem=383.9 | psnr_b100=27.613, psnr_set14=28.304, psnr_set5=32.339, psnr_urban100=26.129, ssim_b100=0.738, ssim_set14=0.861, ssim_set5=0.914, ssim_urban100=0.963 |
    10 | train=0.001264 | val=nan | lr=0.000832 | t_train=12.83 | t_val=12.18 | mem=383.9 | psnr_b100=27.606, psnr_set14=28.305, psnr_set5=32.319, psnr_urban100=26.107, ssim_b100=0.737, ssim_set14=0.861, ssim_set5=0.914, ssim_urban100=0.963 |
    11 | train=0.001676 | val=nan | lr=0.000908 | t_train=12.77 | t_val=12.12 | mem=383.9 | psnr_b100=27.607, psnr_set14=28.299, psnr_set5=32.363, psnr_urban100=26.101, ssim_b100=0.737, ssim_set14=0.861, ssim_set5=0.915, ssim_urban100=0.962 |
    12 | train=0.001826 | val=nan | lr=0.000984 | t_train=12.74 | t_val=12.08 | mem=383.9 | psnr_b100=27.606, psnr_set14=28.290, psnr_set5=32.343, psnr_urban100=26.100, ssim_b100=0.737, ssim_set14=0.861, ssim_set5=0.914, ssim_urban100=0.962 |
    13 | train=0.001965 | val=nan | lr=0.00106 | t_train=12.76 | t_val=12.11 | mem=383.9 | psnr_b100=27.594, psnr_set14=28.275, psnr_set5=32.331, psnr_urban100=26.099, ssim_b100=0.737, ssim_set14=0.861, ssim_set5=0.914, ssim_urban100=0.962 |
    14 | train=0.001520 | val=nan | lr=0.001136 | t_train=12.79 | t_val=12.13 | mem=383.9 | psnr_b100=27.597, psnr_set14=28.301, psnr_set5=32.343, psnr_urban100=26.074, ssim_b100=0.737, ssim_set14=0.861, ssim_set5=0.914, ssim_urban100=0.962 |
    15 | train=0.002196 | val=nan | lr=0.001212 | t_train=12.73 | t_val=12.08 | mem=383.9 | psnr_b100=27.596, psnr_set14=28.294, psnr_set5=32.338, psnr_urban100=26.091, ssim_b100=0.737, ssim_set14=0.861, ssim_set5=0.914, ssim_urban100=0.963 |
    16 | train=0.001771 | val=nan | lr=0.001288 | t_train=12.81 | t_val=12.15 | mem=383.9 | psnr_b100=27.590, psnr_set14=28.284, psnr_set5=32.309, psnr_urban100=26.079, ssim_b100=0.737, ssim_set14=0.861, ssim_set5=0.914, ssim_urban100=0.963 |
    17 | train=0.002045 | val=nan | lr=0.001364 | t_train=12.76 | t_val=12.11 | mem=383.9 | psnr_b100=27.581, psnr_set14=28.297, psnr_set5=32.301, psnr_urban100=26.042, ssim_b100=0.736, ssim_set14=0.860, ssim_set5=0.914, ssim_urban100=0.962 |
    18 | train=0.002421 | val=nan | lr=0.00144 | t_train=12.80 | t_val=12.14 | mem=383.9 | psnr_b100=27.558, psnr_set14=28.265, psnr_set5=32.252, psnr_urban100=25.987, ssim_b100=0.736, ssim_set14=0.860, ssim_set5=0.913, ssim_urban100=0.962 |
    19 | train=0.002328 | val=nan | lr=0.001516 | t_train=12.84 | t_val=12.18 | mem=383.9 | psnr_b100=27.570, psnr_set14=28.269, psnr_set5=32.305, psnr_urban100=26.018, ssim_b100=0.736, ssim_set14=0.860, ssim_set5=0.914, ssim_urban100=0.962 |
    20 | train=0.002561 | val=nan | lr=0.001592 | t_train=12.79 | t_val=12.14 | mem=383.9 | psnr_b100=27.557, psnr_set14=28.246, psnr_set5=32.262, psnr_urban100=26.000, ssim_b100=0.735, ssim_set14=0.860, ssim_set5=0.913, ssim_urban100=0.961 |
    21 | train=0.003681 | val=nan | lr=0.001668 | t_train=12.79 | t_val=12.14 | mem=383.9 | psnr_b100=27.565, psnr_set14=28.259, psnr_set5=32.246, psnr_urban100=25.998, ssim_b100=0.736, ssim_set14=0.860, ssim_set5=0.913, ssim_urban100=0.962 |
    22 | train=0.002702 | val=nan | lr=0.001744 | t_train=12.84 | t_val=12.18 | mem=383.9 | psnr_b100=27.564, psnr_set14=28.242, psnr_set5=32.244, psnr_urban100=25.982, ssim_b100=0.736, ssim_set14=0.860, ssim_set5=0.913, ssim_urban100=0.961 |
    23 | train=0.003715 | val=nan | lr=0.00182 | t_train=12.85 | t_val=12.07 | mem=383.9 | psnr_b100=27.528, psnr_set14=28.246, psnr_set5=32.266, psnr_urban100=25.966, ssim_b100=0.735, ssim_set14=0.860, ssim_set5=0.913, ssim_urban100=0.961 |
    24 | train=0.002827 | val=nan | lr=0.001896 | t_train=12.81 | t_val=12.15 | mem=383.9 | psnr_b100=27.528, psnr_set14=28.167, psnr_set5=32.181, psnr_urban100=25.944, ssim_b100=0.735, ssim_set14=0.859, ssim_set5=0.912, ssim_urban100=0.961 |
    25 | train=0.004670 | val=nan | lr=0.001972 | t_train=12.78 | t_val=12.12 | mem=383.9 | psnr_b100=27.423, psnr_set14=27.975, psnr_set5=31.943, psnr_urban100=25.602, ssim_b100=0.730, ssim_set14=0.855, ssim_set5=0.909, ssim_urban100=0.956 |
    26 | train=0.004259 | val=nan | lr=0.002 | t_train=12.78 | t_val=12.12 | mem=383.9 | psnr_b100=27.502, psnr_set14=28.184, psnr_set5=32.110, psnr_urban100=25.836, ssim_b100=0.734, ssim_set14=0.858, ssim_set5=0.911, ssim_urban100=0.959 |
    27 | train=0.004482 | val=nan | lr=0.002 | t_train=12.81 | t_val=12.16 | mem=383.9 | psnr_b100=27.498, psnr_set14=28.176, psnr_set5=32.127, psnr_urban100=25.847, ssim_b100=0.733, ssim_set14=0.858, ssim_set5=0.912, ssim_urban100=0.960 |
    28 | train=0.005494 | val=nan | lr=0.002 | t_train=12.75 | t_val=12.10 | mem=383.9 | psnr_b100=27.525, psnr_set14=28.223, psnr_set5=32.206, psnr_urban100=25.905, ssim_b100=0.734, ssim_set14=0.859, ssim_set5=0.912, ssim_urban100=0.960 |
    29 | train=0.006103 | val=nan | lr=0.002 | t_train=12.75 | t_val=12.10 | mem=383.9 | psnr_b100=27.539, psnr_set14=28.244, psnr_set5=32.200, psnr_urban100=25.964, ssim_b100=0.735, ssim_set14=0.860, ssim_set5=0.913, ssim_urban100=0.961 |
    30 | train=0.007827 | val=nan | lr=0.002 | t_train=12.80 | t_val=12.15 | mem=383.9 | psnr_b100=27.523, psnr_set14=28.218, psnr_set5=32.224, psnr_urban100=25.914, ssim_b100=0.735, ssim_set14=0.859, ssim_set5=0.913, ssim_urban100=0.961 |
    31 | train=0.007884 | val=nan | lr=0.002 | t_train=12.79 | t_val=12.13 | mem=383.9 | psnr_b100=27.541, psnr_set14=28.239, psnr_set5=32.244, psnr_urban100=25.955, ssim_b100=0.735, ssim_set14=0.859, ssim_set5=0.913, ssim_urban100=0.961 |
    32 | train=0.009049 | val=nan | lr=0.002 | t_train=12.91 | t_val=12.26 | mem=383.9 | psnr_b100=27.546, psnr_set14=28.219, psnr_set5=32.200, psnr_urban100=25.957, ssim_b100=0.735, ssim_set14=0.859, ssim_set5=0.912, ssim_urban100=0.961 |
    33 | train=0.009234 | val=nan | lr=0.002 | t_train=12.78 | t_val=12.13 | mem=383.9 | psnr_b100=27.510, psnr_set14=28.179, psnr_set5=32.184, psnr_urban100=25.908, ssim_b100=0.734, ssim_set14=0.859, ssim_set5=0.912, ssim_urban100=0.960 |
    34 | train=0.011174 | val=nan | lr=0.002 | t_train=12.90 | t_val=12.15 | mem=383.9 | psnr_b100=27.525, psnr_set14=28.214, psnr_set5=32.206, psnr_urban100=25.934, ssim_b100=0.735, ssim_set14=0.860, ssim_set5=0.913, ssim_urban100=0.961 |
    35 | train=0.012269 | val=nan | lr=0.002 | t_train=12.79 | t_val=12.14 | mem=383.9 | psnr_b100=27.519, psnr_set14=28.168, psnr_set5=32.166, psnr_urban100=25.897, ssim_b100=0.735, ssim_set14=0.859, ssim_set5=0.912, ssim_urban100=0.961 |
    36 | train=0.012472 | val=nan | lr=0.002 | t_train=12.79 | t_val=12.14 | mem=383.9 | psnr_b100=27.513, psnr_set14=28.183, psnr_set5=32.208, psnr_urban100=25.901, ssim_b100=0.734, ssim_set14=0.859, ssim_set5=0.913, ssim_urban100=0.961 |
    37 | train=0.014032 | val=nan | lr=0.002 | t_train=12.82 | t_val=12.15 | mem=383.9 | psnr_b100=27.505, psnr_set14=28.149, psnr_set5=32.167, psnr_urban100=25.876, ssim_b100=0.734, ssim_set14=0.859, ssim_set5=0.912, ssim_urban100=0.961 |
    38 | train=0.013930 | val=nan | lr=0.002 | t_train=12.75 | t_val=12.09 | mem=383.9 | psnr_b100=27.518, psnr_set14=28.184, psnr_set5=32.162, psnr_urban100=25.886, ssim_b100=0.735, ssim_set14=0.859, ssim_set5=0.912, ssim_urban100=0.961 |
    39 | train=0.015405 | val=nan | lr=0.002 | t_train=12.80 | t_val=12.14 | mem=383.9 | psnr_b100=27.514, psnr_set14=28.146, psnr_set5=32.204, psnr_urban100=25.890, ssim_b100=0.734, ssim_set14=0.859, ssim_set5=0.912, ssim_urban100=0.961 |
    40 | train=0.016301 | val=nan | lr=0.002 | t_train=12.80 | t_val=12.14 | mem=383.9 | psnr_b100=27.531, psnr_set14=28.174, psnr_set5=32.232, psnr_urban100=25.886, ssim_b100=0.735, ssim_set14=0.859, ssim_set5=0.913, ssim_urban100=0.961 |
    41 | train=0.017618 | val=nan | lr=0.002 | t_train=12.82 | t_val=12.16 | mem=383.9 | psnr_b100=27.521, psnr_set14=28.155, psnr_set5=32.199, psnr_urban100=25.883, ssim_b100=0.734, ssim_set14=0.859, ssim_set5=0.912, ssim_urban100=0.960 |
    42 | train=0.017645 | val=nan | lr=0.002 | t_train=12.79 | t_val=12.14 | mem=383.9 | psnr_b100=27.497, psnr_set14=28.162, psnr_set5=32.229, psnr_urban100=25.842, ssim_b100=0.734, ssim_set14=0.859, ssim_set5=0.913, ssim_urban100=0.960 |
    43 | train=0.018021 | val=nan | lr=0.002 | t_train=12.82 | t_val=12.15 | mem=383.9 | psnr_b100=27.516, psnr_set14=28.165, psnr_set5=32.221, psnr_urban100=25.846, ssim_b100=0.735, ssim_set14=0.859, ssim_set5=0.913, ssim_urban100=0.960 |
    44 | train=0.019121 | val=nan | lr=0.002 | t_train=12.86 | t_val=12.20 | mem=383.9 | psnr_b100=27.514, psnr_set14=28.166, psnr_set5=32.153, psnr_urban100=25.883, ssim_b100=0.734, ssim_set14=0.859, ssim_set5=0.912, ssim_urban100=0.960 |
    45 | train=0.020635 | val=nan | lr=0.002 | t_train=12.83 | t_val=12.17 | mem=383.9 | psnr_b100=27.483, psnr_set14=28.173, psnr_set5=32.171, psnr_urban100=25.831, ssim_b100=0.733, ssim_set14=0.858, ssim_set5=0.912, ssim_urban100=0.959 |
    46 | train=0.020343 | val=nan | lr=0.002 | t_train=12.75 | t_val=12.09 | mem=383.9 | psnr_b100=27.499, psnr_set14=28.119, psnr_set5=32.175, psnr_urban100=25.787, ssim_b100=0.733, ssim_set14=0.858, ssim_set5=0.912, ssim_urban100=0.959 |
    47 | train=0.020784 | val=nan | lr=0.002 | t_train=12.82 | t_val=12.18 | mem=383.9 | psnr_b100=27.480, psnr_set14=28.155, psnr_set5=32.187, psnr_urban100=25.798, ssim_b100=0.733, ssim_set14=0.858, ssim_set5=0.912, ssim_urban100=0.959 |
    48 | train=0.022287 | val=nan | lr=0.002 | t_train=12.81 | t_val=12.16 | mem=383.9 | psnr_b100=27.453, psnr_set14=28.152, psnr_set5=32.180, psnr_urban100=25.722, ssim_b100=0.732, ssim_set14=0.858, ssim_set5=0.912, ssim_urban100=0.958 |
    49 | train=0.022581 | val=nan | lr=0.002 | t_train=12.79 | t_val=12.13 | mem=383.9 | psnr_b100=27.453, psnr_set14=28.105, psnr_set5=32.192, psnr_urban100=25.727, ssim_b100=0.732, ssim_set14=0.857, ssim_set5=0.912, ssim_urban100=0.959 |
    50 | train=0.023925 | val=nan | lr=0.002 | t_train=12.72 | t_val=12.07 | mem=383.9 | psnr_b100=27.400, psnr_set14=28.081, psnr_set5=32.102, psnr_urban100=25.642, ssim_b100=0.731, ssim_set14=0.857, ssim_set5=0.911, ssim_urban100=0.958 |
    51 | train=0.024266 | val=nan | lr=0.002 | t_train=12.80 | t_val=12.14 | mem=383.9 | psnr_b100=27.420, psnr_set14=28.046, psnr_set5=32.056, psnr_urban100=25.666, ssim_b100=0.732, ssim_set14=0.857, ssim_set5=0.910, ssim_urban100=0.958 |
    52 | train=0.026333 | val=nan | lr=0.002 | t_train=12.88 | t_val=12.21 | mem=383.9 | psnr_b100=27.423, psnr_set14=28.045, psnr_set5=32.068, psnr_urban100=25.653, ssim_b100=0.732, ssim_set14=0.856, ssim_set5=0.910, ssim_urban100=0.958 |
    53 | train=0.025187 | val=nan | lr=0.002 | t_train=12.82 | t_val=12.16 | mem=383.9 | psnr_b100=27.417, psnr_set14=28.070, psnr_set5=32.129, psnr_urban100=25.638, ssim_b100=0.732, ssim_set14=0.857, ssim_set5=0.911, ssim_urban100=0.958 |
    54 | train=0.026017 | val=nan | lr=0.002 | t_train=12.85 | t_val=12.10 | mem=383.9 | psnr_b100=27.401, psnr_set14=28.045, psnr_set5=32.107, psnr_urban100=25.627, ssim_b100=0.731, ssim_set14=0.857, ssim_set5=0.911, ssim_urban100=0.957 |
    55 | train=0.026308 | val=nan | lr=0.002 | t_train=12.79 | t_val=12.12 | mem=383.9 | psnr_b100=27.408, psnr_set14=28.081, psnr_set5=32.193, psnr_urban100=25.648, ssim_b100=0.731, ssim_set14=0.857, ssim_set5=0.912, ssim_urban100=0.958 |
    56 | train=0.027135 | val=nan | lr=0.002 | t_train=12.83 | t_val=12.17 | mem=383.9 | psnr_b100=27.384, psnr_set14=28.009, psnr_set5=32.046, psnr_urban100=25.581, ssim_b100=0.730, ssim_set14=0.856, ssim_set5=0.910, ssim_urban100=0.957 |
    57 | train=0.027651 | val=nan | lr=0.002 | t_train=12.84 | t_val=12.17 | mem=383.9 | psnr_b100=27.388, psnr_set14=28.045, psnr_set5=32.080, psnr_urban100=25.581, ssim_b100=0.731, ssim_set14=0.856, ssim_set5=0.910, ssim_urban100=0.957 |
    58 | train=0.028676 | val=nan | lr=0.002 | t_train=12.83 | t_val=12.17 | mem=383.9 | psnr_b100=27.400, psnr_set14=28.045, psnr_set5=32.110, psnr_urban100=25.614, ssim_b100=0.730, ssim_set14=0.857, ssim_set5=0.910, ssim_urban100=0.958 |
    59 | train=0.028677 | val=nan | lr=0.002 | t_train=12.84 | t_val=12.19 | mem=383.9 | psnr_b100=27.364, psnr_set14=27.966, psnr_set5=31.965, psnr_urban100=25.553, ssim_b100=0.730, ssim_set14=0.856, ssim_set5=0.910, ssim_urban100=0.957 |
    60 | train=0.029072 | val=nan | lr=0.002 | t_train=12.78 | t_val=12.12 | mem=383.9 | psnr_b100=27.367, psnr_set14=28.044, psnr_set5=32.055, psnr_urban100=25.555, ssim_b100=0.730, ssim_set14=0.856, ssim_set5=0.910, ssim_urban100=0.957 |
    61 | train=0.028987 | val=nan | lr=0.002 | t_train=12.82 | t_val=12.15 | mem=383.9 | psnr_b100=27.358, psnr_set14=28.053, psnr_set5=32.026, psnr_urban100=25.578, ssim_b100=0.730, ssim_set14=0.857, ssim_set5=0.910, ssim_urban100=0.958 |
    62 | train=0.030223 | val=nan | lr=0.002 | t_train=12.83 | t_val=12.16 | mem=383.9 | psnr_b100=27.347, psnr_set14=28.020, psnr_set5=32.051, psnr_urban100=25.571, ssim_b100=0.729, ssim_set14=0.856, ssim_set5=0.910, ssim_urban100=0.957 |
    63 | train=0.029741 | val=nan | lr=0.002 | t_train=12.80 | t_val=12.15 | mem=383.9 | psnr_b100=27.303, psnr_set14=27.983, psnr_set5=31.925, psnr_urban100=25.474, ssim_b100=0.728, ssim_set14=0.855, ssim_set5=0.908, ssim_urban100=0.956 |
    64 | train=0.030143 | val=nan | lr=0.002 | t_train=12.81 | t_val=12.15 | mem=383.9 | psnr_b100=27.330, psnr_set14=27.978, psnr_set5=31.901, psnr_urban100=25.534, ssim_b100=0.728, ssim_set14=0.855, ssim_set5=0.907, ssim_urban100=0.956 |
    65 | train=0.030441 | val=nan | lr=0.002 | t_train=12.88 | t_val=12.14 | mem=383.9 | psnr_b100=27.331, psnr_set14=27.959, psnr_set5=31.926, psnr_urban100=25.454, ssim_b100=0.728, ssim_set14=0.855, ssim_set5=0.908, ssim_urban100=0.956 |
    66 | train=0.031142 | val=nan | lr=0.002 | t_train=12.80 | t_val=12.14 | mem=383.9 | psnr_b100=27.394, psnr_set14=28.046, psnr_set5=32.043, psnr_urban100=25.567, ssim_b100=0.730, ssim_set14=0.857, ssim_set5=0.910, ssim_urban100=0.957 |
    67 | train=0.031268 | val=nan | lr=0.002 | t_train=12.79 | t_val=12.13 | mem=383.9 | psnr_b100=27.393, psnr_set14=28.065, psnr_set5=32.042, psnr_urban100=25.569, ssim_b100=0.731, ssim_set14=0.857, ssim_set5=0.910, ssim_urban100=0.957 |
    68 | train=0.030984 | val=nan | lr=0.002 | t_train=12.81 | t_val=12.13 | mem=383.9 | psnr_b100=27.394, psnr_set14=28.050, psnr_set5=32.062, psnr_urban100=25.586, ssim_b100=0.731, ssim_set14=0.857, ssim_set5=0.910, ssim_urban100=0.958 |
    69 | train=0.030987 | val=nan | lr=0.002 | t_train=12.75 | t_val=12.09 | mem=383.9 | psnr_b100=27.400, psnr_set14=28.085, psnr_set5=32.053, psnr_urban100=25.590, ssim_b100=0.731, ssim_set14=0.857, ssim_set5=0.910, ssim_urban100=0.958 |
    70 | train=0.031474 | val=nan | lr=0.002 | t_train=12.77 | t_val=12.11 | mem=383.9 | psnr_b100=27.370, psnr_set14=28.016, psnr_set5=32.005, psnr_urban100=25.520, ssim_b100=0.730, ssim_set14=0.857, ssim_set5=0.910, ssim_urban100=0.957 |
    71 | train=0.030693 | val=nan | lr=0.002 | t_train=12.80 | t_val=12.14 | mem=383.9 | psnr_b100=27.400, psnr_set14=28.112, psnr_set5=32.098, psnr_urban100=25.586, ssim_b100=0.731, ssim_set14=0.858, ssim_set5=0.910, ssim_urban100=0.957 |
    72 | train=0.031256 | val=nan | lr=0.002 | t_train=12.81 | t_val=12.16 | mem=383.9 | psnr_b100=27.388, psnr_set14=28.084, psnr_set5=31.991, psnr_urban100=25.553, ssim_b100=0.731, ssim_set14=0.857, ssim_set5=0.909, ssim_urban100=0.957 |
    73 | train=0.031079 | val=nan | lr=0.002 | t_train=12.81 | t_val=12.15 | mem=383.9 | psnr_b100=27.392, psnr_set14=28.036, psnr_set5=32.009, psnr_urban100=25.563, ssim_b100=0.730, ssim_set14=0.856, ssim_set5=0.909, ssim_urban100=0.958 |
    74 | train=0.030065 | val=nan | lr=0.002 | t_train=12.80 | t_val=12.14 | mem=383.9 | psnr_b100=27.381, psnr_set14=28.041, psnr_set5=31.921, psnr_urban100=25.589, ssim_b100=0.730, ssim_set14=0.856, ssim_set5=0.908, ssim_urban100=0.958 |
    75 | train=0.030441 | val=nan | lr=0.002 | t_train=12.74 | t_val=12.09 | mem=383.9 | psnr_b100=27.430, psnr_set14=28.084, psnr_set5=32.002, psnr_urban100=25.633, ssim_b100=0.732, ssim_set14=0.857, ssim_set5=0.909, ssim_urban100=0.958 |
    76 | train=0.030582 | val=nan | lr=0.002 | t_train=12.73 | t_val=12.08 | mem=383.9 | psnr_b100=27.365, psnr_set14=28.007, psnr_set5=31.922, psnr_urban100=25.512, ssim_b100=0.730, ssim_set14=0.856, ssim_set5=0.908, ssim_urban100=0.957 |
    77 | train=0.029540 | val=nan | lr=0.002 | t_train=12.78 | t_val=12.13 | mem=383.9 | psnr_b100=27.396, psnr_set14=28.063, psnr_set5=31.935, psnr_urban100=25.566, ssim_b100=0.731, ssim_set14=0.856, ssim_set5=0.908, ssim_urban100=0.958 |
    78 | train=0.029351 | val=nan | lr=0.002 | t_train=12.77 | t_val=12.11 | mem=383.9 | psnr_b100=27.380, psnr_set14=28.053, psnr_set5=31.971, psnr_urban100=25.612, ssim_b100=0.729, ssim_set14=0.856, ssim_set5=0.909, ssim_urban100=0.958 |
    79 | train=0.029436 | val=nan | lr=0.002 | t_train=12.81 | t_val=12.15 | mem=383.9 | psnr_b100=27.326, psnr_set14=27.910, psnr_set5=31.825, psnr_urban100=25.383, ssim_b100=0.728, ssim_set14=0.854, ssim_set5=0.906, ssim_urban100=0.956 |
    80 | train=0.030021 | val=nan | lr=0.002 | t_train=12.83 | t_val=12.16 | mem=383.9 | psnr_b100=27.392, psnr_set14=28.040, psnr_set5=31.955, psnr_urban100=25.583, ssim_b100=0.730, ssim_set14=0.856, ssim_set5=0.909, ssim_urban100=0.958 |
    81 | train=0.029373 | val=nan | lr=0.002 | t_train=12.79 | t_val=12.13 | mem=383.9 | psnr_b100=27.351, psnr_set14=27.963, psnr_set5=31.847, psnr_urban100=25.491, ssim_b100=0.729, ssim_set14=0.855, ssim_set5=0.907, ssim_urban100=0.957 |
    82 | train=0.027895 | val=nan | lr=0.002 | t_train=12.78 | t_val=12.12 | mem=383.9 | psnr_b100=27.294, psnr_set14=27.879, psnr_set5=31.761, psnr_urban100=25.433, ssim_b100=0.728, ssim_set14=0.854, ssim_set5=0.906, ssim_urban100=0.956 |
    83 | train=0.027279 | val=nan | lr=0.002 | t_train=12.76 | t_val=12.10 | mem=383.9 | psnr_b100=27.398, psnr_set14=28.082, psnr_set5=31.904, psnr_urban100=25.539, ssim_b100=0.730, ssim_set14=0.857, ssim_set5=0.908, ssim_urban100=0.957 |
    84 | train=0.027489 | val=nan | lr=0.002 | t_train=12.79 | t_val=12.14 | mem=383.9 | psnr_b100=27.380, psnr_set14=28.010, psnr_set5=31.849, psnr_urban100=25.510, ssim_b100=0.730, ssim_set14=0.856, ssim_set5=0.908, ssim_urban100=0.957 |
    85 | train=0.026207 | val=nan | lr=0.002 | t_train=12.87 | t_val=12.14 | mem=383.9 | psnr_b100=27.292, psnr_set14=27.904, psnr_set5=31.696, psnr_urban100=25.353, ssim_b100=0.727, ssim_set14=0.854, ssim_set5=0.905, ssim_urban100=0.955 |
    86 | train=0.025700 | val=nan | lr=0.002 | t_train=12.76 | t_val=12.10 | mem=383.9 | psnr_b100=27.237, psnr_set14=27.846, psnr_set5=31.554, psnr_urban100=25.220, ssim_b100=0.726, ssim_set14=0.852, ssim_set5=0.902, ssim_urban100=0.953 |
    87 | train=0.024826 | val=nan | lr=0.002 | t_train=12.80 | t_val=12.13 | mem=383.9 | psnr_b100=27.222, psnr_set14=27.789, psnr_set5=31.578, psnr_urban100=25.214, ssim_b100=0.725, ssim_set14=0.852, ssim_set5=0.903, ssim_urban100=0.954 |
    88 | train=0.025832 | val=nan | lr=0.002 | t_train=13.45 | t_val=12.80 | mem=383.9 | psnr_b100=27.324, psnr_set14=27.921, psnr_set5=31.749, psnr_urban100=25.396, ssim_b100=0.729, ssim_set14=0.854, ssim_set5=0.906, ssim_urban100=0.956 |
    89 | train=0.023700 | val=nan | lr=0.002 | t_train=12.82 | t_val=12.16 | mem=383.9 | psnr_b100=27.120, psnr_set14=27.637, psnr_set5=31.252, psnr_urban100=25.056, ssim_b100=0.723, ssim_set14=0.850, ssim_set5=0.898, ssim_urban100=0.951 |
    90 | train=0.024444 | val=nan | lr=0.002 | t_train=12.79 | t_val=12.14 | mem=383.9 | psnr_b100=27.166, psnr_set14=27.678, psnr_set5=31.302, psnr_urban100=25.090, ssim_b100=0.723, ssim_set14=0.851, ssim_set5=0.898, ssim_urban100=0.951 |
    91 | train=0.022710 | val=nan | lr=0.002 | t_train=12.76 | t_val=12.10 | mem=383.9 | psnr_b100=27.223, psnr_set14=27.778, psnr_set5=31.563, psnr_urban100=25.211, ssim_b100=0.726, ssim_set14=0.853, ssim_set5=0.904, ssim_urban100=0.953 |
    92 | train=0.022942 | val=nan | lr=0.002 | t_train=12.81 | t_val=12.14 | mem=383.9 | psnr_b100=27.189, psnr_set14=27.727, psnr_set5=31.528, psnr_urban100=25.113, ssim_b100=0.725, ssim_set14=0.852, ssim_set5=0.902, ssim_urban100=0.952 |
    93 | train=0.021134 | val=nan | lr=0.002 | t_train=12.81 | t_val=12.16 | mem=383.9 | psnr_b100=27.224, psnr_set14=27.832, psnr_set5=31.640, psnr_urban100=25.249, ssim_b100=0.725, ssim_set14=0.853, ssim_set5=0.904, ssim_urban100=0.954 |
    94 | train=0.020547 | val=nan | lr=0.002 | t_train=12.80 | t_val=12.13 | mem=383.9 | psnr_b100=27.245, psnr_set14=27.836, psnr_set5=31.644, psnr_urban100=25.280, ssim_b100=0.726, ssim_set14=0.853, ssim_set5=0.904, ssim_urban100=0.954 |
    95 | train=0.019637 | val=nan | lr=0.002 | t_train=12.79 | t_val=12.12 | mem=383.9 | psnr_b100=27.130, psnr_set14=27.611, psnr_set5=31.438, psnr_urban100=24.988, ssim_b100=0.723, ssim_set14=0.850, ssim_set5=0.901, ssim_urban100=0.951 |
    96 | train=0.019304 | val=nan | lr=0.002 | t_train=12.67 | t_val=12.01 | mem=383.9 | psnr_b100=27.119, psnr_set14=27.694, psnr_set5=31.364, psnr_urban100=24.981, ssim_b100=0.723, ssim_set14=0.851, ssim_set5=0.900, ssim_urban100=0.950 |
    97 | train=0.018362 | val=nan | lr=0.002 | t_train=12.85 | t_val=12.10 | mem=383.9 | psnr_b100=27.023, psnr_set14=27.512, psnr_set5=31.265, psnr_urban100=24.841, ssim_b100=0.720, ssim_set14=0.848, ssim_set5=0.899, ssim_urban100=0.948 |
    98 | train=0.018416 | val=nan | lr=0.002 | t_train=12.74 | t_val=12.08 | mem=383.9 | psnr_b100=27.028, psnr_set14=27.451, psnr_set5=31.140, psnr_urban100=24.821, ssim_b100=0.720, ssim_set14=0.848, ssim_set5=0.895, ssim_urban100=0.949 |
    99 | train=0.017299 | val=nan | lr=0.002 | t_train=12.94 | t_val=12.29 | mem=383.9 | psnr_b100=27.100, psnr_set14=27.606, psnr_set5=31.325, psnr_urban100=24.934, ssim_b100=0.722, ssim_set14=0.849, ssim_set5=0.899, ssim_urban100=0.950 |
   100 | train=0.015631 | val=nan | lr=0.002 | t_train=12.84 | t_val=12.19 | mem=383.9 | psnr_b100=27.037, psnr_set14=27.501, psnr_set5=31.128, psnr_urban100=24.873, ssim_b100=0.720, ssim_set14=0.848, ssim_set5=0.895, ssim_urban100=0.949 |
   101 | train=0.016514 | val=nan | lr=0.002 | t_train=12.81 | t_val=12.13 | mem=383.9 | psnr_b100=26.924, psnr_set14=27.384, psnr_set5=30.952, psnr_urban100=24.647, ssim_b100=0.716, ssim_set14=0.845, ssim_set5=0.893, ssim_urban100=0.945 |
   102 | train=0.013598 | val=nan | lr=0.002 | t_train=12.81 | t_val=12.15 | mem=383.9 | psnr_b100=27.155, psnr_set14=27.666, psnr_set5=31.412, psnr_urban100=24.981, ssim_b100=0.723, ssim_set14=0.851, ssim_set5=0.900, ssim_urban100=0.951 |
   103 | train=0.014349 | val=nan | lr=0.002 | t_train=12.78 | t_val=12.13 | mem=383.9 | psnr_b100=26.948, psnr_set14=27.365, psnr_set5=30.980, psnr_urban100=24.695, ssim_b100=0.717, ssim_set14=0.844, ssim_set5=0.894, ssim_urban100=0.946 |
   104 | train=0.013457 | val=nan | lr=0.002 | t_train=12.95 | t_val=12.28 | mem=383.9 | psnr_b100=26.972, psnr_set14=27.409, psnr_set5=31.103, psnr_urban100=24.726, ssim_b100=0.718, ssim_set14=0.846, ssim_set5=0.896, ssim_urban100=0.946 |
   105 | train=0.015262 | val=nan | lr=0.002 | t_train=12.82 | t_val=12.15 | mem=383.9 | psnr_b100=27.076, psnr_set14=27.621, psnr_set5=31.267, psnr_urban100=24.913, ssim_b100=0.721, ssim_set14=0.849, ssim_set5=0.899, ssim_urban100=0.948 |
   106 | train=0.012634 | val=nan | lr=0.002 | t_train=12.76 | t_val=12.10 | mem=383.9 | psnr_b100=26.928, psnr_set14=27.403, psnr_set5=30.985, psnr_urban100=24.700, ssim_b100=0.716, ssim_set14=0.846, ssim_set5=0.894, ssim_urban100=0.946 |
   107 | train=0.010472 | val=nan | lr=0.002 | t_train=12.75 | t_val=12.08 | mem=383.9 | psnr_b100=27.020, psnr_set14=27.559, psnr_set5=31.193, psnr_urban100=24.845, ssim_b100=0.720, ssim_set14=0.848, ssim_set5=0.897, ssim_urban100=0.948 |
   108 | train=0.009617 | val=nan | lr=0.002 | t_train=12.78 | t_val=12.11 | mem=383.9 | psnr_b100=26.987, psnr_set14=27.455, psnr_set5=31.065, psnr_urban100=24.724, ssim_b100=0.718, ssim_set14=0.846, ssim_set5=0.895, ssim_urban100=0.947 |
   109 | train=0.009953 | val=nan | lr=0.002 | t_train=12.85 | t_val=12.19 | mem=383.9 | psnr_b100=26.927, psnr_set14=27.342, psnr_set5=31.003, psnr_urban100=24.619, ssim_b100=0.717, ssim_set14=0.844, ssim_set5=0.894, ssim_urban100=0.945 |
   110 | train=0.012310 | val=nan | lr=0.002 | t_train=12.87 | t_val=12.22 | mem=383.9 | psnr_b100=26.774, psnr_set14=27.110, psnr_set5=30.751, psnr_urban100=24.351, ssim_b100=0.713, ssim_set14=0.840, ssim_set5=0.889, ssim_urban100=0.942 |
   111 | train=0.009796 | val=nan | lr=0.002 | t_train=12.78 | t_val=12.12 | mem=383.9 | psnr_b100=27.008, psnr_set14=27.474, psnr_set5=31.195, psnr_urban100=24.741, ssim_b100=0.718, ssim_set14=0.846, ssim_set5=0.896, ssim_urban100=0.947 |
   112 | train=0.010525 | val=nan | lr=0.002 | t_train=12.79 | t_val=12.13 | mem=383.9 | psnr_b100=26.912, psnr_set14=27.391, psnr_set5=30.984, psnr_urban100=24.648, ssim_b100=0.716, ssim_set14=0.844, ssim_set5=0.892, ssim_urban100=0.945 |
   113 | train=0.010408 | val=nan | lr=0.002 | t_train=12.80 | t_val=12.14 | mem=383.9 | psnr_b100=26.932, psnr_set14=27.393, psnr_set5=31.070, psnr_urban100=24.605, ssim_b100=0.717, ssim_set14=0.845, ssim_set5=0.893, ssim_urban100=0.945 |
   114 | train=0.008008 | val=nan | lr=0.002 | t_train=13.14 | t_val=12.47 | mem=383.9 | psnr_b100=27.035, psnr_set14=27.563, psnr_set5=31.294, psnr_urban100=24.797, ssim_b100=0.719, ssim_set14=0.847, ssim_set5=0.898, ssim_urban100=0.948 |
   115 | train=0.008188 | val=nan | lr=0.002 | t_train=12.79 | t_val=12.12 | mem=383.9 | psnr_b100=26.848, psnr_set14=27.286, psnr_set5=30.869, psnr_urban100=24.533, ssim_b100=0.714, ssim_set14=0.843, ssim_set5=0.889, ssim_urban100=0.944 |
   116 | train=0.007592 | val=nan | lr=0.002 | t_train=12.82 | t_val=12.16 | mem=383.9 | psnr_b100=26.887, psnr_set14=27.289, psnr_set5=30.973, psnr_urban100=24.567, ssim_b100=0.715, ssim_set14=0.843, ssim_set5=0.892, ssim_urban100=0.944 |
   117 | train=0.008462 | val=nan | lr=0.002 | t_train=12.95 | t_val=12.22 | mem=383.9 | psnr_b100=26.937, psnr_set14=27.459, psnr_set5=31.151, psnr_urban100=24.707, ssim_b100=0.717, ssim_set14=0.846, ssim_set5=0.898, ssim_urban100=0.946 |
   118 | train=0.009374 | val=nan | lr=0.002 | t_train=12.78 | t_val=12.12 | mem=383.9 | psnr_b100=26.904, psnr_set14=27.348, psnr_set5=31.094, psnr_urban100=24.668, ssim_b100=0.716, ssim_set14=0.844, ssim_set5=0.894, ssim_urban100=0.946 |
   119 | train=0.009490 | val=nan | lr=0.002 | t_train=12.82 | t_val=12.16 | mem=383.9 | psnr_b100=26.943, psnr_set14=27.426, psnr_set5=31.090, psnr_urban100=24.730, ssim_b100=0.716, ssim_set14=0.844, ssim_set5=0.895, ssim_urban100=0.947 |
   120 | train=0.010407 | val=nan | lr=0.002 | t_train=12.89 | t_val=12.23 | mem=383.9 | psnr_b100=26.887, psnr_set14=27.279, psnr_set5=30.957, psnr_urban100=24.449, ssim_b100=0.715, ssim_set14=0.842, ssim_set5=0.890, ssim_urban100=0.943 |
   121 | train=0.009195 | val=nan | lr=0.002 | t_train=12.80 | t_val=12.15 | mem=383.9 | psnr_b100=27.008, psnr_set14=27.426, psnr_set5=31.136, psnr_urban100=24.649, ssim_b100=0.719, ssim_set14=0.845, ssim_set5=0.895, ssim_urban100=0.945 |
   122 | train=0.007047 | val=nan | lr=0.002 | t_train=12.85 | t_val=12.18 | mem=383.9 | psnr_b100=26.861, psnr_set14=27.264, psnr_set5=30.953, psnr_urban100=24.497, ssim_b100=0.714, ssim_set14=0.841, ssim_set5=0.892, ssim_urban100=0.943 |
   123 | train=0.007096 | val=nan | lr=0.002 | t_train=12.80 | t_val=12.14 | mem=383.9 | psnr_b100=27.035, psnr_set14=27.571, psnr_set5=31.344, psnr_urban100=24.812, ssim_b100=0.720, ssim_set14=0.847, ssim_set5=0.899, ssim_urban100=0.948 |
   124 | train=0.007888 | val=nan | lr=0.002 | t_train=12.84 | t_val=12.17 | mem=383.9 | psnr_b100=27.008, psnr_set14=27.463, psnr_set5=31.261, psnr_urban100=24.721, ssim_b100=0.719, ssim_set14=0.846, ssim_set5=0.896, ssim_urban100=0.947 |
   125 | train=0.007324 | val=nan | lr=0.002 | t_train=12.83 | t_val=12.18 | mem=383.9 | psnr_b100=26.952, psnr_set14=27.433, psnr_set5=31.133, psnr_urban100=24.655, ssim_b100=0.717, ssim_set14=0.845, ssim_set5=0.895, ssim_urban100=0.946 |
   126 | train=0.007955 | val=nan | lr=0.002 | t_train=12.85 | t_val=12.17 | mem=383.9 | psnr_b100=26.802, psnr_set14=27.195, psnr_set5=30.850, psnr_urban100=24.440, ssim_b100=0.713, ssim_set14=0.841, ssim_set5=0.888, ssim_urban100=0.943 |
   127 | train=0.008086 | val=nan | lr=0.002 | t_train=12.76 | t_val=12.09 | mem=383.9 | psnr_b100=26.924, psnr_set14=27.354, psnr_set5=31.102, psnr_urban100=24.555, ssim_b100=0.716, ssim_set14=0.843, ssim_set5=0.893, ssim_urban100=0.945 |
   128 | train=0.006946 | val=nan | lr=0.002 | t_train=12.91 | t_val=12.17 | mem=383.9 | psnr_b100=27.029, psnr_set14=27.466, psnr_set5=31.215, psnr_urban100=24.752, ssim_b100=0.719, ssim_set14=0.846, ssim_set5=0.896, ssim_urban100=0.947 |
   129 | train=0.007608 | val=nan | lr=0.002 | t_train=12.78 | t_val=12.13 | mem=383.9 | psnr_b100=26.926, psnr_set14=27.378, psnr_set5=31.081, psnr_urban100=24.631, ssim_b100=0.716, ssim_set14=0.844, ssim_set5=0.893, ssim_urban100=0.946 |
   130 | train=0.007093 | val=nan | lr=0.002 | t_train=12.81 | t_val=12.15 | mem=383.9 | psnr_b100=26.983, psnr_set14=27.416, psnr_set5=31.184, psnr_urban100=24.662, ssim_b100=0.718, ssim_set14=0.845, ssim_set5=0.895, ssim_urban100=0.946 |
   131 | train=0.008817 | val=nan | lr=0.002 | t_train=12.82 | t_val=12.16 | mem=383.9 | psnr_b100=26.957, psnr_set14=27.370, psnr_set5=31.146, psnr_urban100=24.637, ssim_b100=0.717, ssim_set14=0.844, ssim_set5=0.894, ssim_urban100=0.946 |
   132 | train=0.006495 | val=nan | lr=0.002 | t_train=12.77 | t_val=12.12 | mem=383.9 | psnr_b100=27.044, psnr_set14=27.538, psnr_set5=31.324, psnr_urban100=24.808, ssim_b100=0.720, ssim_set14=0.847, ssim_set5=0.897, ssim_urban100=0.948 |
   133 | train=0.006787 | val=nan | lr=0.002 | t_train=12.75 | t_val=12.10 | mem=383.9 | psnr_b100=27.028, psnr_set14=27.473, psnr_set5=31.317, psnr_urban100=24.760, ssim_b100=0.720, ssim_set14=0.847, ssim_set5=0.899, ssim_urban100=0.948 |
   134 | train=0.006736 | val=nan | lr=0.002 | t_train=12.80 | t_val=12.12 | mem=383.9 | psnr_b100=26.847, psnr_set14=27.220, psnr_set5=30.921, psnr_urban100=24.479, ssim_b100=0.715, ssim_set14=0.843, ssim_set5=0.892, ssim_urban100=0.944 |
   135 | train=0.007676 | val=nan | lr=0.002 | t_train=12.88 | t_val=12.22 | mem=383.9 | psnr_b100=26.922, psnr_set14=27.307, psnr_set5=31.081, psnr_urban100=24.569, ssim_b100=0.716, ssim_set14=0.844, ssim_set5=0.892, ssim_urban100=0.945 |
   136 | train=0.008272 | val=nan | lr=0.002 | t_train=12.84 | t_val=12.19 | mem=383.9 | psnr_b100=26.978, psnr_set14=27.459, psnr_set5=31.183, psnr_urban100=24.726, ssim_b100=0.717, ssim_set14=0.846, ssim_set5=0.894, ssim_urban100=0.947 |
   137 | train=0.006744 | val=nan | lr=0.002 | t_train=12.83 | t_val=12.17 | mem=383.9 | psnr_b100=26.913, psnr_set14=27.297, psnr_set5=30.983, psnr_urban100=24.533, ssim_b100=0.715, ssim_set14=0.843, ssim_set5=0.890, ssim_urban100=0.944 |
   138 | train=0.007083 | val=nan | lr=0.002 | t_train=12.82 | t_val=12.16 | mem=383.9 | psnr_b100=26.926, psnr_set14=27.403, psnr_set5=31.167, psnr_urban100=24.633, ssim_b100=0.716, ssim_set14=0.845, ssim_set5=0.894, ssim_urban100=0.946 |
   139 | train=0.008568 | val=nan | lr=0.002 | t_train=12.85 | t_val=12.18 | mem=383.9 | psnr_b100=27.029, psnr_set14=27.524, psnr_set5=31.321, psnr_urban100=24.777, ssim_b100=0.720, ssim_set14=0.847, ssim_set5=0.898, ssim_urban100=0.948 |
   140 | train=0.008414 | val=nan | lr=0.002 | t_train=12.78 | t_val=12.12 | mem=383.9 | psnr_b100=26.934, psnr_set14=27.426, psnr_set5=31.157, psnr_urban100=24.613, ssim_b100=0.716, ssim_set14=0.845, ssim_set5=0.895, ssim_urban100=0.946 |
   141 | train=0.009711 | val=nan | lr=0.002 | t_train=12.83 | t_val=12.16 | mem=383.9 | psnr_b100=26.905, psnr_set14=27.309, psnr_set5=31.010, psnr_urban100=24.584, ssim_b100=0.717, ssim_set14=0.845, ssim_set5=0.891, ssim_urban100=0.946 |
   142 | train=0.008386 | val=nan | lr=0.002 | t_train=12.79 | t_val=12.14 | mem=383.9 | psnr_b100=26.902, psnr_set14=27.352, psnr_set5=31.122, psnr_urban100=24.565, ssim_b100=0.715, ssim_set14=0.844, ssim_set5=0.893, ssim_urban100=0.945 |
   143 | train=0.007500 | val=nan | lr=0.002 | t_train=12.76 | t_val=12.11 | mem=383.9 | psnr_b100=26.958, psnr_set14=27.350, psnr_set5=31.139, psnr_urban100=24.673, ssim_b100=0.717, ssim_set14=0.844, ssim_set5=0.894, ssim_urban100=0.946 |
   144 | train=0.008276 | val=nan | lr=0.002 | t_train=12.78 | t_val=12.12 | mem=383.9 | psnr_b100=26.972, psnr_set14=27.402, psnr_set5=31.136, psnr_urban100=24.745, ssim_b100=0.719, ssim_set14=0.847, ssim_set5=0.897, ssim_urban100=0.948 |
   145 | train=0.008284 | val=nan | lr=0.002 | t_train=12.75 | t_val=12.10 | mem=383.9 | psnr_b100=26.952, psnr_set14=27.455, psnr_set5=31.063, psnr_urban100=24.705, ssim_b100=0.716, ssim_set14=0.845, ssim_set5=0.891, ssim_urban100=0.947 |
   146 | train=0.007727 | val=nan | lr=0.002 | t_train=12.83 | t_val=12.17 | mem=383.9 | psnr_b100=26.927, psnr_set14=27.366, psnr_set5=31.020, psnr_urban100=24.611, ssim_b100=0.716, ssim_set14=0.843, ssim_set5=0.891, ssim_urban100=0.946 |
   147 | train=0.007512 | val=nan | lr=0.002 | t_train=12.81 | t_val=12.16 | mem=383.9 | psnr_b100=26.982, psnr_set14=27.415, psnr_set5=31.075, psnr_urban100=24.740, ssim_b100=0.718, ssim_set14=0.846, ssim_set5=0.894, ssim_urban100=0.948 |
   148 | train=0.007013 | val=nan | lr=0.002 | t_train=12.91 | t_val=12.25 | mem=383.9 | psnr_b100=26.986, psnr_set14=27.455, psnr_set5=31.207, psnr_urban100=24.701, ssim_b100=0.718, ssim_set14=0.845, ssim_set5=0.895, ssim_urban100=0.947 |
   149 | train=0.008411 | val=nan | lr=0.002 | t_train=12.94 | t_val=12.18 | mem=383.9 | psnr_b100=26.933, psnr_set14=27.351, psnr_set5=31.083, psnr_urban100=24.589, ssim_b100=0.716, ssim_set14=0.844, ssim_set5=0.892, ssim_urban100=0.945 |
   150 | train=0.007744 | val=nan | lr=0.002 | t_train=12.78 | t_val=12.13 | mem=383.9 | psnr_b100=27.002, psnr_set14=27.467, psnr_set5=31.187, psnr_urban100=24.719, ssim_b100=0.718, ssim_set14=0.845, ssim_set5=0.894, ssim_urban100=0.948 |
   151 | train=0.009255 | val=nan | lr=0.002 | t_train=12.82 | t_val=12.16 | mem=383.9 | psnr_b100=27.039, psnr_set14=27.538, psnr_set5=31.279, psnr_urban100=24.782, ssim_b100=0.719, ssim_set14=0.848, ssim_set5=0.897, ssim_urban100=0.948 |
   152 | train=0.009396 | val=nan | lr=0.002 | t_train=12.82 | t_val=12.17 | mem=383.9 | psnr_b100=26.929, psnr_set14=27.317, psnr_set5=31.110, psnr_urban100=24.508, ssim_b100=0.716, ssim_set14=0.843, ssim_set5=0.892, ssim_urban100=0.944 |
   153 | train=0.007046 | val=nan | lr=0.002 | t_train=12.78 | t_val=12.12 | mem=383.9 | psnr_b100=26.907, psnr_set14=27.305, psnr_set5=31.123, psnr_urban100=24.548, ssim_b100=0.716, ssim_set14=0.844, ssim_set5=0.894, ssim_urban100=0.945 |
   154 | train=0.009331 | val=nan | lr=0.002 | t_train=12.78 | t_val=12.13 | mem=383.9 | psnr_b100=26.901, psnr_set14=27.282, psnr_set5=31.084, psnr_urban100=24.499, ssim_b100=0.717, ssim_set14=0.844, ssim_set5=0.894, ssim_urban100=0.945 |
   155 | train=0.009223 | val=nan | lr=0.002 | t_train=12.79 | t_val=12.12 | mem=383.9 | psnr_b100=26.944, psnr_set14=27.352, psnr_set5=31.138, psnr_urban100=24.541, ssim_b100=0.717, ssim_set14=0.844, ssim_set5=0.894, ssim_urban100=0.945 |
   156 | train=0.006602 | val=nan | lr=0.002 | t_train=12.78 | t_val=12.13 | mem=383.9 | psnr_b100=26.949, psnr_set14=27.354, psnr_set5=31.141, psnr_urban100=24.550, ssim_b100=0.717, ssim_set14=0.844, ssim_set5=0.895, ssim_urban100=0.945 |
   157 | train=0.007955 | val=nan | lr=0.002 | t_train=12.77 | t_val=12.11 | mem=383.9 | psnr_b100=26.956, psnr_set14=27.378, psnr_set5=31.154, psnr_urban100=24.594, ssim_b100=0.716, ssim_set14=0.844, ssim_set5=0.894, ssim_urban100=0.945 |
   158 | train=0.008393 | val=nan | lr=0.002 | t_train=12.82 | t_val=12.16 | mem=383.9 | psnr_b100=26.991, psnr_set14=27.418, psnr_set5=31.202, psnr_urban100=24.637, ssim_b100=0.718, ssim_set14=0.845, ssim_set5=0.894, ssim_urban100=0.946 |
   159 | train=0.008081 | val=nan | lr=0.002 | t_train=12.81 | t_val=12.15 | mem=383.9 | psnr_b100=26.976, psnr_set14=27.415, psnr_set5=31.159, psnr_urban100=24.625, ssim_b100=0.717, ssim_set14=0.845, ssim_set5=0.894, ssim_urban100=0.946 |
   160 | train=0.008741 | val=nan | lr=0.002 | t_train=12.85 | t_val=12.12 | mem=383.9 | psnr_b100=26.979, psnr_set14=27.435, psnr_set5=31.147, psnr_urban100=24.675, ssim_b100=0.717, ssim_set14=0.845, ssim_set5=0.893, ssim_urban100=0.947 |
   161 | train=0.008017 | val=nan | lr=0.002 | t_train=12.83 | t_val=12.17 | mem=383.9 | psnr_b100=26.929, psnr_set14=27.333, psnr_set5=31.051, psnr_urban100=24.580, ssim_b100=0.716, ssim_set14=0.844, ssim_set5=0.890, ssim_urban100=0.946 |
   162 | train=0.006977 | val=nan | lr=0.002 | t_train=12.77 | t_val=12.12 | mem=383.9 | psnr_b100=26.915, psnr_set14=27.289, psnr_set5=31.020, psnr_urban100=24.555, ssim_b100=0.716, ssim_set14=0.843, ssim_set5=0.890, ssim_urban100=0.945 |
   163 | train=0.008709 | val=nan | lr=0.002 | t_train=12.92 | t_val=12.27 | mem=383.9 | psnr_b100=26.877, psnr_set14=27.195, psnr_set5=30.901, psnr_urban100=24.434, ssim_b100=0.714, ssim_set14=0.841, ssim_set5=0.887, ssim_urban100=0.943 |
   164 | train=0.008089 | val=nan | lr=0.002 | t_train=12.77 | t_val=12.12 | mem=383.9 | psnr_b100=26.916, psnr_set14=27.294, psnr_set5=30.956, psnr_urban100=24.524, ssim_b100=0.716, ssim_set14=0.843, ssim_set5=0.889, ssim_urban100=0.945 |
   165 | train=0.008314 | val=nan | lr=0.002 | t_train=12.80 | t_val=12.15 | mem=383.9 | psnr_b100=26.968, psnr_set14=27.362, psnr_set5=31.090, psnr_urban100=24.605, ssim_b100=0.717, ssim_set14=0.844, ssim_set5=0.893, ssim_urban100=0.946 |
   166 | train=0.006794 | val=nan | lr=0.002 | t_train=12.81 | t_val=12.15 | mem=383.9 | psnr_b100=26.986, psnr_set14=27.411, psnr_set5=31.131, psnr_urban100=24.650, ssim_b100=0.717, ssim_set14=0.844, ssim_set5=0.892, ssim_urban100=0.946 |
   167 | train=0.007495 | val=nan | lr=0.002 | t_train=13.05 | t_val=12.36 | mem=383.9 | psnr_b100=26.966, psnr_set14=27.446, psnr_set5=31.189, psnr_urban100=24.601, ssim_b100=0.717, ssim_set14=0.845, ssim_set5=0.894, ssim_urban100=0.946 |
   168 | train=0.008735 | val=nan | lr=0.002 | t_train=12.90 | t_val=12.24 | mem=383.9 | psnr_b100=26.934, psnr_set14=27.293, psnr_set5=31.078, psnr_urban100=24.596, ssim_b100=0.716, ssim_set14=0.844, ssim_set5=0.892, ssim_urban100=0.946 |
   169 | train=0.008580 | val=nan | lr=0.002 | t_train=12.84 | t_val=12.18 | mem=383.9 | psnr_b100=26.944, psnr_set14=27.371, psnr_set5=31.145, psnr_urban100=24.604, ssim_b100=0.717, ssim_set14=0.844, ssim_set5=0.894, ssim_urban100=0.946 |
   170 | train=0.008058 | val=nan | lr=0.002 | t_train=12.93 | t_val=12.27 | mem=383.9 | psnr_b100=27.039, psnr_set14=27.496, psnr_set5=31.253, psnr_urban100=24.741, ssim_b100=0.720, ssim_set14=0.847, ssim_set5=0.895, ssim_urban100=0.948 |
   171 | train=0.007498 | val=nan | lr=0.002 | t_train=12.92 | t_val=12.26 | mem=383.9 | psnr_b100=26.943, psnr_set14=27.347, psnr_set5=31.086, psnr_urban100=24.589, ssim_b100=0.716, ssim_set14=0.844, ssim_set5=0.891, ssim_urban100=0.946 |
   172 | train=0.008236 | val=nan | lr=0.002 | t_train=12.83 | t_val=12.17 | mem=383.9 | psnr_b100=26.953, psnr_set14=27.353, psnr_set5=31.059, psnr_urban100=24.611, ssim_b100=0.716, ssim_set14=0.844, ssim_set5=0.892, ssim_urban100=0.946 |
   173 | train=0.006965 | val=nan | lr=0.002 | t_train=12.81 | t_val=12.16 | mem=383.9 | psnr_b100=27.050, psnr_set14=27.535, psnr_set5=31.298, psnr_urban100=24.778, ssim_b100=0.720, ssim_set14=0.848, ssim_set5=0.897, ssim_urban100=0.948 |
   174 | train=0.007106 | val=nan | lr=0.002 | t_train=12.85 | t_val=12.20 | mem=383.9 | psnr_b100=26.964, psnr_set14=27.376, psnr_set5=31.134, psnr_urban100=24.636, ssim_b100=0.717, ssim_set14=0.844, ssim_set5=0.893, ssim_urban100=0.946 |
   175 | train=0.007138 | val=nan | lr=0.002 | t_train=12.94 | t_val=12.28 | mem=383.9 | psnr_b100=26.884, psnr_set14=27.274, psnr_set5=30.948, psnr_urban100=24.564, ssim_b100=0.714, ssim_set14=0.842, ssim_set5=0.889, ssim_urban100=0.945 |
   176 | train=0.006750 | val=nan | lr=0.002 | t_train=12.78 | t_val=12.11 | mem=383.9 | psnr_b100=27.029, psnr_set14=27.479, psnr_set5=31.281, psnr_urban100=24.751, ssim_b100=0.719, ssim_set14=0.847, ssim_set5=0.896, ssim_urban100=0.948 |
   177 | train=0.006086 | val=nan | lr=0.002 | t_train=12.90 | t_val=12.24 | mem=383.9 | psnr_b100=26.904, psnr_set14=27.235, psnr_set5=30.947, psnr_urban100=24.532, ssim_b100=0.715, ssim_set14=0.842, ssim_set5=0.889, ssim_urban100=0.945 |
   178 | train=0.008132 | val=nan | lr=0.002 | t_train=12.90 | t_val=12.24 | mem=383.9 | psnr_b100=26.988, psnr_set14=27.398, psnr_set5=31.175, psnr_urban100=24.670, ssim_b100=0.717, ssim_set14=0.845, ssim_set5=0.894, ssim_urban100=0.946 |
   179 | train=0.007554 | val=nan | lr=0.002 | t_train=12.90 | t_val=12.24 | mem=383.9 | psnr_b100=26.908, psnr_set14=27.286, psnr_set5=31.025, psnr_urban100=24.560, ssim_b100=0.715, ssim_set14=0.843, ssim_set5=0.890, ssim_urban100=0.945 |
   180 | train=0.005574 | val=nan | lr=0.002 | t_train=12.90 | t_val=12.23 | mem=383.9 | psnr_b100=27.042, psnr_set14=27.540, psnr_set5=31.299, psnr_urban100=24.742, ssim_b100=0.719, ssim_set14=0.847, ssim_set5=0.896, ssim_urban100=0.948 |
   181 | train=0.006757 | val=nan | lr=0.002 | t_train=12.92 | t_val=12.25 | mem=383.9 | psnr_b100=26.990, psnr_set14=27.416, psnr_set5=31.248, psnr_urban100=24.660, ssim_b100=0.718, ssim_set14=0.845, ssim_set5=0.896, ssim_urban100=0.946 |
   182 | train=0.007843 | val=nan | lr=0.002 | t_train=12.98 | t_val=12.23 | mem=383.9 | psnr_b100=26.900, psnr_set14=27.279, psnr_set5=31.015, psnr_urban100=24.533, ssim_b100=0.715, ssim_set14=0.842, ssim_set5=0.891, ssim_urban100=0.945 |
   183 | train=0.007065 | val=nan | lr=0.002 | t_train=12.86 | t_val=12.21 | mem=383.9 | psnr_b100=26.988, psnr_set14=27.416, psnr_set5=31.158, psnr_urban100=24.635, ssim_b100=0.718, ssim_set14=0.845, ssim_set5=0.894, ssim_urban100=0.946 |
   184 | train=0.005855 | val=nan | lr=0.002 | t_train=12.89 | t_val=12.22 | mem=383.9 | psnr_b100=26.967, psnr_set14=27.395, psnr_set5=31.090, psnr_urban100=24.601, ssim_b100=0.717, ssim_set14=0.844, ssim_set5=0.892, ssim_urban100=0.946 |
   185 | train=0.005988 | val=nan | lr=0.002 | t_train=12.91 | t_val=12.24 | mem=383.9 | psnr_b100=27.044, psnr_set14=27.544, psnr_set5=31.259, psnr_urban100=24.772, ssim_b100=0.719, ssim_set14=0.847, ssim_set5=0.896, ssim_urban100=0.948 |
   186 | train=0.007556 | val=nan | lr=0.002 | t_train=12.91 | t_val=12.24 | mem=383.9 | psnr_b100=26.946, psnr_set14=27.345, psnr_set5=31.127, psnr_urban100=24.597, ssim_b100=0.716, ssim_set14=0.843, ssim_set5=0.892, ssim_urban100=0.945 |
   187 | train=0.007414 | val=nan | lr=0.002 | t_train=12.87 | t_val=12.22 | mem=383.9 | psnr_b100=26.950, psnr_set14=27.366, psnr_set5=31.121, psnr_urban100=24.614, ssim_b100=0.716, ssim_set14=0.844, ssim_set5=0.893, ssim_urban100=0.946 |
   188 | train=0.005336 | val=nan | lr=0.002 | t_train=12.89 | t_val=12.23 | mem=383.9 | psnr_b100=26.926, psnr_set14=27.330, psnr_set5=31.090, psnr_urban100=24.619, ssim_b100=0.716, ssim_set14=0.843, ssim_set5=0.892, ssim_urban100=0.946 |
   189 | train=0.009224 | val=nan | lr=0.002 | t_train=12.89 | t_val=12.23 | mem=383.9 | psnr_b100=26.911, psnr_set14=27.294, psnr_set5=30.994, psnr_urban100=24.576, ssim_b100=0.715, ssim_set14=0.842, ssim_set5=0.890, ssim_urban100=0.945 |
   190 | train=0.007259 | val=nan | lr=0.002 | t_train=12.86 | t_val=12.21 | mem=383.9 | psnr_b100=26.958, psnr_set14=27.315, psnr_set5=31.054, psnr_urban100=24.567, ssim_b100=0.716, ssim_set14=0.843, ssim_set5=0.891, ssim_urban100=0.945 |
   191 | train=0.007315 | val=nan | lr=0.002 | t_train=12.94 | t_val=12.21 | mem=383.9 | psnr_b100=27.010, psnr_set14=27.449, psnr_set5=31.230, psnr_urban100=24.699, ssim_b100=0.719, ssim_set14=0.846, ssim_set5=0.895, ssim_urban100=0.947 |
   192 | train=0.008426 | val=nan | lr=0.002 | t_train=12.84 | t_val=12.18 | mem=383.9 | psnr_b100=26.984, psnr_set14=27.424, psnr_set5=31.212, psnr_urban100=24.731, ssim_b100=0.718, ssim_set14=0.845, ssim_set5=0.896, ssim_urban100=0.948 |
   193 | train=0.006512 | val=nan | lr=0.002 | t_train=12.96 | t_val=12.30 | mem=383.9 | psnr_b100=26.851, psnr_set14=27.165, psnr_set5=30.856, psnr_urban100=24.427, ssim_b100=0.714, ssim_set14=0.840, ssim_set5=0.887, ssim_urban100=0.944 |
   194 | train=0.006403 | val=nan | lr=0.002 | t_train=12.94 | t_val=12.28 | mem=383.9 | psnr_b100=26.985, psnr_set14=27.384, psnr_set5=31.116, psnr_urban100=24.631, ssim_b100=0.718, ssim_set14=0.845, ssim_set5=0.894, ssim_urban100=0.946 |
   195 | train=0.005659 | val=nan | lr=0.002 | t_train=12.91 | t_val=12.24 | mem=383.9 | psnr_b100=26.944, psnr_set14=27.293, psnr_set5=31.012, psnr_urban100=24.541, ssim_b100=0.716, ssim_set14=0.843, ssim_set5=0.890, ssim_urban100=0.946 |
   196 | train=0.005749 | val=nan | lr=0.002 | t_train=12.86 | t_val=12.22 | mem=383.9 | psnr_b100=26.970, psnr_set14=27.363, psnr_set5=31.082, psnr_urban100=24.638, ssim_b100=0.717, ssim_set14=0.844, ssim_set5=0.891, ssim_urban100=0.947 |
   197 | train=0.005762 | val=nan | lr=0.002 | t_train=12.85 | t_val=12.18 | mem=383.9 | psnr_b100=26.992, psnr_set14=27.406, psnr_set5=31.122, psnr_urban100=24.672, ssim_b100=0.718, ssim_set14=0.845, ssim_set5=0.892, ssim_urban100=0.948 |
   198 | train=0.007593 | val=nan | lr=0.002 | t_train=12.91 | t_val=12.26 | mem=383.9 | psnr_b100=26.990, psnr_set14=27.402, psnr_set5=31.183, psnr_urban100=24.675, ssim_b100=0.718, ssim_set14=0.845, ssim_set5=0.895, ssim_urban100=0.947 |
   199 | train=0.005566 | val=nan | lr=0.002 | t_train=12.86 | t_val=12.19 | mem=383.9 | psnr_b100=26.980, psnr_set14=27.367, psnr_set5=31.142, psnr_urban100=24.635, ssim_b100=0.718, ssim_set14=0.844, ssim_set5=0.893, ssim_urban100=0.947 |
   200 | train=0.008863 | val=nan | lr=0.002 | t_train=12.88 | t_val=12.22 | mem=383.9 | psnr_b100=26.988, psnr_set14=27.449, psnr_set5=31.169, psnr_urban100=24.650, ssim_b100=0.717, ssim_set14=0.845, ssim_set5=0.894, ssim_urban100=0.947 |
   201 | train=0.007420 | val=nan | lr=0.002 | t_train=12.89 | t_val=12.23 | mem=383.9 | psnr_b100=26.967, psnr_set14=27.396, psnr_set5=31.191, psnr_urban100=24.650, ssim_b100=0.717, ssim_set14=0.845, ssim_set5=0.894, ssim_urban100=0.947 |
   202 | train=0.007107 | val=nan | lr=0.002 | t_train=12.92 | t_val=12.25 | mem=383.9 | psnr_b100=26.921, psnr_set14=27.335, psnr_set5=31.045, psnr_urban100=24.608, ssim_b100=0.716, ssim_set14=0.844, ssim_set5=0.892, ssim_urban100=0.946 |
   203 | train=0.007131 | val=nan | lr=0.002 | t_train=12.81 | t_val=12.15 | mem=383.9 | psnr_b100=27.065, psnr_set14=27.553, psnr_set5=31.317, psnr_urban100=24.771, ssim_b100=0.720, ssim_set14=0.848, ssim_set5=0.898, ssim_urban100=0.949 |
   204 | train=0.005837 | val=nan | lr=0.002 | t_train=12.91 | t_val=12.25 | mem=383.9 | psnr_b100=26.953, psnr_set14=27.377, psnr_set5=31.120, psnr_urban100=24.670, ssim_b100=0.716, ssim_set14=0.844, ssim_set5=0.893, ssim_urban100=0.947 |
   205 | train=0.006068 | val=nan | lr=0.0019964 | t_train=12.88 | t_val=12.23 | mem=383.9 | psnr_b100=27.004, psnr_set14=27.454, psnr_set5=31.136, psnr_urban100=24.744, ssim_b100=0.718, ssim_set14=0.845, ssim_set5=0.893, ssim_urban100=0.948 |
   206 | train=0.006490 | val=nan | lr=0.0019926 | t_train=12.91 | t_val=12.26 | mem=383.9 | psnr_b100=27.016, psnr_set14=27.488, psnr_set5=31.235, psnr_urban100=24.750, ssim_b100=0.718, ssim_set14=0.846, ssim_set5=0.895, ssim_urban100=0.948 |
   207 | train=0.006750 | val=nan | lr=0.0019888 | t_train=12.88 | t_val=12.22 | mem=383.9 | psnr_b100=26.997, psnr_set14=27.401, psnr_set5=31.122, psnr_urban100=24.682, ssim_b100=0.718, ssim_set14=0.845, ssim_set5=0.894, ssim_urban100=0.947 |
   208 | train=0.005606 | val=nan | lr=0.0019851 | t_train=12.90 | t_val=12.24 | mem=383.9 | psnr_b100=26.931, psnr_set14=27.320, psnr_set5=31.041, psnr_urban100=24.615, ssim_b100=0.715, ssim_set14=0.843, ssim_set5=0.891, ssim_urban100=0.947 |
   209 | train=0.006965 | val=nan | lr=0.0019813 | t_train=12.82 | t_val=12.13 | mem=383.9 | psnr_b100=27.002, psnr_set14=27.442, psnr_set5=31.186, psnr_urban100=24.676, ssim_b100=0.718, ssim_set14=0.845, ssim_set5=0.894, ssim_urban100=0.948 |
   210 | train=0.005818 | val=nan | lr=0.0019811 | t_train=12.76 | t_val=12.10 | mem=383.9 | psnr_b100=26.982, psnr_set14=27.397, psnr_set5=31.142, psnr_urban100=24.662, ssim_b100=0.718, ssim_set14=0.845, ssim_set5=0.893, ssim_urban100=0.947 |
   211 | train=0.005835 | val=nan | lr=0.0019811 | t_train=12.88 | t_val=12.22 | mem=383.9 | psnr_b100=26.954, psnr_set14=27.345, psnr_set5=31.092, psnr_urban100=24.661, ssim_b100=0.716, ssim_set14=0.843, ssim_set5=0.892, ssim_urban100=0.947 |
   212 | train=0.007605 | val=nan | lr=0.0019775 | t_train=12.91 | t_val=12.17 | mem=383.9 | psnr_b100=26.973, psnr_set14=27.380, psnr_set5=31.095, psnr_urban100=24.643, ssim_b100=0.716, ssim_set14=0.844, ssim_set5=0.893, ssim_urban100=0.945 |
   213 | train=0.007257 | val=nan | lr=0.0019738 | t_train=12.87 | t_val=12.21 | mem=383.9 | psnr_b100=26.950, psnr_set14=27.353, psnr_set5=31.072, psnr_urban100=24.628, ssim_b100=0.716, ssim_set14=0.844, ssim_set5=0.893, ssim_urban100=0.946 |
   214 | train=0.006709 | val=nan | lr=0.00197 | t_train=12.89 | t_val=12.24 | mem=383.9 | psnr_b100=26.947, psnr_set14=27.352, psnr_set5=31.077, psnr_urban100=24.608, ssim_b100=0.716, ssim_set14=0.844, ssim_set5=0.892, ssim_urban100=0.946 |
   215 | train=0.007539 | val=nan | lr=0.0019663 | t_train=12.84 | t_val=12.18 | mem=383.9 | psnr_b100=27.065, psnr_set14=27.481, psnr_set5=31.278, psnr_urban100=24.779, ssim_b100=0.719, ssim_set14=0.846, ssim_set5=0.895, ssim_urban100=0.949 |
   216 | train=0.007262 | val=nan | lr=0.0019626 | t_train=12.88 | t_val=12.23 | mem=383.9 | psnr_b100=26.941, psnr_set14=27.311, psnr_set5=31.095, psnr_urban100=24.595, ssim_b100=0.717, ssim_set14=0.844, ssim_set5=0.893, ssim_urban100=0.947 |
   217 | train=0.005993 | val=nan | lr=0.0019588 | t_train=12.86 | t_val=12.20 | mem=383.9 | psnr_b100=27.008, psnr_set14=27.457, psnr_set5=31.170, psnr_urban100=24.756, ssim_b100=0.718, ssim_set14=0.846, ssim_set5=0.894, ssim_urban100=0.948 |
   218 | train=0.006855 | val=nan | lr=0.0019551 | t_train=12.84 | t_val=12.18 | mem=383.9 | psnr_b100=26.996, psnr_set14=27.362, psnr_set5=31.077, psnr_urban100=24.702, ssim_b100=0.718, ssim_set14=0.845, ssim_set5=0.893, ssim_urban100=0.948 |
   219 | train=0.006816 | val=nan | lr=0.0019514 | t_train=12.96 | t_val=12.26 | mem=383.9 | psnr_b100=26.991, psnr_set14=27.406, psnr_set5=31.142, psnr_urban100=24.661, ssim_b100=0.717, ssim_set14=0.844, ssim_set5=0.892, ssim_urban100=0.947 |
   220 | train=0.007983 | val=nan | lr=0.0019477 | t_train=12.89 | t_val=12.23 | mem=383.9 | psnr_b100=26.968, psnr_set14=27.416, psnr_set5=31.134, psnr_urban100=24.644, ssim_b100=0.716, ssim_set14=0.844, ssim_set5=0.893, ssim_urban100=0.947 |
   221 | train=0.007149 | val=nan | lr=0.001944 | t_train=13.03 | t_val=12.30 | mem=383.9 | psnr_b100=27.025, psnr_set14=27.462, psnr_set5=31.204, psnr_urban100=24.733, ssim_b100=0.719, ssim_set14=0.846, ssim_set5=0.895, ssim_urban100=0.948 |
   222 | train=0.005369 | val=nan | lr=0.0019403 | t_train=12.90 | t_val=12.25 | mem=383.9 | psnr_b100=26.994, psnr_set14=27.426, psnr_set5=31.115, psnr_urban100=24.691, ssim_b100=0.719, ssim_set14=0.846, ssim_set5=0.894, ssim_urban100=0.948 |
   223 | train=0.006060 | val=nan | lr=0.0019366 | t_train=12.88 | t_val=12.23 | mem=383.9 | psnr_b100=26.981, psnr_set14=27.414, psnr_set5=31.089, psnr_urban100=24.629, ssim_b100=0.717, ssim_set14=0.845, ssim_set5=0.891, ssim_urban100=0.947 |
   224 | train=0.007469 | val=nan | lr=0.0019329 | t_train=12.92 | t_val=12.26 | mem=383.9 | psnr_b100=27.081, psnr_set14=27.569, psnr_set5=31.344, psnr_urban100=24.790, ssim_b100=0.720, ssim_set14=0.848, ssim_set5=0.897, ssim_urban100=0.949 |
   225 | train=0.005625 | val=nan | lr=0.0019293 | t_train=12.91 | t_val=12.26 | mem=383.9 | psnr_b100=27.022, psnr_set14=27.440, psnr_set5=31.203, psnr_urban100=24.706, ssim_b100=0.719, ssim_set14=0.846, ssim_set5=0.894, ssim_urban100=0.948 |
   226 | train=0.005217 | val=nan | lr=0.0019256 | t_train=12.90 | t_val=12.23 | mem=383.9 | psnr_b100=27.044, psnr_set14=27.459, psnr_set5=31.228, psnr_urban100=24.738, ssim_b100=0.718, ssim_set14=0.846, ssim_set5=0.894, ssim_urban100=0.948 |
   227 | train=0.005932 | val=nan | lr=0.001922 | t_train=12.89 | t_val=12.24 | mem=383.9 | psnr_b100=26.989, psnr_set14=27.414, psnr_set5=31.161, psnr_urban100=24.684, ssim_b100=0.717, ssim_set14=0.845, ssim_set5=0.894, ssim_urban100=0.947 |
   228 | train=0.007500 | val=nan | lr=0.0019183 | t_train=12.84 | t_val=12.18 | mem=383.9 | psnr_b100=27.030, psnr_set14=27.501, psnr_set5=31.206, psnr_urban100=24.772, ssim_b100=0.719, ssim_set14=0.846, ssim_set5=0.894, ssim_urban100=0.949 |
   229 | train=0.006069 | val=nan | lr=0.0019147 | t_train=12.89 | t_val=12.24 | mem=383.9 | psnr_b100=27.029, psnr_set14=27.479, psnr_set5=31.187, psnr_urban100=24.731, ssim_b100=0.719, ssim_set14=0.846, ssim_set5=0.894, ssim_urban100=0.949 |
   230 | train=0.008524 | val=nan | lr=0.001911 | t_train=12.84 | t_val=12.18 | mem=383.9 | psnr_b100=26.988, psnr_set14=27.418, psnr_set5=31.163, psnr_urban100=24.703, ssim_b100=0.717, ssim_set14=0.845, ssim_set5=0.893, ssim_urban100=0.948 |
   231 | train=0.006093 | val=nan | lr=0.0019074 | t_train=12.99 | t_val=12.31 | mem=383.9 | psnr_b100=27.034, psnr_set14=27.522, psnr_set5=31.300, psnr_urban100=24.763, ssim_b100=0.718, ssim_set14=0.847, ssim_set5=0.896, ssim_urban100=0.948 |
   232 | train=0.006406 | val=nan | lr=0.0019038 | t_train=12.88 | t_val=12.21 | mem=383.9 | psnr_b100=27.013, psnr_set14=27.466, psnr_set5=31.210, psnr_urban100=24.751, ssim_b100=0.720, ssim_set14=0.847, ssim_set5=0.895, ssim_urban100=0.949 |
   233 | train=0.007089 | val=nan | lr=0.0019002 | t_train=12.84 | t_val=12.19 | mem=383.9 | psnr_b100=27.033, psnr_set14=27.480, psnr_set5=31.173, psnr_urban100=24.759, ssim_b100=0.719, ssim_set14=0.846, ssim_set5=0.894, ssim_urban100=0.949 |
   234 | train=0.006720 | val=nan | lr=0.0018966 | t_train=12.84 | t_val=12.20 | mem=383.9 | psnr_b100=27.004, psnr_set14=27.467, psnr_set5=31.259, psnr_urban100=24.719, ssim_b100=0.718, ssim_set14=0.846, ssim_set5=0.896, ssim_urban100=0.947 |
   235 | train=0.007760 | val=nan | lr=0.001893 | t_train=12.93 | t_val=12.26 | mem=383.9 | psnr_b100=27.032, psnr_set14=27.511, psnr_set5=31.197, psnr_urban100=24.771, ssim_b100=0.719, ssim_set14=0.847, ssim_set5=0.894, ssim_urban100=0.948 |
   236 | train=0.005699 | val=nan | lr=0.0018894 | t_train=12.84 | t_val=12.20 | mem=383.9 | psnr_b100=27.001, psnr_set14=27.460, psnr_set5=31.172, psnr_urban100=24.666, ssim_b100=0.718, ssim_set14=0.845, ssim_set5=0.893, ssim_urban100=0.946 |
   237 | train=0.009145 | val=nan | lr=0.0018858 | t_train=12.81 | t_val=12.16 | mem=383.9 | psnr_b100=26.963, psnr_set14=27.352, psnr_set5=31.087, psnr_urban100=24.625, ssim_b100=0.716, ssim_set14=0.843, ssim_set5=0.891, ssim_urban100=0.945 |
   238 | train=0.005683 | val=nan | lr=0.0018822 | t_train=12.89 | t_val=12.23 | mem=383.9 | psnr_b100=26.984, psnr_set14=27.379, psnr_set5=31.092, psnr_urban100=24.637, ssim_b100=0.718, ssim_set14=0.844, ssim_set5=0.893, ssim_urban100=0.947 |
   239 | train=0.006955 | val=nan | lr=0.0018786 | t_train=12.86 | t_val=12.21 | mem=383.9 | psnr_b100=26.977, psnr_set14=27.409, psnr_set5=31.146, psnr_urban100=24.631, ssim_b100=0.717, ssim_set14=0.844, ssim_set5=0.893, ssim_urban100=0.946 |
   240 | train=0.006711 | val=nan | lr=0.0018751 | t_train=12.88 | t_val=12.23 | mem=383.9 | psnr_b100=27.031, psnr_set14=27.485, psnr_set5=31.206, psnr_urban100=24.747, ssim_b100=0.719, ssim_set14=0.846, ssim_set5=0.895, ssim_urban100=0.948 |
   241 | train=0.007102 | val=nan | lr=0.0018715 | t_train=12.90 | t_val=12.22 | mem=383.9 | psnr_b100=27.004, psnr_set14=27.435, psnr_set5=31.128, psnr_urban100=24.655, ssim_b100=0.718, ssim_set14=0.845, ssim_set5=0.892, ssim_urban100=0.947 |
   242 | train=0.008693 | val=nan | lr=0.001868 | t_train=12.96 | t_val=12.20 | mem=383.9 | psnr_b100=27.055, psnr_set14=27.530, psnr_set5=31.306, psnr_urban100=24.757, ssim_b100=0.719, ssim_set14=0.846, ssim_set5=0.896, ssim_urban100=0.948 |
   243 | train=0.006131 | val=nan | lr=0.0018644 | t_train=12.81 | t_val=12.15 | mem=383.9 | psnr_b100=27.000, psnr_set14=27.441, psnr_set5=31.092, psnr_urban100=24.699, ssim_b100=0.718, ssim_set14=0.845, ssim_set5=0.891, ssim_urban100=0.946 |
   244 | train=0.005298 | val=nan | lr=0.0018609 | t_train=12.89 | t_val=12.24 | mem=383.9 | psnr_b100=26.989, psnr_set14=27.408, psnr_set5=31.172, psnr_urban100=24.691, ssim_b100=0.718, ssim_set14=0.844, ssim_set5=0.893, ssim_urban100=0.946 |
   245 | train=0.008203 | val=nan | lr=0.0018573 | t_train=12.88 | t_val=12.23 | mem=383.9 | psnr_b100=26.996, psnr_set14=27.440, psnr_set5=31.120, psnr_urban100=24.740, ssim_b100=0.717, ssim_set14=0.845, ssim_set5=0.892, ssim_urban100=0.948 |
   246 | train=0.006001 | val=nan | lr=0.0018538 | t_train=12.88 | t_val=12.22 | mem=383.9 | psnr_b100=26.989, psnr_set14=27.444, psnr_set5=31.208, psnr_urban100=24.674, ssim_b100=0.717, ssim_set14=0.845, ssim_set5=0.894, ssim_urban100=0.947 |
   247 | train=0.007843 | val=nan | lr=0.0018503 | t_train=12.90 | t_val=12.24 | mem=383.9 | psnr_b100=26.954, psnr_set14=27.394, psnr_set5=31.132, psnr_urban100=24.700, ssim_b100=0.718, ssim_set14=0.845, ssim_set5=0.893, ssim_urban100=0.948 |
   248 | train=0.005961 | val=nan | lr=0.0018468 | t_train=12.86 | t_val=12.21 | mem=383.9 | psnr_b100=26.955, psnr_set14=27.319, psnr_set5=31.077, psnr_urban100=24.614, ssim_b100=0.716, ssim_set14=0.843, ssim_set5=0.891, ssim_urban100=0.946 |
   249 | train=0.007087 | val=nan | lr=0.0018433 | t_train=12.86 | t_val=12.22 | mem=383.9 | psnr_b100=27.019, psnr_set14=27.469, psnr_set5=31.215, psnr_urban100=24.747, ssim_b100=0.719, ssim_set14=0.846, ssim_set5=0.894, ssim_urban100=0.949 |
