     0 | train=nan | val=nan | lr=nan | t_train=nan | t_val=1.75 | mem=248.9 | psnr_b100=27.621, psnr_set14=28.302, psnr_set5=32.057, psnr_urban100=26.141, ssim_b100=0.738, ssim_set14=0.861, ssim_set5=0.906, ssim_urban100=0.963 |
     0 | train=nan | val=nan | lr=nan | t_train=nan | t_val=20.57 | mem=250.8 | psnr_b100=27.621, psnr_set14=28.302, psnr_set5=32.056, psnr_urban100=26.140, ssim_b100=0.738, ssim_set14=0.861, ssim_set5=0.906, ssim_urban100=0.963 |
     0 | train=nan | val=nan | lr=nan | t_train=nan | t_val=20.77 | mem=250.9 | psnr_b100=27.621, psnr_set14=28.303, psnr_set5=32.056, psnr_urban100=26.140, ssim_b100=0.738, ssim_set14=0.861, ssim_set5=0.906, ssim_urban100=0.963 |
     0 | train=nan | val=nan | lr=nan | t_train=nan | t_val=20.43 | mem=250.9 | psnr_b100=27.618, psnr_set14=28.302, psnr_set5=32.055, psnr_urban100=26.139, ssim_b100=0.738, ssim_set14=0.861, ssim_set5=0.906, ssim_urban100=0.963 |
# epoch | train_loss | val_loss | LR | t_train(s) | t_val(s) | gpu_mem(MB) | SRBench(psnr/ssim...)
     0 | train=nan | val=nan | lr=nan | t_train=nan | t_val=1.47 | mem=250.9 |
     0 | train=0.000766 | val=nan | lr=7.2e-05 | t_train=12.97 | t_val=12.18 | mem=383.9 | psnr_b100=27.619, psnr_set14=28.300, psnr_set5=32.343, psnr_urban100=26.140, ssim_b100=0.738, ssim_set14=0.861, ssim_set5=0.914, ssim_urban100=0.963 |
     1 | train=0.000848 | val=nan | lr=0.000148 | t_train=12.79 | t_val=12.14 | mem=383.9 | psnr_b100=27.618, psnr_set14=28.299, psnr_set5=32.343, psnr_urban100=26.137, ssim_b100=0.738, ssim_set14=0.861, ssim_set5=0.914, ssim_urban100=0.963 |
     2 | train=0.000728 | val=nan | lr=0.000224 | t_train=12.89 | t_val=12.12 | mem=383.9 | psnr_b100=27.619, psnr_set14=28.301, psnr_set5=32.341, psnr_urban100=26.135, ssim_b100=0.738, ssim_set14=0.861, ssim_set5=0.914, ssim_urban100=0.963 |
     3 | train=0.000713 | val=nan | lr=0.0003 | t_train=12.73 | t_val=12.07 | mem=383.9 | psnr_b100=27.617, psnr_set14=28.297, psnr_set5=32.338, psnr_urban100=26.133, ssim_b100=0.738, ssim_set14=0.861, ssim_set5=0.914, ssim_urban100=0.963 |
     4 | train=0.000792 | val=nan | lr=0.000376 | t_train=12.78 | t_val=12.14 | mem=383.9 | psnr_b100=27.619, psnr_set14=28.299, psnr_set5=32.345, psnr_urban100=26.132, ssim_b100=0.738, ssim_set14=0.861, ssim_set5=0.914, ssim_urban100=0.963 |
     5 | train=0.000934 | val=nan | lr=0.000452 | t_train=12.74 | t_val=12.09 | mem=383.9 | psnr_b100=27.617, psnr_set14=28.302, psnr_set5=32.337, psnr_urban100=26.132, ssim_b100=0.738, ssim_set14=0.861, ssim_set5=0.914, ssim_urban100=0.963 |
     6 | train=0.001069 | val=nan | lr=0.000528 | t_train=12.75 | t_val=12.11 | mem=383.9 | psnr_b100=27.618, psnr_set14=28.303, psnr_set5=32.350, psnr_urban100=26.137, ssim_b100=0.738, ssim_set14=0.861, ssim_set5=0.915, ssim_urban100=0.963 |
     7 | train=0.001163 | val=nan | lr=0.000604 | t_train=12.79 | t_val=12.14 | mem=383.9 | psnr_b100=27.614, psnr_set14=28.287, psnr_set5=32.348, psnr_urban100=26.121, ssim_b100=0.738, ssim_set14=0.861, ssim_set5=0.914, ssim_urban100=0.963 |
     8 | train=0.001092 | val=nan | lr=0.00068 | t_train=12.77 | t_val=12.11 | mem=383.9 | psnr_b100=27.613, psnr_set14=28.286, psnr_set5=32.328, psnr_urban100=26.126, ssim_b100=0.738, ssim_set14=0.861, ssim_set5=0.914, ssim_urban100=0.963 |
     9 | train=0.001461 | val=nan | lr=0.000756 | t_train=12.81 | t_val=12.15 | mem=383.9 | psnr_b100=27.612, psnr_set14=28.296, psnr_set5=32.338, psnr_urban100=26.115, ssim_b100=0.737, ssim_set14=0.861, ssim_set5=0.914, ssim_urban100=0.963 |
    10 | train=0.001149 | val=nan | lr=0.000832 | t_train=12.83 | t_val=12.18 | mem=383.9 | psnr_b100=27.609, psnr_set14=28.289, psnr_set5=32.333, psnr_urban100=26.122, ssim_b100=0.737, ssim_set14=0.861, ssim_set5=0.914, ssim_urban100=0.963 |
    11 | train=0.001592 | val=nan | lr=0.000908 | t_train=12.79 | t_val=12.14 | mem=383.9 | psnr_b100=27.612, psnr_set14=28.305, psnr_set5=32.338, psnr_urban100=26.108, ssim_b100=0.737, ssim_set14=0.861, ssim_set5=0.914, ssim_urban100=0.963 |
    12 | train=0.001686 | val=nan | lr=0.000984 | t_train=12.83 | t_val=12.17 | mem=383.9 | psnr_b100=27.606, psnr_set14=28.294, psnr_set5=32.317, psnr_urban100=26.103, ssim_b100=0.737, ssim_set14=0.861, ssim_set5=0.914, ssim_urban100=0.962 |
    13 | train=0.001810 | val=nan | lr=0.00106 | t_train=12.76 | t_val=12.10 | mem=383.9 | psnr_b100=27.600, psnr_set14=28.278, psnr_set5=32.317, psnr_urban100=26.097, ssim_b100=0.737, ssim_set14=0.861, ssim_set5=0.914, ssim_urban100=0.962 |
    14 | train=0.001383 | val=nan | lr=0.001136 | t_train=12.80 | t_val=12.16 | mem=383.9 | psnr_b100=27.588, psnr_set14=28.261, psnr_set5=32.270, psnr_urban100=26.052, ssim_b100=0.737, ssim_set14=0.861, ssim_set5=0.913, ssim_urban100=0.962 |
    15 | train=0.002053 | val=nan | lr=0.001212 | t_train=12.75 | t_val=12.11 | mem=383.9 | psnr_b100=27.603, psnr_set14=28.279, psnr_set5=32.327, psnr_urban100=26.096, ssim_b100=0.737, ssim_set14=0.861, ssim_set5=0.914, ssim_urban100=0.963 |
    16 | train=0.001792 | val=nan | lr=0.001288 | t_train=12.83 | t_val=12.17 | mem=383.9 | psnr_b100=27.595, psnr_set14=28.286, psnr_set5=32.311, psnr_urban100=26.088, ssim_b100=0.737, ssim_set14=0.861, ssim_set5=0.914, ssim_urban100=0.962 |
    17 | train=0.001715 | val=nan | lr=0.001364 | t_train=12.78 | t_val=12.13 | mem=383.9 | psnr_b100=27.594, psnr_set14=28.300, psnr_set5=32.316, psnr_urban100=26.081, ssim_b100=0.736, ssim_set14=0.860, ssim_set5=0.914, ssim_urban100=0.962 |
    18 | train=0.002380 | val=nan | lr=0.00144 | t_train=12.78 | t_val=12.12 | mem=383.9 | psnr_b100=27.567, psnr_set14=28.253, psnr_set5=32.267, psnr_urban100=26.036, ssim_b100=0.736, ssim_set14=0.860, ssim_set5=0.913, ssim_urban100=0.962 |
    19 | train=0.002827 | val=nan | lr=0.001516 | t_train=12.75 | t_val=12.10 | mem=383.9 | psnr_b100=27.573, psnr_set14=28.246, psnr_set5=32.321, psnr_urban100=26.024, ssim_b100=0.736, ssim_set14=0.860, ssim_set5=0.914, ssim_urban100=0.962 |
    20 | train=0.002402 | val=nan | lr=0.001592 | t_train=12.73 | t_val=12.07 | mem=383.9 | psnr_b100=27.554, psnr_set14=28.236, psnr_set5=32.316, psnr_urban100=26.018, ssim_b100=0.736, ssim_set14=0.860, ssim_set5=0.914, ssim_urban100=0.961 |
    21 | train=0.002494 | val=nan | lr=0.001668 | t_train=12.78 | t_val=12.13 | mem=383.9 | psnr_b100=27.560, psnr_set14=28.210, psnr_set5=32.319, psnr_urban100=25.994, ssim_b100=0.736, ssim_set14=0.859, ssim_set5=0.914, ssim_urban100=0.961 |
    22 | train=0.003441 | val=nan | lr=0.001744 | t_train=12.81 | t_val=12.15 | mem=383.9 | psnr_b100=27.555, psnr_set14=28.234, psnr_set5=32.271, psnr_urban100=25.991, ssim_b100=0.736, ssim_set14=0.860, ssim_set5=0.914, ssim_urban100=0.961 |
    23 | train=0.003020 | val=nan | lr=0.00182 | t_train=12.91 | t_val=12.14 | mem=383.9 | psnr_b100=27.557, psnr_set14=28.267, psnr_set5=32.268, psnr_urban100=26.001, ssim_b100=0.735, ssim_set14=0.860, ssim_set5=0.913, ssim_urban100=0.962 |
    24 | train=0.002641 | val=nan | lr=0.001896 | t_train=12.79 | t_val=12.11 | mem=383.9 | psnr_b100=27.549, psnr_set14=28.227, psnr_set5=32.264, psnr_urban100=25.993, ssim_b100=0.735, ssim_set14=0.860, ssim_set5=0.913, ssim_urban100=0.962 |
    25 | train=0.002050 | val=nan | lr=0.001972 | t_train=12.80 | t_val=12.15 | mem=383.9 | psnr_b100=27.548, psnr_set14=28.242, psnr_set5=32.255, psnr_urban100=25.980, ssim_b100=0.736, ssim_set14=0.860, ssim_set5=0.913, ssim_urban100=0.961 |
    26 | train=0.003374 | val=nan | lr=0.002 | t_train=12.79 | t_val=12.14 | mem=383.9 | psnr_b100=27.541, psnr_set14=28.191, psnr_set5=32.242, psnr_urban100=25.984, ssim_b100=0.735, ssim_set14=0.859, ssim_set5=0.913, ssim_urban100=0.961 |
    27 | train=0.004895 | val=nan | lr=0.002 | t_train=12.84 | t_val=12.18 | mem=383.9 | psnr_b100=27.544, psnr_set14=28.208, psnr_set5=32.247, psnr_urban100=25.975, ssim_b100=0.736, ssim_set14=0.859, ssim_set5=0.913, ssim_urban100=0.961 |
    28 | train=0.005476 | val=nan | lr=0.002 | t_train=12.80 | t_val=12.14 | mem=383.9 | psnr_b100=27.500, psnr_set14=28.184, psnr_set5=32.254, psnr_urban100=25.900, ssim_b100=0.734, ssim_set14=0.859, ssim_set5=0.913, ssim_urban100=0.960 |
    29 | train=0.006359 | val=nan | lr=0.002 | t_train=12.79 | t_val=12.14 | mem=383.9 | psnr_b100=27.538, psnr_set14=28.212, psnr_set5=32.253, psnr_urban100=25.969, ssim_b100=0.735, ssim_set14=0.859, ssim_set5=0.913, ssim_urban100=0.961 |
    30 | train=0.006379 | val=nan | lr=0.002 | t_train=12.80 | t_val=12.14 | mem=383.9 | psnr_b100=27.535, psnr_set14=28.218, psnr_set5=32.241, psnr_urban100=25.963, ssim_b100=0.735, ssim_set14=0.860, ssim_set5=0.913, ssim_urban100=0.961 |
    31 | train=0.008233 | val=nan | lr=0.002 | t_train=12.80 | t_val=12.14 | mem=383.9 | psnr_b100=27.521, psnr_set14=28.185, psnr_set5=32.254, psnr_urban100=25.941, ssim_b100=0.735, ssim_set14=0.859, ssim_set5=0.913, ssim_urban100=0.961 |
    32 | train=0.008772 | val=nan | lr=0.002 | t_train=12.81 | t_val=12.16 | mem=383.9 | psnr_b100=27.537, psnr_set14=28.216, psnr_set5=32.192, psnr_urban100=25.909, ssim_b100=0.735, ssim_set14=0.859, ssim_set5=0.912, ssim_urban100=0.961 |
    33 | train=0.009751 | val=nan | lr=0.002 | t_train=12.79 | t_val=12.14 | mem=383.9 | psnr_b100=27.553, psnr_set14=28.223, psnr_set5=32.238, psnr_urban100=25.963, ssim_b100=0.736, ssim_set14=0.860, ssim_set5=0.913, ssim_urban100=0.961 |
    34 | train=0.011069 | val=nan | lr=0.002 | t_train=12.88 | t_val=12.15 | mem=383.9 | psnr_b100=27.528, psnr_set14=28.184, psnr_set5=32.208, psnr_urban100=25.927, ssim_b100=0.735, ssim_set14=0.859, ssim_set5=0.913, ssim_urban100=0.961 |
    35 | train=0.012458 | val=nan | lr=0.002 | t_train=12.76 | t_val=12.12 | mem=383.9 | psnr_b100=27.511, psnr_set14=28.160, psnr_set5=32.172, psnr_urban100=25.886, ssim_b100=0.734, ssim_set14=0.859, ssim_set5=0.912, ssim_urban100=0.961 |
    36 | train=0.012739 | val=nan | lr=0.002 | t_train=12.84 | t_val=12.17 | mem=383.9 | psnr_b100=27.462, psnr_set14=28.131, psnr_set5=32.123, psnr_urban100=25.751, ssim_b100=0.732, ssim_set14=0.857, ssim_set5=0.911, ssim_urban100=0.959 |
    37 | train=0.013422 | val=nan | lr=0.002 | t_train=12.77 | t_val=12.12 | mem=383.9 | psnr_b100=27.512, psnr_set14=28.200, psnr_set5=32.211, psnr_urban100=25.873, ssim_b100=0.734, ssim_set14=0.859, ssim_set5=0.913, ssim_urban100=0.960 |
    38 | train=0.013356 | val=nan | lr=0.002 | t_train=12.82 | t_val=12.16 | mem=383.9 | psnr_b100=27.520, psnr_set14=28.208, psnr_set5=32.241, psnr_urban100=25.915, ssim_b100=0.734, ssim_set14=0.859, ssim_set5=0.913, ssim_urban100=0.961 |
    39 | train=0.014156 | val=nan | lr=0.002 | t_train=12.84 | t_val=12.18 | mem=383.9 | psnr_b100=27.507, psnr_set14=28.140, psnr_set5=32.259, psnr_urban100=25.884, ssim_b100=0.734, ssim_set14=0.858, ssim_set5=0.913, ssim_urban100=0.960 |
    40 | train=0.015686 | val=nan | lr=0.002 | t_train=12.83 | t_val=12.17 | mem=383.9 | psnr_b100=27.499, psnr_set14=28.159, psnr_set5=32.226, psnr_urban100=25.859, ssim_b100=0.734, ssim_set14=0.859, ssim_set5=0.913, ssim_urban100=0.960 |
    41 | train=0.016400 | val=nan | lr=0.002 | t_train=12.84 | t_val=12.18 | mem=383.9 | psnr_b100=27.466, psnr_set14=28.154, psnr_set5=32.141, psnr_urban100=25.821, ssim_b100=0.733, ssim_set14=0.858, ssim_set5=0.912, ssim_urban100=0.960 |
    42 | train=0.017106 | val=nan | lr=0.002 | t_train=12.81 | t_val=12.15 | mem=383.9 | psnr_b100=27.493, psnr_set14=28.207, psnr_set5=32.198, psnr_urban100=25.871, ssim_b100=0.734, ssim_set14=0.859, ssim_set5=0.913, ssim_urban100=0.960 |
    43 | train=0.018160 | val=nan | lr=0.002 | t_train=12.77 | t_val=12.12 | mem=383.9 | psnr_b100=27.482, psnr_set14=28.148, psnr_set5=32.201, psnr_urban100=25.849, ssim_b100=0.734, ssim_set14=0.858, ssim_set5=0.912, ssim_urban100=0.960 |
    44 | train=0.019527 | val=nan | lr=0.002 | t_train=12.79 | t_val=12.14 | mem=383.9 | psnr_b100=27.486, psnr_set14=28.141, psnr_set5=32.178, psnr_urban100=25.858, ssim_b100=0.734, ssim_set14=0.858, ssim_set5=0.912, ssim_urban100=0.960 |
    45 | train=0.019503 | val=nan | lr=0.002 | t_train=12.79 | t_val=12.13 | mem=383.9 | psnr_b100=27.475, psnr_set14=28.158, psnr_set5=32.191, psnr_urban100=25.781, ssim_b100=0.733, ssim_set14=0.858, ssim_set5=0.912, ssim_urban100=0.959 |
    46 | train=0.019853 | val=nan | lr=0.002 | t_train=12.82 | t_val=12.16 | mem=383.9 | psnr_b100=27.465, psnr_set14=28.141, psnr_set5=32.203, psnr_urban100=25.798, ssim_b100=0.733, ssim_set14=0.857, ssim_set5=0.912, ssim_urban100=0.958 |
    47 | train=0.020708 | val=nan | lr=0.002 | t_train=12.84 | t_val=12.19 | mem=383.9 | psnr_b100=27.474, psnr_set14=28.128, psnr_set5=32.156, psnr_urban100=25.788, ssim_b100=0.733, ssim_set14=0.858, ssim_set5=0.912, ssim_urban100=0.959 |
    48 | train=0.022283 | val=nan | lr=0.002 | t_train=12.78 | t_val=12.13 | mem=383.9 | psnr_b100=27.433, psnr_set14=28.057, psnr_set5=32.143, psnr_urban100=25.698, ssim_b100=0.732, ssim_set14=0.857, ssim_set5=0.911, ssim_urban100=0.958 |
    49 | train=0.022064 | val=nan | lr=0.002 | t_train=12.75 | t_val=12.10 | mem=383.9 | psnr_b100=27.416, psnr_set14=28.068, psnr_set5=32.148, psnr_urban100=25.647, ssim_b100=0.731, ssim_set14=0.857, ssim_set5=0.911, ssim_urban100=0.958 |
    50 | train=0.022615 | val=nan | lr=0.002 | t_train=12.76 | t_val=12.10 | mem=383.9 | psnr_b100=27.415, psnr_set14=28.054, psnr_set5=32.128, psnr_urban100=25.649, ssim_b100=0.732, ssim_set14=0.857, ssim_set5=0.911, ssim_urban100=0.958 |
    51 | train=0.024144 | val=nan | lr=0.002 | t_train=12.80 | t_val=12.14 | mem=383.9 | psnr_b100=27.370, psnr_set14=28.028, psnr_set5=32.067, psnr_urban100=25.622, ssim_b100=0.730, ssim_set14=0.856, ssim_set5=0.910, ssim_urban100=0.958 |
    52 | train=0.025246 | val=nan | lr=0.002 | t_train=12.82 | t_val=12.16 | mem=383.9 | psnr_b100=27.400, psnr_set14=28.071, psnr_set5=32.163, psnr_urban100=25.644, ssim_b100=0.731, ssim_set14=0.857, ssim_set5=0.911, ssim_urban100=0.958 |
    53 | train=0.024481 | val=nan | lr=0.002 | t_train=12.79 | t_val=12.13 | mem=383.9 | psnr_b100=27.327, psnr_set14=27.988, psnr_set5=32.098, psnr_urban100=25.591, ssim_b100=0.730, ssim_set14=0.855, ssim_set5=0.911, ssim_urban100=0.956 |
    54 | train=0.025611 | val=nan | lr=0.002 | t_train=12.86 | t_val=12.12 | mem=383.9 | psnr_b100=27.320, psnr_set14=27.954, psnr_set5=32.077, psnr_urban100=25.505, ssim_b100=0.729, ssim_set14=0.855, ssim_set5=0.910, ssim_urban100=0.957 |
    55 | train=0.025813 | val=nan | lr=0.002 | t_train=12.81 | t_val=12.15 | mem=383.9 | psnr_b100=27.344, psnr_set14=27.986, psnr_set5=31.998, psnr_urban100=25.522, ssim_b100=0.729, ssim_set14=0.856, ssim_set5=0.909, ssim_urban100=0.957 |
    56 | train=0.027667 | val=nan | lr=0.002 | t_train=12.78 | t_val=12.12 | mem=383.9 | psnr_b100=27.352, psnr_set14=28.005, psnr_set5=32.090, psnr_urban100=25.560, ssim_b100=0.730, ssim_set14=0.856, ssim_set5=0.910, ssim_urban100=0.957 |
    57 | train=0.027708 | val=nan | lr=0.002 | t_train=12.82 | t_val=12.15 | mem=383.9 | psnr_b100=27.355, psnr_set14=27.980, psnr_set5=32.062, psnr_urban100=25.534, ssim_b100=0.730, ssim_set14=0.856, ssim_set5=0.910, ssim_urban100=0.957 |
    58 | train=0.027232 | val=nan | lr=0.002 | t_train=12.82 | t_val=12.17 | mem=383.9 | psnr_b100=27.350, psnr_set14=27.965, psnr_set5=32.005, psnr_urban100=25.518, ssim_b100=0.730, ssim_set14=0.856, ssim_set5=0.909, ssim_urban100=0.957 |
    59 | train=0.028765 | val=nan | lr=0.002 | t_train=12.80 | t_val=12.14 | mem=383.9 | psnr_b100=27.406, psnr_set14=28.039, psnr_set5=32.003, psnr_urban100=25.650, ssim_b100=0.731, ssim_set14=0.857, ssim_set5=0.910, ssim_urban100=0.958 |
    60 | train=0.029763 | val=nan | lr=0.002 | t_train=12.80 | t_val=12.16 | mem=383.9 | psnr_b100=27.424, psnr_set14=28.074, psnr_set5=32.079, psnr_urban100=25.662, ssim_b100=0.731, ssim_set14=0.858, ssim_set5=0.910, ssim_urban100=0.958 |
    61 | train=0.028738 | val=nan | lr=0.002 | t_train=12.75 | t_val=12.09 | mem=383.9 | psnr_b100=27.360, psnr_set14=28.027, psnr_set5=32.032, psnr_urban100=25.539, ssim_b100=0.730, ssim_set14=0.857, ssim_set5=0.909, ssim_urban100=0.958 |
    62 | train=0.029480 | val=nan | lr=0.002 | t_train=12.79 | t_val=12.13 | mem=383.9 | psnr_b100=27.371, psnr_set14=28.055, psnr_set5=32.056, psnr_urban100=25.577, ssim_b100=0.730, ssim_set14=0.857, ssim_set5=0.910, ssim_urban100=0.957 |
    63 | train=0.030002 | val=nan | lr=0.002 | t_train=12.79 | t_val=12.13 | mem=383.9 | psnr_b100=27.355, psnr_set14=28.017, psnr_set5=32.020, psnr_urban100=25.574, ssim_b100=0.730, ssim_set14=0.856, ssim_set5=0.910, ssim_urban100=0.958 |
    64 | train=0.028987 | val=nan | lr=0.002 | t_train=12.80 | t_val=12.15 | mem=383.9 | psnr_b100=27.369, psnr_set14=28.005, psnr_set5=32.061, psnr_urban100=25.572, ssim_b100=0.730, ssim_set14=0.857, ssim_set5=0.910, ssim_urban100=0.958 |
    65 | train=0.029195 | val=nan | lr=0.002 | t_train=13.00 | t_val=12.27 | mem=383.9 | psnr_b100=27.371, psnr_set14=28.030, psnr_set5=32.022, psnr_urban100=25.577, ssim_b100=0.730, ssim_set14=0.857, ssim_set5=0.910, ssim_urban100=0.957 |
    66 | train=0.030069 | val=nan | lr=0.002 | t_train=12.76 | t_val=12.11 | mem=383.9 | psnr_b100=27.343, psnr_set14=27.955, psnr_set5=31.970, psnr_urban100=25.443, ssim_b100=0.730, ssim_set14=0.856, ssim_set5=0.908, ssim_urban100=0.956 |
    67 | train=0.029806 | val=nan | lr=0.002 | t_train=12.77 | t_val=12.13 | mem=383.9 | psnr_b100=27.356, psnr_set14=28.030, psnr_set5=32.011, psnr_urban100=25.533, ssim_b100=0.730, ssim_set14=0.856, ssim_set5=0.909, ssim_urban100=0.957 |
    68 | train=0.030130 | val=nan | lr=0.002 | t_train=12.78 | t_val=12.12 | mem=383.9 | psnr_b100=27.350, psnr_set14=27.998, psnr_set5=32.026, psnr_urban100=25.540, ssim_b100=0.730, ssim_set14=0.856, ssim_set5=0.910, ssim_urban100=0.957 |
    69 | train=0.030820 | val=nan | lr=0.002 | t_train=12.79 | t_val=12.14 | mem=383.9 | psnr_b100=27.316, psnr_set14=27.817, psnr_set5=31.943, psnr_urban100=25.386, ssim_b100=0.728, ssim_set14=0.852, ssim_set5=0.909, ssim_urban100=0.954 |
    70 | train=0.031967 | val=nan | lr=0.002 | t_train=12.76 | t_val=12.11 | mem=383.9 | psnr_b100=27.317, psnr_set14=27.963, psnr_set5=31.936, psnr_urban100=25.444, ssim_b100=0.728, ssim_set14=0.855, ssim_set5=0.908, ssim_urban100=0.956 |
    71 | train=0.033608 | val=nan | lr=0.002 | t_train=12.79 | t_val=12.13 | mem=383.9 | psnr_b100=27.354, psnr_set14=28.001, psnr_set5=31.989, psnr_urban100=25.526, ssim_b100=0.730, ssim_set14=0.856, ssim_set5=0.909, ssim_urban100=0.958 |
    72 | train=0.031587 | val=nan | lr=0.002 | t_train=12.76 | t_val=12.10 | mem=383.9 | psnr_b100=27.367, psnr_set14=28.034, psnr_set5=31.993, psnr_urban100=25.514, ssim_b100=0.730, ssim_set14=0.856, ssim_set5=0.908, ssim_urban100=0.957 |
    73 | train=0.030727 | val=nan | lr=0.002 | t_train=12.77 | t_val=12.12 | mem=383.9 | psnr_b100=27.405, psnr_set14=28.063, psnr_set5=32.019, psnr_urban100=25.587, ssim_b100=0.731, ssim_set14=0.857, ssim_set5=0.909, ssim_urban100=0.958 |
    74 | train=0.029697 | val=nan | lr=0.002 | t_train=12.74 | t_val=12.09 | mem=383.9 | psnr_b100=27.410, psnr_set14=28.083, psnr_set5=32.046, psnr_urban100=25.606, ssim_b100=0.731, ssim_set14=0.857, ssim_set5=0.910, ssim_urban100=0.958 |
    75 | train=0.030412 | val=nan | lr=0.002 | t_train=12.74 | t_val=12.09 | mem=383.9 | psnr_b100=27.385, psnr_set14=28.068, psnr_set5=32.001, psnr_urban100=25.568, ssim_b100=0.730, ssim_set14=0.857, ssim_set5=0.909, ssim_urban100=0.957 |
    76 | train=0.030380 | val=nan | lr=0.002 | t_train=12.79 | t_val=12.13 | mem=383.9 | psnr_b100=27.394, psnr_set14=28.057, psnr_set5=32.016, psnr_urban100=25.614, ssim_b100=0.730, ssim_set14=0.856, ssim_set5=0.909, ssim_urban100=0.958 |
    77 | train=0.030983 | val=nan | lr=0.002 | t_train=12.79 | t_val=12.14 | mem=383.9 | psnr_b100=27.417, psnr_set14=28.070, psnr_set5=32.031, psnr_urban100=25.607, ssim_b100=0.732, ssim_set14=0.857, ssim_set5=0.910, ssim_urban100=0.958 |
    78 | train=0.029389 | val=nan | lr=0.002 | t_train=12.77 | t_val=12.12 | mem=383.9 | psnr_b100=27.357, psnr_set14=27.960, psnr_set5=31.874, psnr_urban100=25.511, ssim_b100=0.729, ssim_set14=0.856, ssim_set5=0.908, ssim_urban100=0.957 |
    79 | train=0.030086 | val=nan | lr=0.002 | t_train=12.76 | t_val=12.11 | mem=383.9 | psnr_b100=27.388, psnr_set14=28.039, psnr_set5=31.955, psnr_urban100=25.569, ssim_b100=0.730, ssim_set14=0.856, ssim_set5=0.909, ssim_urban100=0.957 |
    80 | train=0.029044 | val=nan | lr=0.002 | t_train=12.84 | t_val=12.18 | mem=383.9 | psnr_b100=27.395, psnr_set14=28.021, psnr_set5=31.925, psnr_urban100=25.552, ssim_b100=0.730, ssim_set14=0.856, ssim_set5=0.908, ssim_urban100=0.957 |
    81 | train=0.030174 | val=nan | lr=0.002 | t_train=12.77 | t_val=12.12 | mem=383.9 | psnr_b100=27.402, psnr_set14=28.022, psnr_set5=31.910, psnr_urban100=25.552, ssim_b100=0.731, ssim_set14=0.856, ssim_set5=0.908, ssim_urban100=0.957 |
    82 | train=0.027929 | val=nan | lr=0.002 | t_train=12.86 | t_val=12.20 | mem=383.9 | psnr_b100=27.368, psnr_set14=27.983, psnr_set5=31.911, psnr_urban100=25.523, ssim_b100=0.730, ssim_set14=0.855, ssim_set5=0.908, ssim_urban100=0.957 |
    83 | train=0.028084 | val=nan | lr=0.002 | t_train=12.79 | t_val=12.12 | mem=383.9 | psnr_b100=27.322, psnr_set14=27.929, psnr_set5=31.729, psnr_urban100=25.413, ssim_b100=0.729, ssim_set14=0.855, ssim_set5=0.906, ssim_urban100=0.956 |
    84 | train=0.028657 | val=nan | lr=0.002 | t_train=12.80 | t_val=12.14 | mem=383.9 | psnr_b100=27.387, psnr_set14=28.016, psnr_set5=31.922, psnr_urban100=25.502, ssim_b100=0.730, ssim_set14=0.856, ssim_set5=0.909, ssim_urban100=0.957 |
    85 | train=0.028041 | val=nan | lr=0.002 | t_train=12.94 | t_val=12.19 | mem=383.9 | psnr_b100=27.270, psnr_set14=27.867, psnr_set5=31.722, psnr_urban100=25.314, ssim_b100=0.727, ssim_set14=0.854, ssim_set5=0.906, ssim_urban100=0.955 |
    86 | train=0.025771 | val=nan | lr=0.002 | t_train=12.74 | t_val=12.09 | mem=383.9 | psnr_b100=27.342, psnr_set14=27.981, psnr_set5=31.864, psnr_urban100=25.415, ssim_b100=0.729, ssim_set14=0.855, ssim_set5=0.908, ssim_urban100=0.956 |
    87 | train=0.025643 | val=nan | lr=0.002 | t_train=12.79 | t_val=12.15 | mem=383.9 | psnr_b100=27.310, psnr_set14=27.884, psnr_set5=31.725, psnr_urban100=25.377, ssim_b100=0.728, ssim_set14=0.854, ssim_set5=0.905, ssim_urban100=0.955 |
    88 | train=0.026191 | val=nan | lr=0.002 | t_train=12.77 | t_val=12.12 | mem=383.9 | psnr_b100=27.288, psnr_set14=27.857, psnr_set5=31.714, psnr_urban100=25.320, ssim_b100=0.727, ssim_set14=0.853, ssim_set5=0.904, ssim_urban100=0.955 |
    89 | train=0.024149 | val=nan | lr=0.002 | t_train=12.76 | t_val=12.11 | mem=383.9 | psnr_b100=27.210, psnr_set14=27.816, psnr_set5=31.498, psnr_urban100=25.174, ssim_b100=0.725, ssim_set14=0.853, ssim_set5=0.902, ssim_urban100=0.953 |
    90 | train=0.024247 | val=nan | lr=0.002 | t_train=12.80 | t_val=12.14 | mem=383.9 | psnr_b100=27.237, psnr_set14=27.800, psnr_set5=31.532, psnr_urban100=25.237, ssim_b100=0.726, ssim_set14=0.853, ssim_set5=0.902, ssim_urban100=0.954 |
    91 | train=0.023663 | val=nan | lr=0.002 | t_train=12.79 | t_val=12.14 | mem=383.9 | psnr_b100=27.239, psnr_set14=27.768, psnr_set5=31.451, psnr_urban100=25.187, ssim_b100=0.726, ssim_set14=0.853, ssim_set5=0.902, ssim_urban100=0.953 |
    92 | train=0.023901 | val=nan | lr=0.002 | t_train=12.76 | t_val=12.11 | mem=383.9 | psnr_b100=27.202, psnr_set14=27.791, psnr_set5=31.585, psnr_urban100=25.168, ssim_b100=0.725, ssim_set14=0.852, ssim_set5=0.904, ssim_urban100=0.953 |
    93 | train=0.022341 | val=nan | lr=0.002 | t_train=12.78 | t_val=12.14 | mem=383.9 | psnr_b100=26.988, psnr_set14=27.628, psnr_set5=31.242, psnr_urban100=24.880, ssim_b100=0.718, ssim_set14=0.848, ssim_set5=0.900, ssim_urban100=0.948 |
    94 | train=0.020912 | val=nan | lr=0.002 | t_train=12.77 | t_val=12.12 | mem=383.9 | psnr_b100=27.171, psnr_set14=27.747, psnr_set5=31.480, psnr_urban100=25.075, ssim_b100=0.724, ssim_set14=0.852, ssim_set5=0.902, ssim_urban100=0.952 |
    95 | train=0.020500 | val=nan | lr=0.002 | t_train=12.76 | t_val=12.11 | mem=383.9 | psnr_b100=27.088, psnr_set14=27.636, psnr_set5=31.340, psnr_urban100=24.957, ssim_b100=0.721, ssim_set14=0.850, ssim_set5=0.900, ssim_urban100=0.950 |
    96 | train=0.019579 | val=nan | lr=0.002 | t_train=12.69 | t_val=12.04 | mem=383.9 | psnr_b100=27.201, psnr_set14=27.798, psnr_set5=31.563, psnr_urban100=25.116, ssim_b100=0.725, ssim_set14=0.852, ssim_set5=0.902, ssim_urban100=0.952 |
    97 | train=0.018851 | val=nan | lr=0.002 | t_train=12.80 | t_val=12.05 | mem=383.9 | psnr_b100=27.065, psnr_set14=27.616, psnr_set5=31.265, psnr_urban100=24.944, ssim_b100=0.721, ssim_set14=0.849, ssim_set5=0.899, ssim_urban100=0.950 |
    98 | train=0.019502 | val=nan | lr=0.002 | t_train=12.76 | t_val=12.11 | mem=383.9 | psnr_b100=27.257, psnr_set14=27.876, psnr_set5=31.737, psnr_urban100=25.251, ssim_b100=0.727, ssim_set14=0.854, ssim_set5=0.906, ssim_urban100=0.954 |
    99 | train=0.016679 | val=nan | lr=0.002 | t_train=12.79 | t_val=12.14 | mem=383.9 | psnr_b100=27.097, psnr_set14=27.617, psnr_set5=31.338, psnr_urban100=24.927, ssim_b100=0.721, ssim_set14=0.850, ssim_set5=0.900, ssim_urban100=0.949 |
   100 | train=0.014951 | val=nan | lr=0.002 | t_train=12.79 | t_val=12.12 | mem=383.9 | psnr_b100=27.058, psnr_set14=27.587, psnr_set5=31.208, psnr_urban100=24.928, ssim_b100=0.721, ssim_set14=0.850, ssim_set5=0.899, ssim_urban100=0.950 |
   101 | train=0.015111 | val=nan | lr=0.002 | t_train=12.79 | t_val=12.13 | mem=383.9 | psnr_b100=27.002, psnr_set14=27.473, psnr_set5=31.175, psnr_urban100=24.817, ssim_b100=0.719, ssim_set14=0.847, ssim_set5=0.898, ssim_urban100=0.948 |
   102 | train=0.015674 | val=nan | lr=0.002 | t_train=12.77 | t_val=12.12 | mem=383.9 | psnr_b100=26.928, psnr_set14=27.470, psnr_set5=31.134, psnr_urban100=24.789, ssim_b100=0.716, ssim_set14=0.846, ssim_set5=0.898, ssim_urban100=0.947 |
   103 | train=0.013557 | val=nan | lr=0.002 | t_train=12.74 | t_val=12.08 | mem=383.9 | psnr_b100=27.007, psnr_set14=27.579, psnr_set5=31.288, psnr_urban100=24.887, ssim_b100=0.719, ssim_set14=0.849, ssim_set5=0.900, ssim_urban100=0.949 |
   104 | train=0.014745 | val=nan | lr=0.002 | t_train=12.78 | t_val=12.13 | mem=383.9 | psnr_b100=26.906, psnr_set14=27.358, psnr_set5=31.144, psnr_urban100=24.606, ssim_b100=0.715, ssim_set14=0.844, ssim_set5=0.896, ssim_urban100=0.944 |
   105 | train=0.012349 | val=nan | lr=0.002 | t_train=12.76 | t_val=12.11 | mem=383.9 | psnr_b100=27.010, psnr_set14=27.616, psnr_set5=31.332, psnr_urban100=24.827, ssim_b100=0.719, ssim_set14=0.848, ssim_set5=0.901, ssim_urban100=0.948 |
   106 | train=0.013435 | val=nan | lr=0.002 | t_train=12.79 | t_val=12.14 | mem=383.9 | psnr_b100=26.945, psnr_set14=27.456, psnr_set5=31.173, psnr_urban100=24.760, ssim_b100=0.717, ssim_set14=0.847, ssim_set5=0.896, ssim_urban100=0.947 |
   107 | train=0.011043 | val=nan | lr=0.002 | t_train=12.78 | t_val=12.13 | mem=383.9 | psnr_b100=26.858, psnr_set14=27.289, psnr_set5=30.962, psnr_urban100=24.623, ssim_b100=0.715, ssim_set14=0.843, ssim_set5=0.894, ssim_urban100=0.944 |
   108 | train=0.011268 | val=nan | lr=0.002 | t_train=12.77 | t_val=12.12 | mem=383.9 | psnr_b100=26.963, psnr_set14=27.554, psnr_set5=31.170, psnr_urban100=24.811, ssim_b100=0.717, ssim_set14=0.847, ssim_set5=0.897, ssim_urban100=0.948 |
   109 | train=0.010689 | val=nan | lr=0.002 | t_train=12.75 | t_val=12.09 | mem=383.9 | psnr_b100=26.852, psnr_set14=27.340, psnr_set5=31.087, psnr_urban100=24.546, ssim_b100=0.714, ssim_set14=0.843, ssim_set5=0.894, ssim_urban100=0.944 |
   110 | train=0.010128 | val=nan | lr=0.002 | t_train=12.71 | t_val=12.06 | mem=383.9 | psnr_b100=26.926, psnr_set14=27.390, psnr_set5=31.223, psnr_urban100=24.651, ssim_b100=0.716, ssim_set14=0.845, ssim_set5=0.898, ssim_urban100=0.945 |
   111 | train=0.010325 | val=nan | lr=0.002 | t_train=12.79 | t_val=12.13 | mem=383.9 | psnr_b100=26.887, psnr_set14=27.417, psnr_set5=31.071, psnr_urban100=24.662, ssim_b100=0.715, ssim_set14=0.845, ssim_set5=0.894, ssim_urban100=0.945 |
   112 | train=0.010150 | val=nan | lr=0.002 | t_train=12.81 | t_val=12.14 | mem=383.9 | psnr_b100=26.802, psnr_set14=27.229, psnr_set5=30.890, psnr_urban100=24.478, ssim_b100=0.713, ssim_set14=0.842, ssim_set5=0.893, ssim_urban100=0.943 |
   113 | train=0.010321 | val=nan | lr=0.002 | t_train=12.79 | t_val=12.13 | mem=383.9 | psnr_b100=26.964, psnr_set14=27.453, psnr_set5=31.290, psnr_urban100=24.650, ssim_b100=0.717, ssim_set14=0.846, ssim_set5=0.899, ssim_urban100=0.946 |
   114 | train=0.008188 | val=nan | lr=0.002 | t_train=12.80 | t_val=12.15 | mem=383.9 | psnr_b100=26.946, psnr_set14=27.458, psnr_set5=31.207, psnr_urban100=24.726, ssim_b100=0.717, ssim_set14=0.846, ssim_set5=0.898, ssim_urban100=0.946 |
   115 | train=0.008470 | val=nan | lr=0.002 | t_train=12.83 | t_val=12.17 | mem=383.9 | psnr_b100=26.858, psnr_set14=27.315, psnr_set5=31.073, psnr_urban100=24.581, ssim_b100=0.714, ssim_set14=0.843, ssim_set5=0.895, ssim_urban100=0.945 |
   116 | train=0.008601 | val=nan | lr=0.002 | t_train=12.75 | t_val=12.09 | mem=383.9 | psnr_b100=26.924, psnr_set14=27.493, psnr_set5=31.232, psnr_urban100=24.718, ssim_b100=0.716, ssim_set14=0.846, ssim_set5=0.898, ssim_urban100=0.946 |
   117 | train=0.011638 | val=nan | lr=0.002 | t_train=12.92 | t_val=12.15 | mem=383.9 | psnr_b100=26.975, psnr_set14=27.483, psnr_set5=31.222, psnr_urban100=24.760, ssim_b100=0.717, ssim_set14=0.847, ssim_set5=0.898, ssim_urban100=0.947 |
   118 | train=0.008726 | val=nan | lr=0.002 | t_train=12.79 | t_val=12.13 | mem=383.9 | psnr_b100=27.041, psnr_set14=27.527, psnr_set5=31.299, psnr_urban100=24.791, ssim_b100=0.719, ssim_set14=0.848, ssim_set5=0.897, ssim_urban100=0.948 |
   119 | train=0.008966 | val=nan | lr=0.002 | t_train=12.81 | t_val=12.17 | mem=383.9 | psnr_b100=26.720, psnr_set14=27.132, psnr_set5=30.879, psnr_urban100=24.445, ssim_b100=0.710, ssim_set14=0.840, ssim_set5=0.889, ssim_urban100=0.942 |
   120 | train=0.009452 | val=nan | lr=0.002 | t_train=12.81 | t_val=12.16 | mem=383.9 | psnr_b100=26.940, psnr_set14=27.445, psnr_set5=31.131, psnr_urban100=24.698, ssim_b100=0.719, ssim_set14=0.847, ssim_set5=0.898, ssim_urban100=0.947 |
   121 | train=0.009530 | val=nan | lr=0.002 | t_train=12.79 | t_val=12.13 | mem=383.9 | psnr_b100=27.035, psnr_set14=27.613, psnr_set5=31.407, psnr_urban100=24.847, ssim_b100=0.720, ssim_set14=0.848, ssim_set5=0.900, ssim_urban100=0.949 |
   122 | train=0.006555 | val=nan | lr=0.002 | t_train=12.75 | t_val=12.10 | mem=383.9 | psnr_b100=26.927, psnr_set14=27.365, psnr_set5=31.107, psnr_urban100=24.664, ssim_b100=0.716, ssim_set14=0.843, ssim_set5=0.894, ssim_urban100=0.946 |
   123 | train=0.008288 | val=nan | lr=0.002 | t_train=12.80 | t_val=12.15 | mem=383.9 | psnr_b100=26.734, psnr_set14=27.149, psnr_set5=30.926, psnr_urban100=24.359, ssim_b100=0.710, ssim_set14=0.839, ssim_set5=0.893, ssim_urban100=0.941 |
   124 | train=0.006986 | val=nan | lr=0.002 | t_train=12.81 | t_val=12.15 | mem=383.9 | psnr_b100=26.872, psnr_set14=27.308, psnr_set5=31.062, psnr_urban100=24.570, ssim_b100=0.714, ssim_set14=0.843, ssim_set5=0.894, ssim_urban100=0.944 |
   125 | train=0.007076 | val=nan | lr=0.002 | t_train=12.74 | t_val=12.09 | mem=383.9 | psnr_b100=26.880, psnr_set14=27.327, psnr_set5=31.130, psnr_urban100=24.547, ssim_b100=0.714, ssim_set14=0.843, ssim_set5=0.896, ssim_urban100=0.944 |
   126 | train=0.008284 | val=nan | lr=0.002 | t_train=12.79 | t_val=12.12 | mem=383.9 | psnr_b100=26.974, psnr_set14=27.473, psnr_set5=31.281, psnr_urban100=24.730, ssim_b100=0.718, ssim_set14=0.846, ssim_set5=0.898, ssim_urban100=0.946 |
   127 | train=0.008410 | val=nan | lr=0.002 | t_train=12.78 | t_val=12.13 | mem=383.9 | psnr_b100=26.987, psnr_set14=27.459, psnr_set5=31.293, psnr_urban100=24.665, ssim_b100=0.718, ssim_set14=0.846, ssim_set5=0.898, ssim_urban100=0.946 |
   128 | train=0.006991 | val=nan | lr=0.002 | t_train=12.86 | t_val=12.14 | mem=383.9 | psnr_b100=26.858, psnr_set14=27.256, psnr_set5=31.090, psnr_urban100=24.609, ssim_b100=0.715, ssim_set14=0.844, ssim_set5=0.896, ssim_urban100=0.945 |
   129 | train=0.007619 | val=nan | lr=0.002 | t_train=12.78 | t_val=12.12 | mem=383.9 | psnr_b100=26.955, psnr_set14=27.439, psnr_set5=31.179, psnr_urban100=24.717, ssim_b100=0.717, ssim_set14=0.846, ssim_set5=0.895, ssim_urban100=0.947 |
   130 | train=0.009071 | val=nan | lr=0.002 | t_train=12.81 | t_val=12.15 | mem=383.9 | psnr_b100=26.906, psnr_set14=27.394, psnr_set5=31.183, psnr_urban100=24.665, ssim_b100=0.715, ssim_set14=0.845, ssim_set5=0.897, ssim_urban100=0.946 |
   131 | train=0.007566 | val=nan | lr=0.002 | t_train=12.74 | t_val=12.08 | mem=383.9 | psnr_b100=26.923, psnr_set14=27.329, psnr_set5=31.052, psnr_urban100=24.541, ssim_b100=0.716, ssim_set14=0.844, ssim_set5=0.893, ssim_urban100=0.944 |
   132 | train=0.007497 | val=nan | lr=0.002 | t_train=12.77 | t_val=12.11 | mem=383.9 | psnr_b100=27.025, psnr_set14=27.494, psnr_set5=31.316, psnr_urban100=24.754, ssim_b100=0.719, ssim_set14=0.847, ssim_set5=0.898, ssim_urban100=0.948 |
   133 | train=0.007585 | val=nan | lr=0.002 | t_train=12.76 | t_val=12.11 | mem=383.9 | psnr_b100=26.888, psnr_set14=27.345, psnr_set5=31.127, psnr_urban100=24.545, ssim_b100=0.715, ssim_set14=0.843, ssim_set5=0.894, ssim_urban100=0.945 |
   134 | train=0.008493 | val=nan | lr=0.002 | t_train=12.76 | t_val=12.10 | mem=383.9 | psnr_b100=26.944, psnr_set14=27.377, psnr_set5=31.190, psnr_urban100=24.622, ssim_b100=0.716, ssim_set14=0.844, ssim_set5=0.896, ssim_urban100=0.945 |
   135 | train=0.009471 | val=nan | lr=0.002 | t_train=12.79 | t_val=12.11 | mem=383.9 | psnr_b100=26.873, psnr_set14=27.346, psnr_set5=31.097, psnr_urban100=24.539, ssim_b100=0.715, ssim_set14=0.843, ssim_set5=0.895, ssim_urban100=0.944 |
   136 | train=0.009469 | val=nan | lr=0.002 | t_train=12.73 | t_val=12.07 | mem=383.9 | psnr_b100=27.013, psnr_set14=27.484, psnr_set5=31.120, psnr_urban100=24.783, ssim_b100=0.719, ssim_set14=0.847, ssim_set5=0.897, ssim_urban100=0.948 |
   137 | train=0.007628 | val=nan | lr=0.002 | t_train=12.75 | t_val=12.11 | mem=383.9 | psnr_b100=26.921, psnr_set14=27.356, psnr_set5=31.065, psnr_urban100=24.556, ssim_b100=0.716, ssim_set14=0.844, ssim_set5=0.894, ssim_urban100=0.945 |
   138 | train=0.009330 | val=nan | lr=0.002 | t_train=12.74 | t_val=12.09 | mem=383.9 | psnr_b100=26.931, psnr_set14=27.446, psnr_set5=31.248, psnr_urban100=24.660, ssim_b100=0.717, ssim_set14=0.845, ssim_set5=0.898, ssim_urban100=0.946 |
   139 | train=0.008618 | val=nan | lr=0.002 | t_train=12.74 | t_val=12.10 | mem=383.9 | psnr_b100=26.983, psnr_set14=27.531, psnr_set5=31.283, psnr_urban100=24.751, ssim_b100=0.718, ssim_set14=0.847, ssim_set5=0.898, ssim_urban100=0.947 |
   140 | train=0.007955 | val=nan | lr=0.002 | t_train=12.79 | t_val=12.13 | mem=383.9 | psnr_b100=27.077, psnr_set14=27.635, psnr_set5=31.344, psnr_urban100=24.808, ssim_b100=0.721, ssim_set14=0.849, ssim_set5=0.899, ssim_urban100=0.949 |
   141 | train=0.007183 | val=nan | lr=0.002 | t_train=12.80 | t_val=12.13 | mem=383.9 | psnr_b100=26.808, psnr_set14=27.238, psnr_set5=30.844, psnr_urban100=24.522, ssim_b100=0.712, ssim_set14=0.842, ssim_set5=0.888, ssim_urban100=0.944 |
   142 | train=0.007999 | val=nan | lr=0.002 | t_train=12.81 | t_val=12.16 | mem=383.9 | psnr_b100=26.984, psnr_set14=27.543, psnr_set5=31.187, psnr_urban100=24.744, ssim_b100=0.718, ssim_set14=0.847, ssim_set5=0.896, ssim_urban100=0.947 |
   143 | train=0.008106 | val=nan | lr=0.002 | t_train=12.77 | t_val=12.12 | mem=383.9 | psnr_b100=26.893, psnr_set14=27.330, psnr_set5=31.052, psnr_urban100=24.562, ssim_b100=0.715, ssim_set14=0.842, ssim_set5=0.892, ssim_urban100=0.944 |
   144 | train=0.007442 | val=nan | lr=0.002 | t_train=12.79 | t_val=12.13 | mem=383.9 | psnr_b100=27.047, psnr_set14=27.618, psnr_set5=31.374, psnr_urban100=24.879, ssim_b100=0.720, ssim_set14=0.849, ssim_set5=0.898, ssim_urban100=0.949 |
   145 | train=0.007504 | val=nan | lr=0.002 | t_train=12.75 | t_val=12.10 | mem=383.9 | psnr_b100=27.025, psnr_set14=27.561, psnr_set5=31.320, psnr_urban100=24.756, ssim_b100=0.719, ssim_set14=0.848, ssim_set5=0.897, ssim_urban100=0.947 |
   146 | train=0.007522 | val=nan | lr=0.002 | t_train=12.79 | t_val=12.13 | mem=383.9 | psnr_b100=26.947, psnr_set14=27.379, psnr_set5=31.149, psnr_urban100=24.596, ssim_b100=0.716, ssim_set14=0.844, ssim_set5=0.894, ssim_urban100=0.945 |
   147 | train=0.006504 | val=nan | lr=0.002 | t_train=12.80 | t_val=12.13 | mem=383.9 | psnr_b100=27.048, psnr_set14=27.520, psnr_set5=31.247, psnr_urban100=24.785, ssim_b100=0.720, ssim_set14=0.847, ssim_set5=0.896, ssim_urban100=0.949 |
   148 | train=0.008656 | val=nan | lr=0.002 | t_train=12.75 | t_val=12.10 | mem=383.9 | psnr_b100=27.051, psnr_set14=27.617, psnr_set5=31.394, psnr_urban100=24.822, ssim_b100=0.720, ssim_set14=0.848, ssim_set5=0.899, ssim_urban100=0.949 |
   149 | train=0.008964 | val=nan | lr=0.002 | t_train=12.86 | t_val=12.12 | mem=383.9 | psnr_b100=26.858, psnr_set14=27.259, psnr_set5=30.899, psnr_urban100=24.489, ssim_b100=0.714, ssim_set14=0.842, ssim_set5=0.889, ssim_urban100=0.944 |
   150 | train=0.007747 | val=nan | lr=0.002 | t_train=12.83 | t_val=12.18 | mem=383.9 | psnr_b100=26.927, psnr_set14=27.353, psnr_set5=31.080, psnr_urban100=24.566, ssim_b100=0.716, ssim_set14=0.844, ssim_set5=0.892, ssim_urban100=0.945 |
   151 | train=0.008591 | val=nan | lr=0.002 | t_train=12.79 | t_val=12.14 | mem=383.9 | psnr_b100=26.910, psnr_set14=27.303, psnr_set5=31.069, psnr_urban100=24.514, ssim_b100=0.716, ssim_set14=0.844, ssim_set5=0.893, ssim_urban100=0.945 |
   152 | train=0.008088 | val=nan | lr=0.002 | t_train=12.75 | t_val=12.10 | mem=383.9 | psnr_b100=27.009, psnr_set14=27.518, psnr_set5=31.273, psnr_urban100=24.764, ssim_b100=0.719, ssim_set14=0.847, ssim_set5=0.899, ssim_urban100=0.948 |
   153 | train=0.007496 | val=nan | lr=0.002 | t_train=12.79 | t_val=12.15 | mem=383.9 | psnr_b100=27.029, psnr_set14=27.481, psnr_set5=31.246, psnr_urban100=24.736, ssim_b100=0.719, ssim_set14=0.846, ssim_set5=0.896, ssim_urban100=0.947 |
   154 | train=0.007383 | val=nan | lr=0.002 | t_train=12.75 | t_val=12.10 | mem=383.9 | psnr_b100=26.941, psnr_set14=27.298, psnr_set5=30.968, psnr_urban100=24.575, ssim_b100=0.716, ssim_set14=0.842, ssim_set5=0.889, ssim_urban100=0.945 |
   155 | train=0.009626 | val=nan | lr=0.002 | t_train=12.83 | t_val=12.17 | mem=383.9 | psnr_b100=26.998, psnr_set14=27.432, psnr_set5=31.268, psnr_urban100=24.677, ssim_b100=0.718, ssim_set14=0.845, ssim_set5=0.897, ssim_urban100=0.947 |
   156 | train=0.009321 | val=nan | lr=0.002 | t_train=12.82 | t_val=12.16 | mem=383.9 | psnr_b100=27.042, psnr_set14=27.560, psnr_set5=31.378, psnr_urban100=24.744, ssim_b100=0.718, ssim_set14=0.846, ssim_set5=0.898, ssim_urban100=0.947 |
   157 | train=0.007421 | val=nan | lr=0.002 | t_train=12.83 | t_val=12.17 | mem=383.9 | psnr_b100=26.981, psnr_set14=27.412, psnr_set5=31.167, psnr_urban100=24.640, ssim_b100=0.717, ssim_set14=0.846, ssim_set5=0.895, ssim_urban100=0.946 |
   158 | train=0.008637 | val=nan | lr=0.002 | t_train=12.77 | t_val=12.11 | mem=383.9 | psnr_b100=26.943, psnr_set14=27.316, psnr_set5=31.043, psnr_urban100=24.546, ssim_b100=0.716, ssim_set14=0.843, ssim_set5=0.891, ssim_urban100=0.945 |
   159 | train=0.007455 | val=nan | lr=0.002 | t_train=12.79 | t_val=12.14 | mem=383.9 | psnr_b100=27.003, psnr_set14=27.462, psnr_set5=31.214, psnr_urban100=24.686, ssim_b100=0.718, ssim_set14=0.846, ssim_set5=0.895, ssim_urban100=0.947 |
   160 | train=0.007200 | val=nan | lr=0.002 | t_train=12.87 | t_val=12.15 | mem=383.9 | psnr_b100=27.049, psnr_set14=27.577, psnr_set5=31.378, psnr_urban100=24.753, ssim_b100=0.719, ssim_set14=0.847, ssim_set5=0.897, ssim_urban100=0.947 |
   161 | train=0.008935 | val=nan | lr=0.002 | t_train=12.80 | t_val=12.15 | mem=383.9 | psnr_b100=26.976, psnr_set14=27.422, psnr_set5=31.268, psnr_urban100=24.640, ssim_b100=0.717, ssim_set14=0.845, ssim_set5=0.896, ssim_urban100=0.945 |
   162 | train=0.007416 | val=nan | lr=0.002 | t_train=12.80 | t_val=12.15 | mem=383.9 | psnr_b100=27.004, psnr_set14=27.448, psnr_set5=31.215, psnr_urban100=24.696, ssim_b100=0.717, ssim_set14=0.845, ssim_set5=0.896, ssim_urban100=0.946 |
   163 | train=0.009114 | val=nan | lr=0.002 | t_train=12.81 | t_val=12.15 | mem=383.9 | psnr_b100=27.021, psnr_set14=27.480, psnr_set5=31.230, psnr_urban100=24.715, ssim_b100=0.719, ssim_set14=0.846, ssim_set5=0.896, ssim_urban100=0.947 |
   164 | train=0.006907 | val=nan | lr=0.002 | t_train=12.77 | t_val=12.11 | mem=383.9 | psnr_b100=26.858, psnr_set14=27.217, psnr_set5=30.871, psnr_urban100=24.465, ssim_b100=0.715, ssim_set14=0.842, ssim_set5=0.890, ssim_urban100=0.944 |
   165 | train=0.009480 | val=nan | lr=0.002 | t_train=12.80 | t_val=12.16 | mem=383.9 | psnr_b100=27.038, psnr_set14=27.524, psnr_set5=31.294, psnr_urban100=24.767, ssim_b100=0.719, ssim_set14=0.847, ssim_set5=0.897, ssim_urban100=0.949 |
   166 | train=0.005005 | val=nan | lr=0.002 | t_train=12.92 | t_val=12.27 | mem=383.9 | psnr_b100=26.942, psnr_set14=27.315, psnr_set5=31.086, psnr_urban100=24.566, ssim_b100=0.716, ssim_set14=0.844, ssim_set5=0.892, ssim_urban100=0.945 |
   167 | train=0.006879 | val=nan | lr=0.002 | t_train=12.93 | t_val=12.28 | mem=383.9 | psnr_b100=27.056, psnr_set14=27.512, psnr_set5=31.314, psnr_urban100=24.804, ssim_b100=0.720, ssim_set14=0.847, ssim_set5=0.897, ssim_urban100=0.949 |
   168 | train=0.007406 | val=nan | lr=0.002 | t_train=12.90 | t_val=12.24 | mem=383.9 | psnr_b100=26.983, psnr_set14=27.397, psnr_set5=31.169, psnr_urban100=24.629, ssim_b100=0.718, ssim_set14=0.845, ssim_set5=0.894, ssim_urban100=0.946 |
   169 | train=0.006943 | val=nan | lr=0.002 | t_train=12.89 | t_val=12.24 | mem=383.9 | psnr_b100=26.964, psnr_set14=27.335, psnr_set5=31.073, psnr_urban100=24.571, ssim_b100=0.717, ssim_set14=0.844, ssim_set5=0.892, ssim_urban100=0.945 |
   170 | train=0.007446 | val=nan | lr=0.002 | t_train=12.76 | t_val=12.12 | mem=383.9 | psnr_b100=26.873, psnr_set14=27.204, psnr_set5=30.978, psnr_urban100=24.398, ssim_b100=0.715, ssim_set14=0.841, ssim_set5=0.890, ssim_urban100=0.943 |
   171 | train=0.007102 | val=nan | lr=0.002 | t_train=12.79 | t_val=12.13 | mem=383.9 | psnr_b100=27.031, psnr_set14=27.491, psnr_set5=31.251, psnr_urban100=24.749, ssim_b100=0.719, ssim_set14=0.847, ssim_set5=0.895, ssim_urban100=0.948 |
   172 | train=0.007653 | val=nan | lr=0.002 | t_train=12.87 | t_val=12.23 | mem=383.9 | psnr_b100=27.004, psnr_set14=27.434, psnr_set5=31.210, psnr_urban100=24.655, ssim_b100=0.719, ssim_set14=0.846, ssim_set5=0.896, ssim_urban100=0.947 |
   173 | train=0.007051 | val=nan | lr=0.002 | t_train=12.86 | t_val=12.20 | mem=383.9 | psnr_b100=26.926, psnr_set14=27.350, psnr_set5=31.061, psnr_urban100=24.569, ssim_b100=0.715, ssim_set14=0.844, ssim_set5=0.891, ssim_urban100=0.945 |
   174 | train=0.006680 | val=nan | lr=0.002 | t_train=12.81 | t_val=12.17 | mem=383.9 | psnr_b100=26.948, psnr_set14=27.367, psnr_set5=31.053, psnr_urban100=24.580, ssim_b100=0.717, ssim_set14=0.844, ssim_set5=0.892, ssim_urban100=0.945 |
   175 | train=0.009124 | val=nan | lr=0.002 | t_train=12.85 | t_val=12.20 | mem=383.9 | psnr_b100=27.034, psnr_set14=27.527, psnr_set5=31.260, psnr_urban100=24.782, ssim_b100=0.720, ssim_set14=0.848, ssim_set5=0.896, ssim_urban100=0.949 |
   176 | train=0.006793 | val=nan | lr=0.002 | t_train=12.86 | t_val=12.21 | mem=383.9 | psnr_b100=27.006, psnr_set14=27.454, psnr_set5=31.231, psnr_urban100=24.670, ssim_b100=0.719, ssim_set14=0.846, ssim_set5=0.895, ssim_urban100=0.947 |
   177 | train=0.006609 | val=nan | lr=0.002 | t_train=12.86 | t_val=12.21 | mem=383.9 | psnr_b100=26.978, psnr_set14=27.387, psnr_set5=31.113, psnr_urban100=24.654, ssim_b100=0.717, ssim_set14=0.845, ssim_set5=0.892, ssim_urban100=0.946 |
   178 | train=0.006926 | val=nan | lr=0.002 | t_train=12.85 | t_val=12.20 | mem=383.9 | psnr_b100=26.985, psnr_set14=27.444, psnr_set5=31.232, psnr_urban100=24.670, ssim_b100=0.717, ssim_set14=0.845, ssim_set5=0.895, ssim_urban100=0.946 |
   179 | train=0.008270 | val=nan | lr=0.002 | t_train=12.91 | t_val=12.26 | mem=383.9 | psnr_b100=26.930, psnr_set14=27.353, psnr_set5=31.041, psnr_urban100=24.571, ssim_b100=0.717, ssim_set14=0.845, ssim_set5=0.893, ssim_urban100=0.946 |
   180 | train=0.007799 | val=nan | lr=0.002 | t_train=12.86 | t_val=12.21 | mem=383.9 | psnr_b100=26.968, psnr_set14=27.396, psnr_set5=31.082, psnr_urban100=24.633, ssim_b100=0.717, ssim_set14=0.844, ssim_set5=0.892, ssim_urban100=0.946 |
   181 | train=0.007206 | val=nan | lr=0.002 | t_train=12.85 | t_val=12.19 | mem=383.9 | psnr_b100=26.954, psnr_set14=27.368, psnr_set5=31.161, psnr_urban100=24.578, ssim_b100=0.716, ssim_set14=0.844, ssim_set5=0.893, ssim_urban100=0.946 |
   182 | train=0.006707 | val=nan | lr=0.002 | t_train=12.99 | t_val=12.24 | mem=383.9 | psnr_b100=26.896, psnr_set14=27.248, psnr_set5=30.930, psnr_urban100=24.523, ssim_b100=0.715, ssim_set14=0.842, ssim_set5=0.889, ssim_urban100=0.945 |
   183 | train=0.006809 | val=nan | lr=0.002 | t_train=12.86 | t_val=12.20 | mem=383.9 | psnr_b100=26.988, psnr_set14=27.415, psnr_set5=31.161, psnr_urban100=24.617, ssim_b100=0.718, ssim_set14=0.845, ssim_set5=0.893, ssim_urban100=0.946 |
   184 | train=0.007431 | val=nan | lr=0.002 | t_train=12.93 | t_val=12.27 | mem=383.9 | psnr_b100=27.002, psnr_set14=27.446, psnr_set5=31.233, psnr_urban100=24.682, ssim_b100=0.719, ssim_set14=0.846, ssim_set5=0.895, ssim_urban100=0.947 |
   185 | train=0.007686 | val=nan | lr=0.002 | t_train=12.89 | t_val=12.24 | mem=383.9 | psnr_b100=26.975, psnr_set14=27.430, psnr_set5=31.078, psnr_urban100=24.667, ssim_b100=0.719, ssim_set14=0.846, ssim_set5=0.894, ssim_urban100=0.947 |
   186 | train=0.008082 | val=nan | lr=0.002 | t_train=12.81 | t_val=12.17 | mem=383.9 | psnr_b100=26.992, psnr_set14=27.402, psnr_set5=31.174, psnr_urban100=24.621, ssim_b100=0.718, ssim_set14=0.845, ssim_set5=0.894, ssim_urban100=0.946 |
   187 | train=0.006717 | val=nan | lr=0.002 | t_train=12.85 | t_val=12.19 | mem=383.9 | psnr_b100=26.993, psnr_set14=27.457, psnr_set5=31.227, psnr_urban100=24.679, ssim_b100=0.718, ssim_set14=0.845, ssim_set5=0.895, ssim_urban100=0.947 |
   188 | train=0.008565 | val=nan | lr=0.002 | t_train=12.80 | t_val=12.14 | mem=383.9 | psnr_b100=27.014, psnr_set14=27.463, psnr_set5=31.253, psnr_urban100=24.684, ssim_b100=0.718, ssim_set14=0.846, ssim_set5=0.895, ssim_urban100=0.947 |
   189 | train=0.006167 | val=nan | lr=0.002 | t_train=12.83 | t_val=12.18 | mem=383.9 | psnr_b100=26.970, psnr_set14=27.388, psnr_set5=31.123, psnr_urban100=24.637, ssim_b100=0.718, ssim_set14=0.845, ssim_set5=0.894, ssim_urban100=0.947 |
   190 | train=0.006740 | val=nan | lr=0.002 | t_train=12.89 | t_val=12.23 | mem=383.9 | psnr_b100=26.977, psnr_set14=27.385, psnr_set5=31.115, psnr_urban100=24.627, ssim_b100=0.718, ssim_set14=0.845, ssim_set5=0.893, ssim_urban100=0.947 |
   191 | train=0.007827 | val=nan | lr=0.002 | t_train=12.98 | t_val=12.25 | mem=383.9 | psnr_b100=26.979, psnr_set14=27.392, psnr_set5=31.177, psnr_urban100=24.606, ssim_b100=0.718, ssim_set14=0.845, ssim_set5=0.894, ssim_urban100=0.946 |
   192 | train=0.007066 | val=nan | lr=0.002 | t_train=12.85 | t_val=12.20 | mem=383.9 | psnr_b100=26.954, psnr_set14=27.340, psnr_set5=31.070, psnr_urban100=24.558, ssim_b100=0.717, ssim_set14=0.844, ssim_set5=0.893, ssim_urban100=0.945 |
   193 | train=0.007039 | val=nan | lr=0.002 | t_train=12.88 | t_val=12.22 | mem=383.9 | psnr_b100=26.988, psnr_set14=27.469, psnr_set5=31.162, psnr_urban100=24.688, ssim_b100=0.718, ssim_set14=0.845, ssim_set5=0.894, ssim_urban100=0.947 |
   194 | train=0.006317 | val=nan | lr=0.002 | t_train=12.88 | t_val=12.21 | mem=383.9 | psnr_b100=26.984, psnr_set14=27.456, psnr_set5=31.163, psnr_urban100=24.710, ssim_b100=0.719, ssim_set14=0.846, ssim_set5=0.895, ssim_urban100=0.948 |
   195 | train=0.005297 | val=nan | lr=0.002 | t_train=12.86 | t_val=12.20 | mem=383.9 | psnr_b100=26.896, psnr_set14=27.236, psnr_set5=31.039, psnr_urban100=24.426, ssim_b100=0.716, ssim_set14=0.842, ssim_set5=0.893, ssim_urban100=0.943 |
   196 | train=0.007082 | val=nan | lr=0.002 | t_train=12.87 | t_val=12.22 | mem=383.9 | psnr_b100=27.023, psnr_set14=27.474, psnr_set5=31.191, psnr_urban100=24.720, ssim_b100=0.720, ssim_set14=0.846, ssim_set5=0.894, ssim_urban100=0.948 |
   197 | train=0.007124 | val=nan | lr=0.002 | t_train=12.85 | t_val=12.21 | mem=383.9 | psnr_b100=26.991, psnr_set14=27.401, psnr_set5=31.178, psnr_urban100=24.648, ssim_b100=0.719, ssim_set14=0.845, ssim_set5=0.895, ssim_urban100=0.947 |
   198 | train=0.009055 | val=nan | lr=0.002 | t_train=12.77 | t_val=12.11 | mem=383.9 | psnr_b100=26.945, psnr_set14=27.366, psnr_set5=31.048, psnr_urban100=24.626, ssim_b100=0.717, ssim_set14=0.843, ssim_set5=0.892, ssim_urban100=0.946 |
   199 | train=0.006426 | val=nan | lr=0.002 | t_train=12.87 | t_val=12.21 | mem=383.9 | psnr_b100=26.995, psnr_set14=27.400, psnr_set5=31.182, psnr_urban100=24.682, ssim_b100=0.719, ssim_set14=0.845, ssim_set5=0.895, ssim_urban100=0.947 |
   200 | train=0.006840 | val=nan | lr=0.002 | t_train=12.84 | t_val=12.19 | mem=383.9 | psnr_b100=26.936, psnr_set14=27.279, psnr_set5=30.986, psnr_urban100=24.569, ssim_b100=0.717, ssim_set14=0.843, ssim_set5=0.892, ssim_urban100=0.946 |
   201 | train=0.007452 | val=nan | lr=0.002 | t_train=12.90 | t_val=12.25 | mem=383.9 | psnr_b100=26.944, psnr_set14=27.375, psnr_set5=31.054, psnr_urban100=24.624, ssim_b100=0.718, ssim_set14=0.845, ssim_set5=0.893, ssim_urban100=0.947 |
   202 | train=0.007127 | val=nan | lr=0.002 | t_train=12.78 | t_val=12.13 | mem=383.9 | psnr_b100=26.953, psnr_set14=27.361, psnr_set5=31.106, psnr_urban100=24.627, ssim_b100=0.718, ssim_set14=0.844, ssim_set5=0.893, ssim_urban100=0.947 |
   203 | train=0.007889 | val=nan | lr=0.002 | t_train=12.80 | t_val=12.15 | mem=383.9 | psnr_b100=26.834, psnr_set14=27.247, psnr_set5=30.908, psnr_urban100=24.507, ssim_b100=0.714, ssim_set14=0.842, ssim_set5=0.890, ssim_urban100=0.945 |
   204 | train=0.007076 | val=nan | lr=0.002 | t_train=12.82 | t_val=12.17 | mem=383.9 | psnr_b100=26.990, psnr_set14=27.421, psnr_set5=31.193, psnr_urban100=24.640, ssim_b100=0.717, ssim_set14=0.844, ssim_set5=0.894, ssim_urban100=0.946 |
   205 | train=0.008266 | val=nan | lr=0.002 | t_train=12.90 | t_val=12.23 | mem=383.9 | psnr_b100=26.935, psnr_set14=27.355, psnr_set5=30.973, psnr_urban100=24.620, ssim_b100=0.717, ssim_set14=0.844, ssim_set5=0.892, ssim_urban100=0.947 |
   206 | train=0.006198 | val=nan | lr=0.002 | t_train=12.76 | t_val=12.11 | mem=383.9 | psnr_b100=26.880, psnr_set14=27.233, psnr_set5=30.941, psnr_urban100=24.442, ssim_b100=0.714, ssim_set14=0.841, ssim_set5=0.888, ssim_urban100=0.944 |
   207 | train=0.007103 | val=nan | lr=0.002 | t_train=12.91 | t_val=12.26 | mem=383.9 | psnr_b100=26.979, psnr_set14=27.446, psnr_set5=31.161, psnr_urban100=24.649, ssim_b100=0.718, ssim_set14=0.845, ssim_set5=0.894, ssim_urban100=0.947 |
   208 | train=0.006186 | val=nan | lr=0.002 | t_train=12.90 | t_val=12.24 | mem=383.9 | psnr_b100=26.943, psnr_set14=27.409, psnr_set5=31.119, psnr_urban100=24.628, ssim_b100=0.717, ssim_set14=0.844, ssim_set5=0.892, ssim_urban100=0.946 |
   209 | train=0.007143 | val=nan | lr=0.002 | t_train=12.96 | t_val=12.30 | mem=383.9 | psnr_b100=27.020, psnr_set14=27.442, psnr_set5=31.164, psnr_urban100=24.696, ssim_b100=0.720, ssim_set14=0.846, ssim_set5=0.894, ssim_urban100=0.948 |
   210 | train=0.007319 | val=nan | lr=0.002 | t_train=12.85 | t_val=12.20 | mem=383.9 | psnr_b100=27.001, psnr_set14=27.376, psnr_set5=31.104, psnr_urban100=24.654, ssim_b100=0.719, ssim_set14=0.845, ssim_set5=0.893, ssim_urban100=0.947 |
   211 | train=0.007399 | val=nan | lr=0.002 | t_train=12.90 | t_val=12.24 | mem=383.9 | psnr_b100=26.995, psnr_set14=27.431, psnr_set5=31.204, psnr_urban100=24.641, ssim_b100=0.719, ssim_set14=0.846, ssim_set5=0.894, ssim_urban100=0.947 |
   212 | train=0.006493 | val=nan | lr=0.002 | t_train=12.82 | t_val=12.17 | mem=383.9 | psnr_b100=26.961, psnr_set14=27.372, psnr_set5=31.110, psnr_urban100=24.618, ssim_b100=0.718, ssim_set14=0.845, ssim_set5=0.893, ssim_urban100=0.947 |
   213 | train=0.007401 | val=nan | lr=0.002 | t_train=12.89 | t_val=12.23 | mem=383.9 | psnr_b100=26.951, psnr_set14=27.390, psnr_set5=31.051, psnr_urban100=24.675, ssim_b100=0.716, ssim_set14=0.844, ssim_set5=0.891, ssim_urban100=0.947 |
   214 | train=0.008198 | val=nan | lr=0.002 | t_train=12.80 | t_val=12.15 | mem=383.9 | psnr_b100=27.021, psnr_set14=27.472, psnr_set5=31.218, psnr_urban100=24.724, ssim_b100=0.719, ssim_set14=0.847, ssim_set5=0.895, ssim_urban100=0.948 |
   215 | train=0.007278 | val=nan | lr=0.002 | t_train=12.97 | t_val=12.22 | mem=383.9 | psnr_b100=27.003, psnr_set14=27.447, psnr_set5=31.266, psnr_urban100=24.723, ssim_b100=0.718, ssim_set14=0.845, ssim_set5=0.895, ssim_urban100=0.948 |
   216 | train=0.006679 | val=nan | lr=0.002 | t_train=12.88 | t_val=12.23 | mem=383.9 | psnr_b100=27.050, psnr_set14=27.493, psnr_set5=31.233, psnr_urban100=24.809, ssim_b100=0.720, ssim_set14=0.847, ssim_set5=0.895, ssim_urban100=0.949 |
   217 | train=0.008029 | val=nan | lr=0.002 | t_train=12.85 | t_val=12.20 | mem=383.9 | psnr_b100=26.966, psnr_set14=27.347, psnr_set5=31.055, psnr_urban100=24.615, ssim_b100=0.717, ssim_set14=0.844, ssim_set5=0.891, ssim_urban100=0.947 |
   218 | train=0.006868 | val=nan | lr=0.002 | t_train=12.87 | t_val=12.23 | mem=383.9 | psnr_b100=26.970, psnr_set14=27.360, psnr_set5=31.095, psnr_urban100=24.639, ssim_b100=0.717, ssim_set14=0.844, ssim_set5=0.892, ssim_urban100=0.947 |
   219 | train=0.008840 | val=nan | lr=0.002 | t_train=12.85 | t_val=12.20 | mem=383.9 | psnr_b100=27.079, psnr_set14=27.543, psnr_set5=31.270, psnr_urban100=24.832, ssim_b100=0.720, ssim_set14=0.847, ssim_set5=0.895, ssim_urban100=0.949 |
   220 | train=0.007745 | val=nan | lr=0.002 | t_train=12.94 | t_val=12.27 | mem=383.9 | psnr_b100=27.099, psnr_set14=27.582, psnr_set5=31.372, psnr_urban100=24.845, ssim_b100=0.721, ssim_set14=0.848, ssim_set5=0.898, ssim_urban100=0.949 |
   221 | train=0.008588 | val=nan | lr=0.002 | t_train=12.89 | t_val=12.23 | mem=383.9 | psnr_b100=27.007, psnr_set14=27.397, psnr_set5=31.132, psnr_urban100=24.685, ssim_b100=0.719, ssim_set14=0.846, ssim_set5=0.894, ssim_urban100=0.948 |
   222 | train=0.005261 | val=nan | lr=0.002 | t_train=12.93 | t_val=12.28 | mem=383.9 | psnr_b100=27.006, psnr_set14=27.444, psnr_set5=31.202, psnr_urban100=24.725, ssim_b100=0.719, ssim_set14=0.846, ssim_set5=0.895, ssim_urban100=0.948 |
   223 | train=0.006805 | val=nan | lr=0.0019964 | t_train=12.99 | t_val=12.26 | mem=383.9 | psnr_b100=26.967, psnr_set14=27.389, psnr_set5=31.137, psnr_urban100=24.668, ssim_b100=0.718, ssim_set14=0.845, ssim_set5=0.895, ssim_urban100=0.947 |
   224 | train=0.006420 | val=nan | lr=0.0019926 | t_train=12.91 | t_val=12.24 | mem=383.9 | psnr_b100=27.033, psnr_set14=27.439, psnr_set5=31.216, psnr_urban100=24.755, ssim_b100=0.720, ssim_set14=0.846, ssim_set5=0.896, ssim_urban100=0.948 |
   225 | train=0.005936 | val=nan | lr=0.0019888 | t_train=12.89 | t_val=12.23 | mem=383.9 | psnr_b100=27.039, psnr_set14=27.434, psnr_set5=31.228, psnr_urban100=24.751, ssim_b100=0.719, ssim_set14=0.846, ssim_set5=0.896, ssim_urban100=0.948 |
   226 | train=0.005765 | val=nan | lr=0.0019851 | t_train=12.87 | t_val=12.22 | mem=383.9 | psnr_b100=27.025, psnr_set14=27.452, psnr_set5=31.239, psnr_urban100=24.797, ssim_b100=0.719, ssim_set14=0.846, ssim_set5=0.895, ssim_urban100=0.949 |
   227 | train=0.008183 | val=nan | lr=0.0019813 | t_train=12.95 | t_val=12.28 | mem=383.9 | psnr_b100=27.090, psnr_set14=27.524, psnr_set5=31.425, psnr_urban100=24.823, ssim_b100=0.721, ssim_set14=0.847, ssim_set5=0.899, ssim_urban100=0.949 |
   228 | train=0.010221 | val=nan | lr=0.0019775 | t_train=12.89 | t_val=12.24 | mem=383.9 | psnr_b100=26.999, psnr_set14=27.435, psnr_set5=31.136, psnr_urban100=24.763, ssim_b100=0.719, ssim_set14=0.846, ssim_set5=0.895, ssim_urban100=0.948 |
   229 | train=0.007568 | val=nan | lr=0.0019738 | t_train=12.89 | t_val=12.23 | mem=383.9 | psnr_b100=27.006, psnr_set14=27.423, psnr_set5=31.162, psnr_urban100=24.716, ssim_b100=0.718, ssim_set14=0.845, ssim_set5=0.893, ssim_urban100=0.948 |
   230 | train=0.007154 | val=nan | lr=0.00197 | t_train=12.88 | t_val=12.22 | mem=383.9 | psnr_b100=27.016, psnr_set14=27.415, psnr_set5=31.228, psnr_urban100=24.673, ssim_b100=0.719, ssim_set14=0.845, ssim_set5=0.896, ssim_urban100=0.947 |
   231 | train=0.006795 | val=nan | lr=0.0019663 | t_train=12.85 | t_val=12.20 | mem=383.9 | psnr_b100=27.036, psnr_set14=27.513, psnr_set5=31.217, psnr_urban100=24.762, ssim_b100=0.719, ssim_set14=0.847, ssim_set5=0.895, ssim_urban100=0.948 |
   232 | train=0.006785 | val=nan | lr=0.0019626 | t_train=12.85 | t_val=12.21 | mem=383.9 | psnr_b100=26.970, psnr_set14=27.421, psnr_set5=31.196, psnr_urban100=24.688, ssim_b100=0.718, ssim_set14=0.846, ssim_set5=0.895, ssim_urban100=0.948 |
   233 | train=0.006467 | val=nan | lr=0.0019588 | t_train=12.86 | t_val=12.21 | mem=383.9 | psnr_b100=27.009, psnr_set14=27.430, psnr_set5=31.180, psnr_urban100=24.758, ssim_b100=0.719, ssim_set14=0.846, ssim_set5=0.894, ssim_urban100=0.949 |
   234 | train=0.007177 | val=nan | lr=0.0019551 | t_train=12.90 | t_val=12.24 | mem=383.9 | psnr_b100=27.085, psnr_set14=27.559, psnr_set5=31.263, psnr_urban100=24.847, ssim_b100=0.722, ssim_set14=0.849, ssim_set5=0.898, ssim_urban100=0.950 |
   235 | train=0.006897 | val=nan | lr=0.0019514 | t_train=12.90 | t_val=12.24 | mem=383.9 | psnr_b100=27.027, psnr_set14=27.461, psnr_set5=31.190, psnr_urban100=24.757, ssim_b100=0.719, ssim_set14=0.847, ssim_set5=0.895, ssim_urban100=0.948 |
   236 | train=0.005934 | val=nan | lr=0.0019477 | t_train=12.87 | t_val=12.21 | mem=383.9 | psnr_b100=27.056, psnr_set14=27.513, psnr_set5=31.292, psnr_urban100=24.802, ssim_b100=0.720, ssim_set14=0.847, ssim_set5=0.896, ssim_urban100=0.949 |
   237 | train=0.007217 | val=nan | lr=0.001944 | t_train=12.89 | t_val=12.23 | mem=383.9 | psnr_b100=26.967, psnr_set14=27.358, psnr_set5=31.095, psnr_urban100=24.614, ssim_b100=0.718, ssim_set14=0.844, ssim_set5=0.893, ssim_urban100=0.947 |
   238 | train=0.006985 | val=nan | lr=0.0019403 | t_train=12.90 | t_val=12.24 | mem=383.9 | psnr_b100=27.037, psnr_set14=27.471, psnr_set5=31.222, psnr_urban100=24.722, ssim_b100=0.719, ssim_set14=0.846, ssim_set5=0.895, ssim_urban100=0.948 |
   239 | train=0.007220 | val=nan | lr=0.0019366 | t_train=12.90 | t_val=12.25 | mem=383.9 | psnr_b100=27.059, psnr_set14=27.499, psnr_set5=31.220, psnr_urban100=24.752, ssim_b100=0.720, ssim_set14=0.847, ssim_set5=0.894, ssim_urban100=0.948 |
   240 | train=0.005550 | val=nan | lr=0.0019329 | t_train=12.87 | t_val=12.21 | mem=383.9 | psnr_b100=27.062, psnr_set14=27.484, psnr_set5=31.227, psnr_urban100=24.755, ssim_b100=0.721, ssim_set14=0.847, ssim_set5=0.895, ssim_urban100=0.949 |
   241 | train=0.006516 | val=nan | lr=0.0019293 | t_train=12.94 | t_val=12.27 | mem=383.9 | psnr_b100=27.039, psnr_set14=27.478, psnr_set5=31.235, psnr_urban100=24.731, ssim_b100=0.720, ssim_set14=0.847, ssim_set5=0.896, ssim_urban100=0.948 |
   242 | train=0.007132 | val=nan | lr=0.0019256 | t_train=12.97 | t_val=12.31 | mem=383.9 | psnr_b100=27.038, psnr_set14=27.452, psnr_set5=31.209, psnr_urban100=24.757, ssim_b100=0.720, ssim_set14=0.846, ssim_set5=0.895, ssim_urban100=0.948 |
   243 | train=0.006072 | val=nan | lr=0.001922 | t_train=12.90 | t_val=12.23 | mem=383.9 | psnr_b100=27.055, psnr_set14=27.498, psnr_set5=31.288, psnr_urban100=24.804, ssim_b100=0.720, ssim_set14=0.847, ssim_set5=0.896, ssim_urban100=0.949 |
   244 | train=0.005323 | val=nan | lr=0.0019183 | t_train=12.93 | t_val=12.28 | mem=383.9 | psnr_b100=27.007, psnr_set14=27.442, psnr_set5=31.195, psnr_urban100=24.730, ssim_b100=0.718, ssim_set14=0.845, ssim_set5=0.894, ssim_urban100=0.948 |
   245 | train=0.006437 | val=nan | lr=0.0019147 | t_train=12.96 | t_val=12.29 | mem=383.9 | psnr_b100=27.063, psnr_set14=27.543, psnr_set5=31.274, psnr_urban100=24.790, ssim_b100=0.720, ssim_set14=0.848, ssim_set5=0.896, ssim_urban100=0.949 |
   246 | train=0.006521 | val=nan | lr=0.001911 | t_train=12.97 | t_val=12.22 | mem=383.9 | psnr_b100=26.990, psnr_set14=27.401, psnr_set5=31.128, psnr_urban100=24.672, ssim_b100=0.719, ssim_set14=0.845, ssim_set5=0.893, ssim_urban100=0.948 |
   247 | train=0.006989 | val=nan | lr=0.0019074 | t_train=12.88 | t_val=12.23 | mem=383.9 | psnr_b100=27.076, psnr_set14=27.497, psnr_set5=31.303, psnr_urban100=24.776, ssim_b100=0.721, ssim_set14=0.847, ssim_set5=0.896, ssim_urban100=0.948 |
   248 | train=0.005935 | val=nan | lr=0.0019038 | t_train=12.81 | t_val=12.16 | mem=383.9 | psnr_b100=27.012, psnr_set14=27.469, psnr_set5=31.207, psnr_urban100=24.740, ssim_b100=0.719, ssim_set14=0.846, ssim_set5=0.894, ssim_urban100=0.948 |
   249 | train=0.005523 | val=nan | lr=0.0019002 | t_train=12.91 | t_val=12.25 | mem=383.9 | psnr_b100=27.029, psnr_set14=27.495, psnr_set5=31.251, psnr_urban100=24.738, ssim_b100=0.719, ssim_set14=0.847, ssim_set5=0.896, ssim_urban100=0.948 |
