     0 | train=nan | val=nan | lr=nan | t_train=nan | t_val=1.81 | mem=248.9 | psnr_b100=27.621, psnr_set14=28.302, psnr_set5=32.057, psnr_urban100=26.141, ssim_b100=0.738, ssim_set14=0.861, ssim_set5=0.906, ssim_urban100=0.963 |
     0 | train=nan | val=nan | lr=nan | t_train=nan | t_val=21.64 | mem=250.8 | psnr_b100=27.621, psnr_set14=28.302, psnr_set5=32.056, psnr_urban100=26.140, ssim_b100=0.738, ssim_set14=0.861, ssim_set5=0.906, ssim_urban100=0.963 |
     0 | train=nan | val=nan | lr=nan | t_train=nan | t_val=21.84 | mem=250.9 | psnr_b100=27.621, psnr_set14=28.303, psnr_set5=32.056, psnr_urban100=26.140, ssim_b100=0.738, ssim_set14=0.861, ssim_set5=0.906, ssim_urban100=0.963 |
     0 | train=nan | val=nan | lr=nan | t_train=nan | t_val=22.05 | mem=250.9 | psnr_b100=27.618, psnr_set14=28.302, psnr_set5=32.055, psnr_urban100=26.139, ssim_b100=0.738, ssim_set14=0.861, ssim_set5=0.906, ssim_urban100=0.963 |
# epoch | train_loss | val_loss | LR | t_train(s) | t_val(s) | gpu_mem(MB) | SRBench(psnr/ssim...)
     0 | train=nan | val=nan | lr=nan | t_train=nan | t_val=1.66 | mem=250.9 |
     0 | train=0.000705 | val=nan | lr=7.2e-05 | t_train=13.63 | t_val=12.79 | mem=383.9 | psnr_b100=27.619, psnr_set14=28.301, psnr_set5=32.343, psnr_urban100=26.139, ssim_b100=0.738, ssim_set14=0.861, ssim_set5=0.914, ssim_urban100=0.963 |
     1 | train=0.000696 | val=nan | lr=0.000148 | t_train=13.61 | t_val=12.89 | mem=383.9 | psnr_b100=27.618, psnr_set14=28.300, psnr_set5=32.342, psnr_urban100=26.136, ssim_b100=0.738, ssim_set14=0.861, ssim_set5=0.914, ssim_urban100=0.963 |
     2 | train=0.000714 | val=nan | lr=0.000224 | t_train=14.53 | t_val=13.65 | mem=383.9 | psnr_b100=27.619, psnr_set14=28.297, psnr_set5=32.346, psnr_urban100=26.133, ssim_b100=0.738, ssim_set14=0.861, ssim_set5=0.914, ssim_urban100=0.963 |
     3 | train=0.000768 | val=nan | lr=0.0003 | t_train=15.34 | t_val=14.33 | mem=383.9 | psnr_b100=27.618, psnr_set14=28.298, psnr_set5=32.334, psnr_urban100=26.136, ssim_b100=0.738, ssim_set14=0.861, ssim_set5=0.914, ssim_urban100=0.963 |
     4 | train=0.000942 | val=nan | lr=0.000376 | t_train=15.36 | t_val=14.41 | mem=383.9 | psnr_b100=27.616, psnr_set14=28.295, psnr_set5=32.338, psnr_urban100=26.131, ssim_b100=0.738, ssim_set14=0.861, ssim_set5=0.914, ssim_urban100=0.963 |
     5 | train=0.000849 | val=nan | lr=0.000452 | t_train=14.97 | t_val=13.92 | mem=383.9 | psnr_b100=27.616, psnr_set14=28.294, psnr_set5=32.346, psnr_urban100=26.129, ssim_b100=0.738, ssim_set14=0.861, ssim_set5=0.914, ssim_urban100=0.963 |
     6 | train=0.000885 | val=nan | lr=0.000528 | t_train=15.03 | t_val=14.19 | mem=383.9 | psnr_b100=27.615, psnr_set14=28.288, psnr_set5=32.340, psnr_urban100=26.129, ssim_b100=0.738, ssim_set14=0.861, ssim_set5=0.914, ssim_urban100=0.963 |
     7 | train=0.000909 | val=nan | lr=0.000604 | t_train=14.46 | t_val=13.65 | mem=383.9 | psnr_b100=27.613, psnr_set14=28.295, psnr_set5=32.333, psnr_urban100=26.124, ssim_b100=0.738, ssim_set14=0.861, ssim_set5=0.914, ssim_urban100=0.963 |
     8 | train=0.000969 | val=nan | lr=0.00068 | t_train=14.47 | t_val=13.68 | mem=383.9 | psnr_b100=27.613, psnr_set14=28.293, psnr_set5=32.344, psnr_urban100=26.120, ssim_b100=0.737, ssim_set14=0.861, ssim_set5=0.914, ssim_urban100=0.963 |
     9 | train=0.001519 | val=nan | lr=0.000756 | t_train=13.13 | t_val=12.43 | mem=383.9 | psnr_b100=27.607, psnr_set14=28.290, psnr_set5=32.333, psnr_urban100=26.118, ssim_b100=0.737, ssim_set14=0.861, ssim_set5=0.914, ssim_urban100=0.963 |
    10 | train=0.001403 | val=nan | lr=0.000832 | t_train=13.37 | t_val=12.68 | mem=383.9 | psnr_b100=27.594, psnr_set14=28.283, psnr_set5=32.288, psnr_urban100=26.104, ssim_b100=0.737, ssim_set14=0.861, ssim_set5=0.914, ssim_urban100=0.962 |
    11 | train=0.001694 | val=nan | lr=0.000908 | t_train=13.57 | t_val=12.84 | mem=383.9 | psnr_b100=27.609, psnr_set14=28.282, psnr_set5=32.323, psnr_urban100=26.112, ssim_b100=0.738, ssim_set14=0.861, ssim_set5=0.914, ssim_urban100=0.963 |
    12 | train=0.001597 | val=nan | lr=0.000984 | t_train=14.46 | t_val=13.60 | mem=383.9 | psnr_b100=27.612, psnr_set14=28.295, psnr_set5=32.342, psnr_urban100=26.113, ssim_b100=0.737, ssim_set14=0.861, ssim_set5=0.914, ssim_urban100=0.963 |
    13 | train=0.001712 | val=nan | lr=0.00106 | t_train=14.60 | t_val=13.78 | mem=383.9 | psnr_b100=27.608, psnr_set14=28.306, psnr_set5=32.330, psnr_urban100=26.129, ssim_b100=0.737, ssim_set14=0.861, ssim_set5=0.914, ssim_urban100=0.963 |
    14 | train=0.001580 | val=nan | lr=0.001136 | t_train=14.40 | t_val=13.58 | mem=383.9 | psnr_b100=27.595, psnr_set14=28.268, psnr_set5=32.328, psnr_urban100=26.096, ssim_b100=0.737, ssim_set14=0.861, ssim_set5=0.914, ssim_urban100=0.962 |
    15 | train=0.001950 | val=nan | lr=0.001212 | t_train=14.57 | t_val=13.79 | mem=383.9 | psnr_b100=27.593, psnr_set14=28.290, psnr_set5=32.290, psnr_urban100=26.061, ssim_b100=0.737, ssim_set14=0.861, ssim_set5=0.914, ssim_urban100=0.962 |
    16 | train=0.002469 | val=nan | lr=0.001288 | t_train=14.45 | t_val=13.62 | mem=383.9 | psnr_b100=27.561, psnr_set14=28.226, psnr_set5=32.304, psnr_urban100=26.020, ssim_b100=0.736, ssim_set14=0.860, ssim_set5=0.914, ssim_urban100=0.962 |
    17 | train=0.002075 | val=nan | lr=0.001364 | t_train=14.52 | t_val=13.71 | mem=383.9 | psnr_b100=27.566, psnr_set14=28.241, psnr_set5=32.312, psnr_urban100=26.021, ssim_b100=0.736, ssim_set14=0.860, ssim_set5=0.914, ssim_urban100=0.961 |
    18 | train=0.002606 | val=nan | lr=0.00144 | t_train=14.35 | t_val=13.54 | mem=383.9 | psnr_b100=27.576, psnr_set14=28.293, psnr_set5=32.311, psnr_urban100=26.030, ssim_b100=0.737, ssim_set14=0.860, ssim_set5=0.914, ssim_urban100=0.962 |
    19 | train=0.002386 | val=nan | lr=0.001516 | t_train=14.72 | t_val=13.89 | mem=383.9 | psnr_b100=27.594, psnr_set14=28.255, psnr_set5=32.307, psnr_urban100=26.074, ssim_b100=0.737, ssim_set14=0.860, ssim_set5=0.914, ssim_urban100=0.962 |
    20 | train=0.002284 | val=nan | lr=0.001592 | t_train=14.56 | t_val=13.74 | mem=383.9 | psnr_b100=27.575, psnr_set14=28.236, psnr_set5=32.297, psnr_urban100=26.042, ssim_b100=0.736, ssim_set14=0.860, ssim_set5=0.914, ssim_urban100=0.962 |
    21 | train=0.002464 | val=nan | lr=0.001668 | t_train=14.40 | t_val=13.51 | mem=383.9 | psnr_b100=27.578, psnr_set14=28.272, psnr_set5=32.298, psnr_urban100=26.057, ssim_b100=0.737, ssim_set14=0.860, ssim_set5=0.914, ssim_urban100=0.962 |
    22 | train=0.003124 | val=nan | lr=0.001744 | t_train=14.01 | t_val=13.10 | mem=383.9 | psnr_b100=27.535, psnr_set14=28.208, psnr_set5=32.204, psnr_urban100=25.987, ssim_b100=0.736, ssim_set14=0.860, ssim_set5=0.913, ssim_urban100=0.962 |
    23 | train=0.003735 | val=nan | lr=0.00182 | t_train=13.36 | t_val=12.53 | mem=383.9 | psnr_b100=27.550, psnr_set14=28.238, psnr_set5=32.269, psnr_urban100=25.979, ssim_b100=0.736, ssim_set14=0.860, ssim_set5=0.914, ssim_urban100=0.961 |
    24 | train=0.003123 | val=nan | lr=0.001896 | t_train=13.26 | t_val=12.56 | mem=383.9 | psnr_b100=27.512, psnr_set14=28.178, psnr_set5=32.213, psnr_urban100=25.944, ssim_b100=0.735, ssim_set14=0.859, ssim_set5=0.913, ssim_urban100=0.961 |
    25 | train=0.002373 | val=nan | lr=0.001972 | t_train=13.25 | t_val=12.55 | mem=383.9 | psnr_b100=27.542, psnr_set14=28.210, psnr_set5=32.219, psnr_urban100=25.978, ssim_b100=0.735, ssim_set14=0.859, ssim_set5=0.913, ssim_urban100=0.961 |
    26 | train=0.003696 | val=nan | lr=0.002 | t_train=13.18 | t_val=12.45 | mem=383.9 | psnr_b100=27.527, psnr_set14=28.210, psnr_set5=32.248, psnr_urban100=25.921, ssim_b100=0.735, ssim_set14=0.859, ssim_set5=0.913, ssim_urban100=0.961 |
    27 | train=0.004054 | val=nan | lr=0.002 | t_train=13.21 | t_val=12.49 | mem=383.9 | psnr_b100=27.512, psnr_set14=28.139, psnr_set5=32.144, psnr_urban100=25.926, ssim_b100=0.735, ssim_set14=0.857, ssim_set5=0.911, ssim_urban100=0.960 |
    28 | train=0.005320 | val=nan | lr=0.002 | t_train=13.18 | t_val=12.44 | mem=383.9 | psnr_b100=27.524, psnr_set14=28.176, psnr_set5=32.225, psnr_urban100=25.959, ssim_b100=0.735, ssim_set14=0.859, ssim_set5=0.913, ssim_urban100=0.961 |
    29 | train=0.007138 | val=nan | lr=0.002 | t_train=13.31 | t_val=12.61 | mem=383.9 | psnr_b100=27.515, psnr_set14=28.205, psnr_set5=32.216, psnr_urban100=25.907, ssim_b100=0.735, ssim_set14=0.859, ssim_set5=0.913, ssim_urban100=0.960 |
    30 | train=0.006933 | val=nan | lr=0.002 | t_train=13.57 | t_val=12.82 | mem=383.9 | psnr_b100=27.530, psnr_set14=28.205, psnr_set5=32.248, psnr_urban100=25.922, ssim_b100=0.735, ssim_set14=0.860, ssim_set5=0.913, ssim_urban100=0.961 |
    31 | train=0.008237 | val=nan | lr=0.002 | t_train=13.76 | t_val=12.96 | mem=383.9 | psnr_b100=27.552, psnr_set14=28.190, psnr_set5=32.209, psnr_urban100=25.927, ssim_b100=0.735, ssim_set14=0.860, ssim_set5=0.913, ssim_urban100=0.961 |
    32 | train=0.010097 | val=nan | lr=0.002 | t_train=13.62 | t_val=12.90 | mem=383.9 | psnr_b100=27.555, psnr_set14=28.209, psnr_set5=32.237, psnr_urban100=25.970, ssim_b100=0.736, ssim_set14=0.860, ssim_set5=0.913, ssim_urban100=0.961 |
    33 | train=0.010287 | val=nan | lr=0.002 | t_train=13.62 | t_val=12.82 | mem=383.9 | psnr_b100=27.508, psnr_set14=28.202, psnr_set5=32.194, psnr_urban100=25.904, ssim_b100=0.734, ssim_set14=0.859, ssim_set5=0.912, ssim_urban100=0.960 |
    34 | train=0.011240 | val=nan | lr=0.002 | t_train=13.64 | t_val=12.82 | mem=383.9 | psnr_b100=27.547, psnr_set14=28.234, psnr_set5=32.267, psnr_urban100=25.977, ssim_b100=0.735, ssim_set14=0.859, ssim_set5=0.913, ssim_urban100=0.961 |
    35 | train=0.012587 | val=nan | lr=0.002 | t_train=13.68 | t_val=12.94 | mem=383.9 | psnr_b100=27.466, psnr_set14=28.114, psnr_set5=32.046, psnr_urban100=25.736, ssim_b100=0.733, ssim_set14=0.858, ssim_set5=0.910, ssim_urban100=0.959 |
    36 | train=0.012721 | val=nan | lr=0.002 | t_train=13.43 | t_val=12.73 | mem=383.9 | psnr_b100=27.517, psnr_set14=28.168, psnr_set5=32.234, psnr_urban100=25.824, ssim_b100=0.735, ssim_set14=0.859, ssim_set5=0.912, ssim_urban100=0.960 |
    37 | train=0.013233 | val=nan | lr=0.002 | t_train=13.50 | t_val=12.76 | mem=383.9 | psnr_b100=27.531, psnr_set14=28.218, psnr_set5=32.218, psnr_urban100=25.951, ssim_b100=0.735, ssim_set14=0.859, ssim_set5=0.913, ssim_urban100=0.961 |
    38 | train=0.013549 | val=nan | lr=0.002 | t_train=13.18 | t_val=12.47 | mem=383.9 | psnr_b100=27.507, psnr_set14=28.174, psnr_set5=32.160, psnr_urban100=25.851, ssim_b100=0.734, ssim_set14=0.859, ssim_set5=0.912, ssim_urban100=0.960 |
    39 | train=0.015098 | val=nan | lr=0.002 | t_train=13.42 | t_val=12.63 | mem=383.9 | psnr_b100=27.458, psnr_set14=28.117, psnr_set5=32.093, psnr_urban100=25.803, ssim_b100=0.733, ssim_set14=0.858, ssim_set5=0.911, ssim_urban100=0.960 |
    40 | train=0.016042 | val=nan | lr=0.002 | t_train=13.43 | t_val=12.64 | mem=383.9 | psnr_b100=27.495, psnr_set14=28.163, psnr_set5=32.175, psnr_urban100=25.828, ssim_b100=0.734, ssim_set14=0.858, ssim_set5=0.912, ssim_urban100=0.960 |
    41 | train=0.017047 | val=nan | lr=0.002 | t_train=13.43 | t_val=12.72 | mem=383.9 | psnr_b100=27.498, psnr_set14=28.159, psnr_set5=32.186, psnr_urban100=25.830, ssim_b100=0.734, ssim_set14=0.858, ssim_set5=0.912, ssim_urban100=0.960 |
    42 | train=0.016892 | val=nan | lr=0.002 | t_train=13.32 | t_val=12.54 | mem=383.9 | psnr_b100=27.498, psnr_set14=28.150, psnr_set5=32.202, psnr_urban100=25.832, ssim_b100=0.734, ssim_set14=0.858, ssim_set5=0.912, ssim_urban100=0.960 |
    43 | train=0.017600 | val=nan | lr=0.002 | t_train=13.25 | t_val=12.54 | mem=383.9 | psnr_b100=27.478, psnr_set14=28.145, psnr_set5=32.150, psnr_urban100=25.807, ssim_b100=0.734, ssim_set14=0.858, ssim_set5=0.912, ssim_urban100=0.959 |
    44 | train=0.018391 | val=nan | lr=0.002 | t_train=13.55 | t_val=12.84 | mem=383.9 | psnr_b100=27.509, psnr_set14=28.174, psnr_set5=32.236, psnr_urban100=25.862, ssim_b100=0.734, ssim_set14=0.859, ssim_set5=0.913, ssim_urban100=0.960 |
    45 | train=0.019054 | val=nan | lr=0.002 | t_train=14.83 | t_val=14.11 | mem=383.9 | psnr_b100=27.479, psnr_set14=28.116, psnr_set5=32.143, psnr_urban100=25.818, ssim_b100=0.733, ssim_set14=0.858, ssim_set5=0.912, ssim_urban100=0.959 |
    46 | train=0.020682 | val=nan | lr=0.002 | t_train=15.24 | t_val=14.30 | mem=383.9 | psnr_b100=27.454, psnr_set14=28.105, psnr_set5=32.159, psnr_urban100=25.767, ssim_b100=0.733, ssim_set14=0.857, ssim_set5=0.911, ssim_urban100=0.958 |
    47 | train=0.022099 | val=nan | lr=0.002 | t_train=15.55 | t_val=14.60 | mem=383.9 | psnr_b100=27.490, psnr_set14=28.107, psnr_set5=32.125, psnr_urban100=25.809, ssim_b100=0.734, ssim_set14=0.858, ssim_set5=0.911, ssim_urban100=0.959 |
    48 | train=0.021857 | val=nan | lr=0.002 | t_train=15.38 | t_val=14.48 | mem=383.9 | psnr_b100=27.491, psnr_set14=28.137, psnr_set5=32.183, psnr_urban100=25.814, ssim_b100=0.734, ssim_set14=0.858, ssim_set5=0.912, ssim_urban100=0.959 |
    49 | train=0.021818 | val=nan | lr=0.002 | t_train=14.80 | t_val=13.93 | mem=383.9 | psnr_b100=27.425, psnr_set14=28.057, psnr_set5=32.118, psnr_urban100=25.712, ssim_b100=0.732, ssim_set14=0.857, ssim_set5=0.911, ssim_urban100=0.958 |
    50 | train=0.023001 | val=nan | lr=0.002 | t_train=14.58 | t_val=13.74 | mem=383.9 | psnr_b100=27.433, psnr_set14=28.105, psnr_set5=32.149, psnr_urban100=25.698, ssim_b100=0.733, ssim_set14=0.857, ssim_set5=0.911, ssim_urban100=0.958 |
    51 | train=0.023226 | val=nan | lr=0.002 | t_train=14.80 | t_val=14.01 | mem=383.9 | psnr_b100=27.424, psnr_set14=28.068, psnr_set5=32.101, psnr_urban100=25.681, ssim_b100=0.732, ssim_set14=0.857, ssim_set5=0.911, ssim_urban100=0.958 |
    52 | train=0.024667 | val=nan | lr=0.002 | t_train=14.00 | t_val=13.16 | mem=383.9 | psnr_b100=27.418, psnr_set14=28.106, psnr_set5=32.115, psnr_urban100=25.680, ssim_b100=0.731, ssim_set14=0.857, ssim_set5=0.911, ssim_urban100=0.958 |
    53 | train=0.025008 | val=nan | lr=0.002 | t_train=14.62 | t_val=13.82 | mem=383.9 | psnr_b100=27.358, psnr_set14=28.001, psnr_set5=31.977, psnr_urban100=25.564, ssim_b100=0.731, ssim_set14=0.857, ssim_set5=0.910, ssim_urban100=0.957 |
    54 | train=0.025789 | val=nan | lr=0.002 | t_train=14.62 | t_val=13.70 | mem=383.9 | psnr_b100=27.426, psnr_set14=28.055, psnr_set5=32.106, psnr_urban100=25.659, ssim_b100=0.732, ssim_set14=0.858, ssim_set5=0.911, ssim_urban100=0.958 |
    55 | train=0.025962 | val=nan | lr=0.002 | t_train=14.63 | t_val=13.67 | mem=383.9 | psnr_b100=27.341, psnr_set14=27.992, psnr_set5=32.090, psnr_urban100=25.546, ssim_b100=0.729, ssim_set14=0.856, ssim_set5=0.911, ssim_urban100=0.957 |
    56 | train=0.026634 | val=nan | lr=0.002 | t_train=13.44 | t_val=12.54 | mem=383.9 | psnr_b100=27.364, psnr_set14=28.037, psnr_set5=32.084, psnr_urban100=25.569, ssim_b100=0.730, ssim_set14=0.857, ssim_set5=0.910, ssim_urban100=0.957 |
    57 | train=0.026749 | val=nan | lr=0.002 | t_train=13.31 | t_val=12.61 | mem=383.9 | psnr_b100=27.340, psnr_set14=28.031, psnr_set5=32.056, psnr_urban100=25.543, ssim_b100=0.729, ssim_set14=0.856, ssim_set5=0.910, ssim_urban100=0.957 |
    58 | train=0.026835 | val=nan | lr=0.002 | t_train=14.33 | t_val=13.51 | mem=383.9 | psnr_b100=27.355, psnr_set14=28.034, psnr_set5=32.068, psnr_urban100=25.586, ssim_b100=0.730, ssim_set14=0.857, ssim_set5=0.911, ssim_urban100=0.958 |
    59 | train=0.028338 | val=nan | lr=0.002 | t_train=15.76 | t_val=14.79 | mem=383.9 | psnr_b100=27.341, psnr_set14=28.010, psnr_set5=32.020, psnr_urban100=25.513, ssim_b100=0.730, ssim_set14=0.856, ssim_set5=0.909, ssim_urban100=0.957 |
    60 | train=0.027676 | val=nan | lr=0.002 | t_train=15.49 | t_val=14.64 | mem=383.9 | psnr_b100=27.338, psnr_set14=27.989, psnr_set5=32.044, psnr_urban100=25.515, ssim_b100=0.729, ssim_set14=0.856, ssim_set5=0.909, ssim_urban100=0.957 |
    61 | train=0.028146 | val=nan | lr=0.002 | t_train=15.62 | t_val=14.66 | mem=383.9 | psnr_b100=27.331, psnr_set14=28.000, psnr_set5=32.034, psnr_urban100=25.511, ssim_b100=0.729, ssim_set14=0.856, ssim_set5=0.910, ssim_urban100=0.957 |
    62 | train=0.029754 | val=nan | lr=0.002 | t_train=15.48 | t_val=14.50 | mem=383.9 | psnr_b100=27.293, psnr_set14=27.938, psnr_set5=31.958, psnr_urban100=25.449, ssim_b100=0.728, ssim_set14=0.855, ssim_set5=0.908, ssim_urban100=0.956 |
    63 | train=0.029037 | val=nan | lr=0.002 | t_train=15.32 | t_val=14.44 | mem=383.9 | psnr_b100=27.345, psnr_set14=28.011, psnr_set5=32.008, psnr_urban100=25.546, ssim_b100=0.730, ssim_set14=0.856, ssim_set5=0.909, ssim_urban100=0.957 |
    64 | train=0.029616 | val=nan | lr=0.002 | t_train=15.99 | t_val=15.08 | mem=383.9 | psnr_b100=27.343, psnr_set14=28.021, psnr_set5=32.023, psnr_urban100=25.526, ssim_b100=0.730, ssim_set14=0.856, ssim_set5=0.909, ssim_urban100=0.957 |
    65 | train=0.029782 | val=nan | lr=0.002 | t_train=14.86 | t_val=13.80 | mem=383.9 | psnr_b100=27.338, psnr_set14=27.960, psnr_set5=31.963, psnr_urban100=25.500, ssim_b100=0.730, ssim_set14=0.856, ssim_set5=0.909, ssim_urban100=0.957 |
    66 | train=0.031378 | val=nan | lr=0.002 | t_train=14.97 | t_val=14.03 | mem=383.9 | psnr_b100=27.315, psnr_set14=28.001, psnr_set5=31.999, psnr_urban100=25.502, ssim_b100=0.729, ssim_set14=0.855, ssim_set5=0.909, ssim_urban100=0.957 |
    67 | train=0.029303 | val=nan | lr=0.002 | t_train=15.25 | t_val=14.39 | mem=383.9 | psnr_b100=27.361, psnr_set14=28.036, psnr_set5=32.040, psnr_urban100=25.572, ssim_b100=0.730, ssim_set14=0.857, ssim_set5=0.910, ssim_urban100=0.958 |
    68 | train=0.029301 | val=nan | lr=0.002 | t_train=14.51 | t_val=13.66 | mem=383.9 | psnr_b100=27.372, psnr_set14=28.040, psnr_set5=32.022, psnr_urban100=25.601, ssim_b100=0.730, ssim_set14=0.857, ssim_set5=0.910, ssim_urban100=0.958 |
    69 | train=0.030110 | val=nan | lr=0.002 | t_train=14.71 | t_val=13.92 | mem=383.9 | psnr_b100=27.368, psnr_set14=27.971, psnr_set5=32.054, psnr_urban100=25.544, ssim_b100=0.731, ssim_set14=0.856, ssim_set5=0.910, ssim_urban100=0.956 |
    70 | train=0.029671 | val=nan | lr=0.002 | t_train=14.53 | t_val=13.67 | mem=383.9 | psnr_b100=27.359, psnr_set14=28.026, psnr_set5=32.068, psnr_urban100=25.525, ssim_b100=0.730, ssim_set14=0.857, ssim_set5=0.910, ssim_urban100=0.956 |
    71 | train=0.030898 | val=nan | lr=0.002 | t_train=14.36 | t_val=13.62 | mem=383.9 | psnr_b100=27.367, psnr_set14=27.998, psnr_set5=31.953, psnr_urban100=25.538, ssim_b100=0.730, ssim_set14=0.856, ssim_set5=0.909, ssim_urban100=0.957 |
    72 | train=0.030697 | val=nan | lr=0.002 | t_train=14.78 | t_val=13.96 | mem=383.9 | psnr_b100=27.369, psnr_set14=28.081, psnr_set5=31.981, psnr_urban100=25.568, ssim_b100=0.730, ssim_set14=0.857, ssim_set5=0.909, ssim_urban100=0.958 |
    73 | train=0.030741 | val=nan | lr=0.002 | t_train=14.77 | t_val=13.88 | mem=383.9 | psnr_b100=27.381, psnr_set14=28.037, psnr_set5=31.989, psnr_urban100=25.554, ssim_b100=0.730, ssim_set14=0.856, ssim_set5=0.909, ssim_urban100=0.957 |
    74 | train=0.029806 | val=nan | lr=0.002 | t_train=14.85 | t_val=14.04 | mem=383.9 | psnr_b100=27.357, psnr_set14=28.038, psnr_set5=31.958, psnr_urban100=25.563, ssim_b100=0.729, ssim_set14=0.856, ssim_set5=0.909, ssim_urban100=0.957 |
    75 | train=0.030098 | val=nan | lr=0.002 | t_train=14.77 | t_val=13.97 | mem=383.9 | psnr_b100=27.378, psnr_set14=28.052, psnr_set5=31.974, psnr_urban100=25.532, ssim_b100=0.730, ssim_set14=0.856, ssim_set5=0.908, ssim_urban100=0.957 |
    76 | train=0.030956 | val=nan | lr=0.002 | t_train=14.70 | t_val=13.89 | mem=383.9 | psnr_b100=27.392, psnr_set14=28.063, psnr_set5=31.952, psnr_urban100=25.575, ssim_b100=0.730, ssim_set14=0.856, ssim_set5=0.908, ssim_urban100=0.958 |
    77 | train=0.029285 | val=nan | lr=0.002 | t_train=14.78 | t_val=13.90 | mem=383.9 | psnr_b100=27.364, psnr_set14=28.039, psnr_set5=31.929, psnr_urban100=25.545, ssim_b100=0.730, ssim_set14=0.856, ssim_set5=0.909, ssim_urban100=0.958 |
    78 | train=0.029390 | val=nan | lr=0.002 | t_train=13.84 | t_val=12.98 | mem=383.9 | psnr_b100=27.352, psnr_set14=28.034, psnr_set5=31.894, psnr_urban100=25.508, ssim_b100=0.729, ssim_set14=0.855, ssim_set5=0.908, ssim_urban100=0.957 |
    79 | train=0.029011 | val=nan | lr=0.002 | t_train=14.48 | t_val=13.67 | mem=383.9 | psnr_b100=27.367, psnr_set14=28.056, psnr_set5=31.903, psnr_urban100=25.542, ssim_b100=0.730, ssim_set14=0.856, ssim_set5=0.908, ssim_urban100=0.957 |
    80 | train=0.029986 | val=nan | lr=0.002 | t_train=14.79 | t_val=13.96 | mem=383.9 | psnr_b100=27.410, psnr_set14=28.062, psnr_set5=32.002, psnr_urban100=25.583, ssim_b100=0.731, ssim_set14=0.857, ssim_set5=0.909, ssim_urban100=0.958 |
    81 | train=0.029615 | val=nan | lr=0.002 | t_train=14.50 | t_val=13.71 | mem=383.9 | psnr_b100=27.329, psnr_set14=27.935, psnr_set5=31.744, psnr_urban100=25.432, ssim_b100=0.729, ssim_set14=0.854, ssim_set5=0.905, ssim_urban100=0.957 |
    82 | train=0.027590 | val=nan | lr=0.002 | t_train=14.76 | t_val=13.94 | mem=383.9 | psnr_b100=27.322, psnr_set14=27.937, psnr_set5=31.741, psnr_urban100=25.423, ssim_b100=0.728, ssim_set14=0.855, ssim_set5=0.905, ssim_urban100=0.956 |
    83 | train=0.026832 | val=nan | lr=0.002 | t_train=14.14 | t_val=13.36 | mem=383.9 | psnr_b100=27.367, psnr_set14=27.995, psnr_set5=31.832, psnr_urban100=25.468, ssim_b100=0.730, ssim_set14=0.856, ssim_set5=0.906, ssim_urban100=0.956 |
    84 | train=0.027446 | val=nan | lr=0.002 | t_train=14.61 | t_val=13.85 | mem=383.9 | psnr_b100=27.382, psnr_set14=28.036, psnr_set5=31.924, psnr_urban100=25.494, ssim_b100=0.730, ssim_set14=0.856, ssim_set5=0.908, ssim_urban100=0.957 |
    85 | train=0.028346 | val=nan | lr=0.002 | t_train=14.63 | t_val=13.67 | mem=383.9 | psnr_b100=27.327, psnr_set14=27.916, psnr_set5=31.756, psnr_urban100=25.319, ssim_b100=0.728, ssim_set14=0.854, ssim_set5=0.905, ssim_urban100=0.955 |
    86 | train=0.027787 | val=nan | lr=0.002 | t_train=14.64 | t_val=13.81 | mem=383.9 | psnr_b100=27.342, psnr_set14=27.942, psnr_set5=31.754, psnr_urban100=25.415, ssim_b100=0.729, ssim_set14=0.855, ssim_set5=0.905, ssim_urban100=0.956 |
    87 | train=0.025303 | val=nan | lr=0.002 | t_train=14.70 | t_val=13.85 | mem=383.9 | psnr_b100=27.269, psnr_set14=27.870, psnr_set5=31.634, psnr_urban100=25.314, ssim_b100=0.727, ssim_set14=0.853, ssim_set5=0.904, ssim_urban100=0.955 |
    88 | train=0.026084 | val=nan | lr=0.002 | t_train=14.78 | t_val=13.97 | mem=383.9 | psnr_b100=27.334, psnr_set14=27.963, psnr_set5=31.749, psnr_urban100=25.379, ssim_b100=0.729, ssim_set14=0.854, ssim_set5=0.906, ssim_urban100=0.955 |
    89 | train=0.024748 | val=nan | lr=0.002 | t_train=14.58 | t_val=13.75 | mem=383.9 | psnr_b100=27.237, psnr_set14=27.858, psnr_set5=31.601, psnr_urban100=25.236, ssim_b100=0.726, ssim_set14=0.853, ssim_set5=0.903, ssim_urban100=0.954 |
    90 | train=0.023418 | val=nan | lr=0.002 | t_train=14.68 | t_val=13.78 | mem=383.9 | psnr_b100=27.266, psnr_set14=27.928, psnr_set5=31.615, psnr_urban100=25.260, ssim_b100=0.727, ssim_set14=0.854, ssim_set5=0.904, ssim_urban100=0.954 |
    91 | train=0.022864 | val=nan | lr=0.002 | t_train=14.06 | t_val=13.31 | mem=383.9 | psnr_b100=27.186, psnr_set14=27.780, psnr_set5=31.399, psnr_urban100=25.132, ssim_b100=0.724, ssim_set14=0.852, ssim_set5=0.901, ssim_urban100=0.952 |
    92 | train=0.022667 | val=nan | lr=0.002 | t_train=14.68 | t_val=13.85 | mem=383.9 | psnr_b100=27.170, psnr_set14=27.790, psnr_set5=31.496, psnr_urban100=25.074, ssim_b100=0.724, ssim_set14=0.852, ssim_set5=0.903, ssim_urban100=0.951 |
    93 | train=0.021215 | val=nan | lr=0.002 | t_train=14.58 | t_val=13.75 | mem=383.9 | psnr_b100=27.206, psnr_set14=27.806, psnr_set5=31.586, psnr_urban100=25.159, ssim_b100=0.725, ssim_set14=0.852, ssim_set5=0.904, ssim_urban100=0.953 |
    94 | train=0.020454 | val=nan | lr=0.002 | t_train=14.63 | t_val=13.84 | mem=383.9 | psnr_b100=27.191, psnr_set14=27.721, psnr_set5=31.437, psnr_urban100=25.071, ssim_b100=0.725, ssim_set14=0.851, ssim_set5=0.901, ssim_urban100=0.952 |
    95 | train=0.019550 | val=nan | lr=0.002 | t_train=15.07 | t_val=14.20 | mem=383.9 | psnr_b100=27.190, psnr_set14=27.736, psnr_set5=31.420, psnr_urban100=25.064, ssim_b100=0.724, ssim_set14=0.851, ssim_set5=0.900, ssim_urban100=0.952 |
    96 | train=0.019054 | val=nan | lr=0.002 | t_train=14.38 | t_val=13.38 | mem=383.9 | psnr_b100=27.139, psnr_set14=27.690, psnr_set5=31.406, psnr_urban100=24.957, ssim_b100=0.723, ssim_set14=0.850, ssim_set5=0.901, ssim_urban100=0.950 |
    97 | train=0.017874 | val=nan | lr=0.002 | t_train=14.80 | t_val=13.87 | mem=383.9 | psnr_b100=27.058, psnr_set14=27.618, psnr_set5=31.244, psnr_urban100=24.944, ssim_b100=0.721, ssim_set14=0.849, ssim_set5=0.899, ssim_urban100=0.950 |
    98 | train=0.018493 | val=nan | lr=0.002 | t_train=14.59 | t_val=13.78 | mem=383.9 | psnr_b100=27.095, psnr_set14=27.644, psnr_set5=31.317, psnr_urban100=24.938, ssim_b100=0.722, ssim_set14=0.850, ssim_set5=0.900, ssim_urban100=0.949 |
    99 | train=0.016626 | val=nan | lr=0.002 | t_train=14.10 | t_val=13.30 | mem=383.9 | psnr_b100=27.040, psnr_set14=27.517, psnr_set5=31.234, psnr_urban100=24.763, ssim_b100=0.720, ssim_set14=0.847, ssim_set5=0.899, ssim_urban100=0.947 |
   100 | train=0.015198 | val=nan | lr=0.002 | t_train=14.45 | t_val=13.53 | mem=383.9 | psnr_b100=27.134, psnr_set14=27.740, psnr_set5=31.442, psnr_urban100=24.990, ssim_b100=0.723, ssim_set14=0.851, ssim_set5=0.902, ssim_urban100=0.950 |
   101 | train=0.015791 | val=nan | lr=0.002 | t_train=14.62 | t_val=13.60 | mem=383.9 | psnr_b100=27.034, psnr_set14=27.503, psnr_set5=31.153, psnr_urban100=24.733, ssim_b100=0.720, ssim_set14=0.847, ssim_set5=0.897, ssim_urban100=0.947 |
   102 | train=0.017175 | val=nan | lr=0.002 | t_train=14.52 | t_val=13.69 | mem=383.9 | psnr_b100=26.983, psnr_set14=27.537, psnr_set5=31.173, psnr_urban100=24.766, ssim_b100=0.718, ssim_set14=0.847, ssim_set5=0.898, ssim_urban100=0.947 |
   103 | train=0.013306 | val=nan | lr=0.002 | t_train=14.67 | t_val=13.67 | mem=383.9 | psnr_b100=27.004, psnr_set14=27.463, psnr_set5=31.205, psnr_urban100=24.732, ssim_b100=0.719, ssim_set14=0.847, ssim_set5=0.899, ssim_urban100=0.947 |
   104 | train=0.013446 | val=nan | lr=0.002 | t_train=14.47 | t_val=13.54 | mem=383.9 | psnr_b100=27.028, psnr_set14=27.531, psnr_set5=31.253, psnr_urban100=24.713, ssim_b100=0.720, ssim_set14=0.847, ssim_set5=0.897, ssim_urban100=0.947 |
   105 | train=0.013100 | val=nan | lr=0.002 | t_train=13.53 | t_val=12.75 | mem=383.9 | psnr_b100=26.946, psnr_set14=27.463, psnr_set5=31.113, psnr_urban100=24.690, ssim_b100=0.718, ssim_set14=0.847, ssim_set5=0.898, ssim_urban100=0.947 |
   106 | train=0.012704 | val=nan | lr=0.002 | t_train=13.47 | t_val=12.72 | mem=383.9 | psnr_b100=26.923, psnr_set14=27.371, psnr_set5=31.056, psnr_urban100=24.594, ssim_b100=0.716, ssim_set14=0.844, ssim_set5=0.894, ssim_urban100=0.944 |
   107 | train=0.011488 | val=nan | lr=0.002 | t_train=13.21 | t_val=12.51 | mem=383.9 | psnr_b100=27.035, psnr_set14=27.437, psnr_set5=31.249, psnr_urban100=24.713, ssim_b100=0.720, ssim_set14=0.846, ssim_set5=0.897, ssim_urban100=0.947 |
   108 | train=0.010272 | val=nan | lr=0.002 | t_train=13.42 | t_val=12.72 | mem=383.9 | psnr_b100=26.962, psnr_set14=27.420, psnr_set5=31.144, psnr_urban100=24.662, ssim_b100=0.717, ssim_set14=0.846, ssim_set5=0.896, ssim_urban100=0.946 |
   109 | train=0.009380 | val=nan | lr=0.002 | t_train=13.57 | t_val=12.79 | mem=383.9 | psnr_b100=26.807, psnr_set14=27.258, psnr_set5=30.913, psnr_urban100=24.535, ssim_b100=0.713, ssim_set14=0.843, ssim_set5=0.892, ssim_urban100=0.944 |
   110 | train=0.011210 | val=nan | lr=0.002 | t_train=13.40 | t_val=12.58 | mem=383.9 | psnr_b100=27.001, psnr_set14=27.481, psnr_set5=31.221, psnr_urban100=24.698, ssim_b100=0.719, ssim_set14=0.847, ssim_set5=0.897, ssim_urban100=0.946 |
   111 | train=0.009363 | val=nan | lr=0.002 | t_train=13.81 | t_val=13.08 | mem=383.9 | psnr_b100=26.881, psnr_set14=27.299, psnr_set5=30.895, psnr_urban100=24.602, ssim_b100=0.715, ssim_set14=0.843, ssim_set5=0.891, ssim_urban100=0.945 |
   112 | train=0.009245 | val=nan | lr=0.002 | t_train=13.24 | t_val=12.55 | mem=383.9 | psnr_b100=26.891, psnr_set14=27.257, psnr_set5=31.050, psnr_urban100=24.549, ssim_b100=0.715, ssim_set14=0.842, ssim_set5=0.893, ssim_urban100=0.944 |
   113 | train=0.009665 | val=nan | lr=0.002 | t_train=13.50 | t_val=12.81 | mem=383.9 | psnr_b100=26.920, psnr_set14=27.361, psnr_set5=31.115, psnr_urban100=24.589, ssim_b100=0.716, ssim_set14=0.844, ssim_set5=0.896, ssim_urban100=0.944 |
   114 | train=0.008326 | val=nan | lr=0.002 | t_train=13.12 | t_val=12.43 | mem=383.9 | psnr_b100=26.900, psnr_set14=27.340, psnr_set5=30.996, psnr_urban100=24.566, ssim_b100=0.715, ssim_set14=0.844, ssim_set5=0.893, ssim_urban100=0.944 |
   115 | train=0.009587 | val=nan | lr=0.002 | t_train=13.05 | t_val=12.36 | mem=383.9 | psnr_b100=27.061, psnr_set14=27.512, psnr_set5=31.304, psnr_urban100=24.849, ssim_b100=0.720, ssim_set14=0.847, ssim_set5=0.897, ssim_urban100=0.949 |
   116 | train=0.007608 | val=nan | lr=0.002 | t_train=13.24 | t_val=12.53 | mem=383.9 | psnr_b100=26.922, psnr_set14=27.394, psnr_set5=31.066, psnr_urban100=24.651, ssim_b100=0.717, ssim_set14=0.845, ssim_set5=0.894, ssim_urban100=0.946 |
   117 | train=0.009826 | val=nan | lr=0.002 | t_train=13.58 | t_val=12.77 | mem=383.9 | psnr_b100=26.869, psnr_set14=27.247, psnr_set5=30.991, psnr_urban100=24.519, ssim_b100=0.715, ssim_set14=0.842, ssim_set5=0.892, ssim_urban100=0.944 |
   118 | train=0.009347 | val=nan | lr=0.002 | t_train=13.29 | t_val=12.53 | mem=383.9 | psnr_b100=26.858, psnr_set14=27.309, psnr_set5=30.891, psnr_urban100=24.624, ssim_b100=0.714, ssim_set14=0.843, ssim_set5=0.891, ssim_urban100=0.945 |
   119 | train=0.009395 | val=nan | lr=0.002 | t_train=13.13 | t_val=12.43 | mem=383.9 | psnr_b100=26.728, psnr_set14=27.060, psnr_set5=30.656, psnr_urban100=24.364, ssim_b100=0.711, ssim_set14=0.839, ssim_set5=0.886, ssim_urban100=0.942 |
   120 | train=0.007165 | val=nan | lr=0.002 | t_train=13.14 | t_val=12.44 | mem=383.9 | psnr_b100=26.944, psnr_set14=27.352, psnr_set5=31.064, psnr_urban100=24.631, ssim_b100=0.717, ssim_set14=0.844, ssim_set5=0.893, ssim_urban100=0.946 |
   121 | train=0.007810 | val=nan | lr=0.002 | t_train=13.02 | t_val=12.33 | mem=383.9 | psnr_b100=26.868, psnr_set14=27.285, psnr_set5=30.991, psnr_urban100=24.546, ssim_b100=0.715, ssim_set14=0.842, ssim_set5=0.893, ssim_urban100=0.944 |
   122 | train=0.007474 | val=nan | lr=0.002 | t_train=13.10 | t_val=12.41 | mem=383.9 | psnr_b100=26.881, psnr_set14=27.332, psnr_set5=31.086, psnr_urban100=24.616, ssim_b100=0.716, ssim_set14=0.842, ssim_set5=0.895, ssim_urban100=0.945 |
   123 | train=0.008341 | val=nan | lr=0.002 | t_train=13.36 | t_val=12.67 | mem=383.9 | psnr_b100=26.969, psnr_set14=27.401, psnr_set5=31.214, psnr_urban100=24.711, ssim_b100=0.718, ssim_set14=0.844, ssim_set5=0.897, ssim_urban100=0.946 |
   124 | train=0.007478 | val=nan | lr=0.002 | t_train=13.45 | t_val=12.75 | mem=383.9 | psnr_b100=27.027, psnr_set14=27.564, psnr_set5=31.382, psnr_urban100=24.787, ssim_b100=0.720, ssim_set14=0.848, ssim_set5=0.900, ssim_urban100=0.948 |
   125 | train=0.007566 | val=nan | lr=0.002 | t_train=13.05 | t_val=12.35 | mem=383.9 | psnr_b100=26.924, psnr_set14=27.391, psnr_set5=31.185, psnr_urban100=24.584, ssim_b100=0.717, ssim_set14=0.845, ssim_set5=0.897, ssim_urban100=0.945 |
   126 | train=0.008641 | val=nan | lr=0.002 | t_train=14.03 | t_val=13.34 | mem=383.9 | psnr_b100=26.938, psnr_set14=27.317, psnr_set5=31.094, psnr_urban100=24.589, ssim_b100=0.717, ssim_set14=0.844, ssim_set5=0.894, ssim_urban100=0.945 |
   127 | train=0.009084 | val=nan | lr=0.002 | t_train=13.14 | t_val=12.46 | mem=383.9 | psnr_b100=26.830, psnr_set14=27.242, psnr_set5=30.916, psnr_urban100=24.515, ssim_b100=0.715, ssim_set14=0.842, ssim_set5=0.893, ssim_urban100=0.944 |
   128 | train=0.007366 | val=nan | lr=0.002 | t_train=13.12 | t_val=12.35 | mem=383.9 | psnr_b100=26.942, psnr_set14=27.367, psnr_set5=31.062, psnr_urban100=24.664, ssim_b100=0.717, ssim_set14=0.844, ssim_set5=0.893, ssim_urban100=0.946 |
   129 | train=0.008060 | val=nan | lr=0.002 | t_train=13.45 | t_val=12.70 | mem=383.9 | psnr_b100=26.960, psnr_set14=27.429, psnr_set5=31.105, psnr_urban100=24.714, ssim_b100=0.717, ssim_set14=0.845, ssim_set5=0.893, ssim_urban100=0.947 |
   130 | train=0.008650 | val=nan | lr=0.002 | t_train=13.27 | t_val=12.51 | mem=383.9 | psnr_b100=26.941, psnr_set14=27.393, psnr_set5=30.979, psnr_urban100=24.645, ssim_b100=0.717, ssim_set14=0.843, ssim_set5=0.893, ssim_urban100=0.946 |
   131 | train=0.009586 | val=nan | lr=0.002 | t_train=13.26 | t_val=12.55 | mem=383.9 | psnr_b100=26.845, psnr_set14=27.282, psnr_set5=30.995, psnr_urban100=24.519, ssim_b100=0.714, ssim_set14=0.842, ssim_set5=0.891, ssim_urban100=0.944 |
   132 | train=0.008260 | val=nan | lr=0.002 | t_train=13.53 | t_val=12.78 | mem=383.9 | psnr_b100=26.975, psnr_set14=27.496, psnr_set5=31.197, psnr_urban100=24.671, ssim_b100=0.718, ssim_set14=0.846, ssim_set5=0.895, ssim_urban100=0.947 |
   133 | train=0.007394 | val=nan | lr=0.002 | t_train=13.12 | t_val=12.42 | mem=383.9 | psnr_b100=26.906, psnr_set14=27.334, psnr_set5=31.110, psnr_urban100=24.509, ssim_b100=0.716, ssim_set14=0.843, ssim_set5=0.895, ssim_urban100=0.944 |
   134 | train=0.008148 | val=nan | lr=0.002 | t_train=13.44 | t_val=12.72 | mem=383.9 | psnr_b100=26.781, psnr_set14=27.206, psnr_set5=30.762, psnr_urban100=24.414, ssim_b100=0.713, ssim_set14=0.842, ssim_set5=0.888, ssim_urban100=0.943 |
   135 | train=0.008085 | val=nan | lr=0.002 | t_train=13.01 | t_val=12.31 | mem=383.9 | psnr_b100=26.973, psnr_set14=27.443, psnr_set5=31.222, psnr_urban100=24.627, ssim_b100=0.718, ssim_set14=0.846, ssim_set5=0.895, ssim_urban100=0.946 |
   136 | train=0.010144 | val=nan | lr=0.002 | t_train=14.97 | t_val=14.27 | mem=383.9 | psnr_b100=26.925, psnr_set14=27.395, psnr_set5=31.030, psnr_urban100=24.628, ssim_b100=0.717, ssim_set14=0.846, ssim_set5=0.893, ssim_urban100=0.946 |
   137 | train=0.007750 | val=nan | lr=0.002 | t_train=13.32 | t_val=12.62 | mem=383.9 | psnr_b100=26.944, psnr_set14=27.348, psnr_set5=31.111, psnr_urban100=24.594, ssim_b100=0.717, ssim_set14=0.844, ssim_set5=0.891, ssim_urban100=0.946 |
   138 | train=0.009013 | val=nan | lr=0.002 | t_train=13.33 | t_val=12.61 | mem=383.9 | psnr_b100=26.951, psnr_set14=27.367, psnr_set5=31.184, psnr_urban100=24.635, ssim_b100=0.717, ssim_set14=0.844, ssim_set5=0.894, ssim_urban100=0.946 |
   139 | train=0.008024 | val=nan | lr=0.002 | t_train=13.40 | t_val=12.70 | mem=383.9 | psnr_b100=26.975, psnr_set14=27.390, psnr_set5=31.213, psnr_urban100=24.574, ssim_b100=0.718, ssim_set14=0.845, ssim_set5=0.895, ssim_urban100=0.946 |
   140 | train=0.007972 | val=nan | lr=0.002 | t_train=14.88 | t_val=14.19 | mem=383.9 | psnr_b100=26.926, psnr_set14=27.330, psnr_set5=31.020, psnr_urban100=24.554, ssim_b100=0.716, ssim_set14=0.844, ssim_set5=0.892, ssim_urban100=0.945 |
   141 | train=0.007910 | val=nan | lr=0.002 | t_train=154.31 | t_val=153.46 | mem=383.9 | psnr_b100=26.893, psnr_set14=27.343, psnr_set5=31.084, psnr_urban100=24.555, ssim_b100=0.716, ssim_set14=0.844, ssim_set5=0.892, ssim_urban100=0.945 |
   142 | train=0.007393 | val=nan | lr=0.002 | t_train=13.23 | t_val=12.54 | mem=383.9 | psnr_b100=26.976, psnr_set14=27.412, psnr_set5=31.137, psnr_urban100=24.596, ssim_b100=0.718, ssim_set14=0.845, ssim_set5=0.893, ssim_urban100=0.946 |
   143 | train=0.007285 | val=nan | lr=0.002 | t_train=13.51 | t_val=12.80 | mem=383.9 | psnr_b100=26.863, psnr_set14=27.304, psnr_set5=31.017, psnr_urban100=24.504, ssim_b100=0.715, ssim_set14=0.843, ssim_set5=0.892, ssim_urban100=0.945 |
   144 | train=0.007619 | val=nan | lr=0.002 | t_train=13.47 | t_val=12.79 | mem=383.9 | psnr_b100=26.875, psnr_set14=27.192, psnr_set5=30.863, psnr_urban100=24.507, ssim_b100=0.715, ssim_set14=0.842, ssim_set5=0.887, ssim_urban100=0.944 |
   145 | train=0.008387 | val=nan | lr=0.002 | t_train=13.24 | t_val=12.55 | mem=383.9 | psnr_b100=26.947, psnr_set14=27.383, psnr_set5=31.141, psnr_urban100=24.621, ssim_b100=0.718, ssim_set14=0.846, ssim_set5=0.895, ssim_urban100=0.946 |
   146 | train=0.008460 | val=nan | lr=0.002 | t_train=13.22 | t_val=12.50 | mem=383.9 | psnr_b100=26.883, psnr_set14=27.274, psnr_set5=30.992, psnr_urban100=24.507, ssim_b100=0.715, ssim_set14=0.843, ssim_set5=0.891, ssim_urban100=0.944 |
   147 | train=0.007664 | val=nan | lr=0.002 | t_train=13.15 | t_val=12.42 | mem=383.9 | psnr_b100=26.900, psnr_set14=27.300, psnr_set5=31.051, psnr_urban100=24.508, ssim_b100=0.715, ssim_set14=0.843, ssim_set5=0.892, ssim_urban100=0.944 |
   148 | train=0.008911 | val=nan | lr=0.002 | t_train=13.25 | t_val=12.50 | mem=383.9 | psnr_b100=26.889, psnr_set14=27.282, psnr_set5=30.994, psnr_urban100=24.562, ssim_b100=0.716, ssim_set14=0.844, ssim_set5=0.892, ssim_urban100=0.945 |
   149 | train=0.008985 | val=nan | lr=0.002 | t_train=13.20 | t_val=12.41 | mem=383.9 | psnr_b100=26.896, psnr_set14=27.256, psnr_set5=30.999, psnr_urban100=24.465, ssim_b100=0.715, ssim_set14=0.842, ssim_set5=0.891, ssim_urban100=0.944 |
   150 | train=0.007330 | val=nan | lr=0.002 | t_train=13.06 | t_val=12.37 | mem=383.9 | psnr_b100=26.924, psnr_set14=27.341, psnr_set5=31.061, psnr_urban100=24.512, ssim_b100=0.717, ssim_set14=0.844, ssim_set5=0.892, ssim_urban100=0.944 |
   151 | train=0.007400 | val=nan | lr=0.002 | t_train=13.13 | t_val=12.44 | mem=383.9 | psnr_b100=26.957, psnr_set14=27.388, psnr_set5=31.120, psnr_urban100=24.641, ssim_b100=0.717, ssim_set14=0.845, ssim_set5=0.894, ssim_urban100=0.947 |
   152 | train=0.007700 | val=nan | lr=0.002 | t_train=13.29 | t_val=12.55 | mem=383.9 | psnr_b100=26.971, psnr_set14=27.406, psnr_set5=31.170, psnr_urban100=24.645, ssim_b100=0.718, ssim_set14=0.846, ssim_set5=0.893, ssim_urban100=0.947 |
   153 | train=0.008062 | val=nan | lr=0.002 | t_train=13.18 | t_val=12.48 | mem=383.9 | psnr_b100=26.969, psnr_set14=27.386, psnr_set5=31.267, psnr_urban100=24.644, ssim_b100=0.718, ssim_set14=0.845, ssim_set5=0.896, ssim_urban100=0.946 |
   154 | train=0.009672 | val=nan | lr=0.002 | t_train=13.98 | t_val=13.27 | mem=383.9 | psnr_b100=27.031, psnr_set14=27.481, psnr_set5=31.359, psnr_urban100=24.730, ssim_b100=0.719, ssim_set14=0.847, ssim_set5=0.898, ssim_urban100=0.948 |
   155 | train=0.007503 | val=nan | lr=0.002 | t_train=17.01 | t_val=16.26 | mem=383.9 | psnr_b100=26.945, psnr_set14=27.352, psnr_set5=31.130, psnr_urban100=24.576, ssim_b100=0.717, ssim_set14=0.844, ssim_set5=0.893, ssim_urban100=0.946 |
   156 | train=0.009103 | val=nan | lr=0.002 | t_train=33.87 | t_val=31.57 | mem=383.9 | psnr_b100=27.007, psnr_set14=27.458, psnr_set5=31.203, psnr_urban100=24.669, ssim_b100=0.718, ssim_set14=0.846, ssim_set5=0.894, ssim_urban100=0.946 |
   157 | train=0.007123 | val=nan | lr=0.002 | t_train=41.05 | t_val=38.12 | mem=383.9 | psnr_b100=26.908, psnr_set14=27.320, psnr_set5=30.986, psnr_urban100=24.565, ssim_b100=0.717, ssim_set14=0.845, ssim_set5=0.895, ssim_urban100=0.946 |
   158 | train=0.007616 | val=nan | lr=0.002 | t_train=35.70 | t_val=33.15 | mem=383.9 | psnr_b100=27.062, psnr_set14=27.487, psnr_set5=31.271, psnr_urban100=24.784, ssim_b100=0.720, ssim_set14=0.847, ssim_set5=0.895, ssim_urban100=0.949 |
   159 | train=0.006516 | val=nan | lr=0.002 | t_train=32.12 | t_val=30.34 | mem=383.9 | psnr_b100=27.009, psnr_set14=27.450, psnr_set5=31.261, psnr_urban100=24.666, ssim_b100=0.719, ssim_set14=0.846, ssim_set5=0.896, ssim_urban100=0.947 |
   160 | train=0.007248 | val=nan | lr=0.002 | t_train=33.49 | t_val=31.47 | mem=383.9 | psnr_b100=27.036, psnr_set14=27.511, psnr_set5=31.330, psnr_urban100=24.776, ssim_b100=0.719, ssim_set14=0.847, ssim_set5=0.897, ssim_urban100=0.949 |
   161 | train=0.007835 | val=nan | lr=0.002 | t_train=29.68 | t_val=27.28 | mem=383.9 | psnr_b100=26.998, psnr_set14=27.437, psnr_set5=31.249, psnr_urban100=24.720, ssim_b100=0.718, ssim_set14=0.846, ssim_set5=0.896, ssim_urban100=0.947 |
   162 | train=0.007396 | val=nan | lr=0.002 | t_train=14.53 | t_val=13.44 | mem=383.9 | psnr_b100=26.994, psnr_set14=27.436, psnr_set5=31.164, psnr_urban100=24.690, ssim_b100=0.718, ssim_set14=0.846, ssim_set5=0.894, ssim_urban100=0.947 |
   163 | train=0.008340 | val=nan | lr=0.002 | t_train=13.47 | t_val=12.65 | mem=383.9 | psnr_b100=26.999, psnr_set14=27.514, psnr_set5=31.221, psnr_urban100=24.722, ssim_b100=0.717, ssim_set14=0.846, ssim_set5=0.895, ssim_urban100=0.948 |
   164 | train=0.005723 | val=nan | lr=0.002 | t_train=13.39 | t_val=12.68 | mem=383.9 | psnr_b100=26.890, psnr_set14=27.290, psnr_set5=31.022, psnr_urban100=24.526, ssim_b100=0.715, ssim_set14=0.843, ssim_set5=0.890, ssim_urban100=0.945 |
   165 | train=0.007839 | val=nan | lr=0.002 | t_train=13.01 | t_val=12.31 | mem=383.9 | psnr_b100=26.944, psnr_set14=27.338, psnr_set5=31.148, psnr_urban100=24.612, ssim_b100=0.716, ssim_set14=0.844, ssim_set5=0.894, ssim_urban100=0.946 |
   166 | train=0.006501 | val=nan | lr=0.002 | t_train=13.05 | t_val=12.34 | mem=383.9 | psnr_b100=26.897, psnr_set14=27.274, psnr_set5=30.997, psnr_urban100=24.523, ssim_b100=0.715, ssim_set14=0.843, ssim_set5=0.890, ssim_urban100=0.945 |
   167 | train=0.006902 | val=nan | lr=0.002 | t_train=13.16 | t_val=12.46 | mem=383.9 | psnr_b100=27.078, psnr_set14=27.558, psnr_set5=31.375, psnr_urban100=24.811, ssim_b100=0.720, ssim_set14=0.848, ssim_set5=0.898, ssim_urban100=0.949 |
   168 | train=0.009912 | val=nan | lr=0.002 | t_train=13.30 | t_val=12.61 | mem=383.9 | psnr_b100=26.945, psnr_set14=27.332, psnr_set5=31.122, psnr_urban100=24.589, ssim_b100=0.716, ssim_set14=0.844, ssim_set5=0.893, ssim_urban100=0.946 |
   169 | train=0.007092 | val=nan | lr=0.002 | t_train=13.20 | t_val=12.50 | mem=383.9 | psnr_b100=27.009, psnr_set14=27.515, psnr_set5=31.241, psnr_urban100=24.730, ssim_b100=0.718, ssim_set14=0.847, ssim_set5=0.896, ssim_urban100=0.948 |
   170 | train=0.009031 | val=nan | lr=0.002 | t_train=13.20 | t_val=12.48 | mem=383.9 | psnr_b100=26.926, psnr_set14=27.326, psnr_set5=31.088, psnr_urban100=24.581, ssim_b100=0.716, ssim_set14=0.844, ssim_set5=0.892, ssim_urban100=0.946 |
   171 | train=0.007985 | val=nan | lr=0.002 | t_train=13.37 | t_val=12.68 | mem=383.9 | psnr_b100=26.915, psnr_set14=27.321, psnr_set5=31.024, psnr_urban100=24.572, ssim_b100=0.718, ssim_set14=0.845, ssim_set5=0.894, ssim_urban100=0.946 |
   172 | train=0.009022 | val=nan | lr=0.002 | t_train=13.34 | t_val=12.64 | mem=383.9 | psnr_b100=26.986, psnr_set14=27.421, psnr_set5=31.142, psnr_urban100=24.632, ssim_b100=0.718, ssim_set14=0.845, ssim_set5=0.893, ssim_urban100=0.946 |
   173 | train=0.006938 | val=nan | lr=0.002 | t_train=13.18 | t_val=12.45 | mem=383.9 | psnr_b100=27.020, psnr_set14=27.436, psnr_set5=31.220, psnr_urban100=24.646, ssim_b100=0.719, ssim_set14=0.846, ssim_set5=0.895, ssim_urban100=0.947 |
   174 | train=0.006428 | val=nan | lr=0.002 | t_train=13.32 | t_val=12.59 | mem=383.9 | psnr_b100=27.004, psnr_set14=27.429, psnr_set5=31.162, psnr_urban100=24.635, ssim_b100=0.718, ssim_set14=0.845, ssim_set5=0.894, ssim_urban100=0.947 |
   175 | train=0.008381 | val=nan | lr=0.002 | t_train=13.52 | t_val=12.77 | mem=383.9 | psnr_b100=26.923, psnr_set14=27.396, psnr_set5=31.065, psnr_urban100=24.608, ssim_b100=0.717, ssim_set14=0.845, ssim_set5=0.893, ssim_urban100=0.946 |
   176 | train=0.007478 | val=nan | lr=0.002 | t_train=13.51 | t_val=12.72 | mem=383.9 | psnr_b100=27.092, psnr_set14=27.565, psnr_set5=31.341, psnr_urban100=24.866, ssim_b100=0.720, ssim_set14=0.847, ssim_set5=0.896, ssim_urban100=0.950 |
   177 | train=0.007299 | val=nan | lr=0.002 | t_train=13.59 | t_val=12.83 | mem=383.9 | psnr_b100=27.011, psnr_set14=27.454, psnr_set5=31.201, psnr_urban100=24.682, ssim_b100=0.718, ssim_set14=0.846, ssim_set5=0.894, ssim_urban100=0.947 |
   178 | train=0.005537 | val=nan | lr=0.002 | t_train=13.29 | t_val=12.55 | mem=383.9 | psnr_b100=27.000, psnr_set14=27.447, psnr_set5=31.162, psnr_urban100=24.674, ssim_b100=0.718, ssim_set14=0.845, ssim_set5=0.894, ssim_urban100=0.947 |
   179 | train=0.007434 | val=nan | lr=0.002 | t_train=13.34 | t_val=12.63 | mem=383.9 | psnr_b100=26.940, psnr_set14=27.300, psnr_set5=31.020, psnr_urban100=24.573, ssim_b100=0.716, ssim_set14=0.843, ssim_set5=0.890, ssim_urban100=0.946 |
   180 | train=0.006852 | val=nan | lr=0.002 | t_train=12.98 | t_val=12.29 | mem=383.9 | psnr_b100=27.025, psnr_set14=27.497, psnr_set5=31.285, psnr_urban100=24.754, ssim_b100=0.719, ssim_set14=0.847, ssim_set5=0.896, ssim_urban100=0.948 |
   181 | train=0.006191 | val=nan | lr=0.002 | t_train=13.16 | t_val=12.45 | mem=383.9 | psnr_b100=26.900, psnr_set14=27.297, psnr_set5=31.036, psnr_urban100=24.530, ssim_b100=0.715, ssim_set14=0.843, ssim_set5=0.891, ssim_urban100=0.944 |
   182 | train=0.008457 | val=nan | lr=0.002 | t_train=13.24 | t_val=12.44 | mem=383.9 | psnr_b100=26.934, psnr_set14=27.317, psnr_set5=30.946, psnr_urban100=24.565, ssim_b100=0.716, ssim_set14=0.843, ssim_set5=0.889, ssim_urban100=0.945 |
   183 | train=0.006995 | val=nan | lr=0.002 | t_train=13.12 | t_val=12.43 | mem=383.9 | psnr_b100=26.978, psnr_set14=27.404, psnr_set5=31.113, psnr_urban100=24.639, ssim_b100=0.718, ssim_set14=0.845, ssim_set5=0.893, ssim_urban100=0.947 |
   184 | train=0.006688 | val=nan | lr=0.002 | t_train=13.37 | t_val=12.65 | mem=383.9 | psnr_b100=26.967, psnr_set14=27.379, psnr_set5=31.107, psnr_urban100=24.616, ssim_b100=0.717, ssim_set14=0.845, ssim_set5=0.893, ssim_urban100=0.946 |
   185 | train=0.007607 | val=nan | lr=0.002 | t_train=13.15 | t_val=12.46 | mem=383.9 | psnr_b100=27.003, psnr_set14=27.433, psnr_set5=31.160, psnr_urban100=24.724, ssim_b100=0.718, ssim_set14=0.845, ssim_set5=0.893, ssim_urban100=0.948 |
   186 | train=0.010165 | val=nan | lr=0.002 | t_train=13.23 | t_val=12.52 | mem=383.9 | psnr_b100=26.977, psnr_set14=27.388, psnr_set5=31.133, psnr_urban100=24.630, ssim_b100=0.717, ssim_set14=0.844, ssim_set5=0.892, ssim_urban100=0.947 |
   187 | train=0.008616 | val=nan | lr=0.002 | t_train=13.20 | t_val=12.52 | mem=383.9 | psnr_b100=26.961, psnr_set14=27.379, psnr_set5=31.093, psnr_urban100=24.590, ssim_b100=0.717, ssim_set14=0.843, ssim_set5=0.891, ssim_urban100=0.946 |
   188 | train=0.006702 | val=nan | lr=0.002 | t_train=13.52 | t_val=12.81 | mem=383.9 | psnr_b100=27.009, psnr_set14=27.442, psnr_set5=31.197, psnr_urban100=24.694, ssim_b100=0.718, ssim_set14=0.845, ssim_set5=0.894, ssim_urban100=0.947 |
   189 | train=0.007454 | val=nan | lr=0.002 | t_train=13.45 | t_val=12.73 | mem=383.9 | psnr_b100=26.953, psnr_set14=27.290, psnr_set5=30.964, psnr_urban100=24.567, ssim_b100=0.716, ssim_set14=0.843, ssim_set5=0.890, ssim_urban100=0.946 |
   190 | train=0.007747 | val=nan | lr=0.002 | t_train=13.19 | t_val=12.48 | mem=383.9 | psnr_b100=27.008, psnr_set14=27.385, psnr_set5=31.143, psnr_urban100=24.696, ssim_b100=0.719, ssim_set14=0.846, ssim_set5=0.893, ssim_urban100=0.948 |
   191 | train=0.006847 | val=nan | lr=0.002 | t_train=14.02 | t_val=13.17 | mem=383.9 | psnr_b100=26.990, psnr_set14=27.409, psnr_set5=31.125, psnr_urban100=24.696, ssim_b100=0.718, ssim_set14=0.845, ssim_set5=0.893, ssim_urban100=0.948 |
   192 | train=0.007044 | val=nan | lr=0.002 | t_train=13.35 | t_val=12.65 | mem=383.9 | psnr_b100=27.023, psnr_set14=27.432, psnr_set5=31.142, psnr_urban100=24.664, ssim_b100=0.719, ssim_set14=0.845, ssim_set5=0.894, ssim_urban100=0.947 |
   193 | train=0.007060 | val=nan | lr=0.002 | t_train=13.57 | t_val=12.87 | mem=383.9 | psnr_b100=26.931, psnr_set14=27.338, psnr_set5=31.034, psnr_urban100=24.561, ssim_b100=0.717, ssim_set14=0.844, ssim_set5=0.892, ssim_urban100=0.946 |
   194 | train=0.006456 | val=nan | lr=0.002 | t_train=13.37 | t_val=12.60 | mem=383.9 | psnr_b100=27.019, psnr_set14=27.457, psnr_set5=31.209, psnr_urban100=24.685, ssim_b100=0.720, ssim_set14=0.847, ssim_set5=0.895, ssim_urban100=0.948 |
   195 | train=0.006461 | val=nan | lr=0.002 | t_train=13.49 | t_val=12.74 | mem=383.9 | psnr_b100=26.955, psnr_set14=27.400, psnr_set5=31.070, psnr_urban100=24.619, ssim_b100=0.718, ssim_set14=0.845, ssim_set5=0.894, ssim_urban100=0.947 |
   196 | train=0.006377 | val=nan | lr=0.002 | t_train=28.37 | t_val=27.69 | mem=383.9 | psnr_b100=26.975, psnr_set14=27.410, psnr_set5=31.174, psnr_urban100=24.603, ssim_b100=0.718, ssim_set14=0.845, ssim_set5=0.896, ssim_urban100=0.947 |
   197 | train=0.007452 | val=nan | lr=0.002 | t_train=183.64 | t_val=182.79 | mem=383.9 | psnr_b100=26.990, psnr_set14=27.362, psnr_set5=31.126, psnr_urban100=24.597, ssim_b100=0.718, ssim_set14=0.844, ssim_set5=0.894, ssim_urban100=0.946 |
   198 | train=0.007584 | val=nan | lr=0.002 | t_train=110.22 | t_val=109.02 | mem=383.9 | psnr_b100=26.982, psnr_set14=27.391, psnr_set5=31.085, psnr_urban100=24.645, ssim_b100=0.718, ssim_set14=0.845, ssim_set5=0.892, ssim_urban100=0.947 |
   199 | train=0.006619 | val=nan | lr=0.002 | t_train=13.24 | t_val=12.53 | mem=383.9 | psnr_b100=27.051, psnr_set14=27.504, psnr_set5=31.242, psnr_urban100=24.729, ssim_b100=0.720, ssim_set14=0.847, ssim_set5=0.895, ssim_urban100=0.948 |
   200 | train=0.007105 | val=nan | lr=0.002 | t_train=13.07 | t_val=12.40 | mem=383.9 | psnr_b100=26.941, psnr_set14=27.341, psnr_set5=31.019, psnr_urban100=24.535, ssim_b100=0.717, ssim_set14=0.844, ssim_set5=0.891, ssim_urban100=0.945 |
   201 | train=0.006241 | val=nan | lr=0.002 | t_train=12.93 | t_val=12.27 | mem=383.9 | psnr_b100=26.990, psnr_set14=27.456, psnr_set5=31.178, psnr_urban100=24.645, ssim_b100=0.718, ssim_set14=0.846, ssim_set5=0.895, ssim_urban100=0.947 |
   202 | train=0.008189 | val=nan | lr=0.002 | t_train=12.89 | t_val=12.24 | mem=383.9 | psnr_b100=27.004, psnr_set14=27.501, psnr_set5=31.164, psnr_urban100=24.717, ssim_b100=0.718, ssim_set14=0.846, ssim_set5=0.894, ssim_urban100=0.947 |
   203 | train=0.006886 | val=nan | lr=0.002 | t_train=12.91 | t_val=12.26 | mem=383.9 | psnr_b100=26.922, psnr_set14=27.293, psnr_set5=30.945, psnr_urban100=24.549, ssim_b100=0.716, ssim_set14=0.843, ssim_set5=0.890, ssim_urban100=0.946 |
   204 | train=0.005627 | val=nan | lr=0.002 | t_train=12.93 | t_val=12.28 | mem=383.9 | psnr_b100=27.070, psnr_set14=27.528, psnr_set5=31.280, psnr_urban100=24.766, ssim_b100=0.721, ssim_set14=0.848, ssim_set5=0.897, ssim_urban100=0.949 |
   205 | train=0.007590 | val=nan | lr=0.002 | t_train=13.02 | t_val=12.34 | mem=383.9 | psnr_b100=27.018, psnr_set14=27.430, psnr_set5=31.145, psnr_urban100=24.690, ssim_b100=0.719, ssim_set14=0.846, ssim_set5=0.894, ssim_urban100=0.948 |
   206 | train=0.006567 | val=nan | lr=0.002 | t_train=13.21 | t_val=12.48 | mem=383.9 | psnr_b100=26.989, psnr_set14=27.422, psnr_set5=31.146, psnr_urban100=24.719, ssim_b100=0.718, ssim_set14=0.845, ssim_set5=0.893, ssim_urban100=0.948 |
   207 | train=0.007553 | val=nan | lr=0.002 | t_train=13.80 | t_val=13.10 | mem=383.9 | psnr_b100=26.996, psnr_set14=27.441, psnr_set5=31.201, psnr_urban100=24.693, ssim_b100=0.719, ssim_set14=0.846, ssim_set5=0.894, ssim_urban100=0.948 |
   208 | train=0.006113 | val=nan | lr=0.002 | t_train=14.04 | t_val=13.24 | mem=383.9 | psnr_b100=26.988, psnr_set14=27.425, psnr_set5=31.125, psnr_urban100=24.674, ssim_b100=0.719, ssim_set14=0.846, ssim_set5=0.895, ssim_urban100=0.948 |
   209 | train=0.006290 | val=nan | lr=0.0019964 | t_train=13.27 | t_val=12.56 | mem=383.9 | psnr_b100=27.029, psnr_set14=27.478, psnr_set5=31.235, psnr_urban100=24.708, ssim_b100=0.720, ssim_set14=0.846, ssim_set5=0.895, ssim_urban100=0.948 |
   210 | train=0.005909 | val=nan | lr=0.0019926 | t_train=13.39 | t_val=12.64 | mem=383.9 | psnr_b100=27.070, psnr_set14=27.503, psnr_set5=31.277, psnr_urban100=24.779, ssim_b100=0.721, ssim_set14=0.848, ssim_set5=0.896, ssim_urban100=0.949 |
   211 | train=0.006835 | val=nan | lr=0.0019888 | t_train=13.46 | t_val=12.72 | mem=383.9 | psnr_b100=26.964, psnr_set14=27.376, psnr_set5=31.071, psnr_urban100=24.630, ssim_b100=0.718, ssim_set14=0.845, ssim_set5=0.893, ssim_urban100=0.947 |
   212 | train=0.005747 | val=nan | lr=0.0019851 | t_train=13.27 | t_val=12.52 | mem=383.9 | psnr_b100=26.988, psnr_set14=27.374, psnr_set5=31.086, psnr_urban100=24.646, ssim_b100=0.718, ssim_set14=0.845, ssim_set5=0.893, ssim_urban100=0.947 |
   213 | train=0.006116 | val=nan | lr=0.0019813 | t_train=13.24 | t_val=12.54 | mem=383.9 | psnr_b100=27.091, psnr_set14=27.562, psnr_set5=31.370, psnr_urban100=24.828, ssim_b100=0.721, ssim_set14=0.848, ssim_set5=0.898, ssim_urban100=0.949 |
   214 | train=0.007498 | val=nan | lr=0.0019775 | t_train=13.28 | t_val=12.54 | mem=383.9 | psnr_b100=26.977, psnr_set14=27.434, psnr_set5=31.136, psnr_urban100=24.677, ssim_b100=0.718, ssim_set14=0.846, ssim_set5=0.894, ssim_urban100=0.948 |
   215 | train=0.009506 | val=nan | lr=0.0019738 | t_train=13.61 | t_val=12.90 | mem=383.9 | psnr_b100=27.042, psnr_set14=27.515, psnr_set5=31.233, psnr_urban100=24.766, ssim_b100=0.720, ssim_set14=0.847, ssim_set5=0.895, ssim_urban100=0.949 |
   216 | train=0.007727 | val=nan | lr=0.00197 | t_train=13.68 | t_val=12.95 | mem=383.9 | psnr_b100=26.967, psnr_set14=27.399, psnr_set5=31.103, psnr_urban100=24.659, ssim_b100=0.717, ssim_set14=0.844, ssim_set5=0.892, ssim_urban100=0.947 |
   217 | train=0.007348 | val=nan | lr=0.0019663 | t_train=13.76 | t_val=13.00 | mem=383.9 | psnr_b100=26.979, psnr_set14=27.427, psnr_set5=31.124, psnr_urban100=24.681, ssim_b100=0.718, ssim_set14=0.845, ssim_set5=0.892, ssim_urban100=0.947 |
   218 | train=0.007491 | val=nan | lr=0.0019626 | t_train=14.16 | t_val=13.40 | mem=383.9 | psnr_b100=26.975, psnr_set14=27.379, psnr_set5=31.108, psnr_urban100=24.614, ssim_b100=0.718, ssim_set14=0.844, ssim_set5=0.893, ssim_urban100=0.947 |
   219 | train=0.005550 | val=nan | lr=0.0019588 | t_train=14.07 | t_val=13.29 | mem=383.9 | psnr_b100=27.096, psnr_set14=27.571, psnr_set5=31.296, psnr_urban100=24.829, ssim_b100=0.722, ssim_set14=0.848, ssim_set5=0.897, ssim_urban100=0.949 |
   220 | train=0.006761 | val=nan | lr=0.0019551 | t_train=14.30 | t_val=13.43 | mem=383.9 | psnr_b100=27.059, psnr_set14=27.494, psnr_set5=31.241, psnr_urban100=24.753, ssim_b100=0.720, ssim_set14=0.847, ssim_set5=0.895, ssim_urban100=0.948 |
   221 | train=0.007018 | val=nan | lr=0.0019514 | t_train=14.26 | t_val=13.49 | mem=383.9 | psnr_b100=27.047, psnr_set14=27.486, psnr_set5=31.225, psnr_urban100=24.734, ssim_b100=0.720, ssim_set14=0.847, ssim_set5=0.895, ssim_urban100=0.948 |
   222 | train=0.006486 | val=nan | lr=0.0019477 | t_train=13.83 | t_val=13.01 | mem=383.9 | psnr_b100=27.063, psnr_set14=27.573, psnr_set5=31.312, psnr_urban100=24.777, ssim_b100=0.720, ssim_set14=0.848, ssim_set5=0.896, ssim_urban100=0.949 |
   223 | train=0.007184 | val=nan | lr=0.001944 | t_train=13.74 | t_val=13.00 | mem=383.9 | psnr_b100=26.974, psnr_set14=27.470, psnr_set5=31.120, psnr_urban100=24.701, ssim_b100=0.719, ssim_set14=0.847, ssim_set5=0.895, ssim_urban100=0.948 |
   224 | train=0.008235 | val=nan | lr=0.0019403 | t_train=13.63 | t_val=12.87 | mem=383.9 | psnr_b100=26.989, psnr_set14=27.415, psnr_set5=31.049, psnr_urban100=24.692, ssim_b100=0.718, ssim_set14=0.845, ssim_set5=0.891, ssim_urban100=0.948 |
   225 | train=0.007883 | val=nan | lr=0.0019366 | t_train=13.74 | t_val=13.01 | mem=383.9 | psnr_b100=27.022, psnr_set14=27.485, psnr_set5=31.170, psnr_urban100=24.738, ssim_b100=0.718, ssim_set14=0.846, ssim_set5=0.893, ssim_urban100=0.948 |
   226 | train=0.007573 | val=nan | lr=0.0019329 | t_train=13.49 | t_val=12.74 | mem=383.9 | psnr_b100=27.029, psnr_set14=27.490, psnr_set5=31.210, psnr_urban100=24.705, ssim_b100=0.719, ssim_set14=0.846, ssim_set5=0.894, ssim_urban100=0.948 |
   227 | train=0.007706 | val=nan | lr=0.0019293 | t_train=13.43 | t_val=12.72 | mem=383.9 | psnr_b100=27.014, psnr_set14=27.514, psnr_set5=31.253, psnr_urban100=24.702, ssim_b100=0.719, ssim_set14=0.846, ssim_set5=0.895, ssim_urban100=0.948 |
   228 | train=0.007234 | val=nan | lr=0.0019256 | t_train=13.36 | t_val=12.63 | mem=383.9 | psnr_b100=27.024, psnr_set14=27.501, psnr_set5=31.212, psnr_urban100=24.725, ssim_b100=0.720, ssim_set14=0.847, ssim_set5=0.895, ssim_urban100=0.948 |
   229 | train=0.006182 | val=nan | lr=0.001922 | t_train=13.39 | t_val=12.67 | mem=383.9 | psnr_b100=26.966, psnr_set14=27.411, psnr_set5=31.096, psnr_urban100=24.646, ssim_b100=0.717, ssim_set14=0.845, ssim_set5=0.892, ssim_urban100=0.947 |
   230 | train=0.007411 | val=nan | lr=0.0019183 | t_train=13.55 | t_val=12.82 | mem=383.9 | psnr_b100=27.019, psnr_set14=27.486, psnr_set5=31.176, psnr_urban100=24.718, ssim_b100=0.719, ssim_set14=0.846, ssim_set5=0.894, ssim_urban100=0.948 |
   231 | train=0.006618 | val=nan | lr=0.0019147 | t_train=13.19 | t_val=12.49 | mem=383.9 | psnr_b100=27.020, psnr_set14=27.469, psnr_set5=31.206, psnr_urban100=24.712, ssim_b100=0.719, ssim_set14=0.846, ssim_set5=0.894, ssim_urban100=0.948 |
   232 | train=0.005998 | val=nan | lr=0.001911 | t_train=13.15 | t_val=12.45 | mem=383.9 | psnr_b100=27.020, psnr_set14=27.472, psnr_set5=31.228, psnr_urban100=24.679, ssim_b100=0.719, ssim_set14=0.846, ssim_set5=0.894, ssim_urban100=0.948 |
   233 | train=0.007174 | val=nan | lr=0.0019074 | t_train=13.17 | t_val=12.46 | mem=383.9 | psnr_b100=27.014, psnr_set14=27.427, psnr_set5=31.133, psnr_urban100=24.680, ssim_b100=0.718, ssim_set14=0.845, ssim_set5=0.892, ssim_urban100=0.947 |
   234 | train=0.006761 | val=nan | lr=0.0019038 | t_train=13.14 | t_val=12.44 | mem=383.9 | psnr_b100=27.032, psnr_set14=27.460, psnr_set5=31.157, psnr_urban100=24.743, ssim_b100=0.720, ssim_set14=0.846, ssim_set5=0.894, ssim_urban100=0.948 |
   235 | train=0.007871 | val=nan | lr=0.0019002 | t_train=13.03 | t_val=12.33 | mem=383.9 | psnr_b100=26.980, psnr_set14=27.395, psnr_set5=31.128, psnr_urban100=24.643, ssim_b100=0.718, ssim_set14=0.845, ssim_set5=0.893, ssim_urban100=0.947 |
   236 | train=0.005730 | val=nan | lr=0.0019 | t_train=13.14 | t_val=12.43 | mem=383.9 | psnr_b100=27.007, psnr_set14=27.439, psnr_set5=31.135, psnr_urban100=24.706, ssim_b100=0.719, ssim_set14=0.846, ssim_set5=0.893, ssim_urban100=0.948 |
   237 | train=0.006067 | val=nan | lr=0.0018966 | t_train=13.15 | t_val=12.46 | mem=383.9 | psnr_b100=26.922, psnr_set14=27.280, psnr_set5=30.938, psnr_urban100=24.579, ssim_b100=0.716, ssim_set14=0.843, ssim_set5=0.889, ssim_urban100=0.946 |
   238 | train=0.005445 | val=nan | lr=0.001893 | t_train=13.18 | t_val=12.48 | mem=383.9 | psnr_b100=27.029, psnr_set14=27.462, psnr_set5=31.206, psnr_urban100=24.747, ssim_b100=0.719, ssim_set14=0.846, ssim_set5=0.894, ssim_urban100=0.948 |
   239 | train=0.005950 | val=nan | lr=0.0018894 | t_train=13.19 | t_val=12.49 | mem=383.9 | psnr_b100=26.905, psnr_set14=27.282, psnr_set5=30.894, psnr_urban100=24.562, ssim_b100=0.716, ssim_set14=0.843, ssim_set5=0.890, ssim_urban100=0.946 |
   240 | train=0.005503 | val=nan | lr=0.0018858 | t_train=13.18 | t_val=12.46 | mem=383.9 | psnr_b100=27.006, psnr_set14=27.459, psnr_set5=31.084, psnr_urban100=24.734, ssim_b100=0.719, ssim_set14=0.846, ssim_set5=0.893, ssim_urban100=0.946 |
   241 | train=0.005718 | val=nan | lr=0.0018822 | t_train=13.19 | t_val=12.49 | mem=383.9 | psnr_b100=26.978, psnr_set14=27.388, psnr_set5=31.086, psnr_urban100=24.681, ssim_b100=0.718, ssim_set14=0.845, ssim_set5=0.892, ssim_urban100=0.948 |
   242 | train=0.006024 | val=nan | lr=0.0018786 | t_train=13.11 | t_val=12.40 | mem=383.9 | psnr_b100=27.006, psnr_set14=27.463, psnr_set5=31.125, psnr_urban100=24.741, ssim_b100=0.718, ssim_set14=0.847, ssim_set5=0.893, ssim_urban100=0.948 |
   243 | train=0.005627 | val=nan | lr=0.0018784 | t_train=13.08 | t_val=12.38 | mem=383.9 | psnr_b100=27.013, psnr_set14=27.490, psnr_set5=31.229, psnr_urban100=24.723, ssim_b100=0.718, ssim_set14=0.846, ssim_set5=0.894, ssim_urban100=0.948 |
   244 | train=0.006084 | val=nan | lr=0.0018784 | t_train=13.15 | t_val=12.45 | mem=383.9 | psnr_b100=27.048, psnr_set14=27.515, psnr_set5=31.324, psnr_urban100=24.774, ssim_b100=0.720, ssim_set14=0.847, ssim_set5=0.897, ssim_urban100=0.949 |
   245 | train=0.005727 | val=nan | lr=0.0018751 | t_train=13.33 | t_val=12.62 | mem=383.9 | psnr_b100=26.979, psnr_set14=27.415, psnr_set5=31.099, psnr_urban100=24.663, ssim_b100=0.717, ssim_set14=0.845, ssim_set5=0.892, ssim_urban100=0.945 |
   246 | train=0.005117 | val=nan | lr=0.0018715 | t_train=13.65 | t_val=12.85 | mem=383.9 | psnr_b100=27.001, psnr_set14=27.401, psnr_set5=31.104, psnr_urban100=24.675, ssim_b100=0.718, ssim_set14=0.845, ssim_set5=0.892, ssim_urban100=0.948 |
   247 | train=0.006713 | val=nan | lr=0.001868 | t_train=14.64 | t_val=13.80 | mem=383.9 | psnr_b100=26.966, psnr_set14=27.355, psnr_set5=31.077, psnr_urban100=24.646, ssim_b100=0.717, ssim_set14=0.845, ssim_set5=0.892, ssim_urban100=0.947 |
   248 | train=0.006581 | val=nan | lr=0.0018644 | t_train=13.29 | t_val=12.57 | mem=383.9 | psnr_b100=26.986, psnr_set14=27.392, psnr_set5=31.057, psnr_urban100=24.647, ssim_b100=0.718, ssim_set14=0.845, ssim_set5=0.893, ssim_urban100=0.947 |
   249 | train=0.005136 | val=nan | lr=0.0018642 | t_train=13.33 | t_val=12.61 | mem=383.9 | psnr_b100=27.033, psnr_set14=27.482, psnr_set5=31.158, psnr_urban100=24.721, ssim_b100=0.719, ssim_set14=0.847, ssim_set5=0.893, ssim_urban100=0.948 |
   250 | train=0.006674 | val=nan | lr=0.0018609 | t_train=13.82 | t_val=13.11 | mem=383.9 | psnr_b100=27.013, psnr_set14=27.490, psnr_set5=31.154, psnr_urban100=24.717, ssim_b100=0.719, ssim_set14=0.846, ssim_set5=0.893, ssim_urban100=0.948 |
   251 | train=0.007189 | val=nan | lr=0.0018573 | t_train=14.61 | t_val=13.65 | mem=383.9 | psnr_b100=27.052, psnr_set14=27.515, psnr_set5=31.270, psnr_urban100=24.745, ssim_b100=0.720, ssim_set14=0.847, ssim_set5=0.895, ssim_urban100=0.948 |
   252 | train=0.004782 | val=nan | lr=0.0018538 | t_train=13.62 | t_val=12.78 | mem=383.9 | psnr_b100=26.981, psnr_set14=27.417, psnr_set5=31.172, psnr_urban100=24.638, ssim_b100=0.718, ssim_set14=0.845, ssim_set5=0.894, ssim_urban100=0.947 |
   253 | train=0.006399 | val=nan | lr=0.0018503 | t_train=13.13 | t_val=12.43 | mem=383.9 | psnr_b100=27.070, psnr_set14=27.524, psnr_set5=31.257, psnr_urban100=24.814, ssim_b100=0.720, ssim_set14=0.848, ssim_set5=0.896, ssim_urban100=0.949 |
   254 | train=0.007232 | val=nan | lr=0.0018468 | t_train=13.18 | t_val=12.48 | mem=383.9 | psnr_b100=27.055, psnr_set14=27.540, psnr_set5=31.210, psnr_urban100=24.800, ssim_b100=0.721, ssim_set14=0.848, ssim_set5=0.895, ssim_urban100=0.949 |
   255 | train=0.006429 | val=nan | lr=0.0018433 | t_train=13.18 | t_val=12.47 | mem=383.9 | psnr_b100=27.015, psnr_set14=27.459, psnr_set5=31.180, psnr_urban100=24.694, ssim_b100=0.719, ssim_set14=0.846, ssim_set5=0.894, ssim_urban100=0.948 |
   256 | train=0.006118 | val=nan | lr=0.0018398 | t_train=13.18 | t_val=12.47 | mem=383.9 | psnr_b100=26.975, psnr_set14=27.421, psnr_set5=31.112, psnr_urban100=24.673, ssim_b100=0.717, ssim_set14=0.845, ssim_set5=0.893, ssim_urban100=0.947 |
   257 | train=0.006099 | val=nan | lr=0.0018363 | t_train=13.26 | t_val=12.46 | mem=383.9 | psnr_b100=26.979, psnr_set14=27.419, psnr_set5=31.108, psnr_urban100=24.624, ssim_b100=0.719, ssim_set14=0.846, ssim_set5=0.894, ssim_urban100=0.947 |
   258 | train=0.006675 | val=nan | lr=0.0018328 | t_train=13.18 | t_val=12.46 | mem=383.9 | psnr_b100=27.046, psnr_set14=27.515, psnr_set5=31.195, psnr_urban100=24.714, ssim_b100=0.720, ssim_set14=0.847, ssim_set5=0.894, ssim_urban100=0.948 |
   259 | train=0.007090 | val=nan | lr=0.0018293 | t_train=13.24 | t_val=12.51 | mem=383.9 | psnr_b100=26.941, psnr_set14=27.388, psnr_set5=31.073, psnr_urban100=24.577, ssim_b100=0.717, ssim_set14=0.844, ssim_set5=0.892, ssim_urban100=0.946 |
   260 | train=0.008123 | val=nan | lr=0.0018258 | t_train=13.24 | t_val=12.52 | mem=383.9 | psnr_b100=27.074, psnr_set14=27.524, psnr_set5=31.240, psnr_urban100=24.774, ssim_b100=0.721, ssim_set14=0.848, ssim_set5=0.896, ssim_urban100=0.949 |
   261 | train=0.006099 | val=nan | lr=0.0018224 | t_train=13.17 | t_val=12.46 | mem=383.9 | psnr_b100=27.008, psnr_set14=27.428, psnr_set5=31.133, psnr_urban100=24.728, ssim_b100=0.718, ssim_set14=0.846, ssim_set5=0.892, ssim_urban100=0.948 |
   262 | train=0.005806 | val=nan | lr=0.0018189 | t_train=13.15 | t_val=12.44 | mem=383.9 | psnr_b100=27.050, psnr_set14=27.504, psnr_set5=31.218, psnr_urban100=24.739, ssim_b100=0.720, ssim_set14=0.847, ssim_set5=0.895, ssim_urban100=0.948 |
   263 | train=0.004877 | val=nan | lr=0.0018155 | t_train=13.20 | t_val=12.49 | mem=383.9 | psnr_b100=27.034, psnr_set14=27.485, psnr_set5=31.176, psnr_urban100=24.720, ssim_b100=0.720, ssim_set14=0.847, ssim_set5=0.894, ssim_urban100=0.948 |
   264 | train=0.006222 | val=nan | lr=0.001812 | t_train=13.20 | t_val=12.50 | mem=383.9 | psnr_b100=27.027, psnr_set14=27.481, psnr_set5=31.239, psnr_urban100=24.711, ssim_b100=0.719, ssim_set14=0.847, ssim_set5=0.895, ssim_urban100=0.948 |
   265 | train=0.005953 | val=nan | lr=0.0018086 | t_train=13.18 | t_val=12.48 | mem=383.9 | psnr_b100=27.008, psnr_set14=27.459, psnr_set5=31.161, psnr_urban100=24.706, ssim_b100=0.719, ssim_set14=0.846, ssim_set5=0.894, ssim_urban100=0.948 |
   266 | train=0.006175 | val=nan | lr=0.0018051 | t_train=13.15 | t_val=12.43 | mem=383.9 | psnr_b100=27.003, psnr_set14=27.432, psnr_set5=31.190, psnr_urban100=24.678, ssim_b100=0.719, ssim_set14=0.846, ssim_set5=0.894, ssim_urban100=0.948 |
   267 | train=0.006681 | val=nan | lr=0.0018017 | t_train=13.14 | t_val=12.43 | mem=383.9 | psnr_b100=27.021, psnr_set14=27.480, psnr_set5=31.197, psnr_urban100=24.741, ssim_b100=0.719, ssim_set14=0.846, ssim_set5=0.894, ssim_urban100=0.949 |
   268 | train=0.007645 | val=nan | lr=0.0017983 | t_train=13.12 | t_val=12.42 | mem=383.9 | psnr_b100=26.959, psnr_set14=27.365, psnr_set5=31.066, psnr_urban100=24.600, ssim_b100=0.718, ssim_set14=0.845, ssim_set5=0.892, ssim_urban100=0.947 |
   269 | train=0.006882 | val=nan | lr=0.0017949 | t_train=13.20 | t_val=12.50 | mem=383.9 | psnr_b100=26.986, psnr_set14=27.404, psnr_set5=31.148, psnr_urban100=24.627, ssim_b100=0.718, ssim_set14=0.845, ssim_set5=0.894, ssim_urban100=0.946 |
   270 | train=0.005641 | val=nan | lr=0.0017915 | t_train=13.21 | t_val=12.50 | mem=383.9 | psnr_b100=26.957, psnr_set14=27.347, psnr_set5=31.020, psnr_urban100=24.583, ssim_b100=0.717, ssim_set14=0.844, ssim_set5=0.891, ssim_urban100=0.946 |
   271 | train=0.004922 | val=nan | lr=0.0017881 | t_train=13.14 | t_val=12.43 | mem=383.9 | psnr_b100=26.980, psnr_set14=27.398, psnr_set5=31.064, psnr_urban100=24.623, ssim_b100=0.718, ssim_set14=0.846, ssim_set5=0.892, ssim_urban100=0.947 |
   272 | train=0.005612 | val=nan | lr=0.0017847 | t_train=13.22 | t_val=12.51 | mem=383.9 | psnr_b100=27.015, psnr_set14=27.405, psnr_set5=31.116, psnr_urban100=24.689, ssim_b100=0.719, ssim_set14=0.846, ssim_set5=0.894, ssim_urban100=0.947 |
   273 | train=0.004904 | val=nan | lr=0.0017813 | t_train=13.76 | t_val=13.04 | mem=383.9 | psnr_b100=26.985, psnr_set14=27.446, psnr_set5=31.169, psnr_urban100=24.688, ssim_b100=0.718, ssim_set14=0.845, ssim_set5=0.894, ssim_urban100=0.947 |
   274 | train=0.007663 | val=nan | lr=0.0017779 | t_train=13.46 | t_val=12.71 | mem=383.9 | psnr_b100=27.040, psnr_set14=27.513, psnr_set5=31.288, psnr_urban100=24.744, ssim_b100=0.719, ssim_set14=0.847, ssim_set5=0.896, ssim_urban100=0.948 |
   275 | train=0.006416 | val=nan | lr=0.0017745 | t_train=13.48 | t_val=12.67 | mem=383.9 | psnr_b100=27.059, psnr_set14=27.537, psnr_set5=31.272, psnr_urban100=24.789, ssim_b100=0.722, ssim_set14=0.849, ssim_set5=0.898, ssim_urban100=0.949 |
   276 | train=0.005668 | val=nan | lr=0.0017712 | t_train=26.40 | t_val=25.50 | mem=383.9 | psnr_b100=26.984, psnr_set14=27.396, psnr_set5=31.120, psnr_urban100=24.634, ssim_b100=0.718, ssim_set14=0.845, ssim_set5=0.893, ssim_urban100=0.947 |
   277 | train=0.005138 | val=nan | lr=0.0017678 | t_train=16.49 | t_val=14.06 | mem=383.9 | psnr_b100=27.042, psnr_set14=27.481, psnr_set5=31.208, psnr_urban100=24.756, ssim_b100=0.721, ssim_set14=0.847, ssim_set5=0.896, ssim_urban100=0.949 |
   278 | train=0.005902 | val=nan | lr=0.0017645 | t_train=14.21 | t_val=13.48 | mem=383.9 | psnr_b100=27.027, psnr_set14=27.484, psnr_set5=31.232, psnr_urban100=24.740, ssim_b100=0.720, ssim_set14=0.847, ssim_set5=0.894, ssim_urban100=0.948 |
   279 | train=0.006602 | val=nan | lr=0.0017611 | t_train=29.79 | t_val=28.53 | mem=383.9 | psnr_b100=27.020, psnr_set14=27.443, psnr_set5=31.228, psnr_urban100=24.682, ssim_b100=0.719, ssim_set14=0.846, ssim_set5=0.895, ssim_urban100=0.948 |
   280 | train=0.006122 | val=nan | lr=0.0017578 | t_train=13.84 | t_val=13.03 | mem=383.9 | psnr_b100=26.984, psnr_set14=27.396, psnr_set5=31.060, psnr_urban100=24.676, ssim_b100=0.718, ssim_set14=0.846, ssim_set5=0.893, ssim_urban100=0.948 |
   281 | train=0.006516 | val=nan | lr=0.0017544 | t_train=13.89 | t_val=13.11 | mem=383.9 | psnr_b100=26.957, psnr_set14=27.361, psnr_set5=30.991, psnr_urban100=24.642, ssim_b100=0.718, ssim_set14=0.845, ssim_set5=0.892, ssim_urban100=0.947 |
   282 | train=0.007401 | val=nan | lr=0.0017511 | t_train=14.18 | t_val=13.42 | mem=383.9 | psnr_b100=27.033, psnr_set14=27.482, psnr_set5=31.280, psnr_urban100=24.726, ssim_b100=0.719, ssim_set14=0.847, ssim_set5=0.896, ssim_urban100=0.948 |
   283 | train=0.007054 | val=nan | lr=0.0017478 | t_train=14.59 | t_val=13.75 | mem=383.9 | psnr_b100=27.043, psnr_set14=27.500, psnr_set5=31.200, psnr_urban100=24.761, ssim_b100=0.719, ssim_set14=0.846, ssim_set5=0.894, ssim_urban100=0.948 |
   284 | train=0.007969 | val=nan | lr=0.0017445 | t_train=14.25 | t_val=13.46 | mem=383.9 | psnr_b100=27.062, psnr_set14=27.532, psnr_set5=31.340, psnr_urban100=24.785, ssim_b100=0.720, ssim_set14=0.847, ssim_set5=0.897, ssim_urban100=0.949 |
   285 | train=0.005013 | val=nan | lr=0.0017411 | t_train=14.01 | t_val=13.22 | mem=383.9 | psnr_b100=26.921, psnr_set14=27.309, psnr_set5=30.979, psnr_urban100=24.551, ssim_b100=0.715, ssim_set14=0.843, ssim_set5=0.890, ssim_urban100=0.946 |
   286 | train=0.006244 | val=nan | lr=0.0017378 | t_train=14.43 | t_val=13.59 | mem=383.9 | psnr_b100=27.011, psnr_set14=27.451, psnr_set5=31.194, psnr_urban100=24.656, ssim_b100=0.719, ssim_set14=0.846, ssim_set5=0.894, ssim_urban100=0.947 |
   287 | train=0.004914 | val=nan | lr=0.0017345 | t_train=74.76 | t_val=74.01 | mem=383.9 | psnr_b100=26.989, psnr_set14=27.427, psnr_set5=31.145, psnr_urban100=24.650, ssim_b100=0.718, ssim_set14=0.845, ssim_set5=0.893, ssim_urban100=0.947 |
   288 | train=0.008917 | val=nan | lr=0.0017312 | t_train=205.47 | t_val=204.02 | mem=383.9 | psnr_b100=27.047, psnr_set14=27.497, psnr_set5=31.235, psnr_urban100=24.768, ssim_b100=0.720, ssim_set14=0.847, ssim_set5=0.895, ssim_urban100=0.949 |
   289 | train=0.006230 | val=nan | lr=0.001728 | t_train=42.06 | t_val=40.40 | mem=383.9 | psnr_b100=27.031, psnr_set14=27.474, psnr_set5=31.244, psnr_urban100=24.740, ssim_b100=0.719, ssim_set14=0.846, ssim_set5=0.894, ssim_urban100=0.948 |
   290 | train=0.007283 | val=nan | lr=0.0017247 | t_train=13.81 | t_val=13.08 | mem=383.9 | psnr_b100=27.004, psnr_set14=27.452, psnr_set5=31.176, psnr_urban100=24.705, ssim_b100=0.718, ssim_set14=0.846, ssim_set5=0.894, ssim_urban100=0.948 |
   291 | train=0.006281 | val=nan | lr=0.0017214 | t_train=13.75 | t_val=13.01 | mem=383.9 | psnr_b100=26.986, psnr_set14=27.414, psnr_set5=31.116, psnr_urban100=24.651, ssim_b100=0.718, ssim_set14=0.845, ssim_set5=0.893, ssim_urban100=0.947 |
   292 | train=0.006317 | val=nan | lr=0.0017181 | t_train=147.88 | t_val=147.16 | mem=383.9 | psnr_b100=26.999, psnr_set14=27.443, psnr_set5=31.164, psnr_urban100=24.710, ssim_b100=0.718, ssim_set14=0.846, ssim_set5=0.893, ssim_urban100=0.948 |
   293 | train=0.006694 | val=nan | lr=0.0017149 | t_train=15.05 | t_val=13.67 | mem=383.9 | psnr_b100=26.962, psnr_set14=27.389, psnr_set5=31.089, psnr_urban100=24.635, ssim_b100=0.718, ssim_set14=0.846, ssim_set5=0.893, ssim_urban100=0.947 |
   294 | train=0.007661 | val=nan | lr=0.0017116 | t_train=14.07 | t_val=13.23 | mem=383.9 | psnr_b100=26.978, psnr_set14=27.380, psnr_set5=31.090, psnr_urban100=24.689, ssim_b100=0.718, ssim_set14=0.845, ssim_set5=0.892, ssim_urban100=0.947 |
   295 | train=0.007432 | val=nan | lr=0.0017084 | t_train=13.26 | t_val=12.55 | mem=383.9 | psnr_b100=27.013, psnr_set14=27.429, psnr_set5=31.179, psnr_urban100=24.693, ssim_b100=0.719, ssim_set14=0.846, ssim_set5=0.894, ssim_urban100=0.948 |
   296 | train=0.005365 | val=nan | lr=0.0017051 | t_train=13.41 | t_val=12.66 | mem=383.9 | psnr_b100=26.997, psnr_set14=27.435, psnr_set5=31.126, psnr_urban100=24.674, ssim_b100=0.718, ssim_set14=0.846, ssim_set5=0.893, ssim_urban100=0.946 |
   297 | train=0.005429 | val=nan | lr=0.0017019 | t_train=13.31 | t_val=12.56 | mem=383.9 | psnr_b100=27.056, psnr_set14=27.488, psnr_set5=31.272, psnr_urban100=24.764, ssim_b100=0.720, ssim_set14=0.847, ssim_set5=0.895, ssim_urban100=0.948 |
   298 | train=0.006375 | val=nan | lr=0.0016987 | t_train=13.24 | t_val=12.52 | mem=383.9 | psnr_b100=27.007, psnr_set14=27.457, psnr_set5=31.177, psnr_urban100=24.721, ssim_b100=0.719, ssim_set14=0.847, ssim_set5=0.895, ssim_urban100=0.948 |
   299 | train=0.007021 | val=nan | lr=0.0016954 | t_train=13.21 | t_val=12.52 | mem=383.9 | psnr_b100=27.024, psnr_set14=27.497, psnr_set5=31.215, psnr_urban100=24.782, ssim_b100=0.719, ssim_set14=0.846, ssim_set5=0.894, ssim_urban100=0.949 |
   300 | train=0.007484 | val=nan | lr=0.0016922 | t_train=13.21 | t_val=12.52 | mem=383.9 | psnr_b100=26.994, psnr_set14=27.415, psnr_set5=31.125, psnr_urban100=24.655, ssim_b100=0.718, ssim_set14=0.846, ssim_set5=0.892, ssim_urban100=0.948 |
   301 | train=0.008341 | val=nan | lr=0.001689 | t_train=13.27 | t_val=12.57 | mem=383.9 | psnr_b100=26.961, psnr_set14=27.370, psnr_set5=31.063, psnr_urban100=24.663, ssim_b100=0.717, ssim_set14=0.845, ssim_set5=0.892, ssim_urban100=0.948 |
   302 | train=0.005702 | val=nan | lr=0.0016858 | t_train=13.22 | t_val=12.51 | mem=383.9 | psnr_b100=27.002, psnr_set14=27.454, psnr_set5=31.126, psnr_urban100=24.704, ssim_b100=0.719, ssim_set14=0.847, ssim_set5=0.894, ssim_urban100=0.948 |
   303 | train=0.007150 | val=nan | lr=0.0016826 | t_train=13.23 | t_val=12.52 | mem=383.9 | psnr_b100=27.047, psnr_set14=27.496, psnr_set5=31.259, psnr_urban100=24.766, ssim_b100=0.720, ssim_set14=0.847, ssim_set5=0.895, ssim_urban100=0.949 |
   304 | train=0.007712 | val=nan | lr=0.0016794 | t_train=13.42 | t_val=12.71 | mem=383.9 | psnr_b100=26.985, psnr_set14=27.427, psnr_set5=31.149, psnr_urban100=24.691, ssim_b100=0.718, ssim_set14=0.846, ssim_set5=0.894, ssim_urban100=0.948 |
   305 | train=0.006442 | val=nan | lr=0.0016762 | t_train=13.23 | t_val=12.52 | mem=383.9 | psnr_b100=27.017, psnr_set14=27.462, psnr_set5=31.183, psnr_urban100=24.746, ssim_b100=0.719, ssim_set14=0.846, ssim_set5=0.895, ssim_urban100=0.948 |
   306 | train=0.006037 | val=nan | lr=0.001673 | t_train=13.27 | t_val=12.54 | mem=383.9 | psnr_b100=26.986, psnr_set14=27.403, psnr_set5=31.141, psnr_urban100=24.685, ssim_b100=0.718, ssim_set14=0.846, ssim_set5=0.893, ssim_urban100=0.948 |
   307 | train=0.005543 | val=nan | lr=0.0016699 | t_train=13.38 | t_val=12.66 | mem=383.9 | psnr_b100=27.044, psnr_set14=27.481, psnr_set5=31.217, psnr_urban100=24.765, ssim_b100=0.720, ssim_set14=0.848, ssim_set5=0.895, ssim_urban100=0.949 |
   308 | train=0.006312 | val=nan | lr=0.0016667 | t_train=13.46 | t_val=12.73 | mem=383.9 | psnr_b100=27.038, psnr_set14=27.495, psnr_set5=31.246, psnr_urban100=24.753, ssim_b100=0.719, ssim_set14=0.847, ssim_set5=0.895, ssim_urban100=0.949 |
   309 | train=0.005440 | val=nan | lr=0.0016635 | t_train=13.50 | t_val=12.70 | mem=383.9 | psnr_b100=27.038, psnr_set14=27.470, psnr_set5=31.203, psnr_urban100=24.737, ssim_b100=0.720, ssim_set14=0.847, ssim_set5=0.894, ssim_urban100=0.949 |
   310 | train=0.005979 | val=nan | lr=0.0016604 | t_train=13.29 | t_val=12.57 | mem=383.9 | psnr_b100=27.031, psnr_set14=27.510, psnr_set5=31.238, psnr_urban100=24.749, ssim_b100=0.719, ssim_set14=0.847, ssim_set5=0.895, ssim_urban100=0.949 |
   311 | train=0.005728 | val=nan | lr=0.0016572 | t_train=13.45 | t_val=12.74 | mem=383.9 | psnr_b100=27.041, psnr_set14=27.488, psnr_set5=31.240, psnr_urban100=24.741, ssim_b100=0.720, ssim_set14=0.847, ssim_set5=0.895, ssim_urban100=0.949 |
   312 | train=0.006182 | val=nan | lr=0.0016541 | t_train=13.26 | t_val=12.49 | mem=383.9 | psnr_b100=27.059, psnr_set14=27.537, psnr_set5=31.270, psnr_urban100=24.798, ssim_b100=0.720, ssim_set14=0.847, ssim_set5=0.895, ssim_urban100=0.948 |
   313 | train=0.005339 | val=nan | lr=0.0016509 | t_train=13.36 | t_val=12.51 | mem=383.9 | psnr_b100=26.932, psnr_set14=27.338, psnr_set5=31.039, psnr_urban100=24.630, ssim_b100=0.716, ssim_set14=0.844, ssim_set5=0.892, ssim_urban100=0.947 |
   314 | train=0.007965 | val=nan | lr=0.0016478 | t_train=13.27 | t_val=12.53 | mem=383.9 | psnr_b100=27.033, psnr_set14=27.529, psnr_set5=31.208, psnr_urban100=24.785, ssim_b100=0.719, ssim_set14=0.847, ssim_set5=0.894, ssim_urban100=0.949 |
   315 | train=0.006318 | val=nan | lr=0.0016447 | t_train=13.32 | t_val=12.53 | mem=383.9 | psnr_b100=27.006, psnr_set14=27.466, psnr_set5=31.217, psnr_urban100=24.696, ssim_b100=0.719, ssim_set14=0.846, ssim_set5=0.894, ssim_urban100=0.947 |
   316 | train=0.006249 | val=nan | lr=0.0016415 | t_train=13.32 | t_val=12.61 | mem=383.9 | psnr_b100=26.975, psnr_set14=27.418, psnr_set5=31.094, psnr_urban100=24.660, ssim_b100=0.718, ssim_set14=0.846, ssim_set5=0.893, ssim_urban100=0.947 |
   317 | train=0.004793 | val=nan | lr=0.0016384 | t_train=13.28 | t_val=12.51 | mem=383.9 | psnr_b100=27.030, psnr_set14=27.472, psnr_set5=31.214, psnr_urban100=24.732, ssim_b100=0.720, ssim_set14=0.847, ssim_set5=0.895, ssim_urban100=0.948 |
   318 | train=0.006602 | val=nan | lr=0.0016353 | t_train=13.47 | t_val=12.68 | mem=383.9 | psnr_b100=26.961, psnr_set14=27.382, psnr_set5=31.053, psnr_urban100=24.656, ssim_b100=0.717, ssim_set14=0.845, ssim_set5=0.891, ssim_urban100=0.948 |
   319 | train=0.006318 | val=nan | lr=0.0016322 | t_train=13.65 | t_val=12.88 | mem=383.9 | psnr_b100=27.021, psnr_set14=27.456, psnr_set5=31.172, psnr_urban100=24.707, ssim_b100=0.719, ssim_set14=0.846, ssim_set5=0.894, ssim_urban100=0.948 |
   320 | train=0.007199 | val=nan | lr=0.0016291 | t_train=13.23 | t_val=12.50 | mem=383.9 | psnr_b100=27.006, psnr_set14=27.432, psnr_set5=31.150, psnr_urban100=24.709, ssim_b100=0.718, ssim_set14=0.845, ssim_set5=0.894, ssim_urban100=0.948 |
   321 | train=0.005837 | val=nan | lr=0.001626 | t_train=14.36 | t_val=13.65 | mem=383.9 | psnr_b100=27.063, psnr_set14=27.529, psnr_set5=31.281, psnr_urban100=24.815, ssim_b100=0.720, ssim_set14=0.848, ssim_set5=0.896, ssim_urban100=0.949 |
   322 | train=0.006156 | val=nan | lr=0.0016229 | t_train=13.80 | t_val=13.00 | mem=383.9 | psnr_b100=26.997, psnr_set14=27.432, psnr_set5=31.185, psnr_urban100=24.753, ssim_b100=0.718, ssim_set14=0.846, ssim_set5=0.893, ssim_urban100=0.949 |
   323 | train=0.005914 | val=nan | lr=0.0016199 | t_train=13.29 | t_val=12.57 | mem=383.9 | psnr_b100=27.047, psnr_set14=27.519, psnr_set5=31.256, psnr_urban100=24.798, ssim_b100=0.720, ssim_set14=0.848, ssim_set5=0.895, ssim_urban100=0.950 |
   324 | train=0.006514 | val=nan | lr=0.0016168 | t_train=13.56 | t_val=12.81 | mem=383.9 | psnr_b100=27.020, psnr_set14=27.499, psnr_set5=31.203, psnr_urban100=24.777, ssim_b100=0.718, ssim_set14=0.847, ssim_set5=0.894, ssim_urban100=0.949 |
   325 | train=0.006860 | val=nan | lr=0.0016137 | t_train=13.55 | t_val=12.83 | mem=383.9 | psnr_b100=27.037, psnr_set14=27.520, psnr_set5=31.163, psnr_urban100=24.786, ssim_b100=0.720, ssim_set14=0.847, ssim_set5=0.894, ssim_urban100=0.950 |
   326 | train=0.007266 | val=nan | lr=0.0016106 | t_train=13.72 | t_val=12.97 | mem=383.9 | psnr_b100=27.055, psnr_set14=27.529, psnr_set5=31.255, psnr_urban100=24.823, ssim_b100=0.720, ssim_set14=0.847, ssim_set5=0.896, ssim_urban100=0.950 |
   327 | train=0.007862 | val=nan | lr=0.0016076 | t_train=13.91 | t_val=13.13 | mem=383.9 | psnr_b100=26.995, psnr_set14=27.426, psnr_set5=31.103, psnr_urban100=24.671, ssim_b100=0.719, ssim_set14=0.846, ssim_set5=0.894, ssim_urban100=0.948 |
   328 | train=0.005535 | val=nan | lr=0.0016045 | t_train=14.12 | t_val=13.36 | mem=383.9 | psnr_b100=27.047, psnr_set14=27.479, psnr_set5=31.165, psnr_urban100=24.750, ssim_b100=0.720, ssim_set14=0.847, ssim_set5=0.894, ssim_urban100=0.949 |
   329 | train=0.006060 | val=nan | lr=0.0016015 | t_train=14.06 | t_val=13.23 | mem=383.9 | psnr_b100=26.969, psnr_set14=27.388, psnr_set5=31.051, psnr_urban100=24.632, ssim_b100=0.718, ssim_set14=0.845, ssim_set5=0.891, ssim_urban100=0.947 |
   330 | train=0.005905 | val=nan | lr=0.0015985 | t_train=13.44 | t_val=12.70 | mem=383.9 | psnr_b100=27.007, psnr_set14=27.474, psnr_set5=31.169, psnr_urban100=24.746, ssim_b100=0.719, ssim_set14=0.847, ssim_set5=0.894, ssim_urban100=0.949 |
   331 | train=0.007010 | val=nan | lr=0.0015954 | t_train=87.80 | t_val=87.09 | mem=383.9 | psnr_b100=27.035, psnr_set14=27.507, psnr_set5=31.229, psnr_urban100=24.762, ssim_b100=0.719, ssim_set14=0.847, ssim_set5=0.895, ssim_urban100=0.949 |
   332 | train=0.006402 | val=nan | lr=0.0015924 | t_train=75.48 | t_val=74.04 | mem=383.9 | psnr_b100=27.004, psnr_set14=27.444, psnr_set5=31.115, psnr_urban100=24.725, ssim_b100=0.719, ssim_set14=0.847, ssim_set5=0.893, ssim_urban100=0.948 |
   333 | train=0.006126 | val=nan | lr=0.0015894 | t_train=13.31 | t_val=12.59 | mem=383.9 | psnr_b100=27.002, psnr_set14=27.434, psnr_set5=31.093, psnr_urban100=24.721, ssim_b100=0.718, ssim_set14=0.846, ssim_set5=0.892, ssim_urban100=0.948 |
   334 | train=0.006677 | val=nan | lr=0.0015863 | t_train=13.48 | t_val=12.75 | mem=383.9 | psnr_b100=26.982, psnr_set14=27.452, psnr_set5=31.142, psnr_urban100=24.741, ssim_b100=0.718, ssim_set14=0.847, ssim_set5=0.894, ssim_urban100=0.949 |
   335 | train=0.006525 | val=nan | lr=0.0015833 | t_train=13.29 | t_val=12.57 | mem=383.9 | psnr_b100=26.948, psnr_set14=27.396, psnr_set5=31.115, psnr_urban100=24.679, ssim_b100=0.716, ssim_set14=0.844, ssim_set5=0.893, ssim_urban100=0.947 |
   336 | train=0.006303 | val=nan | lr=0.0015803 | t_train=13.19 | t_val=12.49 | mem=383.9 | psnr_b100=27.030, psnr_set14=27.511, psnr_set5=31.224, psnr_urban100=24.769, ssim_b100=0.719, ssim_set14=0.847, ssim_set5=0.894, ssim_urban100=0.949 |
   337 | train=0.007896 | val=nan | lr=0.0015773 | t_train=13.45 | t_val=12.74 | mem=383.9 | psnr_b100=27.024, psnr_set14=27.505, psnr_set5=31.206, psnr_urban100=24.769, ssim_b100=0.719, ssim_set14=0.847, ssim_set5=0.895, ssim_urban100=0.949 |
   338 | train=0.005781 | val=nan | lr=0.0015743 | t_train=13.47 | t_val=12.70 | mem=383.9 | psnr_b100=27.047, psnr_set14=27.497, psnr_set5=31.258, psnr_urban100=24.783, ssim_b100=0.720, ssim_set14=0.847, ssim_set5=0.895, ssim_urban100=0.949 |
   339 | train=0.007537 | val=nan | lr=0.0015714 | t_train=13.17 | t_val=12.46 | mem=383.9 | psnr_b100=26.998, psnr_set14=27.470, psnr_set5=31.172, psnr_urban100=24.756, ssim_b100=0.718, ssim_set14=0.847, ssim_set5=0.894, ssim_urban100=0.949 |
   340 | train=0.006838 | val=nan | lr=0.0015684 | t_train=13.23 | t_val=12.51 | mem=383.9 | psnr_b100=27.053, psnr_set14=27.501, psnr_set5=31.202, psnr_urban100=24.792, ssim_b100=0.720, ssim_set14=0.848, ssim_set5=0.894, ssim_urban100=0.950 |
   341 | train=0.006434 | val=nan | lr=0.0015654 | t_train=13.27 | t_val=12.56 | mem=383.9 | psnr_b100=26.937, psnr_set14=27.365, psnr_set5=31.034, psnr_urban100=24.635, ssim_b100=0.716, ssim_set14=0.844, ssim_set5=0.891, ssim_urban100=0.947 |
   342 | train=0.006168 | val=nan | lr=0.0015624 | t_train=13.33 | t_val=12.63 | mem=383.9 | psnr_b100=26.972, psnr_set14=27.408, psnr_set5=31.081, psnr_urban100=24.689, ssim_b100=0.718, ssim_set14=0.845, ssim_set5=0.893, ssim_urban100=0.948 |
   343 | train=0.005089 | val=nan | lr=0.0015595 | t_train=13.22 | t_val=12.50 | mem=383.9 | psnr_b100=26.962, psnr_set14=27.398, psnr_set5=31.114, psnr_urban100=24.707, ssim_b100=0.717, ssim_set14=0.845, ssim_set5=0.893, ssim_urban100=0.948 |
   344 | train=0.005554 | val=nan | lr=0.0015565 | t_train=13.23 | t_val=12.52 | mem=383.9 | psnr_b100=27.023, psnr_set14=27.507, psnr_set5=31.238, psnr_urban100=24.766, ssim_b100=0.719, ssim_set14=0.847, ssim_set5=0.895, ssim_urban100=0.949 |
   345 | train=0.005770 | val=nan | lr=0.0015535 | t_train=13.26 | t_val=12.55 | mem=383.9 | psnr_b100=26.978, psnr_set14=27.410, psnr_set5=31.146, psnr_urban100=24.703, ssim_b100=0.718, ssim_set14=0.845, ssim_set5=0.893, ssim_urban100=0.948 |
   346 | train=0.006193 | val=nan | lr=0.0015506 | t_train=13.87 | t_val=13.14 | mem=383.9 | psnr_b100=26.994, psnr_set14=27.450, psnr_set5=31.165, psnr_urban100=24.749, ssim_b100=0.719, ssim_set14=0.846, ssim_set5=0.893, ssim_urban100=0.949 |
   347 | train=0.006053 | val=nan | lr=0.0015476 | t_train=13.89 | t_val=12.99 | mem=383.9 | psnr_b100=27.036, psnr_set14=27.560, psnr_set5=31.256, psnr_urban100=24.852, ssim_b100=0.720, ssim_set14=0.849, ssim_set5=0.896, ssim_urban100=0.950 |
   348 | train=0.004641 | val=nan | lr=0.0015447 | t_train=14.40 | t_val=13.35 | mem=383.9 | psnr_b100=27.009, psnr_set14=27.429, psnr_set5=31.179, psnr_urban100=24.738, ssim_b100=0.719, ssim_set14=0.847, ssim_set5=0.894, ssim_urban100=0.949 |
   349 | train=0.006080 | val=nan | lr=0.0015418 | t_train=13.77 | t_val=13.02 | mem=383.9 | psnr_b100=26.965, psnr_set14=27.396, psnr_set5=31.077, psnr_urban100=24.675, ssim_b100=0.717, ssim_set14=0.846, ssim_set5=0.892, ssim_urban100=0.947 |
   350 | train=0.005477 | val=nan | lr=0.0015388 | t_train=150.54 | t_val=149.57 | mem=383.9 | psnr_b100=26.995, psnr_set14=27.427, psnr_set5=31.130, psnr_urban100=24.725, ssim_b100=0.718, ssim_set14=0.846, ssim_set5=0.892, ssim_urban100=0.949 |
   351 | train=0.007070 | val=nan | lr=0.0015359 | t_train=13.29 | t_val=12.58 | mem=383.9 | psnr_b100=27.014, psnr_set14=27.484, psnr_set5=31.148, psnr_urban100=24.760, ssim_b100=0.719, ssim_set14=0.846, ssim_set5=0.892, ssim_urban100=0.949 |
   352 | train=0.004653 | val=nan | lr=0.001533 | t_train=13.29 | t_val=12.56 | mem=383.9 | psnr_b100=27.030, psnr_set14=27.505, psnr_set5=31.199, psnr_urban100=24.789, ssim_b100=0.720, ssim_set14=0.848, ssim_set5=0.894, ssim_urban100=0.949 |
   353 | train=0.008231 | val=nan | lr=0.0015301 | t_train=13.40 | t_val=12.68 | mem=383.9 | psnr_b100=27.053, psnr_set14=27.549, psnr_set5=31.289, psnr_urban100=24.830, ssim_b100=0.720, ssim_set14=0.848, ssim_set5=0.896, ssim_urban100=0.949 |
   354 | train=0.006148 | val=nan | lr=0.0015272 | t_train=13.51 | t_val=12.78 | mem=383.9 | psnr_b100=27.018, psnr_set14=27.494, psnr_set5=31.187, psnr_urban100=24.732, ssim_b100=0.719, ssim_set14=0.847, ssim_set5=0.894, ssim_urban100=0.948 |
   355 | train=0.006895 | val=nan | lr=0.0015243 | t_train=13.19 | t_val=12.47 | mem=383.9 | psnr_b100=27.037, psnr_set14=27.496, psnr_set5=31.194, psnr_urban100=24.743, ssim_b100=0.720, ssim_set14=0.847, ssim_set5=0.893, ssim_urban100=0.949 |
   356 | train=0.007273 | val=nan | lr=0.0015214 | t_train=13.19 | t_val=12.49 | mem=383.9 | psnr_b100=27.042, psnr_set14=27.505, psnr_set5=31.282, psnr_urban100=24.825, ssim_b100=0.720, ssim_set14=0.847, ssim_set5=0.896, ssim_urban100=0.950 |
   357 | train=0.006554 | val=nan | lr=0.0015185 | t_train=13.28 | t_val=12.57 | mem=383.9 | psnr_b100=27.020, psnr_set14=27.482, psnr_set5=31.191, psnr_urban100=24.778, ssim_b100=0.719, ssim_set14=0.847, ssim_set5=0.895, ssim_urban100=0.949 |
   358 | train=0.004710 | val=nan | lr=0.0015156 | t_train=14.32 | t_val=13.46 | mem=383.9 | psnr_b100=27.011, psnr_set14=27.457, psnr_set5=31.137, psnr_urban100=24.771, ssim_b100=0.718, ssim_set14=0.846, ssim_set5=0.893, ssim_urban100=0.949 |
   359 | train=0.007034 | val=nan | lr=0.0015128 | t_train=13.76 | t_val=13.04 | mem=383.9 | psnr_b100=27.004, psnr_set14=27.456, psnr_set5=31.171, psnr_urban100=24.755, ssim_b100=0.719, ssim_set14=0.847, ssim_set5=0.895, ssim_urban100=0.949 |
   360 | train=0.005549 | val=nan | lr=0.0015099 | t_train=13.39 | t_val=12.64 | mem=383.9 | psnr_b100=26.976, psnr_set14=27.440, psnr_set5=31.114, psnr_urban100=24.719, ssim_b100=0.717, ssim_set14=0.845, ssim_set5=0.893, ssim_urban100=0.948 |
   361 | train=0.005740 | val=nan | lr=0.001507 | t_train=13.42 | t_val=12.70 | mem=383.9 | psnr_b100=27.064, psnr_set14=27.537, psnr_set5=31.272, psnr_urban100=24.817, ssim_b100=0.720, ssim_set14=0.848, ssim_set5=0.896, ssim_urban100=0.950 |
   362 | train=0.004881 | val=nan | lr=0.0015042 | t_train=150.83 | t_val=150.00 | mem=383.9 | psnr_b100=27.016, psnr_set14=27.434, psnr_set5=31.145, psnr_urban100=24.732, ssim_b100=0.719, ssim_set14=0.846, ssim_set5=0.893, ssim_urban100=0.949 |
   363 | train=0.005892 | val=nan | lr=0.0015013 | t_train=13.33 | t_val=12.56 | mem=383.9 | psnr_b100=27.037, psnr_set14=27.483, psnr_set5=31.201, psnr_urban100=24.793, ssim_b100=0.721, ssim_set14=0.848, ssim_set5=0.895, ssim_urban100=0.950 |
   364 | train=0.004853 | val=nan | lr=0.0014985 | t_train=13.27 | t_val=12.54 | mem=383.9 | psnr_b100=27.097, psnr_set14=27.587, psnr_set5=31.370, psnr_urban100=24.873, ssim_b100=0.722, ssim_set14=0.849, ssim_set5=0.898, ssim_urban100=0.950 |
   365 | train=0.004630 | val=nan | lr=0.0014956 | t_train=13.21 | t_val=12.48 | mem=383.9 | psnr_b100=27.066, psnr_set14=27.569, psnr_set5=31.289, psnr_urban100=24.880, ssim_b100=0.721, ssim_set14=0.848, ssim_set5=0.896, ssim_urban100=0.951 |
   366 | train=0.006279 | val=nan | lr=0.0014928 | t_train=13.46 | t_val=12.76 | mem=383.9 | psnr_b100=27.025, psnr_set14=27.496, psnr_set5=31.179, psnr_urban100=24.832, ssim_b100=0.719, ssim_set14=0.847, ssim_set5=0.894, ssim_urban100=0.950 |
   367 | train=0.004728 | val=nan | lr=0.0014899 | t_train=13.89 | t_val=13.14 | mem=383.9 | psnr_b100=27.003, psnr_set14=27.459, psnr_set5=31.165, psnr_urban100=24.736, ssim_b100=0.719, ssim_set14=0.846, ssim_set5=0.893, ssim_urban100=0.949 |
   368 | train=0.006612 | val=nan | lr=0.0014871 | t_train=151.20 | t_val=150.09 | mem=383.9 | psnr_b100=27.036, psnr_set14=27.500, psnr_set5=31.206, psnr_urban100=24.754, ssim_b100=0.720, ssim_set14=0.847, ssim_set5=0.894, ssim_urban100=0.949 |
   369 | train=0.006601 | val=nan | lr=0.0014843 | t_train=13.50 | t_val=12.77 | mem=383.9 | psnr_b100=27.020, psnr_set14=27.492, psnr_set5=31.175, psnr_urban100=24.765, ssim_b100=0.719, ssim_set14=0.847, ssim_set5=0.894, ssim_urban100=0.949 |
