     0 | train=nan | val=nan | lr=nan | t_train=nan | t_val=1.85 | mem=248.9 | psnr_b100=27.621, psnr_set14=28.302, psnr_set5=32.057, psnr_urban100=26.141, ssim_b100=0.738, ssim_set14=0.861, ssim_set5=0.906, ssim_urban100=0.963 |
     0 | train=nan | val=nan | lr=nan | t_train=nan | t_val=27.55 | mem=250.8 | psnr_b100=27.621, psnr_set14=28.302, psnr_set5=32.056, psnr_urban100=26.140, ssim_b100=0.738, ssim_set14=0.861, ssim_set5=0.906, ssim_urban100=0.963 |
     0 | train=nan | val=nan | lr=nan | t_train=nan | t_val=154.03 | mem=250.9 | psnr_b100=27.621, psnr_set14=28.303, psnr_set5=32.056, psnr_urban100=26.140, ssim_b100=0.738, ssim_set14=0.861, ssim_set5=0.906, ssim_urban100=0.963 |
     0 | train=nan | val=nan | lr=nan | t_train=nan | t_val=21.70 | mem=250.9 | psnr_b100=27.618, psnr_set14=28.302, psnr_set5=32.055, psnr_urban100=26.139, ssim_b100=0.738, ssim_set14=0.861, ssim_set5=0.906, ssim_urban100=0.963 |
# epoch | train_loss | val_loss | LR | t_train(s) | t_val(s) | gpu_mem(MB) | SRBench(psnr/ssim...)
     0 | train=nan | val=nan | lr=nan | t_train=nan | t_val=1.66 | mem=250.9 |
     0 | train=0.000697 | val=nan | lr=7.2e-05 | t_train=13.42 | t_val=12.56 | mem=383.9 | psnr_b100=27.619, psnr_set14=28.301, psnr_set5=32.345, psnr_urban100=26.139, ssim_b100=0.738, ssim_set14=0.861, ssim_set5=0.914, ssim_urban100=0.963 |
     1 | train=0.000754 | val=nan | lr=0.000148 | t_train=13.64 | t_val=12.81 | mem=383.9 | psnr_b100=27.619, psnr_set14=28.301, psnr_set5=32.345, psnr_urban100=26.135, ssim_b100=0.738, ssim_set14=0.861, ssim_set5=0.914, ssim_urban100=0.963 |
     2 | train=0.000797 | val=nan | lr=0.000224 | t_train=13.89 | t_val=13.02 | mem=383.9 | psnr_b100=27.619, psnr_set14=28.300, psnr_set5=32.345, psnr_urban100=26.135, ssim_b100=0.738, ssim_set14=0.861, ssim_set5=0.914, ssim_urban100=0.963 |
     3 | train=0.000775 | val=nan | lr=0.0003 | t_train=13.95 | t_val=13.07 | mem=383.9 | psnr_b100=27.616, psnr_set14=28.298, psnr_set5=32.334, psnr_urban100=26.133, ssim_b100=0.738, ssim_set14=0.861, ssim_set5=0.914, ssim_urban100=0.963 |
     4 | train=0.000911 | val=nan | lr=0.000376 | t_train=62.92 | t_val=62.18 | mem=383.9 | psnr_b100=27.616, psnr_set14=28.299, psnr_set5=32.334, psnr_urban100=26.131, ssim_b100=0.737, ssim_set14=0.861, ssim_set5=0.914, ssim_urban100=0.963 |
     5 | train=0.000936 | val=nan | lr=0.000452 | t_train=101.44 | t_val=99.99 | mem=383.9 | psnr_b100=27.615, psnr_set14=28.293, psnr_set5=32.343, psnr_urban100=26.129, ssim_b100=0.737, ssim_set14=0.861, ssim_set5=0.914, ssim_urban100=0.963 |
     6 | train=0.000948 | val=nan | lr=0.000528 | t_train=13.40 | t_val=12.67 | mem=383.9 | psnr_b100=27.612, psnr_set14=28.294, psnr_set5=32.334, psnr_urban100=26.127, ssim_b100=0.738, ssim_set14=0.861, ssim_set5=0.914, ssim_urban100=0.963 |
     7 | train=0.001259 | val=nan | lr=0.000604 | t_train=13.76 | t_val=13.03 | mem=383.9 | psnr_b100=27.618, psnr_set14=28.306, psnr_set5=32.332, psnr_urban100=26.132, ssim_b100=0.738, ssim_set14=0.861, ssim_set5=0.914, ssim_urban100=0.963 |
     8 | train=0.001081 | val=nan | lr=0.00068 | t_train=129.15 | t_val=127.60 | mem=383.9 | psnr_b100=27.612, psnr_set14=28.298, psnr_set5=32.359, psnr_urban100=26.121, ssim_b100=0.737, ssim_set14=0.861, ssim_set5=0.915, ssim_urban100=0.963 |
     9 | train=0.001569 | val=nan | lr=0.000756 | t_train=182.10 | t_val=180.57 | mem=383.9 | psnr_b100=27.606, psnr_set14=28.282, psnr_set5=32.339, psnr_urban100=26.117, ssim_b100=0.737, ssim_set14=0.861, ssim_set5=0.914, ssim_urban100=0.962 |
    10 | train=0.001244 | val=nan | lr=0.000832 | t_train=13.96 | t_val=12.49 | mem=383.9 | psnr_b100=27.597, psnr_set14=28.274, psnr_set5=32.332, psnr_urban100=26.086, ssim_b100=0.737, ssim_set14=0.861, ssim_set5=0.914, ssim_urban100=0.962 |
    11 | train=0.001936 | val=nan | lr=0.000908 | t_train=13.47 | t_val=12.76 | mem=383.9 | psnr_b100=27.600, psnr_set14=28.275, psnr_set5=32.360, psnr_urban100=26.106, ssim_b100=0.737, ssim_set14=0.861, ssim_set5=0.915, ssim_urban100=0.962 |
    12 | train=0.001389 | val=nan | lr=0.000984 | t_train=13.38 | t_val=12.68 | mem=383.9 | psnr_b100=27.603, psnr_set14=28.290, psnr_set5=32.336, psnr_urban100=26.119, ssim_b100=0.737, ssim_set14=0.861, ssim_set5=0.914, ssim_urban100=0.963 |
    13 | train=0.001615 | val=nan | lr=0.00106 | t_train=13.72 | t_val=12.91 | mem=383.9 | psnr_b100=27.602, psnr_set14=28.287, psnr_set5=32.332, psnr_urban100=26.120, ssim_b100=0.737, ssim_set14=0.861, ssim_set5=0.914, ssim_urban100=0.963 |
    14 | train=0.001288 | val=nan | lr=0.001136 | t_train=13.88 | t_val=13.14 | mem=383.9 | psnr_b100=27.604, psnr_set14=28.281, psnr_set5=32.340, psnr_urban100=26.100, ssim_b100=0.737, ssim_set14=0.861, ssim_set5=0.914, ssim_urban100=0.962 |
    15 | train=0.001750 | val=nan | lr=0.001212 | t_train=14.27 | t_val=13.39 | mem=383.9 | psnr_b100=27.604, psnr_set14=28.265, psnr_set5=32.322, psnr_urban100=26.103, ssim_b100=0.737, ssim_set14=0.861, ssim_set5=0.914, ssim_urban100=0.963 |
    16 | train=0.001683 | val=nan | lr=0.001288 | t_train=13.57 | t_val=12.81 | mem=383.9 | psnr_b100=27.602, psnr_set14=28.292, psnr_set5=32.335, psnr_urban100=26.095, ssim_b100=0.737, ssim_set14=0.861, ssim_set5=0.914, ssim_urban100=0.962 |
    17 | train=0.002054 | val=nan | lr=0.001364 | t_train=13.26 | t_val=12.57 | mem=383.9 | psnr_b100=27.593, psnr_set14=28.266, psnr_set5=32.307, psnr_urban100=26.067, ssim_b100=0.736, ssim_set14=0.860, ssim_set5=0.914, ssim_urban100=0.962 |
    18 | train=0.002149 | val=nan | lr=0.00144 | t_train=13.60 | t_val=12.85 | mem=383.9 | psnr_b100=27.574, psnr_set14=28.259, psnr_set5=32.320, psnr_urban100=26.055, ssim_b100=0.737, ssim_set14=0.860, ssim_set5=0.914, ssim_urban100=0.962 |
    19 | train=0.003161 | val=nan | lr=0.001516 | t_train=13.93 | t_val=13.21 | mem=383.9 | psnr_b100=27.568, psnr_set14=28.225, psnr_set5=32.296, psnr_urban100=26.028, ssim_b100=0.736, ssim_set14=0.860, ssim_set5=0.913, ssim_urban100=0.962 |
    20 | train=0.003196 | val=nan | lr=0.001592 | t_train=14.11 | t_val=13.29 | mem=383.9 | psnr_b100=27.570, psnr_set14=28.221, psnr_set5=32.287, psnr_urban100=26.029, ssim_b100=0.736, ssim_set14=0.860, ssim_set5=0.914, ssim_urban100=0.962 |
    21 | train=0.002773 | val=nan | lr=0.001668 | t_train=14.18 | t_val=13.43 | mem=383.9 | psnr_b100=27.552, psnr_set14=28.230, psnr_set5=32.281, psnr_urban100=26.000, ssim_b100=0.736, ssim_set14=0.860, ssim_set5=0.913, ssim_urban100=0.961 |
    22 | train=0.002484 | val=nan | lr=0.001744 | t_train=13.30 | t_val=12.60 | mem=383.9 | psnr_b100=27.534, psnr_set14=28.215, psnr_set5=32.269, psnr_urban100=25.973, ssim_b100=0.735, ssim_set14=0.859, ssim_set5=0.913, ssim_urban100=0.961 |
    23 | train=0.002560 | val=nan | lr=0.00182 | t_train=13.74 | t_val=12.86 | mem=383.9 | psnr_b100=27.558, psnr_set14=28.211, psnr_set5=32.250, psnr_urban100=25.974, ssim_b100=0.736, ssim_set14=0.859, ssim_set5=0.913, ssim_urban100=0.961 |
    24 | train=0.002905 | val=nan | lr=0.001896 | t_train=14.41 | t_val=13.66 | mem=383.9 | psnr_b100=27.546, psnr_set14=28.211, psnr_set5=32.219, psnr_urban100=26.014, ssim_b100=0.736, ssim_set14=0.860, ssim_set5=0.913, ssim_urban100=0.961 |
    25 | train=0.002844 | val=nan | lr=0.001972 | t_train=13.84 | t_val=13.07 | mem=383.9 | psnr_b100=27.539, psnr_set14=28.228, psnr_set5=32.246, psnr_urban100=25.982, ssim_b100=0.735, ssim_set14=0.860, ssim_set5=0.913, ssim_urban100=0.961 |
    26 | train=0.003667 | val=nan | lr=0.002 | t_train=13.55 | t_val=12.78 | mem=383.9 | psnr_b100=27.548, psnr_set14=28.211, psnr_set5=32.247, psnr_urban100=26.003, ssim_b100=0.736, ssim_set14=0.860, ssim_set5=0.913, ssim_urban100=0.962 |
    27 | train=0.003657 | val=nan | lr=0.002 | t_train=13.37 | t_val=12.56 | mem=383.9 | psnr_b100=27.515, psnr_set14=28.173, psnr_set5=32.127, psnr_urban100=25.919, ssim_b100=0.734, ssim_set14=0.859, ssim_set5=0.911, ssim_urban100=0.961 |
    28 | train=0.005345 | val=nan | lr=0.002 | t_train=13.44 | t_val=12.66 | mem=383.9 | psnr_b100=27.527, psnr_set14=28.221, psnr_set5=32.256, psnr_urban100=25.933, ssim_b100=0.735, ssim_set14=0.859, ssim_set5=0.913, ssim_urban100=0.961 |
    29 | train=0.006050 | val=nan | lr=0.002 | t_train=13.34 | t_val=12.63 | mem=383.9 | psnr_b100=27.531, psnr_set14=28.177, psnr_set5=32.200, psnr_urban100=25.969, ssim_b100=0.735, ssim_set14=0.859, ssim_set5=0.912, ssim_urban100=0.961 |
    30 | train=0.006539 | val=nan | lr=0.002 | t_train=24.90 | t_val=24.05 | mem=383.9 | psnr_b100=27.522, psnr_set14=28.174, psnr_set5=32.226, psnr_urban100=25.936, ssim_b100=0.734, ssim_set14=0.859, ssim_set5=0.913, ssim_urban100=0.961 |
    31 | train=0.007571 | val=nan | lr=0.002 | t_train=92.13 | t_val=90.20 | mem=383.9 | psnr_b100=27.531, psnr_set14=28.181, psnr_set5=32.236, psnr_urban100=25.936, ssim_b100=0.735, ssim_set14=0.859, ssim_set5=0.913, ssim_urban100=0.961 |
    32 | train=0.008769 | val=nan | lr=0.002 | t_train=100.68 | t_val=99.27 | mem=383.9 | psnr_b100=27.535, psnr_set14=28.178, psnr_set5=32.193, psnr_urban100=25.909, ssim_b100=0.735, ssim_set14=0.859, ssim_set5=0.913, ssim_urban100=0.961 |
    33 | train=0.010439 | val=nan | lr=0.002 | t_train=102.74 | t_val=101.50 | mem=383.9 | psnr_b100=27.548, psnr_set14=28.212, psnr_set5=32.241, psnr_urban100=25.965, ssim_b100=0.736, ssim_set14=0.859, ssim_set5=0.913, ssim_urban100=0.961 |
    34 | train=0.010736 | val=nan | lr=0.002 | t_train=16.57 | t_val=14.96 | mem=383.9 | psnr_b100=27.525, psnr_set14=28.182, psnr_set5=32.186, psnr_urban100=25.867, ssim_b100=0.735, ssim_set14=0.859, ssim_set5=0.912, ssim_urban100=0.960 |
    35 | train=0.011474 | val=nan | lr=0.002 | t_train=13.73 | t_val=13.01 | mem=383.9 | psnr_b100=27.465, psnr_set14=28.127, psnr_set5=32.149, psnr_urban100=25.738, ssim_b100=0.733, ssim_set14=0.858, ssim_set5=0.911, ssim_urban100=0.959 |
    36 | train=0.012208 | val=nan | lr=0.002 | t_train=33.77 | t_val=33.06 | mem=383.9 | psnr_b100=27.484, psnr_set14=28.154, psnr_set5=32.198, psnr_urban100=25.843, ssim_b100=0.734, ssim_set14=0.858, ssim_set5=0.912, ssim_urban100=0.960 |
    37 | train=0.013497 | val=nan | lr=0.002 | t_train=101.23 | t_val=99.78 | mem=383.9 | psnr_b100=27.536, psnr_set14=28.194, psnr_set5=32.173, psnr_urban100=25.952, ssim_b100=0.735, ssim_set14=0.859, ssim_set5=0.913, ssim_urban100=0.961 |
    38 | train=0.013463 | val=nan | lr=0.002 | t_train=134.83 | t_val=133.91 | mem=383.9 | psnr_b100=27.491, psnr_set14=28.172, psnr_set5=32.163, psnr_urban100=25.826, ssim_b100=0.734, ssim_set14=0.859, ssim_set5=0.912, ssim_urban100=0.959 |
    39 | train=0.014637 | val=nan | lr=0.002 | t_train=49.78 | t_val=48.25 | mem=383.9 | psnr_b100=27.509, psnr_set14=28.167, psnr_set5=32.169, psnr_urban100=25.876, ssim_b100=0.734, ssim_set14=0.859, ssim_set5=0.912, ssim_urban100=0.960 |
    40 | train=0.015599 | val=nan | lr=0.002 | t_train=13.60 | t_val=12.84 | mem=383.9 | psnr_b100=27.505, psnr_set14=28.172, psnr_set5=32.214, psnr_urban100=25.890, ssim_b100=0.734, ssim_set14=0.859, ssim_set5=0.912, ssim_urban100=0.960 |
    41 | train=0.017797 | val=nan | lr=0.002 | t_train=13.28 | t_val=12.52 | mem=383.9 | psnr_b100=27.455, psnr_set14=28.119, psnr_set5=32.044, psnr_urban100=25.802, ssim_b100=0.733, ssim_set14=0.858, ssim_set5=0.911, ssim_urban100=0.959 |
    42 | train=0.017215 | val=nan | lr=0.002 | t_train=13.24 | t_val=12.51 | mem=383.9 | psnr_b100=27.437, psnr_set14=28.086, psnr_set5=32.139, psnr_urban100=25.732, ssim_b100=0.732, ssim_set14=0.857, ssim_set5=0.912, ssim_urban100=0.958 |
    43 | train=0.019048 | val=nan | lr=0.002 | t_train=13.44 | t_val=12.74 | mem=383.9 | psnr_b100=27.466, psnr_set14=28.148, psnr_set5=32.114, psnr_urban100=25.792, ssim_b100=0.733, ssim_set14=0.858, ssim_set5=0.911, ssim_urban100=0.959 |
    44 | train=0.018780 | val=nan | lr=0.002 | t_train=13.91 | t_val=13.15 | mem=383.9 | psnr_b100=27.434, psnr_set14=28.076, psnr_set5=32.133, psnr_urban100=25.679, ssim_b100=0.732, ssim_set14=0.857, ssim_set5=0.911, ssim_urban100=0.958 |
    45 | train=0.020431 | val=nan | lr=0.002 | t_train=14.10 | t_val=13.34 | mem=383.9 | psnr_b100=27.445, psnr_set14=28.071, psnr_set5=32.106, psnr_urban100=25.677, ssim_b100=0.732, ssim_set14=0.857, ssim_set5=0.911, ssim_urban100=0.958 |
    46 | train=0.020230 | val=nan | lr=0.002 | t_train=14.16 | t_val=13.32 | mem=383.9 | psnr_b100=27.459, psnr_set14=28.100, psnr_set5=32.140, psnr_urban100=25.699, ssim_b100=0.733, ssim_set14=0.857, ssim_set5=0.911, ssim_urban100=0.958 |
    47 | train=0.020911 | val=nan | lr=0.002 | t_train=13.71 | t_val=12.97 | mem=383.9 | psnr_b100=27.459, psnr_set14=28.093, psnr_set5=32.139, psnr_urban100=25.753, ssim_b100=0.733, ssim_set14=0.858, ssim_set5=0.912, ssim_urban100=0.958 |
    48 | train=0.021411 | val=nan | lr=0.002 | t_train=13.21 | t_val=12.49 | mem=383.9 | psnr_b100=27.450, psnr_set14=28.072, psnr_set5=32.133, psnr_urban100=25.748, ssim_b100=0.733, ssim_set14=0.857, ssim_set5=0.911, ssim_urban100=0.958 |
    49 | train=0.023023 | val=nan | lr=0.002 | t_train=13.60 | t_val=12.86 | mem=383.9 | psnr_b100=27.432, psnr_set14=28.100, psnr_set5=32.178, psnr_urban100=25.716, ssim_b100=0.732, ssim_set14=0.857, ssim_set5=0.912, ssim_urban100=0.958 |
    50 | train=0.024274 | val=nan | lr=0.002 | t_train=13.08 | t_val=12.38 | mem=383.9 | psnr_b100=27.432, psnr_set14=28.107, psnr_set5=32.138, psnr_urban100=25.727, ssim_b100=0.732, ssim_set14=0.857, ssim_set5=0.911, ssim_urban100=0.958 |
    51 | train=0.024821 | val=nan | lr=0.002 | t_train=13.22 | t_val=12.48 | mem=383.9 | psnr_b100=27.452, psnr_set14=28.089, psnr_set5=32.137, psnr_urban100=25.722, ssim_b100=0.732, ssim_set14=0.857, ssim_set5=0.911, ssim_urban100=0.959 |
    52 | train=0.025667 | val=nan | lr=0.002 | t_train=13.21 | t_val=12.47 | mem=383.9 | psnr_b100=27.453, psnr_set14=28.066, psnr_set5=32.096, psnr_urban100=25.695, ssim_b100=0.732, ssim_set14=0.858, ssim_set5=0.911, ssim_urban100=0.958 |
    53 | train=0.025832 | val=nan | lr=0.002 | t_train=13.22 | t_val=12.51 | mem=383.9 | psnr_b100=27.440, psnr_set14=28.094, psnr_set5=32.091, psnr_urban100=25.710, ssim_b100=0.732, ssim_set14=0.858, ssim_set5=0.910, ssim_urban100=0.959 |
    54 | train=0.025997 | val=nan | lr=0.002 | t_train=13.28 | t_val=12.44 | mem=383.9 | psnr_b100=27.396, psnr_set14=28.032, psnr_set5=32.138, psnr_urban100=25.645, ssim_b100=0.731, ssim_set14=0.857, ssim_set5=0.911, ssim_urban100=0.958 |
    55 | train=0.026716 | val=nan | lr=0.002 | t_train=13.76 | t_val=12.97 | mem=383.9 | psnr_b100=27.343, psnr_set14=27.997, psnr_set5=32.103, psnr_urban100=25.542, ssim_b100=0.729, ssim_set14=0.856, ssim_set5=0.910, ssim_urban100=0.956 |
    56 | train=0.027124 | val=nan | lr=0.002 | t_train=13.82 | t_val=13.02 | mem=383.9 | psnr_b100=27.366, psnr_set14=28.011, psnr_set5=32.043, psnr_urban100=25.582, ssim_b100=0.730, ssim_set14=0.856, ssim_set5=0.910, ssim_urban100=0.957 |
    57 | train=0.027300 | val=nan | lr=0.002 | t_train=20.35 | t_val=19.52 | mem=383.9 | psnr_b100=27.339, psnr_set14=27.997, psnr_set5=32.063, psnr_urban100=25.564, ssim_b100=0.730, ssim_set14=0.856, ssim_set5=0.910, ssim_urban100=0.957 |
    58 | train=0.027808 | val=nan | lr=0.002 | t_train=66.49 | t_val=64.94 | mem=383.9 | psnr_b100=27.312, psnr_set14=27.963, psnr_set5=31.964, psnr_urban100=25.442, ssim_b100=0.729, ssim_set14=0.855, ssim_set5=0.909, ssim_urban100=0.956 |
    59 | train=0.027621 | val=nan | lr=0.002 | t_train=105.56 | t_val=104.15 | mem=383.9 | psnr_b100=27.291, psnr_set14=27.957, psnr_set5=31.970, psnr_urban100=25.458, ssim_b100=0.728, ssim_set14=0.855, ssim_set5=0.908, ssim_urban100=0.956 |
    60 | train=0.028113 | val=nan | lr=0.002 | t_train=91.85 | t_val=90.49 | mem=383.9 | psnr_b100=27.322, psnr_set14=27.947, psnr_set5=32.037, psnr_urban100=25.498, ssim_b100=0.729, ssim_set14=0.855, ssim_set5=0.909, ssim_urban100=0.956 |
    61 | train=0.028673 | val=nan | lr=0.002 | t_train=26.05 | t_val=24.66 | mem=383.9 | psnr_b100=27.360, psnr_set14=27.993, psnr_set5=32.027, psnr_urban100=25.551, ssim_b100=0.730, ssim_set14=0.857, ssim_set5=0.910, ssim_urban100=0.957 |
    62 | train=0.029931 | val=nan | lr=0.002 | t_train=13.69 | t_val=12.98 | mem=383.9 | psnr_b100=27.349, psnr_set14=27.976, psnr_set5=31.992, psnr_urban100=25.572, ssim_b100=0.730, ssim_set14=0.856, ssim_set5=0.909, ssim_urban100=0.957 |
    63 | train=0.029774 | val=nan | lr=0.002 | t_train=13.99 | t_val=13.21 | mem=383.9 | psnr_b100=27.371, psnr_set14=28.030, psnr_set5=32.039, psnr_urban100=25.597, ssim_b100=0.730, ssim_set14=0.857, ssim_set5=0.909, ssim_urban100=0.957 |
    64 | train=0.029183 | val=nan | lr=0.002 | t_train=44.99 | t_val=44.25 | mem=383.9 | psnr_b100=27.377, psnr_set14=27.992, psnr_set5=32.000, psnr_urban100=25.544, ssim_b100=0.730, ssim_set14=0.856, ssim_set5=0.909, ssim_urban100=0.957 |
    65 | train=0.029307 | val=nan | lr=0.002 | t_train=117.86 | t_val=116.26 | mem=383.9 | psnr_b100=27.345, psnr_set14=27.974, psnr_set5=31.944, psnr_urban100=25.518, ssim_b100=0.730, ssim_set14=0.856, ssim_set5=0.908, ssim_urban100=0.957 |
    66 | train=0.029755 | val=nan | lr=0.002 | t_train=96.79 | t_val=95.40 | mem=383.9 | psnr_b100=27.390, psnr_set14=28.026, psnr_set5=32.058, psnr_urban100=25.586, ssim_b100=0.731, ssim_set14=0.857, ssim_set5=0.910, ssim_urban100=0.958 |
    67 | train=0.030195 | val=nan | lr=0.002 | t_train=38.65 | t_val=37.38 | mem=383.9 | psnr_b100=27.358, psnr_set14=27.979, psnr_set5=31.935, psnr_urban100=25.481, ssim_b100=0.730, ssim_set14=0.856, ssim_set5=0.908, ssim_urban100=0.957 |
    68 | train=0.030170 | val=nan | lr=0.002 | t_train=13.88 | t_val=13.13 | mem=383.9 | psnr_b100=27.340, psnr_set14=27.962, psnr_set5=31.918, psnr_urban100=25.534, ssim_b100=0.729, ssim_set14=0.856, ssim_set5=0.908, ssim_urban100=0.957 |
    69 | train=0.030580 | val=nan | lr=0.002 | t_train=14.10 | t_val=13.26 | mem=383.9 | psnr_b100=27.363, psnr_set14=28.061, psnr_set5=32.008, psnr_urban100=25.578, ssim_b100=0.730, ssim_set14=0.857, ssim_set5=0.909, ssim_urban100=0.958 |
    70 | train=0.031297 | val=nan | lr=0.002 | t_train=28.03 | t_val=27.12 | mem=383.9 | psnr_b100=27.339, psnr_set14=27.978, psnr_set5=31.971, psnr_urban100=25.514, ssim_b100=0.729, ssim_set14=0.856, ssim_set5=0.908, ssim_urban100=0.956 |
    71 | train=0.032238 | val=nan | lr=0.002 | t_train=90.22 | t_val=89.15 | mem=383.9 | psnr_b100=27.308, psnr_set14=27.925, psnr_set5=31.768, psnr_urban100=25.424, ssim_b100=0.729, ssim_set14=0.855, ssim_set5=0.907, ssim_urban100=0.956 |
    72 | train=0.031230 | val=nan | lr=0.002 | t_train=117.56 | t_val=116.29 | mem=383.9 | psnr_b100=27.346, psnr_set14=28.006, psnr_set5=31.936, psnr_urban100=25.491, ssim_b100=0.729, ssim_set14=0.856, ssim_set5=0.908, ssim_urban100=0.957 |
    73 | train=0.031273 | val=nan | lr=0.002 | t_train=63.54 | t_val=61.95 | mem=383.9 | psnr_b100=27.372, psnr_set14=28.046, psnr_set5=31.997, psnr_urban100=25.520, ssim_b100=0.730, ssim_set14=0.857, ssim_set5=0.909, ssim_urban100=0.957 |
    74 | train=0.030305 | val=nan | lr=0.002 | t_train=13.47 | t_val=12.77 | mem=383.9 | psnr_b100=27.382, psnr_set14=28.034, psnr_set5=31.883, psnr_urban100=25.567, ssim_b100=0.730, ssim_set14=0.856, ssim_set5=0.908, ssim_urban100=0.958 |
    75 | train=0.030155 | val=nan | lr=0.002 | t_train=14.10 | t_val=13.38 | mem=383.9 | psnr_b100=27.374, psnr_set14=28.056, psnr_set5=31.956, psnr_urban100=25.563, ssim_b100=0.730, ssim_set14=0.857, ssim_set5=0.909, ssim_urban100=0.957 |
    76 | train=0.029199 | val=nan | lr=0.002 | t_train=38.29 | t_val=37.51 | mem=383.9 | psnr_b100=27.382, psnr_set14=28.043, psnr_set5=31.956, psnr_urban100=25.542, ssim_b100=0.730, ssim_set14=0.856, ssim_set5=0.908, ssim_urban100=0.957 |
    77 | train=0.029166 | val=nan | lr=0.002 | t_train=89.81 | t_val=88.43 | mem=383.9 | psnr_b100=27.374, psnr_set14=28.021, psnr_set5=31.930, psnr_urban100=25.526, ssim_b100=0.729, ssim_set14=0.856, ssim_set5=0.908, ssim_urban100=0.956 |
    78 | train=0.028327 | val=nan | lr=0.002 | t_train=122.31 | t_val=121.07 | mem=383.9 | psnr_b100=27.417, psnr_set14=28.059, psnr_set5=31.988, psnr_urban100=25.590, ssim_b100=0.731, ssim_set14=0.857, ssim_set5=0.909, ssim_urban100=0.957 |
    79 | train=0.029997 | val=nan | lr=0.002 | t_train=46.68 | t_val=45.27 | mem=383.9 | psnr_b100=27.323, psnr_set14=27.942, psnr_set5=31.751, psnr_urban100=25.406, ssim_b100=0.728, ssim_set14=0.854, ssim_set5=0.906, ssim_urban100=0.955 |
    80 | train=0.029007 | val=nan | lr=0.002 | t_train=13.08 | t_val=12.36 | mem=383.9 | psnr_b100=27.432, psnr_set14=28.092, psnr_set5=32.001, psnr_urban100=25.619, ssim_b100=0.731, ssim_set14=0.857, ssim_set5=0.909, ssim_urban100=0.958 |
    81 | train=0.029590 | val=nan | lr=0.002 | t_train=13.59 | t_val=12.88 | mem=383.9 | psnr_b100=27.356, psnr_set14=27.965, psnr_set5=31.857, psnr_urban100=25.484, ssim_b100=0.729, ssim_set14=0.855, ssim_set5=0.907, ssim_urban100=0.956 |
    82 | train=0.028802 | val=nan | lr=0.002 | t_train=14.16 | t_val=13.36 | mem=383.9 | psnr_b100=27.344, psnr_set14=27.973, psnr_set5=31.852, psnr_urban100=25.445, ssim_b100=0.729, ssim_set14=0.855, ssim_set5=0.907, ssim_urban100=0.956 |
    83 | train=0.026823 | val=nan | lr=0.002 | t_train=26.32 | t_val=25.50 | mem=383.9 | psnr_b100=27.314, psnr_set14=27.940, psnr_set5=31.824, psnr_urban100=25.384, ssim_b100=0.729, ssim_set14=0.854, ssim_set5=0.907, ssim_urban100=0.955 |
    84 | train=0.028279 | val=nan | lr=0.002 | t_train=89.67 | t_val=88.57 | mem=383.9 | psnr_b100=27.361, psnr_set14=27.974, psnr_set5=31.761, psnr_urban100=25.442, ssim_b100=0.730, ssim_set14=0.856, ssim_set5=0.906, ssim_urban100=0.956 |
    85 | train=0.026442 | val=nan | lr=0.002 | t_train=118.24 | t_val=116.81 | mem=383.9 | psnr_b100=27.225, psnr_set14=27.809, psnr_set5=31.593, psnr_urban100=25.259, ssim_b100=0.725, ssim_set14=0.852, ssim_set5=0.903, ssim_urban100=0.955 |
    86 | train=0.025984 | val=nan | lr=0.002 | t_train=63.54 | t_val=62.10 | mem=383.9 | psnr_b100=27.345, psnr_set14=27.953, psnr_set5=31.789, psnr_urban100=25.414, ssim_b100=0.729, ssim_set14=0.855, ssim_set5=0.906, ssim_urban100=0.956 |
    87 | train=0.025122 | val=nan | lr=0.002 | t_train=13.58 | t_val=12.87 | mem=383.9 | psnr_b100=27.314, psnr_set14=27.954, psnr_set5=31.751, psnr_urban100=25.359, ssim_b100=0.728, ssim_set14=0.854, ssim_set5=0.906, ssim_urban100=0.955 |
    88 | train=0.025437 | val=nan | lr=0.002 | t_train=36.27 | t_val=35.56 | mem=383.9 | psnr_b100=27.318, psnr_set14=27.955, psnr_set5=31.761, psnr_urban100=25.383, ssim_b100=0.728, ssim_set14=0.854, ssim_set5=0.907, ssim_urban100=0.955 |
    89 | train=0.024692 | val=nan | lr=0.002 | t_train=93.92 | t_val=92.43 | mem=383.9 | psnr_b100=27.176, psnr_set14=27.688, psnr_set5=31.423, psnr_urban100=25.088, ssim_b100=0.724, ssim_set14=0.851, ssim_set5=0.900, ssim_urban100=0.951 |
    90 | train=0.022868 | val=nan | lr=0.002 | t_train=125.67 | t_val=124.60 | mem=383.9 | psnr_b100=27.292, psnr_set14=27.885, psnr_set5=31.642, psnr_urban100=25.280, ssim_b100=0.727, ssim_set14=0.853, ssim_set5=0.904, ssim_urban100=0.954 |
    91 | train=0.023373 | val=nan | lr=0.002 | t_train=47.36 | t_val=45.87 | mem=383.9 | psnr_b100=27.281, psnr_set14=27.890, psnr_set5=31.666, psnr_urban100=25.296, ssim_b100=0.727, ssim_set14=0.854, ssim_set5=0.905, ssim_urban100=0.954 |
    92 | train=0.022551 | val=nan | lr=0.002 | t_train=12.80 | t_val=12.14 | mem=383.9 | psnr_b100=27.244, psnr_set14=27.802, psnr_set5=31.616, psnr_urban100=25.192, ssim_b100=0.726, ssim_set14=0.852, ssim_set5=0.904, ssim_urban100=0.953 |
    93 | train=0.021296 | val=nan | lr=0.002 | t_train=12.73 | t_val=12.07 | mem=383.9 | psnr_b100=27.233, psnr_set14=27.820, psnr_set5=31.631, psnr_urban100=25.169, ssim_b100=0.726, ssim_set14=0.852, ssim_set5=0.903, ssim_urban100=0.953 |
    94 | train=0.020345 | val=nan | lr=0.002 | t_train=12.75 | t_val=12.08 | mem=383.9 | psnr_b100=27.165, psnr_set14=27.711, psnr_set5=31.406, psnr_urban100=25.021, ssim_b100=0.724, ssim_set14=0.851, ssim_set5=0.900, ssim_urban100=0.951 |
    95 | train=0.020028 | val=nan | lr=0.002 | t_train=12.77 | t_val=12.11 | mem=383.9 | psnr_b100=27.149, psnr_set14=27.691, psnr_set5=31.349, psnr_urban100=24.979, ssim_b100=0.723, ssim_set14=0.851, ssim_set5=0.899, ssim_urban100=0.950 |
    96 | train=0.019538 | val=nan | lr=0.002 | t_train=12.73 | t_val=12.06 | mem=383.9 | psnr_b100=27.134, psnr_set14=27.753, psnr_set5=31.481, psnr_urban100=25.010, ssim_b100=0.723, ssim_set14=0.851, ssim_set5=0.903, ssim_urban100=0.950 |
    97 | train=0.017596 | val=nan | lr=0.002 | t_train=12.86 | t_val=12.11 | mem=383.9 | psnr_b100=27.082, psnr_set14=27.564, psnr_set5=31.218, psnr_urban100=24.893, ssim_b100=0.722, ssim_set14=0.848, ssim_set5=0.897, ssim_urban100=0.950 |
    98 | train=0.018400 | val=nan | lr=0.002 | t_train=12.73 | t_val=12.09 | mem=383.9 | psnr_b100=26.955, psnr_set14=27.395, psnr_set5=31.063, psnr_urban100=24.786, ssim_b100=0.718, ssim_set14=0.846, ssim_set5=0.895, ssim_urban100=0.948 |
    99 | train=0.016278 | val=nan | lr=0.002 | t_train=12.77 | t_val=12.12 | mem=383.9 | psnr_b100=27.085, psnr_set14=27.625, psnr_set5=31.381, psnr_urban100=24.946, ssim_b100=0.721, ssim_set14=0.849, ssim_set5=0.901, ssim_urban100=0.950 |
   100 | train=0.015938 | val=nan | lr=0.002 | t_train=12.76 | t_val=12.10 | mem=383.9 | psnr_b100=26.989, psnr_set14=27.497, psnr_set5=31.086, psnr_urban100=24.842, ssim_b100=0.719, ssim_set14=0.848, ssim_set5=0.897, ssim_urban100=0.948 |
   101 | train=0.014193 | val=nan | lr=0.002 | t_train=12.78 | t_val=12.13 | mem=383.9 | psnr_b100=27.044, psnr_set14=27.565, psnr_set5=31.226, psnr_urban100=24.936, ssim_b100=0.720, ssim_set14=0.849, ssim_set5=0.898, ssim_urban100=0.950 |
   102 | train=0.015855 | val=nan | lr=0.002 | t_train=12.80 | t_val=12.14 | mem=383.9 | psnr_b100=27.099, psnr_set14=27.636, psnr_set5=31.386, psnr_urban100=24.922, ssim_b100=0.722, ssim_set14=0.850, ssim_set5=0.900, ssim_urban100=0.950 |
   103 | train=0.015264 | val=nan | lr=0.002 | t_train=12.73 | t_val=12.07 | mem=383.9 | psnr_b100=26.978, psnr_set14=27.507, psnr_set5=31.081, psnr_urban100=24.829, ssim_b100=0.718, ssim_set14=0.847, ssim_set5=0.897, ssim_urban100=0.948 |
   104 | train=0.014345 | val=nan | lr=0.002 | t_train=12.74 | t_val=12.09 | mem=383.9 | psnr_b100=26.974, psnr_set14=27.456, psnr_set5=31.095, psnr_urban100=24.737, ssim_b100=0.717, ssim_set14=0.845, ssim_set5=0.896, ssim_urban100=0.946 |
   105 | train=0.012501 | val=nan | lr=0.002 | t_train=12.80 | t_val=12.15 | mem=383.9 | psnr_b100=27.002, psnr_set14=27.579, psnr_set5=31.219, psnr_urban100=24.823, ssim_b100=0.718, ssim_set14=0.848, ssim_set5=0.898, ssim_urban100=0.948 |
   106 | train=0.012566 | val=nan | lr=0.002 | t_train=12.76 | t_val=12.10 | mem=383.9 | psnr_b100=26.882, psnr_set14=27.299, psnr_set5=30.891, psnr_urban100=24.609, ssim_b100=0.715, ssim_set14=0.844, ssim_set5=0.890, ssim_urban100=0.945 |
   107 | train=0.010649 | val=nan | lr=0.002 | t_train=12.74 | t_val=12.08 | mem=383.9 | psnr_b100=26.948, psnr_set14=27.486, psnr_set5=31.073, psnr_urban100=24.786, ssim_b100=0.717, ssim_set14=0.847, ssim_set5=0.895, ssim_urban100=0.947 |
   108 | train=0.010212 | val=nan | lr=0.002 | t_train=12.81 | t_val=12.15 | mem=383.9 | psnr_b100=26.774, psnr_set14=27.263, psnr_set5=30.720, psnr_urban100=24.549, ssim_b100=0.711, ssim_set14=0.842, ssim_set5=0.888, ssim_urban100=0.943 |
   109 | train=0.010287 | val=nan | lr=0.002 | t_train=12.78 | t_val=12.13 | mem=383.9 | psnr_b100=26.855, psnr_set14=27.251, psnr_set5=30.871, psnr_urban100=24.507, ssim_b100=0.714, ssim_set14=0.841, ssim_set5=0.889, ssim_urban100=0.943 |
   110 | train=0.009733 | val=nan | lr=0.002 | t_train=12.80 | t_val=12.14 | mem=383.9 | psnr_b100=26.958, psnr_set14=27.416, psnr_set5=31.143, psnr_urban100=24.635, ssim_b100=0.717, ssim_set14=0.845, ssim_set5=0.894, ssim_urban100=0.946 |
   111 | train=0.009292 | val=nan | lr=0.002 | t_train=12.80 | t_val=12.15 | mem=383.9 | psnr_b100=27.021, psnr_set14=27.483, psnr_set5=31.139, psnr_urban100=24.726, ssim_b100=0.719, ssim_set14=0.847, ssim_set5=0.895, ssim_urban100=0.946 |
   112 | train=0.010807 | val=nan | lr=0.002 | t_train=12.76 | t_val=12.11 | mem=383.9 | psnr_b100=27.015, psnr_set14=27.513, psnr_set5=31.209, psnr_urban100=24.807, ssim_b100=0.719, ssim_set14=0.848, ssim_set5=0.897, ssim_urban100=0.948 |
   113 | train=0.010430 | val=nan | lr=0.002 | t_train=12.73 | t_val=12.08 | mem=383.9 | psnr_b100=26.919, psnr_set14=27.306, psnr_set5=31.043, psnr_urban100=24.542, ssim_b100=0.717, ssim_set14=0.844, ssim_set5=0.894, ssim_urban100=0.945 |
   114 | train=0.008909 | val=nan | lr=0.002 | t_train=12.78 | t_val=12.12 | mem=383.9 | psnr_b100=26.893, psnr_set14=27.281, psnr_set5=31.059, psnr_urban100=24.536, ssim_b100=0.715, ssim_set14=0.841, ssim_set5=0.896, ssim_urban100=0.943 |
   115 | train=0.010990 | val=nan | lr=0.002 | t_train=12.75 | t_val=12.10 | mem=383.9 | psnr_b100=27.038, psnr_set14=27.508, psnr_set5=31.299, psnr_urban100=24.770, ssim_b100=0.720, ssim_set14=0.847, ssim_set5=0.898, ssim_urban100=0.948 |
   116 | train=0.008847 | val=nan | lr=0.002 | t_train=12.74 | t_val=12.09 | mem=383.9 | psnr_b100=27.032, psnr_set14=27.435, psnr_set5=31.194, psnr_urban100=24.752, ssim_b100=0.719, ssim_set14=0.846, ssim_set5=0.895, ssim_urban100=0.947 |
   117 | train=0.008544 | val=nan | lr=0.002 | t_train=12.92 | t_val=12.17 | mem=383.9 | psnr_b100=26.946, psnr_set14=27.325, psnr_set5=31.045, psnr_urban100=24.643, ssim_b100=0.717, ssim_set14=0.844, ssim_set5=0.892, ssim_urban100=0.946 |
   118 | train=0.007685 | val=nan | lr=0.002 | t_train=12.76 | t_val=12.11 | mem=383.9 | psnr_b100=26.982, psnr_set14=27.499, psnr_set5=31.222, psnr_urban100=24.789, ssim_b100=0.717, ssim_set14=0.847, ssim_set5=0.896, ssim_urban100=0.948 |
   119 | train=0.009745 | val=nan | lr=0.002 | t_train=12.74 | t_val=12.08 | mem=383.9 | psnr_b100=27.024, psnr_set14=27.553, psnr_set5=31.311, psnr_urban100=24.801, ssim_b100=0.719, ssim_set14=0.847, ssim_set5=0.898, ssim_urban100=0.948 |
   120 | train=0.007505 | val=nan | lr=0.002 | t_train=12.70 | t_val=12.05 | mem=383.9 | psnr_b100=27.019, psnr_set14=27.559, psnr_set5=31.373, psnr_urban100=24.823, ssim_b100=0.719, ssim_set14=0.848, ssim_set5=0.898, ssim_urban100=0.948 |
   121 | train=0.007560 | val=nan | lr=0.002 | t_train=12.68 | t_val=12.03 | mem=383.9 | psnr_b100=26.952, psnr_set14=27.354, psnr_set5=31.036, psnr_urban100=24.508, ssim_b100=0.717, ssim_set14=0.843, ssim_set5=0.892, ssim_urban100=0.944 |
   122 | train=0.006455 | val=nan | lr=0.002 | t_train=12.93 | t_val=12.27 | mem=383.9 | psnr_b100=26.905, psnr_set14=27.359, psnr_set5=31.108, psnr_urban100=24.600, ssim_b100=0.715, ssim_set14=0.843, ssim_set5=0.894, ssim_urban100=0.945 |
   123 | train=0.007192 | val=nan | lr=0.002 | t_train=13.00 | t_val=12.27 | mem=383.9 | psnr_b100=26.952, psnr_set14=27.387, psnr_set5=31.170, psnr_urban100=24.641, ssim_b100=0.718, ssim_set14=0.845, ssim_set5=0.896, ssim_urban100=0.946 |
   124 | train=0.007498 | val=nan | lr=0.002 | t_train=13.17 | t_val=12.48 | mem=383.9 | psnr_b100=27.001, psnr_set14=27.468, psnr_set5=31.235, psnr_urban100=24.698, ssim_b100=0.719, ssim_set14=0.846, ssim_set5=0.896, ssim_urban100=0.947 |
   125 | train=0.006374 | val=nan | lr=0.002 | t_train=31.08 | t_val=30.33 | mem=383.9 | psnr_b100=26.962, psnr_set14=27.368, psnr_set5=31.063, psnr_urban100=24.671, ssim_b100=0.717, ssim_set14=0.844, ssim_set5=0.892, ssim_urban100=0.946 |
   126 | train=0.008296 | val=nan | lr=0.002 | t_train=95.88 | t_val=94.38 | mem=383.9 | psnr_b100=26.928, psnr_set14=27.304, psnr_set5=31.064, psnr_urban100=24.638, ssim_b100=0.717, ssim_set14=0.844, ssim_set5=0.893, ssim_urban100=0.946 |
   127 | train=0.008582 | val=nan | lr=0.002 | t_train=123.56 | t_val=122.02 | mem=383.9 | psnr_b100=26.960, psnr_set14=27.385, psnr_set5=31.110, psnr_urban100=24.645, ssim_b100=0.718, ssim_set14=0.844, ssim_set5=0.892, ssim_urban100=0.946 |
   128 | train=0.008339 | val=nan | lr=0.002 | t_train=53.95 | t_val=52.53 | mem=383.9 | psnr_b100=26.982, psnr_set14=27.414, psnr_set5=31.097, psnr_urban100=24.649, ssim_b100=0.718, ssim_set14=0.844, ssim_set5=0.893, ssim_urban100=0.946 |
   129 | train=0.010606 | val=nan | lr=0.002 | t_train=13.07 | t_val=12.38 | mem=383.9 | psnr_b100=26.991, psnr_set14=27.409, psnr_set5=31.188, psnr_urban100=24.660, ssim_b100=0.718, ssim_set14=0.844, ssim_set5=0.895, ssim_urban100=0.946 |
   130 | train=0.008946 | val=nan | lr=0.002 | t_train=13.02 | t_val=12.32 | mem=383.9 | psnr_b100=26.887, psnr_set14=27.297, psnr_set5=31.096, psnr_urban100=24.527, ssim_b100=0.715, ssim_set14=0.842, ssim_set5=0.893, ssim_urban100=0.944 |
   131 | train=0.008058 | val=nan | lr=0.002 | t_train=12.94 | t_val=12.25 | mem=383.9 | psnr_b100=26.988, psnr_set14=27.501, psnr_set5=31.271, psnr_urban100=24.721, ssim_b100=0.718, ssim_set14=0.846, ssim_set5=0.898, ssim_urban100=0.947 |
   132 | train=0.007583 | val=nan | lr=0.002 | t_train=13.00 | t_val=12.30 | mem=383.9 | psnr_b100=26.978, psnr_set14=27.401, psnr_set5=31.148, psnr_urban100=24.635, ssim_b100=0.717, ssim_set14=0.844, ssim_set5=0.894, ssim_urban100=0.946 |
   133 | train=0.006610 | val=nan | lr=0.002 | t_train=13.05 | t_val=12.36 | mem=383.9 | psnr_b100=27.024, psnr_set14=27.492, psnr_set5=31.291, psnr_urban100=24.828, ssim_b100=0.719, ssim_set14=0.847, ssim_set5=0.897, ssim_urban100=0.948 |
   134 | train=0.010031 | val=nan | lr=0.002 | t_train=13.15 | t_val=12.46 | mem=383.9 | psnr_b100=26.973, psnr_set14=27.403, psnr_set5=31.145, psnr_urban100=24.740, ssim_b100=0.717, ssim_set14=0.845, ssim_set5=0.893, ssim_urban100=0.947 |
   135 | train=0.009558 | val=nan | lr=0.002 | t_train=12.97 | t_val=12.27 | mem=383.9 | psnr_b100=26.970, psnr_set14=27.425, psnr_set5=31.140, psnr_urban100=24.628, ssim_b100=0.717, ssim_set14=0.845, ssim_set5=0.893, ssim_urban100=0.946 |
   136 | train=0.008463 | val=nan | lr=0.002 | t_train=12.98 | t_val=12.29 | mem=383.9 | psnr_b100=26.912, psnr_set14=27.320, psnr_set5=30.996, psnr_urban100=24.532, ssim_b100=0.715, ssim_set14=0.843, ssim_set5=0.890, ssim_urban100=0.945 |
   137 | train=0.006930 | val=nan | lr=0.002 | t_train=12.93 | t_val=12.25 | mem=383.9 | psnr_b100=26.982, psnr_set14=27.402, psnr_set5=31.082, psnr_urban100=24.714, ssim_b100=0.718, ssim_set14=0.845, ssim_set5=0.893, ssim_urban100=0.947 |
   138 | train=0.008889 | val=nan | lr=0.002 | t_train=12.94 | t_val=12.26 | mem=383.9 | psnr_b100=26.922, psnr_set14=27.301, psnr_set5=30.953, psnr_urban100=24.528, ssim_b100=0.716, ssim_set14=0.843, ssim_set5=0.890, ssim_urban100=0.944 |
   139 | train=0.006909 | val=nan | lr=0.002 | t_train=12.94 | t_val=12.25 | mem=383.9 | psnr_b100=27.020, psnr_set14=27.461, psnr_set5=31.160, psnr_urban100=24.701, ssim_b100=0.719, ssim_set14=0.847, ssim_set5=0.895, ssim_urban100=0.947 |
   140 | train=0.006473 | val=nan | lr=0.002 | t_train=12.96 | t_val=12.26 | mem=383.9 | psnr_b100=27.025, psnr_set14=27.507, psnr_set5=31.288, psnr_urban100=24.729, ssim_b100=0.720, ssim_set14=0.847, ssim_set5=0.897, ssim_urban100=0.948 |
   141 | train=0.007013 | val=nan | lr=0.002 | t_train=12.93 | t_val=12.25 | mem=383.9 | psnr_b100=26.988, psnr_set14=27.434, psnr_set5=31.147, psnr_urban100=24.675, ssim_b100=0.718, ssim_set14=0.846, ssim_set5=0.894, ssim_urban100=0.947 |
   142 | train=0.008185 | val=nan | lr=0.002 | t_train=12.96 | t_val=12.26 | mem=383.9 | psnr_b100=26.882, psnr_set14=27.265, psnr_set5=30.938, psnr_urban100=24.539, ssim_b100=0.715, ssim_set14=0.842, ssim_set5=0.891, ssim_urban100=0.945 |
   143 | train=0.009896 | val=nan | lr=0.002 | t_train=12.92 | t_val=12.24 | mem=383.9 | psnr_b100=26.963, psnr_set14=27.338, psnr_set5=31.129, psnr_urban100=24.589, ssim_b100=0.718, ssim_set14=0.844, ssim_set5=0.894, ssim_urban100=0.945 |
   144 | train=0.007153 | val=nan | lr=0.002 | t_train=12.92 | t_val=12.22 | mem=383.9 | psnr_b100=26.981, psnr_set14=27.378, psnr_set5=31.171, psnr_urban100=24.639, ssim_b100=0.718, ssim_set14=0.844, ssim_set5=0.893, ssim_urban100=0.947 |
   145 | train=0.008033 | val=nan | lr=0.002 | t_train=13.11 | t_val=12.40 | mem=383.9 | psnr_b100=26.938, psnr_set14=27.374, psnr_set5=31.105, psnr_urban100=24.583, ssim_b100=0.716, ssim_set14=0.843, ssim_set5=0.892, ssim_urban100=0.945 |
   146 | train=0.008326 | val=nan | lr=0.002 | t_train=13.70 | t_val=13.00 | mem=383.9 | psnr_b100=26.934, psnr_set14=27.335, psnr_set5=31.059, psnr_urban100=24.545, ssim_b100=0.717, ssim_set14=0.844, ssim_set5=0.892, ssim_urban100=0.945 |
   147 | train=0.008134 | val=nan | lr=0.002 | t_train=52.70 | t_val=50.93 | mem=383.9 | psnr_b100=26.928, psnr_set14=27.307, psnr_set5=31.050, psnr_urban100=24.548, ssim_b100=0.716, ssim_set14=0.843, ssim_set5=0.893, ssim_urban100=0.945 |
   148 | train=0.007571 | val=nan | lr=0.002 | t_train=124.16 | t_val=122.74 | mem=383.9 | psnr_b100=26.964, psnr_set14=27.429, psnr_set5=31.195, psnr_urban100=24.636, ssim_b100=0.718, ssim_set14=0.845, ssim_set5=0.895, ssim_urban100=0.946 |
   149 | train=0.007648 | val=nan | lr=0.002 | t_train=96.72 | t_val=95.08 | mem=383.9 | psnr_b100=26.921, psnr_set14=27.313, psnr_set5=31.025, psnr_urban100=24.560, ssim_b100=0.716, ssim_set14=0.843, ssim_set5=0.891, ssim_urban100=0.945 |
   150 | train=0.009059 | val=nan | lr=0.002 | t_train=35.80 | t_val=34.41 | mem=383.9 | psnr_b100=26.959, psnr_set14=27.403, psnr_set5=31.143, psnr_urban100=24.655, ssim_b100=0.717, ssim_set14=0.844, ssim_set5=0.894, ssim_urban100=0.946 |
   151 | train=0.007732 | val=nan | lr=0.002 | t_train=12.96 | t_val=12.27 | mem=383.9 | psnr_b100=26.999, psnr_set14=27.435, psnr_set5=31.296, psnr_urban100=24.681, ssim_b100=0.718, ssim_set14=0.846, ssim_set5=0.897, ssim_urban100=0.947 |
   152 | train=0.008319 | val=nan | lr=0.002 | t_train=12.76 | t_val=12.08 | mem=383.9 | psnr_b100=26.999, psnr_set14=27.462, psnr_set5=31.291, psnr_urban100=24.697, ssim_b100=0.718, ssim_set14=0.847, ssim_set5=0.898, ssim_urban100=0.947 |
   153 | train=0.008098 | val=nan | lr=0.002 | t_train=12.75 | t_val=12.09 | mem=383.9 | psnr_b100=27.031, psnr_set14=27.538, psnr_set5=31.232, psnr_urban100=24.736, ssim_b100=0.719, ssim_set14=0.848, ssim_set5=0.897, ssim_urban100=0.948 |
   154 | train=0.009232 | val=nan | lr=0.002 | t_train=12.84 | t_val=12.18 | mem=383.9 | psnr_b100=26.990, psnr_set14=27.443, psnr_set5=31.221, psnr_urban100=24.670, ssim_b100=0.718, ssim_set14=0.845, ssim_set5=0.896, ssim_urban100=0.947 |
   155 | train=0.006018 | val=nan | lr=0.002 | t_train=12.82 | t_val=12.15 | mem=383.9 | psnr_b100=26.979, psnr_set14=27.445, psnr_set5=31.293, psnr_urban100=24.720, ssim_b100=0.717, ssim_set14=0.846, ssim_set5=0.898, ssim_urban100=0.947 |
   156 | train=0.008961 | val=nan | lr=0.002 | t_train=12.75 | t_val=12.10 | mem=383.9 | psnr_b100=26.988, psnr_set14=27.394, psnr_set5=31.199, psnr_urban100=24.649, ssim_b100=0.718, ssim_set14=0.845, ssim_set5=0.895, ssim_urban100=0.946 |
   157 | train=0.007907 | val=nan | lr=0.002 | t_train=12.78 | t_val=12.13 | mem=383.9 | psnr_b100=26.925, psnr_set14=27.339, psnr_set5=31.175, psnr_urban100=24.558, ssim_b100=0.716, ssim_set14=0.843, ssim_set5=0.896, ssim_urban100=0.945 |
   158 | train=0.007389 | val=nan | lr=0.002 | t_train=12.72 | t_val=12.07 | mem=383.9 | psnr_b100=27.016, psnr_set14=27.477, psnr_set5=31.310, psnr_urban100=24.733, ssim_b100=0.719, ssim_set14=0.847, ssim_set5=0.898, ssim_urban100=0.948 |
   159 | train=0.006634 | val=nan | lr=0.002 | t_train=12.74 | t_val=12.09 | mem=383.9 | psnr_b100=26.916, psnr_set14=27.336, psnr_set5=31.072, psnr_urban100=24.584, ssim_b100=0.716, ssim_set14=0.844, ssim_set5=0.894, ssim_urban100=0.946 |
   160 | train=0.006883 | val=nan | lr=0.002 | t_train=12.81 | t_val=12.09 | mem=383.9 | psnr_b100=27.036, psnr_set14=27.513, psnr_set5=31.337, psnr_urban100=24.741, ssim_b100=0.718, ssim_set14=0.846, ssim_set5=0.897, ssim_urban100=0.947 |
   161 | train=0.008146 | val=nan | lr=0.002 | t_train=12.77 | t_val=12.13 | mem=383.9 | psnr_b100=26.992, psnr_set14=27.343, psnr_set5=31.199, psnr_urban100=24.602, ssim_b100=0.717, ssim_set14=0.845, ssim_set5=0.895, ssim_urban100=0.946 |
   162 | train=0.008682 | val=nan | lr=0.002 | t_train=12.85 | t_val=12.20 | mem=383.9 | psnr_b100=26.999, psnr_set14=27.442, psnr_set5=31.313, psnr_urban100=24.691, ssim_b100=0.718, ssim_set14=0.845, ssim_set5=0.897, ssim_urban100=0.947 |
   163 | train=0.010138 | val=nan | lr=0.002 | t_train=12.82 | t_val=12.16 | mem=383.9 | psnr_b100=27.019, psnr_set14=27.424, psnr_set5=31.255, psnr_urban100=24.731, ssim_b100=0.718, ssim_set14=0.846, ssim_set5=0.896, ssim_urban100=0.947 |
   164 | train=0.006179 | val=nan | lr=0.002 | t_train=12.78 | t_val=12.12 | mem=383.9 | psnr_b100=27.037, psnr_set14=27.488, psnr_set5=31.197, psnr_urban100=24.809, ssim_b100=0.719, ssim_set14=0.847, ssim_set5=0.895, ssim_urban100=0.949 |
   165 | train=0.006238 | val=nan | lr=0.002 | t_train=12.81 | t_val=12.15 | mem=383.9 | psnr_b100=26.945, psnr_set14=27.354, psnr_set5=31.096, psnr_urban100=24.649, ssim_b100=0.717, ssim_set14=0.844, ssim_set5=0.894, ssim_urban100=0.947 |
   166 | train=0.006691 | val=nan | lr=0.002 | t_train=12.80 | t_val=12.15 | mem=383.9 | psnr_b100=27.021, psnr_set14=27.542, psnr_set5=31.354, psnr_urban100=24.753, ssim_b100=0.719, ssim_set14=0.848, ssim_set5=0.899, ssim_urban100=0.948 |
   167 | train=0.007943 | val=nan | lr=0.002 | t_train=12.82 | t_val=12.16 | mem=383.9 | psnr_b100=26.905, psnr_set14=27.298, psnr_set5=31.139, psnr_urban100=24.553, ssim_b100=0.715, ssim_set14=0.842, ssim_set5=0.895, ssim_urban100=0.945 |
   168 | train=0.009302 | val=nan | lr=0.002 | t_train=12.78 | t_val=12.12 | mem=383.9 | psnr_b100=26.922, psnr_set14=27.322, psnr_set5=31.040, psnr_urban100=24.570, ssim_b100=0.716, ssim_set14=0.844, ssim_set5=0.892, ssim_urban100=0.945 |
   169 | train=0.006175 | val=nan | lr=0.002 | t_train=12.77 | t_val=12.10 | mem=383.9 | psnr_b100=26.892, psnr_set14=27.249, psnr_set5=30.990, psnr_urban100=24.501, ssim_b100=0.714, ssim_set14=0.842, ssim_set5=0.891, ssim_urban100=0.944 |
   170 | train=0.008805 | val=nan | lr=0.002 | t_train=12.83 | t_val=12.18 | mem=383.9 | psnr_b100=26.993, psnr_set14=27.414, psnr_set5=31.179, psnr_urban100=24.698, ssim_b100=0.718, ssim_set14=0.845, ssim_set5=0.895, ssim_urban100=0.947 |
   171 | train=0.007085 | val=nan | lr=0.002 | t_train=12.82 | t_val=12.16 | mem=383.9 | psnr_b100=26.939, psnr_set14=27.374, psnr_set5=31.065, psnr_urban100=24.642, ssim_b100=0.716, ssim_set14=0.843, ssim_set5=0.891, ssim_urban100=0.947 |
   172 | train=0.008252 | val=nan | lr=0.002 | t_train=12.88 | t_val=12.23 | mem=383.9 | psnr_b100=26.996, psnr_set14=27.483, psnr_set5=31.211, psnr_urban100=24.752, ssim_b100=0.718, ssim_set14=0.846, ssim_set5=0.896, ssim_urban100=0.948 |
   173 | train=0.007869 | val=nan | lr=0.002 | t_train=12.70 | t_val=12.05 | mem=383.9 | psnr_b100=26.959, psnr_set14=27.355, psnr_set5=31.129, psnr_urban100=24.635, ssim_b100=0.716, ssim_set14=0.844, ssim_set5=0.893, ssim_urban100=0.946 |
   174 | train=0.007371 | val=nan | lr=0.002 | t_train=12.85 | t_val=12.20 | mem=383.9 | psnr_b100=27.027, psnr_set14=27.436, psnr_set5=31.303, psnr_urban100=24.726, ssim_b100=0.719, ssim_set14=0.845, ssim_set5=0.898, ssim_urban100=0.947 |
   175 | train=0.008568 | val=nan | lr=0.002 | t_train=12.77 | t_val=12.12 | mem=383.9 | psnr_b100=27.052, psnr_set14=27.527, psnr_set5=31.315, psnr_urban100=24.809, ssim_b100=0.719, ssim_set14=0.847, ssim_set5=0.897, ssim_urban100=0.949 |
   176 | train=0.008180 | val=nan | lr=0.002 | t_train=12.87 | t_val=12.20 | mem=383.9 | psnr_b100=26.962, psnr_set14=27.335, psnr_set5=31.080, psnr_urban100=24.569, ssim_b100=0.717, ssim_set14=0.844, ssim_set5=0.893, ssim_urban100=0.946 |
   177 | train=0.006532 | val=nan | lr=0.002 | t_train=12.93 | t_val=12.28 | mem=383.9 | psnr_b100=26.909, psnr_set14=27.280, psnr_set5=31.105, psnr_urban100=24.527, ssim_b100=0.714, ssim_set14=0.841, ssim_set5=0.891, ssim_urban100=0.944 |
   178 | train=0.007918 | val=nan | lr=0.002 | t_train=12.83 | t_val=12.17 | mem=383.9 | psnr_b100=27.031, psnr_set14=27.481, psnr_set5=31.298, psnr_urban100=24.737, ssim_b100=0.719, ssim_set14=0.847, ssim_set5=0.897, ssim_urban100=0.948 |
   179 | train=0.009779 | val=nan | lr=0.002 | t_train=12.85 | t_val=12.20 | mem=383.9 | psnr_b100=27.006, psnr_set14=27.402, psnr_set5=31.144, psnr_urban100=24.663, ssim_b100=0.718, ssim_set14=0.845, ssim_set5=0.893, ssim_urban100=0.947 |
   180 | train=0.006426 | val=nan | lr=0.002 | t_train=12.85 | t_val=12.20 | mem=383.9 | psnr_b100=27.047, psnr_set14=27.482, psnr_set5=31.272, psnr_urban100=24.751, ssim_b100=0.719, ssim_set14=0.846, ssim_set5=0.896, ssim_urban100=0.948 |
   181 | train=0.008014 | val=nan | lr=0.002 | t_train=12.90 | t_val=12.25 | mem=383.9 | psnr_b100=26.919, psnr_set14=27.300, psnr_set5=31.059, psnr_urban100=24.571, ssim_b100=0.715, ssim_set14=0.843, ssim_set5=0.892, ssim_urban100=0.945 |
   182 | train=0.007979 | val=nan | lr=0.002 | t_train=12.90 | t_val=12.17 | mem=383.9 | psnr_b100=27.001, psnr_set14=27.440, psnr_set5=31.256, psnr_urban100=24.744, ssim_b100=0.719, ssim_set14=0.846, ssim_set5=0.896, ssim_urban100=0.948 |
   183 | train=0.006174 | val=nan | lr=0.002 | t_train=12.90 | t_val=12.23 | mem=383.9 | psnr_b100=26.943, psnr_set14=27.351, psnr_set5=31.144, psnr_urban100=24.619, ssim_b100=0.715, ssim_set14=0.843, ssim_set5=0.893, ssim_urban100=0.945 |
   184 | train=0.007110 | val=nan | lr=0.002 | t_train=12.77 | t_val=12.11 | mem=383.9 | psnr_b100=26.986, psnr_set14=27.404, psnr_set5=31.210, psnr_urban100=24.667, ssim_b100=0.718, ssim_set14=0.845, ssim_set5=0.895, ssim_urban100=0.947 |
   185 | train=0.007428 | val=nan | lr=0.002 | t_train=12.78 | t_val=12.13 | mem=383.9 | psnr_b100=26.891, psnr_set14=27.283, psnr_set5=31.008, psnr_urban100=24.549, ssim_b100=0.716, ssim_set14=0.843, ssim_set5=0.891, ssim_urban100=0.945 |
   186 | train=0.007835 | val=nan | lr=0.002 | t_train=12.90 | t_val=12.22 | mem=383.9 | psnr_b100=27.038, psnr_set14=27.505, psnr_set5=31.297, psnr_urban100=24.714, ssim_b100=0.720, ssim_set14=0.847, ssim_set5=0.897, ssim_urban100=0.948 |
   187 | train=0.007594 | val=nan | lr=0.002 | t_train=12.89 | t_val=12.23 | mem=383.9 | psnr_b100=26.953, psnr_set14=27.361, psnr_set5=31.031, psnr_urban100=24.623, ssim_b100=0.716, ssim_set14=0.844, ssim_set5=0.891, ssim_urban100=0.946 |
   188 | train=0.008713 | val=nan | lr=0.002 | t_train=12.96 | t_val=12.29 | mem=383.9 | psnr_b100=26.907, psnr_set14=27.288, psnr_set5=30.955, psnr_urban100=24.527, ssim_b100=0.715, ssim_set14=0.842, ssim_set5=0.889, ssim_urban100=0.945 |
   189 | train=0.009433 | val=nan | lr=0.002 | t_train=12.84 | t_val=12.17 | mem=383.9 | psnr_b100=26.910, psnr_set14=27.284, psnr_set5=30.926, psnr_urban100=24.520, ssim_b100=0.716, ssim_set14=0.842, ssim_set5=0.890, ssim_urban100=0.945 |
   190 | train=0.007582 | val=nan | lr=0.002 | t_train=12.85 | t_val=12.20 | mem=383.9 | psnr_b100=27.016, psnr_set14=27.452, psnr_set5=31.162, psnr_urban100=24.717, ssim_b100=0.719, ssim_set14=0.845, ssim_set5=0.894, ssim_urban100=0.948 |
   191 | train=0.007786 | val=nan | lr=0.002 | t_train=12.90 | t_val=12.17 | mem=383.9 | psnr_b100=26.954, psnr_set14=27.398, psnr_set5=31.025, psnr_urban100=24.693, ssim_b100=0.717, ssim_set14=0.845, ssim_set5=0.891, ssim_urban100=0.948 |
   192 | train=0.007074 | val=nan | lr=0.002 | t_train=12.86 | t_val=12.21 | mem=383.9 | psnr_b100=26.962, psnr_set14=27.350, psnr_set5=31.065, psnr_urban100=24.694, ssim_b100=0.716, ssim_set14=0.843, ssim_set5=0.891, ssim_urban100=0.947 |
   193 | train=0.005916 | val=nan | lr=0.002 | t_train=12.78 | t_val=12.12 | mem=383.9 | psnr_b100=26.976, psnr_set14=27.377, psnr_set5=31.134, psnr_urban100=24.662, ssim_b100=0.718, ssim_set14=0.844, ssim_set5=0.894, ssim_urban100=0.947 |
   194 | train=0.006886 | val=nan | lr=0.002 | t_train=12.83 | t_val=12.18 | mem=383.9 | psnr_b100=26.967, psnr_set14=27.387, psnr_set5=31.108, psnr_urban100=24.638, ssim_b100=0.718, ssim_set14=0.845, ssim_set5=0.894, ssim_urban100=0.947 |
   195 | train=0.006626 | val=nan | lr=0.002 | t_train=12.88 | t_val=12.23 | mem=383.9 | psnr_b100=26.915, psnr_set14=27.303, psnr_set5=31.007, psnr_urban100=24.579, ssim_b100=0.716, ssim_set14=0.843, ssim_set5=0.890, ssim_urban100=0.946 |
   196 | train=0.006740 | val=nan | lr=0.002 | t_train=12.90 | t_val=12.23 | mem=383.9 | psnr_b100=26.877, psnr_set14=27.232, psnr_set5=30.926, psnr_urban100=24.485, ssim_b100=0.714, ssim_set14=0.841, ssim_set5=0.888, ssim_urban100=0.944 |
   197 | train=0.006741 | val=nan | lr=0.002 | t_train=12.85 | t_val=12.13 | mem=383.9 | psnr_b100=26.908, psnr_set14=27.402, psnr_set5=31.062, psnr_urban100=24.675, ssim_b100=0.718, ssim_set14=0.845, ssim_set5=0.894, ssim_urban100=0.948 |
   198 | train=0.008233 | val=nan | lr=0.002 | t_train=12.86 | t_val=12.21 | mem=383.9 | psnr_b100=27.038, psnr_set14=27.484, psnr_set5=31.230, psnr_urban100=24.761, ssim_b100=0.720, ssim_set14=0.847, ssim_set5=0.895, ssim_urban100=0.948 |
   199 | train=0.006132 | val=nan | lr=0.002 | t_train=12.86 | t_val=12.21 | mem=383.9 | psnr_b100=26.891, psnr_set14=27.279, psnr_set5=30.997, psnr_urban100=24.558, ssim_b100=0.715, ssim_set14=0.843, ssim_set5=0.890, ssim_urban100=0.946 |
   200 | train=0.007377 | val=nan | lr=0.002 | t_train=12.87 | t_val=12.22 | mem=383.9 | psnr_b100=26.993, psnr_set14=27.381, psnr_set5=31.135, psnr_urban100=24.640, ssim_b100=0.718, ssim_set14=0.845, ssim_set5=0.894, ssim_urban100=0.947 |
   201 | train=0.007835 | val=nan | lr=0.002 | t_train=12.71 | t_val=12.06 | mem=383.9 | psnr_b100=26.895, psnr_set14=27.310, psnr_set5=31.018, psnr_urban100=24.579, ssim_b100=0.715, ssim_set14=0.843, ssim_set5=0.892, ssim_urban100=0.946 |
   202 | train=0.008786 | val=nan | lr=0.002 | t_train=12.85 | t_val=12.20 | mem=383.9 | psnr_b100=26.954, psnr_set14=27.344, psnr_set5=31.105, psnr_urban100=24.629, ssim_b100=0.716, ssim_set14=0.844, ssim_set5=0.894, ssim_urban100=0.945 |
   203 | train=0.008200 | val=nan | lr=0.002 | t_train=12.91 | t_val=12.24 | mem=383.9 | psnr_b100=26.904, psnr_set14=27.320, psnr_set5=30.971, psnr_urban100=24.643, ssim_b100=0.716, ssim_set14=0.843, ssim_set5=0.891, ssim_urban100=0.947 |
   204 | train=0.006439 | val=nan | lr=0.002 | t_train=12.73 | t_val=12.07 | mem=383.9 | psnr_b100=26.991, psnr_set14=27.418, psnr_set5=31.122, psnr_urban100=24.686, ssim_b100=0.718, ssim_set14=0.844, ssim_set5=0.893, ssim_urban100=0.947 |
   205 | train=0.006327 | val=nan | lr=0.002 | t_train=12.84 | t_val=12.18 | mem=383.9 | psnr_b100=26.978, psnr_set14=27.404, psnr_set5=31.118, psnr_urban100=24.706, ssim_b100=0.718, ssim_set14=0.845, ssim_set5=0.893, ssim_urban100=0.947 |
   206 | train=0.007493 | val=nan | lr=0.002 | t_train=12.86 | t_val=12.20 | mem=383.9 | psnr_b100=27.016, psnr_set14=27.469, psnr_set5=31.210, psnr_urban100=24.736, ssim_b100=0.718, ssim_set14=0.846, ssim_set5=0.895, ssim_urban100=0.948 |
   207 | train=0.007083 | val=nan | lr=0.002 | t_train=12.84 | t_val=12.17 | mem=383.9 | psnr_b100=26.951, psnr_set14=27.346, psnr_set5=31.018, psnr_urban100=24.668, ssim_b100=0.716, ssim_set14=0.844, ssim_set5=0.892, ssim_urban100=0.947 |
   208 | train=0.006136 | val=nan | lr=0.002 | t_train=12.89 | t_val=12.21 | mem=383.9 | psnr_b100=27.037, psnr_set14=27.502, psnr_set5=31.202, psnr_urban100=24.772, ssim_b100=0.719, ssim_set14=0.846, ssim_set5=0.895, ssim_urban100=0.949 |
   209 | train=0.006442 | val=nan | lr=0.002 | t_train=12.88 | t_val=12.21 | mem=383.9 | psnr_b100=26.945, psnr_set14=27.334, psnr_set5=31.065, psnr_urban100=24.571, ssim_b100=0.716, ssim_set14=0.843, ssim_set5=0.891, ssim_urban100=0.945 |
   210 | train=0.008661 | val=nan | lr=0.002 | t_train=12.86 | t_val=12.20 | mem=383.9 | psnr_b100=27.029, psnr_set14=27.426, psnr_set5=31.195, psnr_urban100=24.740, ssim_b100=0.719, ssim_set14=0.845, ssim_set5=0.894, ssim_urban100=0.948 |
   211 | train=0.006335 | val=nan | lr=0.002 | t_train=12.90 | t_val=12.24 | mem=383.9 | psnr_b100=27.008, psnr_set14=27.447, psnr_set5=31.195, psnr_urban100=24.732, ssim_b100=0.719, ssim_set14=0.846, ssim_set5=0.894, ssim_urban100=0.948 |
   212 | train=0.007010 | val=nan | lr=0.002 | t_train=12.90 | t_val=12.25 | mem=383.9 | psnr_b100=26.986, psnr_set14=27.399, psnr_set5=31.167, psnr_urban100=24.664, ssim_b100=0.718, ssim_set14=0.845, ssim_set5=0.894, ssim_urban100=0.947 |
   213 | train=0.006080 | val=nan | lr=0.002 | t_train=12.88 | t_val=12.21 | mem=383.9 | psnr_b100=27.042, psnr_set14=27.445, psnr_set5=31.245, psnr_urban100=24.759, ssim_b100=0.720, ssim_set14=0.846, ssim_set5=0.896, ssim_urban100=0.948 |
   214 | train=0.006656 | val=nan | lr=0.002 | t_train=12.94 | t_val=12.26 | mem=383.9 | psnr_b100=27.020, psnr_set14=27.460, psnr_set5=31.207, psnr_urban100=24.718, ssim_b100=0.719, ssim_set14=0.846, ssim_set5=0.894, ssim_urban100=0.948 |
   215 | train=0.008156 | val=nan | lr=0.002 | t_train=12.97 | t_val=12.22 | mem=383.9 | psnr_b100=27.021, psnr_set14=27.424, psnr_set5=31.220, psnr_urban100=24.695, ssim_b100=0.719, ssim_set14=0.845, ssim_set5=0.895, ssim_urban100=0.948 |
   216 | train=0.006594 | val=nan | lr=0.002 | t_train=12.89 | t_val=12.23 | mem=383.9 | psnr_b100=26.986, psnr_set14=27.399, psnr_set5=31.106, psnr_urban100=24.665, ssim_b100=0.718, ssim_set14=0.845, ssim_set5=0.893, ssim_urban100=0.947 |
   217 | train=0.006154 | val=nan | lr=0.002 | t_train=12.82 | t_val=12.17 | mem=383.9 | psnr_b100=27.098, psnr_set14=27.591, psnr_set5=31.327, psnr_urban100=24.850, ssim_b100=0.721, ssim_set14=0.848, ssim_set5=0.897, ssim_urban100=0.949 |
   218 | train=0.006796 | val=nan | lr=0.002 | t_train=12.91 | t_val=12.23 | mem=383.9 | psnr_b100=27.049, psnr_set14=27.481, psnr_set5=31.287, psnr_urban100=24.786, ssim_b100=0.720, ssim_set14=0.846, ssim_set5=0.896, ssim_urban100=0.949 |
   219 | train=0.004987 | val=nan | lr=0.002 | t_train=12.87 | t_val=12.21 | mem=383.9 | psnr_b100=27.002, psnr_set14=27.422, psnr_set5=31.209, psnr_urban100=24.706, ssim_b100=0.718, ssim_set14=0.845, ssim_set5=0.895, ssim_urban100=0.948 |
   220 | train=0.007797 | val=nan | lr=0.002 | t_train=12.86 | t_val=12.21 | mem=383.9 | psnr_b100=26.916, psnr_set14=27.298, psnr_set5=30.978, psnr_urban100=24.589, ssim_b100=0.717, ssim_set14=0.844, ssim_set5=0.891, ssim_urban100=0.946 |
   221 | train=0.009302 | val=nan | lr=0.002 | t_train=12.85 | t_val=12.20 | mem=383.9 | psnr_b100=27.004, psnr_set14=27.473, psnr_set5=31.162, psnr_urban100=24.719, ssim_b100=0.719, ssim_set14=0.846, ssim_set5=0.893, ssim_urban100=0.948 |
   222 | train=0.006819 | val=nan | lr=0.002 | t_train=12.87 | t_val=12.22 | mem=383.9 | psnr_b100=27.060, psnr_set14=27.510, psnr_set5=31.341, psnr_urban100=24.786, ssim_b100=0.720, ssim_set14=0.846, ssim_set5=0.897, ssim_urban100=0.948 |
   223 | train=0.007151 | val=nan | lr=0.0019964 | t_train=12.91 | t_val=12.18 | mem=383.9 | psnr_b100=27.010, psnr_set14=27.411, psnr_set5=31.218, psnr_urban100=24.662, ssim_b100=0.719, ssim_set14=0.845, ssim_set5=0.896, ssim_urban100=0.947 |
   224 | train=0.007279 | val=nan | lr=0.0019926 | t_train=12.86 | t_val=12.21 | mem=383.9 | psnr_b100=27.041, psnr_set14=27.464, psnr_set5=31.249, psnr_urban100=24.774, ssim_b100=0.719, ssim_set14=0.846, ssim_set5=0.896, ssim_urban100=0.949 |
   225 | train=0.006692 | val=nan | lr=0.0019888 | t_train=12.93 | t_val=12.27 | mem=383.9 | psnr_b100=27.017, psnr_set14=27.445, psnr_set5=31.232, psnr_urban100=24.708, ssim_b100=0.719, ssim_set14=0.845, ssim_set5=0.896, ssim_urban100=0.948 |
   226 | train=0.006284 | val=nan | lr=0.0019851 | t_train=12.92 | t_val=12.25 | mem=383.9 | psnr_b100=27.043, psnr_set14=27.479, psnr_set5=31.235, psnr_urban100=24.748, ssim_b100=0.719, ssim_set14=0.846, ssim_set5=0.896, ssim_urban100=0.948 |
   227 | train=0.006329 | val=nan | lr=0.0019813 | t_train=12.77 | t_val=12.10 | mem=383.9 | psnr_b100=27.024, psnr_set14=27.461, psnr_set5=31.276, psnr_urban100=24.700, ssim_b100=0.719, ssim_set14=0.846, ssim_set5=0.896, ssim_urban100=0.947 |
   228 | train=0.007745 | val=nan | lr=0.0019811 | t_train=12.82 | t_val=12.16 | mem=383.9 | psnr_b100=27.003, psnr_set14=27.462, psnr_set5=31.173, psnr_urban100=24.750, ssim_b100=0.718, ssim_set14=0.846, ssim_set5=0.894, ssim_urban100=0.948 |
   229 | train=0.006312 | val=nan | lr=0.0019775 | t_train=12.90 | t_val=12.24 | mem=383.9 | psnr_b100=27.009, psnr_set14=27.445, psnr_set5=31.162, psnr_urban100=24.725, ssim_b100=0.719, ssim_set14=0.846, ssim_set5=0.895, ssim_urban100=0.948 |
   230 | train=0.006749 | val=nan | lr=0.0019738 | t_train=12.94 | t_val=12.29 | mem=383.9 | psnr_b100=26.992, psnr_set14=27.425, psnr_set5=31.251, psnr_urban100=24.759, ssim_b100=0.718, ssim_set14=0.845, ssim_set5=0.896, ssim_urban100=0.948 |
   231 | train=0.005564 | val=nan | lr=0.00197 | t_train=12.84 | t_val=12.19 | mem=383.9 | psnr_b100=26.982, psnr_set14=27.416, psnr_set5=31.164, psnr_urban100=24.692, ssim_b100=0.718, ssim_set14=0.845, ssim_set5=0.894, ssim_urban100=0.948 |
   232 | train=0.006501 | val=nan | lr=0.0019663 | t_train=12.87 | t_val=12.22 | mem=383.9 | psnr_b100=27.031, psnr_set14=27.440, psnr_set5=31.208, psnr_urban100=24.750, ssim_b100=0.720, ssim_set14=0.847, ssim_set5=0.896, ssim_urban100=0.949 |
   233 | train=0.006692 | val=nan | lr=0.0019626 | t_train=12.90 | t_val=12.23 | mem=383.9 | psnr_b100=26.982, psnr_set14=27.406, psnr_set5=31.124, psnr_urban100=24.684, ssim_b100=0.718, ssim_set14=0.845, ssim_set5=0.893, ssim_urban100=0.948 |
   234 | train=0.006377 | val=nan | lr=0.0019588 | t_train=12.98 | t_val=12.29 | mem=383.9 | psnr_b100=27.022, psnr_set14=27.481, psnr_set5=31.189, psnr_urban100=24.767, ssim_b100=0.720, ssim_set14=0.846, ssim_set5=0.896, ssim_urban100=0.948 |
   235 | train=0.007125 | val=nan | lr=0.0019551 | t_train=12.87 | t_val=12.21 | mem=383.9 | psnr_b100=27.031, psnr_set14=27.471, psnr_set5=31.219, psnr_urban100=24.735, ssim_b100=0.719, ssim_set14=0.846, ssim_set5=0.896, ssim_urban100=0.948 |
   236 | train=0.005034 | val=nan | lr=0.0019514 | t_train=12.83 | t_val=12.17 | mem=383.9 | psnr_b100=26.997, psnr_set14=27.412, psnr_set5=31.204, psnr_urban100=24.692, ssim_b100=0.719, ssim_set14=0.845, ssim_set5=0.895, ssim_urban100=0.948 |
   237 | train=0.006427 | val=nan | lr=0.0019477 | t_train=12.76 | t_val=12.10 | mem=383.9 | psnr_b100=26.994, psnr_set14=27.411, psnr_set5=31.180, psnr_urban100=24.768, ssim_b100=0.718, ssim_set14=0.845, ssim_set5=0.895, ssim_urban100=0.948 |
   238 | train=0.007385 | val=nan | lr=0.001944 | t_train=12.83 | t_val=12.18 | mem=383.9 | psnr_b100=27.053, psnr_set14=27.484, psnr_set5=31.224, psnr_urban100=24.777, ssim_b100=0.720, ssim_set14=0.847, ssim_set5=0.896, ssim_urban100=0.949 |
   239 | train=0.007594 | val=nan | lr=0.0019403 | t_train=12.81 | t_val=12.16 | mem=383.9 | psnr_b100=27.005, psnr_set14=27.476, psnr_set5=31.191, psnr_urban100=24.770, ssim_b100=0.718, ssim_set14=0.846, ssim_set5=0.895, ssim_urban100=0.948 |
   240 | train=0.005791 | val=nan | lr=0.0019366 | t_train=12.84 | t_val=12.18 | mem=383.9 | psnr_b100=27.023, psnr_set14=27.489, psnr_set5=31.226, psnr_urban100=24.764, ssim_b100=0.719, ssim_set14=0.847, ssim_set5=0.895, ssim_urban100=0.949 |
   241 | train=0.006582 | val=nan | lr=0.0019329 | t_train=12.87 | t_val=12.21 | mem=383.9 | psnr_b100=26.996, psnr_set14=27.454, psnr_set5=31.190, psnr_urban100=24.710, ssim_b100=0.720, ssim_set14=0.847, ssim_set5=0.896, ssim_urban100=0.948 |
   242 | train=0.006896 | val=nan | lr=0.0019293 | t_train=12.89 | t_val=12.19 | mem=383.9 | psnr_b100=26.981, psnr_set14=27.399, psnr_set5=31.119, psnr_urban100=24.659, ssim_b100=0.718, ssim_set14=0.845, ssim_set5=0.894, ssim_urban100=0.948 |
   243 | train=0.006497 | val=nan | lr=0.0019256 | t_train=12.86 | t_val=12.20 | mem=383.9 | psnr_b100=27.003, psnr_set14=27.428, psnr_set5=31.151, psnr_urban100=24.682, ssim_b100=0.719, ssim_set14=0.846, ssim_set5=0.893, ssim_urban100=0.947 |
   244 | train=0.006383 | val=nan | lr=0.001922 | t_train=12.92 | t_val=12.26 | mem=383.9 | psnr_b100=27.030, psnr_set14=27.503, psnr_set5=31.189, psnr_urban100=24.774, ssim_b100=0.719, ssim_set14=0.847, ssim_set5=0.895, ssim_urban100=0.949 |
   245 | train=0.006038 | val=nan | lr=0.0019183 | t_train=12.86 | t_val=12.21 | mem=383.9 | psnr_b100=27.007, psnr_set14=27.443, psnr_set5=31.149, psnr_urban100=24.748, ssim_b100=0.719, ssim_set14=0.846, ssim_set5=0.894, ssim_urban100=0.948 |
   246 | train=0.008003 | val=nan | lr=0.0019147 | t_train=12.90 | t_val=12.23 | mem=383.9 | psnr_b100=27.000, psnr_set14=27.451, psnr_set5=31.142, psnr_urban100=24.683, ssim_b100=0.718, ssim_set14=0.846, ssim_set5=0.893, ssim_urban100=0.947 |
   247 | train=0.009269 | val=nan | lr=0.001911 | t_train=12.93 | t_val=12.17 | mem=383.9 | psnr_b100=26.965, psnr_set14=27.393, psnr_set5=31.071, psnr_urban100=24.668, ssim_b100=0.717, ssim_set14=0.845, ssim_set5=0.892, ssim_urban100=0.947 |
   248 | train=0.007046 | val=nan | lr=0.0019074 | t_train=12.94 | t_val=12.28 | mem=383.9 | psnr_b100=27.035, psnr_set14=27.513, psnr_set5=31.148, psnr_urban100=24.778, ssim_b100=0.719, ssim_set14=0.846, ssim_set5=0.892, ssim_urban100=0.949 |
   249 | train=0.006373 | val=nan | lr=0.0019038 | t_train=12.92 | t_val=12.25 | mem=383.9 | psnr_b100=26.979, psnr_set14=27.426, psnr_set5=31.119, psnr_urban100=24.678, ssim_b100=0.718, ssim_set14=0.845, ssim_set5=0.892, ssim_urban100=0.947 |
   250 | train=0.006229 | val=nan | lr=0.0019002 | t_train=12.96 | t_val=12.30 | mem=383.9 | psnr_b100=27.045, psnr_set14=27.517, psnr_set5=31.243, psnr_urban100=24.798, ssim_b100=0.720, ssim_set14=0.848, ssim_set5=0.895, ssim_urban100=0.949 |
   251 | train=0.005785 | val=nan | lr=0.0018966 | t_train=12.92 | t_val=12.19 | mem=383.9 | psnr_b100=26.995, psnr_set14=27.456, psnr_set5=31.115, psnr_urban100=24.738, ssim_b100=0.719, ssim_set14=0.845, ssim_set5=0.893, ssim_urban100=0.948 |
   252 | train=0.005629 | val=nan | lr=0.001893 | t_train=12.77 | t_val=12.11 | mem=383.9 | psnr_b100=26.967, psnr_set14=27.388, psnr_set5=31.092, psnr_urban100=24.689, ssim_b100=0.718, ssim_set14=0.845, ssim_set5=0.892, ssim_urban100=0.948 |
   253 | train=0.006231 | val=nan | lr=0.0018928 | t_train=12.85 | t_val=12.18 | mem=383.9 | psnr_b100=26.992, psnr_set14=27.468, psnr_set5=31.162, psnr_urban100=24.762, ssim_b100=0.719, ssim_set14=0.846, ssim_set5=0.893, ssim_urban100=0.948 |
   254 | train=0.006659 | val=nan | lr=0.0018894 | t_train=12.86 | t_val=12.19 | mem=383.9 | psnr_b100=26.980, psnr_set14=27.418, psnr_set5=31.139, psnr_urban100=24.729, ssim_b100=0.718, ssim_set14=0.845, ssim_set5=0.893, ssim_urban100=0.948 |
   255 | train=0.005702 | val=nan | lr=0.0018858 | t_train=12.82 | t_val=12.16 | mem=383.9 | psnr_b100=26.986, psnr_set14=27.430, psnr_set5=31.115, psnr_urban100=24.743, ssim_b100=0.718, ssim_set14=0.845, ssim_set5=0.894, ssim_urban100=0.948 |
   256 | train=0.006488 | val=nan | lr=0.0018822 | t_train=12.96 | t_val=12.31 | mem=383.9 | psnr_b100=27.050, psnr_set14=27.539, psnr_set5=31.282, psnr_urban100=24.807, ssim_b100=0.720, ssim_set14=0.847, ssim_set5=0.896, ssim_urban100=0.949 |
   257 | train=0.006443 | val=nan | lr=0.0018786 | t_train=12.85 | t_val=12.20 | mem=383.9 | psnr_b100=27.018, psnr_set14=27.484, psnr_set5=31.175, psnr_urban100=24.755, ssim_b100=0.719, ssim_set14=0.846, ssim_set5=0.894, ssim_urban100=0.949 |
   258 | train=0.006660 | val=nan | lr=0.0018751 | t_train=12.85 | t_val=12.19 | mem=383.9 | psnr_b100=27.008, psnr_set14=27.436, psnr_set5=31.167, psnr_urban100=24.723, ssim_b100=0.718, ssim_set14=0.846, ssim_set5=0.894, ssim_urban100=0.948 |
   259 | train=0.006411 | val=nan | lr=0.0018715 | t_train=12.84 | t_val=12.19 | mem=383.9 | psnr_b100=26.996, psnr_set14=27.475, psnr_set5=31.223, psnr_urban100=24.747, ssim_b100=0.719, ssim_set14=0.847, ssim_set5=0.896, ssim_urban100=0.949 |
   260 | train=0.006929 | val=nan | lr=0.001868 | t_train=12.85 | t_val=12.20 | mem=383.9 | psnr_b100=26.906, psnr_set14=27.325, psnr_set5=31.002, psnr_urban100=24.584, ssim_b100=0.715, ssim_set14=0.843, ssim_set5=0.891, ssim_urban100=0.946 |
   261 | train=0.007638 | val=nan | lr=0.0018644 | t_train=12.81 | t_val=12.15 | mem=383.9 | psnr_b100=26.996, psnr_set14=27.448, psnr_set5=31.232, psnr_urban100=24.691, ssim_b100=0.719, ssim_set14=0.846, ssim_set5=0.895, ssim_urban100=0.947 |
   262 | train=0.006583 | val=nan | lr=0.0018609 | t_train=12.84 | t_val=12.19 | mem=383.9 | psnr_b100=26.935, psnr_set14=27.303, psnr_set5=31.036, psnr_urban100=24.586, ssim_b100=0.716, ssim_set14=0.843, ssim_set5=0.891, ssim_urban100=0.946 |
   263 | train=0.005454 | val=nan | lr=0.0018573 | t_train=12.91 | t_val=12.26 | mem=383.9 | psnr_b100=27.005, psnr_set14=27.425, psnr_set5=31.202, psnr_urban100=24.732, ssim_b100=0.719, ssim_set14=0.845, ssim_set5=0.894, ssim_urban100=0.948 |
   264 | train=0.007763 | val=nan | lr=0.0018538 | t_train=12.89 | t_val=12.23 | mem=383.9 | psnr_b100=27.018, psnr_set14=27.476, psnr_set5=31.254, psnr_urban100=24.775, ssim_b100=0.720, ssim_set14=0.847, ssim_set5=0.895, ssim_urban100=0.949 |
   265 | train=0.005192 | val=nan | lr=0.0018503 | t_train=12.84 | t_val=12.18 | mem=383.9 | psnr_b100=27.018, psnr_set14=27.497, psnr_set5=31.252, psnr_urban100=24.697, ssim_b100=0.719, ssim_set14=0.846, ssim_set5=0.896, ssim_urban100=0.947 |
   266 | train=0.005187 | val=nan | lr=0.0018468 | t_train=12.82 | t_val=12.18 | mem=383.9 | psnr_b100=26.970, psnr_set14=27.423, psnr_set5=31.144, psnr_urban100=24.713, ssim_b100=0.718, ssim_set14=0.845, ssim_set5=0.894, ssim_urban100=0.948 |
   267 | train=0.005926 | val=nan | lr=0.0018433 | t_train=12.88 | t_val=12.23 | mem=383.9 | psnr_b100=27.021, psnr_set14=27.497, psnr_set5=31.231, psnr_urban100=24.774, ssim_b100=0.719, ssim_set14=0.846, ssim_set5=0.895, ssim_urban100=0.948 |
   268 | train=0.006751 | val=nan | lr=0.0018398 | t_train=12.83 | t_val=12.17 | mem=383.9 | psnr_b100=27.001, psnr_set14=27.452, psnr_set5=31.146, psnr_urban100=24.730, ssim_b100=0.719, ssim_set14=0.847, ssim_set5=0.895, ssim_urban100=0.948 |
   269 | train=0.007112 | val=nan | lr=0.0018363 | t_train=12.87 | t_val=12.21 | mem=383.9 | psnr_b100=26.924, psnr_set14=27.347, psnr_set5=31.026, psnr_urban100=24.669, ssim_b100=0.716, ssim_set14=0.844, ssim_set5=0.892, ssim_urban100=0.947 |
   270 | train=0.006127 | val=nan | lr=0.0018328 | t_train=12.93 | t_val=12.27 | mem=383.9 | psnr_b100=26.959, psnr_set14=27.386, psnr_set5=31.061, psnr_urban100=24.674, ssim_b100=0.717, ssim_set14=0.845, ssim_set5=0.892, ssim_urban100=0.947 |
   271 | train=0.006207 | val=nan | lr=0.0018293 | t_train=12.83 | t_val=12.18 | mem=383.9 | psnr_b100=26.976, psnr_set14=27.405, psnr_set5=31.108, psnr_urban100=24.687, ssim_b100=0.718, ssim_set14=0.845, ssim_set5=0.893, ssim_urban100=0.947 |
   272 | train=0.007716 | val=nan | lr=0.0018258 | t_train=12.88 | t_val=12.23 | mem=383.9 | psnr_b100=26.982, psnr_set14=27.399, psnr_set5=31.085, psnr_urban100=24.701, ssim_b100=0.718, ssim_set14=0.845, ssim_set5=0.892, ssim_urban100=0.948 |
   273 | train=0.006204 | val=nan | lr=0.0018224 | t_train=12.85 | t_val=12.19 | mem=383.9 | psnr_b100=27.027, psnr_set14=27.474, psnr_set5=31.173, psnr_urban100=24.753, ssim_b100=0.719, ssim_set14=0.846, ssim_set5=0.894, ssim_urban100=0.948 |
   274 | train=0.006907 | val=nan | lr=0.0018189 | t_train=12.74 | t_val=12.09 | mem=383.9 | psnr_b100=26.948, psnr_set14=27.378, psnr_set5=31.090, psnr_urban100=24.684, ssim_b100=0.717, ssim_set14=0.844, ssim_set5=0.893, ssim_urban100=0.947 |
   275 | train=0.006652 | val=nan | lr=0.0018187 | t_train=12.95 | t_val=12.29 | mem=383.9 | psnr_b100=27.038, psnr_set14=27.522, psnr_set5=31.281, psnr_urban100=24.790, ssim_b100=0.720, ssim_set14=0.848, ssim_set5=0.898, ssim_urban100=0.949 |
   276 | train=0.007148 | val=nan | lr=0.0018155 | t_train=12.87 | t_val=12.22 | mem=383.9 | psnr_b100=27.037, psnr_set14=27.559, psnr_set5=31.307, psnr_urban100=24.792, ssim_b100=0.719, ssim_set14=0.847, ssim_set5=0.896, ssim_urban100=0.949 |
   277 | train=0.005842 | val=nan | lr=0.001812 | t_train=12.96 | t_val=12.30 | mem=383.9 | psnr_b100=27.012, psnr_set14=27.447, psnr_set5=31.193, psnr_urban100=24.762, ssim_b100=0.719, ssim_set14=0.847, ssim_set5=0.894, ssim_urban100=0.949 |
   278 | train=0.005544 | val=nan | lr=0.0018086 | t_train=12.89 | t_val=12.14 | mem=383.9 | psnr_b100=27.082, psnr_set14=27.588, psnr_set5=31.291, psnr_urban100=24.863, ssim_b100=0.721, ssim_set14=0.849, ssim_set5=0.897, ssim_urban100=0.950 |
   279 | train=0.006225 | val=nan | lr=0.0018051 | t_train=12.83 | t_val=12.18 | mem=383.9 | psnr_b100=27.080, psnr_set14=27.589, psnr_set5=31.339, psnr_urban100=24.849, ssim_b100=0.721, ssim_set14=0.848, ssim_set5=0.898, ssim_urban100=0.949 |
   280 | train=0.006655 | val=nan | lr=0.0018017 | t_train=12.91 | t_val=12.26 | mem=383.9 | psnr_b100=26.946, psnr_set14=27.370, psnr_set5=31.049, psnr_urban100=24.638, ssim_b100=0.717, ssim_set14=0.844, ssim_set5=0.892, ssim_urban100=0.947 |
   281 | train=0.006603 | val=nan | lr=0.0017983 | t_train=12.81 | t_val=12.16 | mem=383.9 | psnr_b100=27.022, psnr_set14=27.452, psnr_set5=31.159, psnr_urban100=24.750, ssim_b100=0.719, ssim_set14=0.846, ssim_set5=0.894, ssim_urban100=0.948 |
   282 | train=0.008230 | val=nan | lr=0.0017949 | t_train=12.81 | t_val=12.14 | mem=383.9 | psnr_b100=27.001, psnr_set14=27.417, psnr_set5=31.095, psnr_urban100=24.742, ssim_b100=0.719, ssim_set14=0.846, ssim_set5=0.894, ssim_urban100=0.948 |
   283 | train=0.006211 | val=nan | lr=0.0017915 | t_train=12.87 | t_val=12.14 | mem=383.9 | psnr_b100=27.012, psnr_set14=27.471, psnr_set5=31.233, psnr_urban100=24.759, ssim_b100=0.719, ssim_set14=0.846, ssim_set5=0.895, ssim_urban100=0.949 |
   284 | train=0.006846 | val=nan | lr=0.0017881 | t_train=12.80 | t_val=12.14 | mem=383.9 | psnr_b100=27.025, psnr_set14=27.485, psnr_set5=31.177, psnr_urban100=24.779, ssim_b100=0.719, ssim_set14=0.846, ssim_set5=0.894, ssim_urban100=0.948 |
   285 | train=0.006726 | val=nan | lr=0.0017847 | t_train=13.34 | t_val=12.67 | mem=383.9 | psnr_b100=27.027, psnr_set14=27.447, psnr_set5=31.198, psnr_urban100=24.744, ssim_b100=0.719, ssim_set14=0.846, ssim_set5=0.894, ssim_urban100=0.948 |
   286 | train=0.006927 | val=nan | lr=0.0017813 | t_train=13.28 | t_val=12.55 | mem=383.9 | psnr_b100=26.965, psnr_set14=27.432, psnr_set5=31.164, psnr_urban100=24.720, ssim_b100=0.717, ssim_set14=0.844, ssim_set5=0.894, ssim_urban100=0.948 |
   287 | train=0.006324 | val=nan | lr=0.0017779 | t_train=13.18 | t_val=12.47 | mem=383.9 | psnr_b100=27.058, psnr_set14=27.539, psnr_set5=31.287, psnr_urban100=24.850, ssim_b100=0.720, ssim_set14=0.847, ssim_set5=0.896, ssim_urban100=0.949 |
   288 | train=0.006432 | val=nan | lr=0.0017745 | t_train=13.29 | t_val=12.59 | mem=383.9 | psnr_b100=27.016, psnr_set14=27.479, psnr_set5=31.169, psnr_urban100=24.807, ssim_b100=0.719, ssim_set14=0.847, ssim_set5=0.895, ssim_urban100=0.949 |
   289 | train=0.007888 | val=nan | lr=0.0017712 | t_train=13.37 | t_val=12.67 | mem=383.9 | psnr_b100=26.990, psnr_set14=27.449, psnr_set5=31.168, psnr_urban100=24.756, ssim_b100=0.718, ssim_set14=0.846, ssim_set5=0.894, ssim_urban100=0.948 |
   290 | train=0.006652 | val=nan | lr=0.0017678 | t_train=13.18 | t_val=12.47 | mem=383.9 | psnr_b100=26.979, psnr_set14=27.424, psnr_set5=31.109, psnr_urban100=24.774, ssim_b100=0.718, ssim_set14=0.846, ssim_set5=0.893, ssim_urban100=0.949 |
   291 | train=0.005467 | val=nan | lr=0.0017645 | t_train=13.08 | t_val=12.39 | mem=383.9 | psnr_b100=26.996, psnr_set14=27.418, psnr_set5=31.058, psnr_urban100=24.682, ssim_b100=0.718, ssim_set14=0.845, ssim_set5=0.892, ssim_urban100=0.947 |
   292 | train=0.006245 | val=nan | lr=0.0017611 | t_train=13.16 | t_val=12.45 | mem=383.9 | psnr_b100=27.057, psnr_set14=27.510, psnr_set5=31.259, psnr_urban100=24.795, ssim_b100=0.720, ssim_set14=0.847, ssim_set5=0.895, ssim_urban100=0.949 |
   293 | train=0.008249 | val=nan | lr=0.0017578 | t_train=13.52 | t_val=12.81 | mem=383.9 | psnr_b100=26.949, psnr_set14=27.303, psnr_set5=31.001, psnr_urban100=24.639, ssim_b100=0.717, ssim_set14=0.844, ssim_set5=0.891, ssim_urban100=0.947 |
   294 | train=0.007539 | val=nan | lr=0.0017544 | t_train=13.38 | t_val=12.62 | mem=383.9 | psnr_b100=27.094, psnr_set14=27.556, psnr_set5=31.301, psnr_urban100=24.892, ssim_b100=0.721, ssim_set14=0.848, ssim_set5=0.897, ssim_urban100=0.950 |
   295 | train=0.005875 | val=nan | lr=0.0017511 | t_train=13.37 | t_val=12.66 | mem=383.9 | psnr_b100=27.044, psnr_set14=27.534, psnr_set5=31.303, psnr_urban100=24.832, ssim_b100=0.720, ssim_set14=0.848, ssim_set5=0.896, ssim_urban100=0.950 |
   296 | train=0.004572 | val=nan | lr=0.0017478 | t_train=13.30 | t_val=12.58 | mem=383.9 | psnr_b100=27.099, psnr_set14=27.614, psnr_set5=31.386, psnr_urban100=24.917, ssim_b100=0.721, ssim_set14=0.849, ssim_set5=0.898, ssim_urban100=0.951 |
   297 | train=0.005570 | val=nan | lr=0.0017445 | t_train=13.33 | t_val=12.61 | mem=383.9 | psnr_b100=27.027, psnr_set14=27.487, psnr_set5=31.253, psnr_urban100=24.796, ssim_b100=0.719, ssim_set14=0.847, ssim_set5=0.896, ssim_urban100=0.949 |
   298 | train=0.006472 | val=nan | lr=0.0017411 | t_train=13.31 | t_val=12.59 | mem=383.9 | psnr_b100=27.061, psnr_set14=27.557, psnr_set5=31.387, psnr_urban100=24.841, ssim_b100=0.721, ssim_set14=0.848, ssim_set5=0.898, ssim_urban100=0.950 |
   299 | train=0.006432 | val=nan | lr=0.0017378 | t_train=13.13 | t_val=12.42 | mem=383.9 | psnr_b100=26.965, psnr_set14=27.384, psnr_set5=31.168, psnr_urban100=24.685, ssim_b100=0.718, ssim_set14=0.845, ssim_set5=0.894, ssim_urban100=0.948 |
   300 | train=0.008397 | val=nan | lr=0.0017345 | t_train=13.10 | t_val=12.40 | mem=383.9 | psnr_b100=27.050, psnr_set14=27.485, psnr_set5=31.189, psnr_urban100=24.812, ssim_b100=0.720, ssim_set14=0.848, ssim_set5=0.895, ssim_urban100=0.950 |
   301 | train=0.007485 | val=nan | lr=0.0017312 | t_train=13.10 | t_val=12.39 | mem=383.9 | psnr_b100=27.026, psnr_set14=27.506, psnr_set5=31.228, psnr_urban100=24.797, ssim_b100=0.719, ssim_set14=0.847, ssim_set5=0.895, ssim_urban100=0.949 |
   302 | train=0.005210 | val=nan | lr=0.001728 | t_train=13.13 | t_val=12.42 | mem=383.9 | psnr_b100=27.029, psnr_set14=27.481, psnr_set5=31.239, psnr_urban100=24.766, ssim_b100=0.719, ssim_set14=0.847, ssim_set5=0.896, ssim_urban100=0.949 |
   303 | train=0.007826 | val=nan | lr=0.0017247 | t_train=13.10 | t_val=12.40 | mem=383.9 | psnr_b100=26.981, psnr_set14=27.422, psnr_set5=31.145, psnr_urban100=24.727, ssim_b100=0.718, ssim_set14=0.846, ssim_set5=0.894, ssim_urban100=0.948 |
   304 | train=0.006377 | val=nan | lr=0.0017214 | t_train=13.16 | t_val=12.45 | mem=383.9 | psnr_b100=26.986, psnr_set14=27.429, psnr_set5=31.162, psnr_urban100=24.726, ssim_b100=0.718, ssim_set14=0.846, ssim_set5=0.894, ssim_urban100=0.948 |
   305 | train=0.005990 | val=nan | lr=0.0017181 | t_train=13.24 | t_val=12.53 | mem=383.9 | psnr_b100=27.016, psnr_set14=27.429, psnr_set5=31.188, psnr_urban100=24.746, ssim_b100=0.720, ssim_set14=0.847, ssim_set5=0.896, ssim_urban100=0.949 |
   306 | train=0.007982 | val=nan | lr=0.0017149 | t_train=13.11 | t_val=12.40 | mem=383.9 | psnr_b100=27.069, psnr_set14=27.486, psnr_set5=31.274, psnr_urban100=24.829, ssim_b100=0.721, ssim_set14=0.847, ssim_set5=0.897, ssim_urban100=0.949 |
   307 | train=0.007359 | val=nan | lr=0.0017116 | t_train=13.22 | t_val=12.51 | mem=383.9 | psnr_b100=27.046, psnr_set14=27.511, psnr_set5=31.278, psnr_urban100=24.838, ssim_b100=0.719, ssim_set14=0.846, ssim_set5=0.896, ssim_urban100=0.949 |
   308 | train=0.007689 | val=nan | lr=0.0017084 | t_train=13.15 | t_val=12.45 | mem=383.9 | psnr_b100=27.092, psnr_set14=27.571, psnr_set5=31.400, psnr_urban100=24.883, ssim_b100=0.722, ssim_set14=0.848, ssim_set5=0.899, ssim_urban100=0.950 |
   309 | train=0.007086 | val=nan | lr=0.0017051 | t_train=13.16 | t_val=12.45 | mem=383.9 | psnr_b100=27.000, psnr_set14=27.473, psnr_set5=31.191, psnr_urban100=24.770, ssim_b100=0.719, ssim_set14=0.847, ssim_set5=0.895, ssim_urban100=0.949 |
   310 | train=0.005960 | val=nan | lr=0.0017019 | t_train=13.23 | t_val=12.41 | mem=383.9 | psnr_b100=27.081, psnr_set14=27.577, psnr_set5=31.345, psnr_urban100=24.907, ssim_b100=0.720, ssim_set14=0.848, ssim_set5=0.898, ssim_urban100=0.950 |
   311 | train=0.006807 | val=nan | lr=0.0016987 | t_train=13.09 | t_val=12.39 | mem=383.9 | psnr_b100=27.054, psnr_set14=27.512, psnr_set5=31.265, psnr_urban100=24.851, ssim_b100=0.720, ssim_set14=0.847, ssim_set5=0.896, ssim_urban100=0.950 |
   312 | train=0.005665 | val=nan | lr=0.0016954 | t_train=13.25 | t_val=12.53 | mem=383.9 | psnr_b100=27.028, psnr_set14=27.487, psnr_set5=31.262, psnr_urban100=24.833, ssim_b100=0.719, ssim_set14=0.847, ssim_set5=0.896, ssim_urban100=0.949 |
   313 | train=0.006094 | val=nan | lr=0.0016922 | t_train=13.18 | t_val=12.47 | mem=383.9 | psnr_b100=26.986, psnr_set14=27.435, psnr_set5=31.128, psnr_urban100=24.730, ssim_b100=0.717, ssim_set14=0.845, ssim_set5=0.893, ssim_urban100=0.948 |
   314 | train=0.006692 | val=nan | lr=0.001689 | t_train=13.21 | t_val=12.42 | mem=383.9 | psnr_b100=27.076, psnr_set14=27.535, psnr_set5=31.325, psnr_urban100=24.831, ssim_b100=0.721, ssim_set14=0.848, ssim_set5=0.898, ssim_urban100=0.949 |
   315 | train=0.005770 | val=nan | lr=0.0016858 | t_train=13.11 | t_val=12.41 | mem=383.9 | psnr_b100=26.996, psnr_set14=27.422, psnr_set5=31.124, psnr_urban100=24.716, ssim_b100=0.719, ssim_set14=0.846, ssim_set5=0.893, ssim_urban100=0.948 |
   316 | train=0.007718 | val=nan | lr=0.0016826 | t_train=13.15 | t_val=12.44 | mem=383.9 | psnr_b100=26.972, psnr_set14=27.409, psnr_set5=31.113, psnr_urban100=24.724, ssim_b100=0.718, ssim_set14=0.845, ssim_set5=0.893, ssim_urban100=0.948 |
   317 | train=0.004760 | val=nan | lr=0.0016794 | t_train=13.19 | t_val=12.48 | mem=383.9 | psnr_b100=27.081, psnr_set14=27.558, psnr_set5=31.372, psnr_urban100=24.902, ssim_b100=0.721, ssim_set14=0.848, ssim_set5=0.897, ssim_urban100=0.950 |
   318 | train=0.005996 | val=nan | lr=0.0016762 | t_train=13.15 | t_val=12.43 | mem=383.9 | psnr_b100=26.994, psnr_set14=27.458, psnr_set5=31.176, psnr_urban100=24.750, ssim_b100=0.718, ssim_set14=0.846, ssim_set5=0.894, ssim_urban100=0.948 |
   319 | train=0.006354 | val=nan | lr=0.001673 | t_train=13.12 | t_val=12.41 | mem=383.9 | psnr_b100=27.014, psnr_set14=27.493, psnr_set5=31.223, psnr_urban100=24.830, ssim_b100=0.719, ssim_set14=0.847, ssim_set5=0.896, ssim_urban100=0.950 |
   320 | train=0.006335 | val=nan | lr=0.0016699 | t_train=13.16 | t_val=12.47 | mem=383.9 | psnr_b100=26.978, psnr_set14=27.404, psnr_set5=31.150, psnr_urban100=24.681, ssim_b100=0.718, ssim_set14=0.845, ssim_set5=0.894, ssim_urban100=0.948 |
   321 | train=0.007108 | val=nan | lr=0.0016667 | t_train=12.94 | t_val=12.24 | mem=383.9 | psnr_b100=26.992, psnr_set14=27.462, psnr_set5=31.203, psnr_urban100=24.788, ssim_b100=0.718, ssim_set14=0.847, ssim_set5=0.895, ssim_urban100=0.949 |
   322 | train=0.006082 | val=nan | lr=0.0016635 | t_train=12.77 | t_val=12.12 | mem=383.9 | psnr_b100=27.038, psnr_set14=27.495, psnr_set5=31.245, psnr_urban100=24.779, ssim_b100=0.720, ssim_set14=0.847, ssim_set5=0.895, ssim_urban100=0.949 |
   323 | train=0.005989 | val=nan | lr=0.0016604 | t_train=12.83 | t_val=12.17 | mem=383.9 | psnr_b100=26.991, psnr_set14=27.406, psnr_set5=31.140, psnr_urban100=24.736, ssim_b100=0.718, ssim_set14=0.845, ssim_set5=0.894, ssim_urban100=0.948 |
   324 | train=0.007074 | val=nan | lr=0.0016572 | t_train=12.84 | t_val=12.18 | mem=383.9 | psnr_b100=27.018, psnr_set14=27.450, psnr_set5=31.196, psnr_urban100=24.786, ssim_b100=0.719, ssim_set14=0.846, ssim_set5=0.895, ssim_urban100=0.949 |
   325 | train=0.006817 | val=nan | lr=0.0016541 | t_train=12.92 | t_val=12.27 | mem=383.9 | psnr_b100=26.990, psnr_set14=27.430, psnr_set5=31.220, psnr_urban100=24.777, ssim_b100=0.718, ssim_set14=0.845, ssim_set5=0.896, ssim_urban100=0.948 |
   326 | train=0.007381 | val=nan | lr=0.0016509 | t_train=12.87 | t_val=12.20 | mem=383.9 | psnr_b100=27.029, psnr_set14=27.446, psnr_set5=31.236, psnr_urban100=24.799, ssim_b100=0.719, ssim_set14=0.847, ssim_set5=0.896, ssim_urban100=0.949 |
   327 | train=0.005667 | val=nan | lr=0.0016478 | t_train=12.84 | t_val=12.18 | mem=383.9 | psnr_b100=27.040, psnr_set14=27.496, psnr_set5=31.314, psnr_urban100=24.812, ssim_b100=0.720, ssim_set14=0.848, ssim_set5=0.898, ssim_urban100=0.949 |
   328 | train=0.006915 | val=nan | lr=0.0016447 | t_train=12.91 | t_val=12.25 | mem=383.9 | psnr_b100=27.032, psnr_set14=27.490, psnr_set5=31.172, psnr_urban100=24.818, ssim_b100=0.719, ssim_set14=0.847, ssim_set5=0.895, ssim_urban100=0.950 |
   329 | train=0.006374 | val=nan | lr=0.0016415 | t_train=12.83 | t_val=12.18 | mem=383.9 | psnr_b100=26.998, psnr_set14=27.441, psnr_set5=31.169, psnr_urban100=24.758, ssim_b100=0.718, ssim_set14=0.845, ssim_set5=0.894, ssim_urban100=0.948 |
   330 | train=0.005119 | val=nan | lr=0.0016384 | t_train=12.85 | t_val=12.20 | mem=383.9 | psnr_b100=26.964, psnr_set14=27.370, psnr_set5=31.085, psnr_urban100=24.700, ssim_b100=0.716, ssim_set14=0.844, ssim_set5=0.892, ssim_urban100=0.948 |
   331 | train=0.006844 | val=nan | lr=0.0016353 | t_train=12.83 | t_val=12.18 | mem=383.9 | psnr_b100=27.050, psnr_set14=27.573, psnr_set5=31.385, psnr_urban100=24.868, ssim_b100=0.719, ssim_set14=0.848, ssim_set5=0.898, ssim_urban100=0.949 |
   332 | train=0.006142 | val=nan | lr=0.0016322 | t_train=12.83 | t_val=12.18 | mem=383.9 | psnr_b100=27.001, psnr_set14=27.475, psnr_set5=31.177, psnr_urban100=24.784, ssim_b100=0.718, ssim_set14=0.847, ssim_set5=0.894, ssim_urban100=0.949 |
   333 | train=0.006758 | val=nan | lr=0.0016291 | t_train=12.87 | t_val=12.21 | mem=383.9 | psnr_b100=26.989, psnr_set14=27.383, psnr_set5=31.231, psnr_urban100=24.699, ssim_b100=0.718, ssim_set14=0.845, ssim_set5=0.895, ssim_urban100=0.947 |
   334 | train=0.005797 | val=nan | lr=0.001626 | t_train=12.84 | t_val=12.18 | mem=383.9 | psnr_b100=27.054, psnr_set14=27.532, psnr_set5=31.270, psnr_urban100=24.852, ssim_b100=0.720, ssim_set14=0.848, ssim_set5=0.897, ssim_urban100=0.950 |
   335 | train=0.008491 | val=nan | lr=0.0016229 | t_train=12.83 | t_val=12.17 | mem=383.9 | psnr_b100=27.031, psnr_set14=27.517, psnr_set5=31.311, psnr_urban100=24.865, ssim_b100=0.719, ssim_set14=0.847, ssim_set5=0.897, ssim_urban100=0.950 |
   336 | train=0.006399 | val=nan | lr=0.0016199 | t_train=12.85 | t_val=12.19 | mem=383.9 | psnr_b100=27.035, psnr_set14=27.544, psnr_set5=31.343, psnr_urban100=24.858, ssim_b100=0.719, ssim_set14=0.848, ssim_set5=0.898, ssim_urban100=0.950 |
   337 | train=0.006411 | val=nan | lr=0.0016168 | t_train=12.83 | t_val=12.17 | mem=383.9 | psnr_b100=26.983, psnr_set14=27.405, psnr_set5=31.191, psnr_urban100=24.719, ssim_b100=0.718, ssim_set14=0.845, ssim_set5=0.894, ssim_urban100=0.948 |
   338 | train=0.004396 | val=nan | lr=0.0016137 | t_train=12.76 | t_val=12.12 | mem=383.9 | psnr_b100=26.963, psnr_set14=27.415, psnr_set5=31.191, psnr_urban100=24.743, ssim_b100=0.717, ssim_set14=0.846, ssim_set5=0.894, ssim_urban100=0.948 |
   339 | train=0.006339 | val=nan | lr=0.0016106 | t_train=12.73 | t_val=12.06 | mem=383.9 | psnr_b100=27.086, psnr_set14=27.566, psnr_set5=31.389, psnr_urban100=24.871, ssim_b100=0.721, ssim_set14=0.848, ssim_set5=0.898, ssim_urban100=0.950 |
   340 | train=0.007494 | val=nan | lr=0.0016105 | t_train=12.79 | t_val=12.13 | mem=383.9 | psnr_b100=27.012, psnr_set14=27.474, psnr_set5=31.253, psnr_urban100=24.803, ssim_b100=0.718, ssim_set14=0.847, ssim_set5=0.896, ssim_urban100=0.949 |
   341 | train=0.006140 | val=nan | lr=0.0016076 | t_train=12.86 | t_val=12.21 | mem=383.9 | psnr_b100=27.039, psnr_set14=27.513, psnr_set5=31.246, psnr_urban100=24.847, ssim_b100=0.719, ssim_set14=0.847, ssim_set5=0.895, ssim_urban100=0.949 |
   342 | train=0.006217 | val=nan | lr=0.0016045 | t_train=12.81 | t_val=12.15 | mem=383.9 | psnr_b100=26.994, psnr_set14=27.441, psnr_set5=31.192, psnr_urban100=24.751, ssim_b100=0.718, ssim_set14=0.846, ssim_set5=0.895, ssim_urban100=0.948 |
   343 | train=0.005367 | val=nan | lr=0.0016015 | t_train=12.87 | t_val=12.20 | mem=383.9 | psnr_b100=27.008, psnr_set14=27.481, psnr_set5=31.194, psnr_urban100=24.745, ssim_b100=0.718, ssim_set14=0.847, ssim_set5=0.894, ssim_urban100=0.948 |
   344 | train=0.006092 | val=nan | lr=0.0015985 | t_train=12.90 | t_val=12.16 | mem=383.9 | psnr_b100=27.021, psnr_set14=27.478, psnr_set5=31.274, psnr_urban100=24.794, ssim_b100=0.719, ssim_set14=0.847, ssim_set5=0.896, ssim_urban100=0.949 |
   345 | train=0.006958 | val=nan | lr=0.0015954 | t_train=12.81 | t_val=12.15 | mem=383.9 | psnr_b100=27.017, psnr_set14=27.482, psnr_set5=31.228, psnr_urban100=24.823, ssim_b100=0.719, ssim_set14=0.847, ssim_set5=0.895, ssim_urban100=0.949 |
   346 | train=0.006368 | val=nan | lr=0.0015924 | t_train=12.90 | t_val=12.17 | mem=383.9 | psnr_b100=26.988, psnr_set14=27.455, psnr_set5=31.239, psnr_urban100=24.789, ssim_b100=0.717, ssim_set14=0.846, ssim_set5=0.895, ssim_urban100=0.949 |
   347 | train=0.006402 | val=nan | lr=0.0015894 | t_train=12.80 | t_val=12.14 | mem=383.9 | psnr_b100=27.072, psnr_set14=27.546, psnr_set5=31.319, psnr_urban100=24.884, ssim_b100=0.720, ssim_set14=0.848, ssim_set5=0.898, ssim_urban100=0.950 |
   348 | train=0.005459 | val=nan | lr=0.0015863 | t_train=12.84 | t_val=12.19 | mem=383.9 | psnr_b100=27.093, psnr_set14=27.567, psnr_set5=31.357, psnr_urban100=24.882, ssim_b100=0.721, ssim_set14=0.849, ssim_set5=0.899, ssim_urban100=0.950 |
   349 | train=0.006831 | val=nan | lr=0.0015833 | t_train=12.86 | t_val=12.21 | mem=383.9 | psnr_b100=27.023, psnr_set14=27.477, psnr_set5=31.211, psnr_urban100=24.860, ssim_b100=0.719, ssim_set14=0.847, ssim_set5=0.895, ssim_urban100=0.950 |
   350 | train=0.005058 | val=nan | lr=0.0015803 | t_train=12.88 | t_val=12.23 | mem=383.9 | psnr_b100=27.017, psnr_set14=27.448, psnr_set5=31.134, psnr_urban100=24.857, ssim_b100=0.718, ssim_set14=0.846, ssim_set5=0.894, ssim_urban100=0.950 |
   351 | train=0.005251 | val=nan | lr=0.0015773 | t_train=12.84 | t_val=12.18 | mem=383.9 | psnr_b100=27.034, psnr_set14=27.508, psnr_set5=31.232, psnr_urban100=24.846, ssim_b100=0.719, ssim_set14=0.847, ssim_set5=0.895, ssim_urban100=0.949 |
   352 | train=0.005853 | val=nan | lr=0.0015743 | t_train=12.81 | t_val=12.15 | mem=383.9 | psnr_b100=27.021, psnr_set14=27.487, psnr_set5=31.210, psnr_urban100=24.814, ssim_b100=0.719, ssim_set14=0.847, ssim_set5=0.895, ssim_urban100=0.949 |
   353 | train=0.006546 | val=nan | lr=0.0015714 | t_train=12.82 | t_val=12.15 | mem=383.9 | psnr_b100=27.077, psnr_set14=27.580, psnr_set5=31.312, psnr_urban100=24.901, ssim_b100=0.721, ssim_set14=0.849, ssim_set5=0.897, ssim_urban100=0.950 |
   354 | train=0.006620 | val=nan | lr=0.0015684 | t_train=12.79 | t_val=12.14 | mem=383.9 | psnr_b100=27.131, psnr_set14=27.620, psnr_set5=31.360, psnr_urban100=24.930, ssim_b100=0.722, ssim_set14=0.849, ssim_set5=0.897, ssim_urban100=0.951 |
   355 | train=0.006550 | val=nan | lr=0.0015654 | t_train=12.81 | t_val=12.17 | mem=383.9 | psnr_b100=27.039, psnr_set14=27.518, psnr_set5=31.231, psnr_urban100=24.845, ssim_b100=0.720, ssim_set14=0.847, ssim_set5=0.897, ssim_urban100=0.949 |
   356 | train=0.006946 | val=nan | lr=0.0015624 | t_train=12.88 | t_val=12.23 | mem=383.9 | psnr_b100=27.049, psnr_set14=27.510, psnr_set5=31.239, psnr_urban100=24.880, ssim_b100=0.720, ssim_set14=0.848, ssim_set5=0.895, ssim_urban100=0.950 |
   357 | train=0.005443 | val=nan | lr=0.0015595 | t_train=12.90 | t_val=12.24 | mem=383.9 | psnr_b100=27.060, psnr_set14=27.526, psnr_set5=31.308, psnr_urban100=24.900, ssim_b100=0.720, ssim_set14=0.847, ssim_set5=0.897, ssim_urban100=0.950 |
   358 | train=0.004353 | val=nan | lr=0.0015565 | t_train=12.89 | t_val=12.24 | mem=383.9 | psnr_b100=27.091, psnr_set14=27.586, psnr_set5=31.368, psnr_urban100=24.955, ssim_b100=0.721, ssim_set14=0.848, ssim_set5=0.898, ssim_urban100=0.951 |
   359 | train=0.006969 | val=nan | lr=0.0015535 | t_train=12.83 | t_val=12.18 | mem=383.9 | psnr_b100=27.036, psnr_set14=27.500, psnr_set5=31.211, psnr_urban100=24.853, ssim_b100=0.719, ssim_set14=0.847, ssim_set5=0.895, ssim_urban100=0.949 |
   360 | train=0.004543 | val=nan | lr=0.0015506 | t_train=12.88 | t_val=12.23 | mem=383.9 | psnr_b100=27.023, psnr_set14=27.467, psnr_set5=31.219, psnr_urban100=24.836, ssim_b100=0.719, ssim_set14=0.847, ssim_set5=0.895, ssim_urban100=0.949 |
   361 | train=0.006615 | val=nan | lr=0.0015476 | t_train=12.78 | t_val=12.13 | mem=383.9 | psnr_b100=27.062, psnr_set14=27.564, psnr_set5=31.328, psnr_urban100=24.910, ssim_b100=0.719, ssim_set14=0.848, ssim_set5=0.897, ssim_urban100=0.950 |
   362 | train=0.006239 | val=nan | lr=0.0015447 | t_train=12.81 | t_val=12.17 | mem=383.9 | psnr_b100=27.020, psnr_set14=27.473, psnr_set5=31.201, psnr_urban100=24.819, ssim_b100=0.719, ssim_set14=0.847, ssim_set5=0.895, ssim_urban100=0.949 |
   363 | train=0.005437 | val=nan | lr=0.0015418 | t_train=12.83 | t_val=12.17 | mem=383.9 | psnr_b100=27.026, psnr_set14=27.484, psnr_set5=31.239, psnr_urban100=24.818, ssim_b100=0.719, ssim_set14=0.847, ssim_set5=0.895, ssim_urban100=0.949 |
   364 | train=0.005725 | val=nan | lr=0.0015388 | t_train=12.84 | t_val=12.19 | mem=383.9 | psnr_b100=27.026, psnr_set14=27.484, psnr_set5=31.201, psnr_urban100=24.878, ssim_b100=0.719, ssim_set14=0.847, ssim_set5=0.895, ssim_urban100=0.950 |
   365 | train=0.005599 | val=nan | lr=0.0015359 | t_train=12.92 | t_val=12.27 | mem=383.9 | psnr_b100=27.053, psnr_set14=27.506, psnr_set5=31.266, psnr_urban100=24.839, ssim_b100=0.720, ssim_set14=0.847, ssim_set5=0.896, ssim_urban100=0.950 |
   366 | train=0.005802 | val=nan | lr=0.001533 | t_train=12.85 | t_val=12.19 | mem=383.9 | psnr_b100=26.986, psnr_set14=27.422, psnr_set5=31.139, psnr_urban100=24.792, ssim_b100=0.718, ssim_set14=0.846, ssim_set5=0.894, ssim_urban100=0.949 |
   367 | train=0.005581 | val=nan | lr=0.0015301 | t_train=12.81 | t_val=12.16 | mem=383.9 | psnr_b100=27.014, psnr_set14=27.493, psnr_set5=31.224, psnr_urban100=24.864, ssim_b100=0.718, ssim_set14=0.847, ssim_set5=0.895, ssim_urban100=0.949 |
   368 | train=0.006229 | val=nan | lr=0.0015272 | t_train=12.86 | t_val=12.20 | mem=383.9 | psnr_b100=27.020, psnr_set14=27.501, psnr_set5=31.218, psnr_urban100=24.835, ssim_b100=0.719, ssim_set14=0.847, ssim_set5=0.895, ssim_urban100=0.950 |
   369 | train=0.006286 | val=nan | lr=0.0015243 | t_train=12.86 | t_val=12.21 | mem=383.9 | psnr_b100=27.036, psnr_set14=27.482, psnr_set5=31.225, psnr_urban100=24.763, ssim_b100=0.719, ssim_set14=0.847, ssim_set5=0.895, ssim_urban100=0.948 |
