     0 | train=nan | val=nan | lr=nan | t_train=nan | t_val=1.89 | mem=248.9 | psnr_b100=27.621, psnr_set14=28.302, psnr_set5=32.057, psnr_urban100=26.141, ssim_b100=0.738, ssim_set14=0.861, ssim_set5=0.906, ssim_urban100=0.963 |
     0 | train=nan | val=nan | lr=nan | t_train=nan | t_val=22.39 | mem=250.8 | psnr_b100=27.621, psnr_set14=28.302, psnr_set5=32.056, psnr_urban100=26.140, ssim_b100=0.738, ssim_set14=0.861, ssim_set5=0.906, ssim_urban100=0.963 |
     0 | train=nan | val=nan | lr=nan | t_train=nan | t_val=22.74 | mem=250.9 | psnr_b100=27.621, psnr_set14=28.303, psnr_set5=32.056, psnr_urban100=26.140, ssim_b100=0.738, ssim_set14=0.861, ssim_set5=0.906, ssim_urban100=0.963 |
     0 | train=nan | val=nan | lr=nan | t_train=nan | t_val=22.55 | mem=250.9 | psnr_b100=27.618, psnr_set14=28.302, psnr_set5=32.055, psnr_urban100=26.139, ssim_b100=0.738, ssim_set14=0.861, ssim_set5=0.906, ssim_urban100=0.963 |
# epoch | train_loss | val_loss | LR | t_train(s) | t_val(s) | gpu_mem(MB) | SRBench(psnr/ssim...)
     0 | train=nan | val=nan | lr=nan | t_train=nan | t_val=1.64 | mem=250.9 |
     0 | train=0.000752 | val=nan | lr=7.2e-05 | t_train=13.86 | t_val=13.01 | mem=383.9 | psnr_b100=27.619, psnr_set14=28.299, psnr_set5=32.350, psnr_urban100=26.139, ssim_b100=0.738, ssim_set14=0.861, ssim_set5=0.914, ssim_urban100=0.963 |
     1 | train=0.000705 | val=nan | lr=0.000148 | t_train=13.19 | t_val=12.48 | mem=383.9 | psnr_b100=27.619, psnr_set14=28.303, psnr_set5=32.346, psnr_urban100=26.136, ssim_b100=0.738, ssim_set14=0.861, ssim_set5=0.914, ssim_urban100=0.963 |
     2 | train=0.000797 | val=nan | lr=0.000224 | t_train=13.40 | t_val=12.54 | mem=383.9 | psnr_b100=27.619, psnr_set14=28.298, psnr_set5=32.337, psnr_urban100=26.138, ssim_b100=0.738, ssim_set14=0.861, ssim_set5=0.914, ssim_urban100=0.963 |
     3 | train=0.000782 | val=nan | lr=0.0003 | t_train=13.11 | t_val=12.41 | mem=383.9 | psnr_b100=27.617, psnr_set14=28.298, psnr_set5=32.334, psnr_urban100=26.138, ssim_b100=0.738, ssim_set14=0.861, ssim_set5=0.914, ssim_urban100=0.963 |
     4 | train=0.000987 | val=nan | lr=0.000376 | t_train=13.17 | t_val=12.46 | mem=383.9 | psnr_b100=27.618, psnr_set14=28.299, psnr_set5=32.341, psnr_urban100=26.133, ssim_b100=0.738, ssim_set14=0.861, ssim_set5=0.914, ssim_urban100=0.963 |
     5 | train=0.000850 | val=nan | lr=0.000452 | t_train=13.34 | t_val=12.63 | mem=383.9 | psnr_b100=27.618, psnr_set14=28.300, psnr_set5=32.344, psnr_urban100=26.139, ssim_b100=0.738, ssim_set14=0.861, ssim_set5=0.914, ssim_urban100=0.963 |
     6 | train=0.000984 | val=nan | lr=0.000528 | t_train=13.46 | t_val=12.72 | mem=383.9 | psnr_b100=27.613, psnr_set14=28.299, psnr_set5=32.334, psnr_urban100=26.125, ssim_b100=0.737, ssim_set14=0.861, ssim_set5=0.914, ssim_urban100=0.963 |
     7 | train=0.000993 | val=nan | lr=0.000604 | t_train=13.75 | t_val=13.03 | mem=383.9 | psnr_b100=27.620, psnr_set14=28.302, psnr_set5=32.346, psnr_urban100=26.127, ssim_b100=0.738, ssim_set14=0.861, ssim_set5=0.914, ssim_urban100=0.963 |
     8 | train=0.001020 | val=nan | lr=0.00068 | t_train=13.71 | t_val=12.88 | mem=383.9 | psnr_b100=27.614, psnr_set14=28.291, psnr_set5=32.334, psnr_urban100=26.130, ssim_b100=0.738, ssim_set14=0.861, ssim_set5=0.914, ssim_urban100=0.963 |
     9 | train=0.001151 | val=nan | lr=0.000756 | t_train=13.38 | t_val=12.63 | mem=383.9 | psnr_b100=27.611, psnr_set14=28.288, psnr_set5=32.356, psnr_urban100=26.125, ssim_b100=0.738, ssim_set14=0.861, ssim_set5=0.915, ssim_urban100=0.963 |
    10 | train=0.001458 | val=nan | lr=0.000832 | t_train=13.19 | t_val=12.45 | mem=383.9 | psnr_b100=27.578, psnr_set14=28.234, psnr_set5=32.279, psnr_urban100=26.039, ssim_b100=0.737, ssim_set14=0.860, ssim_set5=0.914, ssim_urban100=0.962 |
    11 | train=0.001502 | val=nan | lr=0.000908 | t_train=13.42 | t_val=12.71 | mem=383.9 | psnr_b100=27.603, psnr_set14=28.261, psnr_set5=32.304, psnr_urban100=26.107, ssim_b100=0.737, ssim_set14=0.860, ssim_set5=0.914, ssim_urban100=0.962 |
    12 | train=0.001593 | val=nan | lr=0.000984 | t_train=13.84 | t_val=13.09 | mem=383.9 | psnr_b100=27.602, psnr_set14=28.264, psnr_set5=32.332, psnr_urban100=26.100, ssim_b100=0.737, ssim_set14=0.860, ssim_set5=0.914, ssim_urban100=0.962 |
    13 | train=0.001864 | val=nan | lr=0.00106 | t_train=19.86 | t_val=19.12 | mem=383.9 | psnr_b100=27.591, psnr_set14=28.238, psnr_set5=32.304, psnr_urban100=26.085, ssim_b100=0.737, ssim_set14=0.860, ssim_set5=0.914, ssim_urban100=0.962 |
    14 | train=0.001645 | val=nan | lr=0.001136 | t_train=53.15 | t_val=51.44 | mem=383.9 | psnr_b100=27.593, psnr_set14=28.268, psnr_set5=32.345, psnr_urban100=26.087, ssim_b100=0.737, ssim_set14=0.860, ssim_set5=0.914, ssim_urban100=0.963 |
    15 | train=0.001719 | val=nan | lr=0.001212 | t_train=44.43 | t_val=43.28 | mem=383.9 | psnr_b100=27.570, psnr_set14=28.272, psnr_set5=32.328, psnr_urban100=26.044, ssim_b100=0.737, ssim_set14=0.861, ssim_set5=0.914, ssim_urban100=0.962 |
    16 | train=0.002179 | val=nan | lr=0.001288 | t_train=13.27 | t_val=12.54 | mem=383.9 | psnr_b100=27.553, psnr_set14=28.255, psnr_set5=32.314, psnr_urban100=26.035, ssim_b100=0.736, ssim_set14=0.860, ssim_set5=0.914, ssim_urban100=0.962 |
    17 | train=0.001867 | val=nan | lr=0.001364 | t_train=13.66 | t_val=12.84 | mem=383.9 | psnr_b100=27.572, psnr_set14=28.285, psnr_set5=32.306, psnr_urban100=26.015, ssim_b100=0.736, ssim_set14=0.860, ssim_set5=0.914, ssim_urban100=0.962 |
    18 | train=0.001618 | val=nan | lr=0.00144 | t_train=13.54 | t_val=12.83 | mem=383.9 | psnr_b100=27.534, psnr_set14=28.208, psnr_set5=32.249, psnr_urban100=25.945, ssim_b100=0.735, ssim_set14=0.859, ssim_set5=0.913, ssim_urban100=0.961 |
    19 | train=0.002491 | val=nan | lr=0.001516 | t_train=14.02 | t_val=13.14 | mem=383.9 | psnr_b100=27.575, psnr_set14=28.261, psnr_set5=32.339, psnr_urban100=26.035, ssim_b100=0.736, ssim_set14=0.860, ssim_set5=0.914, ssim_urban100=0.962 |
    20 | train=0.002651 | val=nan | lr=0.001592 | t_train=13.52 | t_val=12.77 | mem=383.9 | psnr_b100=27.563, psnr_set14=28.248, psnr_set5=32.323, psnr_urban100=26.022, ssim_b100=0.736, ssim_set14=0.860, ssim_set5=0.914, ssim_urban100=0.962 |
    21 | train=0.002503 | val=nan | lr=0.001668 | t_train=13.15 | t_val=12.45 | mem=383.9 | psnr_b100=27.565, psnr_set14=28.221, psnr_set5=32.295, psnr_urban100=26.030, ssim_b100=0.736, ssim_set14=0.860, ssim_set5=0.914, ssim_urban100=0.962 |
    22 | train=0.002947 | val=nan | lr=0.001744 | t_train=13.11 | t_val=12.41 | mem=383.9 | psnr_b100=27.552, psnr_set14=28.242, psnr_set5=32.324, psnr_urban100=25.983, ssim_b100=0.736, ssim_set14=0.860, ssim_set5=0.914, ssim_urban100=0.962 |
    23 | train=0.002981 | val=nan | lr=0.00182 | t_train=13.37 | t_val=12.53 | mem=383.9 | psnr_b100=27.534, psnr_set14=28.207, psnr_set5=32.302, psnr_urban100=25.905, ssim_b100=0.735, ssim_set14=0.859, ssim_set5=0.914, ssim_urban100=0.961 |
    24 | train=0.003246 | val=nan | lr=0.001896 | t_train=13.72 | t_val=13.02 | mem=383.9 | psnr_b100=27.508, psnr_set14=28.172, psnr_set5=32.230, psnr_urban100=25.863, ssim_b100=0.734, ssim_set14=0.859, ssim_set5=0.913, ssim_urban100=0.960 |
    25 | train=0.003135 | val=nan | lr=0.001972 | t_train=13.66 | t_val=12.87 | mem=383.9 | psnr_b100=27.540, psnr_set14=28.212, psnr_set5=32.256, psnr_urban100=25.973, ssim_b100=0.736, ssim_set14=0.860, ssim_set5=0.913, ssim_urban100=0.961 |
    26 | train=0.003802 | val=nan | lr=0.002 | t_train=27.31 | t_val=26.60 | mem=383.9 | psnr_b100=27.533, psnr_set14=28.221, psnr_set5=32.267, psnr_urban100=25.953, ssim_b100=0.735, ssim_set14=0.859, ssim_set5=0.913, ssim_urban100=0.961 |
    27 | train=0.003619 | val=nan | lr=0.002 | t_train=54.23 | t_val=53.39 | mem=383.9 | psnr_b100=27.558, psnr_set14=28.253, psnr_set5=32.330, psnr_urban100=25.998, ssim_b100=0.736, ssim_set14=0.860, ssim_set5=0.914, ssim_urban100=0.961 |
    28 | train=0.004994 | val=nan | lr=0.002 | t_train=13.25 | t_val=12.54 | mem=383.9 | psnr_b100=27.521, psnr_set14=28.173, psnr_set5=32.207, psnr_urban100=25.870, ssim_b100=0.735, ssim_set14=0.859, ssim_set5=0.913, ssim_urban100=0.960 |
    29 | train=0.006311 | val=nan | lr=0.002 | t_train=13.22 | t_val=12.50 | mem=383.9 | psnr_b100=27.540, psnr_set14=28.203, psnr_set5=32.261, psnr_urban100=25.965, ssim_b100=0.735, ssim_set14=0.859, ssim_set5=0.913, ssim_urban100=0.962 |
    30 | train=0.007144 | val=nan | lr=0.002 | t_train=13.18 | t_val=12.47 | mem=383.9 | psnr_b100=27.551, psnr_set14=28.234, psnr_set5=32.240, psnr_urban100=25.988, ssim_b100=0.735, ssim_set14=0.860, ssim_set5=0.913, ssim_urban100=0.962 |
    31 | train=0.007747 | val=nan | lr=0.002 | t_train=13.74 | t_val=13.01 | mem=383.9 | psnr_b100=27.508, psnr_set14=28.155, psnr_set5=32.183, psnr_urban100=25.884, ssim_b100=0.734, ssim_set14=0.859, ssim_set5=0.912, ssim_urban100=0.960 |
    32 | train=0.009123 | val=nan | lr=0.002 | t_train=13.32 | t_val=12.56 | mem=383.9 | psnr_b100=27.519, psnr_set14=28.193, psnr_set5=32.207, psnr_urban100=25.890, ssim_b100=0.734, ssim_set14=0.859, ssim_set5=0.912, ssim_urban100=0.960 |
    33 | train=0.010030 | val=nan | lr=0.002 | t_train=13.86 | t_val=13.17 | mem=383.9 | psnr_b100=27.506, psnr_set14=28.144, psnr_set5=32.226, psnr_urban100=25.867, ssim_b100=0.735, ssim_set14=0.859, ssim_set5=0.913, ssim_urban100=0.961 |
    34 | train=0.010678 | val=nan | lr=0.002 | t_train=14.10 | t_val=13.19 | mem=383.9 | psnr_b100=27.483, psnr_set14=28.165, psnr_set5=32.184, psnr_urban100=25.846, ssim_b100=0.734, ssim_set14=0.858, ssim_set5=0.912, ssim_urban100=0.960 |
    35 | train=0.011115 | val=nan | lr=0.002 | t_train=13.44 | t_val=12.72 | mem=383.9 | psnr_b100=27.483, psnr_set14=28.130, psnr_set5=32.213, psnr_urban100=25.833, ssim_b100=0.734, ssim_set14=0.858, ssim_set5=0.913, ssim_urban100=0.960 |
    36 | train=0.013298 | val=nan | lr=0.002 | t_train=46.86 | t_val=46.08 | mem=383.9 | psnr_b100=27.445, psnr_set14=28.095, psnr_set5=32.049, psnr_urban100=25.828, ssim_b100=0.733, ssim_set14=0.858, ssim_set5=0.912, ssim_urban100=0.960 |
    37 | train=0.014742 | val=nan | lr=0.002 | t_train=26.01 | t_val=24.50 | mem=383.9 | psnr_b100=27.459, psnr_set14=28.117, psnr_set5=32.111, psnr_urban100=25.810, ssim_b100=0.734, ssim_set14=0.858, ssim_set5=0.912, ssim_urban100=0.960 |
    38 | train=0.013876 | val=nan | lr=0.002 | t_train=13.01 | t_val=12.30 | mem=383.9 | psnr_b100=27.504, psnr_set14=28.144, psnr_set5=32.193, psnr_urban100=25.902, ssim_b100=0.734, ssim_set14=0.859, ssim_set5=0.913, ssim_urban100=0.960 |
    39 | train=0.015719 | val=nan | lr=0.002 | t_train=13.05 | t_val=12.35 | mem=383.9 | psnr_b100=27.455, psnr_set14=28.109, psnr_set5=32.155, psnr_urban100=25.826, ssim_b100=0.732, ssim_set14=0.858, ssim_set5=0.911, ssim_urban100=0.960 |
    40 | train=0.016044 | val=nan | lr=0.002 | t_train=13.10 | t_val=12.40 | mem=383.9 | psnr_b100=27.467, psnr_set14=28.134, psnr_set5=32.155, psnr_urban100=25.849, ssim_b100=0.733, ssim_set14=0.858, ssim_set5=0.912, ssim_urban100=0.959 |
    41 | train=0.016856 | val=nan | lr=0.002 | t_train=13.13 | t_val=12.43 | mem=383.9 | psnr_b100=27.480, psnr_set14=28.149, psnr_set5=32.226, psnr_urban100=25.824, ssim_b100=0.733, ssim_set14=0.858, ssim_set5=0.912, ssim_urban100=0.959 |
    42 | train=0.016854 | val=nan | lr=0.002 | t_train=13.07 | t_val=12.36 | mem=383.9 | psnr_b100=27.450, psnr_set14=28.106, psnr_set5=32.146, psnr_urban100=25.766, ssim_b100=0.733, ssim_set14=0.858, ssim_set5=0.912, ssim_urban100=0.959 |
    43 | train=0.018572 | val=nan | lr=0.002 | t_train=13.07 | t_val=12.35 | mem=383.9 | psnr_b100=27.478, psnr_set14=28.125, psnr_set5=32.128, psnr_urban100=25.767, ssim_b100=0.733, ssim_set14=0.858, ssim_set5=0.911, ssim_urban100=0.959 |
    44 | train=0.019011 | val=nan | lr=0.002 | t_train=13.13 | t_val=12.42 | mem=383.9 | psnr_b100=27.467, psnr_set14=28.129, psnr_set5=32.182, psnr_urban100=25.791, ssim_b100=0.733, ssim_set14=0.858, ssim_set5=0.912, ssim_urban100=0.959 |
    45 | train=0.019301 | val=nan | lr=0.002 | t_train=13.04 | t_val=12.35 | mem=383.9 | psnr_b100=27.387, psnr_set14=28.032, psnr_set5=32.139, psnr_urban100=25.706, ssim_b100=0.731, ssim_set14=0.857, ssim_set5=0.911, ssim_urban100=0.958 |
    46 | train=0.019993 | val=nan | lr=0.002 | t_train=13.18 | t_val=12.47 | mem=383.9 | psnr_b100=27.420, psnr_set14=28.065, psnr_set5=32.143, psnr_urban100=25.690, ssim_b100=0.732, ssim_set14=0.857, ssim_set5=0.911, ssim_urban100=0.958 |
    47 | train=0.020837 | val=nan | lr=0.002 | t_train=13.12 | t_val=12.40 | mem=383.9 | psnr_b100=27.431, psnr_set14=28.079, psnr_set5=32.141, psnr_urban100=25.705, ssim_b100=0.732, ssim_set14=0.857, ssim_set5=0.911, ssim_urban100=0.958 |
    48 | train=0.021380 | val=nan | lr=0.002 | t_train=13.55 | t_val=12.80 | mem=383.9 | psnr_b100=27.360, psnr_set14=28.033, psnr_set5=32.145, psnr_urban100=25.604, ssim_b100=0.730, ssim_set14=0.857, ssim_set5=0.912, ssim_urban100=0.957 |
    49 | train=0.023827 | val=nan | lr=0.002 | t_train=13.65 | t_val=12.91 | mem=383.9 | psnr_b100=27.385, psnr_set14=28.030, psnr_set5=32.096, psnr_urban100=25.652, ssim_b100=0.731, ssim_set14=0.856, ssim_set5=0.911, ssim_urban100=0.958 |
    50 | train=0.023751 | val=nan | lr=0.002 | t_train=13.21 | t_val=12.50 | mem=383.9 | psnr_b100=27.364, psnr_set14=28.033, psnr_set5=32.113, psnr_urban100=25.596, ssim_b100=0.731, ssim_set14=0.857, ssim_set5=0.911, ssim_urban100=0.958 |
    51 | train=0.023560 | val=nan | lr=0.002 | t_train=13.20 | t_val=12.46 | mem=383.9 | psnr_b100=27.360, psnr_set14=28.009, psnr_set5=32.086, psnr_urban100=25.602, ssim_b100=0.730, ssim_set14=0.856, ssim_set5=0.910, ssim_urban100=0.957 |
    52 | train=0.024043 | val=nan | lr=0.002 | t_train=13.34 | t_val=12.63 | mem=383.9 | psnr_b100=27.384, psnr_set14=28.035, psnr_set5=32.128, psnr_urban100=25.605, ssim_b100=0.731, ssim_set14=0.857, ssim_set5=0.911, ssim_urban100=0.958 |
    53 | train=0.024990 | val=nan | lr=0.002 | t_train=13.66 | t_val=12.94 | mem=383.9 | psnr_b100=27.332, psnr_set14=27.972, psnr_set5=32.066, psnr_urban100=25.487, ssim_b100=0.729, ssim_set14=0.855, ssim_set5=0.910, ssim_urban100=0.956 |
    54 | train=0.025656 | val=nan | lr=0.002 | t_train=14.95 | t_val=13.91 | mem=383.9 | psnr_b100=27.367, psnr_set14=28.036, psnr_set5=32.099, psnr_urban100=25.609, ssim_b100=0.731, ssim_set14=0.857, ssim_set5=0.911, ssim_urban100=0.957 |
    55 | train=0.026140 | val=nan | lr=0.002 | t_train=14.43 | t_val=13.46 | mem=383.9 | psnr_b100=27.361, psnr_set14=28.034, psnr_set5=32.086, psnr_urban100=25.612, ssim_b100=0.731, ssim_set14=0.857, ssim_set5=0.912, ssim_urban100=0.958 |
    56 | train=0.027074 | val=nan | lr=0.002 | t_train=14.36 | t_val=13.57 | mem=383.9 | psnr_b100=27.320, psnr_set14=27.977, psnr_set5=32.021, psnr_urban100=25.556, ssim_b100=0.729, ssim_set14=0.856, ssim_set5=0.909, ssim_urban100=0.957 |
    57 | train=0.026297 | val=nan | lr=0.002 | t_train=14.31 | t_val=13.55 | mem=383.9 | psnr_b100=27.322, psnr_set14=28.013, psnr_set5=32.048, psnr_urban100=25.586, ssim_b100=0.729, ssim_set14=0.856, ssim_set5=0.910, ssim_urban100=0.957 |
    58 | train=0.026867 | val=nan | lr=0.002 | t_train=13.44 | t_val=12.63 | mem=383.9 | psnr_b100=27.329, psnr_set14=28.010, psnr_set5=32.049, psnr_urban100=25.548, ssim_b100=0.729, ssim_set14=0.856, ssim_set5=0.910, ssim_urban100=0.957 |
    59 | train=0.028692 | val=nan | lr=0.002 | t_train=13.67 | t_val=12.96 | mem=383.9 | psnr_b100=27.301, psnr_set14=27.952, psnr_set5=31.973, psnr_urban100=25.426, ssim_b100=0.728, ssim_set14=0.855, ssim_set5=0.909, ssim_urban100=0.955 |
    60 | train=0.028598 | val=nan | lr=0.002 | t_train=53.70 | t_val=52.20 | mem=383.9 | psnr_b100=27.310, psnr_set14=27.941, psnr_set5=31.966, psnr_urban100=25.444, ssim_b100=0.728, ssim_set14=0.855, ssim_set5=0.908, ssim_urban100=0.956 |
    61 | train=0.029053 | val=nan | lr=0.002 | t_train=30.81 | t_val=29.39 | mem=383.9 | psnr_b100=27.335, psnr_set14=28.010, psnr_set5=32.030, psnr_urban100=25.544, ssim_b100=0.730, ssim_set14=0.856, ssim_set5=0.910, ssim_urban100=0.957 |
    62 | train=0.029489 | val=nan | lr=0.002 | t_train=13.16 | t_val=12.45 | mem=383.9 | psnr_b100=27.335, psnr_set14=28.055, psnr_set5=32.054, psnr_urban100=25.585, ssim_b100=0.729, ssim_set14=0.857, ssim_set5=0.910, ssim_urban100=0.957 |
    63 | train=0.029525 | val=nan | lr=0.002 | t_train=13.19 | t_val=12.47 | mem=383.9 | psnr_b100=27.352, psnr_set14=28.063, psnr_set5=32.050, psnr_urban100=25.586, ssim_b100=0.730, ssim_set14=0.857, ssim_set5=0.910, ssim_urban100=0.958 |
    64 | train=0.028815 | val=nan | lr=0.002 | t_train=13.25 | t_val=12.53 | mem=383.9 | psnr_b100=27.346, psnr_set14=28.006, psnr_set5=32.025, psnr_urban100=25.575, ssim_b100=0.729, ssim_set14=0.856, ssim_set5=0.910, ssim_urban100=0.957 |
    65 | train=0.029152 | val=nan | lr=0.002 | t_train=13.39 | t_val=12.58 | mem=383.9 | psnr_b100=27.347, psnr_set14=28.038, psnr_set5=31.977, psnr_urban100=25.550, ssim_b100=0.730, ssim_set14=0.856, ssim_set5=0.909, ssim_urban100=0.957 |
    66 | train=0.030254 | val=nan | lr=0.002 | t_train=13.30 | t_val=12.54 | mem=383.9 | psnr_b100=27.360, psnr_set14=28.053, psnr_set5=32.033, psnr_urban100=25.588, ssim_b100=0.730, ssim_set14=0.857, ssim_set5=0.909, ssim_urban100=0.957 |
    67 | train=0.029297 | val=nan | lr=0.002 | t_train=13.33 | t_val=12.60 | mem=383.9 | psnr_b100=27.333, psnr_set14=27.998, psnr_set5=31.981, psnr_urban100=25.446, ssim_b100=0.729, ssim_set14=0.856, ssim_set5=0.909, ssim_urban100=0.957 |
    68 | train=0.029197 | val=nan | lr=0.002 | t_train=13.63 | t_val=12.90 | mem=383.9 | psnr_b100=27.399, psnr_set14=28.038, psnr_set5=31.986, psnr_urban100=25.593, ssim_b100=0.731, ssim_set14=0.857, ssim_set5=0.909, ssim_urban100=0.958 |
    69 | train=0.029994 | val=nan | lr=0.002 | t_train=13.69 | t_val=12.97 | mem=383.9 | psnr_b100=27.362, psnr_set14=27.987, psnr_set5=31.995, psnr_urban100=25.508, ssim_b100=0.730, ssim_set14=0.856, ssim_set5=0.909, ssim_urban100=0.956 |
    70 | train=0.030455 | val=nan | lr=0.002 | t_train=14.43 | t_val=13.61 | mem=383.9 | psnr_b100=27.342, psnr_set14=28.003, psnr_set5=32.005, psnr_urban100=25.532, ssim_b100=0.729, ssim_set14=0.856, ssim_set5=0.909, ssim_urban100=0.957 |
    71 | train=0.031116 | val=nan | lr=0.002 | t_train=14.01 | t_val=13.09 | mem=383.9 | psnr_b100=27.375, psnr_set14=28.068, psnr_set5=32.003, psnr_urban100=25.599, ssim_b100=0.730, ssim_set14=0.857, ssim_set5=0.910, ssim_urban100=0.958 |
    72 | train=0.031325 | val=nan | lr=0.002 | t_train=13.63 | t_val=12.88 | mem=383.9 | psnr_b100=27.326, psnr_set14=27.982, psnr_set5=31.935, psnr_urban100=25.423, ssim_b100=0.728, ssim_set14=0.855, ssim_set5=0.908, ssim_urban100=0.956 |
    73 | train=0.031076 | val=nan | lr=0.002 | t_train=14.06 | t_val=13.28 | mem=383.9 | psnr_b100=27.346, psnr_set14=28.013, psnr_set5=31.920, psnr_urban100=25.495, ssim_b100=0.729, ssim_set14=0.856, ssim_set5=0.908, ssim_urban100=0.957 |
    74 | train=0.030410 | val=nan | lr=0.002 | t_train=14.60 | t_val=13.83 | mem=383.9 | psnr_b100=27.420, psnr_set14=28.093, psnr_set5=32.035, psnr_urban100=25.565, ssim_b100=0.731, ssim_set14=0.857, ssim_set5=0.910, ssim_urban100=0.957 |
    75 | train=0.031076 | val=nan | lr=0.002 | t_train=27.33 | t_val=26.41 | mem=383.9 | psnr_b100=27.365, psnr_set14=27.994, psnr_set5=31.921, psnr_urban100=25.564, ssim_b100=0.729, ssim_set14=0.856, ssim_set5=0.908, ssim_urban100=0.958 |
    76 | train=0.029243 | val=nan | lr=0.002 | t_train=55.55 | t_val=54.48 | mem=383.9 | psnr_b100=27.349, psnr_set14=27.941, psnr_set5=31.859, psnr_urban100=25.463, ssim_b100=0.730, ssim_set14=0.856, ssim_set5=0.908, ssim_urban100=0.957 |
    77 | train=0.030604 | val=nan | lr=0.002 | t_train=15.94 | t_val=14.27 | mem=383.9 | psnr_b100=27.394, psnr_set14=28.052, psnr_set5=31.971, psnr_urban100=25.556, ssim_b100=0.731, ssim_set14=0.857, ssim_set5=0.909, ssim_urban100=0.958 |
    78 | train=0.033288 | val=nan | lr=0.002 | t_train=13.32 | t_val=12.61 | mem=383.9 | psnr_b100=27.314, psnr_set14=27.952, psnr_set5=31.802, psnr_urban100=25.435, ssim_b100=0.728, ssim_set14=0.855, ssim_set5=0.906, ssim_urban100=0.956 |
    79 | train=0.029596 | val=nan | lr=0.002 | t_train=14.15 | t_val=13.41 | mem=383.9 | psnr_b100=27.376, psnr_set14=28.006, psnr_set5=31.942, psnr_urban100=25.529, ssim_b100=0.730, ssim_set14=0.856, ssim_set5=0.908, ssim_urban100=0.957 |
    80 | train=0.030582 | val=nan | lr=0.002 | t_train=14.60 | t_val=13.76 | mem=383.9 | psnr_b100=27.358, psnr_set14=27.969, psnr_set5=31.873, psnr_urban100=25.509, ssim_b100=0.729, ssim_set14=0.855, ssim_set5=0.907, ssim_urban100=0.957 |
    81 | train=0.028242 | val=nan | lr=0.002 | t_train=14.32 | t_val=13.49 | mem=383.9 | psnr_b100=27.374, psnr_set14=28.042, psnr_set5=31.927, psnr_urban100=25.531, ssim_b100=0.730, ssim_set14=0.856, ssim_set5=0.908, ssim_urban100=0.957 |
    82 | train=0.028038 | val=nan | lr=0.002 | t_train=14.41 | t_val=13.61 | mem=383.9 | psnr_b100=27.341, psnr_set14=27.985, psnr_set5=31.842, psnr_urban100=25.447, ssim_b100=0.729, ssim_set14=0.855, ssim_set5=0.906, ssim_urban100=0.956 |
    83 | train=0.027987 | val=nan | lr=0.002 | t_train=15.11 | t_val=14.35 | mem=383.9 | psnr_b100=27.357, psnr_set14=27.966, psnr_set5=31.848, psnr_urban100=25.498, ssim_b100=0.729, ssim_set14=0.855, ssim_set5=0.907, ssim_urban100=0.957 |
    84 | train=0.026825 | val=nan | lr=0.002 | t_train=27.03 | t_val=26.26 | mem=383.9 | psnr_b100=27.347, psnr_set14=27.958, psnr_set5=31.831, psnr_urban100=25.385, ssim_b100=0.729, ssim_set14=0.855, ssim_set5=0.907, ssim_urban100=0.956 |
    85 | train=0.026376 | val=nan | lr=0.002 | t_train=25.75 | t_val=24.22 | mem=383.9 | psnr_b100=27.280, psnr_set14=27.875, psnr_set5=31.686, psnr_urban100=25.271, ssim_b100=0.727, ssim_set14=0.854, ssim_set5=0.905, ssim_urban100=0.955 |
    86 | train=0.026730 | val=nan | lr=0.002 | t_train=26.28 | t_val=25.34 | mem=383.9 | psnr_b100=27.384, psnr_set14=27.973, psnr_set5=31.797, psnr_urban100=25.466, ssim_b100=0.730, ssim_set14=0.856, ssim_set5=0.907, ssim_urban100=0.956 |
    87 | train=0.025286 | val=nan | lr=0.002 | t_train=25.83 | t_val=24.38 | mem=383.9 | psnr_b100=27.287, psnr_set14=27.882, psnr_set5=31.635, psnr_urban100=25.276, ssim_b100=0.728, ssim_set14=0.854, ssim_set5=0.904, ssim_urban100=0.954 |
    88 | train=0.025073 | val=nan | lr=0.002 | t_train=25.62 | t_val=24.27 | mem=383.9 | psnr_b100=27.311, psnr_set14=27.900, psnr_set5=31.717, psnr_urban100=25.365, ssim_b100=0.728, ssim_set14=0.854, ssim_set5=0.905, ssim_urban100=0.956 |
    89 | train=0.024644 | val=nan | lr=0.002 | t_train=26.14 | t_val=25.34 | mem=383.9 | psnr_b100=27.208, psnr_set14=27.849, psnr_set5=31.539, psnr_urban100=25.204, ssim_b100=0.725, ssim_set14=0.853, ssim_set5=0.903, ssim_urban100=0.953 |
    90 | train=0.023115 | val=nan | lr=0.002 | t_train=25.73 | t_val=24.64 | mem=383.9 | psnr_b100=27.226, psnr_set14=27.860, psnr_set5=31.467, psnr_urban100=25.252, ssim_b100=0.726, ssim_set14=0.853, ssim_set5=0.902, ssim_urban100=0.954 |
    91 | train=0.024078 | val=nan | lr=0.002 | t_train=26.04 | t_val=25.14 | mem=383.9 | psnr_b100=27.194, psnr_set14=27.790, psnr_set5=31.493, psnr_urban100=25.162, ssim_b100=0.724, ssim_set14=0.852, ssim_set5=0.903, ssim_urban100=0.952 |
    92 | train=0.023326 | val=nan | lr=0.002 | t_train=13.06 | t_val=12.33 | mem=383.9 | psnr_b100=27.200, psnr_set14=27.807, psnr_set5=31.630, psnr_urban100=25.182, ssim_b100=0.725, ssim_set14=0.852, ssim_set5=0.904, ssim_urban100=0.953 |
    93 | train=0.021060 | val=nan | lr=0.002 | t_train=13.13 | t_val=12.43 | mem=383.9 | psnr_b100=27.197, psnr_set14=27.767, psnr_set5=31.477, psnr_urban100=25.129, ssim_b100=0.725, ssim_set14=0.852, ssim_set5=0.902, ssim_urban100=0.953 |
    94 | train=0.021906 | val=nan | lr=0.002 | t_train=13.12 | t_val=12.41 | mem=383.9 | psnr_b100=27.217, psnr_set14=27.810, psnr_set5=31.648, psnr_urban100=25.235, ssim_b100=0.726, ssim_set14=0.852, ssim_set5=0.905, ssim_urban100=0.954 |
    95 | train=0.018949 | val=nan | lr=0.002 | t_train=13.15 | t_val=12.41 | mem=383.9 | psnr_b100=27.242, psnr_set14=27.848, psnr_set5=31.601, psnr_urban100=25.210, ssim_b100=0.726, ssim_set14=0.853, ssim_set5=0.904, ssim_urban100=0.953 |
    96 | train=0.018587 | val=nan | lr=0.002 | t_train=13.48 | t_val=12.78 | mem=383.9 | psnr_b100=27.219, psnr_set14=27.803, psnr_set5=31.581, psnr_urban100=25.205, ssim_b100=0.725, ssim_set14=0.853, ssim_set5=0.904, ssim_urban100=0.953 |
    97 | train=0.021727 | val=nan | lr=0.002 | t_train=13.97 | t_val=13.11 | mem=383.9 | psnr_b100=27.146, psnr_set14=27.704, psnr_set5=31.433, psnr_urban100=25.058, ssim_b100=0.723, ssim_set14=0.851, ssim_set5=0.902, ssim_urban100=0.951 |
    98 | train=0.019402 | val=nan | lr=0.002 | t_train=13.74 | t_val=13.01 | mem=383.9 | psnr_b100=27.104, psnr_set14=27.698, psnr_set5=31.459, psnr_urban100=24.966, ssim_b100=0.722, ssim_set14=0.851, ssim_set5=0.903, ssim_urban100=0.949 |
    99 | train=0.017570 | val=nan | lr=0.002 | t_train=13.54 | t_val=12.79 | mem=383.9 | psnr_b100=27.180, psnr_set14=27.763, psnr_set5=31.520, psnr_urban100=25.075, ssim_b100=0.724, ssim_set14=0.852, ssim_set5=0.903, ssim_urban100=0.951 |
   100 | train=0.016771 | val=nan | lr=0.002 | t_train=13.49 | t_val=12.74 | mem=383.9 | psnr_b100=27.013, psnr_set14=27.523, psnr_set5=31.269, psnr_urban100=24.777, ssim_b100=0.719, ssim_set14=0.847, ssim_set5=0.899, ssim_urban100=0.947 |
   101 | train=0.014860 | val=nan | lr=0.002 | t_train=13.20 | t_val=12.51 | mem=383.9 | psnr_b100=27.097, psnr_set14=27.639, psnr_set5=31.396, psnr_urban100=24.935, ssim_b100=0.722, ssim_set14=0.850, ssim_set5=0.902, ssim_urban100=0.950 |
   102 | train=0.014877 | val=nan | lr=0.002 | t_train=13.19 | t_val=12.49 | mem=383.9 | psnr_b100=27.098, psnr_set14=27.619, psnr_set5=31.320, psnr_urban100=24.945, ssim_b100=0.722, ssim_set14=0.849, ssim_set5=0.902, ssim_urban100=0.950 |
   103 | train=0.014780 | val=nan | lr=0.002 | t_train=13.19 | t_val=12.47 | mem=383.9 | psnr_b100=27.023, psnr_set14=27.453, psnr_set5=31.243, psnr_urban100=24.705, ssim_b100=0.720, ssim_set14=0.847, ssim_set5=0.899, ssim_urban100=0.947 |
   104 | train=0.012417 | val=nan | lr=0.002 | t_train=13.01 | t_val=12.30 | mem=383.9 | psnr_b100=27.070, psnr_set14=27.670, psnr_set5=31.299, psnr_urban100=24.859, ssim_b100=0.721, ssim_set14=0.849, ssim_set5=0.900, ssim_urban100=0.948 |
   105 | train=0.012001 | val=nan | lr=0.002 | t_train=13.05 | t_val=12.32 | mem=383.9 | psnr_b100=27.030, psnr_set14=27.451, psnr_set5=31.221, psnr_urban100=24.735, ssim_b100=0.719, ssim_set14=0.846, ssim_set5=0.898, ssim_urban100=0.947 |
   106 | train=0.012584 | val=nan | lr=0.002 | t_train=13.14 | t_val=12.40 | mem=383.9 | psnr_b100=26.949, psnr_set14=27.370, psnr_set5=31.041, psnr_urban100=24.685, ssim_b100=0.717, ssim_set14=0.845, ssim_set5=0.894, ssim_urban100=0.946 |
   107 | train=0.010371 | val=nan | lr=0.002 | t_train=13.06 | t_val=12.37 | mem=383.9 | psnr_b100=27.030, psnr_set14=27.473, psnr_set5=31.207, psnr_urban100=24.802, ssim_b100=0.720, ssim_set14=0.847, ssim_set5=0.896, ssim_urban100=0.948 |
   108 | train=0.011430 | val=nan | lr=0.002 | t_train=13.15 | t_val=12.43 | mem=383.9 | psnr_b100=27.043, psnr_set14=27.519, psnr_set5=31.270, psnr_urban100=24.826, ssim_b100=0.720, ssim_set14=0.847, ssim_set5=0.898, ssim_urban100=0.948 |
   109 | train=0.009584 | val=nan | lr=0.002 | t_train=13.27 | t_val=12.53 | mem=383.9 | psnr_b100=26.875, psnr_set14=27.282, psnr_set5=31.014, psnr_urban100=24.571, ssim_b100=0.715, ssim_set14=0.843, ssim_set5=0.894, ssim_urban100=0.944 |
   110 | train=0.011893 | val=nan | lr=0.002 | t_train=13.07 | t_val=12.36 | mem=383.9 | psnr_b100=26.940, psnr_set14=27.492, psnr_set5=31.276, psnr_urban100=24.758, ssim_b100=0.716, ssim_set14=0.845, ssim_set5=0.900, ssim_urban100=0.946 |
   111 | train=0.011224 | val=nan | lr=0.002 | t_train=13.05 | t_val=12.34 | mem=383.9 | psnr_b100=27.018, psnr_set14=27.513, psnr_set5=31.220, psnr_urban100=24.836, ssim_b100=0.719, ssim_set14=0.847, ssim_set5=0.898, ssim_urban100=0.948 |
   112 | train=0.009717 | val=nan | lr=0.002 | t_train=13.02 | t_val=12.33 | mem=383.9 | psnr_b100=26.959, psnr_set14=27.437, psnr_set5=31.118, psnr_urban100=24.751, ssim_b100=0.717, ssim_set14=0.846, ssim_set5=0.894, ssim_urban100=0.947 |
   113 | train=0.009246 | val=nan | lr=0.002 | t_train=13.14 | t_val=12.44 | mem=383.9 | psnr_b100=27.011, psnr_set14=27.571, psnr_set5=31.217, psnr_urban100=24.828, ssim_b100=0.719, ssim_set14=0.849, ssim_set5=0.899, ssim_urban100=0.948 |
   114 | train=0.009022 | val=nan | lr=0.002 | t_train=13.13 | t_val=12.41 | mem=383.9 | psnr_b100=26.940, psnr_set14=27.405, psnr_set5=31.007, psnr_urban100=24.751, ssim_b100=0.716, ssim_set14=0.846, ssim_set5=0.893, ssim_urban100=0.947 |
   115 | train=0.009575 | val=nan | lr=0.002 | t_train=13.07 | t_val=12.34 | mem=383.9 | psnr_b100=26.911, psnr_set14=27.398, psnr_set5=31.061, psnr_urban100=24.688, ssim_b100=0.715, ssim_set14=0.846, ssim_set5=0.897, ssim_urban100=0.946 |
   116 | train=0.007702 | val=nan | lr=0.002 | t_train=13.13 | t_val=12.39 | mem=383.9 | psnr_b100=26.916, psnr_set14=27.352, psnr_set5=31.077, psnr_urban100=24.641, ssim_b100=0.716, ssim_set14=0.844, ssim_set5=0.895, ssim_urban100=0.946 |
   117 | train=0.009631 | val=nan | lr=0.002 | t_train=13.21 | t_val=12.40 | mem=383.9 | psnr_b100=26.919, psnr_set14=27.394, psnr_set5=31.024, psnr_urban100=24.697, ssim_b100=0.715, ssim_set14=0.845, ssim_set5=0.893, ssim_urban100=0.946 |
   118 | train=0.009547 | val=nan | lr=0.002 | t_train=13.06 | t_val=12.36 | mem=383.9 | psnr_b100=27.066, psnr_set14=27.562, psnr_set5=31.310, psnr_urban100=24.890, ssim_b100=0.721, ssim_set14=0.849, ssim_set5=0.899, ssim_urban100=0.949 |
   119 | train=0.008800 | val=nan | lr=0.002 | t_train=13.05 | t_val=12.34 | mem=383.9 | psnr_b100=26.608, psnr_set14=26.997, psnr_set5=30.470, psnr_urban100=24.365, ssim_b100=0.706, ssim_set14=0.836, ssim_set5=0.882, ssim_urban100=0.941 |
   120 | train=0.009458 | val=nan | lr=0.002 | t_train=13.08 | t_val=12.38 | mem=383.9 | psnr_b100=26.897, psnr_set14=27.306, psnr_set5=31.084, psnr_urban100=24.576, ssim_b100=0.717, ssim_set14=0.844, ssim_set5=0.897, ssim_urban100=0.945 |
   121 | train=0.008781 | val=nan | lr=0.002 | t_train=13.17 | t_val=12.45 | mem=383.9 | psnr_b100=26.971, psnr_set14=27.367, psnr_set5=31.220, psnr_urban100=24.617, ssim_b100=0.718, ssim_set14=0.844, ssim_set5=0.897, ssim_urban100=0.945 |
   122 | train=0.008042 | val=nan | lr=0.002 | t_train=13.13 | t_val=12.42 | mem=383.9 | psnr_b100=27.036, psnr_set14=27.534, psnr_set5=31.317, psnr_urban100=24.845, ssim_b100=0.719, ssim_set14=0.847, ssim_set5=0.898, ssim_urban100=0.949 |
   123 | train=0.009177 | val=nan | lr=0.002 | t_train=12.76 | t_val=12.05 | mem=383.9 | psnr_b100=26.937, psnr_set14=27.342, psnr_set5=31.099, psnr_urban100=24.690, ssim_b100=0.717, ssim_set14=0.845, ssim_set5=0.894, ssim_urban100=0.947 |
   124 | train=0.009189 | val=nan | lr=0.002 | t_train=12.68 | t_val=12.02 | mem=383.9 | psnr_b100=26.736, psnr_set14=27.091, psnr_set5=30.666, psnr_urban100=24.413, ssim_b100=0.710, ssim_set14=0.838, ssim_set5=0.887, ssim_urban100=0.942 |
   125 | train=0.008222 | val=nan | lr=0.002 | t_train=12.74 | t_val=12.09 | mem=383.9 | psnr_b100=26.850, psnr_set14=27.266, psnr_set5=31.073, psnr_urban100=24.533, ssim_b100=0.714, ssim_set14=0.842, ssim_set5=0.895, ssim_urban100=0.944 |
   126 | train=0.008505 | val=nan | lr=0.002 | t_train=12.74 | t_val=12.07 | mem=383.9 | psnr_b100=26.811, psnr_set14=27.120, psnr_set5=30.862, psnr_urban100=24.402, ssim_b100=0.712, ssim_set14=0.839, ssim_set5=0.890, ssim_urban100=0.942 |
   127 | train=0.008051 | val=nan | lr=0.002 | t_train=12.70 | t_val=12.03 | mem=383.9 | psnr_b100=26.968, psnr_set14=27.393, psnr_set5=31.160, psnr_urban100=24.660, ssim_b100=0.718, ssim_set14=0.846, ssim_set5=0.896, ssim_urban100=0.946 |
   128 | train=0.008928 | val=nan | lr=0.002 | t_train=12.80 | t_val=12.06 | mem=383.9 | psnr_b100=26.826, psnr_set14=27.183, psnr_set5=30.963, psnr_urban100=24.449, ssim_b100=0.713, ssim_set14=0.841, ssim_set5=0.892, ssim_urban100=0.943 |
   129 | train=0.008559 | val=nan | lr=0.002 | t_train=12.68 | t_val=12.03 | mem=383.9 | psnr_b100=26.942, psnr_set14=27.380, psnr_set5=31.177, psnr_urban100=24.614, ssim_b100=0.716, ssim_set14=0.844, ssim_set5=0.896, ssim_urban100=0.945 |
   130 | train=0.010432 | val=nan | lr=0.002 | t_train=12.65 | t_val=11.99 | mem=383.9 | psnr_b100=26.892, psnr_set14=27.279, psnr_set5=30.921, psnr_urban100=24.542, ssim_b100=0.715, ssim_set14=0.843, ssim_set5=0.890, ssim_urban100=0.944 |
   131 | train=0.009690 | val=nan | lr=0.002 | t_train=12.68 | t_val=12.03 | mem=383.9 | psnr_b100=26.905, psnr_set14=27.316, psnr_set5=31.082, psnr_urban100=24.570, ssim_b100=0.715, ssim_set14=0.843, ssim_set5=0.893, ssim_urban100=0.944 |
   132 | train=0.009912 | val=nan | lr=0.002 | t_train=12.72 | t_val=12.06 | mem=383.9 | psnr_b100=27.026, psnr_set14=27.512, psnr_set5=31.282, psnr_urban100=24.759, ssim_b100=0.719, ssim_set14=0.847, ssim_set5=0.897, ssim_urban100=0.948 |
   133 | train=0.009196 | val=nan | lr=0.002 | t_train=12.73 | t_val=12.06 | mem=383.9 | psnr_b100=26.968, psnr_set14=27.465, psnr_set5=31.176, psnr_urban100=24.643, ssim_b100=0.717, ssim_set14=0.846, ssim_set5=0.895, ssim_urban100=0.946 |
   134 | train=0.009134 | val=nan | lr=0.002 | t_train=12.68 | t_val=12.03 | mem=383.9 | psnr_b100=27.019, psnr_set14=27.413, psnr_set5=31.148, psnr_urban100=24.675, ssim_b100=0.719, ssim_set14=0.846, ssim_set5=0.893, ssim_urban100=0.947 |
   135 | train=0.009514 | val=nan | lr=0.002 | t_train=12.69 | t_val=12.03 | mem=383.9 | psnr_b100=26.958, psnr_set14=27.385, psnr_set5=31.036, psnr_urban100=24.592, ssim_b100=0.717, ssim_set14=0.844, ssim_set5=0.892, ssim_urban100=0.945 |
   136 | train=0.009779 | val=nan | lr=0.002 | t_train=12.65 | t_val=12.00 | mem=383.9 | psnr_b100=26.918, psnr_set14=27.276, psnr_set5=30.911, psnr_urban100=24.585, ssim_b100=0.714, ssim_set14=0.842, ssim_set5=0.888, ssim_urban100=0.945 |
   137 | train=0.008761 | val=nan | lr=0.002 | t_train=12.68 | t_val=12.02 | mem=383.9 | psnr_b100=26.920, psnr_set14=27.432, psnr_set5=31.084, psnr_urban100=24.650, ssim_b100=0.715, ssim_set14=0.845, ssim_set5=0.892, ssim_urban100=0.946 |
   138 | train=0.008725 | val=nan | lr=0.002 | t_train=12.67 | t_val=12.01 | mem=383.9 | psnr_b100=26.955, psnr_set14=27.455, psnr_set5=31.219, psnr_urban100=24.723, ssim_b100=0.717, ssim_set14=0.846, ssim_set5=0.896, ssim_urban100=0.947 |
   139 | train=0.008277 | val=nan | lr=0.002 | t_train=12.65 | t_val=12.01 | mem=383.9 | psnr_b100=26.793, psnr_set14=27.228, psnr_set5=30.942, psnr_urban100=24.472, ssim_b100=0.712, ssim_set14=0.841, ssim_set5=0.892, ssim_urban100=0.943 |
   140 | train=0.007611 | val=nan | lr=0.002 | t_train=12.71 | t_val=12.05 | mem=383.9 | psnr_b100=26.900, psnr_set14=27.322, psnr_set5=30.952, psnr_urban100=24.600, ssim_b100=0.715, ssim_set14=0.844, ssim_set5=0.891, ssim_urban100=0.946 |
   141 | train=0.008312 | val=nan | lr=0.002 | t_train=12.70 | t_val=12.05 | mem=383.9 | psnr_b100=27.030, psnr_set14=27.574, psnr_set5=31.311, psnr_urban100=24.762, ssim_b100=0.719, ssim_set14=0.848, ssim_set5=0.897, ssim_urban100=0.948 |
   142 | train=0.009833 | val=nan | lr=0.002 | t_train=12.78 | t_val=12.05 | mem=383.9 | psnr_b100=26.909, psnr_set14=27.362, psnr_set5=31.044, psnr_urban100=24.578, ssim_b100=0.716, ssim_set14=0.844, ssim_set5=0.892, ssim_urban100=0.945 |
   143 | train=0.009595 | val=nan | lr=0.002 | t_train=12.76 | t_val=12.10 | mem=383.9 | psnr_b100=26.934, psnr_set14=27.340, psnr_set5=31.088, psnr_urban100=24.557, ssim_b100=0.717, ssim_set14=0.844, ssim_set5=0.893, ssim_urban100=0.945 |
   144 | train=0.008148 | val=nan | lr=0.002 | t_train=12.69 | t_val=12.03 | mem=383.9 | psnr_b100=26.981, psnr_set14=27.372, psnr_set5=31.136, psnr_urban100=24.607, ssim_b100=0.718, ssim_set14=0.844, ssim_set5=0.894, ssim_urban100=0.946 |
   145 | train=0.008573 | val=nan | lr=0.002 | t_train=12.67 | t_val=12.02 | mem=383.9 | psnr_b100=26.935, psnr_set14=27.312, psnr_set5=31.027, psnr_urban100=24.534, ssim_b100=0.716, ssim_set14=0.844, ssim_set5=0.891, ssim_urban100=0.945 |
   146 | train=0.008436 | val=nan | lr=0.002 | t_train=12.68 | t_val=12.02 | mem=383.9 | psnr_b100=26.907, psnr_set14=27.338, psnr_set5=31.037, psnr_urban100=24.536, ssim_b100=0.717, ssim_set14=0.844, ssim_set5=0.893, ssim_urban100=0.945 |
   147 | train=0.009197 | val=nan | lr=0.002 | t_train=12.68 | t_val=12.02 | mem=383.9 | psnr_b100=26.893, psnr_set14=27.265, psnr_set5=30.890, psnr_urban100=24.524, ssim_b100=0.717, ssim_set14=0.844, ssim_set5=0.892, ssim_urban100=0.945 |
   148 | train=0.010658 | val=nan | lr=0.002 | t_train=12.73 | t_val=12.06 | mem=383.9 | psnr_b100=26.928, psnr_set14=27.347, psnr_set5=31.012, psnr_urban100=24.525, ssim_b100=0.717, ssim_set14=0.844, ssim_set5=0.892, ssim_urban100=0.945 |
   149 | train=0.008471 | val=nan | lr=0.002 | t_train=12.77 | t_val=12.01 | mem=383.9 | psnr_b100=26.996, psnr_set14=27.462, psnr_set5=31.138, psnr_urban100=24.674, ssim_b100=0.717, ssim_set14=0.845, ssim_set5=0.893, ssim_urban100=0.947 |
   150 | train=0.011544 | val=nan | lr=0.002 | t_train=12.69 | t_val=12.04 | mem=383.9 | psnr_b100=26.958, psnr_set14=27.397, psnr_set5=31.051, psnr_urban100=24.641, ssim_b100=0.717, ssim_set14=0.844, ssim_set5=0.892, ssim_urban100=0.947 |
   151 | train=0.008348 | val=nan | lr=0.002 | t_train=12.71 | t_val=12.05 | mem=383.9 | psnr_b100=26.924, psnr_set14=27.346, psnr_set5=31.018, psnr_urban100=24.604, ssim_b100=0.716, ssim_set14=0.845, ssim_set5=0.891, ssim_urban100=0.945 |
   152 | train=0.010501 | val=nan | lr=0.002 | t_train=12.73 | t_val=12.07 | mem=383.9 | psnr_b100=26.882, psnr_set14=27.266, psnr_set5=30.910, psnr_urban100=24.481, ssim_b100=0.715, ssim_set14=0.843, ssim_set5=0.890, ssim_urban100=0.944 |
   153 | train=0.009316 | val=nan | lr=0.002 | t_train=12.79 | t_val=12.12 | mem=383.9 | psnr_b100=26.899, psnr_set14=27.309, psnr_set5=31.110, psnr_urban100=24.512, ssim_b100=0.715, ssim_set14=0.843, ssim_set5=0.894, ssim_urban100=0.944 |
   154 | train=0.009141 | val=nan | lr=0.002 | t_train=12.70 | t_val=12.04 | mem=383.9 | psnr_b100=27.030, psnr_set14=27.486, psnr_set5=31.250, psnr_urban100=24.734, ssim_b100=0.720, ssim_set14=0.846, ssim_set5=0.896, ssim_urban100=0.947 |
   155 | train=0.009375 | val=nan | lr=0.002 | t_train=12.72 | t_val=12.06 | mem=383.9 | psnr_b100=26.976, psnr_set14=27.451, psnr_set5=31.190, psnr_urban100=24.637, ssim_b100=0.717, ssim_set14=0.846, ssim_set5=0.895, ssim_urban100=0.946 |
   156 | train=0.010045 | val=nan | lr=0.002 | t_train=12.66 | t_val=12.01 | mem=383.9 | psnr_b100=26.960, psnr_set14=27.438, psnr_set5=31.195, psnr_urban100=24.687, ssim_b100=0.717, ssim_set14=0.845, ssim_set5=0.894, ssim_urban100=0.947 |
   157 | train=0.008212 | val=nan | lr=0.002 | t_train=12.75 | t_val=12.10 | mem=383.9 | psnr_b100=26.982, psnr_set14=27.446, psnr_set5=31.138, psnr_urban100=24.657, ssim_b100=0.718, ssim_set14=0.846, ssim_set5=0.894, ssim_urban100=0.947 |
   158 | train=0.009664 | val=nan | lr=0.002 | t_train=12.76 | t_val=12.12 | mem=383.9 | psnr_b100=26.949, psnr_set14=27.384, psnr_set5=31.140, psnr_urban100=24.594, ssim_b100=0.717, ssim_set14=0.845, ssim_set5=0.894, ssim_urban100=0.946 |
   159 | train=0.009047 | val=nan | lr=0.002 | t_train=12.69 | t_val=12.04 | mem=383.9 | psnr_b100=26.978, psnr_set14=27.427, psnr_set5=31.134, psnr_urban100=24.647, ssim_b100=0.718, ssim_set14=0.845, ssim_set5=0.895, ssim_urban100=0.946 |
   160 | train=0.010240 | val=nan | lr=0.002 | t_train=12.87 | t_val=12.13 | mem=383.9 | psnr_b100=26.992, psnr_set14=27.473, psnr_set5=31.195, psnr_urban100=24.673, ssim_b100=0.718, ssim_set14=0.846, ssim_set5=0.896, ssim_urban100=0.947 |
   161 | train=0.008835 | val=nan | lr=0.002 | t_train=12.70 | t_val=12.05 | mem=383.9 | psnr_b100=27.017, psnr_set14=27.523, psnr_set5=31.300, psnr_urban100=24.746, ssim_b100=0.719, ssim_set14=0.847, ssim_set5=0.898, ssim_urban100=0.948 |
   162 | train=0.008007 | val=nan | lr=0.002 | t_train=12.69 | t_val=12.02 | mem=383.9 | psnr_b100=26.948, psnr_set14=27.433, psnr_set5=31.238, psnr_urban100=24.620, ssim_b100=0.716, ssim_set14=0.845, ssim_set5=0.896, ssim_urban100=0.945 |
   163 | train=0.010969 | val=nan | lr=0.002 | t_train=12.70 | t_val=12.04 | mem=383.9 | psnr_b100=26.897, psnr_set14=27.298, psnr_set5=31.062, psnr_urban100=24.491, ssim_b100=0.715, ssim_set14=0.843, ssim_set5=0.892, ssim_urban100=0.944 |
   164 | train=0.010488 | val=nan | lr=0.002 | t_train=12.68 | t_val=12.03 | mem=383.9 | psnr_b100=26.999, psnr_set14=27.450, psnr_set5=31.164, psnr_urban100=24.605, ssim_b100=0.718, ssim_set14=0.846, ssim_set5=0.894, ssim_urban100=0.946 |
   165 | train=0.010550 | val=nan | lr=0.002 | t_train=12.74 | t_val=12.08 | mem=383.9 | psnr_b100=27.021, psnr_set14=27.462, psnr_set5=31.230, psnr_urban100=24.655, ssim_b100=0.719, ssim_set14=0.846, ssim_set5=0.896, ssim_urban100=0.947 |
   166 | train=0.007910 | val=nan | lr=0.002 | t_train=12.63 | t_val=11.98 | mem=383.9 | psnr_b100=26.942, psnr_set14=27.335, psnr_set5=31.091, psnr_urban100=24.564, ssim_b100=0.718, ssim_set14=0.845, ssim_set5=0.896, ssim_urban100=0.946 |
   167 | train=0.008382 | val=nan | lr=0.002 | t_train=12.66 | t_val=12.02 | mem=383.9 | psnr_b100=26.974, psnr_set14=27.457, psnr_set5=31.169, psnr_urban100=24.620, ssim_b100=0.718, ssim_set14=0.845, ssim_set5=0.895, ssim_urban100=0.946 |
   168 | train=0.009776 | val=nan | lr=0.002 | t_train=12.74 | t_val=12.09 | mem=383.9 | psnr_b100=26.946, psnr_set14=27.380, psnr_set5=31.093, psnr_urban100=24.590, ssim_b100=0.717, ssim_set14=0.845, ssim_set5=0.893, ssim_urban100=0.946 |
   169 | train=0.008287 | val=nan | lr=0.002 | t_train=12.81 | t_val=12.15 | mem=383.9 | psnr_b100=27.009, psnr_set14=27.456, psnr_set5=31.193, psnr_urban100=24.692, ssim_b100=0.718, ssim_set14=0.846, ssim_set5=0.894, ssim_urban100=0.947 |
   170 | train=0.008700 | val=nan | lr=0.002 | t_train=12.76 | t_val=12.11 | mem=383.9 | psnr_b100=26.972, psnr_set14=27.427, psnr_set5=31.137, psnr_urban100=24.622, ssim_b100=0.718, ssim_set14=0.845, ssim_set5=0.895, ssim_urban100=0.946 |
   171 | train=0.007477 | val=nan | lr=0.002 | t_train=12.81 | t_val=12.15 | mem=383.9 | psnr_b100=27.044, psnr_set14=27.523, psnr_set5=31.245, psnr_urban100=24.688, ssim_b100=0.719, ssim_set14=0.846, ssim_set5=0.895, ssim_urban100=0.947 |
   172 | train=0.009678 | val=nan | lr=0.002 | t_train=12.80 | t_val=12.14 | mem=383.9 | psnr_b100=27.032, psnr_set14=27.497, psnr_set5=31.218, psnr_urban100=24.707, ssim_b100=0.720, ssim_set14=0.847, ssim_set5=0.896, ssim_urban100=0.948 |
   173 | train=0.009397 | val=nan | lr=0.002 | t_train=12.76 | t_val=12.10 | mem=383.9 | psnr_b100=27.036, psnr_set14=27.510, psnr_set5=31.208, psnr_urban100=24.717, ssim_b100=0.720, ssim_set14=0.846, ssim_set5=0.896, ssim_urban100=0.948 |
   174 | train=0.008154 | val=nan | lr=0.002 | t_train=12.80 | t_val=12.15 | mem=383.9 | psnr_b100=26.992, psnr_set14=27.462, psnr_set5=31.182, psnr_urban100=24.666, ssim_b100=0.718, ssim_set14=0.846, ssim_set5=0.895, ssim_urban100=0.947 |
   175 | train=0.008417 | val=nan | lr=0.002 | t_train=12.84 | t_val=12.17 | mem=383.9 | psnr_b100=26.922, psnr_set14=27.362, psnr_set5=31.002, psnr_urban100=24.563, ssim_b100=0.717, ssim_set14=0.845, ssim_set5=0.893, ssim_urban100=0.945 |
   176 | train=0.009113 | val=nan | lr=0.002 | t_train=12.75 | t_val=12.10 | mem=383.9 | psnr_b100=26.986, psnr_set14=27.413, psnr_set5=31.081, psnr_urban100=24.646, ssim_b100=0.718, ssim_set14=0.845, ssim_set5=0.893, ssim_urban100=0.946 |
   177 | train=0.007297 | val=nan | lr=0.002 | t_train=12.75 | t_val=12.10 | mem=383.9 | psnr_b100=26.942, psnr_set14=27.371, psnr_set5=31.043, psnr_urban100=24.616, ssim_b100=0.717, ssim_set14=0.844, ssim_set5=0.892, ssim_urban100=0.946 |
   178 | train=0.007613 | val=nan | lr=0.002 | t_train=12.82 | t_val=12.18 | mem=383.9 | psnr_b100=27.012, psnr_set14=27.474, psnr_set5=31.177, psnr_urban100=24.705, ssim_b100=0.719, ssim_set14=0.846, ssim_set5=0.894, ssim_urban100=0.947 |
   179 | train=0.008003 | val=nan | lr=0.002 | t_train=12.78 | t_val=12.11 | mem=383.9 | psnr_b100=27.058, psnr_set14=27.560, psnr_set5=31.244, psnr_urban100=24.756, ssim_b100=0.721, ssim_set14=0.848, ssim_set5=0.895, ssim_urban100=0.947 |
   180 | train=0.008192 | val=nan | lr=0.002 | t_train=12.81 | t_val=12.12 | mem=383.9 | psnr_b100=26.968, psnr_set14=27.392, psnr_set5=31.068, psnr_urban100=24.650, ssim_b100=0.718, ssim_set14=0.845, ssim_set5=0.892, ssim_urban100=0.946 |
   181 | train=0.007750 | val=nan | lr=0.002 | t_train=12.80 | t_val=12.14 | mem=383.9 | psnr_b100=27.027, psnr_set14=27.474, psnr_set5=31.214, psnr_urban100=24.730, ssim_b100=0.719, ssim_set14=0.846, ssim_set5=0.895, ssim_urban100=0.948 |
   182 | train=0.008950 | val=nan | lr=0.002 | t_train=12.91 | t_val=12.16 | mem=383.9 | psnr_b100=26.985, psnr_set14=27.458, psnr_set5=31.124, psnr_urban100=24.681, ssim_b100=0.719, ssim_set14=0.846, ssim_set5=0.893, ssim_urban100=0.947 |
   183 | train=0.007225 | val=nan | lr=0.002 | t_train=12.81 | t_val=12.11 | mem=383.9 | psnr_b100=27.025, psnr_set14=27.434, psnr_set5=31.265, psnr_urban100=24.674, ssim_b100=0.719, ssim_set14=0.845, ssim_set5=0.896, ssim_urban100=0.947 |
   184 | train=0.007450 | val=nan | lr=0.002 | t_train=12.78 | t_val=12.12 | mem=383.9 | psnr_b100=26.971, psnr_set14=27.395, psnr_set5=31.144, psnr_urban100=24.649, ssim_b100=0.717, ssim_set14=0.844, ssim_set5=0.893, ssim_urban100=0.946 |
   185 | train=0.008252 | val=nan | lr=0.002 | t_train=12.81 | t_val=12.13 | mem=383.9 | psnr_b100=27.005, psnr_set14=27.441, psnr_set5=31.207, psnr_urban100=24.687, ssim_b100=0.718, ssim_set14=0.845, ssim_set5=0.894, ssim_urban100=0.946 |
   186 | train=0.011256 | val=nan | lr=0.002 | t_train=12.66 | t_val=12.00 | mem=383.9 | psnr_b100=26.993, psnr_set14=27.435, psnr_set5=31.191, psnr_urban100=24.679, ssim_b100=0.718, ssim_set14=0.846, ssim_set5=0.895, ssim_urban100=0.946 |
   187 | train=0.009861 | val=nan | lr=0.002 | t_train=12.73 | t_val=12.08 | mem=383.9 | psnr_b100=27.010, psnr_set14=27.455, psnr_set5=31.167, psnr_urban100=24.743, ssim_b100=0.719, ssim_set14=0.846, ssim_set5=0.894, ssim_urban100=0.948 |
   188 | train=0.008099 | val=nan | lr=0.002 | t_train=12.78 | t_val=12.13 | mem=383.9 | psnr_b100=27.004, psnr_set14=27.493, psnr_set5=31.205, psnr_urban100=24.738, ssim_b100=0.718, ssim_set14=0.847, ssim_set5=0.895, ssim_urban100=0.948 |
   189 | train=0.009592 | val=nan | lr=0.002 | t_train=12.88 | t_val=12.23 | mem=383.9 | psnr_b100=26.958, psnr_set14=27.406, psnr_set5=31.090, psnr_urban100=24.665, ssim_b100=0.717, ssim_set14=0.845, ssim_set5=0.893, ssim_urban100=0.947 |
   190 | train=0.008924 | val=nan | lr=0.002 | t_train=12.83 | t_val=12.18 | mem=383.9 | psnr_b100=26.972, psnr_set14=27.476, psnr_set5=31.132, psnr_urban100=24.685, ssim_b100=0.719, ssim_set14=0.847, ssim_set5=0.895, ssim_urban100=0.947 |
   191 | train=0.007109 | val=nan | lr=0.002 | t_train=12.92 | t_val=12.19 | mem=383.9 | psnr_b100=27.063, psnr_set14=27.551, psnr_set5=31.341, psnr_urban100=24.780, ssim_b100=0.720, ssim_set14=0.848, ssim_set5=0.898, ssim_urban100=0.948 |
   192 | train=0.006953 | val=nan | lr=0.002 | t_train=12.79 | t_val=12.12 | mem=383.9 | psnr_b100=26.952, psnr_set14=27.388, psnr_set5=31.111, psnr_urban100=24.630, ssim_b100=0.716, ssim_set14=0.844, ssim_set5=0.892, ssim_urban100=0.946 |
   193 | train=0.007175 | val=nan | lr=0.002 | t_train=12.78 | t_val=12.12 | mem=383.9 | psnr_b100=26.972, psnr_set14=27.407, psnr_set5=31.097, psnr_urban100=24.640, ssim_b100=0.717, ssim_set14=0.845, ssim_set5=0.893, ssim_urban100=0.946 |
   194 | train=0.008092 | val=nan | lr=0.002 | t_train=12.69 | t_val=12.04 | mem=383.9 | psnr_b100=27.068, psnr_set14=27.516, psnr_set5=31.285, psnr_urban100=24.764, ssim_b100=0.720, ssim_set14=0.847, ssim_set5=0.897, ssim_urban100=0.948 |
   195 | train=0.007146 | val=nan | lr=0.002 | t_train=13.02 | t_val=12.34 | mem=383.9 | psnr_b100=27.016, psnr_set14=27.456, psnr_set5=31.224, psnr_urban100=24.671, ssim_b100=0.719, ssim_set14=0.846, ssim_set5=0.896, ssim_urban100=0.947 |
   196 | train=0.008668 | val=nan | lr=0.002 | t_train=12.78 | t_val=12.13 | mem=383.9 | psnr_b100=26.975, psnr_set14=27.370, psnr_set5=31.099, psnr_urban100=24.631, ssim_b100=0.718, ssim_set14=0.844, ssim_set5=0.892, ssim_urban100=0.946 |
   197 | train=0.008441 | val=nan | lr=0.002 | t_train=12.80 | t_val=12.14 | mem=383.9 | psnr_b100=26.992, psnr_set14=27.389, psnr_set5=31.096, psnr_urban100=24.681, ssim_b100=0.718, ssim_set14=0.845, ssim_set5=0.892, ssim_urban100=0.947 |
   198 | train=0.007546 | val=nan | lr=0.002 | t_train=12.84 | t_val=12.17 | mem=383.9 | psnr_b100=27.047, psnr_set14=27.488, psnr_set5=31.234, psnr_urban100=24.742, ssim_b100=0.720, ssim_set14=0.846, ssim_set5=0.896, ssim_urban100=0.948 |
   199 | train=0.010480 | val=nan | lr=0.002 | t_train=12.79 | t_val=12.13 | mem=383.9 | psnr_b100=26.883, psnr_set14=27.225, psnr_set5=30.873, psnr_urban100=24.493, ssim_b100=0.716, ssim_set14=0.842, ssim_set5=0.890, ssim_urban100=0.945 |
   200 | train=0.009462 | val=nan | lr=0.002 | t_train=12.86 | t_val=12.20 | mem=383.9 | psnr_b100=27.008, psnr_set14=27.449, psnr_set5=31.116, psnr_urban100=24.723, ssim_b100=0.718, ssim_set14=0.845, ssim_set5=0.893, ssim_urban100=0.948 |
   201 | train=0.009246 | val=nan | lr=0.002 | t_train=12.78 | t_val=12.09 | mem=383.9 | psnr_b100=27.019, psnr_set14=27.456, psnr_set5=31.172, psnr_urban100=24.686, ssim_b100=0.718, ssim_set14=0.846, ssim_set5=0.894, ssim_urban100=0.947 |
   202 | train=0.008998 | val=nan | lr=0.002 | t_train=12.76 | t_val=12.11 | mem=383.9 | psnr_b100=27.043, psnr_set14=27.499, psnr_set5=31.201, psnr_urban100=24.753, ssim_b100=0.719, ssim_set14=0.846, ssim_set5=0.894, ssim_urban100=0.948 |
   203 | train=0.007701 | val=nan | lr=0.002 | t_train=13.00 | t_val=12.34 | mem=383.9 | psnr_b100=26.995, psnr_set14=27.422, psnr_set5=31.170, psnr_urban100=24.658, ssim_b100=0.718, ssim_set14=0.845, ssim_set5=0.894, ssim_urban100=0.946 |
   204 | train=0.007183 | val=nan | lr=0.002 | t_train=12.80 | t_val=12.13 | mem=383.9 | psnr_b100=26.963, psnr_set14=27.410, psnr_set5=31.123, psnr_urban100=24.678, ssim_b100=0.717, ssim_set14=0.845, ssim_set5=0.895, ssim_urban100=0.947 |
   205 | train=0.006871 | val=nan | lr=0.002 | t_train=12.76 | t_val=12.11 | mem=383.9 | psnr_b100=26.974, psnr_set14=27.391, psnr_set5=31.053, psnr_urban100=24.697, ssim_b100=0.717, ssim_set14=0.845, ssim_set5=0.892, ssim_urban100=0.948 |
   206 | train=0.008474 | val=nan | lr=0.002 | t_train=12.80 | t_val=12.15 | mem=383.9 | psnr_b100=27.039, psnr_set14=27.428, psnr_set5=31.128, psnr_urban100=24.762, ssim_b100=0.720, ssim_set14=0.846, ssim_set5=0.895, ssim_urban100=0.949 |
   207 | train=0.010138 | val=nan | lr=0.002 | t_train=12.79 | t_val=12.13 | mem=383.9 | psnr_b100=26.983, psnr_set14=27.389, psnr_set5=31.027, psnr_urban100=24.688, ssim_b100=0.719, ssim_set14=0.846, ssim_set5=0.893, ssim_urban100=0.948 |
   208 | train=0.007603 | val=nan | lr=0.002 | t_train=12.79 | t_val=12.12 | mem=383.9 | psnr_b100=26.983, psnr_set14=27.364, psnr_set5=31.030, psnr_urban100=24.665, ssim_b100=0.718, ssim_set14=0.845, ssim_set5=0.891, ssim_urban100=0.948 |
   209 | train=0.008580 | val=nan | lr=0.002 | t_train=12.78 | t_val=12.13 | mem=383.9 | psnr_b100=26.979, psnr_set14=27.413, psnr_set5=31.107, psnr_urban100=24.730, ssim_b100=0.718, ssim_set14=0.845, ssim_set5=0.892, ssim_urban100=0.948 |
   210 | train=0.010558 | val=nan | lr=0.002 | t_train=12.78 | t_val=12.11 | mem=383.9 | psnr_b100=26.994, psnr_set14=27.406, psnr_set5=31.157, psnr_urban100=24.667, ssim_b100=0.718, ssim_set14=0.845, ssim_set5=0.894, ssim_urban100=0.948 |
   211 | train=0.008208 | val=nan | lr=0.002 | t_train=12.79 | t_val=12.14 | mem=383.9 | psnr_b100=27.029, psnr_set14=27.501, psnr_set5=31.213, psnr_urban100=24.726, ssim_b100=0.719, ssim_set14=0.847, ssim_set5=0.896, ssim_urban100=0.947 |
   212 | train=0.007874 | val=nan | lr=0.002 | t_train=12.69 | t_val=12.03 | mem=383.9 | psnr_b100=26.955, psnr_set14=27.338, psnr_set5=31.069, psnr_urban100=24.597, ssim_b100=0.717, ssim_set14=0.844, ssim_set5=0.893, ssim_urban100=0.946 |
   213 | train=0.007143 | val=nan | lr=0.002 | t_train=12.81 | t_val=12.16 | mem=383.9 | psnr_b100=26.963, psnr_set14=27.373, psnr_set5=31.031, psnr_urban100=24.604, ssim_b100=0.717, ssim_set14=0.844, ssim_set5=0.891, ssim_urban100=0.946 |
   214 | train=0.008239 | val=nan | lr=0.002 | t_train=12.79 | t_val=12.13 | mem=383.9 | psnr_b100=26.956, psnr_set14=27.354, psnr_set5=31.013, psnr_urban100=24.607, ssim_b100=0.716, ssim_set14=0.843, ssim_set5=0.891, ssim_urban100=0.946 |
   215 | train=0.009681 | val=nan | lr=0.002 | t_train=12.91 | t_val=12.14 | mem=383.9 | psnr_b100=27.022, psnr_set14=27.453, psnr_set5=31.116, psnr_urban100=24.692, ssim_b100=0.719, ssim_set14=0.846, ssim_set5=0.894, ssim_urban100=0.947 |
   216 | train=0.008212 | val=nan | lr=0.002 | t_train=12.91 | t_val=12.25 | mem=383.9 | psnr_b100=26.990, psnr_set14=27.426, psnr_set5=31.168, psnr_urban100=24.673, ssim_b100=0.718, ssim_set14=0.845, ssim_set5=0.894, ssim_urban100=0.947 |
   217 | train=0.006688 | val=nan | lr=0.002 | t_train=12.88 | t_val=12.14 | mem=383.9 | psnr_b100=26.990, psnr_set14=27.414, psnr_set5=31.093, psnr_urban100=24.649, ssim_b100=0.718, ssim_set14=0.845, ssim_set5=0.893, ssim_urban100=0.947 |
   218 | train=0.009463 | val=nan | lr=0.002 | t_train=12.79 | t_val=12.12 | mem=383.9 | psnr_b100=26.971, psnr_set14=27.355, psnr_set5=31.040, psnr_urban100=24.601, ssim_b100=0.717, ssim_set14=0.844, ssim_set5=0.892, ssim_urban100=0.946 |
   219 | train=0.007627 | val=nan | lr=0.002 | t_train=12.77 | t_val=12.10 | mem=383.9 | psnr_b100=26.964, psnr_set14=27.340, psnr_set5=30.995, psnr_urban100=24.604, ssim_b100=0.718, ssim_set14=0.844, ssim_set5=0.890, ssim_urban100=0.946 |
   220 | train=0.009258 | val=nan | lr=0.002 | t_train=12.77 | t_val=12.11 | mem=383.9 | psnr_b100=27.062, psnr_set14=27.497, psnr_set5=31.195, psnr_urban100=24.725, ssim_b100=0.720, ssim_set14=0.847, ssim_set5=0.895, ssim_urban100=0.948 |
   221 | train=0.008411 | val=nan | lr=0.002 | t_train=12.86 | t_val=12.22 | mem=383.9 | psnr_b100=26.998, psnr_set14=27.426, psnr_set5=31.132, psnr_urban100=24.671, ssim_b100=0.719, ssim_set14=0.846, ssim_set5=0.894, ssim_urban100=0.947 |
   222 | train=0.007054 | val=nan | lr=0.002 | t_train=12.83 | t_val=12.18 | mem=383.9 | psnr_b100=27.003, psnr_set14=27.416, psnr_set5=31.120, psnr_urban100=24.670, ssim_b100=0.718, ssim_set14=0.846, ssim_set5=0.893, ssim_urban100=0.947 |
   223 | train=0.006867 | val=nan | lr=0.002 | t_train=12.88 | t_val=12.14 | mem=383.9 | psnr_b100=27.001, psnr_set14=27.407, psnr_set5=31.045, psnr_urban100=24.625, ssim_b100=0.718, ssim_set14=0.845, ssim_set5=0.892, ssim_urban100=0.947 |
   224 | train=0.008457 | val=nan | lr=0.002 | t_train=12.79 | t_val=12.12 | mem=383.9 | psnr_b100=27.037, psnr_set14=27.506, psnr_set5=31.216, psnr_urban100=24.733, ssim_b100=0.719, ssim_set14=0.846, ssim_set5=0.895, ssim_urban100=0.948 |
   225 | train=0.007632 | val=nan | lr=0.002 | t_train=12.79 | t_val=12.13 | mem=383.9 | psnr_b100=27.001, psnr_set14=27.456, psnr_set5=31.145, psnr_urban100=24.726, ssim_b100=0.718, ssim_set14=0.845, ssim_set5=0.893, ssim_urban100=0.948 |
   226 | train=0.008318 | val=nan | lr=0.002 | t_train=12.76 | t_val=12.11 | mem=383.9 | psnr_b100=26.980, psnr_set14=27.427, psnr_set5=31.081, psnr_urban100=24.642, ssim_b100=0.717, ssim_set14=0.844, ssim_set5=0.892, ssim_urban100=0.946 |
   227 | train=0.007148 | val=nan | lr=0.002 | t_train=12.76 | t_val=12.12 | mem=383.9 | psnr_b100=26.974, psnr_set14=27.383, psnr_set5=31.075, psnr_urban100=24.622, ssim_b100=0.717, ssim_set14=0.844, ssim_set5=0.892, ssim_urban100=0.946 |
   228 | train=0.007855 | val=nan | lr=0.002 | t_train=12.78 | t_val=12.12 | mem=383.9 | psnr_b100=26.961, psnr_set14=27.367, psnr_set5=31.062, psnr_urban100=24.632, ssim_b100=0.718, ssim_set14=0.844, ssim_set5=0.893, ssim_urban100=0.946 |
   229 | train=0.009884 | val=nan | lr=0.002 | t_train=12.86 | t_val=12.20 | mem=383.9 | psnr_b100=26.954, psnr_set14=27.386, psnr_set5=31.110, psnr_urban100=24.618, ssim_b100=0.717, ssim_set14=0.844, ssim_set5=0.893, ssim_urban100=0.946 |
   230 | train=0.007422 | val=nan | lr=0.002 | t_train=12.78 | t_val=12.13 | mem=383.9 | psnr_b100=26.887, psnr_set14=27.292, psnr_set5=30.968, psnr_urban100=24.528, ssim_b100=0.714, ssim_set14=0.842, ssim_set5=0.890, ssim_urban100=0.945 |
   231 | train=0.007010 | val=nan | lr=0.002 | t_train=12.81 | t_val=12.16 | mem=383.9 | psnr_b100=26.904, psnr_set14=27.321, psnr_set5=30.946, psnr_urban100=24.545, ssim_b100=0.716, ssim_set14=0.843, ssim_set5=0.889, ssim_urban100=0.945 |
   232 | train=0.006648 | val=nan | lr=0.002 | t_train=12.98 | t_val=12.32 | mem=383.9 | psnr_b100=26.979, psnr_set14=27.420, psnr_set5=31.163, psnr_urban100=24.629, ssim_b100=0.717, ssim_set14=0.844, ssim_set5=0.893, ssim_urban100=0.946 |
   233 | train=0.006837 | val=nan | lr=0.002 | t_train=12.80 | t_val=12.13 | mem=383.9 | psnr_b100=27.006, psnr_set14=27.479, psnr_set5=31.186, psnr_urban100=24.718, ssim_b100=0.718, ssim_set14=0.846, ssim_set5=0.894, ssim_urban100=0.947 |
   234 | train=0.010683 | val=nan | lr=0.002 | t_train=12.77 | t_val=12.10 | mem=383.9 | psnr_b100=26.996, psnr_set14=27.419, psnr_set5=31.142, psnr_urban100=24.645, ssim_b100=0.719, ssim_set14=0.846, ssim_set5=0.894, ssim_urban100=0.947 |
   235 | train=0.007135 | val=nan | lr=0.002 | t_train=12.81 | t_val=12.15 | mem=383.9 | psnr_b100=27.014, psnr_set14=27.463, psnr_set5=31.251, psnr_urban100=24.667, ssim_b100=0.719, ssim_set14=0.845, ssim_set5=0.895, ssim_urban100=0.947 |
   236 | train=0.007476 | val=nan | lr=0.002 | t_train=12.80 | t_val=12.14 | mem=383.9 | psnr_b100=26.885, psnr_set14=27.258, psnr_set5=30.883, psnr_urban100=24.518, ssim_b100=0.714, ssim_set14=0.842, ssim_set5=0.888, ssim_urban100=0.945 |
   237 | train=0.006956 | val=nan | lr=0.002 | t_train=12.76 | t_val=12.09 | mem=383.9 | psnr_b100=26.976, psnr_set14=27.406, psnr_set5=31.122, psnr_urban100=24.683, ssim_b100=0.717, ssim_set14=0.844, ssim_set5=0.893, ssim_urban100=0.947 |
   238 | train=0.006314 | val=nan | lr=0.002 | t_train=12.79 | t_val=12.11 | mem=383.9 | psnr_b100=26.918, psnr_set14=27.304, psnr_set5=30.910, psnr_urban100=24.492, ssim_b100=0.717, ssim_set14=0.843, ssim_set5=0.890, ssim_urban100=0.945 |
   239 | train=0.007472 | val=nan | lr=0.002 | t_train=12.80 | t_val=12.14 | mem=383.9 | psnr_b100=26.991, psnr_set14=27.439, psnr_set5=31.162, psnr_urban100=24.677, ssim_b100=0.718, ssim_set14=0.845, ssim_set5=0.894, ssim_urban100=0.947 |
   240 | train=0.006739 | val=nan | lr=0.002 | t_train=12.79 | t_val=12.13 | mem=383.9 | psnr_b100=26.905, psnr_set14=27.286, psnr_set5=30.942, psnr_urban100=24.586, ssim_b100=0.715, ssim_set14=0.842, ssim_set5=0.889, ssim_urban100=0.946 |
   241 | train=0.008475 | val=nan | lr=0.002 | t_train=12.81 | t_val=12.11 | mem=383.9 | psnr_b100=26.960, psnr_set14=27.388, psnr_set5=31.118, psnr_urban100=24.626, ssim_b100=0.717, ssim_set14=0.845, ssim_set5=0.893, ssim_urban100=0.947 |
   242 | train=0.009706 | val=nan | lr=0.002 | t_train=12.85 | t_val=12.18 | mem=383.9 | psnr_b100=26.896, psnr_set14=27.231, psnr_set5=30.971, psnr_urban100=24.479, ssim_b100=0.716, ssim_set14=0.842, ssim_set5=0.890, ssim_urban100=0.944 |
   243 | train=0.007644 | val=nan | lr=0.002 | t_train=12.76 | t_val=12.10 | mem=383.9 | psnr_b100=26.975, psnr_set14=27.356, psnr_set5=31.058, psnr_urban100=24.579, ssim_b100=0.718, ssim_set14=0.844, ssim_set5=0.892, ssim_urban100=0.946 |
   244 | train=0.007198 | val=nan | lr=0.002 | t_train=12.76 | t_val=12.10 | mem=383.9 | psnr_b100=27.000, psnr_set14=27.406, psnr_set5=31.157, psnr_urban100=24.691, ssim_b100=0.718, ssim_set14=0.845, ssim_set5=0.894, ssim_urban100=0.947 |
   245 | train=0.006867 | val=nan | lr=0.002 | t_train=12.79 | t_val=12.12 | mem=383.9 | psnr_b100=27.022, psnr_set14=27.472, psnr_set5=31.220, psnr_urban100=24.709, ssim_b100=0.719, ssim_set14=0.847, ssim_set5=0.897, ssim_urban100=0.948 |
   246 | train=0.006516 | val=nan | lr=0.002 | t_train=12.73 | t_val=12.07 | mem=383.9 | psnr_b100=26.988, psnr_set14=27.434, psnr_set5=31.215, psnr_urban100=24.604, ssim_b100=0.718, ssim_set14=0.845, ssim_set5=0.895, ssim_urban100=0.946 |
   247 | train=0.009598 | val=nan | lr=0.002 | t_train=12.74 | t_val=12.08 | mem=383.9 | psnr_b100=27.034, psnr_set14=27.468, psnr_set5=31.273, psnr_urban100=24.720, ssim_b100=0.720, ssim_set14=0.846, ssim_set5=0.896, ssim_urban100=0.947 |
   248 | train=0.007618 | val=nan | lr=0.002 | t_train=12.81 | t_val=12.15 | mem=383.9 | psnr_b100=26.997, psnr_set14=27.405, psnr_set5=31.096, psnr_urban100=24.657, ssim_b100=0.719, ssim_set14=0.845, ssim_set5=0.893, ssim_urban100=0.947 |
   249 | train=0.006423 | val=nan | lr=0.002 | t_train=12.91 | t_val=12.15 | mem=383.9 | psnr_b100=26.972, psnr_set14=27.369, psnr_set5=31.082, psnr_urban100=24.680, ssim_b100=0.717, ssim_set14=0.844, ssim_set5=0.892, ssim_urban100=0.947 |
   250 | train=0.008589 | val=nan | lr=0.002 | t_train=12.85 | t_val=12.18 | mem=383.9 | psnr_b100=27.028, psnr_set14=27.379, psnr_set5=31.211, psnr_urban100=24.710, ssim_b100=0.719, ssim_set14=0.845, ssim_set5=0.895, ssim_urban100=0.947 |
   251 | train=0.007516 | val=nan | lr=0.002 | t_train=12.78 | t_val=12.11 | mem=383.9 | psnr_b100=27.027, psnr_set14=27.447, psnr_set5=31.167, psnr_urban100=24.694, ssim_b100=0.719, ssim_set14=0.846, ssim_set5=0.894, ssim_urban100=0.947 |
   252 | train=0.006494 | val=nan | lr=0.002 | t_train=12.81 | t_val=12.16 | mem=383.9 | psnr_b100=27.014, psnr_set14=27.485, psnr_set5=31.232, psnr_urban100=24.762, ssim_b100=0.718, ssim_set14=0.846, ssim_set5=0.895, ssim_urban100=0.948 |
   253 | train=0.008067 | val=nan | lr=0.002 | t_train=12.70 | t_val=12.04 | mem=383.9 | psnr_b100=27.040, psnr_set14=27.457, psnr_set5=31.225, psnr_urban100=24.760, ssim_b100=0.720, ssim_set14=0.847, ssim_set5=0.895, ssim_urban100=0.949 |
   254 | train=0.007775 | val=nan | lr=0.002 | t_train=12.87 | t_val=12.13 | mem=383.9 | psnr_b100=26.949, psnr_set14=27.354, psnr_set5=31.052, psnr_urban100=24.608, ssim_b100=0.716, ssim_set14=0.844, ssim_set5=0.891, ssim_urban100=0.946 |
   255 | train=0.008201 | val=nan | lr=0.002 | t_train=12.80 | t_val=12.14 | mem=383.9 | psnr_b100=26.997, psnr_set14=27.413, psnr_set5=31.229, psnr_urban100=24.716, ssim_b100=0.718, ssim_set14=0.845, ssim_set5=0.894, ssim_urban100=0.947 |
   256 | train=0.008606 | val=nan | lr=0.002 | t_train=12.82 | t_val=12.16 | mem=383.9 | psnr_b100=26.967, psnr_set14=27.355, psnr_set5=31.076, psnr_urban100=24.660, ssim_b100=0.717, ssim_set14=0.844, ssim_set5=0.892, ssim_urban100=0.947 |
   257 | train=0.007631 | val=nan | lr=0.002 | t_train=12.77 | t_val=12.11 | mem=383.9 | psnr_b100=27.025, psnr_set14=27.475, psnr_set5=31.270, psnr_urban100=24.722, ssim_b100=0.719, ssim_set14=0.846, ssim_set5=0.896, ssim_urban100=0.948 |
   258 | train=0.008140 | val=nan | lr=0.002 | t_train=12.77 | t_val=12.11 | mem=383.9 | psnr_b100=26.956, psnr_set14=27.364, psnr_set5=31.090, psnr_urban100=24.647, ssim_b100=0.716, ssim_set14=0.844, ssim_set5=0.892, ssim_urban100=0.946 |
   259 | train=0.008211 | val=nan | lr=0.002 | t_train=12.81 | t_val=12.15 | mem=383.9 | psnr_b100=26.977, psnr_set14=27.412, psnr_set5=31.116, psnr_urban100=24.661, ssim_b100=0.718, ssim_set14=0.845, ssim_set5=0.894, ssim_urban100=0.946 |
   260 | train=0.009429 | val=nan | lr=0.002 | t_train=12.73 | t_val=12.07 | mem=383.9 | psnr_b100=27.018, psnr_set14=27.473, psnr_set5=31.168, psnr_urban100=24.723, ssim_b100=0.719, ssim_set14=0.847, ssim_set5=0.894, ssim_urban100=0.948 |
   261 | train=0.008643 | val=nan | lr=0.002 | t_train=12.78 | t_val=12.12 | mem=383.9 | psnr_b100=26.950, psnr_set14=27.352, psnr_set5=31.006, psnr_urban100=24.596, ssim_b100=0.717, ssim_set14=0.844, ssim_set5=0.890, ssim_urban100=0.946 |
   262 | train=0.007551 | val=nan | lr=0.002 | t_train=12.80 | t_val=12.14 | mem=383.9 | psnr_b100=26.994, psnr_set14=27.412, psnr_set5=31.163, psnr_urban100=24.682, ssim_b100=0.719, ssim_set14=0.846, ssim_set5=0.895, ssim_urban100=0.947 |
   263 | train=0.007963 | val=nan | lr=0.002 | t_train=12.73 | t_val=12.08 | mem=383.9 | psnr_b100=26.998, psnr_set14=27.437, psnr_set5=31.181, psnr_urban100=24.670, ssim_b100=0.718, ssim_set14=0.845, ssim_set5=0.893, ssim_urban100=0.946 |
   264 | train=0.006660 | val=nan | lr=0.002 | t_train=12.75 | t_val=12.10 | mem=383.9 | psnr_b100=26.985, psnr_set14=27.397, psnr_set5=31.101, psnr_urban100=24.653, ssim_b100=0.718, ssim_set14=0.845, ssim_set5=0.892, ssim_urban100=0.947 |
   265 | train=0.006473 | val=nan | lr=0.002 | t_train=12.74 | t_val=12.08 | mem=383.9 | psnr_b100=27.037, psnr_set14=27.461, psnr_set5=31.193, psnr_urban100=24.689, ssim_b100=0.720, ssim_set14=0.847, ssim_set5=0.895, ssim_urban100=0.948 |
   266 | train=0.006248 | val=nan | lr=0.002 | t_train=13.76 | t_val=13.09 | mem=383.9 | psnr_b100=27.004, psnr_set14=27.454, psnr_set5=31.269, psnr_urban100=24.682, ssim_b100=0.719, ssim_set14=0.846, ssim_set5=0.897, ssim_urban100=0.947 |
   267 | train=0.007002 | val=nan | lr=0.002 | t_train=13.70 | t_val=12.96 | mem=383.9 | psnr_b100=27.036, psnr_set14=27.466, psnr_set5=31.280, psnr_urban100=24.768, ssim_b100=0.719, ssim_set14=0.846, ssim_set5=0.896, ssim_urban100=0.948 |
   268 | train=0.008803 | val=nan | lr=0.002 | t_train=14.10 | t_val=13.37 | mem=383.9 | psnr_b100=27.063, psnr_set14=27.487, psnr_set5=31.280, psnr_urban100=24.786, ssim_b100=0.720, ssim_set14=0.847, ssim_set5=0.897, ssim_urban100=0.948 |
   269 | train=0.007759 | val=nan | lr=0.002 | t_train=13.98 | t_val=13.17 | mem=383.9 | psnr_b100=27.041, psnr_set14=27.477, psnr_set5=31.180, psnr_urban100=24.753, ssim_b100=0.720, ssim_set14=0.846, ssim_set5=0.895, ssim_urban100=0.948 |
   270 | train=0.007254 | val=nan | lr=0.002 | t_train=13.85 | t_val=13.09 | mem=383.9 | psnr_b100=27.049, psnr_set14=27.490, psnr_set5=31.184, psnr_urban100=24.796, ssim_b100=0.721, ssim_set14=0.848, ssim_set5=0.896, ssim_urban100=0.949 |
   271 | train=0.006428 | val=nan | lr=0.002 | t_train=25.03 | t_val=24.30 | mem=383.9 | psnr_b100=26.977, psnr_set14=27.360, psnr_set5=31.129, psnr_urban100=24.650, ssim_b100=0.718, ssim_set14=0.844, ssim_set5=0.893, ssim_urban100=0.947 |
   272 | train=0.009346 | val=nan | lr=0.002 | t_train=24.47 | t_val=23.56 | mem=383.9 | psnr_b100=27.027, psnr_set14=27.478, psnr_set5=31.254, psnr_urban100=24.785, ssim_b100=0.718, ssim_set14=0.846, ssim_set5=0.896, ssim_urban100=0.948 |
   273 | train=0.007752 | val=nan | lr=0.002 | t_train=26.19 | t_val=25.30 | mem=383.9 | psnr_b100=27.015, psnr_set14=27.441, psnr_set5=31.180, psnr_urban100=24.707, ssim_b100=0.719, ssim_set14=0.846, ssim_set5=0.895, ssim_urban100=0.948 |
   274 | train=0.007075 | val=nan | lr=0.002 | t_train=26.42 | t_val=25.45 | mem=383.9 | psnr_b100=27.065, psnr_set14=27.538, psnr_set5=31.310, psnr_urban100=24.833, ssim_b100=0.720, ssim_set14=0.847, ssim_set5=0.896, ssim_urban100=0.949 |
   275 | train=0.007769 | val=nan | lr=0.002 | t_train=25.79 | t_val=24.42 | mem=383.9 | psnr_b100=27.001, psnr_set14=27.426, psnr_set5=31.196, psnr_urban100=24.694, ssim_b100=0.718, ssim_set14=0.845, ssim_set5=0.895, ssim_urban100=0.947 |
   276 | train=0.008772 | val=nan | lr=0.002 | t_train=25.91 | t_val=24.83 | mem=383.9 | psnr_b100=26.970, psnr_set14=27.359, psnr_set5=31.237, psnr_urban100=24.684, ssim_b100=0.717, ssim_set14=0.845, ssim_set5=0.894, ssim_urban100=0.947 |
   277 | train=0.006150 | val=nan | lr=0.002 | t_train=25.71 | t_val=24.55 | mem=383.9 | psnr_b100=26.975, psnr_set14=27.410, psnr_set5=31.117, psnr_urban100=24.673, ssim_b100=0.718, ssim_set14=0.845, ssim_set5=0.894, ssim_urban100=0.947 |
   278 | train=0.006513 | val=nan | lr=0.002 | t_train=25.89 | t_val=24.82 | mem=383.9 | psnr_b100=27.020, psnr_set14=27.478, psnr_set5=31.115, psnr_urban100=24.748, ssim_b100=0.720, ssim_set14=0.847, ssim_set5=0.895, ssim_urban100=0.949 |
   279 | train=0.008280 | val=nan | lr=0.002 | t_train=21.20 | t_val=20.18 | mem=383.9 | psnr_b100=27.049, psnr_set14=27.550, psnr_set5=31.232, psnr_urban100=24.824, ssim_b100=0.720, ssim_set14=0.848, ssim_set5=0.897, ssim_urban100=0.949 |
   280 | train=0.008928 | val=nan | lr=0.002 | t_train=13.18 | t_val=12.47 | mem=383.9 | psnr_b100=27.017, psnr_set14=27.447, psnr_set5=31.200, psnr_urban100=24.751, ssim_b100=0.719, ssim_set14=0.846, ssim_set5=0.894, ssim_urban100=0.948 |
   281 | train=0.009429 | val=nan | lr=0.002 | t_train=13.00 | t_val=12.29 | mem=383.9 | psnr_b100=27.047, psnr_set14=27.500, psnr_set5=31.223, psnr_urban100=24.789, ssim_b100=0.721, ssim_set14=0.848, ssim_set5=0.898, ssim_urban100=0.949 |
   282 | train=0.007187 | val=nan | lr=0.002 | t_train=13.29 | t_val=12.59 | mem=383.9 | psnr_b100=27.007, psnr_set14=27.434, psnr_set5=31.199, psnr_urban100=24.711, ssim_b100=0.719, ssim_set14=0.846, ssim_set5=0.895, ssim_urban100=0.948 |
   283 | train=0.008108 | val=nan | lr=0.002 | t_train=13.51 | t_val=12.65 | mem=383.9 | psnr_b100=26.996, psnr_set14=27.446, psnr_set5=31.176, psnr_urban100=24.679, ssim_b100=0.718, ssim_set14=0.845, ssim_set5=0.894, ssim_urban100=0.947 |
   284 | train=0.006984 | val=nan | lr=0.002 | t_train=13.15 | t_val=12.43 | mem=383.9 | psnr_b100=27.013, psnr_set14=27.470, psnr_set5=31.224, psnr_urban100=24.741, ssim_b100=0.719, ssim_set14=0.847, ssim_set5=0.896, ssim_urban100=0.948 |
   285 | train=0.008169 | val=nan | lr=0.002 | t_train=13.21 | t_val=12.50 | mem=383.9 | psnr_b100=27.059, psnr_set14=27.531, psnr_set5=31.335, psnr_urban100=24.806, ssim_b100=0.720, ssim_set14=0.848, ssim_set5=0.897, ssim_urban100=0.949 |
   286 | train=0.006990 | val=nan | lr=0.002 | t_train=13.09 | t_val=12.29 | mem=383.9 | psnr_b100=27.007, psnr_set14=27.419, psnr_set5=31.116, psnr_urban100=24.709, ssim_b100=0.719, ssim_set14=0.846, ssim_set5=0.894, ssim_urban100=0.948 |
   287 | train=0.009167 | val=nan | lr=0.002 | t_train=13.11 | t_val=12.40 | mem=383.9 | psnr_b100=26.983, psnr_set14=27.384, psnr_set5=31.072, psnr_urban100=24.716, ssim_b100=0.718, ssim_set14=0.846, ssim_set5=0.895, ssim_urban100=0.947 |
   288 | train=0.008632 | val=nan | lr=0.002 | t_train=12.98 | t_val=12.28 | mem=383.9 | psnr_b100=26.996, psnr_set14=27.411, psnr_set5=31.144, psnr_urban100=24.740, ssim_b100=0.718, ssim_set14=0.846, ssim_set5=0.895, ssim_urban100=0.948 |
   289 | train=0.007246 | val=nan | lr=0.002 | t_train=13.10 | t_val=12.40 | mem=383.9 | psnr_b100=27.050, psnr_set14=27.507, psnr_set5=31.237, psnr_urban100=24.783, ssim_b100=0.720, ssim_set14=0.847, ssim_set5=0.897, ssim_urban100=0.949 |
   290 | train=0.007661 | val=nan | lr=0.002 | t_train=13.16 | t_val=12.45 | mem=383.9 | psnr_b100=26.964, psnr_set14=27.369, psnr_set5=30.975, psnr_urban100=24.651, ssim_b100=0.718, ssim_set14=0.845, ssim_set5=0.891, ssim_urban100=0.947 |
   291 | train=0.008449 | val=nan | lr=0.002 | t_train=13.08 | t_val=12.37 | mem=383.9 | psnr_b100=27.043, psnr_set14=27.456, psnr_set5=31.214, psnr_urban100=24.716, ssim_b100=0.720, ssim_set14=0.846, ssim_set5=0.895, ssim_urban100=0.948 |
   292 | train=0.007186 | val=nan | lr=0.002 | t_train=13.11 | t_val=12.42 | mem=383.9 | psnr_b100=26.993, psnr_set14=27.427, psnr_set5=31.132, psnr_urban100=24.688, ssim_b100=0.718, ssim_set14=0.846, ssim_set5=0.893, ssim_urban100=0.948 |
   293 | train=0.008711 | val=nan | lr=0.002 | t_train=13.11 | t_val=12.40 | mem=383.9 | psnr_b100=27.044, psnr_set14=27.495, psnr_set5=31.286, psnr_urban100=24.771, ssim_b100=0.720, ssim_set14=0.847, ssim_set5=0.897, ssim_urban100=0.949 |
   294 | train=0.008185 | val=nan | lr=0.002 | t_train=13.13 | t_val=12.44 | mem=383.9 | psnr_b100=27.057, psnr_set14=27.511, psnr_set5=31.285, psnr_urban100=24.763, ssim_b100=0.720, ssim_set14=0.847, ssim_set5=0.897, ssim_urban100=0.948 |
   295 | train=0.006510 | val=nan | lr=0.002 | t_train=13.11 | t_val=12.41 | mem=383.9 | psnr_b100=27.027, psnr_set14=27.459, psnr_set5=31.202, psnr_urban100=24.759, ssim_b100=0.719, ssim_set14=0.846, ssim_set5=0.895, ssim_urban100=0.948 |
   296 | train=0.007889 | val=nan | lr=0.002 | t_train=13.08 | t_val=12.38 | mem=383.9 | psnr_b100=27.056, psnr_set14=27.489, psnr_set5=31.212, psnr_urban100=24.802, ssim_b100=0.721, ssim_set14=0.847, ssim_set5=0.895, ssim_urban100=0.949 |
   297 | train=0.008050 | val=nan | lr=0.002 | t_train=13.13 | t_val=12.40 | mem=383.9 | psnr_b100=27.108, psnr_set14=27.559, psnr_set5=31.410, psnr_urban100=24.877, ssim_b100=0.722, ssim_set14=0.849, ssim_set5=0.899, ssim_urban100=0.950 |
   298 | train=0.008315 | val=nan | lr=0.002 | t_train=13.11 | t_val=12.40 | mem=383.9 | psnr_b100=27.002, psnr_set14=27.460, psnr_set5=31.190, psnr_urban100=24.688, ssim_b100=0.719, ssim_set14=0.847, ssim_set5=0.894, ssim_urban100=0.948 |
   299 | train=0.009146 | val=nan | lr=0.002 | t_train=13.11 | t_val=12.42 | mem=383.9 | psnr_b100=27.013, psnr_set14=27.434, psnr_set5=31.152, psnr_urban100=24.693, ssim_b100=0.719, ssim_set14=0.846, ssim_set5=0.894, ssim_urban100=0.948 |
   300 | train=0.007821 | val=nan | lr=0.002 | t_train=13.12 | t_val=12.40 | mem=383.9 | psnr_b100=27.003, psnr_set14=27.379, psnr_set5=31.096, psnr_urban100=24.661, ssim_b100=0.718, ssim_set14=0.846, ssim_set5=0.893, ssim_urban100=0.947 |
   301 | train=0.007657 | val=nan | lr=0.002 | t_train=13.11 | t_val=12.40 | mem=383.9 | psnr_b100=27.028, psnr_set14=27.440, psnr_set5=31.129, psnr_urban100=24.755, ssim_b100=0.720, ssim_set14=0.847, ssim_set5=0.895, ssim_urban100=0.949 |
   302 | train=0.009930 | val=nan | lr=0.002 | t_train=13.07 | t_val=12.36 | mem=383.9 | psnr_b100=26.862, psnr_set14=27.206, psnr_set5=30.647, psnr_urban100=24.551, ssim_b100=0.718, ssim_set14=0.845, ssim_set5=0.890, ssim_urban100=0.947 |
   303 | train=0.008174 | val=nan | lr=0.002 | t_train=13.07 | t_val=12.38 | mem=383.9 | psnr_b100=26.886, psnr_set14=27.318, psnr_set5=30.910, psnr_urban100=24.549, ssim_b100=0.714, ssim_set14=0.842, ssim_set5=0.888, ssim_urban100=0.946 |
   304 | train=0.008753 | val=nan | lr=0.002 | t_train=13.13 | t_val=12.42 | mem=383.9 | psnr_b100=26.904, psnr_set14=27.298, psnr_set5=30.903, psnr_urban100=24.578, ssim_b100=0.715, ssim_set14=0.843, ssim_set5=0.888, ssim_urban100=0.946 |
   305 | train=0.008830 | val=nan | lr=0.002 | t_train=13.07 | t_val=12.37 | mem=383.9 | psnr_b100=26.985, psnr_set14=27.395, psnr_set5=31.080, psnr_urban100=24.695, ssim_b100=0.719, ssim_set14=0.846, ssim_set5=0.893, ssim_urban100=0.948 |
   306 | train=0.008058 | val=nan | lr=0.002 | t_train=13.15 | t_val=12.45 | mem=383.9 | psnr_b100=26.971, psnr_set14=27.379, psnr_set5=31.029, psnr_urban100=24.662, ssim_b100=0.717, ssim_set14=0.845, ssim_set5=0.890, ssim_urban100=0.947 |
   307 | train=0.008546 | val=nan | lr=0.002 | t_train=12.97 | t_val=12.27 | mem=383.9 | psnr_b100=27.015, psnr_set14=27.449, psnr_set5=31.117, psnr_urban100=24.745, ssim_b100=0.719, ssim_set14=0.846, ssim_set5=0.892, ssim_urban100=0.949 |
   308 | train=0.007817 | val=nan | lr=0.002 | t_train=12.76 | t_val=12.09 | mem=383.9 | psnr_b100=27.083, psnr_set14=27.548, psnr_set5=31.336, psnr_urban100=24.834, ssim_b100=0.721, ssim_set14=0.848, ssim_set5=0.897, ssim_urban100=0.950 |
   309 | train=0.006117 | val=nan | lr=0.002 | t_train=12.78 | t_val=12.12 | mem=383.9 | psnr_b100=26.985, psnr_set14=27.393, psnr_set5=31.149, psnr_urban100=24.664, ssim_b100=0.718, ssim_set14=0.845, ssim_set5=0.893, ssim_urban100=0.947 |
   310 | train=0.006687 | val=nan | lr=0.002 | t_train=12.86 | t_val=12.21 | mem=383.9 | psnr_b100=27.019, psnr_set14=27.448, psnr_set5=31.199, psnr_urban100=24.716, ssim_b100=0.719, ssim_set14=0.846, ssim_set5=0.894, ssim_urban100=0.948 |
   311 | train=0.005169 | val=nan | lr=0.002 | t_train=12.76 | t_val=12.10 | mem=383.9 | psnr_b100=27.023, psnr_set14=27.477, psnr_set5=31.195, psnr_urban100=24.765, ssim_b100=0.719, ssim_set14=0.847, ssim_set5=0.895, ssim_urban100=0.949 |
   312 | train=0.008090 | val=nan | lr=0.002 | t_train=12.78 | t_val=12.11 | mem=383.9 | psnr_b100=27.045, psnr_set14=27.463, psnr_set5=31.245, psnr_urban100=24.732, ssim_b100=0.720, ssim_set14=0.846, ssim_set5=0.895, ssim_urban100=0.948 |
   313 | train=0.006921 | val=nan | lr=0.002 | t_train=12.81 | t_val=12.14 | mem=383.9 | psnr_b100=27.033, psnr_set14=27.509, psnr_set5=31.256, psnr_urban100=24.767, ssim_b100=0.719, ssim_set14=0.847, ssim_set5=0.895, ssim_urban100=0.948 |
   314 | train=0.008387 | val=nan | lr=0.002 | t_train=13.36 | t_val=12.69 | mem=383.9 | psnr_b100=27.033, psnr_set14=27.449, psnr_set5=31.216, psnr_urban100=24.736, ssim_b100=0.720, ssim_set14=0.846, ssim_set5=0.896, ssim_urban100=0.948 |
   315 | train=0.007198 | val=nan | lr=0.002 | t_train=13.93 | t_val=13.19 | mem=383.9 | psnr_b100=26.991, psnr_set14=27.396, psnr_set5=31.155, psnr_urban100=24.707, ssim_b100=0.718, ssim_set14=0.845, ssim_set5=0.895, ssim_urban100=0.948 |
   316 | train=0.008624 | val=nan | lr=0.002 | t_train=14.44 | t_val=13.69 | mem=383.9 | psnr_b100=27.064, psnr_set14=27.490, psnr_set5=31.219, psnr_urban100=24.825, ssim_b100=0.721, ssim_set14=0.848, ssim_set5=0.895, ssim_urban100=0.950 |
   317 | train=0.006257 | val=nan | lr=0.002 | t_train=14.59 | t_val=13.50 | mem=383.9 | psnr_b100=27.039, psnr_set14=27.454, psnr_set5=31.139, psnr_urban100=24.776, ssim_b100=0.720, ssim_set14=0.847, ssim_set5=0.895, ssim_urban100=0.949 |
   318 | train=0.008072 | val=nan | lr=0.002 | t_train=13.87 | t_val=13.05 | mem=383.9 | psnr_b100=27.055, psnr_set14=27.478, psnr_set5=31.206, psnr_urban100=24.781, ssim_b100=0.721, ssim_set14=0.847, ssim_set5=0.894, ssim_urban100=0.949 |
   319 | train=0.006482 | val=nan | lr=0.002 | t_train=14.50 | t_val=13.75 | mem=383.9 | psnr_b100=27.063, psnr_set14=27.534, psnr_set5=31.251, psnr_urban100=24.829, ssim_b100=0.720, ssim_set14=0.848, ssim_set5=0.896, ssim_urban100=0.950 |
   320 | train=0.008392 | val=nan | lr=0.002 | t_train=28.46 | t_val=27.55 | mem=383.9 | psnr_b100=26.978, psnr_set14=27.410, psnr_set5=31.064, psnr_urban100=24.714, ssim_b100=0.718, ssim_set14=0.845, ssim_set5=0.893, ssim_urban100=0.948 |
   321 | train=0.006289 | val=nan | lr=0.002 | t_train=25.10 | t_val=24.32 | mem=383.9 | psnr_b100=27.028, psnr_set14=27.500, psnr_set5=31.198, psnr_urban100=24.786, ssim_b100=0.719, ssim_set14=0.847, ssim_set5=0.894, ssim_urban100=0.949 |
   322 | train=0.007305 | val=nan | lr=0.002 | t_train=26.65 | t_val=25.28 | mem=383.9 | psnr_b100=26.974, psnr_set14=27.429, psnr_set5=31.039, psnr_urban100=24.760, ssim_b100=0.719, ssim_set14=0.846, ssim_set5=0.894, ssim_urban100=0.949 |
   323 | train=0.008120 | val=nan | lr=0.002 | t_train=26.47 | t_val=25.30 | mem=383.9 | psnr_b100=26.955, psnr_set14=27.396, psnr_set5=31.024, psnr_urban100=24.727, ssim_b100=0.716, ssim_set14=0.844, ssim_set5=0.890, ssim_urban100=0.948 |
   324 | train=0.009732 | val=nan | lr=0.002 | t_train=25.34 | t_val=24.51 | mem=383.9 | psnr_b100=26.920, psnr_set14=27.346, psnr_set5=31.039, psnr_urban100=24.635, ssim_b100=0.716, ssim_set14=0.843, ssim_set5=0.892, ssim_urban100=0.947 |
   325 | train=0.007463 | val=nan | lr=0.002 | t_train=26.31 | t_val=24.96 | mem=383.9 | psnr_b100=27.019, psnr_set14=27.465, psnr_set5=31.176, psnr_urban100=24.729, ssim_b100=0.719, ssim_set14=0.846, ssim_set5=0.894, ssim_urban100=0.949 |
   326 | train=0.008017 | val=nan | lr=0.002 | t_train=26.66 | t_val=25.63 | mem=383.9 | psnr_b100=27.047, psnr_set14=27.506, psnr_set5=31.207, psnr_urban100=24.809, ssim_b100=0.720, ssim_set14=0.847, ssim_set5=0.895, ssim_urban100=0.949 |
   327 | train=0.007625 | val=nan | lr=0.002 | t_train=25.16 | t_val=24.30 | mem=383.9 | psnr_b100=26.998, psnr_set14=27.458, psnr_set5=31.175, psnr_urban100=24.682, ssim_b100=0.718, ssim_set14=0.846, ssim_set5=0.896, ssim_urban100=0.947 |
   328 | train=0.007294 | val=nan | lr=0.002 | t_train=26.45 | t_val=25.18 | mem=383.9 | psnr_b100=27.040, psnr_set14=27.478, psnr_set5=31.183, psnr_urban100=24.733, ssim_b100=0.720, ssim_set14=0.847, ssim_set5=0.895, ssim_urban100=0.949 |
   329 | train=0.007664 | val=nan | lr=0.002 | t_train=24.70 | t_val=23.95 | mem=383.9 | psnr_b100=27.053, psnr_set14=27.485, psnr_set5=31.206, psnr_urban100=24.832, ssim_b100=0.719, ssim_set14=0.847, ssim_set5=0.895, ssim_urban100=0.949 |
   330 | train=0.007472 | val=nan | lr=0.002 | t_train=26.28 | t_val=25.06 | mem=383.9 | psnr_b100=27.109, psnr_set14=27.532, psnr_set5=31.387, psnr_urban100=24.848, ssim_b100=0.722, ssim_set14=0.848, ssim_set5=0.898, ssim_urban100=0.950 |
   331 | train=0.006541 | val=nan | lr=0.002 | t_train=24.83 | t_val=24.00 | mem=383.9 | psnr_b100=27.006, psnr_set14=27.411, psnr_set5=31.183, psnr_urban100=24.687, ssim_b100=0.719, ssim_set14=0.846, ssim_set5=0.896, ssim_urban100=0.948 |
   332 | train=0.006016 | val=nan | lr=0.002 | t_train=26.28 | t_val=24.92 | mem=383.9 | psnr_b100=26.986, psnr_set14=27.413, psnr_set5=31.093, psnr_urban100=24.716, ssim_b100=0.719, ssim_set14=0.846, ssim_set5=0.894, ssim_urban100=0.948 |
   333 | train=0.008062 | val=nan | lr=0.002 | t_train=24.88 | t_val=23.94 | mem=383.9 | psnr_b100=27.070, psnr_set14=27.522, psnr_set5=31.242, psnr_urban100=24.814, ssim_b100=0.721, ssim_set14=0.847, ssim_set5=0.895, ssim_urban100=0.950 |
   334 | train=0.006843 | val=nan | lr=0.002 | t_train=26.11 | t_val=24.89 | mem=383.9 | psnr_b100=26.999, psnr_set14=27.434, psnr_set5=31.161, psnr_urban100=24.729, ssim_b100=0.719, ssim_set14=0.847, ssim_set5=0.897, ssim_urban100=0.948 |
   335 | train=0.008309 | val=nan | lr=0.0019982 | t_train=24.76 | t_val=24.02 | mem=383.9 | psnr_b100=27.083, psnr_set14=27.592, psnr_set5=31.445, psnr_urban100=24.849, ssim_b100=0.720, ssim_set14=0.848, ssim_set5=0.899, ssim_urban100=0.949 |
