     0 | train=nan | val=nan | lr=nan | t_train=nan | t_val=1.76 | mem=248.9 | psnr_b100=27.621, psnr_set14=28.302, psnr_set5=32.057, psnr_urban100=26.141, ssim_b100=0.738, ssim_set14=0.861, ssim_set5=0.906, ssim_urban100=0.963 |
     0 | train=nan | val=nan | lr=nan | t_train=nan | t_val=20.86 | mem=250.8 | psnr_b100=27.621, psnr_set14=28.302, psnr_set5=32.056, psnr_urban100=26.140, ssim_b100=0.738, ssim_set14=0.861, ssim_set5=0.906, ssim_urban100=0.963 |
     0 | train=nan | val=nan | lr=nan | t_train=nan | t_val=21.01 | mem=250.9 | psnr_b100=27.621, psnr_set14=28.303, psnr_set5=32.056, psnr_urban100=26.140, ssim_b100=0.738, ssim_set14=0.861, ssim_set5=0.906, ssim_urban100=0.963 |
     0 | train=nan | val=nan | lr=nan | t_train=nan | t_val=20.68 | mem=250.9 | psnr_b100=27.618, psnr_set14=28.302, psnr_set5=32.055, psnr_urban100=26.139, ssim_b100=0.738, ssim_set14=0.861, ssim_set5=0.906, ssim_urban100=0.963 |
# epoch | train_loss | val_loss | LR | t_train(s) | t_val(s) | gpu_mem(MB) | SRBench(psnr/ssim...)
     0 | train=nan | val=nan | lr=nan | t_train=nan | t_val=1.57 | mem=250.9 |
     0 | train=0.000656 | val=nan | lr=7.2e-05 | t_train=12.96 | t_val=12.17 | mem=383.9 | psnr_b100=27.618, psnr_set14=28.300, psnr_set5=32.347, psnr_urban100=26.140, ssim_b100=0.738, ssim_set14=0.861, ssim_set5=0.914, ssim_urban100=0.963 |
     1 | train=0.000794 | val=nan | lr=0.000148 | t_train=12.70 | t_val=12.05 | mem=383.9 | psnr_b100=27.618, psnr_set14=28.301, psnr_set5=32.344, psnr_urban100=26.135, ssim_b100=0.738, ssim_set14=0.861, ssim_set5=0.914, ssim_urban100=0.963 |
     2 | train=0.000742 | val=nan | lr=0.000224 | t_train=12.90 | t_val=12.13 | mem=383.9 | psnr_b100=27.619, psnr_set14=28.302, psnr_set5=32.342, psnr_urban100=26.136, ssim_b100=0.738, ssim_set14=0.861, ssim_set5=0.914, ssim_urban100=0.963 |
     3 | train=0.000756 | val=nan | lr=0.0003 | t_train=12.72 | t_val=12.07 | mem=383.9 | psnr_b100=27.617, psnr_set14=28.298, psnr_set5=32.338, psnr_urban100=26.135, ssim_b100=0.738, ssim_set14=0.861, ssim_set5=0.914, ssim_urban100=0.963 |
     4 | train=0.001029 | val=nan | lr=0.000376 | t_train=12.79 | t_val=12.14 | mem=383.9 | psnr_b100=27.618, psnr_set14=28.298, psnr_set5=32.351, psnr_urban100=26.129, ssim_b100=0.738, ssim_set14=0.861, ssim_set5=0.915, ssim_urban100=0.963 |
     5 | train=0.000851 | val=nan | lr=0.000452 | t_train=12.75 | t_val=12.10 | mem=383.9 | psnr_b100=27.613, psnr_set14=28.296, psnr_set5=32.331, psnr_urban100=26.111, ssim_b100=0.737, ssim_set14=0.861, ssim_set5=0.914, ssim_urban100=0.963 |
     6 | train=0.001052 | val=nan | lr=0.000528 | t_train=12.83 | t_val=12.17 | mem=383.9 | psnr_b100=27.617, psnr_set14=28.302, psnr_set5=32.346, psnr_urban100=26.135, ssim_b100=0.738, ssim_set14=0.861, ssim_set5=0.914, ssim_urban100=0.963 |
     7 | train=0.001180 | val=nan | lr=0.000604 | t_train=12.77 | t_val=12.12 | mem=383.9 | psnr_b100=27.615, psnr_set14=28.296, psnr_set5=32.346, psnr_urban100=26.135, ssim_b100=0.738, ssim_set14=0.861, ssim_set5=0.914, ssim_urban100=0.963 |
     8 | train=0.000896 | val=nan | lr=0.00068 | t_train=12.78 | t_val=12.13 | mem=383.9 | psnr_b100=27.612, psnr_set14=28.298, psnr_set5=32.342, psnr_urban100=26.120, ssim_b100=0.737, ssim_set14=0.861, ssim_set5=0.914, ssim_urban100=0.963 |
     9 | train=0.001370 | val=nan | lr=0.000756 | t_train=12.81 | t_val=12.16 | mem=383.9 | psnr_b100=27.617, psnr_set14=28.309, psnr_set5=32.350, psnr_urban100=26.134, ssim_b100=0.737, ssim_set14=0.861, ssim_set5=0.915, ssim_urban100=0.963 |
    10 | train=0.001269 | val=nan | lr=0.000832 | t_train=12.81 | t_val=12.15 | mem=383.9 | psnr_b100=27.607, psnr_set14=28.295, psnr_set5=32.340, psnr_urban100=26.118, ssim_b100=0.737, ssim_set14=0.861, ssim_set5=0.915, ssim_urban100=0.963 |
    11 | train=0.001792 | val=nan | lr=0.000908 | t_train=12.73 | t_val=12.08 | mem=383.9 | psnr_b100=27.612, psnr_set14=28.295, psnr_set5=32.356, psnr_urban100=26.129, ssim_b100=0.737, ssim_set14=0.861, ssim_set5=0.915, ssim_urban100=0.963 |
    12 | train=0.001304 | val=nan | lr=0.000984 | t_train=12.81 | t_val=12.15 | mem=383.9 | psnr_b100=27.604, psnr_set14=28.289, psnr_set5=32.326, psnr_urban100=26.111, ssim_b100=0.737, ssim_set14=0.861, ssim_set5=0.914, ssim_urban100=0.963 |
    13 | train=0.001736 | val=nan | lr=0.00106 | t_train=12.79 | t_val=12.13 | mem=383.9 | psnr_b100=27.606, psnr_set14=28.282, psnr_set5=32.316, psnr_urban100=26.111, ssim_b100=0.737, ssim_set14=0.861, ssim_set5=0.914, ssim_urban100=0.962 |
    14 | train=0.001862 | val=nan | lr=0.001136 | t_train=12.84 | t_val=12.19 | mem=383.9 | psnr_b100=27.613, psnr_set14=28.297, psnr_set5=32.331, psnr_urban100=26.100, ssim_b100=0.737, ssim_set14=0.861, ssim_set5=0.914, ssim_urban100=0.963 |
    15 | train=0.001708 | val=nan | lr=0.001212 | t_train=12.72 | t_val=12.06 | mem=383.9 | psnr_b100=27.611, psnr_set14=28.291, psnr_set5=32.331, psnr_urban100=26.109, ssim_b100=0.737, ssim_set14=0.861, ssim_set5=0.914, ssim_urban100=0.963 |
    16 | train=0.001708 | val=nan | lr=0.001288 | t_train=12.72 | t_val=12.07 | mem=383.9 | psnr_b100=27.601, psnr_set14=28.273, psnr_set5=32.322, psnr_urban100=26.083, ssim_b100=0.737, ssim_set14=0.861, ssim_set5=0.914, ssim_urban100=0.962 |
    17 | train=0.002444 | val=nan | lr=0.001364 | t_train=12.77 | t_val=12.12 | mem=383.9 | psnr_b100=27.597, psnr_set14=28.272, psnr_set5=32.312, psnr_urban100=26.094, ssim_b100=0.737, ssim_set14=0.860, ssim_set5=0.914, ssim_urban100=0.962 |
    18 | train=0.002084 | val=nan | lr=0.00144 | t_train=12.85 | t_val=12.19 | mem=383.9 | psnr_b100=27.602, psnr_set14=28.273, psnr_set5=32.339, psnr_urban100=26.083, ssim_b100=0.737, ssim_set14=0.861, ssim_set5=0.914, ssim_urban100=0.962 |
    19 | train=0.002341 | val=nan | lr=0.001516 | t_train=12.85 | t_val=12.17 | mem=383.9 | psnr_b100=27.565, psnr_set14=28.236, psnr_set5=32.302, psnr_urban100=26.023, ssim_b100=0.736, ssim_set14=0.860, ssim_set5=0.913, ssim_urban100=0.961 |
    20 | train=0.002579 | val=nan | lr=0.001592 | t_train=12.81 | t_val=12.15 | mem=383.9 | psnr_b100=27.569, psnr_set14=28.263, psnr_set5=32.294, psnr_urban100=26.018, ssim_b100=0.736, ssim_set14=0.860, ssim_set5=0.914, ssim_urban100=0.962 |
    21 | train=0.002854 | val=nan | lr=0.001668 | t_train=12.75 | t_val=12.11 | mem=383.9 | psnr_b100=27.550, psnr_set14=28.226, psnr_set5=32.268, psnr_urban100=25.995, ssim_b100=0.735, ssim_set14=0.859, ssim_set5=0.913, ssim_urban100=0.962 |
    22 | train=0.003214 | val=nan | lr=0.001744 | t_train=12.80 | t_val=12.15 | mem=383.9 | psnr_b100=27.545, psnr_set14=28.242, psnr_set5=32.284, psnr_urban100=25.978, ssim_b100=0.735, ssim_set14=0.860, ssim_set5=0.914, ssim_urban100=0.961 |
    23 | train=0.002894 | val=nan | lr=0.00182 | t_train=12.88 | t_val=12.12 | mem=383.9 | psnr_b100=27.567, psnr_set14=28.265, psnr_set5=32.259, psnr_urban100=26.002, ssim_b100=0.735, ssim_set14=0.860, ssim_set5=0.913, ssim_urban100=0.961 |
    24 | train=0.003173 | val=nan | lr=0.001896 | t_train=12.75 | t_val=12.10 | mem=383.9 | psnr_b100=27.562, psnr_set14=28.221, psnr_set5=32.266, psnr_urban100=26.014, ssim_b100=0.736, ssim_set14=0.860, ssim_set5=0.913, ssim_urban100=0.962 |
    25 | train=0.003073 | val=nan | lr=0.001972 | t_train=12.78 | t_val=12.10 | mem=383.9 | psnr_b100=27.567, psnr_set14=28.240, psnr_set5=32.257, psnr_urban100=25.974, ssim_b100=0.736, ssim_set14=0.860, ssim_set5=0.913, ssim_urban100=0.961 |
    26 | train=0.004041 | val=nan | lr=0.002 | t_train=12.78 | t_val=12.13 | mem=383.9 | psnr_b100=27.534, psnr_set14=28.162, psnr_set5=32.212, psnr_urban100=25.918, ssim_b100=0.735, ssim_set14=0.859, ssim_set5=0.913, ssim_urban100=0.960 |
    27 | train=0.004054 | val=nan | lr=0.002 | t_train=12.77 | t_val=12.12 | mem=383.9 | psnr_b100=27.558, psnr_set14=28.240, psnr_set5=32.271, psnr_urban100=25.992, ssim_b100=0.736, ssim_set14=0.860, ssim_set5=0.913, ssim_urban100=0.961 |
    28 | train=0.005002 | val=nan | lr=0.002 | t_train=12.82 | t_val=12.17 | mem=383.9 | psnr_b100=27.534, psnr_set14=28.222, psnr_set5=32.250, psnr_urban100=25.940, ssim_b100=0.735, ssim_set14=0.859, ssim_set5=0.913, ssim_urban100=0.961 |
    29 | train=0.005983 | val=nan | lr=0.002 | t_train=12.82 | t_val=12.17 | mem=383.9 | psnr_b100=27.549, psnr_set14=28.190, psnr_set5=32.240, psnr_urban100=25.948, ssim_b100=0.735, ssim_set14=0.859, ssim_set5=0.913, ssim_urban100=0.961 |
    30 | train=0.006270 | val=nan | lr=0.002 | t_train=12.78 | t_val=12.13 | mem=383.9 | psnr_b100=27.548, psnr_set14=28.247, psnr_set5=32.277, psnr_urban100=25.953, ssim_b100=0.736, ssim_set14=0.860, ssim_set5=0.913, ssim_urban100=0.961 |
    31 | train=0.007239 | val=nan | lr=0.002 | t_train=12.77 | t_val=12.13 | mem=383.9 | psnr_b100=27.528, psnr_set14=28.239, psnr_set5=32.256, psnr_urban100=25.946, ssim_b100=0.735, ssim_set14=0.860, ssim_set5=0.913, ssim_urban100=0.961 |
    32 | train=0.010261 | val=nan | lr=0.002 | t_train=12.84 | t_val=12.18 | mem=383.9 | psnr_b100=27.520, psnr_set14=28.198, psnr_set5=32.246, psnr_urban100=25.919, ssim_b100=0.735, ssim_set14=0.859, ssim_set5=0.913, ssim_urban100=0.961 |
    33 | train=0.010123 | val=nan | lr=0.002 | t_train=12.80 | t_val=12.15 | mem=383.9 | psnr_b100=27.524, psnr_set14=28.127, psnr_set5=32.174, psnr_urban100=25.885, ssim_b100=0.735, ssim_set14=0.859, ssim_set5=0.912, ssim_urban100=0.961 |
    34 | train=0.011051 | val=nan | lr=0.002 | t_train=12.87 | t_val=12.13 | mem=383.9 | psnr_b100=27.527, psnr_set14=28.223, psnr_set5=32.247, psnr_urban100=25.933, ssim_b100=0.734, ssim_set14=0.859, ssim_set5=0.913, ssim_urban100=0.961 |
    35 | train=0.011609 | val=nan | lr=0.002 | t_train=12.78 | t_val=12.13 | mem=383.9 | psnr_b100=27.475, psnr_set14=28.095, psnr_set5=32.065, psnr_urban100=25.814, ssim_b100=0.734, ssim_set14=0.858, ssim_set5=0.911, ssim_urban100=0.959 |
    36 | train=0.012562 | val=nan | lr=0.002 | t_train=12.76 | t_val=12.11 | mem=383.9 | psnr_b100=27.492, psnr_set14=28.145, psnr_set5=32.163, psnr_urban100=25.839, ssim_b100=0.734, ssim_set14=0.858, ssim_set5=0.912, ssim_urban100=0.959 |
    37 | train=0.014392 | val=nan | lr=0.002 | t_train=12.77 | t_val=12.12 | mem=383.9 | psnr_b100=27.493, psnr_set14=28.138, psnr_set5=32.090, psnr_urban100=25.860, ssim_b100=0.734, ssim_set14=0.858, ssim_set5=0.911, ssim_urban100=0.959 |
    38 | train=0.014914 | val=nan | lr=0.002 | t_train=12.81 | t_val=12.16 | mem=383.9 | psnr_b100=27.475, psnr_set14=28.132, psnr_set5=32.092, psnr_urban100=25.827, ssim_b100=0.734, ssim_set14=0.858, ssim_set5=0.911, ssim_urban100=0.960 |
    39 | train=0.014505 | val=nan | lr=0.002 | t_train=12.77 | t_val=12.12 | mem=383.9 | psnr_b100=27.496, psnr_set14=28.189, psnr_set5=32.179, psnr_urban100=25.873, ssim_b100=0.734, ssim_set14=0.859, ssim_set5=0.912, ssim_urban100=0.960 |
    40 | train=0.016436 | val=nan | lr=0.002 | t_train=12.83 | t_val=12.18 | mem=383.9 | psnr_b100=27.486, psnr_set14=28.160, psnr_set5=32.124, psnr_urban100=25.834, ssim_b100=0.733, ssim_set14=0.858, ssim_set5=0.911, ssim_urban100=0.959 |
    41 | train=0.017812 | val=nan | lr=0.002 | t_train=12.79 | t_val=12.14 | mem=383.9 | psnr_b100=27.505, psnr_set14=28.197, psnr_set5=32.206, psnr_urban100=25.852, ssim_b100=0.734, ssim_set14=0.859, ssim_set5=0.912, ssim_urban100=0.960 |
    42 | train=0.016895 | val=nan | lr=0.002 | t_train=12.80 | t_val=12.15 | mem=383.9 | psnr_b100=27.528, psnr_set14=28.210, psnr_set5=32.232, psnr_urban100=25.914, ssim_b100=0.735, ssim_set14=0.859, ssim_set5=0.913, ssim_urban100=0.960 |
    43 | train=0.018616 | val=nan | lr=0.002 | t_train=12.78 | t_val=12.13 | mem=383.9 | psnr_b100=27.527, psnr_set14=28.175, psnr_set5=32.200, psnr_urban100=25.920, ssim_b100=0.735, ssim_set14=0.859, ssim_set5=0.913, ssim_urban100=0.960 |
    44 | train=0.019219 | val=nan | lr=0.002 | t_train=12.76 | t_val=12.11 | mem=383.9 | psnr_b100=27.503, psnr_set14=28.164, psnr_set5=32.176, psnr_urban100=25.847, ssim_b100=0.734, ssim_set14=0.858, ssim_set5=0.912, ssim_urban100=0.960 |
    45 | train=0.019792 | val=nan | lr=0.002 | t_train=12.79 | t_val=12.15 | mem=383.9 | psnr_b100=27.497, psnr_set14=28.191, psnr_set5=32.183, psnr_urban100=25.839, ssim_b100=0.734, ssim_set14=0.858, ssim_set5=0.912, ssim_urban100=0.959 |
    46 | train=0.021716 | val=nan | lr=0.002 | t_train=12.83 | t_val=12.17 | mem=383.9 | psnr_b100=27.449, psnr_set14=28.097, psnr_set5=32.110, psnr_urban100=25.715, ssim_b100=0.733, ssim_set14=0.858, ssim_set5=0.911, ssim_urban100=0.959 |
    47 | train=0.021127 | val=nan | lr=0.002 | t_train=12.90 | t_val=12.25 | mem=383.9 | psnr_b100=27.473, psnr_set14=28.127, psnr_set5=32.156, psnr_urban100=25.774, ssim_b100=0.734, ssim_set14=0.858, ssim_set5=0.912, ssim_urban100=0.959 |
    48 | train=0.022618 | val=nan | lr=0.002 | t_train=12.78 | t_val=12.13 | mem=383.9 | psnr_b100=27.485, psnr_set14=28.125, psnr_set5=32.155, psnr_urban100=25.788, ssim_b100=0.734, ssim_set14=0.858, ssim_set5=0.912, ssim_urban100=0.959 |
    49 | train=0.022571 | val=nan | lr=0.002 | t_train=12.72 | t_val=12.08 | mem=383.9 | psnr_b100=27.426, psnr_set14=28.051, psnr_set5=32.061, psnr_urban100=25.663, ssim_b100=0.732, ssim_set14=0.857, ssim_set5=0.910, ssim_urban100=0.957 |
    50 | train=0.023689 | val=nan | lr=0.002 | t_train=12.81 | t_val=12.16 | mem=383.9 | psnr_b100=27.457, psnr_set14=28.102, psnr_set5=32.140, psnr_urban100=25.777, ssim_b100=0.733, ssim_set14=0.858, ssim_set5=0.911, ssim_urban100=0.959 |
    51 | train=0.024467 | val=nan | lr=0.002 | t_train=12.76 | t_val=12.11 | mem=383.9 | psnr_b100=27.475, psnr_set14=28.116, psnr_set5=32.154, psnr_urban100=25.766, ssim_b100=0.734, ssim_set14=0.858, ssim_set5=0.911, ssim_urban100=0.959 |
    52 | train=0.026489 | val=nan | lr=0.002 | t_train=12.80 | t_val=12.14 | mem=383.9 | psnr_b100=27.446, psnr_set14=28.113, psnr_set5=32.116, psnr_urban100=25.721, ssim_b100=0.733, ssim_set14=0.858, ssim_set5=0.911, ssim_urban100=0.959 |
    53 | train=0.025318 | val=nan | lr=0.002 | t_train=12.74 | t_val=12.10 | mem=383.9 | psnr_b100=27.409, psnr_set14=28.046, psnr_set5=32.121, psnr_urban100=25.678, ssim_b100=0.732, ssim_set14=0.857, ssim_set5=0.911, ssim_urban100=0.958 |
    54 | train=0.026211 | val=nan | lr=0.002 | t_train=12.89 | t_val=12.15 | mem=383.9 | psnr_b100=27.394, psnr_set14=28.057, psnr_set5=32.124, psnr_urban100=25.648, ssim_b100=0.731, ssim_set14=0.857, ssim_set5=0.911, ssim_urban100=0.958 |
    55 | train=0.026289 | val=nan | lr=0.002 | t_train=12.77 | t_val=12.13 | mem=383.9 | psnr_b100=27.387, psnr_set14=28.078, psnr_set5=32.064, psnr_urban100=25.688, ssim_b100=0.731, ssim_set14=0.857, ssim_set5=0.910, ssim_urban100=0.958 |
    56 | train=0.027004 | val=nan | lr=0.002 | t_train=12.78 | t_val=12.13 | mem=383.9 | psnr_b100=27.363, psnr_set14=28.036, psnr_set5=32.004, psnr_urban100=25.612, ssim_b100=0.730, ssim_set14=0.856, ssim_set5=0.909, ssim_urban100=0.957 |
    57 | train=0.027508 | val=nan | lr=0.002 | t_train=12.79 | t_val=12.14 | mem=383.9 | psnr_b100=27.357, psnr_set14=28.023, psnr_set5=32.063, psnr_urban100=25.587, ssim_b100=0.730, ssim_set14=0.856, ssim_set5=0.910, ssim_urban100=0.957 |
    58 | train=0.028410 | val=nan | lr=0.002 | t_train=12.75 | t_val=12.11 | mem=383.9 | psnr_b100=27.359, psnr_set14=28.005, psnr_set5=32.008, psnr_urban100=25.540, ssim_b100=0.730, ssim_set14=0.856, ssim_set5=0.909, ssim_urban100=0.957 |
    59 | train=0.027986 | val=nan | lr=0.002 | t_train=12.79 | t_val=12.14 | mem=383.9 | psnr_b100=27.310, psnr_set14=27.952, psnr_set5=31.982, psnr_urban100=25.519, ssim_b100=0.729, ssim_set14=0.855, ssim_set5=0.908, ssim_urban100=0.957 |
    60 | train=0.028558 | val=nan | lr=0.002 | t_train=12.79 | t_val=12.14 | mem=383.9 | psnr_b100=27.376, psnr_set14=28.055, psnr_set5=32.074, psnr_urban100=25.595, ssim_b100=0.731, ssim_set14=0.857, ssim_set5=0.910, ssim_urban100=0.958 |
    61 | train=0.028536 | val=nan | lr=0.002 | t_train=12.74 | t_val=12.08 | mem=383.9 | psnr_b100=27.400, psnr_set14=28.074, psnr_set5=32.062, psnr_urban100=25.645, ssim_b100=0.731, ssim_set14=0.857, ssim_set5=0.910, ssim_urban100=0.958 |
    62 | train=0.030193 | val=nan | lr=0.002 | t_train=12.76 | t_val=12.10 | mem=383.9 | psnr_b100=27.379, psnr_set14=28.046, psnr_set5=32.037, psnr_urban100=25.629, ssim_b100=0.730, ssim_set14=0.857, ssim_set5=0.909, ssim_urban100=0.958 |
    63 | train=0.030215 | val=nan | lr=0.002 | t_train=12.79 | t_val=12.14 | mem=383.9 | psnr_b100=27.381, psnr_set14=28.048, psnr_set5=32.039, psnr_urban100=25.581, ssim_b100=0.730, ssim_set14=0.857, ssim_set5=0.909, ssim_urban100=0.957 |
    64 | train=0.029343 | val=nan | lr=0.002 | t_train=12.84 | t_val=12.19 | mem=383.9 | psnr_b100=27.373, psnr_set14=28.039, psnr_set5=32.030, psnr_urban100=25.601, ssim_b100=0.730, ssim_set14=0.857, ssim_set5=0.910, ssim_urban100=0.958 |
    65 | train=0.029357 | val=nan | lr=0.002 | t_train=12.78 | t_val=12.06 | mem=383.9 | psnr_b100=27.383, psnr_set14=28.035, psnr_set5=31.999, psnr_urban100=25.586, ssim_b100=0.730, ssim_set14=0.857, ssim_set5=0.909, ssim_urban100=0.957 |
    66 | train=0.030757 | val=nan | lr=0.002 | t_train=12.76 | t_val=12.12 | mem=383.9 | psnr_b100=27.359, psnr_set14=28.017, psnr_set5=32.005, psnr_urban100=25.539, ssim_b100=0.730, ssim_set14=0.856, ssim_set5=0.909, ssim_urban100=0.957 |
    67 | train=0.029242 | val=nan | lr=0.002 | t_train=12.71 | t_val=12.07 | mem=383.9 | psnr_b100=27.424, psnr_set14=28.062, psnr_set5=32.029, psnr_urban100=25.648, ssim_b100=0.732, ssim_set14=0.857, ssim_set5=0.910, ssim_urban100=0.958 |
    68 | train=0.030393 | val=nan | lr=0.002 | t_train=12.72 | t_val=12.08 | mem=383.9 | psnr_b100=27.373, psnr_set14=28.034, psnr_set5=32.002, psnr_urban100=25.571, ssim_b100=0.730, ssim_set14=0.856, ssim_set5=0.909, ssim_urban100=0.957 |
    69 | train=0.032678 | val=nan | lr=0.002 | t_train=12.77 | t_val=12.12 | mem=383.9 | psnr_b100=27.364, psnr_set14=27.994, psnr_set5=31.981, psnr_urban100=25.546, ssim_b100=0.730, ssim_set14=0.856, ssim_set5=0.909, ssim_urban100=0.957 |
    70 | train=0.031217 | val=nan | lr=0.002 | t_train=12.71 | t_val=12.05 | mem=383.9 | psnr_b100=27.384, psnr_set14=28.025, psnr_set5=32.010, psnr_urban100=25.549, ssim_b100=0.730, ssim_set14=0.856, ssim_set5=0.909, ssim_urban100=0.957 |
    71 | train=0.031318 | val=nan | lr=0.002 | t_train=12.77 | t_val=12.11 | mem=383.9 | psnr_b100=27.417, psnr_set14=28.044, psnr_set5=32.032, psnr_urban100=25.586, ssim_b100=0.731, ssim_set14=0.857, ssim_set5=0.909, ssim_urban100=0.958 |
    72 | train=0.030853 | val=nan | lr=0.002 | t_train=12.72 | t_val=12.07 | mem=383.9 | psnr_b100=27.366, psnr_set14=28.004, psnr_set5=31.922, psnr_urban100=25.556, ssim_b100=0.730, ssim_set14=0.856, ssim_set5=0.908, ssim_urban100=0.958 |
    73 | train=0.031432 | val=nan | lr=0.002 | t_train=12.74 | t_val=12.09 | mem=383.9 | psnr_b100=27.368, psnr_set14=28.038, psnr_set5=31.890, psnr_urban100=25.518, ssim_b100=0.731, ssim_set14=0.857, ssim_set5=0.908, ssim_urban100=0.957 |
    74 | train=0.031523 | val=nan | lr=0.002 | t_train=12.92 | t_val=12.28 | mem=383.9 | psnr_b100=27.349, psnr_set14=27.961, psnr_set5=31.856, psnr_urban100=25.514, ssim_b100=0.729, ssim_set14=0.855, ssim_set5=0.907, ssim_urban100=0.957 |
    75 | train=0.031670 | val=nan | lr=0.002 | t_train=12.78 | t_val=12.10 | mem=383.9 | psnr_b100=27.406, psnr_set14=28.049, psnr_set5=31.996, psnr_urban100=25.587, ssim_b100=0.731, ssim_set14=0.856, ssim_set5=0.909, ssim_urban100=0.958 |
    76 | train=0.029923 | val=nan | lr=0.002 | t_train=12.74 | t_val=12.10 | mem=383.9 | psnr_b100=27.380, psnr_set14=28.049, psnr_set5=31.976, psnr_urban100=25.567, ssim_b100=0.730, ssim_set14=0.856, ssim_set5=0.909, ssim_urban100=0.957 |
    77 | train=0.029122 | val=nan | lr=0.002 | t_train=12.77 | t_val=12.12 | mem=383.9 | psnr_b100=27.396, psnr_set14=28.052, psnr_set5=32.019, psnr_urban100=25.583, ssim_b100=0.730, ssim_set14=0.856, ssim_set5=0.909, ssim_urban100=0.958 |
    78 | train=0.029626 | val=nan | lr=0.002 | t_train=12.77 | t_val=12.11 | mem=383.9 | psnr_b100=27.367, psnr_set14=28.020, psnr_set5=31.929, psnr_urban100=25.486, ssim_b100=0.730, ssim_set14=0.856, ssim_set5=0.908, ssim_urban100=0.957 |
    79 | train=0.030046 | val=nan | lr=0.002 | t_train=12.73 | t_val=12.08 | mem=383.9 | psnr_b100=27.360, psnr_set14=28.020, psnr_set5=31.889, psnr_urban100=25.451, ssim_b100=0.729, ssim_set14=0.855, ssim_set5=0.907, ssim_urban100=0.956 |
    80 | train=0.029484 | val=nan | lr=0.002 | t_train=12.80 | t_val=12.16 | mem=383.9 | psnr_b100=27.418, psnr_set14=28.054, psnr_set5=31.909, psnr_urban100=25.547, ssim_b100=0.731, ssim_set14=0.857, ssim_set5=0.908, ssim_urban100=0.958 |
    81 | train=0.029413 | val=nan | lr=0.002 | t_train=12.77 | t_val=12.09 | mem=383.9 | psnr_b100=27.342, psnr_set14=27.959, psnr_set5=31.802, psnr_urban100=25.440, ssim_b100=0.729, ssim_set14=0.855, ssim_set5=0.905, ssim_urban100=0.956 |
    82 | train=0.028184 | val=nan | lr=0.002 | t_train=12.73 | t_val=12.08 | mem=383.9 | psnr_b100=27.399, psnr_set14=28.017, psnr_set5=31.919, psnr_urban100=25.527, ssim_b100=0.731, ssim_set14=0.856, ssim_set5=0.908, ssim_urban100=0.957 |
    83 | train=0.027511 | val=nan | lr=0.002 | t_train=12.87 | t_val=12.21 | mem=383.9 | psnr_b100=27.364, psnr_set14=27.990, psnr_set5=31.869, psnr_urban100=25.465, ssim_b100=0.730, ssim_set14=0.856, ssim_set5=0.907, ssim_urban100=0.957 |
    84 | train=0.029385 | val=nan | lr=0.002 | t_train=12.70 | t_val=12.05 | mem=383.9 | psnr_b100=27.262, psnr_set14=27.857, psnr_set5=31.614, psnr_urban100=25.353, ssim_b100=0.727, ssim_set14=0.854, ssim_set5=0.905, ssim_urban100=0.956 |
    85 | train=0.028849 | val=nan | lr=0.002 | t_train=12.88 | t_val=12.13 | mem=383.9 | psnr_b100=27.271, psnr_set14=27.871, psnr_set5=31.601, psnr_urban100=25.337, ssim_b100=0.726, ssim_set14=0.853, ssim_set5=0.903, ssim_urban100=0.955 |
    86 | train=0.026656 | val=nan | lr=0.002 | t_train=12.81 | t_val=12.16 | mem=383.9 | psnr_b100=27.236, psnr_set14=27.749, psnr_set5=31.384, psnr_urban100=25.219, ssim_b100=0.726, ssim_set14=0.853, ssim_set5=0.899, ssim_urban100=0.954 |
    87 | train=0.025620 | val=nan | lr=0.002 | t_train=12.73 | t_val=12.08 | mem=383.9 | psnr_b100=27.287, psnr_set14=27.849, psnr_set5=31.655, psnr_urban100=25.324, ssim_b100=0.727, ssim_set14=0.854, ssim_set5=0.904, ssim_urban100=0.955 |
    88 | train=0.025594 | val=nan | lr=0.002 | t_train=12.76 | t_val=12.12 | mem=383.9 | psnr_b100=27.243, psnr_set14=27.785, psnr_set5=31.455, psnr_urban100=25.194, ssim_b100=0.726, ssim_set14=0.853, ssim_set5=0.901, ssim_urban100=0.953 |
    89 | train=0.024644 | val=nan | lr=0.002 | t_train=12.77 | t_val=12.12 | mem=383.9 | psnr_b100=27.165, psnr_set14=27.664, psnr_set5=31.291, psnr_urban100=25.079, ssim_b100=0.724, ssim_set14=0.851, ssim_set5=0.897, ssim_urban100=0.952 |
    90 | train=0.024778 | val=nan | lr=0.002 | t_train=12.83 | t_val=12.17 | mem=383.9 | psnr_b100=27.222, psnr_set14=27.788, psnr_set5=31.525, psnr_urban100=25.172, ssim_b100=0.726, ssim_set14=0.853, ssim_set5=0.902, ssim_urban100=0.952 |
    91 | train=0.023274 | val=nan | lr=0.002 | t_train=12.80 | t_val=12.14 | mem=383.9 | psnr_b100=27.147, psnr_set14=27.695, psnr_set5=31.445, psnr_urban100=25.119, ssim_b100=0.723, ssim_set14=0.852, ssim_set5=0.900, ssim_urban100=0.953 |
    92 | train=0.021975 | val=nan | lr=0.002 | t_train=12.77 | t_val=12.12 | mem=383.9 | psnr_b100=27.185, psnr_set14=27.772, psnr_set5=31.449, psnr_urban100=25.100, ssim_b100=0.725, ssim_set14=0.852, ssim_set5=0.901, ssim_urban100=0.952 |
    93 | train=0.021928 | val=nan | lr=0.002 | t_train=12.81 | t_val=12.15 | mem=383.9 | psnr_b100=27.168, psnr_set14=27.752, psnr_set5=31.482, psnr_urban100=25.106, ssim_b100=0.723, ssim_set14=0.851, ssim_set5=0.901, ssim_urban100=0.952 |
    94 | train=0.020755 | val=nan | lr=0.002 | t_train=12.75 | t_val=12.08 | mem=383.9 | psnr_b100=27.182, psnr_set14=27.776, psnr_set5=31.500, psnr_urban100=25.131, ssim_b100=0.724, ssim_set14=0.852, ssim_set5=0.902, ssim_urban100=0.952 |
    95 | train=0.019454 | val=nan | lr=0.002 | t_train=12.82 | t_val=12.15 | mem=383.9 | psnr_b100=27.060, psnr_set14=27.564, psnr_set5=31.284, psnr_urban100=24.842, ssim_b100=0.721, ssim_set14=0.848, ssim_set5=0.900, ssim_urban100=0.948 |
    96 | train=0.019417 | val=nan | lr=0.002 | t_train=12.73 | t_val=12.08 | mem=383.9 | psnr_b100=27.166, psnr_set14=27.684, psnr_set5=31.481, psnr_urban100=25.045, ssim_b100=0.724, ssim_set14=0.851, ssim_set5=0.902, ssim_urban100=0.951 |
    97 | train=0.018540 | val=nan | lr=0.002 | t_train=12.83 | t_val=12.10 | mem=383.9 | psnr_b100=27.146, psnr_set14=27.719, psnr_set5=31.421, psnr_urban100=25.010, ssim_b100=0.723, ssim_set14=0.850, ssim_set5=0.901, ssim_urban100=0.951 |
    98 | train=0.018404 | val=nan | lr=0.002 | t_train=12.81 | t_val=12.16 | mem=383.9 | psnr_b100=27.142, psnr_set14=27.679, psnr_set5=31.386, psnr_urban100=25.007, ssim_b100=0.723, ssim_set14=0.849, ssim_set5=0.900, ssim_urban100=0.951 |
    99 | train=0.016439 | val=nan | lr=0.002 | t_train=12.81 | t_val=12.16 | mem=383.9 | psnr_b100=27.128, psnr_set14=27.642, psnr_set5=31.433, psnr_urban100=24.942, ssim_b100=0.723, ssim_set14=0.849, ssim_set5=0.901, ssim_urban100=0.949 |
   100 | train=0.015150 | val=nan | lr=0.002 | t_train=12.75 | t_val=12.09 | mem=383.9 | psnr_b100=26.980, psnr_set14=27.392, psnr_set5=31.082, psnr_urban100=24.669, ssim_b100=0.719, ssim_set14=0.845, ssim_set5=0.895, ssim_urban100=0.946 |
   101 | train=0.016163 | val=nan | lr=0.002 | t_train=12.72 | t_val=12.06 | mem=383.9 | psnr_b100=27.024, psnr_set14=27.505, psnr_set5=31.120, psnr_urban100=24.808, ssim_b100=0.721, ssim_set14=0.848, ssim_set5=0.898, ssim_urban100=0.949 |
   102 | train=0.014571 | val=nan | lr=0.002 | t_train=12.80 | t_val=12.15 | mem=383.9 | psnr_b100=27.047, psnr_set14=27.512, psnr_set5=31.281, psnr_urban100=24.808, ssim_b100=0.720, ssim_set14=0.847, ssim_set5=0.899, ssim_urban100=0.947 |
   103 | train=0.014494 | val=nan | lr=0.002 | t_train=12.78 | t_val=12.12 | mem=383.9 | psnr_b100=26.868, psnr_set14=27.309, psnr_set5=31.006, psnr_urban100=24.682, ssim_b100=0.715, ssim_set14=0.843, ssim_set5=0.896, ssim_urban100=0.945 |
   104 | train=0.014213 | val=nan | lr=0.002 | t_train=12.74 | t_val=12.10 | mem=383.9 | psnr_b100=26.973, psnr_set14=27.406, psnr_set5=31.081, psnr_urban100=24.652, ssim_b100=0.718, ssim_set14=0.844, ssim_set5=0.895, ssim_urban100=0.945 |
   105 | train=0.012785 | val=nan | lr=0.002 | t_train=12.77 | t_val=12.11 | mem=383.9 | psnr_b100=26.968, psnr_set14=27.364, psnr_set5=30.940, psnr_urban100=24.685, ssim_b100=0.718, ssim_set14=0.845, ssim_set5=0.893, ssim_urban100=0.946 |
   106 | train=0.011939 | val=nan | lr=0.002 | t_train=12.79 | t_val=12.15 | mem=383.9 | psnr_b100=27.023, psnr_set14=27.463, psnr_set5=31.150, psnr_urban100=24.775, ssim_b100=0.720, ssim_set14=0.846, ssim_set5=0.896, ssim_urban100=0.947 |
   107 | train=0.011521 | val=nan | lr=0.002 | t_train=12.75 | t_val=12.09 | mem=383.9 | psnr_b100=26.838, psnr_set14=27.212, psnr_set5=30.904, psnr_urban100=24.432, ssim_b100=0.714, ssim_set14=0.840, ssim_set5=0.890, ssim_urban100=0.942 |
   108 | train=0.011997 | val=nan | lr=0.002 | t_train=12.96 | t_val=12.32 | mem=383.9 | psnr_b100=26.937, psnr_set14=27.333, psnr_set5=31.072, psnr_urban100=24.578, ssim_b100=0.718, ssim_set14=0.845, ssim_set5=0.895, ssim_urban100=0.945 |
   109 | train=0.011163 | val=nan | lr=0.002 | t_train=12.77 | t_val=12.12 | mem=383.9 | psnr_b100=27.018, psnr_set14=27.439, psnr_set5=31.185, psnr_urban100=24.759, ssim_b100=0.720, ssim_set14=0.847, ssim_set5=0.896, ssim_urban100=0.947 |
   110 | train=0.012202 | val=nan | lr=0.002 | t_train=12.73 | t_val=12.08 | mem=383.9 | psnr_b100=27.087, psnr_set14=27.563, psnr_set5=31.366, psnr_urban100=24.852, ssim_b100=0.722, ssim_set14=0.848, ssim_set5=0.899, ssim_urban100=0.949 |
   111 | train=0.010283 | val=nan | lr=0.002 | t_train=12.80 | t_val=12.13 | mem=383.9 | psnr_b100=26.802, psnr_set14=27.259, psnr_set5=30.753, psnr_urban100=24.650, ssim_b100=0.713, ssim_set14=0.843, ssim_set5=0.890, ssim_urban100=0.945 |
   112 | train=0.010413 | val=nan | lr=0.002 | t_train=12.75 | t_val=12.09 | mem=383.9 | psnr_b100=26.878, psnr_set14=27.309, psnr_set5=30.958, psnr_urban100=24.583, ssim_b100=0.715, ssim_set14=0.843, ssim_set5=0.894, ssim_urban100=0.944 |
   113 | train=0.010181 | val=nan | lr=0.002 | t_train=12.75 | t_val=12.09 | mem=383.9 | psnr_b100=26.793, psnr_set14=27.159, psnr_set5=30.780, psnr_urban100=24.505, ssim_b100=0.713, ssim_set14=0.842, ssim_set5=0.891, ssim_urban100=0.944 |
   114 | train=0.009867 | val=nan | lr=0.002 | t_train=12.73 | t_val=12.06 | mem=383.9 | psnr_b100=26.815, psnr_set14=27.221, psnr_set5=30.956, psnr_urban100=24.493, ssim_b100=0.714, ssim_set14=0.843, ssim_set5=0.896, ssim_urban100=0.944 |
   115 | train=0.010595 | val=nan | lr=0.002 | t_train=12.77 | t_val=12.12 | mem=383.9 | psnr_b100=26.965, psnr_set14=27.417, psnr_set5=31.133, psnr_urban100=24.712, ssim_b100=0.717, ssim_set14=0.845, ssim_set5=0.896, ssim_urban100=0.946 |
   116 | train=0.008128 | val=nan | lr=0.002 | t_train=12.77 | t_val=12.12 | mem=383.9 | psnr_b100=26.864, psnr_set14=27.329, psnr_set5=31.117, psnr_urban100=24.579, ssim_b100=0.714, ssim_set14=0.843, ssim_set5=0.895, ssim_urban100=0.945 |
   117 | train=0.008859 | val=nan | lr=0.002 | t_train=12.94 | t_val=12.20 | mem=383.9 | psnr_b100=26.976, psnr_set14=27.516, psnr_set5=31.332, psnr_urban100=24.792, ssim_b100=0.717, ssim_set14=0.846, ssim_set5=0.899, ssim_urban100=0.947 |
   118 | train=0.009871 | val=nan | lr=0.002 | t_train=12.82 | t_val=12.16 | mem=383.9 | psnr_b100=26.884, psnr_set14=27.295, psnr_set5=31.051, psnr_urban100=24.468, ssim_b100=0.716, ssim_set14=0.842, ssim_set5=0.894, ssim_urban100=0.943 |
   119 | train=0.009301 | val=nan | lr=0.002 | t_train=12.74 | t_val=12.09 | mem=383.9 | psnr_b100=26.819, psnr_set14=27.190, psnr_set5=30.946, psnr_urban100=24.443, ssim_b100=0.713, ssim_set14=0.841, ssim_set5=0.894, ssim_urban100=0.943 |
   120 | train=0.008609 | val=nan | lr=0.002 | t_train=12.78 | t_val=12.12 | mem=383.9 | psnr_b100=26.927, psnr_set14=27.300, psnr_set5=31.106, psnr_urban100=24.561, ssim_b100=0.717, ssim_set14=0.844, ssim_set5=0.896, ssim_urban100=0.945 |
   121 | train=0.009571 | val=nan | lr=0.002 | t_train=12.78 | t_val=12.13 | mem=383.9 | psnr_b100=26.933, psnr_set14=27.366, psnr_set5=31.134, psnr_urban100=24.613, ssim_b100=0.717, ssim_set14=0.845, ssim_set5=0.896, ssim_urban100=0.946 |
   122 | train=0.008577 | val=nan | lr=0.002 | t_train=12.78 | t_val=12.14 | mem=383.9 | psnr_b100=26.945, psnr_set14=27.359, psnr_set5=31.196, psnr_urban100=24.667, ssim_b100=0.717, ssim_set14=0.843, ssim_set5=0.896, ssim_urban100=0.946 |
   123 | train=0.008272 | val=nan | lr=0.002 | t_train=12.77 | t_val=12.13 | mem=383.9 | psnr_b100=26.955, psnr_set14=27.424, psnr_set5=31.209, psnr_urban100=24.629, ssim_b100=0.717, ssim_set14=0.845, ssim_set5=0.896, ssim_urban100=0.946 |
   124 | train=0.008367 | val=nan | lr=0.002 | t_train=12.76 | t_val=12.09 | mem=383.9 | psnr_b100=26.927, psnr_set14=27.366, psnr_set5=31.110, psnr_urban100=24.568, ssim_b100=0.716, ssim_set14=0.843, ssim_set5=0.892, ssim_urban100=0.944 |
   125 | train=0.007845 | val=nan | lr=0.002 | t_train=12.82 | t_val=12.17 | mem=383.9 | psnr_b100=26.908, psnr_set14=27.304, psnr_set5=31.057, psnr_urban100=24.515, ssim_b100=0.716, ssim_set14=0.843, ssim_set5=0.894, ssim_urban100=0.944 |
   126 | train=0.009307 | val=nan | lr=0.002 | t_train=12.78 | t_val=12.13 | mem=383.9 | psnr_b100=26.919, psnr_set14=27.336, psnr_set5=31.026, psnr_urban100=24.540, ssim_b100=0.716, ssim_set14=0.844, ssim_set5=0.893, ssim_urban100=0.945 |
   127 | train=0.008982 | val=nan | lr=0.002 | t_train=12.79 | t_val=12.14 | mem=383.9 | psnr_b100=27.033, psnr_set14=27.479, psnr_set5=31.307, psnr_urban100=24.701, ssim_b100=0.720, ssim_set14=0.847, ssim_set5=0.899, ssim_urban100=0.947 |
   128 | train=0.007225 | val=nan | lr=0.002 | t_train=12.84 | t_val=12.11 | mem=383.9 | psnr_b100=26.943, psnr_set14=27.333, psnr_set5=31.153, psnr_urban100=24.541, ssim_b100=0.717, ssim_set14=0.844, ssim_set5=0.894, ssim_urban100=0.944 |
   129 | train=0.008820 | val=nan | lr=0.002 | t_train=12.78 | t_val=12.13 | mem=383.9 | psnr_b100=26.896, psnr_set14=27.252, psnr_set5=31.039, psnr_urban100=24.501, ssim_b100=0.716, ssim_set14=0.844, ssim_set5=0.893, ssim_urban100=0.944 |
   130 | train=0.008858 | val=nan | lr=0.002 | t_train=12.80 | t_val=12.15 | mem=383.9 | psnr_b100=26.965, psnr_set14=27.414, psnr_set5=31.309, psnr_urban100=24.661, ssim_b100=0.718, ssim_set14=0.846, ssim_set5=0.897, ssim_urban100=0.947 |
   131 | train=0.009899 | val=nan | lr=0.002 | t_train=12.77 | t_val=12.12 | mem=383.9 | psnr_b100=27.007, psnr_set14=27.442, psnr_set5=31.314, psnr_urban100=24.694, ssim_b100=0.719, ssim_set14=0.846, ssim_set5=0.897, ssim_urban100=0.946 |
   132 | train=0.008402 | val=nan | lr=0.002 | t_train=12.76 | t_val=12.12 | mem=383.9 | psnr_b100=26.956, psnr_set14=27.366, psnr_set5=31.149, psnr_urban100=24.558, ssim_b100=0.718, ssim_set14=0.844, ssim_set5=0.895, ssim_urban100=0.945 |
   133 | train=0.007586 | val=nan | lr=0.002 | t_train=12.79 | t_val=12.15 | mem=383.9 | psnr_b100=26.974, psnr_set14=27.409, psnr_set5=31.174, psnr_urban100=24.633, ssim_b100=0.718, ssim_set14=0.845, ssim_set5=0.894, ssim_urban100=0.946 |
   134 | train=0.009238 | val=nan | lr=0.002 | t_train=12.87 | t_val=12.21 | mem=383.9 | psnr_b100=26.956, psnr_set14=27.468, psnr_set5=31.263, psnr_urban100=24.681, ssim_b100=0.717, ssim_set14=0.846, ssim_set5=0.897, ssim_urban100=0.946 |
   135 | train=0.008726 | val=nan | lr=0.002 | t_train=12.78 | t_val=12.13 | mem=383.9 | psnr_b100=26.981, psnr_set14=27.467, psnr_set5=31.122, psnr_urban100=24.721, ssim_b100=0.718, ssim_set14=0.847, ssim_set5=0.893, ssim_urban100=0.947 |
   136 | train=0.011192 | val=nan | lr=0.002 | t_train=12.78 | t_val=12.12 | mem=383.9 | psnr_b100=26.907, psnr_set14=27.375, psnr_set5=31.053, psnr_urban100=24.632, ssim_b100=0.716, ssim_set14=0.844, ssim_set5=0.891, ssim_urban100=0.946 |
   137 | train=0.006968 | val=nan | lr=0.002 | t_train=12.79 | t_val=12.14 | mem=383.9 | psnr_b100=26.892, psnr_set14=27.311, psnr_set5=31.075, psnr_urban100=24.533, ssim_b100=0.716, ssim_set14=0.843, ssim_set5=0.893, ssim_urban100=0.944 |
   138 | train=0.008705 | val=nan | lr=0.002 | t_train=12.71 | t_val=12.06 | mem=383.9 | psnr_b100=26.911, psnr_set14=27.312, psnr_set5=31.129, psnr_urban100=24.519, ssim_b100=0.716, ssim_set14=0.843, ssim_set5=0.894, ssim_urban100=0.944 |
   139 | train=0.008265 | val=nan | lr=0.002 | t_train=12.72 | t_val=12.07 | mem=383.9 | psnr_b100=26.970, psnr_set14=27.415, psnr_set5=31.181, psnr_urban100=24.646, ssim_b100=0.718, ssim_set14=0.846, ssim_set5=0.895, ssim_urban100=0.946 |
   140 | train=0.008334 | val=nan | lr=0.002 | t_train=12.81 | t_val=12.14 | mem=383.9 | psnr_b100=27.004, psnr_set14=27.541, psnr_set5=31.285, psnr_urban100=24.753, ssim_b100=0.719, ssim_set14=0.848, ssim_set5=0.897, ssim_urban100=0.948 |
   141 | train=0.006361 | val=nan | lr=0.002 | t_train=12.73 | t_val=12.07 | mem=383.9 | psnr_b100=26.903, psnr_set14=27.375, psnr_set5=31.163, psnr_urban100=24.554, ssim_b100=0.716, ssim_set14=0.844, ssim_set5=0.894, ssim_urban100=0.945 |
   142 | train=0.009358 | val=nan | lr=0.002 | t_train=12.77 | t_val=12.13 | mem=383.9 | psnr_b100=27.001, psnr_set14=27.481, psnr_set5=31.268, psnr_urban100=24.715, ssim_b100=0.718, ssim_set14=0.846, ssim_set5=0.896, ssim_urban100=0.947 |
   143 | train=0.008865 | val=nan | lr=0.002 | t_train=12.79 | t_val=12.15 | mem=383.9 | psnr_b100=26.826, psnr_set14=27.256, psnr_set5=30.935, psnr_urban100=24.438, ssim_b100=0.714, ssim_set14=0.843, ssim_set5=0.890, ssim_urban100=0.943 |
   144 | train=0.008360 | val=nan | lr=0.002 | t_train=12.76 | t_val=12.12 | mem=383.9 | psnr_b100=26.908, psnr_set14=27.285, psnr_set5=30.984, psnr_urban100=24.544, ssim_b100=0.717, ssim_set14=0.844, ssim_set5=0.891, ssim_urban100=0.946 |
   145 | train=0.009354 | val=nan | lr=0.002 | t_train=12.78 | t_val=12.13 | mem=383.9 | psnr_b100=27.008, psnr_set14=27.474, psnr_set5=31.287, psnr_urban100=24.710, ssim_b100=0.718, ssim_set14=0.847, ssim_set5=0.898, ssim_urban100=0.947 |
   146 | train=0.009377 | val=nan | lr=0.002 | t_train=12.79 | t_val=12.14 | mem=383.9 | psnr_b100=26.984, psnr_set14=27.408, psnr_set5=31.194, psnr_urban100=24.651, ssim_b100=0.718, ssim_set14=0.846, ssim_set5=0.894, ssim_urban100=0.947 |
   147 | train=0.007824 | val=nan | lr=0.002 | t_train=12.81 | t_val=12.16 | mem=383.9 | psnr_b100=26.947, psnr_set14=27.445, psnr_set5=31.302, psnr_urban100=24.647, ssim_b100=0.717, ssim_set14=0.846, ssim_set5=0.899, ssim_urban100=0.947 |
   148 | train=0.009163 | val=nan | lr=0.002 | t_train=12.74 | t_val=12.09 | mem=383.9 | psnr_b100=26.934, psnr_set14=27.341, psnr_set5=31.131, psnr_urban100=24.562, ssim_b100=0.716, ssim_set14=0.844, ssim_set5=0.893, ssim_urban100=0.945 |
   149 | train=0.009022 | val=nan | lr=0.002 | t_train=12.92 | t_val=12.16 | mem=383.9 | psnr_b100=26.960, psnr_set14=27.417, psnr_set5=31.196, psnr_urban100=24.634, ssim_b100=0.717, ssim_set14=0.845, ssim_set5=0.895, ssim_urban100=0.946 |
   150 | train=0.008007 | val=nan | lr=0.002 | t_train=12.78 | t_val=12.12 | mem=383.9 | psnr_b100=27.040, psnr_set14=27.536, psnr_set5=31.310, psnr_urban100=24.787, ssim_b100=0.721, ssim_set14=0.849, ssim_set5=0.899, ssim_urban100=0.949 |
   151 | train=0.008488 | val=nan | lr=0.002 | t_train=12.82 | t_val=12.16 | mem=383.9 | psnr_b100=27.032, psnr_set14=27.534, psnr_set5=31.439, psnr_urban100=24.785, ssim_b100=0.719, ssim_set14=0.847, ssim_set5=0.899, ssim_urban100=0.948 |
   152 | train=0.009138 | val=nan | lr=0.002 | t_train=12.77 | t_val=12.12 | mem=383.9 | psnr_b100=27.000, psnr_set14=27.510, psnr_set5=31.300, psnr_urban100=24.691, ssim_b100=0.718, ssim_set14=0.846, ssim_set5=0.898, ssim_urban100=0.947 |
   153 | train=0.007915 | val=nan | lr=0.002 | t_train=12.80 | t_val=12.14 | mem=383.9 | psnr_b100=27.038, psnr_set14=27.586, psnr_set5=31.325, psnr_urban100=24.790, ssim_b100=0.720, ssim_set14=0.848, ssim_set5=0.898, ssim_urban100=0.949 |
   154 | train=0.008452 | val=nan | lr=0.002 | t_train=12.81 | t_val=12.16 | mem=383.9 | psnr_b100=26.953, psnr_set14=27.365, psnr_set5=31.144, psnr_urban100=24.588, ssim_b100=0.717, ssim_set14=0.844, ssim_set5=0.895, ssim_urban100=0.946 |
   155 | train=0.007649 | val=nan | lr=0.002 | t_train=12.89 | t_val=12.24 | mem=383.9 | psnr_b100=26.993, psnr_set14=27.499, psnr_set5=31.308, psnr_urban100=24.708, ssim_b100=0.718, ssim_set14=0.847, ssim_set5=0.898, ssim_urban100=0.948 |
   156 | train=0.008704 | val=nan | lr=0.002 | t_train=12.80 | t_val=12.14 | mem=383.9 | psnr_b100=26.948, psnr_set14=27.471, psnr_set5=31.240, psnr_urban100=24.629, ssim_b100=0.717, ssim_set14=0.846, ssim_set5=0.897, ssim_urban100=0.946 |
   157 | train=0.010000 | val=nan | lr=0.002 | t_train=12.74 | t_val=12.09 | mem=383.9 | psnr_b100=26.915, psnr_set14=27.335, psnr_set5=31.146, psnr_urban100=24.624, ssim_b100=0.716, ssim_set14=0.843, ssim_set5=0.897, ssim_urban100=0.946 |
   158 | train=0.009058 | val=nan | lr=0.002 | t_train=12.82 | t_val=12.17 | mem=383.9 | psnr_b100=26.971, psnr_set14=27.426, psnr_set5=31.186, psnr_urban100=24.614, ssim_b100=0.717, ssim_set14=0.845, ssim_set5=0.894, ssim_urban100=0.946 |
   159 | train=0.007765 | val=nan | lr=0.002 | t_train=12.77 | t_val=12.11 | mem=383.9 | psnr_b100=26.919, psnr_set14=27.422, psnr_set5=31.073, psnr_urban100=24.624, ssim_b100=0.718, ssim_set14=0.847, ssim_set5=0.896, ssim_urban100=0.947 |
   160 | train=0.008651 | val=nan | lr=0.002 | t_train=12.90 | t_val=12.16 | mem=383.9 | psnr_b100=26.995, psnr_set14=27.409, psnr_set5=31.166, psnr_urban100=24.653, ssim_b100=0.718, ssim_set14=0.845, ssim_set5=0.895, ssim_urban100=0.947 |
   161 | train=0.008902 | val=nan | lr=0.002 | t_train=12.79 | t_val=12.14 | mem=383.9 | psnr_b100=27.017, psnr_set14=27.454, psnr_set5=31.227, psnr_urban100=24.677, ssim_b100=0.719, ssim_set14=0.846, ssim_set5=0.895, ssim_urban100=0.947 |
   162 | train=0.007646 | val=nan | lr=0.002 | t_train=12.76 | t_val=12.10 | mem=383.9 | psnr_b100=27.014, psnr_set14=27.451, psnr_set5=31.262, psnr_urban100=24.719, ssim_b100=0.719, ssim_set14=0.846, ssim_set5=0.896, ssim_urban100=0.947 |
   163 | train=0.008621 | val=nan | lr=0.002 | t_train=12.75 | t_val=12.11 | mem=383.9 | psnr_b100=26.904, psnr_set14=27.326, psnr_set5=31.030, psnr_urban100=24.566, ssim_b100=0.716, ssim_set14=0.844, ssim_set5=0.892, ssim_urban100=0.945 |
   164 | train=0.007998 | val=nan | lr=0.002 | t_train=12.78 | t_val=12.12 | mem=383.9 | psnr_b100=26.985, psnr_set14=27.467, psnr_set5=31.264, psnr_urban100=24.726, ssim_b100=0.718, ssim_set14=0.847, ssim_set5=0.896, ssim_urban100=0.947 |
   165 | train=0.010593 | val=nan | lr=0.002 | t_train=12.74 | t_val=12.09 | mem=383.9 | psnr_b100=26.980, psnr_set14=27.429, psnr_set5=31.270, psnr_urban100=24.665, ssim_b100=0.718, ssim_set14=0.845, ssim_set5=0.897, ssim_urban100=0.947 |
   166 | train=0.008538 | val=nan | lr=0.002 | t_train=12.78 | t_val=12.13 | mem=383.9 | psnr_b100=26.969, psnr_set14=27.420, psnr_set5=31.206, psnr_urban100=24.661, ssim_b100=0.718, ssim_set14=0.846, ssim_set5=0.896, ssim_urban100=0.947 |
   167 | train=0.009969 | val=nan | lr=0.002 | t_train=12.87 | t_val=12.21 | mem=383.9 | psnr_b100=26.953, psnr_set14=27.389, psnr_set5=31.186, psnr_urban100=24.581, ssim_b100=0.718, ssim_set14=0.845, ssim_set5=0.894, ssim_urban100=0.946 |
   168 | train=0.009299 | val=nan | lr=0.002 | t_train=12.85 | t_val=12.20 | mem=383.9 | psnr_b100=27.007, psnr_set14=27.461, psnr_set5=31.302, psnr_urban100=24.680, ssim_b100=0.719, ssim_set14=0.847, ssim_set5=0.897, ssim_urban100=0.947 |
   169 | train=0.007486 | val=nan | lr=0.002 | t_train=12.93 | t_val=12.28 | mem=383.9 | psnr_b100=26.983, psnr_set14=27.445, psnr_set5=31.221, psnr_urban100=24.644, ssim_b100=0.718, ssim_set14=0.846, ssim_set5=0.896, ssim_urban100=0.947 |
   170 | train=0.008492 | val=nan | lr=0.002 | t_train=12.90 | t_val=12.25 | mem=383.9 | psnr_b100=27.083, psnr_set14=27.625, psnr_set5=31.436, psnr_urban100=24.779, ssim_b100=0.721, ssim_set14=0.848, ssim_set5=0.900, ssim_urban100=0.948 |
   171 | train=0.008754 | val=nan | lr=0.002 | t_train=12.86 | t_val=12.21 | mem=383.9 | psnr_b100=26.901, psnr_set14=27.330, psnr_set5=31.055, psnr_urban100=24.483, ssim_b100=0.716, ssim_set14=0.844, ssim_set5=0.892, ssim_urban100=0.945 |
   172 | train=0.009248 | val=nan | lr=0.002 | t_train=12.84 | t_val=12.18 | mem=383.9 | psnr_b100=26.966, psnr_set14=27.386, psnr_set5=31.166, psnr_urban100=24.595, ssim_b100=0.717, ssim_set14=0.845, ssim_set5=0.894, ssim_urban100=0.946 |
   173 | train=0.009027 | val=nan | lr=0.002 | t_train=12.89 | t_val=12.24 | mem=383.9 | psnr_b100=27.032, psnr_set14=27.530, psnr_set5=31.327, psnr_urban100=24.750, ssim_b100=0.719, ssim_set14=0.847, ssim_set5=0.897, ssim_urban100=0.948 |
   174 | train=0.007444 | val=nan | lr=0.002 | t_train=12.86 | t_val=12.21 | mem=383.9 | psnr_b100=27.002, psnr_set14=27.410, psnr_set5=31.200, psnr_urban100=24.675, ssim_b100=0.719, ssim_set14=0.846, ssim_set5=0.896, ssim_urban100=0.947 |
   175 | train=0.008430 | val=nan | lr=0.002 | t_train=12.88 | t_val=12.22 | mem=383.9 | psnr_b100=27.062, psnr_set14=27.568, psnr_set5=31.313, psnr_urban100=24.810, ssim_b100=0.720, ssim_set14=0.847, ssim_set5=0.897, ssim_urban100=0.949 |
   176 | train=0.008646 | val=nan | lr=0.002 | t_train=12.84 | t_val=12.18 | mem=383.9 | psnr_b100=26.923, psnr_set14=27.352, psnr_set5=31.051, psnr_urban100=24.568, ssim_b100=0.717, ssim_set14=0.845, ssim_set5=0.894, ssim_urban100=0.946 |
   177 | train=0.009140 | val=nan | lr=0.002 | t_train=12.93 | t_val=12.28 | mem=383.9 | psnr_b100=27.003, psnr_set14=27.479, psnr_set5=31.279, psnr_urban100=24.677, ssim_b100=0.718, ssim_set14=0.846, ssim_set5=0.896, ssim_urban100=0.947 |
   178 | train=0.009104 | val=nan | lr=0.002 | t_train=13.41 | t_val=12.70 | mem=383.9 | psnr_b100=27.040, psnr_set14=27.528, psnr_set5=31.304, psnr_urban100=24.738, ssim_b100=0.719, ssim_set14=0.847, ssim_set5=0.896, ssim_urban100=0.948 |
   179 | train=0.008516 | val=nan | lr=0.002 | t_train=12.94 | t_val=12.26 | mem=383.9 | psnr_b100=27.018, psnr_set14=27.521, psnr_set5=31.214, psnr_urban100=24.721, ssim_b100=0.719, ssim_set14=0.846, ssim_set5=0.896, ssim_urban100=0.948 |
   180 | train=0.006843 | val=nan | lr=0.002 | t_train=12.87 | t_val=12.21 | mem=383.9 | psnr_b100=27.008, psnr_set14=27.453, psnr_set5=31.268, psnr_urban100=24.685, ssim_b100=0.718, ssim_set14=0.845, ssim_set5=0.897, ssim_urban100=0.947 |
   181 | train=0.008489 | val=nan | lr=0.002 | t_train=12.85 | t_val=12.20 | mem=383.9 | psnr_b100=27.034, psnr_set14=27.492, psnr_set5=31.255, psnr_urban100=24.716, ssim_b100=0.719, ssim_set14=0.846, ssim_set5=0.895, ssim_urban100=0.947 |
   182 | train=0.008753 | val=nan | lr=0.002 | t_train=12.94 | t_val=12.20 | mem=383.9 | psnr_b100=26.966, psnr_set14=27.400, psnr_set5=31.089, psnr_urban100=24.620, ssim_b100=0.718, ssim_set14=0.846, ssim_set5=0.894, ssim_urban100=0.946 |
   183 | train=0.008583 | val=nan | lr=0.002 | t_train=12.86 | t_val=12.21 | mem=383.9 | psnr_b100=27.021, psnr_set14=27.472, psnr_set5=31.156, psnr_urban100=24.706, ssim_b100=0.718, ssim_set14=0.846, ssim_set5=0.893, ssim_urban100=0.947 |
   184 | train=0.009898 | val=nan | lr=0.002 | t_train=12.89 | t_val=12.23 | mem=383.9 | psnr_b100=27.000, psnr_set14=27.519, psnr_set5=31.251, psnr_urban100=24.721, ssim_b100=0.718, ssim_set14=0.847, ssim_set5=0.896, ssim_urban100=0.947 |
   185 | train=0.008638 | val=nan | lr=0.002 | t_train=12.92 | t_val=12.26 | mem=383.9 | psnr_b100=26.993, psnr_set14=27.508, psnr_set5=31.220, psnr_urban100=24.729, ssim_b100=0.717, ssim_set14=0.847, ssim_set5=0.896, ssim_urban100=0.947 |
   186 | train=0.009773 | val=nan | lr=0.002 | t_train=12.83 | t_val=12.19 | mem=383.9 | psnr_b100=27.006, psnr_set14=27.477, psnr_set5=31.163, psnr_urban100=24.720, ssim_b100=0.718, ssim_set14=0.846, ssim_set5=0.892, ssim_urban100=0.947 |
   187 | train=0.008331 | val=nan | lr=0.002 | t_train=12.86 | t_val=12.21 | mem=383.9 | psnr_b100=27.045, psnr_set14=27.518, psnr_set5=31.217, psnr_urban100=24.779, ssim_b100=0.719, ssim_set14=0.848, ssim_set5=0.895, ssim_urban100=0.949 |
   188 | train=0.009698 | val=nan | lr=0.002 | t_train=12.91 | t_val=12.26 | mem=383.9 | psnr_b100=26.970, psnr_set14=27.412, psnr_set5=31.101, psnr_urban100=24.662, ssim_b100=0.717, ssim_set14=0.844, ssim_set5=0.891, ssim_urban100=0.947 |
   189 | train=0.007164 | val=nan | lr=0.002 | t_train=12.83 | t_val=12.17 | mem=383.9 | psnr_b100=26.906, psnr_set14=27.293, psnr_set5=30.900, psnr_urban100=24.518, ssim_b100=0.715, ssim_set14=0.843, ssim_set5=0.889, ssim_urban100=0.945 |
   190 | train=0.007521 | val=nan | lr=0.002 | t_train=12.73 | t_val=12.08 | mem=383.9 | psnr_b100=27.002, psnr_set14=27.471, psnr_set5=31.183, psnr_urban100=24.638, ssim_b100=0.718, ssim_set14=0.846, ssim_set5=0.895, ssim_urban100=0.946 |
   191 | train=0.007631 | val=nan | lr=0.002 | t_train=12.97 | t_val=12.23 | mem=383.9 | psnr_b100=26.886, psnr_set14=27.301, psnr_set5=30.905, psnr_urban100=24.470, ssim_b100=0.715, ssim_set14=0.843, ssim_set5=0.888, ssim_urban100=0.944 |
   192 | train=0.007316 | val=nan | lr=0.002 | t_train=12.87 | t_val=12.21 | mem=383.9 | psnr_b100=27.011, psnr_set14=27.521, psnr_set5=31.299, psnr_urban100=24.741, ssim_b100=0.719, ssim_set14=0.847, ssim_set5=0.897, ssim_urban100=0.948 |
   193 | train=0.007983 | val=nan | lr=0.002 | t_train=12.82 | t_val=12.17 | mem=383.9 | psnr_b100=26.998, psnr_set14=27.467, psnr_set5=31.151, psnr_urban100=24.631, ssim_b100=0.719, ssim_set14=0.846, ssim_set5=0.894, ssim_urban100=0.947 |
   194 | train=0.007577 | val=nan | lr=0.002 | t_train=12.84 | t_val=12.18 | mem=383.9 | psnr_b100=27.035, psnr_set14=27.543, psnr_set5=31.338, psnr_urban100=24.746, ssim_b100=0.720, ssim_set14=0.848, ssim_set5=0.898, ssim_urban100=0.948 |
   195 | train=0.006479 | val=nan | lr=0.002 | t_train=12.88 | t_val=12.22 | mem=383.9 | psnr_b100=27.002, psnr_set14=27.484, psnr_set5=31.300, psnr_urban100=24.723, ssim_b100=0.718, ssim_set14=0.846, ssim_set5=0.898, ssim_urban100=0.947 |
   196 | train=0.007838 | val=nan | lr=0.002 | t_train=12.80 | t_val=12.13 | mem=383.9 | psnr_b100=26.949, psnr_set14=27.400, psnr_set5=31.083, psnr_urban100=24.581, ssim_b100=0.717, ssim_set14=0.845, ssim_set5=0.892, ssim_urban100=0.945 |
   197 | train=0.008359 | val=nan | lr=0.002 | t_train=12.84 | t_val=12.18 | mem=383.9 | psnr_b100=26.936, psnr_set14=27.331, psnr_set5=31.025, psnr_urban100=24.567, ssim_b100=0.717, ssim_set14=0.844, ssim_set5=0.892, ssim_urban100=0.946 |
   198 | train=0.008997 | val=nan | lr=0.002 | t_train=12.85 | t_val=12.20 | mem=383.9 | psnr_b100=26.960, psnr_set14=27.354, psnr_set5=31.103, psnr_urban100=24.566, ssim_b100=0.717, ssim_set14=0.844, ssim_set5=0.893, ssim_urban100=0.945 |
   199 | train=0.008087 | val=nan | lr=0.002 | t_train=12.84 | t_val=12.20 | mem=383.9 | psnr_b100=27.031, psnr_set14=27.527, psnr_set5=31.277, psnr_urban100=24.713, ssim_b100=0.719, ssim_set14=0.846, ssim_set5=0.896, ssim_urban100=0.947 |
   200 | train=0.009081 | val=nan | lr=0.002 | t_train=12.84 | t_val=12.19 | mem=383.9 | psnr_b100=27.038, psnr_set14=27.499, psnr_set5=31.286, psnr_urban100=24.701, ssim_b100=0.719, ssim_set14=0.847, ssim_set5=0.895, ssim_urban100=0.947 |
   201 | train=0.007397 | val=nan | lr=0.002 | t_train=12.93 | t_val=12.28 | mem=383.9 | psnr_b100=27.060, psnr_set14=27.563, psnr_set5=31.313, psnr_urban100=24.773, ssim_b100=0.720, ssim_set14=0.848, ssim_set5=0.897, ssim_urban100=0.949 |
   202 | train=0.009559 | val=nan | lr=0.002 | t_train=12.79 | t_val=12.13 | mem=383.9 | psnr_b100=26.952, psnr_set14=27.384, psnr_set5=31.090, psnr_urban100=24.599, ssim_b100=0.718, ssim_set14=0.845, ssim_set5=0.892, ssim_urban100=0.946 |
   203 | train=0.008203 | val=nan | lr=0.002 | t_train=12.81 | t_val=12.15 | mem=383.9 | psnr_b100=26.972, psnr_set14=27.407, psnr_set5=31.153, psnr_urban100=24.659, ssim_b100=0.717, ssim_set14=0.845, ssim_set5=0.893, ssim_urban100=0.947 |
   204 | train=0.008528 | val=nan | lr=0.002 | t_train=12.90 | t_val=12.26 | mem=383.9 | psnr_b100=26.963, psnr_set14=27.348, psnr_set5=31.099, psnr_urban100=24.619, ssim_b100=0.718, ssim_set14=0.845, ssim_set5=0.895, ssim_urban100=0.947 |
   205 | train=0.007195 | val=nan | lr=0.002 | t_train=12.84 | t_val=12.19 | mem=383.9 | psnr_b100=27.049, psnr_set14=27.509, psnr_set5=31.265, psnr_urban100=24.746, ssim_b100=0.720, ssim_set14=0.846, ssim_set5=0.895, ssim_urban100=0.948 |
   206 | train=0.008344 | val=nan | lr=0.002 | t_train=12.86 | t_val=12.20 | mem=383.9 | psnr_b100=26.923, psnr_set14=27.314, psnr_set5=30.975, psnr_urban100=24.564, ssim_b100=0.717, ssim_set14=0.844, ssim_set5=0.891, ssim_urban100=0.946 |
   207 | train=0.007130 | val=nan | lr=0.002 | t_train=12.81 | t_val=12.15 | mem=383.9 | psnr_b100=26.994, psnr_set14=27.456, psnr_set5=31.215, psnr_urban100=24.661, ssim_b100=0.718, ssim_set14=0.846, ssim_set5=0.896, ssim_urban100=0.947 |
   208 | train=0.006623 | val=nan | lr=0.002 | t_train=12.85 | t_val=12.19 | mem=383.9 | psnr_b100=26.914, psnr_set14=27.321, psnr_set5=31.009, psnr_urban100=24.582, ssim_b100=0.717, ssim_set14=0.845, ssim_set5=0.894, ssim_urban100=0.946 |
   209 | train=0.007976 | val=nan | lr=0.002 | t_train=12.84 | t_val=12.19 | mem=383.9 | psnr_b100=27.008, psnr_set14=27.452, psnr_set5=31.157, psnr_urban100=24.684, ssim_b100=0.718, ssim_set14=0.845, ssim_set5=0.894, ssim_urban100=0.947 |
   210 | train=0.006564 | val=nan | lr=0.002 | t_train=12.84 | t_val=12.19 | mem=383.9 | psnr_b100=26.990, psnr_set14=27.392, psnr_set5=31.183, psnr_urban100=24.570, ssim_b100=0.718, ssim_set14=0.844, ssim_set5=0.894, ssim_urban100=0.946 |
   211 | train=0.007231 | val=nan | lr=0.002 | t_train=12.85 | t_val=12.21 | mem=383.9 | psnr_b100=26.957, psnr_set14=27.371, psnr_set5=31.044, psnr_urban100=24.621, ssim_b100=0.718, ssim_set14=0.845, ssim_set5=0.892, ssim_urban100=0.947 |
   212 | train=0.007185 | val=nan | lr=0.002 | t_train=12.85 | t_val=12.19 | mem=383.9 | psnr_b100=26.982, psnr_set14=27.464, psnr_set5=31.206, psnr_urban100=24.678, ssim_b100=0.718, ssim_set14=0.846, ssim_set5=0.894, ssim_urban100=0.947 |
   213 | train=0.007760 | val=nan | lr=0.002 | t_train=12.89 | t_val=12.22 | mem=383.9 | psnr_b100=27.073, psnr_set14=27.534, psnr_set5=31.268, psnr_urban100=24.737, ssim_b100=0.720, ssim_set14=0.847, ssim_set5=0.896, ssim_urban100=0.948 |
   214 | train=0.007728 | val=nan | lr=0.002 | t_train=12.85 | t_val=12.21 | mem=383.9 | psnr_b100=26.924, psnr_set14=27.345, psnr_set5=31.023, psnr_urban100=24.530, ssim_b100=0.716, ssim_set14=0.843, ssim_set5=0.891, ssim_urban100=0.945 |
   215 | train=0.009149 | val=nan | lr=0.002 | t_train=12.95 | t_val=12.20 | mem=383.9 | psnr_b100=27.004, psnr_set14=27.391, psnr_set5=31.162, psnr_urban100=24.573, ssim_b100=0.718, ssim_set14=0.845, ssim_set5=0.895, ssim_urban100=0.946 |
   216 | train=0.007143 | val=nan | lr=0.002 | t_train=12.77 | t_val=12.12 | mem=383.9 | psnr_b100=26.977, psnr_set14=27.418, psnr_set5=31.180, psnr_urban100=24.600, ssim_b100=0.717, ssim_set14=0.845, ssim_set5=0.895, ssim_urban100=0.946 |
   217 | train=0.007131 | val=nan | lr=0.002 | t_train=12.91 | t_val=12.24 | mem=383.9 | psnr_b100=27.003, psnr_set14=27.442, psnr_set5=31.206, psnr_urban100=24.657, ssim_b100=0.719, ssim_set14=0.846, ssim_set5=0.895, ssim_urban100=0.947 |
   218 | train=0.006995 | val=nan | lr=0.002 | t_train=12.87 | t_val=12.21 | mem=383.9 | psnr_b100=27.010, psnr_set14=27.432, psnr_set5=31.194, psnr_urban100=24.650, ssim_b100=0.719, ssim_set14=0.846, ssim_set5=0.894, ssim_urban100=0.947 |
   219 | train=0.006732 | val=nan | lr=0.002 | t_train=12.94 | t_val=12.28 | mem=383.9 | psnr_b100=26.952, psnr_set14=27.351, psnr_set5=31.111, psnr_urban100=24.557, ssim_b100=0.717, ssim_set14=0.844, ssim_set5=0.893, ssim_urban100=0.946 |
   220 | train=0.008166 | val=nan | lr=0.002 | t_train=12.91 | t_val=12.24 | mem=383.9 | psnr_b100=27.022, psnr_set14=27.481, psnr_set5=31.229, psnr_urban100=24.695, ssim_b100=0.719, ssim_set14=0.846, ssim_set5=0.895, ssim_urban100=0.948 |
   221 | train=0.008174 | val=nan | lr=0.002 | t_train=12.93 | t_val=12.27 | mem=383.9 | psnr_b100=26.974, psnr_set14=27.421, psnr_set5=31.077, psnr_urban100=24.646, ssim_b100=0.717, ssim_set14=0.845, ssim_set5=0.891, ssim_urban100=0.947 |
   222 | train=0.006451 | val=nan | lr=0.002 | t_train=12.75 | t_val=12.11 | mem=383.9 | psnr_b100=26.938, psnr_set14=27.319, psnr_set5=30.977, psnr_urban100=24.510, ssim_b100=0.717, ssim_set14=0.844, ssim_set5=0.891, ssim_urban100=0.945 |
   223 | train=0.006654 | val=nan | lr=0.002 | t_train=12.95 | t_val=12.22 | mem=383.9 | psnr_b100=26.995, psnr_set14=27.399, psnr_set5=31.107, psnr_urban100=24.630, ssim_b100=0.718, ssim_set14=0.845, ssim_set5=0.894, ssim_urban100=0.946 |
   224 | train=0.007948 | val=nan | lr=0.002 | t_train=12.90 | t_val=12.25 | mem=383.9 | psnr_b100=27.027, psnr_set14=27.449, psnr_set5=31.196, psnr_urban100=24.702, ssim_b100=0.720, ssim_set14=0.847, ssim_set5=0.895, ssim_urban100=0.948 |
   225 | train=0.007400 | val=nan | lr=0.002 | t_train=12.85 | t_val=12.20 | mem=383.9 | psnr_b100=26.977, psnr_set14=27.367, psnr_set5=30.992, psnr_urban100=24.635, ssim_b100=0.719, ssim_set14=0.846, ssim_set5=0.894, ssim_urban100=0.947 |
   226 | train=0.008017 | val=nan | lr=0.002 | t_train=12.90 | t_val=12.24 | mem=383.9 | psnr_b100=26.996, psnr_set14=27.402, psnr_set5=31.134, psnr_urban100=24.612, ssim_b100=0.718, ssim_set14=0.846, ssim_set5=0.894, ssim_urban100=0.946 |
   227 | train=0.007657 | val=nan | lr=0.002 | t_train=12.74 | t_val=12.09 | mem=383.9 | psnr_b100=26.947, psnr_set14=27.358, psnr_set5=31.036, psnr_urban100=24.539, ssim_b100=0.717, ssim_set14=0.844, ssim_set5=0.891, ssim_urban100=0.945 |
   228 | train=0.008491 | val=nan | lr=0.002 | t_train=12.78 | t_val=12.14 | mem=383.9 | psnr_b100=27.041, psnr_set14=27.507, psnr_set5=31.189, psnr_urban100=24.727, ssim_b100=0.719, ssim_set14=0.847, ssim_set5=0.894, ssim_urban100=0.948 |
   229 | train=0.006311 | val=nan | lr=0.002 | t_train=12.90 | t_val=12.25 | mem=383.9 | psnr_b100=26.960, psnr_set14=27.355, psnr_set5=31.067, psnr_urban100=24.584, ssim_b100=0.718, ssim_set14=0.845, ssim_set5=0.893, ssim_urban100=0.946 |
   230 | train=0.008796 | val=nan | lr=0.002 | t_train=12.88 | t_val=12.24 | mem=383.9 | psnr_b100=27.069, psnr_set14=27.545, psnr_set5=31.277, psnr_urban100=24.762, ssim_b100=0.720, ssim_set14=0.847, ssim_set5=0.895, ssim_urban100=0.949 |
   231 | train=0.007838 | val=nan | lr=0.002 | t_train=12.85 | t_val=12.20 | mem=383.9 | psnr_b100=26.997, psnr_set14=27.408, psnr_set5=31.136, psnr_urban100=24.634, ssim_b100=0.718, ssim_set14=0.845, ssim_set5=0.893, ssim_urban100=0.947 |
   232 | train=0.007529 | val=nan | lr=0.002 | t_train=12.86 | t_val=12.20 | mem=383.9 | psnr_b100=26.967, psnr_set14=27.374, psnr_set5=31.054, psnr_urban100=24.603, ssim_b100=0.717, ssim_set14=0.844, ssim_set5=0.891, ssim_urban100=0.946 |
   233 | train=0.007595 | val=nan | lr=0.002 | t_train=12.88 | t_val=12.23 | mem=383.9 | psnr_b100=27.049, psnr_set14=27.523, psnr_set5=31.255, psnr_urban100=24.784, ssim_b100=0.719, ssim_set14=0.847, ssim_set5=0.895, ssim_urban100=0.949 |
   234 | train=0.007070 | val=nan | lr=0.002 | t_train=12.87 | t_val=12.20 | mem=383.9 | psnr_b100=27.033, psnr_set14=27.481, psnr_set5=31.241, psnr_urban100=24.753, ssim_b100=0.720, ssim_set14=0.848, ssim_set5=0.897, ssim_urban100=0.949 |
   235 | train=0.008369 | val=nan | lr=0.002 | t_train=12.87 | t_val=12.21 | mem=383.9 | psnr_b100=27.009, psnr_set14=27.459, psnr_set5=31.191, psnr_urban100=24.679, ssim_b100=0.718, ssim_set14=0.845, ssim_set5=0.893, ssim_urban100=0.948 |
   236 | train=0.007732 | val=nan | lr=0.002 | t_train=12.83 | t_val=12.17 | mem=383.9 | psnr_b100=26.899, psnr_set14=27.311, psnr_set5=31.014, psnr_urban100=24.516, ssim_b100=0.715, ssim_set14=0.843, ssim_set5=0.891, ssim_urban100=0.945 |
   237 | train=0.009022 | val=nan | lr=0.002 | t_train=12.88 | t_val=12.23 | mem=383.9 | psnr_b100=27.001, psnr_set14=27.436, psnr_set5=31.116, psnr_urban100=24.636, ssim_b100=0.718, ssim_set14=0.845, ssim_set5=0.892, ssim_urban100=0.947 |
   238 | train=0.008454 | val=nan | lr=0.002 | t_train=12.85 | t_val=12.19 | mem=383.9 | psnr_b100=26.999, psnr_set14=27.438, psnr_set5=31.170, psnr_urban100=24.657, ssim_b100=0.718, ssim_set14=0.846, ssim_set5=0.893, ssim_urban100=0.947 |
   239 | train=0.007740 | val=nan | lr=0.002 | t_train=12.92 | t_val=12.25 | mem=383.9 | psnr_b100=27.008, psnr_set14=27.456, psnr_set5=31.164, psnr_urban100=24.662, ssim_b100=0.718, ssim_set14=0.846, ssim_set5=0.894, ssim_urban100=0.947 |
   240 | train=0.008197 | val=nan | lr=0.002 | t_train=12.86 | t_val=12.21 | mem=383.9 | psnr_b100=26.970, psnr_set14=27.409, psnr_set5=31.061, psnr_urban100=24.638, ssim_b100=0.718, ssim_set14=0.846, ssim_set5=0.892, ssim_urban100=0.947 |
   241 | train=0.009123 | val=nan | lr=0.002 | t_train=12.89 | t_val=12.24 | mem=383.9 | psnr_b100=26.939, psnr_set14=27.327, psnr_set5=31.056, psnr_urban100=24.619, ssim_b100=0.719, ssim_set14=0.846, ssim_set5=0.896, ssim_urban100=0.947 |
   242 | train=0.008466 | val=nan | lr=0.002 | t_train=12.88 | t_val=12.21 | mem=383.9 | psnr_b100=26.906, psnr_set14=27.297, psnr_set5=30.887, psnr_urban100=24.558, ssim_b100=0.716, ssim_set14=0.844, ssim_set5=0.891, ssim_urban100=0.946 |
   243 | train=0.009925 | val=nan | lr=0.002 | t_train=12.89 | t_val=12.23 | mem=383.9 | psnr_b100=26.997, psnr_set14=27.421, psnr_set5=31.131, psnr_urban100=24.664, ssim_b100=0.718, ssim_set14=0.845, ssim_set5=0.892, ssim_urban100=0.947 |
   244 | train=0.009206 | val=nan | lr=0.002 | t_train=12.87 | t_val=12.21 | mem=383.9 | psnr_b100=26.934, psnr_set14=27.381, psnr_set5=31.060, psnr_urban100=24.650, ssim_b100=0.718, ssim_set14=0.845, ssim_set5=0.894, ssim_urban100=0.947 |
   245 | train=0.008308 | val=nan | lr=0.002 | t_train=12.88 | t_val=12.23 | mem=383.9 | psnr_b100=27.021, psnr_set14=27.466, psnr_set5=31.165, psnr_urban100=24.679, ssim_b100=0.719, ssim_set14=0.846, ssim_set5=0.894, ssim_urban100=0.948 |
   246 | train=0.007344 | val=nan | lr=0.002 | t_train=12.99 | t_val=12.27 | mem=383.9 | psnr_b100=26.989, psnr_set14=27.378, psnr_set5=31.096, psnr_urban100=24.637, ssim_b100=0.718, ssim_set14=0.844, ssim_set5=0.892, ssim_urban100=0.947 |
   247 | train=0.008819 | val=nan | lr=0.002 | t_train=12.99 | t_val=12.33 | mem=383.9 | psnr_b100=27.018, psnr_set14=27.500, psnr_set5=31.289, psnr_urban100=24.696, ssim_b100=0.719, ssim_set14=0.847, ssim_set5=0.896, ssim_urban100=0.947 |
   248 | train=0.007794 | val=nan | lr=0.002 | t_train=12.90 | t_val=12.24 | mem=383.9 | psnr_b100=26.957, psnr_set14=27.340, psnr_set5=31.085, psnr_urban100=24.575, ssim_b100=0.717, ssim_set14=0.844, ssim_set5=0.893, ssim_urban100=0.946 |
   249 | train=0.007002 | val=nan | lr=0.002 | t_train=13.01 | t_val=12.25 | mem=383.9 | psnr_b100=26.993, psnr_set14=27.441, psnr_set5=31.260, psnr_urban100=24.689, ssim_b100=0.718, ssim_set14=0.846, ssim_set5=0.895, ssim_urban100=0.947 |
   250 | train=0.008606 | val=nan | lr=0.002 | t_train=12.92 | t_val=12.26 | mem=383.9 | psnr_b100=27.058, psnr_set14=27.526, psnr_set5=31.309, psnr_urban100=24.779, ssim_b100=0.720, ssim_set14=0.848, ssim_set5=0.898, ssim_urban100=0.949 |
   251 | train=0.008154 | val=nan | lr=0.002 | t_train=12.91 | t_val=12.26 | mem=383.9 | psnr_b100=27.014, psnr_set14=27.460, psnr_set5=31.221, psnr_urban100=24.694, ssim_b100=0.719, ssim_set14=0.846, ssim_set5=0.895, ssim_urban100=0.948 |
   252 | train=0.006732 | val=nan | lr=0.002 | t_train=12.88 | t_val=12.21 | mem=383.9 | psnr_b100=27.035, psnr_set14=27.484, psnr_set5=31.307, psnr_urban100=24.702, ssim_b100=0.720, ssim_set14=0.847, ssim_set5=0.897, ssim_urban100=0.947 |
   253 | train=0.006560 | val=nan | lr=0.002 | t_train=13.41 | t_val=12.76 | mem=383.9 | psnr_b100=27.072, psnr_set14=27.498, psnr_set5=31.289, psnr_urban100=24.779, ssim_b100=0.721, ssim_set14=0.848, ssim_set5=0.897, ssim_urban100=0.949 |
   254 | train=0.007778 | val=nan | lr=0.002 | t_train=12.98 | t_val=12.25 | mem=383.9 | psnr_b100=27.039, psnr_set14=27.457, psnr_set5=31.232, psnr_urban100=24.702, ssim_b100=0.720, ssim_set14=0.846, ssim_set5=0.896, ssim_urban100=0.948 |
   255 | train=0.008093 | val=nan | lr=0.002 | t_train=13.36 | t_val=12.70 | mem=383.9 | psnr_b100=27.043, psnr_set14=27.502, psnr_set5=31.216, psnr_urban100=24.809, ssim_b100=0.719, ssim_set14=0.847, ssim_set5=0.895, ssim_urban100=0.949 |
   256 | train=0.008323 | val=nan | lr=0.002 | t_train=12.92 | t_val=12.27 | mem=383.9 | psnr_b100=26.980, psnr_set14=27.372, psnr_set5=31.084, psnr_urban100=24.652, ssim_b100=0.718, ssim_set14=0.845, ssim_set5=0.893, ssim_urban100=0.947 |
   257 | train=0.009178 | val=nan | lr=0.002 | t_train=12.87 | t_val=12.20 | mem=383.9 | psnr_b100=26.953, psnr_set14=27.359, psnr_set5=31.054, psnr_urban100=24.558, ssim_b100=0.718, ssim_set14=0.845, ssim_set5=0.892, ssim_urban100=0.946 |
   258 | train=0.007849 | val=nan | lr=0.002 | t_train=12.85 | t_val=12.20 | mem=383.9 | psnr_b100=27.001, psnr_set14=27.407, psnr_set5=31.096, psnr_urban100=24.661, ssim_b100=0.719, ssim_set14=0.845, ssim_set5=0.894, ssim_urban100=0.947 |
   259 | train=0.008391 | val=nan | lr=0.002 | t_train=12.98 | t_val=12.34 | mem=383.9 | psnr_b100=27.048, psnr_set14=27.471, psnr_set5=31.268, psnr_urban100=24.705, ssim_b100=0.720, ssim_set14=0.847, ssim_set5=0.896, ssim_urban100=0.948 |
   260 | train=0.008148 | val=nan | lr=0.002 | t_train=12.95 | t_val=12.30 | mem=383.9 | psnr_b100=27.029, psnr_set14=27.499, psnr_set5=31.246, psnr_urban100=24.743, ssim_b100=0.719, ssim_set14=0.847, ssim_set5=0.895, ssim_urban100=0.949 |
   261 | train=0.008606 | val=nan | lr=0.002 | t_train=12.88 | t_val=12.24 | mem=383.9 | psnr_b100=26.977, psnr_set14=27.397, psnr_set5=31.142, psnr_urban100=24.688, ssim_b100=0.718, ssim_set14=0.845, ssim_set5=0.894, ssim_urban100=0.948 |
   262 | train=0.006407 | val=nan | lr=0.002 | t_train=12.90 | t_val=12.24 | mem=383.9 | psnr_b100=27.033, psnr_set14=27.460, psnr_set5=31.243, psnr_urban100=24.734, ssim_b100=0.720, ssim_set14=0.846, ssim_set5=0.895, ssim_urban100=0.948 |
   263 | train=0.007244 | val=nan | lr=0.002 | t_train=12.85 | t_val=12.19 | mem=383.9 | psnr_b100=26.952, psnr_set14=27.382, psnr_set5=31.086, psnr_urban100=24.630, ssim_b100=0.717, ssim_set14=0.845, ssim_set5=0.893, ssim_urban100=0.947 |
   264 | train=0.008404 | val=nan | lr=0.002 | t_train=12.79 | t_val=12.13 | mem=383.9 | psnr_b100=26.968, psnr_set14=27.373, psnr_set5=31.061, psnr_urban100=24.676, ssim_b100=0.718, ssim_set14=0.846, ssim_set5=0.893, ssim_urban100=0.948 |
   265 | train=0.007933 | val=nan | lr=0.002 | t_train=12.81 | t_val=12.13 | mem=383.9 | psnr_b100=27.065, psnr_set14=27.561, psnr_set5=31.377, psnr_urban100=24.811, ssim_b100=0.721, ssim_set14=0.849, ssim_set5=0.899, ssim_urban100=0.950 |
   266 | train=0.006686 | val=nan | lr=0.002 | t_train=12.84 | t_val=12.17 | mem=383.9 | psnr_b100=27.001, psnr_set14=27.438, psnr_set5=31.208, psnr_urban100=24.701, ssim_b100=0.718, ssim_set14=0.846, ssim_set5=0.894, ssim_urban100=0.948 |
   267 | train=0.005882 | val=nan | lr=0.002 | t_train=12.91 | t_val=12.27 | mem=383.9 | psnr_b100=27.072, psnr_set14=27.546, psnr_set5=31.353, psnr_urban100=24.795, ssim_b100=0.721, ssim_set14=0.848, ssim_set5=0.897, ssim_urban100=0.949 |
   268 | train=0.006761 | val=nan | lr=0.002 | t_train=12.88 | t_val=12.22 | mem=383.9 | psnr_b100=27.028, psnr_set14=27.465, psnr_set5=31.156, psnr_urban100=24.713, ssim_b100=0.720, ssim_set14=0.847, ssim_set5=0.894, ssim_urban100=0.948 |
   269 | train=0.009343 | val=nan | lr=0.002 | t_train=12.89 | t_val=12.23 | mem=383.9 | psnr_b100=27.016, psnr_set14=27.410, psnr_set5=31.153, psnr_urban100=24.695, ssim_b100=0.719, ssim_set14=0.846, ssim_set5=0.894, ssim_urban100=0.948 |
   270 | train=0.007517 | val=nan | lr=0.002 | t_train=12.94 | t_val=12.27 | mem=383.9 | psnr_b100=26.926, psnr_set14=27.315, psnr_set5=31.019, psnr_urban100=24.607, ssim_b100=0.717, ssim_set14=0.844, ssim_set5=0.892, ssim_urban100=0.947 |
   271 | train=0.006816 | val=nan | lr=0.002 | t_train=12.86 | t_val=12.21 | mem=383.9 | psnr_b100=26.954, psnr_set14=27.344, psnr_set5=31.066, psnr_urban100=24.607, ssim_b100=0.717, ssim_set14=0.844, ssim_set5=0.892, ssim_urban100=0.947 |
   272 | train=0.007863 | val=nan | lr=0.002 | t_train=12.88 | t_val=12.21 | mem=383.9 | psnr_b100=27.016, psnr_set14=27.458, psnr_set5=31.224, psnr_urban100=24.724, ssim_b100=0.719, ssim_set14=0.846, ssim_set5=0.896, ssim_urban100=0.948 |
   273 | train=0.006486 | val=nan | lr=0.002 | t_train=12.84 | t_val=12.19 | mem=383.9 | psnr_b100=27.023, psnr_set14=27.463, psnr_set5=31.187, psnr_urban100=24.735, ssim_b100=0.719, ssim_set14=0.846, ssim_set5=0.894, ssim_urban100=0.948 |
   274 | train=0.007947 | val=nan | lr=0.002 | t_train=12.90 | t_val=12.23 | mem=383.9 | psnr_b100=27.060, psnr_set14=27.517, psnr_set5=31.222, psnr_urban100=24.771, ssim_b100=0.721, ssim_set14=0.847, ssim_set5=0.895, ssim_urban100=0.949 |
   275 | train=0.008661 | val=nan | lr=0.002 | t_train=12.78 | t_val=12.11 | mem=383.9 | psnr_b100=27.055, psnr_set14=27.516, psnr_set5=31.274, psnr_urban100=24.806, ssim_b100=0.720, ssim_set14=0.847, ssim_set5=0.896, ssim_urban100=0.949 |
   276 | train=0.009121 | val=nan | lr=0.002 | t_train=12.83 | t_val=12.19 | mem=383.9 | psnr_b100=27.086, psnr_set14=27.551, psnr_set5=31.324, psnr_urban100=24.835, ssim_b100=0.720, ssim_set14=0.847, ssim_set5=0.896, ssim_urban100=0.949 |
   277 | train=0.007593 | val=nan | lr=0.002 | t_train=13.00 | t_val=12.33 | mem=383.9 | psnr_b100=27.059, psnr_set14=27.535, psnr_set5=31.260, psnr_urban100=24.817, ssim_b100=0.720, ssim_set14=0.848, ssim_set5=0.896, ssim_urban100=0.949 |
   278 | train=0.005646 | val=nan | lr=0.002 | t_train=12.90 | t_val=12.25 | mem=383.9 | psnr_b100=27.062, psnr_set14=27.554, psnr_set5=31.281, psnr_urban100=24.788, ssim_b100=0.720, ssim_set14=0.848, ssim_set5=0.896, ssim_urban100=0.949 |
   279 | train=0.005851 | val=nan | lr=0.002 | t_train=12.87 | t_val=12.23 | mem=383.9 | psnr_b100=27.069, psnr_set14=27.536, psnr_set5=31.289, psnr_urban100=24.795, ssim_b100=0.721, ssim_set14=0.848, ssim_set5=0.896, ssim_urban100=0.949 |
   280 | train=0.006961 | val=nan | lr=0.002 | t_train=12.89 | t_val=12.23 | mem=383.9 | psnr_b100=26.991, psnr_set14=27.393, psnr_set5=31.147, psnr_urban100=24.671, ssim_b100=0.719, ssim_set14=0.846, ssim_set5=0.894, ssim_urban100=0.947 |
   281 | train=0.008177 | val=nan | lr=0.002 | t_train=12.87 | t_val=12.22 | mem=383.9 | psnr_b100=26.994, psnr_set14=27.410, psnr_set5=31.070, psnr_urban100=24.707, ssim_b100=0.719, ssim_set14=0.846, ssim_set5=0.893, ssim_urban100=0.948 |
   282 | train=0.007185 | val=nan | lr=0.002 | t_train=12.94 | t_val=12.28 | mem=383.9 | psnr_b100=27.055, psnr_set14=27.510, psnr_set5=31.227, psnr_urban100=24.776, ssim_b100=0.720, ssim_set14=0.847, ssim_set5=0.894, ssim_urban100=0.949 |
   283 | train=0.006766 | val=nan | lr=0.002 | t_train=12.94 | t_val=12.19 | mem=383.9 | psnr_b100=26.931, psnr_set14=27.316, psnr_set5=31.000, psnr_urban100=24.562, ssim_b100=0.716, ssim_set14=0.843, ssim_set5=0.891, ssim_urban100=0.946 |
   284 | train=0.008790 | val=nan | lr=0.002 | t_train=12.95 | t_val=12.26 | mem=383.9 | psnr_b100=27.051, psnr_set14=27.532, psnr_set5=31.238, psnr_urban100=24.786, ssim_b100=0.720, ssim_set14=0.847, ssim_set5=0.896, ssim_urban100=0.949 |
   285 | train=0.005700 | val=nan | lr=0.002 | t_train=12.91 | t_val=12.26 | mem=383.9 | psnr_b100=27.052, psnr_set14=27.484, psnr_set5=31.241, psnr_urban100=24.762, ssim_b100=0.720, ssim_set14=0.846, ssim_set5=0.896, ssim_urban100=0.948 |
   286 | train=0.007905 | val=nan | lr=0.002 | t_train=12.96 | t_val=12.24 | mem=383.9 | psnr_b100=27.033, psnr_set14=27.465, psnr_set5=31.202, psnr_urban100=24.735, ssim_b100=0.720, ssim_set14=0.846, ssim_set5=0.895, ssim_urban100=0.949 |
   287 | train=0.006349 | val=nan | lr=0.002 | t_train=12.85 | t_val=12.19 | mem=383.9 | psnr_b100=26.986, psnr_set14=27.379, psnr_set5=31.086, psnr_urban100=24.652, ssim_b100=0.719, ssim_set14=0.846, ssim_set5=0.893, ssim_urban100=0.948 |
   288 | train=0.008864 | val=nan | lr=0.002 | t_train=12.93 | t_val=12.27 | mem=383.9 | psnr_b100=27.074, psnr_set14=27.505, psnr_set5=31.250, psnr_urban100=24.810, ssim_b100=0.721, ssim_set14=0.847, ssim_set5=0.896, ssim_urban100=0.949 |
   289 | train=0.007830 | val=nan | lr=0.002 | t_train=12.97 | t_val=12.32 | mem=383.9 | psnr_b100=27.077, psnr_set14=27.562, psnr_set5=31.320, psnr_urban100=24.855, ssim_b100=0.721, ssim_set14=0.848, ssim_set5=0.898, ssim_urban100=0.949 |
   290 | train=0.007970 | val=nan | lr=0.002 | t_train=12.89 | t_val=12.23 | mem=383.9 | psnr_b100=27.039, psnr_set14=27.452, psnr_set5=31.194, psnr_urban100=24.727, ssim_b100=0.720, ssim_set14=0.846, ssim_set5=0.896, ssim_urban100=0.948 |
   291 | train=0.008003 | val=nan | lr=0.002 | t_train=12.91 | t_val=12.26 | mem=383.9 | psnr_b100=27.021, psnr_set14=27.477, psnr_set5=31.258, psnr_urban100=24.731, ssim_b100=0.719, ssim_set14=0.846, ssim_set5=0.896, ssim_urban100=0.946 |
   292 | train=0.007299 | val=nan | lr=0.002 | t_train=12.93 | t_val=12.28 | mem=383.9 | psnr_b100=27.001, psnr_set14=27.439, psnr_set5=31.165, psnr_urban100=24.726, ssim_b100=0.719, ssim_set14=0.846, ssim_set5=0.896, ssim_urban100=0.948 |
   293 | train=0.008041 | val=nan | lr=0.002 | t_train=12.91 | t_val=12.26 | mem=383.9 | psnr_b100=26.993, psnr_set14=27.374, psnr_set5=31.082, psnr_urban100=24.640, ssim_b100=0.718, ssim_set14=0.845, ssim_set5=0.893, ssim_urban100=0.947 |
   294 | train=0.007242 | val=nan | lr=0.002 | t_train=12.82 | t_val=12.17 | mem=383.9 | psnr_b100=27.019, psnr_set14=27.453, psnr_set5=31.214, psnr_urban100=24.710, ssim_b100=0.719, ssim_set14=0.845, ssim_set5=0.895, ssim_urban100=0.948 |
   295 | train=0.006857 | val=nan | lr=0.002 | t_train=12.87 | t_val=12.22 | mem=383.9 | psnr_b100=27.018, psnr_set14=27.458, psnr_set5=31.221, psnr_urban100=24.695, ssim_b100=0.718, ssim_set14=0.846, ssim_set5=0.895, ssim_urban100=0.947 |
   296 | train=0.006240 | val=nan | lr=0.002 | t_train=12.86 | t_val=12.21 | mem=383.9 | psnr_b100=27.034, psnr_set14=27.470, psnr_set5=31.258, psnr_urban100=24.741, ssim_b100=0.720, ssim_set14=0.846, ssim_set5=0.897, ssim_urban100=0.948 |
   297 | train=0.005952 | val=nan | lr=0.002 | t_train=12.85 | t_val=12.21 | mem=383.9 | psnr_b100=27.019, psnr_set14=27.479, psnr_set5=31.338, psnr_urban100=24.738, ssim_b100=0.720, ssim_set14=0.846, ssim_set5=0.897, ssim_urban100=0.948 |
   298 | train=0.007940 | val=nan | lr=0.002 | t_train=12.89 | t_val=12.24 | mem=383.9 | psnr_b100=27.076, psnr_set14=27.509, psnr_set5=31.226, psnr_urban100=24.829, ssim_b100=0.721, ssim_set14=0.848, ssim_set5=0.895, ssim_urban100=0.950 |
   299 | train=0.006528 | val=nan | lr=0.002 | t_train=12.89 | t_val=12.23 | mem=383.9 | psnr_b100=27.027, psnr_set14=27.454, psnr_set5=31.198, psnr_urban100=24.754, ssim_b100=0.719, ssim_set14=0.846, ssim_set5=0.895, ssim_urban100=0.947 |
   300 | train=0.007687 | val=nan | lr=0.002 | t_train=12.75 | t_val=12.09 | mem=383.9 | psnr_b100=27.009, psnr_set14=27.438, psnr_set5=31.152, psnr_urban100=24.719, ssim_b100=0.719, ssim_set14=0.846, ssim_set5=0.894, ssim_urban100=0.948 |
   301 | train=0.007326 | val=nan | lr=0.002 | t_train=12.89 | t_val=12.22 | mem=383.9 | psnr_b100=26.998, psnr_set14=27.412, psnr_set5=31.094, psnr_urban100=24.722, ssim_b100=0.718, ssim_set14=0.845, ssim_set5=0.892, ssim_urban100=0.948 |
   302 | train=0.008146 | val=nan | lr=0.002 | t_train=12.87 | t_val=12.21 | mem=383.9 | psnr_b100=27.033, psnr_set14=27.460, psnr_set5=31.112, psnr_urban100=24.755, ssim_b100=0.719, ssim_set14=0.846, ssim_set5=0.893, ssim_urban100=0.948 |
   303 | train=0.006198 | val=nan | lr=0.002 | t_train=12.83 | t_val=12.18 | mem=383.9 | psnr_b100=27.005, psnr_set14=27.426, psnr_set5=31.071, psnr_urban100=24.684, ssim_b100=0.719, ssim_set14=0.846, ssim_set5=0.892, ssim_urban100=0.948 |
   304 | train=0.007274 | val=nan | lr=0.002 | t_train=12.85 | t_val=12.19 | mem=383.9 | psnr_b100=27.061, psnr_set14=27.516, psnr_set5=31.233, psnr_urban100=24.809, ssim_b100=0.720, ssim_set14=0.847, ssim_set5=0.896, ssim_urban100=0.950 |
   305 | train=0.007464 | val=nan | lr=0.002 | t_train=12.91 | t_val=12.25 | mem=383.9 | psnr_b100=27.037, psnr_set14=27.465, psnr_set5=31.154, psnr_urban100=24.750, ssim_b100=0.719, ssim_set14=0.846, ssim_set5=0.893, ssim_urban100=0.949 |
   306 | train=0.008874 | val=nan | lr=0.002 | t_train=12.89 | t_val=12.23 | mem=383.9 | psnr_b100=27.018, psnr_set14=27.428, psnr_set5=31.166, psnr_urban100=24.682, ssim_b100=0.719, ssim_set14=0.846, ssim_set5=0.895, ssim_urban100=0.948 |
   307 | train=0.008037 | val=nan | lr=0.002 | t_train=12.88 | t_val=12.22 | mem=383.9 | psnr_b100=27.027, psnr_set14=27.432, psnr_set5=31.120, psnr_urban100=24.693, ssim_b100=0.719, ssim_set14=0.845, ssim_set5=0.893, ssim_urban100=0.948 |
   308 | train=0.007192 | val=nan | lr=0.002 | t_train=12.76 | t_val=12.10 | mem=383.9 | psnr_b100=27.117, psnr_set14=27.570, psnr_set5=31.370, psnr_urban100=24.827, ssim_b100=0.722, ssim_set14=0.848, ssim_set5=0.898, ssim_urban100=0.949 |
   309 | train=0.007419 | val=nan | lr=0.002 | t_train=12.85 | t_val=12.19 | mem=383.9 | psnr_b100=27.013, psnr_set14=27.410, psnr_set5=31.111, psnr_urban100=24.698, ssim_b100=0.719, ssim_set14=0.845, ssim_set5=0.892, ssim_urban100=0.948 |
   310 | train=0.007808 | val=nan | lr=0.002 | t_train=12.85 | t_val=12.20 | mem=383.9 | psnr_b100=26.971, psnr_set14=27.361, psnr_set5=31.096, psnr_urban100=24.632, ssim_b100=0.718, ssim_set14=0.844, ssim_set5=0.892, ssim_urban100=0.947 |
   311 | train=0.006982 | val=nan | lr=0.002 | t_train=12.83 | t_val=12.19 | mem=383.9 | psnr_b100=26.989, psnr_set14=27.372, psnr_set5=31.067, psnr_urban100=24.659, ssim_b100=0.718, ssim_set14=0.844, ssim_set5=0.891, ssim_urban100=0.947 |
   312 | train=0.008254 | val=nan | lr=0.002 | t_train=12.90 | t_val=12.24 | mem=383.9 | psnr_b100=27.034, psnr_set14=27.450, psnr_set5=31.162, psnr_urban100=24.717, ssim_b100=0.720, ssim_set14=0.846, ssim_set5=0.894, ssim_urban100=0.948 |
   313 | train=0.006770 | val=nan | lr=0.002 | t_train=12.88 | t_val=12.21 | mem=383.9 | psnr_b100=27.058, psnr_set14=27.476, psnr_set5=31.227, psnr_urban100=24.794, ssim_b100=0.720, ssim_set14=0.846, ssim_set5=0.895, ssim_urban100=0.949 |
   314 | train=0.007713 | val=nan | lr=0.002 | t_train=12.89 | t_val=12.23 | mem=383.9 | psnr_b100=27.043, psnr_set14=27.448, psnr_set5=31.198, psnr_urban100=24.763, ssim_b100=0.720, ssim_set14=0.846, ssim_set5=0.895, ssim_urban100=0.949 |
   315 | train=0.008042 | val=nan | lr=0.002 | t_train=12.86 | t_val=12.21 | mem=383.9 | psnr_b100=27.022, psnr_set14=27.456, psnr_set5=31.194, psnr_urban100=24.748, ssim_b100=0.719, ssim_set14=0.846, ssim_set5=0.895, ssim_urban100=0.948 |
   316 | train=0.008456 | val=nan | lr=0.002 | t_train=12.88 | t_val=12.22 | mem=383.9 | psnr_b100=26.972, psnr_set14=27.388, psnr_set5=31.096, psnr_urban100=24.682, ssim_b100=0.718, ssim_set14=0.845, ssim_set5=0.893, ssim_urban100=0.948 |
   317 | train=0.006130 | val=nan | lr=0.002 | t_train=12.97 | t_val=12.25 | mem=383.9 | psnr_b100=27.009, psnr_set14=27.426, psnr_set5=31.135, psnr_urban100=24.716, ssim_b100=0.719, ssim_set14=0.846, ssim_set5=0.894, ssim_urban100=0.948 |
   318 | train=0.007112 | val=nan | lr=0.002 | t_train=12.95 | t_val=12.19 | mem=383.9 | psnr_b100=26.998, psnr_set14=27.392, psnr_set5=31.070, psnr_urban100=24.712, ssim_b100=0.718, ssim_set14=0.846, ssim_set5=0.892, ssim_urban100=0.948 |
   319 | train=0.008928 | val=nan | lr=0.002 | t_train=12.93 | t_val=12.28 | mem=383.9 | psnr_b100=26.987, psnr_set14=27.373, psnr_set5=31.118, psnr_urban100=24.706, ssim_b100=0.718, ssim_set14=0.845, ssim_set5=0.893, ssim_urban100=0.948 |
   320 | train=0.007133 | val=nan | lr=0.002 | t_train=12.92 | t_val=12.23 | mem=383.9 | psnr_b100=27.085, psnr_set14=27.515, psnr_set5=31.356, psnr_urban100=24.845, ssim_b100=0.721, ssim_set14=0.847, ssim_set5=0.897, ssim_urban100=0.950 |
   321 | train=0.007009 | val=nan | lr=0.002 | t_train=12.81 | t_val=12.16 | mem=383.9 | psnr_b100=26.970, psnr_set14=27.357, psnr_set5=31.054, psnr_urban100=24.624, ssim_b100=0.718, ssim_set14=0.845, ssim_set5=0.892, ssim_urban100=0.947 |
   322 | train=0.007741 | val=nan | lr=0.002 | t_train=12.88 | t_val=12.21 | mem=383.9 | psnr_b100=26.988, psnr_set14=27.412, psnr_set5=31.035, psnr_urban100=24.736, ssim_b100=0.720, ssim_set14=0.846, ssim_set5=0.896, ssim_urban100=0.949 |
   323 | train=0.009334 | val=nan | lr=0.002 | t_train=12.84 | t_val=12.19 | mem=383.9 | psnr_b100=27.054, psnr_set14=27.510, psnr_set5=31.291, psnr_urban100=24.801, ssim_b100=0.720, ssim_set14=0.847, ssim_set5=0.896, ssim_urban100=0.949 |
   324 | train=0.008445 | val=nan | lr=0.002 | t_train=12.89 | t_val=12.24 | mem=383.9 | psnr_b100=27.021, psnr_set14=27.435, psnr_set5=31.190, psnr_urban100=24.744, ssim_b100=0.719, ssim_set14=0.846, ssim_set5=0.895, ssim_urban100=0.949 |
   325 | train=0.007391 | val=nan | lr=0.002 | t_train=12.92 | t_val=12.27 | mem=383.9 | psnr_b100=27.066, psnr_set14=27.540, psnr_set5=31.276, psnr_urban100=24.822, ssim_b100=0.721, ssim_set14=0.848, ssim_set5=0.896, ssim_urban100=0.950 |
   326 | train=0.008820 | val=nan | lr=0.002 | t_train=13.04 | t_val=12.35 | mem=383.9 | psnr_b100=27.040, psnr_set14=27.479, psnr_set5=31.161, psnr_urban100=24.745, ssim_b100=0.720, ssim_set14=0.847, ssim_set5=0.894, ssim_urban100=0.949 |
   327 | train=0.008020 | val=nan | lr=0.002 | t_train=13.13 | t_val=12.45 | mem=383.9 | psnr_b100=27.046, psnr_set14=27.497, psnr_set5=31.203, psnr_urban100=24.797, ssim_b100=0.720, ssim_set14=0.847, ssim_set5=0.895, ssim_urban100=0.950 |
   328 | train=0.007763 | val=nan | lr=0.002 | t_train=13.11 | t_val=12.45 | mem=383.9 | psnr_b100=26.986, psnr_set14=27.418, psnr_set5=31.167, psnr_urban100=24.702, ssim_b100=0.718, ssim_set14=0.845, ssim_set5=0.894, ssim_urban100=0.948 |
   329 | train=0.007271 | val=nan | lr=0.002 | t_train=12.93 | t_val=12.25 | mem=383.9 | psnr_b100=27.050, psnr_set14=27.461, psnr_set5=31.261, psnr_urban100=24.803, ssim_b100=0.720, ssim_set14=0.847, ssim_set5=0.897, ssim_urban100=0.949 |
   330 | train=0.006038 | val=nan | lr=0.002 | t_train=12.97 | t_val=12.32 | mem=383.9 | psnr_b100=26.968, psnr_set14=27.425, psnr_set5=31.117, psnr_urban100=24.697, ssim_b100=0.717, ssim_set14=0.845, ssim_set5=0.893, ssim_urban100=0.948 |
   331 | train=0.008067 | val=nan | lr=0.002 | t_train=12.88 | t_val=12.22 | mem=383.9 | psnr_b100=27.066, psnr_set14=27.505, psnr_set5=31.239, psnr_urban100=24.801, ssim_b100=0.721, ssim_set14=0.848, ssim_set5=0.896, ssim_urban100=0.949 |
   332 | train=0.007546 | val=nan | lr=0.002 | t_train=12.92 | t_val=12.26 | mem=383.9 | psnr_b100=27.051, psnr_set14=27.533, psnr_set5=31.301, psnr_urban100=24.802, ssim_b100=0.720, ssim_set14=0.847, ssim_set5=0.897, ssim_urban100=0.949 |
   333 | train=0.006228 | val=nan | lr=0.002 | t_train=13.06 | t_val=12.39 | mem=383.9 | psnr_b100=27.002, psnr_set14=27.457, psnr_set5=31.189, psnr_urban100=24.773, ssim_b100=0.718, ssim_set14=0.845, ssim_set5=0.894, ssim_urban100=0.949 |
   334 | train=0.007213 | val=nan | lr=0.002 | t_train=12.90 | t_val=12.25 | mem=383.9 | psnr_b100=27.005, psnr_set14=27.429, psnr_set5=31.148, psnr_urban100=24.731, ssim_b100=0.718, ssim_set14=0.845, ssim_set5=0.894, ssim_urban100=0.947 |
   335 | train=0.011286 | val=nan | lr=0.002 | t_train=12.92 | t_val=12.27 | mem=383.9 | psnr_b100=27.069, psnr_set14=27.502, psnr_set5=31.239, psnr_urban100=24.815, ssim_b100=0.721, ssim_set14=0.847, ssim_set5=0.896, ssim_urban100=0.949 |
   336 | train=0.008851 | val=nan | lr=0.002 | t_train=12.94 | t_val=12.26 | mem=383.9 | psnr_b100=27.057, psnr_set14=27.457, psnr_set5=31.304, psnr_urban100=24.745, ssim_b100=0.721, ssim_set14=0.846, ssim_set5=0.898, ssim_urban100=0.948 |
   337 | train=0.008864 | val=nan | lr=0.002 | t_train=12.89 | t_val=12.23 | mem=383.9 | psnr_b100=27.047, psnr_set14=27.483, psnr_set5=31.302, psnr_urban100=24.794, ssim_b100=0.720, ssim_set14=0.847, ssim_set5=0.897, ssim_urban100=0.949 |
   338 | train=0.006468 | val=nan | lr=0.002 | t_train=12.95 | t_val=12.28 | mem=383.9 | psnr_b100=26.980, psnr_set14=27.415, psnr_set5=31.143, psnr_urban100=24.750, ssim_b100=0.717, ssim_set14=0.845, ssim_set5=0.894, ssim_urban100=0.948 |
   339 | train=0.008740 | val=nan | lr=0.002 | t_train=12.91 | t_val=12.23 | mem=383.9 | psnr_b100=26.991, psnr_set14=27.417, psnr_set5=31.145, psnr_urban100=24.703, ssim_b100=0.718, ssim_set14=0.845, ssim_set5=0.894, ssim_urban100=0.948 |
   340 | train=0.008848 | val=nan | lr=0.002 | t_train=12.92 | t_val=12.26 | mem=383.9 | psnr_b100=26.979, psnr_set14=27.405, psnr_set5=31.131, psnr_urban100=24.718, ssim_b100=0.718, ssim_set14=0.845, ssim_set5=0.893, ssim_urban100=0.948 |
   341 | train=0.006672 | val=nan | lr=0.002 | t_train=12.91 | t_val=12.25 | mem=383.9 | psnr_b100=27.051, psnr_set14=27.454, psnr_set5=31.193, psnr_urban100=24.835, ssim_b100=0.720, ssim_set14=0.846, ssim_set5=0.894, ssim_urban100=0.950 |
   342 | train=0.007720 | val=nan | lr=0.002 | t_train=12.87 | t_val=12.21 | mem=383.9 | psnr_b100=27.042, psnr_set14=27.467, psnr_set5=31.165, psnr_urban100=24.735, ssim_b100=0.720, ssim_set14=0.847, ssim_set5=0.894, ssim_urban100=0.948 |
   343 | train=0.007515 | val=nan | lr=0.002 | t_train=12.86 | t_val=12.20 | mem=383.9 | psnr_b100=27.027, psnr_set14=27.440, psnr_set5=31.182, psnr_urban100=24.716, ssim_b100=0.719, ssim_set14=0.846, ssim_set5=0.895, ssim_urban100=0.948 |
   344 | train=0.007001 | val=nan | lr=0.002 | t_train=12.90 | t_val=12.24 | mem=383.9 | psnr_b100=27.069, psnr_set14=27.514, psnr_set5=31.294, psnr_urban100=24.822, ssim_b100=0.720, ssim_set14=0.847, ssim_set5=0.896, ssim_urban100=0.949 |
   345 | train=0.008288 | val=nan | lr=0.002 | t_train=12.89 | t_val=12.23 | mem=383.9 | psnr_b100=27.040, psnr_set14=27.457, psnr_set5=31.155, psnr_urban100=24.748, ssim_b100=0.719, ssim_set14=0.846, ssim_set5=0.893, ssim_urban100=0.949 |
   346 | train=0.006797 | val=nan | lr=0.002 | t_train=12.93 | t_val=12.26 | mem=383.9 | psnr_b100=27.016, psnr_set14=27.440, psnr_set5=31.098, psnr_urban100=24.769, ssim_b100=0.721, ssim_set14=0.847, ssim_set5=0.897, ssim_urban100=0.949 |
   347 | train=0.006918 | val=nan | lr=0.002 | t_train=12.91 | t_val=12.25 | mem=383.9 | psnr_b100=27.086, psnr_set14=27.545, psnr_set5=31.268, psnr_urban100=24.850, ssim_b100=0.721, ssim_set14=0.848, ssim_set5=0.896, ssim_urban100=0.950 |
   348 | train=0.006251 | val=nan | lr=0.002 | t_train=12.85 | t_val=12.20 | mem=383.9 | psnr_b100=27.077, psnr_set14=27.551, psnr_set5=31.323, psnr_urban100=24.840, ssim_b100=0.721, ssim_set14=0.848, ssim_set5=0.897, ssim_urban100=0.950 |
   349 | train=0.006911 | val=nan | lr=0.002 | t_train=12.94 | t_val=12.22 | mem=383.9 | psnr_b100=27.074, psnr_set14=27.504, psnr_set5=31.342, psnr_urban100=24.821, ssim_b100=0.721, ssim_set14=0.848, ssim_set5=0.898, ssim_urban100=0.949 |
   350 | train=0.006396 | val=nan | lr=0.002 | t_train=12.86 | t_val=12.20 | mem=383.9 | psnr_b100=27.035, psnr_set14=27.438, psnr_set5=31.203, psnr_urban100=24.746, ssim_b100=0.720, ssim_set14=0.846, ssim_set5=0.895, ssim_urban100=0.949 |
   351 | train=0.006174 | val=nan | lr=0.0019982 | t_train=12.87 | t_val=12.22 | mem=383.9 | psnr_b100=27.100, psnr_set14=27.547, psnr_set5=31.344, psnr_urban100=24.865, ssim_b100=0.722, ssim_set14=0.848, ssim_set5=0.898, ssim_urban100=0.950 |
