     0 | train=nan | val=nan | lr=nan | t_train=nan | t_val=1.70 | mem=248.9 | psnr_b100=27.621, psnr_set14=28.302, psnr_set5=32.057, psnr_urban100=26.141, ssim_b100=0.738, ssim_set14=0.861, ssim_set5=0.906, ssim_urban100=0.963 |
     0 | train=nan | val=nan | lr=nan | t_train=nan | t_val=20.80 | mem=250.8 | psnr_b100=27.621, psnr_set14=28.302, psnr_set5=32.056, psnr_urban100=26.140, ssim_b100=0.738, ssim_set14=0.861, ssim_set5=0.906, ssim_urban100=0.963 |
     0 | train=nan | val=nan | lr=nan | t_train=nan | t_val=20.93 | mem=250.9 | psnr_b100=27.621, psnr_set14=28.303, psnr_set5=32.056, psnr_urban100=26.140, ssim_b100=0.738, ssim_set14=0.861, ssim_set5=0.906, ssim_urban100=0.963 |
     0 | train=nan | val=nan | lr=nan | t_train=nan | t_val=20.73 | mem=250.9 | psnr_b100=27.618, psnr_set14=28.302, psnr_set5=32.055, psnr_urban100=26.139, ssim_b100=0.738, ssim_set14=0.861, ssim_set5=0.906, ssim_urban100=0.963 |
# epoch | train_loss | val_loss | LR | t_train(s) | t_val(s) | gpu_mem(MB) | SRBench(psnr/ssim...)
     0 | train=nan | val=nan | lr=nan | t_train=nan | t_val=1.44 | mem=250.9 |
     0 | train=0.000919 | val=nan | lr=0.00072 | t_train=12.94 | t_val=12.16 | mem=383.9 | psnr_b100=27.618, psnr_set14=28.296, psnr_set5=32.345, psnr_urban100=26.133, ssim_b100=0.738, ssim_set14=0.861, ssim_set5=0.914, ssim_urban100=0.963 |
     1 | train=0.001028 | val=nan | lr=0.00148 | t_train=12.77 | t_val=12.12 | mem=383.9 | psnr_b100=27.616, psnr_set14=28.292, psnr_set5=32.343, psnr_urban100=26.130, ssim_b100=0.738, ssim_set14=0.861, ssim_set5=0.914, ssim_urban100=0.963 |
     2 | train=0.001350 | val=nan | lr=0.00224 | t_train=12.85 | t_val=12.08 | mem=383.9 | psnr_b100=27.608, psnr_set14=28.298, psnr_set5=32.310, psnr_urban100=26.099, ssim_b100=0.737, ssim_set14=0.861, ssim_set5=0.914, ssim_urban100=0.963 |
     3 | train=0.001416 | val=nan | lr=0.003 | t_train=12.67 | t_val=12.02 | mem=383.9 | psnr_b100=27.604, psnr_set14=28.311, psnr_set5=32.320, psnr_urban100=26.095, ssim_b100=0.737, ssim_set14=0.861, ssim_set5=0.914, ssim_urban100=0.962 |
     4 | train=0.002594 | val=nan | lr=0.00376 | t_train=12.82 | t_val=12.16 | mem=383.9 | psnr_b100=27.567, psnr_set14=28.251, psnr_set5=32.191, psnr_urban100=26.022, ssim_b100=0.736, ssim_set14=0.860, ssim_set5=0.913, ssim_urban100=0.962 |
     5 | train=0.003117 | val=nan | lr=0.00452 | t_train=12.77 | t_val=12.12 | mem=383.9 | psnr_b100=27.578, psnr_set14=28.212, psnr_set5=32.283, psnr_urban100=26.015, ssim_b100=0.736, ssim_set14=0.860, ssim_set5=0.914, ssim_urban100=0.962 |
     6 | train=0.003592 | val=nan | lr=0.00528 | t_train=12.75 | t_val=12.10 | mem=383.9 | psnr_b100=27.527, psnr_set14=28.158, psnr_set5=32.252, psnr_urban100=25.857, ssim_b100=0.735, ssim_set14=0.859, ssim_set5=0.913, ssim_urban100=0.961 |
     7 | train=0.004752 | val=nan | lr=0.00604 | t_train=12.71 | t_val=12.06 | mem=383.9 | psnr_b100=27.523, psnr_set14=28.186, psnr_set5=32.190, psnr_urban100=25.878, ssim_b100=0.734, ssim_set14=0.858, ssim_set5=0.912, ssim_urban100=0.960 |
     8 | train=0.005899 | val=nan | lr=0.0068 | t_train=12.73 | t_val=12.08 | mem=383.9 | psnr_b100=27.484, psnr_set14=28.195, psnr_set5=32.120, psnr_urban100=25.829, ssim_b100=0.734, ssim_set14=0.858, ssim_set5=0.910, ssim_urban100=0.959 |
     9 | train=0.005453 | val=nan | lr=0.00756 | t_train=12.72 | t_val=12.07 | mem=383.9 | psnr_b100=27.452, psnr_set14=28.038, psnr_set5=32.026, psnr_urban100=25.767, ssim_b100=0.732, ssim_set14=0.857, ssim_set5=0.910, ssim_urban100=0.959 |
    10 | train=0.005131 | val=nan | lr=0.00832 | t_train=12.69 | t_val=12.03 | mem=383.9 | psnr_b100=27.386, psnr_set14=27.966, psnr_set5=31.973, psnr_urban100=25.579, ssim_b100=0.729, ssim_set14=0.854, ssim_set5=0.908, ssim_urban100=0.957 |
    11 | train=0.007822 | val=nan | lr=0.00908 | t_train=12.65 | t_val=12.01 | mem=383.9 | psnr_b100=27.393, psnr_set14=27.998, psnr_set5=31.953, psnr_urban100=25.623, ssim_b100=0.729, ssim_set14=0.855, ssim_set5=0.907, ssim_urban100=0.958 |
    12 | train=0.006092 | val=nan | lr=0.00984 | t_train=12.75 | t_val=12.10 | mem=383.9 | psnr_b100=27.269, psnr_set14=27.863, psnr_set5=31.775, psnr_urban100=25.375, ssim_b100=0.724, ssim_set14=0.850, ssim_set5=0.900, ssim_urban100=0.955 |
    13 | train=0.017181 | val=nan | lr=0.0106 | t_train=12.69 | t_val=12.03 | mem=383.9 | psnr_b100=27.242, psnr_set14=27.814, psnr_set5=31.537, psnr_urban100=25.384, ssim_b100=0.722, ssim_set14=0.850, ssim_set5=0.899, ssim_urban100=0.955 |
    14 | train=0.011055 | val=nan | lr=0.01136 | t_train=12.76 | t_val=12.10 | mem=383.9 | psnr_b100=26.684, psnr_set14=27.168, psnr_set5=30.409, psnr_urban100=24.936, ssim_b100=0.707, ssim_set14=0.842, ssim_set5=0.889, ssim_urban100=0.953 |
    15 | train=0.019364 | val=nan | lr=0.01212 | t_train=12.71 | t_val=12.06 | mem=383.9 | psnr_b100=26.181, psnr_set14=26.529, psnr_set5=29.525, psnr_urban100=24.293, ssim_b100=0.647, ssim_set14=0.794, ssim_set5=0.824, ssim_urban100=0.945 |
    16 | train=0.019628 | val=nan | lr=0.01288 | t_train=12.76 | t_val=12.10 | mem=383.9 | psnr_b100=26.692, psnr_set14=26.982, psnr_set5=30.355, psnr_urban100=24.554, ssim_b100=0.680, ssim_set14=0.823, ssim_set5=0.855, ssim_urban100=0.947 |
    17 | train=0.013094 | val=nan | lr=0.01364 | t_train=12.70 | t_val=12.06 | mem=383.9 | psnr_b100=26.789, psnr_set14=27.186, psnr_set5=30.482, psnr_urban100=24.774, ssim_b100=0.684, ssim_set14=0.827, ssim_set5=0.859, ssim_urban100=0.950 |
    18 | train=0.012569 | val=nan | lr=0.0144 | t_train=12.71 | t_val=12.05 | mem=383.9 | psnr_b100=27.067, psnr_set14=27.525, psnr_set5=31.178, psnr_urban100=25.033, ssim_b100=0.707, ssim_set14=0.841, ssim_set5=0.883, ssim_urban100=0.952 |
    19 | train=0.018678 | val=nan | lr=0.01516 | t_train=12.74 | t_val=12.09 | mem=383.9 | psnr_b100=27.003, psnr_set14=27.393, psnr_set5=31.017, psnr_urban100=24.975, ssim_b100=0.705, ssim_set14=0.837, ssim_set5=0.876, ssim_urban100=0.952 |
    20 | train=0.014504 | val=nan | lr=0.01592 | t_train=12.70 | t_val=12.04 | mem=383.9 | psnr_b100=27.039, psnr_set14=27.335, psnr_set5=30.886, psnr_urban100=24.998, ssim_b100=0.710, ssim_set14=0.839, ssim_set5=0.880, ssim_urban100=0.952 |
    21 | train=0.014713 | val=nan | lr=0.01668 | t_train=12.72 | t_val=12.06 | mem=383.9 | psnr_b100=27.004, psnr_set14=27.364, psnr_set5=31.012, psnr_urban100=24.922, ssim_b100=0.704, ssim_set14=0.838, ssim_set5=0.878, ssim_urban100=0.950 |
    22 | train=0.017032 | val=nan | lr=0.01744 | t_train=12.64 | t_val=11.98 | mem=383.9 | psnr_b100=26.956, psnr_set14=27.361, psnr_set5=30.933, psnr_urban100=24.874, ssim_b100=0.703, ssim_set14=0.839, ssim_set5=0.880, ssim_urban100=0.950 |
    23 | train=0.027771 | val=nan | lr=0.0182 | t_train=12.84 | t_val=12.09 | mem=383.9 | psnr_b100=26.499, psnr_set14=26.842, psnr_set5=29.881, psnr_urban100=24.498, ssim_b100=0.674, ssim_set14=0.822, ssim_set5=0.848, ssim_urban100=0.947 |
    24 | train=0.028667 | val=nan | lr=0.01896 | t_train=12.69 | t_val=12.05 | mem=383.9 | psnr_b100=25.983, psnr_set14=25.998, psnr_set5=28.674, psnr_urban100=23.937, ssim_b100=0.621, ssim_set14=0.770, ssim_set5=0.785, ssim_urban100=0.938 |
    25 | train=0.246348 | val=nan | lr=0.01972 | t_train=12.73 | t_val=12.08 | mem=383.9 | psnr_b100=11.742, psnr_set14=10.929, psnr_set5=11.181, psnr_urban100=10.341, ssim_b100=0.079, ssim_set14=0.190, ssim_set5=0.164, ssim_urban100=0.418 |
    26 | train=1.545338 | val=nan | lr=0.02 | t_train=12.78 | t_val=12.12 | mem=383.9 | psnr_b100=10.226, psnr_set14=9.719, psnr_set5=9.031, psnr_urban100=9.356, ssim_b100=0.026, ssim_set14=0.092, ssim_set5=0.060, ssim_urban100=0.185 |
    27 | train=2.160968 | val=nan | lr=0.02 | t_train=12.78 | t_val=12.12 | mem=383.9 | psnr_b100=9.983, psnr_set14=10.039, psnr_set5=10.036, psnr_urban100=9.868, ssim_b100=0.022, ssim_set14=0.093, ssim_set5=0.069, ssim_urban100=0.307 |
    28 | train=1.614311 | val=nan | lr=0.02 | t_train=12.71 | t_val=12.06 | mem=383.9 | psnr_b100=15.899, psnr_set14=15.275, psnr_set5=14.376, psnr_urban100=14.818, ssim_b100=0.146, ssim_set14=0.324, ssim_set5=0.230, ssim_urban100=0.663 |
    29 | train=1.505206 | val=nan | lr=0.02 | t_train=12.75 | t_val=12.08 | mem=383.9 | psnr_b100=18.378, psnr_set14=17.693, psnr_set5=17.892, psnr_urban100=17.339, ssim_b100=0.177, ssim_set14=0.460, ssim_set5=0.325, ssim_urban100=0.779 |
    30 | train=1.298717 | val=nan | lr=0.02 | t_train=12.71 | t_val=12.05 | mem=383.9 | psnr_b100=19.451, psnr_set14=19.112, psnr_set5=19.452, psnr_urban100=18.531, ssim_b100=0.200, ssim_set14=0.501, ssim_set5=0.382, ssim_urban100=0.854 |
    31 | train=0.957019 | val=nan | lr=0.02 | t_train=12.67 | t_val=12.01 | mem=383.9 | psnr_b100=20.089, psnr_set14=19.782, psnr_set5=20.709, psnr_urban100=18.943, ssim_b100=0.246, ssim_set14=0.510, ssim_set5=0.430, ssim_urban100=0.854 |
    32 | train=0.570815 | val=nan | lr=0.02 | t_train=12.72 | t_val=12.06 | mem=383.9 | psnr_b100=21.970, psnr_set14=21.993, psnr_set5=23.050, psnr_urban100=20.526, ssim_b100=0.318, ssim_set14=0.589, ssim_set5=0.512, ssim_urban100=0.866 |
    33 | train=0.363286 | val=nan | lr=0.02 | t_train=12.70 | t_val=12.05 | mem=383.9 | psnr_b100=21.516, psnr_set14=20.957, psnr_set5=22.224, psnr_urban100=19.878, ssim_b100=0.378, ssim_set14=0.626, ssim_set5=0.564, ssim_urban100=0.871 |
    34 | train=0.210806 | val=nan | lr=0.02 | t_train=12.81 | t_val=12.08 | mem=383.9 | psnr_b100=21.186, psnr_set14=20.925, psnr_set5=21.760, psnr_urban100=19.721, ssim_b100=0.292, ssim_set14=0.524, ssim_set5=0.447, ssim_urban100=0.861 |
    35 | train=0.136218 | val=nan | lr=0.02 | t_train=12.73 | t_val=12.07 | mem=383.9 | psnr_b100=16.587, psnr_set14=16.427, psnr_set5=17.166, psnr_urban100=15.980, ssim_b100=0.300, ssim_set14=0.516, ssim_set5=0.450, ssim_urban100=0.798 |
    36 | train=0.109947 | val=nan | lr=0.02 | t_train=12.75 | t_val=12.11 | mem=383.9 | psnr_b100=21.335, psnr_set14=20.909, psnr_set5=21.775, psnr_urban100=19.930, ssim_b100=0.304, ssim_set14=0.577, ssim_set5=0.485, ssim_urban100=0.859 |
    37 | train=0.063515 | val=nan | lr=0.02 | t_train=12.77 | t_val=12.11 | mem=383.9 | psnr_b100=23.762, psnr_set14=23.996, psnr_set5=25.900, psnr_urban100=21.804, ssim_b100=0.497, ssim_set14=0.712, ssim_set5=0.683, ssim_urban100=0.897 |
    38 | train=0.055050 | val=nan | lr=0.02 | t_train=12.74 | t_val=12.09 | mem=383.9 | psnr_b100=24.825, psnr_set14=24.628, psnr_set5=26.453, psnr_urban100=22.531, ssim_b100=0.530, ssim_set14=0.709, ssim_set5=0.676, ssim_urban100=0.908 |
    39 | train=0.054106 | val=nan | lr=0.02 | t_train=12.77 | t_val=12.10 | mem=383.9 | psnr_b100=24.232, psnr_set14=24.404, psnr_set5=26.327, psnr_urban100=22.226, ssim_b100=0.539, ssim_set14=0.724, ssim_set5=0.690, ssim_urban100=0.905 |
    40 | train=0.034387 | val=nan | lr=0.02 | t_train=12.87 | t_val=12.21 | mem=383.9 | psnr_b100=23.923, psnr_set14=23.935, psnr_set5=25.898, psnr_urban100=21.850, ssim_b100=0.618, ssim_set14=0.772, ssim_set5=0.754, ssim_urban100=0.908 |
    41 | train=0.047609 | val=nan | lr=0.019964 | t_train=12.80 | t_val=12.15 | mem=383.9 | psnr_b100=24.607, psnr_set14=24.432, psnr_set5=26.285, psnr_urban100=22.358, ssim_b100=0.591, ssim_set14=0.757, ssim_set5=0.753, ssim_urban100=0.913 |
    42 | train=0.033311 | val=nan | lr=0.019926 | t_train=12.77 | t_val=12.12 | mem=383.9 | psnr_b100=25.502, psnr_set14=25.641, psnr_set5=28.276, psnr_urban100=23.044, ssim_b100=0.626, ssim_set14=0.782, ssim_set5=0.789, ssim_urban100=0.921 |
    43 | train=0.031094 | val=nan | lr=0.019888 | t_train=12.82 | t_val=12.18 | mem=383.9 | psnr_b100=25.501, psnr_set14=25.487, psnr_set5=28.060, psnr_urban100=22.982, ssim_b100=0.657, ssim_set14=0.804, ssim_set5=0.819, ssim_urban100=0.925 |
    44 | train=0.025298 | val=nan | lr=0.019851 | t_train=12.79 | t_val=12.13 | mem=383.9 | psnr_b100=25.792, psnr_set14=25.816, psnr_set5=28.621, psnr_urban100=23.197, ssim_b100=0.656, ssim_set14=0.803, ssim_set5=0.825, ssim_urban100=0.924 |
    45 | train=0.027560 | val=nan | lr=0.019813 | t_train=12.95 | t_val=12.29 | mem=383.9 | psnr_b100=25.969, psnr_set14=25.932, psnr_set5=28.798, psnr_urban100=23.301, ssim_b100=0.652, ssim_set14=0.802, ssim_set5=0.820, ssim_urban100=0.926 |
    46 | train=0.028629 | val=nan | lr=0.019775 | t_train=12.75 | t_val=12.09 | mem=383.9 | psnr_b100=25.273, psnr_set14=25.047, psnr_set5=27.260, psnr_urban100=22.864, ssim_b100=0.639, ssim_set14=0.790, ssim_set5=0.798, ssim_urban100=0.915 |
    47 | train=0.020759 | val=nan | lr=0.019738 | t_train=12.76 | t_val=12.11 | mem=383.9 | psnr_b100=25.819, psnr_set14=25.779, psnr_set5=28.531, psnr_urban100=23.221, ssim_b100=0.654, ssim_set14=0.790, ssim_set5=0.805, ssim_urban100=0.924 |
    48 | train=0.030606 | val=nan | lr=0.0197 | t_train=12.77 | t_val=12.13 | mem=383.9 | psnr_b100=25.808, psnr_set14=25.770, psnr_set5=28.539, psnr_urban100=23.180, ssim_b100=0.663, ssim_set14=0.798, ssim_set5=0.820, ssim_urban100=0.927 |
    49 | train=0.035572 | val=nan | lr=0.019663 | t_train=12.83 | t_val=12.18 | mem=383.9 | psnr_b100=23.801, psnr_set14=23.908, psnr_set5=25.528, psnr_urban100=21.958, ssim_b100=0.607, ssim_set14=0.770, ssim_set5=0.755, ssim_urban100=0.910 |
