     0 | base=nan | val=nan | acc1=0.7031 | Wμ=nan | Aμ=nan | Wmax=nan | Amax=nan |LR=nan | t=nans
     0 | base=nan | val=1.104401 | acc1=0.7032 | Wμ=11.367 | Aμ=20.000 | Wmax=12.587 | Amax=14.104 |LR=nan | t=nans
     0 | base=nan | val=1.104483 | acc1=0.7030 | Wμ=10.000 | Aμ=20.000 | Wmax=10.000 | Amax=14.105 |LR=nan | t=nans
     0 | base=nan | val=1.104656 | acc1=0.7024 | Wμ=10.000 | Aμ=10.000 | Wmax=10.000 | Amax=9.987 |LR=nan | t=nans
# epoch | BaseLoss | ValLoss | Acc@1 | MeanWBits | MeanABits | MaxWBits | MaxABits | LR | EpochTime(s)
     0 | base=nan | val=1.111653 | acc1=0.7025 | Wμ=10.000 | Aμ=10.000 | Wmax=10.000 | Amax=9.976 |LR=nan | t=nans
     0 | base=0.093397 | val=1.130219 | acc1=0.6972 | Wμ=10.000 | Aμ=10.001 | Wmax=10.011 | Amax=10.003 |LR=0.00098 | t=10.60s
     1 | base=0.056852 | val=1.125096 | acc1=0.6964 | Wμ=10.001 | Aμ=10.005 | Wmax=10.031 | Amax=10.011 |LR=0.00198 | t=9.39s
     2 | base=0.045485 | val=1.126633 | acc1=0.6992 | Wμ=10.002 | Aμ=10.011 | Wmax=10.048 | Amax=10.028 |LR=0.00298 | t=9.41s
     3 | base=0.042654 | val=1.147831 | acc1=0.6896 | Wμ=10.005 | Aμ=10.029 | Wmax=10.071 | Amax=10.061 |LR=0.00398 | t=9.45s
     4 | base=0.056867 | val=1.149353 | acc1=0.6873 | Wμ=10.010 | Aμ=10.051 | Wmax=10.095 | Amax=10.098 |LR=0.00498 | t=9.40s
     5 | base=0.067019 | val=1.173187 | acc1=0.6833 | Wμ=10.019 | Aμ=10.085 | Wmax=10.138 | Amax=10.154 |LR=0.00598 | t=9.45s
     6 | base=0.120164 | val=1.298498 | acc1=0.6539 | Wμ=10.038 | Aμ=10.135 | Wmax=10.217 | Amax=10.227 |LR=0.00698 | t=9.49s
     7 | base=0.198346 | val=1.402614 | acc1=0.6263 | Wμ=10.067 | Aμ=10.196 | Wmax=10.316 | Amax=10.302 |LR=0.00798 | t=9.45s
     8 | base=0.257027 | val=1.575546 | acc1=0.5806 | Wμ=10.117 | Aμ=10.263 | Wmax=10.390 | Amax=10.395 |LR=0.00898 | t=9.38s
     9 | base=0.287722 | val=1.411643 | acc1=0.6215 | Wμ=10.177 | Aμ=10.296 | Wmax=10.547 | Amax=10.488 |LR=0.00998 | t=9.40s
    10 | base=0.273012 | val=1.389897 | acc1=0.6201 | Wμ=10.235 | Aμ=10.350 | Wmax=10.606 | Amax=10.561 |LR=0.01098 | t=9.48s
    11 | base=0.298280 | val=1.550210 | acc1=0.5899 | Wμ=10.298 | Aμ=10.393 | Wmax=10.749 | Amax=10.672 |LR=0.01198 | t=9.42s
    12 | base=0.320443 | val=1.472188 | acc1=0.6066 | Wμ=10.361 | Aμ=10.474 | Wmax=10.854 | Amax=10.831 |LR=0.01298 | t=9.41s
    13 | base=0.315932 | val=1.386640 | acc1=0.6279 | Wμ=10.430 | Aμ=10.542 | Wmax=10.929 | Amax=10.899 |LR=0.01398 | t=9.41s
    14 | base=0.313033 | val=1.575927 | acc1=0.5889 | Wμ=10.490 | Aμ=10.600 | Wmax=11.034 | Amax=10.919 |LR=0.01498 | t=9.43s
    15 | base=0.356766 | val=1.574303 | acc1=0.5766 | Wμ=10.563 | Aμ=10.661 | Wmax=11.166 | Amax=11.224 |LR=0.01598 | t=9.46s
    16 | base=0.342783 | val=1.654816 | acc1=0.5664 | Wμ=10.633 | Aμ=10.729 | Wmax=11.329 | Amax=11.226 |LR=0.01698 | t=9.43s
    17 | base=0.322492 | val=1.463494 | acc1=0.6073 | Wμ=10.698 | Aμ=10.801 | Wmax=11.474 | Amax=11.175 |LR=0.01798 | t=9.43s
    18 | base=0.321576 | val=1.551318 | acc1=0.5897 | Wμ=10.764 | Aμ=10.847 | Wmax=11.618 | Amax=11.219 |LR=0.01898 | t=9.47s
    19 | base=0.325708 | val=1.403232 | acc1=0.6200 | Wμ=10.832 | Aμ=10.894 | Wmax=11.603 | Amax=11.382 |LR=0.01998 | t=9.44s
    20 | base=0.347396 | val=1.526374 | acc1=0.5939 | Wμ=7.354 | Aμ=7.481 | Wmax=8.077 | Amax=8.934 |LR=0.02 | t=9.48s
    21 | base=0.445164 | val=1.690904 | acc1=0.5506 | Wμ=4.038 | Aμ=5.097 | Wmax=4.755 | Amax=6.629 |LR=0.02 | t=9.44s
    22 | base=1.506611 | val=4.441834 | acc1=0.1850 | Wμ=2.082 | Aμ=4.768 | Wmax=3.807 | Amax=6.190 |LR=0.02 | t=9.43s
    23 | base=1.774886 | val=4.334987 | acc1=0.1461 | Wμ=1.412 | Aμ=4.113 | Wmax=3.170 | Amax=5.322 |LR=0.02 | t=9.47s
    24 | base=1.738125 | val=8.940078 | acc1=0.0401 | Wμ=1.202 | Aμ=3.386 | Wmax=2.585 | Amax=4.858 |LR=0.02 | t=9.43s
    25 | base=1.669558 | val=9.277267 | acc1=0.0546 | Wμ=1.074 | Aμ=2.589 | Wmax=2.322 | Amax=3.322 |LR=0.02 | t=9.45s
    26 | base=1.522689 | val=5.342707 | acc1=0.1449 | Wμ=1.021 | Aμ=2.029 | Wmax=1.585 | Amax=2.807 |LR=0.02 | t=9.43s
    27 | base=1.745014 | val=5.347626 | acc1=0.0655 | Wμ=1.001 | Aμ=1.843 | Wmax=1.585 | Amax=2.585 |LR=0.02 | t=9.49s
    28 | base=1.776968 | val=7.737345 | acc1=0.0299 | Wμ=0.994 | Aμ=1.644 | Wmax=1.585 | Amax=2.322 |LR=0.02 | t=9.46s
    29 | base=2.005836 | val=4.493279 | acc1=0.1632 | Wμ=0.987 | Aμ=1.425 | Wmax=1.585 | Amax=2.000 |LR=0.02 | t=9.46s
    30 | base=2.127004 | val=5.377527 | acc1=0.0606 | Wμ=0.985 | Aμ=1.311 | Wmax=1.585 | Amax=2.000 |LR=0.02 | t=9.46s
    31 | base=2.056545 | val=4.852551 | acc1=0.1174 | Wμ=0.980 | Aμ=1.184 | Wmax=1.000 | Amax=2.000 |LR=0.02 | t=9.53s
    32 | base=2.084347 | val=3.974912 | acc1=0.1433 | Wμ=0.978 | Aμ=1.107 | Wmax=1.000 | Amax=1.585 |LR=0.02 | t=9.53s
    33 | base=2.294048 | val=3.866540 | acc1=0.1325 | Wμ=0.975 | Aμ=1.077 | Wmax=1.000 | Amax=1.585 |LR=0.02 | t=9.53s
    34 | base=2.310977 | val=5.946441 | acc1=0.0740 | Wμ=0.975 | Aμ=1.082 | Wmax=1.000 | Amax=1.585 |LR=0.02 | t=9.54s
    35 | base=2.344546 | val=3.765041 | acc1=0.1600 | Wμ=0.974 | Aμ=1.050 | Wmax=1.000 | Amax=1.585 |LR=0.02 | t=9.54s
    36 | base=2.289264 | val=4.952489 | acc1=0.0911 | Wμ=0.971 | Aμ=1.026 | Wmax=1.000 | Amax=1.000 |LR=0.02 | t=9.51s
    37 | base=2.168760 | val=5.674546 | acc1=0.0919 | Wμ=0.968 | Aμ=0.993 | Wmax=1.000 | Amax=1.000 |LR=0.018582 | t=9.54s
    38 | base=2.081954 | val=4.998014 | acc1=0.1212 | Wμ=0.967 | Aμ=0.974 | Wmax=1.000 | Amax=1.000 |LR=0.017238 | t=9.53s
    39 | base=2.002168 | val=3.790414 | acc1=0.2146 | Wμ=0.963 | Aμ=0.971 | Wmax=1.000 | Amax=1.000 |LR=0.015992 | t=9.56s
    40 | base=2.000238 | val=6.402276 | acc1=0.0760 | Wμ=0.967 | Aμ=0.960 | Wmax=1.000 | Amax=1.000 |LR=0.014835 | t=9.53s
    41 | base=2.024038 | val=3.147643 | acc1=0.2727 | Wμ=0.966 | Aμ=0.961 | Wmax=1.000 | Amax=1.000 |LR=0.013763 | t=9.48s
    42 | base=1.984599 | val=4.878320 | acc1=0.1370 | Wμ=0.967 | Aμ=0.964 | Wmax=1.000 | Amax=1.000 |LR=0.012767 | t=9.44s
    43 | base=1.948229 | val=4.542984 | acc1=0.1614 | Wμ=0.967 | Aμ=0.968 | Wmax=1.000 | Amax=1.000 |LR=0.011844 | t=9.50s
    44 | base=1.933651 | val=5.319231 | acc1=0.1251 | Wμ=0.967 | Aμ=0.970 | Wmax=1.000 | Amax=1.000 |LR=0.010988 | t=9.51s
    45 | base=1.863549 | val=4.091763 | acc1=0.1830 | Wμ=0.966 | Aμ=0.949 | Wmax=1.000 | Amax=1.000 |LR=0.010193 | t=9.48s
    46 | base=1.879694 | val=4.060905 | acc1=0.1767 | Wμ=0.967 | Aμ=0.952 | Wmax=1.000 | Amax=1.000 |LR=0.0094562 | t=9.54s
    47 | base=1.872584 | val=5.356060 | acc1=0.1332 | Wμ=0.967 | Aμ=0.963 | Wmax=1.000 | Amax=1.000 |LR=0.0087724 | t=9.50s
    48 | base=1.859734 | val=5.258439 | acc1=0.1110 | Wμ=0.968 | Aμ=0.977 | Wmax=1.000 | Amax=1.000 |LR=0.0081381 | t=9.48s
    49 | base=1.746282 | val=4.899131 | acc1=0.1622 | Wμ=0.970 | Aμ=0.969 | Wmax=1.000 | Amax=1.000 |LR=0.0075497 | t=9.53s
