     0 | base=nan | val=nan | acc1=0.7031 | Wμ=nan | Aμ=nan | Wmax=nan | Amax=nan |LR=nan | t=nans
     0 | base=nan | val=1.104401 | acc1=0.7032 | Wμ=11.367 | Aμ=20.000 | Wmax=12.587 | Amax=14.104 |LR=nan | t=nans
     0 | base=nan | val=1.104483 | acc1=0.7030 | Wμ=10.000 | Aμ=20.000 | Wmax=10.000 | Amax=14.105 |LR=nan | t=nans
     0 | base=nan | val=1.104656 | acc1=0.7024 | Wμ=10.000 | Aμ=10.000 | Wmax=10.000 | Amax=9.987 |LR=nan | t=nans
# epoch | BaseLoss | ValLoss | Acc@1 | MeanWBits | MeanABits | MaxWBits | MaxABits | LR | EpochTime(s)
     0 | base=nan | val=1.111653 | acc1=0.7025 | Wμ=10.000 | Aμ=10.000 | Wmax=10.000 | Amax=9.976 |LR=nan | t=nans
     0 | base=0.099393 | val=1.129719 | acc1=0.6950 | Wμ=10.000 | Aμ=10.001 | Wmax=10.011 | Amax=10.002 |LR=0.00098 | t=10.58s
     1 | base=0.055657 | val=1.118283 | acc1=0.6993 | Wμ=10.001 | Aμ=10.003 | Wmax=10.032 | Amax=10.005 |LR=0.00198 | t=9.38s
     2 | base=0.046537 | val=1.125500 | acc1=0.6994 | Wμ=10.002 | Aμ=10.006 | Wmax=10.057 | Amax=10.019 |LR=0.00298 | t=9.36s
     3 | base=0.044007 | val=1.166474 | acc1=0.6855 | Wμ=10.005 | Aμ=10.017 | Wmax=10.071 | Amax=10.040 |LR=0.00398 | t=9.40s
     4 | base=0.049534 | val=1.139404 | acc1=0.6941 | Wμ=10.010 | Aμ=10.037 | Wmax=10.083 | Amax=10.069 |LR=0.00498 | t=9.44s
     5 | base=0.073945 | val=1.182098 | acc1=0.6816 | Wμ=10.019 | Aμ=10.069 | Wmax=10.124 | Amax=10.124 |LR=0.00598 | t=9.38s
     6 | base=0.118453 | val=1.231490 | acc1=0.6650 | Wμ=10.035 | Aμ=10.106 | Wmax=10.156 | Amax=10.201 |LR=0.00698 | t=9.45s
     7 | base=0.190937 | val=1.380311 | acc1=0.6389 | Wμ=10.064 | Aμ=10.156 | Wmax=10.293 | Amax=10.298 |LR=0.00798 | t=9.38s
     8 | base=0.238977 | val=1.443481 | acc1=0.6114 | Wμ=10.107 | Aμ=10.204 | Wmax=10.376 | Amax=10.417 |LR=0.00898 | t=9.45s
     9 | base=0.294914 | val=1.584251 | acc1=0.5861 | Wμ=10.162 | Aμ=10.254 | Wmax=10.519 | Amax=10.455 |LR=0.00998 | t=9.40s
    10 | base=0.293205 | val=1.405866 | acc1=0.6198 | Wμ=10.221 | Aμ=10.280 | Wmax=10.683 | Amax=10.477 |LR=0.01098 | t=9.40s
    11 | base=0.314969 | val=1.418701 | acc1=0.6213 | Wμ=10.280 | Aμ=10.316 | Wmax=10.831 | Amax=10.643 |LR=0.01198 | t=9.46s
    12 | base=0.314687 | val=1.404809 | acc1=0.6281 | Wμ=10.347 | Aμ=10.335 | Wmax=10.978 | Amax=10.769 |LR=0.01298 | t=9.41s
    13 | base=0.305450 | val=1.427993 | acc1=0.6167 | Wμ=10.412 | Aμ=10.359 | Wmax=11.103 | Amax=10.719 |LR=0.01398 | t=9.42s
    14 | base=0.342844 | val=1.679600 | acc1=0.5585 | Wμ=10.480 | Aμ=10.376 | Wmax=11.202 | Amax=10.791 |LR=0.01498 | t=9.38s
    15 | base=0.361539 | val=1.629011 | acc1=0.5758 | Wμ=10.547 | Aμ=10.463 | Wmax=11.354 | Amax=10.917 |LR=0.01598 | t=9.38s
    16 | base=0.310545 | val=1.456482 | acc1=0.6132 | Wμ=10.621 | Aμ=10.488 | Wmax=11.519 | Amax=11.054 |LR=0.01698 | t=9.43s
    17 | base=0.336008 | val=1.548703 | acc1=0.5950 | Wμ=10.689 | Aμ=10.546 | Wmax=11.623 | Amax=11.223 |LR=0.01798 | t=9.45s
    18 | base=0.338248 | val=1.505382 | acc1=0.5967 | Wμ=10.752 | Aμ=10.577 | Wmax=11.687 | Amax=11.278 |LR=0.01898 | t=9.45s
    19 | base=0.376363 | val=1.805647 | acc1=0.5373 | Wμ=10.823 | Aμ=10.647 | Wmax=11.790 | Amax=11.389 |LR=0.01998 | t=9.47s
    20 | base=0.357186 | val=1.527517 | acc1=0.5942 | Wμ=7.347 | Aμ=7.485 | Wmax=8.175 | Amax=9.114 |LR=0.02 | t=9.37s
    21 | base=0.482223 | val=2.107268 | acc1=0.4708 | Wμ=4.029 | Aμ=5.153 | Wmax=4.954 | Amax=6.644 |LR=0.02 | t=9.41s
    22 | base=1.528903 | val=3.808988 | acc1=0.2105 | Wμ=2.067 | Aμ=4.734 | Wmax=3.807 | Amax=5.977 |LR=0.02 | t=9.37s
    23 | base=1.826422 | val=4.959407 | acc1=0.0770 | Wμ=1.412 | Aμ=4.127 | Wmax=3.322 | Amax=5.358 |LR=0.02 | t=9.39s
    24 | base=1.748564 | val=8.019183 | acc1=0.0419 | Wμ=1.196 | Aμ=3.356 | Wmax=2.585 | Amax=4.322 |LR=0.02 | t=9.44s
    25 | base=1.601590 | val=3.778175 | acc1=0.1933 | Wμ=1.070 | Aμ=2.661 | Wmax=2.000 | Amax=3.585 |LR=0.02 | t=9.41s
    26 | base=1.668846 | val=3.397306 | acc1=0.2127 | Wμ=1.024 | Aμ=2.030 | Wmax=2.000 | Amax=2.807 |LR=0.02 | t=9.44s
    27 | base=1.774172 | val=4.172162 | acc1=0.1513 | Wμ=1.005 | Aμ=1.842 | Wmax=1.585 | Amax=2.585 |LR=0.02 | t=9.40s
    28 | base=1.802472 | val=5.511745 | acc1=0.1501 | Wμ=0.994 | Aμ=1.602 | Wmax=1.585 | Amax=2.322 |LR=0.02 | t=9.42s
    29 | base=1.970492 | val=3.014009 | acc1=0.2739 | Wμ=0.986 | Aμ=1.423 | Wmax=1.585 | Amax=2.322 |LR=0.02 | t=9.41s
    30 | base=2.025777 | val=3.815947 | acc1=0.1633 | Wμ=0.985 | Aμ=1.314 | Wmax=1.000 | Amax=2.000 |LR=0.02 | t=9.50s
    31 | base=2.303573 | val=4.565493 | acc1=0.1171 | Wμ=0.982 | Aμ=1.184 | Wmax=1.000 | Amax=1.585 |LR=0.02 | t=9.49s
    32 | base=2.188789 | val=4.359573 | acc1=0.1429 | Wμ=0.979 | Aμ=1.123 | Wmax=1.000 | Amax=1.585 |LR=0.02 | t=9.47s
    33 | base=2.373347 | val=6.636677 | acc1=0.0556 | Wμ=0.976 | Aμ=1.098 | Wmax=1.000 | Amax=1.585 |LR=0.02 | t=9.45s
    34 | base=2.320602 | val=6.712386 | acc1=0.0320 | Wμ=0.974 | Aμ=1.079 | Wmax=1.000 | Amax=1.000 |LR=0.02 | t=9.50s
    35 | base=2.306798 | val=5.076906 | acc1=0.0685 | Wμ=0.975 | Aμ=1.040 | Wmax=1.000 | Amax=1.000 |LR=0.018582 | t=9.45s
    36 | base=2.206068 | val=3.878093 | acc1=0.1368 | Wμ=0.975 | Aμ=1.025 | Wmax=1.000 | Amax=1.000 |LR=0.017238 | t=9.44s
    37 | base=2.122965 | val=6.649766 | acc1=0.0598 | Wμ=0.972 | Aμ=1.005 | Wmax=1.000 | Amax=1.000 |LR=0.015992 | t=9.45s
    38 | base=2.110588 | val=4.621460 | acc1=0.1544 | Wμ=0.972 | Aμ=0.998 | Wmax=1.000 | Amax=1.000 |LR=0.014835 | t=9.43s
    39 | base=1.983321 | val=5.235275 | acc1=0.1039 | Wμ=0.970 | Aμ=0.982 | Wmax=1.000 | Amax=1.000 |LR=0.013763 | t=9.46s
    40 | base=1.932698 | val=4.163743 | acc1=0.1650 | Wμ=0.972 | Aμ=0.970 | Wmax=1.000 | Amax=1.000 |LR=0.012767 | t=9.43s
    41 | base=1.949531 | val=4.812149 | acc1=0.1352 | Wμ=0.969 | Aμ=0.976 | Wmax=1.000 | Amax=1.000 |LR=0.011844 | t=9.44s
    42 | base=1.924217 | val=4.623947 | acc1=0.1378 | Wμ=0.968 | Aμ=0.969 | Wmax=1.000 | Amax=1.000 |LR=0.010988 | t=9.43s
    43 | base=1.848945 | val=3.755469 | acc1=0.2170 | Wμ=0.971 | Aμ=0.972 | Wmax=1.000 | Amax=1.000 |LR=0.010193 | t=9.47s
    44 | base=1.847210 | val=4.495085 | acc1=0.1530 | Wμ=0.971 | Aμ=0.960 | Wmax=1.000 | Amax=1.000 |LR=0.0094562 | t=9.48s
    45 | base=1.846659 | val=4.893020 | acc1=0.1173 | Wμ=0.970 | Aμ=0.966 | Wmax=1.000 | Amax=1.000 |LR=0.0087724 | t=9.46s
    46 | base=1.842179 | val=3.750454 | acc1=0.2246 | Wμ=0.971 | Aμ=0.969 | Wmax=1.000 | Amax=1.000 |LR=0.0081381 | t=9.43s
    47 | base=1.760727 | val=5.895571 | acc1=0.1054 | Wμ=0.972 | Aμ=0.968 | Wmax=1.000 | Amax=1.000 |LR=0.0075497 | t=9.43s
    48 | base=1.889847 | val=3.704453 | acc1=0.2321 | Wμ=0.970 | Aμ=0.965 | Wmax=1.000 | Amax=1.000 |LR=0.0070037 | t=9.47s
    49 | base=1.789914 | val=4.572224 | acc1=0.1469 | Wμ=0.972 | Aμ=0.971 | Wmax=1.000 | Amax=1.000 |LR=0.0064973 | t=9.50s
