     0 | base=nan | val=nan | acc1=0.7031 | Wμ=nan | Aμ=nan | Wmax=nan | Amax=nan |LR=nan | t=nans
     0 | base=nan | val=1.104401 | acc1=0.7032 | Wμ=11.367 | Aμ=20.000 | Wmax=12.587 | Amax=14.104 |LR=nan | t=nans
     0 | base=nan | val=1.104483 | acc1=0.7030 | Wμ=10.000 | Aμ=20.000 | Wmax=10.000 | Amax=14.105 |LR=nan | t=nans
     0 | base=nan | val=1.104656 | acc1=0.7024 | Wμ=10.000 | Aμ=10.000 | Wmax=10.000 | Amax=9.987 |LR=nan | t=nans
# epoch | BaseLoss | ValLoss | Acc@1 | MeanWBits | MeanABits | MaxWBits | MaxABits | LR | EpochTime(s)
     0 | base=nan | val=1.111653 | acc1=0.7025 | Wμ=10.000 | Aμ=10.000 | Wmax=10.000 | Amax=9.976 |LR=nan | t=nans
     0 | base=0.123577 | val=1.128141 | acc1=0.6978 | Wμ=10.000 | Aμ=10.001 | Wmax=10.006 | Amax=10.001 |LR=0.00049 | t=10.65s
     1 | base=0.068006 | val=1.116685 | acc1=0.6971 | Wμ=10.000 | Aμ=10.002 | Wmax=10.017 | Amax=10.005 |LR=0.00099 | t=9.39s
     2 | base=0.050682 | val=1.118605 | acc1=0.6977 | Wμ=10.001 | Aμ=10.006 | Wmax=10.035 | Amax=10.011 |LR=0.00149 | t=9.41s
     3 | base=0.041112 | val=1.128768 | acc1=0.6982 | Wμ=10.002 | Aμ=10.013 | Wmax=10.057 | Amax=10.024 |LR=0.00199 | t=9.38s
     4 | base=0.041121 | val=1.129881 | acc1=0.6947 | Wμ=10.003 | Aμ=10.025 | Wmax=10.069 | Amax=10.048 |LR=0.00249 | t=9.37s
     5 | base=0.037997 | val=1.163710 | acc1=0.6867 | Wμ=10.006 | Aμ=10.041 | Wmax=10.061 | Amax=10.081 |LR=0.00299 | t=9.35s
     6 | base=0.043727 | val=1.135997 | acc1=0.6916 | Wμ=10.010 | Aμ=10.064 | Wmax=10.079 | Amax=10.116 |LR=0.00349 | t=9.43s
     7 | base=0.049697 | val=1.161654 | acc1=0.6877 | Wμ=10.017 | Aμ=10.093 | Wmax=10.109 | Amax=10.169 |LR=0.00399 | t=9.35s
     8 | base=0.064588 | val=1.191113 | acc1=0.6791 | Wμ=10.026 | Aμ=10.132 | Wmax=10.141 | Amax=10.224 |LR=0.00449 | t=9.40s
     9 | base=0.092643 | val=1.204137 | acc1=0.6717 | Wμ=10.040 | Aμ=10.164 | Wmax=10.162 | Amax=10.293 |LR=0.00499 | t=9.36s
    10 | base=0.115474 | val=1.274669 | acc1=0.6564 | Wμ=10.060 | Aμ=10.206 | Wmax=10.273 | Amax=10.384 |LR=0.00549 | t=9.40s
    11 | base=0.155552 | val=1.327176 | acc1=0.6397 | Wμ=10.087 | Aμ=10.254 | Wmax=10.289 | Amax=10.461 |LR=0.00599 | t=9.41s
    12 | base=0.189186 | val=1.366330 | acc1=0.6290 | Wμ=10.121 | Aμ=10.313 | Wmax=10.396 | Amax=10.540 |LR=0.00649 | t=9.38s
    13 | base=0.186665 | val=1.324422 | acc1=0.6469 | Wμ=10.160 | Aμ=10.349 | Wmax=10.480 | Amax=10.639 |LR=0.00699 | t=9.39s
    14 | base=0.209012 | val=1.390553 | acc1=0.6299 | Wμ=10.206 | Aμ=10.383 | Wmax=10.578 | Amax=10.709 |LR=0.00749 | t=9.36s
    15 | base=0.229844 | val=1.331586 | acc1=0.6419 | Wμ=10.251 | Aμ=10.418 | Wmax=10.651 | Amax=10.779 |LR=0.00799 | t=9.42s
    16 | base=0.223445 | val=1.363289 | acc1=0.6261 | Wμ=10.292 | Aμ=10.438 | Wmax=10.713 | Amax=10.842 |LR=0.00849 | t=9.42s
    17 | base=0.217835 | val=1.373862 | acc1=0.6311 | Wμ=10.336 | Aμ=10.481 | Wmax=10.773 | Amax=10.975 |LR=0.00899 | t=9.39s
    18 | base=0.234914 | val=1.428268 | acc1=0.6109 | Wμ=10.382 | Aμ=10.515 | Wmax=10.917 | Amax=11.085 |LR=0.00949 | t=9.41s
    19 | base=0.247769 | val=1.338491 | acc1=0.6359 | Wμ=10.432 | Aμ=10.547 | Wmax=10.984 | Amax=11.138 |LR=0.00999 | t=9.39s
    20 | base=0.246435 | val=1.569687 | acc1=0.5862 | Wμ=8.858 | Aμ=9.196 | Wmax=9.539 | Amax=10.396 |LR=0.01 | t=9.37s
    21 | base=0.231520 | val=1.345742 | acc1=0.6419 | Wμ=7.142 | Aμ=7.614 | Wmax=7.889 | Amax=9.066 |LR=0.01 | t=9.40s
    22 | base=0.281877 | val=1.383214 | acc1=0.6259 | Wμ=5.662 | Aμ=6.403 | Wmax=6.524 | Amax=7.864 |LR=0.01 | t=9.40s
    23 | base=0.363263 | val=1.817553 | acc1=0.5318 | Wμ=4.369 | Aμ=5.612 | Wmax=5.426 | Amax=7.066 |LR=0.01 | t=9.39s
    24 | base=0.601614 | val=1.834301 | acc1=0.5212 | Wμ=3.304 | Aμ=5.219 | Wmax=4.807 | Amax=6.600 |LR=0.01 | t=9.40s
    25 | base=0.865335 | val=2.454336 | acc1=0.3899 | Wμ=2.466 | Aμ=4.908 | Wmax=4.170 | Amax=6.304 |LR=0.01 | t=9.41s
    26 | base=1.064720 | val=3.103132 | acc1=0.2803 | Wμ=1.849 | Aμ=4.521 | Wmax=3.807 | Amax=5.807 |LR=0.01 | t=9.41s
    27 | base=1.326673 | val=4.438223 | acc1=0.1695 | Wμ=1.496 | Aμ=4.127 | Wmax=3.322 | Amax=5.209 |LR=0.01 | t=9.39s
    28 | base=1.454160 | val=4.626153 | acc1=0.1258 | Wμ=1.331 | Aμ=3.831 | Wmax=3.000 | Amax=4.907 |LR=0.01 | t=9.40s
    29 | base=1.469393 | val=3.351641 | acc1=0.2356 | Wμ=1.222 | Aμ=3.426 | Wmax=2.585 | Amax=4.524 |LR=0.01 | t=9.39s
    30 | base=1.348167 | val=5.180043 | acc1=0.1305 | Wμ=1.130 | Aμ=3.091 | Wmax=2.322 | Amax=4.000 |LR=0.01 | t=9.45s
    31 | base=1.375708 | val=5.576080 | acc1=0.0581 | Wμ=1.066 | Aμ=2.666 | Wmax=2.000 | Amax=3.459 |LR=0.01 | t=9.38s
    32 | base=1.421539 | val=5.684490 | acc1=0.0989 | Wμ=1.038 | Aμ=2.352 | Wmax=2.000 | Amax=3.000 |LR=0.01 | t=9.45s
    33 | base=1.492595 | val=7.510688 | acc1=0.0668 | Wμ=1.021 | Aμ=2.121 | Wmax=1.585 | Amax=2.807 |LR=0.01 | t=9.47s
    34 | base=1.454163 | val=3.143125 | acc1=0.3062 | Wμ=1.004 | Aμ=1.927 | Wmax=1.585 | Amax=2.585 |LR=0.01 | t=9.48s
    35 | base=1.576648 | val=4.044911 | acc1=0.1786 | Wμ=0.998 | Aμ=1.786 | Wmax=1.585 | Amax=2.585 |LR=0.01 | t=9.46s
    36 | base=1.641811 | val=4.597724 | acc1=0.1128 | Wμ=0.991 | Aμ=1.669 | Wmax=1.585 | Amax=2.585 |LR=0.01 | t=9.44s
    37 | base=1.765379 | val=7.523758 | acc1=0.0597 | Wμ=0.991 | Aμ=1.532 | Wmax=1.585 | Amax=2.322 |LR=0.01 | t=9.44s
    38 | base=1.785444 | val=5.145917 | acc1=0.0904 | Wμ=0.990 | Aμ=1.404 | Wmax=1.585 | Amax=2.000 |LR=0.01 | t=9.43s
    39 | base=1.878218 | val=6.100163 | acc1=0.1113 | Wμ=0.989 | Aμ=1.364 | Wmax=1.585 | Amax=2.000 |LR=0.01 | t=9.45s
    40 | base=2.009906 | val=3.790880 | acc1=0.2109 | Wμ=0.989 | Aμ=1.317 | Wmax=1.585 | Amax=2.000 |LR=0.01 | t=9.47s
    41 | base=1.793265 | val=3.590998 | acc1=0.2468 | Wμ=0.985 | Aμ=1.217 | Wmax=1.000 | Amax=2.000 |LR=0.01 | t=9.48s
    42 | base=2.018580 | val=3.314704 | acc1=0.2362 | Wμ=0.985 | Aμ=1.142 | Wmax=1.000 | Amax=1.585 |LR=0.01 | t=9.48s
    43 | base=1.922635 | val=4.878699 | acc1=0.1489 | Wμ=0.984 | Aμ=1.128 | Wmax=1.000 | Amax=1.585 |LR=0.01 | t=9.51s
    44 | base=1.935804 | val=2.924686 | acc1=0.3015 | Wμ=0.983 | Aμ=1.125 | Wmax=1.000 | Amax=1.585 |LR=0.01 | t=9.41s
    45 | base=1.960608 | val=5.294038 | acc1=0.1442 | Wμ=0.981 | Aμ=1.104 | Wmax=1.000 | Amax=1.585 |LR=0.01 | t=9.46s
    46 | base=1.883945 | val=4.885515 | acc1=0.1204 | Wμ=0.981 | Aμ=1.085 | Wmax=1.000 | Amax=1.585 |LR=0.01 | t=9.44s
    47 | base=2.014693 | val=4.010491 | acc1=0.1961 | Wμ=0.981 | Aμ=1.082 | Wmax=1.000 | Amax=1.585 |LR=0.01 | t=9.44s
    48 | base=2.025897 | val=3.534096 | acc1=0.2130 | Wμ=0.979 | Aμ=1.062 | Wmax=1.000 | Amax=1.585 |LR=0.01 | t=9.45s
    49 | base=2.137941 | val=3.975428 | acc1=0.1661 | Wμ=0.979 | Aμ=1.039 | Wmax=1.000 | Amax=1.585 |LR=0.01 | t=9.43s
    50 | base=1.976327 | val=2.928205 | acc1=0.2844 | Wμ=0.977 | Aμ=1.030 | Wmax=1.000 | Amax=1.585 |LR=0.01 | t=9.44s
    51 | base=1.941288 | val=3.578748 | acc1=0.2259 | Wμ=0.978 | Aμ=1.026 | Wmax=1.000 | Amax=1.585 |LR=0.01 | t=9.46s
    52 | base=2.089775 | val=4.678673 | acc1=0.1382 | Wμ=0.978 | Aμ=1.029 | Wmax=1.000 | Amax=1.585 |LR=0.01 | t=9.41s
    53 | base=1.962836 | val=3.948176 | acc1=0.1663 | Wμ=0.975 | Aμ=1.013 | Wmax=1.000 | Amax=1.585 |LR=0.01 | t=9.46s
    54 | base=1.953366 | val=4.119479 | acc1=0.1626 | Wμ=0.975 | Aμ=1.010 | Wmax=1.000 | Amax=1.000 |LR=0.01 | t=9.48s
    55 | base=1.930188 | val=3.807259 | acc1=0.1994 | Wμ=0.977 | Aμ=0.991 | Wmax=1.000 | Amax=1.000 |LR=0.0092908 | t=9.48s
    56 | base=1.827135 | val=4.698183 | acc1=0.1491 | Wμ=0.975 | Aμ=0.985 | Wmax=1.000 | Amax=1.000 |LR=0.008619 | t=9.48s
    57 | base=1.937379 | val=3.902151 | acc1=0.1922 | Wμ=0.975 | Aμ=0.983 | Wmax=1.000 | Amax=1.000 |LR=0.0079958 | t=9.49s
    58 | base=1.843517 | val=4.877909 | acc1=0.1441 | Wμ=0.973 | Aμ=0.988 | Wmax=1.000 | Amax=1.000 |LR=0.0074176 | t=9.46s
    59 | base=1.893751 | val=4.832492 | acc1=0.1509 | Wμ=0.975 | Aμ=0.983 | Wmax=1.000 | Amax=1.000 |LR=0.0068813 | t=9.48s
    60 | base=1.800997 | val=5.660805 | acc1=0.1058 | Wμ=0.975 | Aμ=0.982 | Wmax=1.000 | Amax=1.000 |LR=0.0063837 | t=9.47s
    61 | base=1.811355 | val=3.366654 | acc1=0.2564 | Wμ=0.976 | Aμ=0.983 | Wmax=1.000 | Amax=1.000 |LR=0.0059221 | t=9.47s
    62 | base=1.786108 | val=4.354083 | acc1=0.1395 | Wμ=0.977 | Aμ=0.985 | Wmax=1.000 | Amax=1.000 |LR=0.0054939 | t=9.42s
    63 | base=1.765485 | val=4.145618 | acc1=0.1644 | Wμ=0.978 | Aμ=0.984 | Wmax=1.000 | Amax=1.000 |LR=0.0050966 | t=9.46s
    64 | base=1.724667 | val=3.696134 | acc1=0.2467 | Wμ=0.978 | Aμ=0.982 | Wmax=1.000 | Amax=1.000 |LR=0.0047281 | t=9.44s
    65 | base=1.744308 | val=3.855294 | acc1=0.2000 | Wμ=0.976 | Aμ=0.983 | Wmax=1.000 | Amax=1.000 |LR=0.0043862 | t=9.45s
    66 | base=1.756967 | val=3.457182 | acc1=0.2225 | Wμ=0.977 | Aμ=0.981 | Wmax=1.000 | Amax=1.000 |LR=0.0040691 | t=9.45s
    67 | base=1.751595 | val=3.639326 | acc1=0.2200 | Wμ=0.978 | Aμ=0.988 | Wmax=1.000 | Amax=1.000 |LR=0.0037748 | t=9.46s
    68 | base=1.723871 | val=2.745015 | acc1=0.3261 | Wμ=0.977 | Aμ=0.987 | Wmax=1.000 | Amax=1.000 |LR=0.0035019 | t=9.41s
    69 | base=1.712367 | val=4.271083 | acc1=0.1755 | Wμ=0.979 | Aμ=0.989 | Wmax=1.000 | Amax=1.000 |LR=0.0032487 | t=9.45s
