     0 | base=nan | val=nan | acc1=0.7031 | Wμ=nan | Aμ=nan | Wmax=nan | Amax=nan |LR=nan | t=nans
     0 | base=nan | val=1.104401 | acc1=0.7032 | Wμ=11.367 | Aμ=20.000 | Wmax=12.587 | Amax=14.104 |LR=nan | t=nans
     0 | base=nan | val=1.104483 | acc1=0.7030 | Wμ=10.000 | Aμ=20.000 | Wmax=10.000 | Amax=14.105 |LR=nan | t=nans
     0 | base=nan | val=1.104656 | acc1=0.7024 | Wμ=10.000 | Aμ=10.000 | Wmax=10.000 | Amax=9.987 |LR=nan | t=nans
# epoch | BaseLoss | ValLoss | Acc@1 | MeanWBits | MeanABits | MaxWBits | MaxABits | LR | EpochTime(s)
     0 | base=nan | val=1.111653 | acc1=0.7025 | Wμ=10.000 | Aμ=10.000 | Wmax=10.000 | Amax=9.976 |LR=nan | t=nans
     0 | base=0.192625 | val=1.152562 | acc1=0.6967 | Wμ=10.000 | Aμ=10.000 | Wmax=10.001 | Amax=10.000 |LR=9.8e-05 | t=10.73s
     1 | base=0.118574 | val=1.123230 | acc1=0.6995 | Wμ=10.000 | Aμ=10.000 | Wmax=10.007 | Amax=10.001 |LR=0.000198 | t=9.48s
     2 | base=0.078405 | val=1.116108 | acc1=0.7004 | Wμ=10.000 | Aμ=10.001 | Wmax=10.013 | Amax=10.002 |LR=0.000298 | t=9.47s
     3 | base=0.061455 | val=1.113769 | acc1=0.6983 | Wμ=10.000 | Aμ=10.002 | Wmax=10.020 | Amax=10.004 |LR=0.000398 | t=9.44s
     4 | base=0.051289 | val=1.113271 | acc1=0.7002 | Wμ=10.001 | Aμ=10.004 | Wmax=10.027 | Amax=10.007 |LR=0.000498 | t=9.49s
     5 | base=0.043624 | val=1.110961 | acc1=0.7003 | Wμ=10.001 | Aμ=10.007 | Wmax=10.036 | Amax=10.011 |LR=0.000598 | t=9.44s
     6 | base=0.039207 | val=1.113563 | acc1=0.6998 | Wμ=10.001 | Aμ=10.012 | Wmax=10.046 | Amax=10.017 |LR=0.000698 | t=9.47s
     7 | base=0.033526 | val=1.114612 | acc1=0.7011 | Wμ=10.002 | Aμ=10.016 | Wmax=10.055 | Amax=10.025 |LR=0.000798 | t=9.46s
     8 | base=0.033226 | val=1.118644 | acc1=0.6974 | Wμ=10.003 | Aμ=10.023 | Wmax=10.065 | Amax=10.035 |LR=0.000898 | t=9.48s
     9 | base=0.028879 | val=1.122816 | acc1=0.6994 | Wμ=10.004 | Aμ=10.032 | Wmax=10.066 | Amax=10.049 |LR=0.000998 | t=9.44s
    10 | base=0.027351 | val=1.122091 | acc1=0.6965 | Wμ=10.005 | Aμ=10.042 | Wmax=10.067 | Amax=10.061 |LR=0.001098 | t=9.48s
    11 | base=0.026971 | val=1.121045 | acc1=0.6981 | Wμ=10.007 | Aμ=10.054 | Wmax=10.075 | Amax=10.076 |LR=0.001198 | t=9.44s
    12 | base=0.024691 | val=1.125733 | acc1=0.6985 | Wμ=10.008 | Aμ=10.065 | Wmax=10.077 | Amax=10.094 |LR=0.001298 | t=9.50s
    13 | base=0.024408 | val=1.120014 | acc1=0.6952 | Wμ=10.010 | Aμ=10.079 | Wmax=10.082 | Amax=10.122 |LR=0.001398 | t=9.48s
    14 | base=0.021917 | val=1.135379 | acc1=0.6919 | Wμ=10.013 | Aμ=10.094 | Wmax=10.090 | Amax=10.150 |LR=0.001498 | t=9.49s
    15 | base=0.023892 | val=1.126871 | acc1=0.6966 | Wμ=10.015 | Aμ=10.113 | Wmax=10.098 | Amax=10.181 |LR=0.001598 | t=9.46s
    16 | base=0.025261 | val=1.132222 | acc1=0.6936 | Wμ=10.018 | Aμ=10.137 | Wmax=10.101 | Amax=10.217 |LR=0.001698 | t=9.48s
    17 | base=0.025127 | val=1.148669 | acc1=0.6883 | Wμ=10.022 | Aμ=10.159 | Wmax=10.109 | Amax=10.258 |LR=0.001798 | t=9.46s
    18 | base=0.030974 | val=1.140979 | acc1=0.6918 | Wμ=10.025 | Aμ=10.187 | Wmax=10.106 | Amax=10.302 |LR=0.001898 | t=9.45s
    19 | base=0.031126 | val=1.143157 | acc1=0.6905 | Wμ=10.030 | Aμ=10.210 | Wmax=10.111 | Amax=10.342 |LR=0.001998 | t=9.46s
    20 | base=0.034851 | val=1.135159 | acc1=0.6915 | Wμ=9.859 | Aμ=10.167 | Wmax=10.018 | Amax=10.366 |LR=0.002 | t=9.42s
    21 | base=0.033504 | val=1.136068 | acc1=0.6929 | Wμ=9.563 | Aμ=9.994 | Wmax=9.839 | Amax=10.353 |LR=0.002 | t=9.49s
    22 | base=0.035717 | val=1.170950 | acc1=0.6856 | Wμ=9.283 | Aμ=9.755 | Wmax=9.640 | Amax=10.295 |LR=0.002 | t=9.45s
    23 | base=0.039848 | val=1.144338 | acc1=0.6884 | Wμ=9.021 | Aμ=9.504 | Wmax=9.433 | Amax=10.186 |LR=0.002 | t=9.51s
    24 | base=0.042222 | val=1.149733 | acc1=0.6900 | Wμ=8.773 | Aμ=9.251 | Wmax=9.234 | Amax=10.035 |LR=0.002 | t=9.52s
    25 | base=0.043835 | val=1.160809 | acc1=0.6850 | Wμ=8.535 | Aμ=9.024 | Wmax=9.036 | Amax=9.883 |LR=0.002 | t=9.48s
    26 | base=0.045234 | val=1.153407 | acc1=0.6854 | Wμ=8.304 | Aμ=8.811 | Wmax=8.852 | Amax=9.765 |LR=0.002 | t=9.45s
    27 | base=0.042624 | val=1.156822 | acc1=0.6864 | Wμ=8.081 | Aμ=8.608 | Wmax=8.672 | Amax=9.611 |LR=0.002 | t=9.45s
    28 | base=0.049128 | val=1.154110 | acc1=0.6889 | Wμ=7.864 | Aμ=8.422 | Wmax=8.496 | Amax=9.453 |LR=0.002 | t=9.47s
    29 | base=0.055114 | val=1.155353 | acc1=0.6873 | Wμ=7.651 | Aμ=8.232 | Wmax=8.322 | Amax=9.288 |LR=0.002 | t=9.48s
    30 | base=0.059202 | val=1.160498 | acc1=0.6863 | Wμ=7.442 | Aμ=8.064 | Wmax=8.150 | Amax=9.185 |LR=0.002 | t=9.46s
    31 | base=0.059507 | val=1.165318 | acc1=0.6828 | Wμ=7.235 | Aμ=7.897 | Wmax=7.983 | Amax=9.087 |LR=0.002 | t=9.45s
    32 | base=0.073637 | val=1.174148 | acc1=0.6787 | Wμ=7.032 | Aμ=7.739 | Wmax=7.814 | Amax=8.972 |LR=0.002 | t=9.44s
    33 | base=0.070822 | val=1.209517 | acc1=0.6715 | Wμ=6.831 | Aμ=7.585 | Wmax=7.651 | Amax=8.858 |LR=0.002 | t=9.43s
    34 | base=0.073201 | val=1.218756 | acc1=0.6702 | Wμ=6.631 | Aμ=7.443 | Wmax=7.500 | Amax=8.731 |LR=0.002 | t=9.45s
    35 | base=0.079923 | val=1.209435 | acc1=0.6706 | Wμ=6.431 | Aμ=7.305 | Wmax=7.349 | Amax=8.662 |LR=0.002 | t=9.49s
    36 | base=0.081466 | val=1.175250 | acc1=0.6775 | Wμ=6.231 | Aμ=7.170 | Wmax=7.180 | Amax=8.512 |LR=0.002 | t=9.43s
    37 | base=0.087694 | val=1.202886 | acc1=0.6699 | Wμ=6.034 | Aμ=7.029 | Wmax=7.022 | Amax=8.430 |LR=0.002 | t=9.43s
    38 | base=0.102073 | val=1.196658 | acc1=0.6728 | Wμ=5.838 | Aμ=6.898 | Wmax=6.870 | Amax=8.304 |LR=0.002 | t=9.46s
    39 | base=0.110711 | val=1.235946 | acc1=0.6645 | Wμ=5.641 | Aμ=6.779 | Wmax=6.714 | Amax=8.229 |LR=0.002 | t=9.49s
    40 | base=0.112090 | val=1.230935 | acc1=0.6690 | Wμ=5.446 | Aμ=6.656 | Wmax=6.570 | Amax=8.124 |LR=0.002 | t=9.49s
    41 | base=0.124049 | val=1.249917 | acc1=0.6566 | Wμ=5.251 | Aμ=6.538 | Wmax=6.426 | Amax=8.028 |LR=0.002 | t=9.42s
    42 | base=0.142363 | val=1.280463 | acc1=0.6520 | Wμ=5.057 | Aμ=6.422 | Wmax=6.285 | Amax=7.966 |LR=0.002 | t=9.47s
    43 | base=0.140462 | val=1.244097 | acc1=0.6585 | Wμ=4.861 | Aμ=6.326 | Wmax=6.109 | Amax=7.895 |LR=0.002 | t=9.48s
    44 | base=0.153094 | val=1.286310 | acc1=0.6566 | Wμ=4.663 | Aμ=6.221 | Wmax=5.977 | Amax=7.748 |LR=0.002 | t=9.43s
    45 | base=0.159571 | val=1.271679 | acc1=0.6577 | Wμ=4.469 | Aμ=6.109 | Wmax=5.833 | Amax=7.679 |LR=0.002 | t=9.43s
    46 | base=0.180499 | val=1.257060 | acc1=0.6650 | Wμ=4.273 | Aμ=6.008 | Wmax=5.672 | Amax=7.592 |LR=0.002 | t=9.44s
    47 | base=0.197933 | val=1.416117 | acc1=0.6154 | Wμ=4.082 | Aμ=5.902 | Wmax=5.492 | Amax=7.500 |LR=0.002 | t=9.44s
    48 | base=0.213732 | val=1.360577 | acc1=0.6384 | Wμ=3.892 | Aμ=5.802 | Wmax=5.358 | Amax=7.366 |LR=0.002 | t=9.52s
    49 | base=0.246265 | val=1.388694 | acc1=0.6211 | Wμ=3.701 | Aμ=5.719 | Wmax=5.209 | Amax=7.276 |LR=0.002 | t=9.47s
    50 | base=0.276325 | val=1.491681 | acc1=0.6010 | Wμ=3.515 | Aμ=5.643 | Wmax=5.044 | Amax=7.209 |LR=0.002 | t=9.49s
    51 | base=0.290469 | val=1.475713 | acc1=0.6114 | Wμ=3.333 | Aμ=5.550 | Wmax=4.907 | Amax=7.087 |LR=0.002 | t=9.45s
    52 | base=0.309051 | val=1.397709 | acc1=0.6203 | Wμ=3.160 | Aμ=5.464 | Wmax=4.755 | Amax=7.000 |LR=0.002 | t=9.53s
    53 | base=0.337084 | val=1.533487 | acc1=0.5924 | Wμ=2.984 | Aμ=5.381 | Wmax=4.644 | Amax=6.895 |LR=0.002 | t=9.48s
    54 | base=0.333679 | val=1.706471 | acc1=0.5413 | Wμ=2.825 | Aμ=5.299 | Wmax=4.524 | Amax=6.794 |LR=0.002 | t=9.44s
    55 | base=0.396644 | val=1.603250 | acc1=0.5763 | Wμ=2.664 | Aμ=5.210 | Wmax=4.392 | Amax=6.741 |LR=0.002 | t=9.47s
    56 | base=0.405039 | val=2.059715 | acc1=0.4827 | Wμ=2.511 | Aμ=5.115 | Wmax=4.248 | Amax=6.672 |LR=0.002 | t=9.45s
    57 | base=0.428244 | val=1.584962 | acc1=0.5759 | Wμ=2.366 | Aμ=5.027 | Wmax=4.170 | Amax=6.555 |LR=0.002 | t=9.43s
    58 | base=0.499518 | val=2.128317 | acc1=0.4666 | Wμ=2.233 | Aμ=4.940 | Wmax=4.000 | Amax=6.459 |LR=0.002 | t=9.48s
    59 | base=0.496202 | val=2.358186 | acc1=0.4149 | Wμ=2.113 | Aμ=4.859 | Wmax=3.907 | Amax=6.340 |LR=0.002 | t=9.46s
    60 | base=0.568285 | val=1.719824 | acc1=0.5444 | Wμ=2.002 | Aμ=4.779 | Wmax=3.807 | Amax=6.229 |LR=0.002 | t=9.44s
    61 | base=0.579862 | val=2.936229 | acc1=0.3321 | Wμ=1.899 | Aμ=4.709 | Wmax=3.700 | Amax=6.129 |LR=0.002 | t=9.46s
    62 | base=0.614557 | val=3.277311 | acc1=0.3111 | Wμ=1.809 | Aμ=4.621 | Wmax=3.585 | Amax=6.044 |LR=0.002 | t=9.47s
    63 | base=0.656626 | val=2.090276 | acc1=0.4650 | Wμ=1.725 | Aμ=4.523 | Wmax=3.585 | Amax=5.931 |LR=0.002 | t=9.51s
    64 | base=0.787979 | val=5.960536 | acc1=0.1057 | Wμ=1.652 | Aμ=4.445 | Wmax=3.459 | Amax=5.807 |LR=0.002 | t=9.52s
    65 | base=0.754028 | val=2.968709 | acc1=0.3222 | Wμ=1.585 | Aμ=4.367 | Wmax=3.322 | Amax=5.700 |LR=0.002 | t=9.46s
    66 | base=0.789636 | val=3.089066 | acc1=0.2797 | Wμ=1.525 | Aμ=4.263 | Wmax=3.322 | Amax=5.585 |LR=0.002 | t=9.47s
    67 | base=0.823572 | val=4.460878 | acc1=0.1910 | Wμ=1.474 | Aμ=4.170 | Wmax=3.170 | Amax=5.426 |LR=0.002 | t=9.51s
    68 | base=0.949114 | val=3.343251 | acc1=0.2399 | Wμ=1.422 | Aμ=4.079 | Wmax=3.170 | Amax=5.322 |LR=0.002 | t=9.54s
    69 | base=1.026541 | val=3.973775 | acc1=0.1963 | Wμ=1.379 | Aμ=3.978 | Wmax=3.000 | Amax=5.209 |LR=0.002 | t=9.44s
    70 | base=1.033934 | val=4.782598 | acc1=0.1121 | Wμ=1.341 | Aμ=3.907 | Wmax=3.000 | Amax=5.087 |LR=0.002 | t=9.51s
    71 | base=1.122478 | val=4.382110 | acc1=0.1238 | Wμ=1.309 | Aμ=3.813 | Wmax=2.807 | Amax=5.000 |LR=0.002 | t=9.54s
    72 | base=1.064414 | val=8.281628 | acc1=0.0370 | Wμ=1.278 | Aμ=3.713 | Wmax=2.807 | Amax=4.858 |LR=0.002 | t=9.44s
    73 | base=1.070594 | val=8.110527 | acc1=0.0167 | Wμ=1.246 | Aμ=3.632 | Wmax=2.807 | Amax=4.700 |LR=0.002 | t=9.42s
    74 | base=1.073721 | val=3.647910 | acc1=0.2197 | Wμ=1.215 | Aμ=3.545 | Wmax=2.807 | Amax=4.585 |LR=0.002 | t=9.44s
    75 | base=1.087192 | val=3.994663 | acc1=0.1855 | Wμ=1.191 | Aμ=3.459 | Wmax=2.585 | Amax=4.459 |LR=0.002 | t=9.45s
    76 | base=1.105119 | val=4.974545 | acc1=0.1240 | Wμ=1.166 | Aμ=3.367 | Wmax=2.585 | Amax=4.392 |LR=0.002 | t=9.44s
    77 | base=1.084477 | val=5.967865 | acc1=0.1226 | Wμ=1.142 | Aμ=3.271 | Wmax=2.585 | Amax=4.248 |LR=0.002 | t=9.53s
    78 | base=1.003685 | val=3.603517 | acc1=0.2573 | Wμ=1.121 | Aμ=3.157 | Wmax=2.322 | Amax=4.087 |LR=0.002 | t=9.49s
    79 | base=1.084165 | val=3.213778 | acc1=0.2737 | Wμ=1.099 | Aμ=3.048 | Wmax=2.322 | Amax=3.907 |LR=0.002 | t=9.46s
    80 | base=1.074783 | val=3.270758 | acc1=0.2799 | Wμ=1.082 | Aμ=2.964 | Wmax=2.322 | Amax=3.807 |LR=0.002 | t=9.47s
    81 | base=1.072621 | val=3.568124 | acc1=0.2175 | Wμ=1.068 | Aμ=2.855 | Wmax=2.322 | Amax=3.700 |LR=0.002 | t=9.48s
    82 | base=1.155034 | val=7.827545 | acc1=0.0383 | Wμ=1.057 | Aμ=2.792 | Wmax=2.000 | Amax=3.585 |LR=0.002 | t=9.48s
    83 | base=1.170234 | val=2.920829 | acc1=0.3230 | Wμ=1.049 | Aμ=2.725 | Wmax=2.000 | Amax=3.459 |LR=0.002 | t=9.49s
    84 | base=1.195850 | val=3.240998 | acc1=0.2864 | Wμ=1.041 | Aμ=2.617 | Wmax=2.000 | Amax=3.459 |LR=0.002 | t=9.57s
    85 | base=1.240823 | val=6.353808 | acc1=0.0338 | Wμ=1.035 | Aμ=2.486 | Wmax=2.000 | Amax=3.322 |LR=0.002 | t=9.44s
    86 | base=1.143487 | val=3.804863 | acc1=0.1848 | Wμ=1.028 | Aμ=2.455 | Wmax=2.000 | Amax=3.322 |LR=0.002 | t=9.47s
    87 | base=1.188921 | val=2.899987 | acc1=0.3179 | Wμ=1.023 | Aμ=2.381 | Wmax=2.000 | Amax=3.170 |LR=0.002 | t=9.46s
    88 | base=1.173792 | val=4.326362 | acc1=0.1389 | Wμ=1.018 | Aμ=2.309 | Wmax=1.585 | Amax=3.000 |LR=0.002 | t=9.46s
    89 | base=1.210281 | val=2.490478 | acc1=0.3913 | Wμ=1.014 | Aμ=2.250 | Wmax=1.585 | Amax=3.000 |LR=0.002 | t=9.50s
    90 | base=1.171726 | val=3.669794 | acc1=0.1946 | Wμ=1.010 | Aμ=2.179 | Wmax=1.585 | Amax=2.807 |LR=0.002 | t=9.46s
    91 | base=1.239229 | val=2.782450 | acc1=0.3195 | Wμ=1.006 | Aμ=2.078 | Wmax=1.585 | Amax=3.000 |LR=0.002 | t=9.64s
    92 | base=1.312588 | val=3.036794 | acc1=0.2901 | Wμ=1.003 | Aμ=2.034 | Wmax=1.585 | Amax=2.807 |LR=0.002 | t=9.50s
    93 | base=1.300498 | val=3.730277 | acc1=0.2143 | Wμ=1.001 | Aμ=2.008 | Wmax=1.585 | Amax=2.807 |LR=0.002 | t=9.49s
    94 | base=1.327909 | val=4.696575 | acc1=0.1242 | Wμ=0.999 | Aμ=1.962 | Wmax=1.585 | Amax=2.807 |LR=0.002 | t=9.52s
    95 | base=1.333283 | val=2.634052 | acc1=0.3486 | Wμ=0.998 | Aμ=1.921 | Wmax=1.585 | Amax=2.585 |LR=0.002 | t=9.54s
    96 | base=1.292488 | val=2.942034 | acc1=0.3221 | Wμ=0.996 | Aμ=1.892 | Wmax=1.000 | Amax=2.585 |LR=0.002 | t=9.56s
    97 | base=1.292555 | val=3.892589 | acc1=0.1915 | Wμ=0.996 | Aμ=1.854 | Wmax=1.585 | Amax=2.585 |LR=0.002 | t=9.51s
    98 | base=1.330243 | val=3.880343 | acc1=0.1911 | Wμ=0.995 | Aμ=1.819 | Wmax=1.585 | Amax=2.585 |LR=0.002 | t=9.54s
    99 | base=1.370221 | val=4.935090 | acc1=0.1103 | Wμ=0.995 | Aμ=1.762 | Wmax=1.000 | Amax=2.585 |LR=0.002 | t=9.51s
   100 | base=1.424038 | val=4.458932 | acc1=0.1636 | Wμ=0.995 | Aμ=1.706 | Wmax=1.000 | Amax=2.585 |LR=0.002 | t=9.53s
   101 | base=1.386578 | val=2.839581 | acc1=0.3430 | Wμ=0.994 | Aμ=1.677 | Wmax=1.000 | Amax=2.585 |LR=0.002 | t=9.50s
   102 | base=1.509447 | val=3.009449 | acc1=0.3024 | Wμ=0.994 | Aμ=1.657 | Wmax=1.000 | Amax=2.322 |LR=0.002 | t=9.53s
   103 | base=1.420487 | val=4.398233 | acc1=0.1819 | Wμ=0.994 | Aμ=1.637 | Wmax=1.000 | Amax=2.322 |LR=0.002 | t=9.56s
   104 | base=1.398730 | val=2.519904 | acc1=0.3722 | Wμ=0.994 | Aμ=1.607 | Wmax=1.000 | Amax=2.322 |LR=0.002 | t=9.54s
   105 | base=1.437310 | val=4.215987 | acc1=0.1535 | Wμ=0.994 | Aμ=1.575 | Wmax=1.000 | Amax=2.322 |LR=0.002 | t=9.48s
   106 | base=1.433289 | val=5.503648 | acc1=0.1147 | Wμ=0.994 | Aμ=1.547 | Wmax=1.000 | Amax=2.322 |LR=0.002 | t=9.54s
   107 | base=1.483264 | val=2.839797 | acc1=0.3396 | Wμ=0.993 | Aμ=1.506 | Wmax=1.000 | Amax=2.322 |LR=0.002 | t=9.56s
   108 | base=1.412559 | val=3.134071 | acc1=0.3082 | Wμ=0.994 | Aμ=1.459 | Wmax=1.000 | Amax=2.322 |LR=0.002 | t=9.55s
   109 | base=1.516671 | val=3.023192 | acc1=0.2984 | Wμ=0.992 | Aμ=1.424 | Wmax=1.000 | Amax=2.322 |LR=0.002 | t=9.53s
   110 | base=1.465299 | val=3.089854 | acc1=0.2767 | Wμ=0.992 | Aμ=1.392 | Wmax=1.000 | Amax=2.322 |LR=0.002 | t=9.52s
   111 | base=1.595316 | val=3.788717 | acc1=0.2081 | Wμ=0.992 | Aμ=1.367 | Wmax=1.000 | Amax=2.000 |LR=0.002 | t=9.54s
   112 | base=1.567270 | val=3.999977 | acc1=0.2366 | Wμ=0.992 | Aμ=1.352 | Wmax=1.000 | Amax=2.322 |LR=0.002 | t=9.46s
   113 | base=1.543539 | val=3.188893 | acc1=0.2561 | Wμ=0.991 | Aμ=1.351 | Wmax=1.000 | Amax=2.000 |LR=0.002 | t=9.51s
   114 | base=1.511212 | val=3.776897 | acc1=0.2258 | Wμ=0.992 | Aμ=1.350 | Wmax=1.000 | Amax=2.000 |LR=0.002 | t=9.49s
   115 | base=1.432506 | val=3.524173 | acc1=0.2411 | Wμ=0.992 | Aμ=1.349 | Wmax=1.000 | Amax=2.322 |LR=0.002 | t=9.51s
   116 | base=1.622118 | val=3.900614 | acc1=0.1729 | Wμ=0.992 | Aμ=1.348 | Wmax=1.000 | Amax=2.000 |LR=0.002 | t=9.52s
   117 | base=1.609076 | val=3.868069 | acc1=0.1930 | Wμ=0.991 | Aμ=1.345 | Wmax=1.000 | Amax=2.000 |LR=0.002 | t=9.57s
   118 | base=1.611368 | val=3.109875 | acc1=0.2614 | Wμ=0.992 | Aμ=1.340 | Wmax=1.000 | Amax=2.000 |LR=0.002 | t=9.56s
   119 | base=1.571814 | val=4.191481 | acc1=0.2035 | Wμ=0.992 | Aμ=1.328 | Wmax=1.000 | Amax=2.000 |LR=0.002 | t=9.55s
   120 | base=1.579883 | val=3.788110 | acc1=0.2128 | Wμ=0.991 | Aμ=1.298 | Wmax=1.000 | Amax=2.000 |LR=0.002 | t=9.53s
   121 | base=1.567111 | val=4.264327 | acc1=0.1861 | Wμ=0.991 | Aμ=1.256 | Wmax=1.000 | Amax=2.000 |LR=0.002 | t=9.46s
   122 | base=1.491258 | val=3.300683 | acc1=0.2481 | Wμ=0.991 | Aμ=1.208 | Wmax=1.000 | Amax=1.585 |LR=0.002 | t=9.54s
   123 | base=1.531892 | val=5.273197 | acc1=0.0692 | Wμ=0.991 | Aμ=1.176 | Wmax=1.000 | Amax=1.585 |LR=0.002 | t=9.54s
   124 | base=1.531800 | val=3.209712 | acc1=0.2924 | Wμ=0.991 | Aμ=1.165 | Wmax=1.000 | Amax=2.000 |LR=0.002 | t=9.54s
   125 | base=1.479619 | val=3.078961 | acc1=0.2815 | Wμ=0.991 | Aμ=1.155 | Wmax=1.000 | Amax=2.000 |LR=0.002 | t=9.48s
   126 | base=1.614495 | val=3.598768 | acc1=0.2292 | Wμ=0.990 | Aμ=1.139 | Wmax=1.000 | Amax=2.000 |LR=0.002 | t=9.50s
   127 | base=1.612260 | val=4.686507 | acc1=0.1167 | Wμ=0.990 | Aμ=1.134 | Wmax=1.000 | Amax=1.585 |LR=0.002 | t=9.48s
   128 | base=1.723721 | val=5.148149 | acc1=0.1281 | Wμ=0.990 | Aμ=1.133 | Wmax=1.000 | Amax=2.000 |LR=0.002 | t=9.66s
   129 | base=1.578938 | val=4.399050 | acc1=0.1704 | Wμ=0.991 | Aμ=1.133 | Wmax=1.000 | Amax=1.585 |LR=0.002 | t=9.69s
   130 | base=1.581646 | val=4.401336 | acc1=0.1626 | Wμ=0.990 | Aμ=1.133 | Wmax=1.000 | Amax=1.585 |LR=0.002 | t=9.62s
   131 | base=1.600113 | val=4.331112 | acc1=0.1726 | Wμ=0.989 | Aμ=1.133 | Wmax=1.000 | Amax=1.585 |LR=0.002 | t=9.49s
   132 | base=1.590773 | val=4.557693 | acc1=0.1382 | Wμ=0.990 | Aμ=1.133 | Wmax=1.000 | Amax=1.585 |LR=0.002 | t=9.55s
   133 | base=1.685449 | val=3.829136 | acc1=0.1539 | Wμ=0.990 | Aμ=1.133 | Wmax=1.000 | Amax=1.585 |LR=0.002 | t=9.49s
   134 | base=1.617956 | val=4.475822 | acc1=0.1595 | Wμ=0.990 | Aμ=1.133 | Wmax=1.000 | Amax=1.585 |LR=0.002 | t=9.48s
   135 | base=1.746507 | val=5.526595 | acc1=0.1256 | Wμ=0.990 | Aμ=1.133 | Wmax=1.000 | Amax=1.585 |LR=0.002 | t=9.47s
   136 | base=1.675600 | val=3.131512 | acc1=0.2490 | Wμ=0.990 | Aμ=1.133 | Wmax=1.000 | Amax=1.585 |LR=0.002 | t=9.47s
   137 | base=1.634221 | val=2.888087 | acc1=0.2764 | Wμ=0.990 | Aμ=1.132 | Wmax=1.000 | Amax=1.585 |LR=0.002 | t=9.53s
   138 | base=1.618410 | val=4.158171 | acc1=0.1706 | Wμ=0.989 | Aμ=1.133 | Wmax=1.000 | Amax=1.585 |LR=0.002 | t=9.47s
   139 | base=1.666744 | val=3.624033 | acc1=0.1990 | Wμ=0.991 | Aμ=1.132 | Wmax=1.000 | Amax=1.585 |LR=0.002 | t=9.50s
   140 | base=1.845372 | val=4.072958 | acc1=0.2461 | Wμ=0.989 | Aμ=1.130 | Wmax=1.000 | Amax=1.585 |LR=0.002 | t=9.48s
   141 | base=1.828781 | val=3.025862 | acc1=0.2742 | Wμ=0.990 | Aμ=1.126 | Wmax=1.000 | Amax=1.585 |LR=0.002 | t=9.50s
   142 | base=1.678624 | val=3.406238 | acc1=0.2746 | Wμ=0.990 | Aμ=1.118 | Wmax=1.000 | Amax=1.585 |LR=0.002 | t=9.51s
   143 | base=1.743885 | val=2.836048 | acc1=0.3014 | Wμ=0.989 | Aμ=1.103 | Wmax=1.000 | Amax=1.585 |LR=0.002 | t=9.53s
   144 | base=1.674391 | val=4.095412 | acc1=0.1796 | Wμ=0.990 | Aμ=1.098 | Wmax=1.000 | Amax=1.585 |LR=0.002 | t=9.49s
   145 | base=1.866238 | val=5.671480 | acc1=0.1442 | Wμ=0.989 | Aμ=1.093 | Wmax=1.000 | Amax=1.585 |LR=0.002 | t=9.57s
   146 | base=1.633172 | val=4.587839 | acc1=0.1463 | Wμ=0.989 | Aμ=1.088 | Wmax=1.000 | Amax=1.585 |LR=0.002 | t=9.50s
   147 | base=1.667281 | val=3.595536 | acc1=0.2339 | Wμ=0.989 | Aμ=1.088 | Wmax=1.000 | Amax=1.585 |LR=0.002 | t=9.49s
   148 | base=1.707693 | val=3.394427 | acc1=0.2304 | Wμ=0.989 | Aμ=1.086 | Wmax=1.000 | Amax=1.585 |LR=0.002 | t=9.48s
   149 | base=1.649676 | val=3.279727 | acc1=0.3008 | Wμ=0.989 | Aμ=1.085 | Wmax=1.000 | Amax=1.585 |LR=0.002 | t=9.48s
   150 | base=1.682169 | val=3.088192 | acc1=0.2985 | Wμ=0.989 | Aμ=1.082 | Wmax=1.000 | Amax=1.585 |LR=0.002 | t=9.48s
   151 | base=1.692702 | val=3.845671 | acc1=0.2079 | Wμ=0.990 | Aμ=1.078 | Wmax=1.000 | Amax=1.585 |LR=0.002 | t=9.55s
   152 | base=1.739465 | val=3.124303 | acc1=0.2875 | Wμ=0.989 | Aμ=1.071 | Wmax=1.000 | Amax=1.585 |LR=0.002 | t=9.55s
   153 | base=1.838127 | val=4.038358 | acc1=0.1227 | Wμ=0.989 | Aμ=1.061 | Wmax=1.000 | Amax=1.000 |LR=0.002 | t=9.54s
   154 | base=1.723644 | val=3.651580 | acc1=0.1755 | Wμ=0.989 | Aμ=1.052 | Wmax=1.000 | Amax=1.585 |LR=0.0018582 | t=9.53s
   155 | base=1.638405 | val=2.777571 | acc1=0.3466 | Wμ=0.988 | Aμ=1.043 | Wmax=1.000 | Amax=1.585 |LR=0.0018554 | t=9.48s
   156 | base=1.710571 | val=2.900036 | acc1=0.2880 | Wμ=0.988 | Aμ=1.038 | Wmax=1.000 | Amax=1.000 |LR=0.0018554 | t=9.48s
   157 | base=1.745983 | val=5.308299 | acc1=0.1291 | Wμ=0.989 | Aμ=1.034 | Wmax=1.000 | Amax=1.585 |LR=0.0017238 | t=9.52s
   158 | base=1.679818 | val=2.946206 | acc1=0.3527 | Wμ=0.989 | Aμ=1.034 | Wmax=1.000 | Amax=1.585 |LR=0.0017212 | t=9.63s
   159 | base=1.665733 | val=2.974267 | acc1=0.3077 | Wμ=0.989 | Aμ=1.033 | Wmax=1.000 | Amax=1.585 |LR=0.0017212 | t=9.51s
   160 | base=1.675524 | val=3.533673 | acc1=0.2335 | Wμ=0.989 | Aμ=1.033 | Wmax=1.000 | Amax=1.585 |LR=0.0017212 | t=9.57s
   161 | base=1.586878 | val=2.941693 | acc1=0.3042 | Wμ=0.989 | Aμ=1.034 | Wmax=1.000 | Amax=1.585 |LR=0.0017212 | t=9.51s
   162 | base=1.607315 | val=4.624712 | acc1=0.1754 | Wμ=0.988 | Aμ=1.034 | Wmax=1.000 | Amax=1.585 |LR=0.0017212 | t=9.55s
   163 | base=1.701912 | val=3.606095 | acc1=0.2653 | Wμ=0.989 | Aμ=1.034 | Wmax=1.000 | Amax=1.585 |LR=0.0017212 | t=9.48s
   164 | base=1.655239 | val=3.943585 | acc1=0.1966 | Wμ=0.989 | Aμ=1.034 | Wmax=1.000 | Amax=1.585 |LR=0.0017212 | t=9.51s
   165 | base=1.765260 | val=3.272918 | acc1=0.2483 | Wμ=0.989 | Aμ=1.034 | Wmax=1.000 | Amax=1.585 |LR=0.0017212 | t=9.51s
   166 | base=1.663055 | val=3.821712 | acc1=0.2125 | Wμ=0.990 | Aμ=1.033 | Wmax=1.000 | Amax=1.585 |LR=0.0017212 | t=9.47s
   167 | base=1.787911 | val=3.778355 | acc1=0.2239 | Wμ=0.989 | Aμ=1.034 | Wmax=1.000 | Amax=1.585 |LR=0.0017212 | t=9.50s
   168 | base=1.794897 | val=3.693574 | acc1=0.2149 | Wμ=0.989 | Aμ=1.034 | Wmax=1.000 | Amax=1.585 |LR=0.0017212 | t=9.53s
   169 | base=1.690360 | val=4.154926 | acc1=0.1460 | Wμ=0.989 | Aμ=1.033 | Wmax=1.000 | Amax=1.000 |LR=0.0017212 | t=9.56s
   170 | base=1.695304 | val=3.384264 | acc1=0.2532 | Wμ=0.989 | Aμ=1.033 | Wmax=1.000 | Amax=1.585 |LR=0.0015992 | t=9.47s
   171 | base=1.675554 | val=3.069018 | acc1=0.2854 | Wμ=0.988 | Aμ=1.034 | Wmax=1.000 | Amax=1.585 |LR=0.0015968 | t=9.48s
   172 | base=1.746714 | val=3.835523 | acc1=0.2354 | Wμ=0.989 | Aμ=1.033 | Wmax=1.000 | Amax=1.585 |LR=0.0015968 | t=9.54s
   173 | base=1.700043 | val=4.418446 | acc1=0.1200 | Wμ=0.989 | Aμ=1.033 | Wmax=1.000 | Amax=1.000 |LR=0.0015968 | t=9.47s
   174 | base=1.825932 | val=3.293025 | acc1=0.2479 | Wμ=0.989 | Aμ=1.033 | Wmax=1.000 | Amax=1.585 |LR=0.0014835 | t=9.53s
   175 | base=1.818748 | val=3.429204 | acc1=0.2552 | Wμ=0.989 | Aμ=1.033 | Wmax=1.000 | Amax=1.585 |LR=0.0014813 | t=9.48s
   176 | base=1.680764 | val=4.997948 | acc1=0.1415 | Wμ=0.990 | Aμ=1.032 | Wmax=1.000 | Amax=1.585 |LR=0.0014813 | t=9.55s
   177 | base=1.713463 | val=2.651221 | acc1=0.3274 | Wμ=0.988 | Aμ=1.031 | Wmax=1.000 | Amax=1.000 |LR=0.0014813 | t=9.55s
   178 | base=1.680579 | val=2.760069 | acc1=0.3235 | Wμ=0.989 | Aμ=1.031 | Wmax=1.000 | Amax=1.000 |LR=0.0013763 | t=9.58s
   179 | base=1.658442 | val=3.479260 | acc1=0.2247 | Wμ=0.989 | Aμ=1.028 | Wmax=1.000 | Amax=1.000 |LR=0.0012767 | t=9.53s
   180 | base=1.672078 | val=3.219854 | acc1=0.2218 | Wμ=0.989 | Aμ=1.025 | Wmax=1.000 | Amax=1.000 |LR=0.0011844 | t=9.47s
   181 | base=1.674996 | val=3.251179 | acc1=0.2992 | Wμ=0.989 | Aμ=1.022 | Wmax=1.000 | Amax=1.585 |LR=0.0010988 | t=9.50s
   182 | base=1.646322 | val=3.705756 | acc1=0.1798 | Wμ=0.989 | Aμ=1.016 | Wmax=1.000 | Amax=1.000 |LR=0.0010971 | t=9.52s
   183 | base=1.650578 | val=4.827374 | acc1=0.1318 | Wμ=0.989 | Aμ=1.015 | Wmax=1.000 | Amax=1.000 |LR=0.0010193 | t=9.49s
   184 | base=1.677317 | val=3.658830 | acc1=0.2371 | Wμ=0.990 | Aμ=1.015 | Wmax=1.000 | Amax=1.000 |LR=0.00094562 | t=9.51s
   185 | base=1.679162 | val=3.448514 | acc1=0.2443 | Wμ=0.990 | Aμ=1.015 | Wmax=1.000 | Amax=1.000 |LR=0.00087724 | t=9.51s
   186 | base=1.623683 | val=4.029125 | acc1=0.2205 | Wμ=0.990 | Aμ=1.014 | Wmax=1.000 | Amax=1.000 |LR=0.00081381 | t=9.52s
   187 | base=1.588823 | val=5.514755 | acc1=0.1179 | Wμ=0.990 | Aμ=1.013 | Wmax=1.000 | Amax=1.000 |LR=0.00075497 | t=9.47s
   188 | base=1.624830 | val=4.057297 | acc1=0.2043 | Wμ=0.991 | Aμ=1.011 | Wmax=1.000 | Amax=1.000 |LR=0.00070037 | t=9.49s
   189 | base=1.566855 | val=2.776641 | acc1=0.3137 | Wμ=0.991 | Aμ=1.010 | Wmax=1.000 | Amax=1.000 |LR=0.00064973 | t=9.47s
   190 | base=1.547750 | val=3.656341 | acc1=0.2262 | Wμ=0.991 | Aμ=1.008 | Wmax=1.000 | Amax=1.000 |LR=0.00060275 | t=9.51s
   191 | base=1.650502 | val=3.197028 | acc1=0.2907 | Wμ=0.992 | Aμ=1.007 | Wmax=1.000 | Amax=1.000 |LR=0.00055917 | t=9.57s
   192 | base=1.622832 | val=4.442422 | acc1=0.1849 | Wμ=0.992 | Aμ=1.004 | Wmax=1.000 | Amax=1.000 |LR=0.00051873 | t=9.49s
   193 | base=1.541816 | val=3.585323 | acc1=0.2284 | Wμ=0.992 | Aμ=1.002 | Wmax=1.000 | Amax=1.000 |LR=0.00048122 | t=9.51s
   194 | base=1.605858 | val=3.406803 | acc1=0.2468 | Wμ=0.992 | Aμ=1.000 | Wmax=1.000 | Amax=1.000 |LR=0.00044643 | t=9.47s
   195 | base=1.604828 | val=2.906123 | acc1=0.3113 | Wμ=0.992 | Aμ=0.998 | Wmax=1.000 | Amax=1.000 |LR=0.00041415 | t=9.49s
   196 | base=1.553515 | val=2.706171 | acc1=0.3411 | Wμ=0.992 | Aμ=0.998 | Wmax=1.000 | Amax=1.000 |LR=0.0003842 | t=9.51s
   197 | base=1.589535 | val=3.705762 | acc1=0.2401 | Wμ=0.992 | Aμ=0.997 | Wmax=1.000 | Amax=1.000 |LR=0.00035642 | t=9.50s
   198 | base=1.504361 | val=3.109030 | acc1=0.2885 | Wμ=0.992 | Aμ=0.998 | Wmax=1.000 | Amax=1.000 |LR=0.00033065 | t=9.53s
   199 | base=1.568589 | val=2.742150 | acc1=0.3330 | Wμ=0.993 | Aμ=0.998 | Wmax=1.000 | Amax=1.000 |LR=0.00030674 | t=9.50s
   200 | base=1.567451 | val=3.555383 | acc1=0.2494 | Wμ=0.993 | Aμ=0.998 | Wmax=1.000 | Amax=1.000 |LR=0.00028456 | t=9.52s
   201 | base=1.549192 | val=3.207141 | acc1=0.2878 | Wμ=0.993 | Aμ=0.998 | Wmax=1.000 | Amax=1.000 |LR=0.00026398 | t=9.50s
   202 | base=1.588893 | val=2.917477 | acc1=0.3149 | Wμ=0.993 | Aμ=0.998 | Wmax=1.000 | Amax=1.000 |LR=0.00024489 | t=9.54s
   203 | base=1.507094 | val=2.470480 | acc1=0.3719 | Wμ=0.992 | Aμ=0.998 | Wmax=1.000 | Amax=1.000 |LR=0.00022719 | t=9.58s
   204 | base=1.488450 | val=3.529120 | acc1=0.2224 | Wμ=0.992 | Aμ=0.998 | Wmax=1.000 | Amax=1.000 |LR=0.00021076 | t=9.53s
   205 | base=1.520338 | val=2.324500 | acc1=0.4077 | Wμ=0.993 | Aμ=0.998 | Wmax=1.000 | Amax=1.000 |LR=0.00019552 | t=9.52s
   206 | base=1.501293 | val=2.826875 | acc1=0.3228 | Wμ=0.993 | Aμ=0.998 | Wmax=1.000 | Amax=1.000 |LR=0.00018138 | t=9.57s
   207 | base=1.513494 | val=3.300005 | acc1=0.2657 | Wμ=0.993 | Aμ=0.998 | Wmax=1.000 | Amax=1.000 |LR=0.00016827 | t=9.55s
   208 | base=1.504637 | val=2.731421 | acc1=0.3393 | Wμ=0.994 | Aμ=0.998 | Wmax=1.000 | Amax=1.000 |LR=0.0001561 | t=9.57s
   209 | base=1.563223 | val=2.745323 | acc1=0.3462 | Wμ=0.994 | Aμ=0.998 | Wmax=1.000 | Amax=1.000 |LR=0.00014481 | t=9.49s
   210 | base=1.541447 | val=3.045548 | acc1=0.3051 | Wμ=0.994 | Aμ=0.999 | Wmax=1.000 | Amax=1.000 |LR=0.00013434 | t=9.54s
   211 | base=1.486398 | val=2.605182 | acc1=0.3678 | Wμ=0.994 | Aμ=0.999 | Wmax=1.000 | Amax=1.000 |LR=0.00012463 | t=9.54s
   212 | base=1.480937 | val=2.903986 | acc1=0.3229 | Wμ=0.994 | Aμ=0.999 | Wmax=1.000 | Amax=1.000 |LR=0.00011561 | t=9.58s
   213 | base=1.563599 | val=2.556764 | acc1=0.3641 | Wμ=0.994 | Aμ=0.998 | Wmax=1.000 | Amax=1.000 |LR=0.00010725 | t=9.56s
   214 | base=1.503189 | val=2.527270 | acc1=0.3716 | Wμ=0.994 | Aμ=0.998 | Wmax=1.000 | Amax=1.000 |LR=9.9499e-05 | t=9.54s
   215 | base=1.513832 | val=2.519711 | acc1=0.3800 | Wμ=0.994 | Aμ=0.999 | Wmax=1.000 | Amax=1.000 |LR=9.2305e-05 | t=9.52s
   216 | base=1.489421 | val=2.551707 | acc1=0.3788 | Wμ=0.994 | Aμ=0.999 | Wmax=1.000 | Amax=1.000 |LR=8.563e-05 | t=9.48s
   217 | base=1.498454 | val=2.764526 | acc1=0.3410 | Wμ=0.994 | Aμ=0.999 | Wmax=1.000 | Amax=1.000 |LR=7.9438e-05 | t=9.55s
   218 | base=1.496224 | val=2.828520 | acc1=0.3281 | Wμ=0.995 | Aμ=0.999 | Wmax=1.000 | Amax=1.000 |LR=7.3694e-05 | t=9.53s
   219 | base=1.525087 | val=2.610322 | acc1=0.3548 | Wμ=0.995 | Aμ=0.999 | Wmax=1.000 | Amax=1.000 |LR=6.8366e-05 | t=9.48s
   220 | base=1.497215 | val=2.209622 | acc1=0.4261 | Wμ=0.995 | Aμ=0.999 | Wmax=1.000 | Amax=1.000 |LR=6.3422e-05 | t=9.46s
   221 | base=1.525015 | val=2.730032 | acc1=0.3464 | Wμ=0.995 | Aμ=0.999 | Wmax=1.000 | Amax=1.000 |LR=5.8836e-05 | t=9.50s
   222 | base=1.465917 | val=2.280708 | acc1=0.4300 | Wμ=0.995 | Aμ=0.999 | Wmax=1.000 | Amax=1.000 |LR=5.4582e-05 | t=9.56s
   223 | base=1.497326 | val=2.681546 | acc1=0.3522 | Wμ=0.996 | Aμ=0.999 | Wmax=1.000 | Amax=1.000 |LR=5.0635e-05 | t=9.53s
   224 | base=1.474337 | val=2.677447 | acc1=0.3469 | Wμ=0.996 | Aμ=0.999 | Wmax=1.000 | Amax=1.000 |LR=4.6974e-05 | t=9.56s
   225 | base=1.467360 | val=2.561654 | acc1=0.3910 | Wμ=0.996 | Aμ=0.999 | Wmax=1.000 | Amax=1.000 |LR=4.3577e-05 | t=9.47s
   226 | base=1.486795 | val=2.350190 | acc1=0.4130 | Wμ=0.996 | Aμ=0.999 | Wmax=1.000 | Amax=1.000 |LR=4.0426e-05 | t=9.55s
   227 | base=1.492686 | val=2.499541 | acc1=0.3874 | Wμ=0.996 | Aμ=0.999 | Wmax=1.000 | Amax=1.000 |LR=3.7503e-05 | t=9.49s
   228 | base=1.521844 | val=2.407329 | acc1=0.3976 | Wμ=0.996 | Aμ=0.999 | Wmax=1.000 | Amax=1.000 |LR=3.4791e-05 | t=9.53s
   229 | base=1.446570 | val=2.439834 | acc1=0.3756 | Wμ=0.996 | Aμ=0.999 | Wmax=1.000 | Amax=1.000 |LR=3.2275e-05 | t=9.49s
