     0 | base=nan | val=nan | acc1=0.7031 | Wμ=nan | Aμ=nan | Wmax=nan | Amax=nan |LR=nan | t=nans
     0 | base=nan | val=1.104401 | acc1=0.7032 | Wμ=11.367 | Aμ=20.000 | Wmax=12.587 | Amax=14.104 |LR=nan | t=nans
     0 | base=nan | val=1.104483 | acc1=0.7030 | Wμ=10.000 | Aμ=20.000 | Wmax=10.000 | Amax=14.105 |LR=nan | t=nans
     0 | base=nan | val=1.104656 | acc1=0.7024 | Wμ=10.000 | Aμ=10.000 | Wmax=10.000 | Amax=9.987 |LR=nan | t=nans
# epoch | BaseLoss | ValLoss | Acc@1 | MeanWBits | MeanABits | MaxWBits | MaxABits | LR | EpochTime(s)
     0 | base=nan | val=1.111653 | acc1=0.7025 | Wμ=10.000 | Aμ=10.000 | Wmax=10.000 | Amax=9.976 |LR=nan | t=nans
     0 | base=0.119431 | val=1.130230 | acc1=0.6974 | Wμ=10.000 | Aμ=10.000 | Wmax=10.006 | Amax=10.001 |LR=0.00049 | t=10.57s
     1 | base=0.067880 | val=1.116892 | acc1=0.6983 | Wμ=10.000 | Aμ=10.002 | Wmax=10.020 | Amax=10.003 |LR=0.00099 | t=9.37s
     2 | base=0.049697 | val=1.118260 | acc1=0.7002 | Wμ=10.001 | Aμ=10.006 | Wmax=10.031 | Amax=10.013 |LR=0.00149 | t=9.40s
     3 | base=0.041827 | val=1.126262 | acc1=0.6968 | Wμ=10.002 | Aμ=10.014 | Wmax=10.055 | Amax=10.033 |LR=0.00199 | t=9.36s
     4 | base=0.038998 | val=1.139710 | acc1=0.6910 | Wμ=10.003 | Aμ=10.028 | Wmax=10.069 | Amax=10.066 |LR=0.00249 | t=9.36s
     5 | base=0.036499 | val=1.150023 | acc1=0.6879 | Wμ=10.006 | Aμ=10.046 | Wmax=10.089 | Amax=10.105 |LR=0.00299 | t=9.36s
     6 | base=0.042202 | val=1.149422 | acc1=0.6902 | Wμ=10.011 | Aμ=10.070 | Wmax=10.087 | Amax=10.141 |LR=0.00349 | t=9.39s
     7 | base=0.044848 | val=1.157294 | acc1=0.6867 | Wμ=10.018 | Aμ=10.100 | Wmax=10.112 | Amax=10.190 |LR=0.00399 | t=9.39s
     8 | base=0.065469 | val=1.200566 | acc1=0.6773 | Wμ=10.026 | Aμ=10.129 | Wmax=10.145 | Amax=10.248 |LR=0.00449 | t=9.38s
     9 | base=0.090767 | val=1.203628 | acc1=0.6711 | Wμ=10.041 | Aμ=10.172 | Wmax=10.200 | Amax=10.318 |LR=0.00499 | t=9.38s
    10 | base=0.116136 | val=1.294186 | acc1=0.6469 | Wμ=10.058 | Aμ=10.214 | Wmax=10.232 | Amax=10.401 |LR=0.00549 | t=9.45s
    11 | base=0.177339 | val=1.301028 | acc1=0.6518 | Wμ=10.085 | Aμ=10.263 | Wmax=10.278 | Amax=10.468 |LR=0.00599 | t=9.40s
    12 | base=0.214854 | val=1.383246 | acc1=0.6240 | Wμ=10.122 | Aμ=10.295 | Wmax=10.435 | Amax=10.536 |LR=0.00649 | t=9.38s
    13 | base=0.219181 | val=1.320356 | acc1=0.6457 | Wμ=10.163 | Aμ=10.343 | Wmax=10.475 | Amax=10.629 |LR=0.00699 | t=9.40s
    14 | base=0.196891 | val=1.284899 | acc1=0.6517 | Wμ=10.201 | Aμ=10.379 | Wmax=10.598 | Amax=10.696 |LR=0.00749 | t=9.44s
    15 | base=0.208524 | val=1.347032 | acc1=0.6401 | Wμ=10.244 | Aμ=10.414 | Wmax=10.742 | Amax=10.739 |LR=0.00799 | t=9.39s
    16 | base=0.216179 | val=1.360204 | acc1=0.6336 | Wμ=10.286 | Aμ=10.457 | Wmax=10.785 | Amax=10.805 |LR=0.00849 | t=9.41s
    17 | base=0.236268 | val=1.360240 | acc1=0.6351 | Wμ=10.331 | Aμ=10.513 | Wmax=10.865 | Amax=10.905 |LR=0.00899 | t=9.38s
    18 | base=0.218704 | val=1.401444 | acc1=0.6204 | Wμ=10.377 | Aμ=10.554 | Wmax=10.843 | Amax=10.933 |LR=0.00949 | t=9.38s
    19 | base=0.235049 | val=1.390235 | acc1=0.6299 | Wμ=10.421 | Aμ=10.575 | Wmax=10.931 | Amax=10.907 |LR=0.00999 | t=9.41s
    20 | base=0.224604 | val=1.458654 | acc1=0.6088 | Wμ=8.844 | Aμ=9.180 | Wmax=9.322 | Amax=10.348 |LR=0.01 | t=9.40s
    21 | base=0.235360 | val=1.324870 | acc1=0.6423 | Wμ=7.129 | Aμ=7.570 | Wmax=7.665 | Amax=9.022 |LR=0.01 | t=9.39s
    22 | base=0.280183 | val=1.403502 | acc1=0.6219 | Wμ=5.649 | Aμ=6.360 | Wmax=6.340 | Amax=7.877 |LR=0.01 | t=9.37s
    23 | base=0.368649 | val=1.529030 | acc1=0.5835 | Wμ=4.356 | Aμ=5.631 | Wmax=5.322 | Amax=7.098 |LR=0.01 | t=9.41s
    24 | base=0.673966 | val=2.365182 | acc1=0.4226 | Wμ=3.294 | Aμ=5.221 | Wmax=4.585 | Amax=6.555 |LR=0.01 | t=9.40s
    25 | base=0.891088 | val=3.810964 | acc1=0.2282 | Wμ=2.458 | Aμ=4.877 | Wmax=4.000 | Amax=6.209 |LR=0.01 | t=9.38s
    26 | base=1.114078 | val=3.111157 | acc1=0.2845 | Wμ=1.860 | Aμ=4.516 | Wmax=3.585 | Amax=5.907 |LR=0.01 | t=9.39s
    27 | base=1.280893 | val=5.963079 | acc1=0.0963 | Wμ=1.508 | Aμ=4.289 | Wmax=3.170 | Amax=5.492 |LR=0.01 | t=9.39s
    28 | base=1.417575 | val=5.701802 | acc1=0.0599 | Wμ=1.320 | Aμ=3.863 | Wmax=3.000 | Amax=4.907 |LR=0.01 | t=9.42s
    29 | base=1.444668 | val=6.623391 | acc1=0.0942 | Wμ=1.216 | Aμ=3.505 | Wmax=2.807 | Amax=4.459 |LR=0.01 | t=9.38s
    30 | base=1.413508 | val=16.267414 | acc1=0.0142 | Wμ=1.132 | Aμ=3.063 | Wmax=2.322 | Amax=4.087 |LR=0.01 | t=9.41s
    31 | base=1.456320 | val=5.490964 | acc1=0.1661 | Wμ=1.074 | Aμ=2.726 | Wmax=2.000 | Amax=3.807 |LR=0.01 | t=9.40s
    32 | base=1.389905 | val=5.812168 | acc1=0.1300 | Wμ=1.040 | Aμ=2.359 | Wmax=2.000 | Amax=3.170 |LR=0.01 | t=9.43s
    33 | base=1.432884 | val=6.447027 | acc1=0.0427 | Wμ=1.017 | Aμ=2.091 | Wmax=1.585 | Amax=2.807 |LR=0.01 | t=9.42s
    34 | base=1.566239 | val=4.007761 | acc1=0.2180 | Wμ=1.003 | Aμ=1.914 | Wmax=1.585 | Amax=2.807 |LR=0.01 | t=9.49s
    35 | base=1.640071 | val=3.088000 | acc1=0.2635 | Wμ=0.997 | Aμ=1.744 | Wmax=1.585 | Amax=2.322 |LR=0.01 | t=9.45s
    36 | base=1.624793 | val=3.822540 | acc1=0.2094 | Wμ=0.993 | Aμ=1.660 | Wmax=1.000 | Amax=2.585 |LR=0.01 | t=9.44s
    37 | base=1.790726 | val=4.006305 | acc1=0.1975 | Wμ=0.992 | Aμ=1.536 | Wmax=1.585 | Amax=2.000 |LR=0.01 | t=9.48s
    38 | base=1.782764 | val=4.636676 | acc1=0.1087 | Wμ=0.989 | Aμ=1.402 | Wmax=1.585 | Amax=2.000 |LR=0.01 | t=9.48s
    39 | base=1.807446 | val=3.873579 | acc1=0.1978 | Wμ=0.989 | Aμ=1.351 | Wmax=1.000 | Amax=2.000 |LR=0.01 | t=9.44s
    40 | base=1.786291 | val=3.519004 | acc1=0.2149 | Wμ=0.988 | Aμ=1.306 | Wmax=1.000 | Amax=2.000 |LR=0.01 | t=9.47s
    41 | base=1.857026 | val=4.625503 | acc1=0.1369 | Wμ=0.985 | Aμ=1.213 | Wmax=1.000 | Amax=2.000 |LR=0.01 | t=9.46s
    42 | base=1.905866 | val=5.926391 | acc1=0.1261 | Wμ=0.984 | Aμ=1.148 | Wmax=1.000 | Amax=1.585 |LR=0.01 | t=9.42s
    43 | base=1.944263 | val=3.426279 | acc1=0.2274 | Wμ=0.983 | Aμ=1.131 | Wmax=1.000 | Amax=1.585 |LR=0.01 | t=9.43s
    44 | base=1.981166 | val=6.695949 | acc1=0.1178 | Wμ=0.983 | Aμ=1.132 | Wmax=1.000 | Amax=2.000 |LR=0.01 | t=9.41s
    45 | base=1.826171 | val=3.736578 | acc1=0.2207 | Wμ=0.982 | Aμ=1.115 | Wmax=1.000 | Amax=1.585 |LR=0.01 | t=9.46s
    46 | base=2.012931 | val=6.035322 | acc1=0.0778 | Wμ=0.981 | Aμ=1.087 | Wmax=1.000 | Amax=1.585 |LR=0.01 | t=9.45s
    47 | base=1.920131 | val=3.563575 | acc1=0.2201 | Wμ=0.982 | Aμ=1.082 | Wmax=1.000 | Amax=1.585 |LR=0.01 | t=9.44s
    48 | base=2.212002 | val=4.056041 | acc1=0.1678 | Wμ=0.981 | Aμ=1.069 | Wmax=1.000 | Amax=1.585 |LR=0.01 | t=9.46s
    49 | base=2.072581 | val=3.413797 | acc1=0.1998 | Wμ=0.979 | Aμ=1.036 | Wmax=1.000 | Amax=1.000 |LR=0.01 | t=9.47s
    50 | base=2.048083 | val=3.797385 | acc1=0.1847 | Wμ=0.980 | Aμ=1.027 | Wmax=1.000 | Amax=1.585 |LR=0.0092908 | t=9.50s
    51 | base=1.983854 | val=6.489472 | acc1=0.0646 | Wμ=0.979 | Aμ=1.025 | Wmax=1.000 | Amax=1.000 |LR=0.0092769 | t=9.42s
    52 | base=1.972000 | val=4.562849 | acc1=0.1686 | Wμ=0.978 | Aμ=1.023 | Wmax=1.000 | Amax=1.585 |LR=0.008619 | t=9.51s
    53 | base=1.962374 | val=7.620999 | acc1=0.0445 | Wμ=0.977 | Aμ=1.006 | Wmax=1.000 | Amax=1.000 |LR=0.0086061 | t=9.43s
    54 | base=1.953967 | val=3.683077 | acc1=0.2013 | Wμ=0.978 | Aμ=1.008 | Wmax=1.000 | Amax=1.000 |LR=0.0079958 | t=9.50s
    55 | base=1.828210 | val=3.844508 | acc1=0.2287 | Wμ=0.979 | Aμ=1.005 | Wmax=1.000 | Amax=1.000 |LR=0.0074176 | t=9.50s
    56 | base=1.853815 | val=3.700789 | acc1=0.2188 | Wμ=0.977 | Aμ=0.980 | Wmax=1.000 | Amax=1.000 |LR=0.0068813 | t=9.45s
    57 | base=1.866871 | val=5.877622 | acc1=0.1087 | Wμ=0.976 | Aμ=0.988 | Wmax=1.000 | Amax=1.000 |LR=0.0063837 | t=9.47s
    58 | base=1.813979 | val=3.261412 | acc1=0.2466 | Wμ=0.978 | Aμ=0.987 | Wmax=1.000 | Amax=1.000 |LR=0.0059221 | t=9.49s
    59 | base=1.780448 | val=3.169376 | acc1=0.2702 | Wμ=0.979 | Aμ=0.988 | Wmax=1.000 | Amax=1.000 |LR=0.0054939 | t=9.43s
    60 | base=1.730659 | val=3.764058 | acc1=0.2265 | Wμ=0.979 | Aμ=0.986 | Wmax=1.000 | Amax=1.000 |LR=0.0050966 | t=9.45s
    61 | base=1.773839 | val=3.552679 | acc1=0.2411 | Wμ=0.978 | Aμ=0.983 | Wmax=1.000 | Amax=1.000 |LR=0.0047281 | t=9.50s
    62 | base=1.744614 | val=6.654742 | acc1=0.0829 | Wμ=0.980 | Aμ=0.986 | Wmax=1.000 | Amax=1.000 |LR=0.0043862 | t=9.47s
    63 | base=1.737754 | val=3.412194 | acc1=0.2470 | Wμ=0.979 | Aμ=0.985 | Wmax=1.000 | Amax=1.000 |LR=0.0040691 | t=9.43s
    64 | base=1.691750 | val=3.455870 | acc1=0.2434 | Wμ=0.979 | Aμ=0.987 | Wmax=1.000 | Amax=1.000 |LR=0.0037748 | t=9.46s
    65 | base=1.751257 | val=3.823266 | acc1=0.2158 | Wμ=0.980 | Aμ=0.987 | Wmax=1.000 | Amax=1.000 |LR=0.0035019 | t=9.43s
    66 | base=1.660479 | val=3.488327 | acc1=0.2374 | Wμ=0.980 | Aμ=0.991 | Wmax=1.000 | Amax=1.000 |LR=0.0032487 | t=9.42s
    67 | base=1.670135 | val=3.218701 | acc1=0.2614 | Wμ=0.981 | Aμ=0.990 | Wmax=1.000 | Amax=1.000 |LR=0.0030138 | t=9.56s
    68 | base=1.734868 | val=4.702562 | acc1=0.1697 | Wμ=0.981 | Aμ=0.989 | Wmax=1.000 | Amax=1.000 |LR=0.0027958 | t=9.46s
    69 | base=1.702916 | val=5.114361 | acc1=0.1171 | Wμ=0.982 | Aμ=0.987 | Wmax=1.000 | Amax=1.000 |LR=0.0025937 | t=9.44s
