     0 | base=nan | val=nan | acc1=0.7031 | Wμ=nan | Aμ=nan | Wmax=nan | Amax=nan |LR=nan | t=nans
     0 | base=nan | val=1.104401 | acc1=0.7032 | Wμ=11.367 | Aμ=20.000 | Wmax=12.587 | Amax=14.104 |LR=nan | t=nans
     0 | base=nan | val=1.104483 | acc1=0.7030 | Wμ=10.000 | Aμ=20.000 | Wmax=10.000 | Amax=14.105 |LR=nan | t=nans
     0 | base=nan | val=1.104656 | acc1=0.7024 | Wμ=10.000 | Aμ=10.000 | Wmax=10.000 | Amax=9.987 |LR=nan | t=nans
# epoch | BaseLoss | ValLoss | Acc@1 | MeanWBits | MeanABits | MaxWBits | MaxABits | LR | EpochTime(s)
     0 | base=nan | val=1.111653 | acc1=0.7025 | Wμ=10.000 | Aμ=10.000 | Wmax=10.000 | Amax=9.976 |LR=nan | t=nans
     0 | base=0.092151 | val=1.135359 | acc1=0.6970 | Wμ=10.000 | Aμ=10.001 | Wmax=10.010 | Amax=10.001 |LR=0.00098 | t=10.64s
     1 | base=0.055376 | val=1.117104 | acc1=0.7006 | Wμ=10.001 | Aμ=10.004 | Wmax=10.031 | Amax=10.008 |LR=0.00198 | t=9.39s
     2 | base=0.047586 | val=1.134988 | acc1=0.6957 | Wμ=10.002 | Aμ=10.012 | Wmax=10.048 | Amax=10.021 |LR=0.00298 | t=9.37s
     3 | base=0.045869 | val=1.139577 | acc1=0.6904 | Wμ=10.004 | Aμ=10.028 | Wmax=10.069 | Amax=10.053 |LR=0.00398 | t=9.39s
     4 | base=0.058138 | val=1.149485 | acc1=0.6871 | Wμ=10.010 | Aμ=10.050 | Wmax=10.085 | Amax=10.092 |LR=0.00498 | t=9.42s
     5 | base=0.073928 | val=1.201763 | acc1=0.6731 | Wμ=10.019 | Aμ=10.079 | Wmax=10.103 | Amax=10.139 |LR=0.00598 | t=9.44s
     6 | base=0.121416 | val=1.249051 | acc1=0.6617 | Wμ=10.038 | Aμ=10.118 | Wmax=10.200 | Amax=10.216 |LR=0.00698 | t=9.42s
     7 | base=0.189785 | val=1.310898 | acc1=0.6485 | Wμ=10.065 | Aμ=10.177 | Wmax=10.308 | Amax=10.308 |LR=0.00798 | t=9.38s
     8 | base=0.252954 | val=1.351295 | acc1=0.6388 | Wμ=10.112 | Aμ=10.227 | Wmax=10.385 | Amax=10.384 |LR=0.00898 | t=9.44s
     9 | base=0.270987 | val=1.443391 | acc1=0.6165 | Wμ=10.166 | Aμ=10.283 | Wmax=10.515 | Amax=10.458 |LR=0.00998 | t=9.39s
    10 | base=0.277259 | val=1.396968 | acc1=0.6218 | Wμ=10.227 | Aμ=10.338 | Wmax=10.649 | Amax=10.494 |LR=0.01098 | t=9.44s
    11 | base=0.314482 | val=1.491767 | acc1=0.6029 | Wμ=10.293 | Aμ=10.389 | Wmax=10.759 | Amax=10.708 |LR=0.01198 | t=9.39s
    12 | base=0.350055 | val=1.443620 | acc1=0.6093 | Wμ=10.361 | Aμ=10.429 | Wmax=10.828 | Amax=10.759 |LR=0.01298 | t=9.38s
    13 | base=0.321781 | val=1.405535 | acc1=0.6276 | Wμ=10.432 | Aμ=10.466 | Wmax=11.123 | Amax=10.800 |LR=0.01398 | t=9.43s
    14 | base=0.303316 | val=1.465561 | acc1=0.6115 | Wμ=10.496 | Aμ=10.451 | Wmax=11.214 | Amax=10.893 |LR=0.01498 | t=9.42s
    15 | base=0.312160 | val=1.462460 | acc1=0.6096 | Wμ=10.561 | Aμ=10.541 | Wmax=11.231 | Amax=11.095 |LR=0.01598 | t=9.36s
    16 | base=0.327299 | val=1.438274 | acc1=0.6169 | Wμ=10.626 | Aμ=10.603 | Wmax=11.339 | Amax=11.258 |LR=0.01698 | t=9.40s
    17 | base=0.318500 | val=1.486615 | acc1=0.6055 | Wμ=10.690 | Aμ=10.641 | Wmax=11.389 | Amax=11.176 |LR=0.01798 | t=9.43s
    18 | base=0.325345 | val=1.465140 | acc1=0.6155 | Wμ=10.753 | Aμ=10.700 | Wmax=11.479 | Amax=11.133 |LR=0.01898 | t=9.41s
    19 | base=0.364519 | val=1.520423 | acc1=0.5922 | Wμ=10.823 | Aμ=10.714 | Wmax=11.503 | Amax=11.297 |LR=0.01998 | t=9.48s
    20 | base=0.333165 | val=1.549674 | acc1=0.5883 | Wμ=7.349 | Aμ=7.406 | Wmax=8.011 | Amax=8.771 |LR=0.02 | t=9.46s
    21 | base=0.459225 | val=1.901947 | acc1=0.5154 | Wμ=4.034 | Aμ=5.104 | Wmax=4.807 | Amax=6.555 |LR=0.02 | t=9.36s
    22 | base=1.446934 | val=3.932932 | acc1=0.1936 | Wμ=2.062 | Aμ=4.724 | Wmax=3.585 | Amax=6.000 |LR=0.02 | t=9.39s
    23 | base=1.819272 | val=6.797685 | acc1=0.1017 | Wμ=1.409 | Aμ=4.108 | Wmax=2.807 | Amax=5.129 |LR=0.02 | t=9.42s
    24 | base=1.679292 | val=6.838878 | acc1=0.0516 | Wμ=1.181 | Aμ=3.249 | Wmax=2.322 | Amax=4.248 |LR=0.02 | t=9.38s
    25 | base=1.629974 | val=6.478764 | acc1=0.0273 | Wμ=1.067 | Aμ=2.561 | Wmax=2.000 | Amax=3.459 |LR=0.02 | t=9.39s
    26 | base=1.646678 | val=5.513997 | acc1=0.0495 | Wμ=1.025 | Aμ=2.026 | Wmax=2.000 | Amax=2.807 |LR=0.02 | t=9.41s
    27 | base=1.743795 | val=6.646584 | acc1=0.0454 | Wμ=1.002 | Aμ=1.846 | Wmax=1.585 | Amax=2.585 |LR=0.02 | t=9.41s
    28 | base=1.757926 | val=10.783517 | acc1=0.0145 | Wμ=0.992 | Aμ=1.628 | Wmax=1.585 | Amax=2.322 |LR=0.02 | t=9.47s
    29 | base=1.922309 | val=4.018047 | acc1=0.1387 | Wμ=0.988 | Aμ=1.393 | Wmax=1.585 | Amax=2.000 |LR=0.02 | t=9.42s
    30 | base=2.065006 | val=4.055883 | acc1=0.1945 | Wμ=0.985 | Aμ=1.312 | Wmax=1.000 | Amax=2.000 |LR=0.02 | t=9.43s
    31 | base=2.288678 | val=3.631266 | acc1=0.1681 | Wμ=0.981 | Aμ=1.187 | Wmax=1.000 | Amax=1.585 |LR=0.02 | t=9.48s
    32 | base=2.034503 | val=4.722519 | acc1=0.1468 | Wμ=0.980 | Aμ=1.130 | Wmax=1.000 | Amax=1.585 |LR=0.02 | t=9.47s
    33 | base=2.370880 | val=4.869057 | acc1=0.0901 | Wμ=0.976 | Aμ=1.087 | Wmax=1.000 | Amax=1.585 |LR=0.02 | t=9.42s
    34 | base=2.295436 | val=8.469535 | acc1=0.0256 | Wμ=0.975 | Aμ=1.070 | Wmax=1.000 | Amax=1.585 |LR=0.02 | t=9.45s
    35 | base=2.286251 | val=4.534728 | acc1=0.1200 | Wμ=0.972 | Aμ=1.062 | Wmax=1.000 | Amax=1.585 |LR=0.02 | t=9.49s
    36 | base=2.135308 | val=6.100457 | acc1=0.0764 | Wμ=0.973 | Aμ=1.030 | Wmax=1.000 | Amax=1.585 |LR=0.02 | t=9.48s
    37 | base=2.181887 | val=4.717916 | acc1=0.1260 | Wμ=0.969 | Aμ=1.008 | Wmax=1.000 | Amax=1.000 |LR=0.02 | t=9.42s
    38 | base=2.077242 | val=4.833239 | acc1=0.1130 | Wμ=0.966 | Aμ=0.967 | Wmax=1.000 | Amax=1.000 |LR=0.018582 | t=9.43s
    39 | base=1.973696 | val=3.721833 | acc1=0.1866 | Wμ=0.964 | Aμ=0.978 | Wmax=1.000 | Amax=1.000 |LR=0.017238 | t=9.50s
    40 | base=1.987997 | val=4.122631 | acc1=0.1432 | Wμ=0.964 | Aμ=0.964 | Wmax=1.000 | Amax=1.000 |LR=0.015992 | t=9.49s
    41 | base=1.956177 | val=4.362627 | acc1=0.1712 | Wμ=0.967 | Aμ=0.970 | Wmax=1.000 | Amax=1.000 |LR=0.014835 | t=9.59s
    42 | base=1.880975 | val=3.899845 | acc1=0.1753 | Wμ=0.963 | Aμ=0.957 | Wmax=1.000 | Amax=1.000 |LR=0.013763 | t=9.60s
    43 | base=1.973397 | val=3.543432 | acc1=0.2180 | Wμ=0.966 | Aμ=0.956 | Wmax=1.000 | Amax=1.000 |LR=0.012767 | t=9.59s
    44 | base=1.870518 | val=3.857659 | acc1=0.1907 | Wμ=0.967 | Aμ=0.960 | Wmax=1.000 | Amax=1.000 |LR=0.011844 | t=9.48s
    45 | base=1.910078 | val=5.478034 | acc1=0.1162 | Wμ=0.967 | Aμ=0.955 | Wmax=1.000 | Amax=1.000 |LR=0.010988 | t=9.64s
    46 | base=1.793423 | val=5.408103 | acc1=0.1127 | Wμ=0.965 | Aμ=0.954 | Wmax=1.000 | Amax=1.000 |LR=0.010193 | t=9.43s
    47 | base=1.880473 | val=3.873332 | acc1=0.2024 | Wμ=0.966 | Aμ=0.958 | Wmax=1.000 | Amax=1.000 |LR=0.0094562 | t=9.48s
    48 | base=1.793585 | val=3.875168 | acc1=0.1876 | Wμ=0.965 | Aμ=0.965 | Wmax=1.000 | Amax=1.000 |LR=0.0087724 | t=9.59s
    49 | base=1.802224 | val=3.259687 | acc1=0.2544 | Wμ=0.967 | Aμ=0.964 | Wmax=1.000 | Amax=1.000 |LR=0.0081381 | t=9.48s
