     0 | base=nan | val=0.236715 | acc1=nan | Wμ=nan | Aμ=nan | Wmax=nan | LR=nan | ‖g‖=nan | satA=nan | satW=nan | εμ=nan | εvar=nan | corr(ε,x)=nan | t=nans
     0 | base=nan | val=0.236732 | acc1=0.9282 | Wμ=11.186 | Aμ=20.000 | Wmax=12.916 | LR=nan | ‖g‖=nan | satA=nan | satW=nan | εμ=nan | εvar=nan | corr(ε,x)=nan | t=nans
     0 | base=nan | val=0.236786 | acc1=0.9281 | Wμ=9.786 | Aμ=20.000 | Wmax=10.000 | LR=nan | ‖g‖=nan | satA=nan | satW=nan | εμ=nan | εvar=nan | corr(ε,x)=nan | t=nans
     0 | base=nan | val=0.236878 | acc1=0.9281 | Wμ=9.786 | Aμ=10.000 | Wmax=10.000 | LR=nan | ‖g‖=nan | satA=nan | satW=nan | εμ=nan | εvar=nan | corr(ε,x)=nan | t=nans
# epoch | BaseLoss | ValLoss | Acc@1 | MeanWBits | MeanABits | MaxWBits | MaxABits | LR | GradNorm | WSat | ASat | NoiseMean | NoiseVar | NoiseCorr | Temp | EpochTime(s)
     0 | base=nan | val=0.213726 | acc1=0.9335 | Wμ=9.786 | Aμ=10.000 | Wmax=10.000 | LR=nan | ‖g‖=nan | satA=nan | satW=nan | εμ=nan | εvar=nan | corr(ε,x)=nan | t=nans
     1 | base=0.003306 | val=0.236490 | acc1=0.9275 | Wμ=9.786 | Aμ=10.001 | Wmax=10.003 | LR=0.000198 | ‖g‖=nan | satA=nan | satW=nan | εμ=nan | εvar=nan | corr(ε,x)=nan | t=nans
     3 | base=0.003194 | val=0.238110 | acc1=0.9268 | Wμ=9.786 | Aμ=10.003 | Wmax=10.008 | LR=0.000398 | ‖g‖=nan | satA=nan | satW=nan | εμ=nan | εvar=nan | corr(ε,x)=nan | t=nans
     5 | base=0.004222 | val=0.240343 | acc1=0.9255 | Wμ=9.786 | Aμ=10.009 | Wmax=10.017 | LR=0.000598 | ‖g‖=nan | satA=nan | satW=nan | εμ=nan | εvar=nan | corr(ε,x)=nan | t=nans
     7 | base=0.005082 | val=0.239850 | acc1=0.9234 | Wμ=9.787 | Aμ=10.019 | Wmax=10.024 | LR=0.000798 | ‖g‖=nan | satA=nan | satW=nan | εμ=nan | εvar=nan | corr(ε,x)=nan | t=nans
     9 | base=0.007502 | val=0.242900 | acc1=0.9246 | Wμ=9.789 | Aμ=10.031 | Wmax=10.048 | LR=0.000998 | ‖g‖=nan | satA=nan | satW=nan | εμ=nan | εvar=nan | corr(ε,x)=nan | t=nans
    11 | base=0.014711 | val=0.242946 | acc1=0.9245 | Wμ=9.794 | Aμ=10.046 | Wmax=10.083 | LR=0.001198 | ‖g‖=nan | satA=nan | satW=nan | εμ=nan | εvar=nan | corr(ε,x)=nan | t=nans
    13 | base=0.018385 | val=0.245044 | acc1=0.9239 | Wμ=9.801 | Aμ=10.062 | Wmax=10.107 | LR=0.001398 | ‖g‖=nan | satA=nan | satW=nan | εμ=nan | εvar=nan | corr(ε,x)=nan | t=nans
    15 | base=0.025964 | val=0.260157 | acc1=0.9169 | Wμ=9.811 | Aμ=10.074 | Wmax=10.156 | LR=0.001598 | ‖g‖=nan | satA=nan | satW=nan | εμ=nan | εvar=nan | corr(ε,x)=nan | t=nans
    17 | base=0.051456 | val=0.276510 | acc1=0.9164 | Wμ=9.828 | Aμ=10.094 | Wmax=10.177 | LR=0.001798 | ‖g‖=nan | satA=nan | satW=nan | εμ=nan | εvar=nan | corr(ε,x)=nan | t=nans
    19 | base=0.048442 | val=0.275012 | acc1=0.9136 | Wμ=9.846 | Aμ=10.106 | Wmax=10.321 | LR=0.001998 | ‖g‖=nan | satA=nan | satW=nan | εμ=nan | εvar=nan | corr(ε,x)=nan | t=nans
    21 | base=0.054803 | val=0.270474 | acc1=0.9139 | Wμ=9.586 | Aμ=9.864 | Wmax=9.937 | LR=0.002 | ‖g‖=nan | satA=nan | satW=nan | εμ=nan | εvar=nan | corr(ε,x)=nan | t=nans
    23 | base=0.036459 | val=0.273674 | acc1=0.9141 | Wμ=9.067 | Aμ=9.542 | Wmax=9.596 | LR=0.002 | ‖g‖=nan | satA=nan | satW=nan | εμ=nan | εvar=nan | corr(ε,x)=nan | t=nans
    25 | base=0.034732 | val=0.256130 | acc1=0.9204 | Wμ=8.597 | Aμ=9.207 | Wmax=9.243 | LR=0.002 | ‖g‖=nan | satA=nan | satW=nan | εμ=nan | εvar=nan | corr(ε,x)=nan | t=nans
    27 | base=0.029092 | val=0.258220 | acc1=0.9199 | Wμ=8.157 | Aμ=8.831 | Wmax=8.892 | LR=0.002 | ‖g‖=nan | satA=nan | satW=nan | εμ=nan | εvar=nan | corr(ε,x)=nan | t=nans
    29 | base=0.033744 | val=0.251523 | acc1=0.9210 | Wμ=7.723 | Aμ=8.485 | Wmax=8.520 | LR=0.002 | ‖g‖=nan | satA=nan | satW=nan | εμ=nan | εvar=nan | corr(ε,x)=nan | t=nans
    31 | base=0.045324 | val=0.255644 | acc1=0.9208 | Wμ=7.307 | Aμ=8.147 | Wmax=8.175 | LR=0.002 | ‖g‖=nan | satA=nan | satW=nan | εμ=nan | εvar=nan | corr(ε,x)=nan | t=nans
    33 | base=0.040937 | val=0.260437 | acc1=0.9170 | Wμ=6.910 | Aμ=7.828 | Wmax=7.839 | LR=0.002 | ‖g‖=nan | satA=nan | satW=nan | εμ=nan | εvar=nan | corr(ε,x)=nan | t=nans
    35 | base=0.044765 | val=0.265421 | acc1=0.9169 | Wμ=6.532 | Aμ=7.512 | Wmax=7.539 | LR=0.002 | ‖g‖=nan | satA=nan | satW=nan | εμ=nan | εvar=nan | corr(ε,x)=nan | t=nans
    37 | base=0.047415 | val=0.259193 | acc1=0.9191 | Wμ=6.151 | Aμ=7.209 | Wmax=7.209 | LR=0.002 | ‖g‖=nan | satA=nan | satW=nan | εμ=nan | εvar=nan | corr(ε,x)=nan | t=nans
    39 | base=0.048356 | val=0.275050 | acc1=0.9141 | Wμ=5.773 | Aμ=6.917 | Wmax=6.907 | LR=0.002 | ‖g‖=nan | satA=nan | satW=nan | εμ=nan | εvar=nan | corr(ε,x)=nan | t=nans
    41 | base=0.056392 | val=0.270259 | acc1=0.9137 | Wμ=5.417 | Aμ=6.657 | Wmax=6.585 | LR=0.002 | ‖g‖=nan | satA=nan | satW=nan | εμ=nan | εvar=nan | corr(ε,x)=nan | t=nans
    43 | base=0.057469 | val=0.286065 | acc1=0.9111 | Wμ=5.066 | Aμ=6.398 | Wmax=6.267 | LR=0.002 | ‖g‖=nan | satA=nan | satW=nan | εμ=nan | εvar=nan | corr(ε,x)=nan | t=nans
    45 | base=0.084715 | val=0.267071 | acc1=0.9171 | Wμ=4.715 | Aμ=6.175 | Wmax=5.977 | LR=0.002 | ‖g‖=nan | satA=nan | satW=nan | εμ=nan | εvar=nan | corr(ε,x)=nan | t=nans
    47 | base=0.079108 | val=0.283487 | acc1=0.9105 | Wμ=4.374 | Aμ=5.970 | Wmax=5.728 | LR=0.002 | ‖g‖=nan | satA=nan | satW=nan | εμ=nan | εvar=nan | corr(ε,x)=nan | t=nans
    49 | base=0.070859 | val=0.283404 | acc1=0.9101 | Wμ=4.040 | Aμ=5.791 | Wmax=5.459 | LR=0.002 | ‖g‖=nan | satA=nan | satW=nan | εμ=nan | εvar=nan | corr(ε,x)=nan | t=nans
    51 | base=0.099109 | val=0.291948 | acc1=0.9083 | Wμ=3.725 | Aμ=5.628 | Wmax=5.170 | LR=0.002 | ‖g‖=nan | satA=nan | satW=nan | εμ=nan | εvar=nan | corr(ε,x)=nan | t=nans
    53 | base=0.109920 | val=0.297311 | acc1=0.9060 | Wμ=3.427 | Aμ=5.500 | Wmax=4.907 | LR=0.002 | ‖g‖=nan | satA=nan | satW=nan | εμ=nan | εvar=nan | corr(ε,x)=nan | t=nans
    55 | base=0.120504 | val=0.331040 | acc1=0.8973 | Wμ=3.151 | Aμ=5.366 | Wmax=4.644 | LR=0.002 | ‖g‖=nan | satA=nan | satW=nan | εμ=nan | εvar=nan | corr(ε,x)=nan | t=nans
    57 | base=0.120175 | val=0.333400 | acc1=0.8968 | Wμ=2.876 | Aμ=5.249 | Wmax=4.392 | LR=0.002 | ‖g‖=nan | satA=nan | satW=nan | εμ=nan | εvar=nan | corr(ε,x)=nan | t=nans
    59 | base=0.141814 | val=0.356103 | acc1=0.8906 | Wμ=2.635 | Aμ=5.158 | Wmax=4.170 | LR=0.002 | ‖g‖=nan | satA=nan | satW=nan | εμ=nan | εvar=nan | corr(ε,x)=nan | t=nans
    61 | base=0.160373 | val=0.331727 | acc1=0.8949 | Wμ=2.418 | Aμ=5.077 | Wmax=4.000 | LR=0.002 | ‖g‖=nan | satA=nan | satW=nan | εμ=nan | εvar=nan | corr(ε,x)=nan | t=nans
    63 | base=0.172488 | val=0.362528 | acc1=0.8878 | Wμ=2.227 | Aμ=4.981 | Wmax=3.807 | LR=0.002 | ‖g‖=nan | satA=nan | satW=nan | εμ=nan | εvar=nan | corr(ε,x)=nan | t=nans
    65 | base=0.217495 | val=0.361063 | acc1=0.8868 | Wμ=2.067 | Aμ=4.892 | Wmax=3.700 | LR=0.002 | ‖g‖=nan | satA=nan | satW=nan | εμ=nan | εvar=nan | corr(ε,x)=nan | t=nans
    67 | base=0.257550 | val=0.510719 | acc1=0.8477 | Wμ=1.931 | Aμ=4.808 | Wmax=3.585 | LR=0.002 | ‖g‖=nan | satA=nan | satW=nan | εμ=nan | εvar=nan | corr(ε,x)=nan | t=nans
    69 | base=0.282023 | val=0.494581 | acc1=0.8494 | Wμ=1.829 | Aμ=4.726 | Wmax=3.459 | LR=0.002 | ‖g‖=nan | satA=nan | satW=nan | εμ=nan | εvar=nan | corr(ε,x)=nan | t=nans
    71 | base=0.298058 | val=0.500511 | acc1=0.8464 | Wμ=1.738 | Aμ=4.630 | Wmax=3.322 | LR=0.002 | ‖g‖=nan | satA=nan | satW=nan | εμ=nan | εvar=nan | corr(ε,x)=nan | t=nans
    73 | base=0.295895 | val=0.595454 | acc1=0.8265 | Wμ=1.657 | Aμ=4.541 | Wmax=3.322 | LR=0.002 | ‖g‖=nan | satA=nan | satW=nan | εμ=nan | εvar=nan | corr(ε,x)=nan | t=nans
    75 | base=0.319286 | val=0.568820 | acc1=0.8237 | Wμ=1.581 | Aμ=4.440 | Wmax=3.170 | LR=0.002 | ‖g‖=nan | satA=nan | satW=nan | εμ=nan | εvar=nan | corr(ε,x)=nan | t=nans
    77 | base=0.336825 | val=0.577843 | acc1=0.8323 | Wμ=1.519 | Aμ=4.340 | Wmax=3.170 | LR=0.002 | ‖g‖=nan | satA=nan | satW=nan | εμ=nan | εvar=nan | corr(ε,x)=nan | t=nans
    79 | base=0.374711 | val=0.606725 | acc1=0.8049 | Wμ=1.466 | Aμ=4.239 | Wmax=3.000 | LR=0.002 | ‖g‖=nan | satA=nan | satW=nan | εμ=nan | εvar=nan | corr(ε,x)=nan | t=nans
    81 | base=0.413070 | val=0.653364 | acc1=0.8001 | Wμ=1.423 | Aμ=4.134 | Wmax=3.000 | LR=0.002 | ‖g‖=nan | satA=nan | satW=nan | εμ=nan | εvar=nan | corr(ε,x)=nan | t=nans
    83 | base=0.389723 | val=1.046660 | acc1=0.6840 | Wμ=1.380 | Aμ=4.036 | Wmax=2.807 | LR=0.002 | ‖g‖=nan | satA=nan | satW=nan | εμ=nan | εvar=nan | corr(ε,x)=nan | t=nans
    85 | base=0.452243 | val=0.711271 | acc1=0.7846 | Wμ=1.345 | Aμ=3.939 | Wmax=2.807 | LR=0.002 | ‖g‖=nan | satA=nan | satW=nan | εμ=nan | εvar=nan | corr(ε,x)=nan | t=nans
    87 | base=0.514659 | val=1.206150 | acc1=0.6781 | Wμ=1.306 | Aμ=3.844 | Wmax=2.807 | LR=0.002 | ‖g‖=nan | satA=nan | satW=nan | εμ=nan | εvar=nan | corr(ε,x)=nan | t=nans
    89 | base=0.503192 | val=0.850425 | acc1=0.7546 | Wμ=1.274 | Aμ=3.735 | Wmax=2.585 | LR=0.002 | ‖g‖=nan | satA=nan | satW=nan | εμ=nan | εvar=nan | corr(ε,x)=nan | t=nans
    91 | base=0.464485 | val=0.708406 | acc1=0.7745 | Wμ=1.242 | Aμ=3.645 | Wmax=2.585 | LR=0.002 | ‖g‖=nan | satA=nan | satW=nan | εμ=nan | εvar=nan | corr(ε,x)=nan | t=nans
    93 | base=0.486679 | val=0.614684 | acc1=0.8016 | Wμ=1.211 | Aμ=3.506 | Wmax=2.585 | LR=0.002 | ‖g‖=nan | satA=nan | satW=nan | εμ=nan | εvar=nan | corr(ε,x)=nan | t=nans
    95 | base=0.513798 | val=3.503378 | acc1=0.3472 | Wμ=1.186 | Aμ=3.370 | Wmax=2.807 | LR=0.002 | ‖g‖=nan | satA=nan | satW=nan | εμ=nan | εvar=nan | corr(ε,x)=nan | t=nans
    97 | base=0.556866 | val=1.210214 | acc1=0.6583 | Wμ=1.161 | Aμ=3.272 | Wmax=2.322 | LR=0.002 | ‖g‖=nan | satA=nan | satW=nan | εμ=nan | εvar=nan | corr(ε,x)=nan | t=nans
    99 | base=0.557863 | val=1.140146 | acc1=0.6743 | Wμ=1.141 | Aμ=3.137 | Wmax=2.322 | LR=0.002 | ‖g‖=nan | satA=nan | satW=nan | εμ=nan | εvar=nan | corr(ε,x)=nan | t=nans
   101 | base=0.524436 | val=2.576134 | acc1=0.3953 | Wμ=1.121 | Aμ=3.007 | Wmax=2.322 | LR=0.002 | ‖g‖=nan | satA=nan | satW=nan | εμ=nan | εvar=nan | corr(ε,x)=nan | t=nans
   103 | base=0.539578 | val=0.926755 | acc1=0.7250 | Wμ=1.104 | Aμ=2.908 | Wmax=2.000 | LR=0.002 | ‖g‖=nan | satA=nan | satW=nan | εμ=nan | εvar=nan | corr(ε,x)=nan | t=nans
   105 | base=0.552265 | val=1.037231 | acc1=0.7113 | Wμ=1.087 | Aμ=2.807 | Wmax=2.000 | LR=0.002 | ‖g‖=nan | satA=nan | satW=nan | εμ=nan | εvar=nan | corr(ε,x)=nan | t=nans
   107 | base=0.578001 | val=0.833694 | acc1=0.7390 | Wμ=1.070 | Aμ=2.697 | Wmax=2.000 | LR=0.002 | ‖g‖=nan | satA=nan | satW=nan | εμ=nan | εvar=nan | corr(ε,x)=nan | t=nans
   109 | base=0.539957 | val=0.660470 | acc1=0.7914 | Wμ=1.055 | Aμ=2.644 | Wmax=2.000 | LR=0.002 | ‖g‖=nan | satA=nan | satW=nan | εμ=nan | εvar=nan | corr(ε,x)=nan | t=nans
   111 | base=0.560895 | val=0.747609 | acc1=0.7757 | Wμ=1.042 | Aμ=2.520 | Wmax=2.000 | LR=0.002 | ‖g‖=nan | satA=nan | satW=nan | εμ=nan | εvar=nan | corr(ε,x)=nan | t=nans
   113 | base=0.538799 | val=1.012102 | acc1=0.7087 | Wμ=1.033 | Aμ=2.443 | Wmax=2.000 | LR=0.002 | ‖g‖=nan | satA=nan | satW=nan | εμ=nan | εvar=nan | corr(ε,x)=nan | t=nans
   115 | base=0.584856 | val=2.051322 | acc1=0.5227 | Wμ=1.027 | Aμ=2.352 | Wmax=1.585 | LR=0.002 | ‖g‖=nan | satA=nan | satW=nan | εμ=nan | εvar=nan | corr(ε,x)=nan | t=nans
   117 | base=0.657424 | val=1.002288 | acc1=0.7163 | Wμ=1.023 | Aμ=2.282 | Wmax=2.000 | LR=0.002 | ‖g‖=nan | satA=nan | satW=nan | εμ=nan | εvar=nan | corr(ε,x)=nan | t=nans
   119 | base=0.595140 | val=0.611678 | acc1=0.8054 | Wμ=1.019 | Aμ=2.215 | Wmax=1.585 | LR=0.002 | ‖g‖=nan | satA=nan | satW=nan | εμ=nan | εvar=nan | corr(ε,x)=nan | t=nans
   121 | base=0.680830 | val=0.704041 | acc1=0.7763 | Wμ=1.016 | Aμ=2.159 | Wmax=1.585 | LR=0.002 | ‖g‖=nan | satA=nan | satW=nan | εμ=nan | εvar=nan | corr(ε,x)=nan | t=nans
   123 | base=0.661614 | val=0.613714 | acc1=0.8006 | Wμ=1.013 | Aμ=2.064 | Wmax=1.585 | LR=0.002 | ‖g‖=nan | satA=nan | satW=nan | εμ=nan | εvar=nan | corr(ε,x)=nan | t=nans
   125 | base=0.712819 | val=0.744490 | acc1=0.7600 | Wμ=1.010 | Aμ=1.973 | Wmax=1.585 | LR=0.002 | ‖g‖=nan | satA=nan | satW=nan | εμ=nan | εvar=nan | corr(ε,x)=nan | t=nans
   127 | base=0.645959 | val=0.653221 | acc1=0.7887 | Wμ=1.007 | Aμ=1.926 | Wmax=1.585 | LR=0.002 | ‖g‖=nan | satA=nan | satW=nan | εμ=nan | εvar=nan | corr(ε,x)=nan | t=nans
   129 | base=0.795724 | val=0.552694 | acc1=0.8206 | Wμ=1.006 | Aμ=1.894 | Wmax=1.585 | LR=0.002 | ‖g‖=nan | satA=nan | satW=nan | εμ=nan | εvar=nan | corr(ε,x)=nan | t=nans
   131 | base=0.633408 | val=0.756001 | acc1=0.7763 | Wμ=1.003 | Aμ=1.860 | Wmax=1.585 | LR=0.002 | ‖g‖=nan | satA=nan | satW=nan | εμ=nan | εvar=nan | corr(ε,x)=nan | t=nans
   133 | base=0.733211 | val=0.586968 | acc1=0.8063 | Wμ=1.002 | Aμ=1.818 | Wmax=1.585 | LR=0.002 | ‖g‖=nan | satA=nan | satW=nan | εμ=nan | εvar=nan | corr(ε,x)=nan | t=nans
   135 | base=0.738005 | val=1.445381 | acc1=0.6132 | Wμ=1.001 | Aμ=1.780 | Wmax=1.585 | LR=0.002 | ‖g‖=nan | satA=nan | satW=nan | εμ=nan | εvar=nan | corr(ε,x)=nan | t=nans
   137 | base=0.760296 | val=1.170499 | acc1=0.6103 | Wμ=1.000 | Aμ=1.712 | Wmax=1.585 | LR=0.002 | ‖g‖=nan | satA=nan | satW=nan | εμ=nan | εvar=nan | corr(ε,x)=nan | t=nans
   139 | base=0.772247 | val=1.066639 | acc1=0.7011 | Wμ=1.003 | Aμ=1.619 | Wmax=3.459 | LR=0.002 | ‖g‖=nan | satA=nan | satW=nan | εμ=nan | εvar=nan | corr(ε,x)=nan | t=nans
   141 | base=0.901104 | val=1.024817 | acc1=0.6889 | Wμ=0.999 | Aμ=1.584 | Wmax=2.000 | LR=0.002 | ‖g‖=nan | satA=nan | satW=nan | εμ=nan | εvar=nan | corr(ε,x)=nan | t=nans
   143 | base=0.755270 | val=0.760022 | acc1=0.7759 | Wμ=0.997 | Aμ=1.558 | Wmax=1.585 | LR=0.002 | ‖g‖=nan | satA=nan | satW=nan | εμ=nan | εvar=nan | corr(ε,x)=nan | t=nans
   145 | base=0.889243 | val=1.261857 | acc1=0.6109 | Wμ=0.995 | Aμ=1.490 | Wmax=1.585 | LR=0.002 | ‖g‖=nan | satA=nan | satW=nan | εμ=nan | εvar=nan | corr(ε,x)=nan | t=nans
   147 | base=0.898910 | val=1.093550 | acc1=0.6315 | Wμ=0.995 | Aμ=1.456 | Wmax=1.585 | LR=0.002 | ‖g‖=nan | satA=nan | satW=nan | εμ=nan | εvar=nan | corr(ε,x)=nan | t=nans
   149 | base=1.028768 | val=0.742684 | acc1=0.7881 | Wμ=0.993 | Aμ=1.458 | Wmax=1.585 | LR=0.002 | ‖g‖=nan | satA=nan | satW=nan | εμ=nan | εvar=nan | corr(ε,x)=nan | t=nans
   151 | base=0.883497 | val=0.775950 | acc1=0.7622 | Wμ=0.992 | Aμ=1.456 | Wmax=1.585 | LR=0.002 | ‖g‖=nan | satA=nan | satW=nan | εμ=nan | εvar=nan | corr(ε,x)=nan | t=nans
   153 | base=0.831666 | val=0.917349 | acc1=0.7069 | Wμ=0.992 | Aμ=1.456 | Wmax=1.585 | LR=0.002 | ‖g‖=nan | satA=nan | satW=nan | εμ=nan | εvar=nan | corr(ε,x)=nan | t=nans
   155 | base=0.965875 | val=0.822209 | acc1=0.7400 | Wμ=0.991 | Aμ=1.454 | Wmax=1.585 | LR=0.002 | ‖g‖=nan | satA=nan | satW=nan | εμ=nan | εvar=nan | corr(ε,x)=nan | t=nans
   157 | base=0.919049 | val=0.689192 | acc1=0.7914 | Wμ=0.992 | Aμ=1.442 | Wmax=1.585 | LR=0.002 | ‖g‖=nan | satA=nan | satW=nan | εμ=nan | εvar=nan | corr(ε,x)=nan | t=nans
   159 | base=0.962119 | val=1.067035 | acc1=0.6705 | Wμ=0.991 | Aμ=1.420 | Wmax=1.585 | LR=0.002 | ‖g‖=nan | satA=nan | satW=nan | εμ=nan | εvar=nan | corr(ε,x)=nan | t=nans
   161 | base=0.986021 | val=0.968324 | acc1=0.7019 | Wμ=0.991 | Aμ=1.390 | Wmax=1.585 | LR=0.002 | ‖g‖=nan | satA=nan | satW=nan | εμ=nan | εvar=nan | corr(ε,x)=nan | t=nans
   163 | base=0.893192 | val=0.729717 | acc1=0.7516 | Wμ=0.991 | Aμ=1.375 | Wmax=1.000 | LR=0.002 | ‖g‖=nan | satA=nan | satW=nan | εμ=nan | εvar=nan | corr(ε,x)=nan | t=nans
   165 | base=0.858805 | val=0.747732 | acc1=0.7829 | Wμ=0.991 | Aμ=1.350 | Wmax=1.000 | LR=0.002 | ‖g‖=nan | satA=nan | satW=nan | εμ=nan | εvar=nan | corr(ε,x)=nan | t=nans
   167 | base=1.070279 | val=0.737516 | acc1=0.7675 | Wμ=0.990 | Aμ=1.317 | Wmax=1.000 | LR=0.002 | ‖g‖=nan | satA=nan | satW=nan | εμ=nan | εvar=nan | corr(ε,x)=nan | t=nans
   169 | base=1.050651 | val=0.831847 | acc1=0.7285 | Wμ=0.989 | Aμ=1.303 | Wmax=1.000 | LR=0.002 | ‖g‖=nan | satA=nan | satW=nan | εμ=nan | εvar=nan | corr(ε,x)=nan | t=nans
   171 | base=0.975534 | val=0.979479 | acc1=0.7150 | Wμ=0.989 | Aμ=1.285 | Wmax=1.000 | LR=0.002 | ‖g‖=nan | satA=nan | satW=nan | εμ=nan | εvar=nan | corr(ε,x)=nan | t=nans
   173 | base=0.968009 | val=0.954385 | acc1=0.6977 | Wμ=0.989 | Aμ=1.275 | Wmax=1.000 | LR=0.002 | ‖g‖=nan | satA=nan | satW=nan | εμ=nan | εvar=nan | corr(ε,x)=nan | t=nans
   175 | base=1.033790 | val=0.793059 | acc1=0.7395 | Wμ=0.989 | Aμ=1.276 | Wmax=1.000 | LR=0.002 | ‖g‖=nan | satA=nan | satW=nan | εμ=nan | εvar=nan | corr(ε,x)=nan | t=nans
   177 | base=0.959015 | val=0.678693 | acc1=0.7805 | Wμ=0.988 | Aμ=1.270 | Wmax=1.000 | LR=0.002 | ‖g‖=nan | satA=nan | satW=nan | εμ=nan | εvar=nan | corr(ε,x)=nan | t=nans
   179 | base=1.009124 | val=0.784498 | acc1=0.7577 | Wμ=0.989 | Aμ=1.260 | Wmax=1.000 | LR=0.002 | ‖g‖=nan | satA=nan | satW=nan | εμ=nan | εvar=nan | corr(ε,x)=nan | t=nans
   181 | base=0.929593 | val=2.114593 | acc1=0.4874 | Wμ=0.988 | Aμ=1.227 | Wmax=1.000 | LR=0.002 | ‖g‖=nan | satA=nan | satW=nan | εμ=nan | εvar=nan | corr(ε,x)=nan | t=nans
   183 | base=0.926770 | val=1.192150 | acc1=0.6540 | Wμ=0.988 | Aμ=1.156 | Wmax=1.000 | LR=0.002 | ‖g‖=nan | satA=nan | satW=nan | εμ=nan | εvar=nan | corr(ε,x)=nan | t=nans
   185 | base=0.977529 | val=1.761546 | acc1=0.5773 | Wμ=0.988 | Aμ=1.138 | Wmax=1.000 | LR=0.002 | ‖g‖=nan | satA=nan | satW=nan | εμ=nan | εvar=nan | corr(ε,x)=nan | t=nans
   187 | base=0.958013 | val=0.885854 | acc1=0.7326 | Wμ=0.988 | Aμ=1.131 | Wmax=1.000 | LR=0.002 | ‖g‖=nan | satA=nan | satW=nan | εμ=nan | εvar=nan | corr(ε,x)=nan | t=nans
   189 | base=1.166126 | val=1.325200 | acc1=0.6552 | Wμ=0.988 | Aμ=1.125 | Wmax=1.000 | LR=0.002 | ‖g‖=nan | satA=nan | satW=nan | εμ=nan | εvar=nan | corr(ε,x)=nan | t=nans
   191 | base=1.180534 | val=1.799969 | acc1=0.4964 | Wμ=0.988 | Aμ=1.123 | Wmax=1.000 | LR=0.002 | ‖g‖=nan | satA=nan | satW=nan | εμ=nan | εvar=nan | corr(ε,x)=nan | t=nans
   193 | base=1.278273 | val=0.786690 | acc1=0.7384 | Wμ=0.987 | Aμ=1.125 | Wmax=1.000 | LR=0.002 | ‖g‖=nan | satA=nan | satW=nan | εμ=nan | εvar=nan | corr(ε,x)=nan | t=nans
   195 | base=1.072078 | val=0.782858 | acc1=0.7610 | Wμ=0.988 | Aμ=1.124 | Wmax=1.000 | LR=0.002 | ‖g‖=nan | satA=nan | satW=nan | εμ=nan | εvar=nan | corr(ε,x)=nan | t=nans
   197 | base=1.055487 | val=0.672885 | acc1=0.7736 | Wμ=0.988 | Aμ=1.124 | Wmax=1.000 | LR=0.002 | ‖g‖=nan | satA=nan | satW=nan | εμ=nan | εvar=nan | corr(ε,x)=nan | t=nans
   199 | base=1.073176 | val=0.849161 | acc1=0.7145 | Wμ=0.988 | Aμ=1.124 | Wmax=1.000 | LR=0.002 | ‖g‖=nan | satA=nan | satW=nan | εμ=nan | εvar=nan | corr(ε,x)=nan | t=nans
   201 | base=1.238387 | val=1.349327 | acc1=0.5625 | Wμ=0.987 | Aμ=1.121 | Wmax=1.000 | LR=0.002 | ‖g‖=nan | satA=nan | satW=nan | εμ=nan | εvar=nan | corr(ε,x)=nan | t=nans
   203 | base=1.056987 | val=0.792218 | acc1=0.7343 | Wμ=0.988 | Aμ=1.120 | Wmax=1.000 | LR=0.0017238 | ‖g‖=nan | satA=nan | satW=nan | εμ=nan | εvar=nan | corr(ε,x)=nan | t=nans
   205 | base=1.041368 | val=0.871759 | acc1=0.7305 | Wμ=0.988 | Aμ=1.115 | Wmax=1.000 | LR=0.0017212 | ‖g‖=nan | satA=nan | satW=nan | εμ=nan | εvar=nan | corr(ε,x)=nan | t=nans
   207 | base=1.034330 | val=1.553888 | acc1=0.5435 | Wμ=0.988 | Aμ=1.104 | Wmax=1.000 | LR=0.0017212 | ‖g‖=nan | satA=nan | satW=nan | εμ=nan | εvar=nan | corr(ε,x)=nan | t=nans
   209 | base=1.133051 | val=0.859120 | acc1=0.7261 | Wμ=0.987 | Aμ=1.090 | Wmax=1.000 | LR=0.0017212 | ‖g‖=nan | satA=nan | satW=nan | εμ=nan | εvar=nan | corr(ε,x)=nan | t=nans
   211 | base=1.129983 | val=0.832582 | acc1=0.7397 | Wμ=0.988 | Aμ=1.086 | Wmax=1.000 | LR=0.0017212 | ‖g‖=nan | satA=nan | satW=nan | εμ=nan | εvar=nan | corr(ε,x)=nan | t=nans
   213 | base=1.202969 | val=1.496617 | acc1=0.6044 | Wμ=0.988 | Aμ=1.081 | Wmax=1.000 | LR=0.0017212 | ‖g‖=nan | satA=nan | satW=nan | εμ=nan | εvar=nan | corr(ε,x)=nan | t=nans
   215 | base=1.050065 | val=0.730191 | acc1=0.7652 | Wμ=0.990 | Aμ=1.076 | Wmax=1.585 | LR=0.0017212 | ‖g‖=nan | satA=nan | satW=nan | εμ=nan | εvar=nan | corr(ε,x)=nan | t=nans
   217 | base=1.015346 | val=1.454520 | acc1=0.6136 | Wμ=0.988 | Aμ=1.063 | Wmax=1.000 | LR=0.0017212 | ‖g‖=nan | satA=nan | satW=nan | εμ=nan | εvar=nan | corr(ε,x)=nan | t=nans
   219 | base=1.111174 | val=0.848831 | acc1=0.7301 | Wμ=0.988 | Aμ=1.052 | Wmax=1.000 | LR=0.0017212 | ‖g‖=nan | satA=nan | satW=nan | εμ=nan | εvar=nan | corr(ε,x)=nan | t=nans
   221 | base=1.197492 | val=1.258209 | acc1=0.6393 | Wμ=0.987 | Aμ=1.052 | Wmax=1.000 | LR=0.0017212 | ‖g‖=nan | satA=nan | satW=nan | εμ=nan | εvar=nan | corr(ε,x)=nan | t=nans
   223 | base=1.211274 | val=0.840343 | acc1=0.7353 | Wμ=0.987 | Aμ=1.052 | Wmax=1.000 | LR=0.0017212 | ‖g‖=nan | satA=nan | satW=nan | εμ=nan | εvar=nan | corr(ε,x)=nan | t=nans
   225 | base=1.086481 | val=0.712790 | acc1=0.7631 | Wμ=0.988 | Aμ=1.051 | Wmax=1.000 | LR=0.0014835 | ‖g‖=nan | satA=nan | satW=nan | εμ=nan | εvar=nan | corr(ε,x)=nan | t=nans
   227 | base=1.046740 | val=0.973573 | acc1=0.7115 | Wμ=0.988 | Aμ=1.045 | Wmax=1.000 | LR=0.0014813 | ‖g‖=nan | satA=nan | satW=nan | εμ=nan | εvar=nan | corr(ε,x)=nan | t=nans
   229 | base=1.080032 | val=0.951416 | acc1=0.6978 | Wμ=0.988 | Aμ=1.027 | Wmax=1.000 | LR=0.0012767 | ‖g‖=nan | satA=nan | satW=nan | εμ=nan | εvar=nan | corr(ε,x)=nan | t=nans
   231 | base=1.040954 | val=0.805305 | acc1=0.7416 | Wμ=0.988 | Aμ=1.011 | Wmax=1.000 | LR=0.0010988 | ‖g‖=nan | satA=nan | satW=nan | εμ=nan | εvar=nan | corr(ε,x)=nan | t=nans
   233 | base=1.038873 | val=0.711985 | acc1=0.7693 | Wμ=0.988 | Aμ=0.998 | Wmax=1.000 | LR=0.00094562 | ‖g‖=nan | satA=nan | satW=nan | εμ=nan | εvar=nan | corr(ε,x)=nan | t=nans
   235 | base=0.958100 | val=0.715296 | acc1=0.7679 | Wμ=0.988 | Aμ=0.998 | Wmax=1.000 | LR=0.00081381 | ‖g‖=nan | satA=nan | satW=nan | εμ=nan | εvar=nan | corr(ε,x)=nan | t=nans
   237 | base=0.936820 | val=0.598734 | acc1=0.8023 | Wμ=0.989 | Aμ=0.998 | Wmax=1.000 | LR=0.00070037 | ‖g‖=nan | satA=nan | satW=nan | εμ=nan | εvar=nan | corr(ε,x)=nan | t=nans
   239 | base=0.938917 | val=0.629373 | acc1=0.7955 | Wμ=0.990 | Aμ=0.998 | Wmax=1.000 | LR=0.00060275 | ‖g‖=nan | satA=nan | satW=nan | εμ=nan | εvar=nan | corr(ε,x)=nan | t=nans
   241 | base=0.910724 | val=0.665326 | acc1=0.7885 | Wμ=0.989 | Aμ=0.999 | Wmax=1.000 | LR=0.00051873 | ‖g‖=nan | satA=nan | satW=nan | εμ=nan | εvar=nan | corr(ε,x)=nan | t=nans
   243 | base=0.999115 | val=0.646338 | acc1=0.7926 | Wμ=0.990 | Aμ=0.998 | Wmax=1.000 | LR=0.00044643 | ‖g‖=nan | satA=nan | satW=nan | εμ=nan | εvar=nan | corr(ε,x)=nan | t=nans
   245 | base=0.924865 | val=0.632578 | acc1=0.8023 | Wμ=0.990 | Aμ=0.998 | Wmax=1.000 | LR=0.0003842 | ‖g‖=nan | satA=nan | satW=nan | εμ=nan | εvar=nan | corr(ε,x)=nan | t=nans
   247 | base=1.017668 | val=0.723489 | acc1=0.7722 | Wμ=0.991 | Aμ=0.999 | Wmax=1.000 | LR=0.00033065 | ‖g‖=nan | satA=nan | satW=nan | εμ=nan | εvar=nan | corr(ε,x)=nan | t=nans
   249 | base=1.008468 | val=0.614369 | acc1=0.7970 | Wμ=0.991 | Aμ=0.998 | Wmax=1.000 | LR=0.00028456 | ‖g‖=nan | satA=nan | satW=nan | εμ=nan | εvar=nan | corr(ε,x)=nan | t=nans
   251 | base=0.953919 | val=0.582112 | acc1=0.8143 | Wμ=0.991 | Aμ=0.999 | Wmax=1.000 | LR=0.00024489 | ‖g‖=nan | satA=nan | satW=nan | εμ=nan | εvar=nan | corr(ε,x)=nan | t=nans
   253 | base=0.921612 | val=0.755629 | acc1=0.7532 | Wμ=0.991 | Aμ=0.999 | Wmax=1.000 | LR=0.00021076 | ‖g‖=nan | satA=nan | satW=nan | εμ=nan | εvar=nan | corr(ε,x)=nan | t=nans
   255 | base=0.987568 | val=0.693780 | acc1=0.7787 | Wμ=0.991 | Aμ=0.999 | Wmax=1.000 | LR=0.00018138 | ‖g‖=nan | satA=nan | satW=nan | εμ=nan | εvar=nan | corr(ε,x)=nan | t=nans
   257 | base=0.892793 | val=0.566558 | acc1=0.8136 | Wμ=0.991 | Aμ=0.998 | Wmax=1.000 | LR=0.0001561 | ‖g‖=nan | satA=nan | satW=nan | εμ=nan | εvar=nan | corr(ε,x)=nan | t=nans
   259 | base=0.885661 | val=0.748738 | acc1=0.7632 | Wμ=0.992 | Aμ=0.999 | Wmax=1.000 | LR=0.00013434 | ‖g‖=nan | satA=nan | satW=nan | εμ=nan | εvar=nan | corr(ε,x)=nan | t=nans
   261 | base=0.860163 | val=0.726876 | acc1=0.7686 | Wμ=0.992 | Aμ=0.999 | Wmax=1.000 | LR=0.00011561 | ‖g‖=nan | satA=nan | satW=nan | εμ=nan | εvar=nan | corr(ε,x)=nan | t=nans
   263 | base=0.861497 | val=0.659301 | acc1=0.7879 | Wμ=0.992 | Aμ=0.999 | Wmax=1.000 | LR=9.9499e-05 | ‖g‖=nan | satA=nan | satW=nan | εμ=nan | εvar=nan | corr(ε,x)=nan | t=nans
   265 | base=0.901680 | val=0.598286 | acc1=0.8045 | Wμ=0.992 | Aμ=0.999 | Wmax=1.000 | LR=8.563e-05 | ‖g‖=nan | satA=nan | satW=nan | εμ=nan | εvar=nan | corr(ε,x)=nan | t=nans
   267 | base=0.917150 | val=0.564579 | acc1=0.8176 | Wμ=0.992 | Aμ=0.999 | Wmax=1.000 | LR=7.3694e-05 | ‖g‖=nan | satA=nan | satW=nan | εμ=nan | εvar=nan | corr(ε,x)=nan | t=nans
   269 | base=0.851483 | val=0.657504 | acc1=0.7894 | Wμ=0.993 | Aμ=0.999 | Wmax=1.000 | LR=6.3422e-05 | ‖g‖=nan | satA=nan | satW=nan | εμ=nan | εvar=nan | corr(ε,x)=nan | t=nans
   271 | base=0.902094 | val=0.623823 | acc1=0.7991 | Wμ=0.993 | Aμ=0.999 | Wmax=1.000 | LR=5.4582e-05 | ‖g‖=nan | satA=nan | satW=nan | εμ=nan | εvar=nan | corr(ε,x)=nan | t=nans
   273 | base=0.898822 | val=0.632249 | acc1=0.7955 | Wμ=0.993 | Aμ=0.999 | Wmax=1.000 | LR=4.6974e-05 | ‖g‖=nan | satA=nan | satW=nan | εμ=nan | εvar=nan | corr(ε,x)=nan | t=nans
   275 | base=0.935065 | val=0.579592 | acc1=0.8121 | Wμ=0.993 | Aμ=0.999 | Wmax=1.000 | LR=4.0426e-05 | ‖g‖=nan | satA=nan | satW=nan | εμ=nan | εvar=nan | corr(ε,x)=nan | t=nans
   277 | base=0.898343 | val=0.518665 | acc1=0.8268 | Wμ=0.993 | Aμ=0.999 | Wmax=1.000 | LR=3.4791e-05 | ‖g‖=nan | satA=nan | satW=nan | εμ=nan | εvar=nan | corr(ε,x)=nan | t=nans
   279 | base=0.911690 | val=0.599347 | acc1=0.8017 | Wμ=0.993 | Aμ=0.999 | Wmax=1.000 | LR=2.9942e-05 | ‖g‖=nan | satA=nan | satW=nan | εμ=nan | εvar=nan | corr(ε,x)=nan | t=nans
   281 | base=0.852267 | val=0.602323 | acc1=0.8102 | Wμ=0.993 | Aμ=0.999 | Wmax=1.000 | LR=2.5768e-05 | ‖g‖=nan | satA=nan | satW=nan | εμ=nan | εvar=nan | corr(ε,x)=nan | t=nans
   283 | base=0.887766 | val=0.545326 | acc1=0.8233 | Wμ=0.993 | Aμ=0.999 | Wmax=1.000 | LR=2.2176e-05 | ‖g‖=nan | satA=nan | satW=nan | εμ=nan | εvar=nan | corr(ε,x)=nan | t=nans
   285 | base=0.861030 | val=0.629434 | acc1=0.7943 | Wμ=0.994 | Aμ=0.999 | Wmax=1.000 | LR=1.9085e-05 | ‖g‖=nan | satA=nan | satW=nan | εμ=nan | εvar=nan | corr(ε,x)=nan | t=nans
   287 | base=0.867407 | val=0.634054 | acc1=0.7947 | Wμ=0.994 | Aμ=0.999 | Wmax=1.000 | LR=1.6425e-05 | ‖g‖=nan | satA=nan | satW=nan | εμ=nan | εvar=nan | corr(ε,x)=nan | t=nans
   289 | base=0.810611 | val=0.542042 | acc1=0.8263 | Wμ=0.994 | Aμ=0.999 | Wmax=1.000 | LR=1.4135e-05 | ‖g‖=nan | satA=nan | satW=nan | εμ=nan | εvar=nan | corr(ε,x)=nan | t=nans
   291 | base=0.885316 | val=0.584397 | acc1=0.8079 | Wμ=0.994 | Aμ=0.999 | Wmax=1.000 | LR=1.2165e-05 | ‖g‖=nan | satA=nan | satW=nan | εμ=nan | εvar=nan | corr(ε,x)=nan | t=nans
   293 | base=0.928941 | val=0.548115 | acc1=0.8216 | Wμ=0.994 | Aμ=0.999 | Wmax=1.000 | LR=1.0469e-05 | ‖g‖=nan | satA=nan | satW=nan | εμ=nan | εvar=nan | corr(ε,x)=nan | t=nans
   295 | base=0.853137 | val=0.584744 | acc1=0.8105 | Wμ=0.994 | Aμ=0.999 | Wmax=1.000 | LR=9.0101e-06 | ‖g‖=nan | satA=nan | satW=nan | εμ=nan | εvar=nan | corr(ε,x)=nan | t=nans
   297 | base=0.914144 | val=0.600542 | acc1=0.8055 | Wμ=0.994 | Aμ=0.999 | Wmax=1.000 | LR=7.7542e-06 | ‖g‖=nan | satA=nan | satW=nan | εμ=nan | εvar=nan | corr(ε,x)=nan | t=nans
   299 | base=0.844223 | val=0.538545 | acc1=0.8204 | Wμ=0.994 | Aμ=0.999 | Wmax=1.000 | LR=6.6734e-06 | ‖g‖=nan | satA=nan | satW=nan | εμ=nan | εvar=nan | corr(ε,x)=nan | t=nans
   301 | base=0.859393 | val=0.675610 | acc1=0.7891 | Wμ=0.994 | Aμ=0.999 | Wmax=1.000 | LR=5.7432e-06 | ‖g‖=nan | satA=nan | satW=nan | εμ=nan | εvar=nan | corr(ε,x)=nan | t=nans
   303 | base=0.906822 | val=0.548987 | acc1=0.8218 | Wμ=0.994 | Aμ=0.999 | Wmax=1.000 | LR=4.9426e-06 | ‖g‖=nan | satA=nan | satW=nan | εμ=nan | εvar=nan | corr(ε,x)=nan | t=nans
   305 | base=0.946694 | val=0.517856 | acc1=0.8319 | Wμ=0.994 | Aμ=0.999 | Wmax=1.000 | LR=4.2537e-06 | ‖g‖=nan | satA=nan | satW=nan | εμ=nan | εvar=nan | corr(ε,x)=nan | t=nans
   307 | base=0.877249 | val=0.667692 | acc1=0.7849 | Wμ=0.994 | Aμ=0.999 | Wmax=1.000 | LR=3.6608e-06 | ‖g‖=nan | satA=nan | satW=nan | εμ=nan | εvar=nan | corr(ε,x)=nan | t=nans
   309 | base=0.775366 | val=0.538418 | acc1=0.8234 | Wμ=0.994 | Aμ=0.999 | Wmax=1.000 | LR=3.1505e-06 | ‖g‖=nan | satA=nan | satW=nan | εμ=nan | εvar=nan | corr(ε,x)=nan | t=nans
   311 | base=0.817203 | val=0.531406 | acc1=0.8267 | Wμ=0.994 | Aμ=0.999 | Wmax=1.000 | LR=2.7114e-06 | ‖g‖=nan | satA=nan | satW=nan | εμ=nan | εvar=nan | corr(ε,x)=nan | t=nans
   313 | base=0.872413 | val=0.536012 | acc1=0.8206 | Wμ=0.994 | Aμ=0.999 | Wmax=1.000 | LR=2.3334e-06 | ‖g‖=nan | satA=nan | satW=nan | εμ=nan | εvar=nan | corr(ε,x)=nan | t=nans
   315 | base=0.777520 | val=0.514199 | acc1=0.8351 | Wμ=0.994 | Aμ=0.999 | Wmax=1.000 | LR=2.0082e-06 | ‖g‖=nan | satA=nan | satW=nan | εμ=nan | εvar=nan | corr(ε,x)=nan | t=nans
   317 | base=0.861409 | val=0.557830 | acc1=0.8207 | Wμ=0.994 | Aμ=0.999 | Wmax=1.000 | LR=1.7283e-06 | ‖g‖=nan | satA=nan | satW=nan | εμ=nan | εvar=nan | corr(ε,x)=nan | t=nans
   319 | base=0.921098 | val=0.518154 | acc1=0.8299 | Wμ=0.994 | Aμ=0.999 | Wmax=1.000 | LR=1.4874e-06 | ‖g‖=nan | satA=nan | satW=nan | εμ=nan | εvar=nan | corr(ε,x)=nan | t=nans
   321 | base=0.840446 | val=0.495431 | acc1=0.8376 | Wμ=0.994 | Aμ=0.999 | Wmax=1.000 | LR=1.28e-06 | ‖g‖=nan | satA=nan | satW=nan | εμ=nan | εvar=nan | corr(ε,x)=nan | t=nans
   323 | base=0.846408 | val=0.495593 | acc1=0.8370 | Wμ=0.994 | Aμ=0.999 | Wmax=1.000 | LR=1.1016e-06 | ‖g‖=nan | satA=nan | satW=nan | εμ=nan | εvar=nan | corr(ε,x)=nan | t=nans
   325 | base=0.883906 | val=0.690757 | acc1=0.7839 | Wμ=0.994 | Aμ=0.999 | Wmax=1.000 | LR=9.4806e-07 | ‖g‖=nan | satA=nan | satW=nan | εμ=nan | εvar=nan | corr(ε,x)=nan | t=nans
   327 | base=0.923406 | val=0.515650 | acc1=0.8299 | Wμ=0.994 | Aμ=0.999 | Wmax=1.000 | LR=8.1591e-07 | ‖g‖=nan | satA=nan | satW=nan | εμ=nan | εvar=nan | corr(ε,x)=nan | t=nans
   329 | base=0.870933 | val=0.528280 | acc1=0.8283 | Wμ=0.994 | Aμ=0.999 | Wmax=1.000 | LR=7.0218e-07 | ‖g‖=nan | satA=nan | satW=nan | εμ=nan | εvar=nan | corr(ε,x)=nan | t=nans
   331 | base=0.802342 | val=0.517155 | acc1=0.8317 | Wμ=0.994 | Aμ=0.999 | Wmax=1.000 | LR=6.043e-07 | ‖g‖=nan | satA=nan | satW=nan | εμ=nan | εvar=nan | corr(ε,x)=nan | t=nans
   333 | base=0.841905 | val=0.503851 | acc1=0.8386 | Wμ=0.994 | Aμ=0.999 | Wmax=1.000 | LR=5.2007e-07 | ‖g‖=nan | satA=nan | satW=nan | εμ=nan | εvar=nan | corr(ε,x)=nan | t=nans
   335 | base=0.904697 | val=0.478925 | acc1=0.8442 | Wμ=0.994 | Aμ=0.999 | Wmax=1.000 | LR=4.4758e-07 | ‖g‖=nan | satA=nan | satW=nan | εμ=nan | εvar=nan | corr(ε,x)=nan | t=nans
   337 | base=0.816262 | val=0.627904 | acc1=0.7989 | Wμ=0.994 | Aμ=0.999 | Wmax=1.000 | LR=3.8519e-07 | ‖g‖=nan | satA=nan | satW=nan | εμ=nan | εvar=nan | corr(ε,x)=nan | t=nans
   339 | base=0.875015 | val=0.489895 | acc1=0.8378 | Wμ=0.994 | Aμ=0.999 | Wmax=1.000 | LR=3.315e-07 | ‖g‖=nan | satA=nan | satW=nan | εμ=nan | εvar=nan | corr(ε,x)=nan | t=nans
   341 | base=0.814487 | val=0.487185 | acc1=0.8377 | Wμ=0.994 | Aμ=0.999 | Wmax=1.000 | LR=2.8529e-07 | ‖g‖=nan | satA=nan | satW=nan | εμ=nan | εvar=nan | corr(ε,x)=nan | t=nans
   343 | base=0.894983 | val=0.550308 | acc1=0.8204 | Wμ=0.994 | Aμ=0.999 | Wmax=1.000 | LR=2.4553e-07 | ‖g‖=nan | satA=nan | satW=nan | εμ=nan | εvar=nan | corr(ε,x)=nan | t=nans
   345 | base=0.856500 | val=0.492562 | acc1=0.8388 | Wμ=0.994 | Aμ=0.999 | Wmax=1.000 | LR=2.113e-07 | ‖g‖=nan | satA=nan | satW=nan | εμ=nan | εvar=nan | corr(ε,x)=nan | t=nans
   347 | base=0.844226 | val=0.506390 | acc1=0.8342 | Wμ=0.994 | Aμ=0.999 | Wmax=1.000 | LR=1.8185e-07 | ‖g‖=nan | satA=nan | satW=nan | εμ=nan | εvar=nan | corr(ε,x)=nan | t=nans
   349 | base=0.883934 | val=0.517572 | acc1=0.8309 | Wμ=0.994 | Aμ=0.999 | Wmax=1.000 | LR=1.565e-07 | ‖g‖=nan | satA=nan | satW=nan | εμ=nan | εvar=nan | corr(ε,x)=nan | t=nans
   351 | base=0.771572 | val=0.564547 | acc1=0.8167 | Wμ=0.994 | Aμ=0.999 | Wmax=1.000 | LR=1.3469e-07 | ‖g‖=nan | satA=nan | satW=nan | εμ=nan | εvar=nan | corr(ε,x)=nan | t=nans
   353 | base=0.784499 | val=0.492567 | acc1=0.8371 | Wμ=0.994 | Aμ=0.999 | Wmax=1.000 | LR=1.1591e-07 | ‖g‖=nan | satA=nan | satW=nan | εμ=nan | εvar=nan | corr(ε,x)=nan | t=nans
   355 | base=0.806445 | val=0.517357 | acc1=0.8310 | Wμ=0.994 | Aμ=0.999 | Wmax=1.000 | LR=9.9756e-08 | ‖g‖=nan | satA=nan | satW=nan | εμ=nan | εvar=nan | corr(ε,x)=nan | t=nans
   357 | base=0.842751 | val=0.510132 | acc1=0.8334 | Wμ=0.994 | Aμ=0.999 | Wmax=1.000 | LR=8.5851e-08 | ‖g‖=nan | satA=nan | satW=nan | εμ=nan | εvar=nan | corr(ε,x)=nan | t=nans
   359 | base=0.875472 | val=0.495535 | acc1=0.8353 | Wμ=0.994 | Aμ=0.999 | Wmax=1.000 | LR=7.3884e-08 | ‖g‖=nan | satA=nan | satW=nan | εμ=nan | εvar=nan | corr(ε,x)=nan | t=nans
   361 | base=0.786099 | val=0.618571 | acc1=0.8008 | Wμ=0.994 | Aμ=0.999 | Wmax=1.000 | LR=6.3586e-08 | ‖g‖=nan | satA=nan | satW=nan | εμ=nan | εvar=nan | corr(ε,x)=nan | t=nans
   363 | base=0.870368 | val=0.497934 | acc1=0.8369 | Wμ=0.994 | Aμ=0.999 | Wmax=1.000 | LR=5.4723e-08 | ‖g‖=nan | satA=nan | satW=nan | εμ=nan | εvar=nan | corr(ε,x)=nan | t=nans
   365 | base=0.804623 | val=0.485620 | acc1=0.8378 | Wμ=0.994 | Aμ=0.999 | Wmax=1.000 | LR=4.7095e-08 | ‖g‖=nan | satA=nan | satW=nan | εμ=nan | εvar=nan | corr(ε,x)=nan | t=nans
   367 | base=0.856746 | val=0.494122 | acc1=0.8405 | Wμ=0.994 | Aμ=0.999 | Wmax=1.000 | LR=4.053e-08 | ‖g‖=nan | satA=nan | satW=nan | εμ=nan | εvar=nan | corr(ε,x)=nan | t=nans
   369 | base=0.867275 | val=0.475099 | acc1=0.8426 | Wμ=0.994 | Aμ=0.999 | Wmax=1.000 | LR=3.4881e-08 | ‖g‖=nan | satA=nan | satW=nan | εμ=nan | εvar=nan | corr(ε,x)=nan | t=nans
   371 | base=0.812469 | val=0.489593 | acc1=0.8401 | Wμ=0.994 | Aμ=0.999 | Wmax=1.000 | LR=3.0019e-08 | ‖g‖=nan | satA=nan | satW=nan | εμ=nan | εvar=nan | corr(ε,x)=nan | t=nans
   373 | base=0.815629 | val=0.458274 | acc1=0.8465 | Wμ=0.994 | Aμ=0.999 | Wmax=1.000 | LR=2.5835e-08 | ‖g‖=nan | satA=nan | satW=nan | εμ=nan | εvar=nan | corr(ε,x)=nan | t=nans
   375 | base=0.835138 | val=0.588862 | acc1=0.8055 | Wμ=0.994 | Aμ=0.999 | Wmax=1.000 | LR=2.2234e-08 | ‖g‖=nan | satA=nan | satW=nan | εμ=nan | εvar=nan | corr(ε,x)=nan | t=nans
   377 | base=0.849493 | val=0.492463 | acc1=0.8375 | Wμ=0.994 | Aμ=0.999 | Wmax=1.000 | LR=1.9134e-08 | ‖g‖=nan | satA=nan | satW=nan | εμ=nan | εvar=nan | corr(ε,x)=nan | t=nans
   379 | base=0.782997 | val=0.474592 | acc1=0.8412 | Wμ=0.994 | Aμ=0.999 | Wmax=1.000 | LR=1.6467e-08 | ‖g‖=nan | satA=nan | satW=nan | εμ=nan | εvar=nan | corr(ε,x)=nan | t=nans
   381 | base=0.819195 | val=0.472576 | acc1=0.8445 | Wμ=0.994 | Aμ=0.999 | Wmax=1.000 | LR=1.4172e-08 | ‖g‖=nan | satA=nan | satW=nan | εμ=nan | εvar=nan | corr(ε,x)=nan | t=nans
   383 | base=0.847728 | val=0.486948 | acc1=0.8423 | Wμ=0.994 | Aμ=0.999 | Wmax=1.000 | LR=1.2197e-08 | ‖g‖=nan | satA=nan | satW=nan | εμ=nan | εvar=nan | corr(ε,x)=nan | t=nans
   385 | base=0.854749 | val=0.517154 | acc1=0.8342 | Wμ=0.994 | Aμ=0.999 | Wmax=1.000 | LR=1.0496e-08 | ‖g‖=nan | satA=nan | satW=nan | εμ=nan | εvar=nan | corr(ε,x)=nan | t=nans
   387 | base=0.806415 | val=0.490872 | acc1=0.8377 | Wμ=0.994 | Aμ=0.999 | Wmax=1.000 | LR=9.0334e-09 | ‖g‖=nan | satA=nan | satW=nan | εμ=nan | εvar=nan | corr(ε,x)=nan | t=nans
   389 | base=0.885959 | val=0.476317 | acc1=0.8418 | Wμ=0.994 | Aμ=0.999 | Wmax=1.000 | LR=7.7742e-09 | ‖g‖=nan | satA=nan | satW=nan | εμ=nan | εvar=nan | corr(ε,x)=nan | t=nans
   391 | base=0.797891 | val=0.470492 | acc1=0.8440 | Wμ=0.994 | Aμ=0.999 | Wmax=1.000 | LR=6.6906e-09 | ‖g‖=nan | satA=nan | satW=nan | εμ=nan | εvar=nan | corr(ε,x)=nan | t=nans
   393 | base=0.835281 | val=0.474757 | acc1=0.8457 | Wμ=0.994 | Aμ=0.999 | Wmax=1.000 | LR=5.758e-09 | ‖g‖=nan | satA=nan | satW=nan | εμ=nan | εvar=nan | corr(ε,x)=nan | t=nans
   395 | base=0.832533 | val=0.512018 | acc1=0.8337 | Wμ=0.994 | Aμ=0.999 | Wmax=1.000 | LR=4.9554e-09 | ‖g‖=nan | satA=nan | satW=nan | εμ=nan | εvar=nan | corr(ε,x)=nan | t=nans
   397 | base=0.922643 | val=0.490329 | acc1=0.8415 | Wμ=0.994 | Aμ=0.999 | Wmax=1.000 | LR=4.2647e-09 | ‖g‖=nan | satA=nan | satW=nan | εμ=nan | εvar=nan | corr(ε,x)=nan | t=nans
   399 | base=0.750165 | val=0.479204 | acc1=0.8456 | Wμ=0.994 | Aμ=0.999 | Wmax=1.000 | LR=3.6702e-09 | ‖g‖=nan | satA=nan | satW=nan | εμ=nan | εvar=nan | corr(ε,x)=nan | t=nans
   401 | base=0.861746 | val=0.455966 | acc1=0.8489 | Wμ=0.994 | Aμ=0.999 | Wmax=1.000 | LR=3.1586e-09 | ‖g‖=nan | satA=nan | satW=nan | εμ=nan | εvar=nan | corr(ε,x)=nan | t=nans
   403 | base=0.837041 | val=0.488250 | acc1=0.8357 | Wμ=0.994 | Aμ=0.999 | Wmax=1.000 | LR=2.7183e-09 | ‖g‖=nan | satA=nan | satW=nan | εμ=nan | εvar=nan | corr(ε,x)=nan | t=nans
   405 | base=0.826715 | val=0.478057 | acc1=0.8425 | Wμ=0.994 | Aμ=0.999 | Wmax=1.000 | LR=2.3394e-09 | ‖g‖=nan | satA=nan | satW=nan | εμ=nan | εvar=nan | corr(ε,x)=nan | t=nans
   407 | base=0.803992 | val=0.474141 | acc1=0.8471 | Wμ=0.994 | Aμ=0.999 | Wmax=1.000 | LR=2.0133e-09 | ‖g‖=nan | satA=nan | satW=nan | εμ=nan | εvar=nan | corr(ε,x)=nan | t=nans
   409 | base=0.855027 | val=0.462146 | acc1=0.8470 | Wμ=0.994 | Aμ=0.999 | Wmax=1.000 | LR=1.7327e-09 | ‖g‖=nan | satA=nan | satW=nan | εμ=nan | εvar=nan | corr(ε,x)=nan | t=nans
   411 | base=0.826579 | val=0.491730 | acc1=0.8373 | Wμ=0.994 | Aμ=0.999 | Wmax=1.000 | LR=1.4912e-09 | ‖g‖=nan | satA=nan | satW=nan | εμ=nan | εvar=nan | corr(ε,x)=nan | t=nans
   413 | base=0.907246 | val=0.457328 | acc1=0.8462 | Wμ=0.994 | Aμ=0.999 | Wmax=1.000 | LR=1.2833e-09 | ‖g‖=nan | satA=nan | satW=nan | εμ=nan | εvar=nan | corr(ε,x)=nan | t=nans
   415 | base=0.858187 | val=0.473703 | acc1=0.8414 | Wμ=0.994 | Aμ=0.999 | Wmax=1.000 | LR=1.1045e-09 | ‖g‖=nan | satA=nan | satW=nan | εμ=nan | εvar=nan | corr(ε,x)=nan | t=nans
   417 | base=0.809758 | val=0.461295 | acc1=0.8445 | Wμ=0.994 | Aμ=0.999 | Wmax=1.000 | LR=9.505e-10 | ‖g‖=nan | satA=nan | satW=nan | εμ=nan | εvar=nan | corr(ε,x)=nan | t=nans
   419 | base=0.825696 | val=0.474808 | acc1=0.8456 | Wμ=0.994 | Aμ=0.999 | Wmax=1.000 | LR=8.1801e-10 | ‖g‖=nan | satA=nan | satW=nan | εμ=nan | εvar=nan | corr(ε,x)=nan | t=nans
   421 | base=0.807267 | val=0.480782 | acc1=0.8405 | Wμ=0.994 | Aμ=0.999 | Wmax=1.000 | LR=7.0399e-10 | ‖g‖=nan | satA=nan | satW=nan | εμ=nan | εvar=nan | corr(ε,x)=nan | t=nans
   423 | base=0.825242 | val=0.461190 | acc1=0.8461 | Wμ=0.994 | Aμ=0.999 | Wmax=1.000 | LR=6.0586e-10 | ‖g‖=nan | satA=nan | satW=nan | εμ=nan | εvar=nan | corr(ε,x)=nan | t=nans
   425 | base=0.778658 | val=0.464501 | acc1=0.8490 | Wμ=0.994 | Aμ=0.999 | Wmax=1.000 | LR=5.2141e-10 | ‖g‖=nan | satA=nan | satW=nan | εμ=nan | εvar=nan | corr(ε,x)=nan | t=nans
   427 | base=0.868690 | val=0.468428 | acc1=0.8426 | Wμ=0.994 | Aμ=0.999 | Wmax=1.000 | LR=4.4873e-10 | ‖g‖=nan | satA=nan | satW=nan | εμ=nan | εvar=nan | corr(ε,x)=nan | t=nans
   429 | base=0.856706 | val=0.476820 | acc1=0.8429 | Wμ=0.994 | Aμ=0.999 | Wmax=1.000 | LR=3.8618e-10 | ‖g‖=nan | satA=nan | satW=nan | εμ=nan | εvar=nan | corr(ε,x)=nan | t=nans
   431 | base=0.769397 | val=0.479037 | acc1=0.8408 | Wμ=0.994 | Aμ=0.999 | Wmax=1.000 | LR=3.3235e-10 | ‖g‖=nan | satA=nan | satW=nan | εμ=nan | εvar=nan | corr(ε,x)=nan | t=nans
   433 | base=0.789879 | val=0.465293 | acc1=0.8452 | Wμ=0.994 | Aμ=0.999 | Wmax=1.000 | LR=2.8603e-10 | ‖g‖=nan | satA=nan | satW=nan | εμ=nan | εvar=nan | corr(ε,x)=nan | t=nans
   435 | base=0.802679 | val=0.470402 | acc1=0.8431 | Wμ=0.994 | Aμ=0.999 | Wmax=1.000 | LR=2.4616e-10 | ‖g‖=nan | satA=nan | satW=nan | εμ=nan | εvar=nan | corr(ε,x)=nan | t=nans
   437 | base=0.834727 | val=0.458738 | acc1=0.8482 | Wμ=0.994 | Aμ=0.999 | Wmax=1.000 | LR=2.1185e-10 | ‖g‖=nan | satA=nan | satW=nan | εμ=nan | εvar=nan | corr(ε,x)=nan | t=nans
   439 | base=0.747475 | val=0.470387 | acc1=0.8478 | Wμ=0.994 | Aμ=0.999 | Wmax=1.000 | LR=1.8232e-10 | ‖g‖=nan | satA=nan | satW=nan | εμ=nan | εvar=nan | corr(ε,x)=nan | t=nans
   441 | base=0.807604 | val=0.462854 | acc1=0.8525 | Wμ=0.994 | Aμ=0.999 | Wmax=1.000 | LR=1.569e-10 | ‖g‖=nan | satA=nan | satW=nan | εμ=nan | εvar=nan | corr(ε,x)=nan | t=nans
   443 | base=0.842244 | val=0.463474 | acc1=0.8485 | Wμ=0.994 | Aμ=0.999 | Wmax=1.000 | LR=1.3503e-10 | ‖g‖=nan | satA=nan | satW=nan | εμ=nan | εvar=nan | corr(ε,x)=nan | t=nans
   445 | base=0.905657 | val=0.461977 | acc1=0.8480 | Wμ=0.994 | Aμ=0.999 | Wmax=1.000 | LR=1.1621e-10 | ‖g‖=nan | satA=nan | satW=nan | εμ=nan | εvar=nan | corr(ε,x)=nan | t=nans
   447 | base=0.887074 | val=0.463461 | acc1=0.8466 | Wμ=0.994 | Aμ=0.999 | Wmax=1.000 | LR=1.0001e-10 | ‖g‖=nan | satA=nan | satW=nan | εμ=nan | εvar=nan | corr(ε,x)=nan | t=nans
   449 | base=0.830083 | val=0.461567 | acc1=0.8484 | Wμ=0.994 | Aμ=0.999 | Wmax=1.000 | LR=8.6072e-11 | ‖g‖=nan | satA=nan | satW=nan | εμ=nan | εvar=nan | corr(ε,x)=nan | t=nans
   451 | base=0.755590 | val=0.465338 | acc1=0.8499 | Wμ=0.994 | Aμ=0.999 | Wmax=1.000 | LR=7.4075e-11 | ‖g‖=nan | satA=nan | satW=nan | εμ=nan | εvar=nan | corr(ε,x)=nan | t=nans
   453 | base=0.773578 | val=0.462385 | acc1=0.8494 | Wμ=0.994 | Aμ=0.999 | Wmax=1.000 | LR=6.375e-11 | ‖g‖=nan | satA=nan | satW=nan | εμ=nan | εvar=nan | corr(ε,x)=nan | t=nans
   455 | base=0.812685 | val=0.465138 | acc1=0.8458 | Wμ=0.994 | Aμ=0.999 | Wmax=1.000 | LR=5.4864e-11 | ‖g‖=nan | satA=nan | satW=nan | εμ=nan | εvar=nan | corr(ε,x)=nan | t=nans
   457 | base=0.842749 | val=0.466350 | acc1=0.8472 | Wμ=0.994 | Aμ=0.999 | Wmax=1.000 | LR=4.7216e-11 | ‖g‖=nan | satA=nan | satW=nan | εμ=nan | εvar=nan | corr(ε,x)=nan | t=nans
   459 | base=0.854631 | val=0.455166 | acc1=0.8491 | Wμ=0.994 | Aμ=0.999 | Wmax=1.000 | LR=4.0635e-11 | ‖g‖=nan | satA=nan | satW=nan | εμ=nan | εvar=nan | corr(ε,x)=nan | t=nans
   461 | base=0.832376 | val=0.459311 | acc1=0.8518 | Wμ=0.994 | Aμ=0.999 | Wmax=1.000 | LR=3.4971e-11 | ‖g‖=nan | satA=nan | satW=nan | εμ=nan | εvar=nan | corr(ε,x)=nan | t=nans
   463 | base=0.756126 | val=0.458669 | acc1=0.8509 | Wμ=0.994 | Aμ=0.999 | Wmax=1.000 | LR=3.0096e-11 | ‖g‖=nan | satA=nan | satW=nan | εμ=nan | εvar=nan | corr(ε,x)=nan | t=nans
   465 | base=0.821996 | val=0.469885 | acc1=0.8456 | Wμ=0.994 | Aμ=0.999 | Wmax=1.000 | LR=2.5901e-11 | ‖g‖=nan | satA=nan | satW=nan | εμ=nan | εvar=nan | corr(ε,x)=nan | t=nans
   467 | base=0.798264 | val=0.469066 | acc1=0.8480 | Wμ=0.994 | Aμ=0.999 | Wmax=1.000 | LR=2.2291e-11 | ‖g‖=nan | satA=nan | satW=nan | εμ=nan | εvar=nan | corr(ε,x)=nan | t=nans
   469 | base=0.795598 | val=0.462333 | acc1=0.8488 | Wμ=0.994 | Aμ=0.999 | Wmax=1.000 | LR=1.9184e-11 | ‖g‖=nan | satA=nan | satW=nan | εμ=nan | εvar=nan | corr(ε,x)=nan | t=nans
   471 | base=0.817209 | val=0.462750 | acc1=0.8490 | Wμ=0.994 | Aμ=0.999 | Wmax=1.000 | LR=1.651e-11 | ‖g‖=nan | satA=nan | satW=nan | εμ=nan | εvar=nan | corr(ε,x)=nan | t=nans
   473 | base=0.772239 | val=0.461775 | acc1=0.8502 | Wμ=0.994 | Aμ=0.999 | Wmax=1.000 | LR=1.4208e-11 | ‖g‖=nan | satA=nan | satW=nan | εμ=nan | εvar=nan | corr(ε,x)=nan | t=nans
   475 | base=0.874534 | val=0.455055 | acc1=0.8482 | Wμ=0.994 | Aμ=0.999 | Wmax=1.000 | LR=1.2228e-11 | ‖g‖=nan | satA=nan | satW=nan | εμ=nan | εvar=nan | corr(ε,x)=nan | t=nans
   477 | base=0.737028 | val=0.460402 | acc1=0.8489 | Wμ=0.994 | Aμ=0.999 | Wmax=1.000 | LR=1.0524e-11 | ‖g‖=nan | satA=nan | satW=nan | εμ=nan | εvar=nan | corr(ε,x)=nan | t=nans
   479 | base=0.835921 | val=0.463908 | acc1=0.8453 | Wμ=0.994 | Aμ=0.999 | Wmax=1.000 | LR=9.0567e-12 | ‖g‖=nan | satA=nan | satW=nan | εμ=nan | εvar=nan | corr(ε,x)=nan | t=nans
   481 | base=0.826396 | val=0.457829 | acc1=0.8515 | Wμ=0.994 | Aμ=0.999 | Wmax=1.000 | LR=7.7943e-12 | ‖g‖=nan | satA=nan | satW=nan | εμ=nan | εvar=nan | corr(ε,x)=nan | t=nans
   483 | base=0.832641 | val=0.454836 | acc1=0.8486 | Wμ=0.994 | Aμ=0.999 | Wmax=1.000 | LR=6.7078e-12 | ‖g‖=nan | satA=nan | satW=nan | εμ=nan | εvar=nan | corr(ε,x)=nan | t=nans
   485 | base=0.874930 | val=0.462750 | acc1=0.8466 | Wμ=0.994 | Aμ=0.999 | Wmax=1.000 | LR=5.7728e-12 | ‖g‖=nan | satA=nan | satW=nan | εμ=nan | εvar=nan | corr(ε,x)=nan | t=nans
   487 | base=0.858158 | val=0.452314 | acc1=0.8480 | Wμ=0.994 | Aμ=0.999 | Wmax=1.000 | LR=4.9682e-12 | ‖g‖=nan | satA=nan | satW=nan | εμ=nan | εvar=nan | corr(ε,x)=nan | t=nans
   489 | base=0.774096 | val=0.459627 | acc1=0.8495 | Wμ=0.994 | Aμ=0.999 | Wmax=1.000 | LR=4.2757e-12 | ‖g‖=nan | satA=nan | satW=nan | εμ=nan | εvar=nan | corr(ε,x)=nan | t=nans
   491 | base=0.754640 | val=0.467684 | acc1=0.8458 | Wμ=0.994 | Aμ=0.999 | Wmax=1.000 | LR=3.6797e-12 | ‖g‖=nan | satA=nan | satW=nan | εμ=nan | εvar=nan | corr(ε,x)=nan | t=nans
   493 | base=0.759751 | val=0.460265 | acc1=0.8459 | Wμ=0.994 | Aμ=0.999 | Wmax=1.000 | LR=3.1668e-12 | ‖g‖=nan | satA=nan | satW=nan | εμ=nan | εvar=nan | corr(ε,x)=nan | t=nans
   495 | base=0.808661 | val=0.457758 | acc1=0.8531 | Wμ=0.994 | Aμ=0.999 | Wmax=1.000 | LR=2.7254e-12 | ‖g‖=nan | satA=nan | satW=nan | εμ=nan | εvar=nan | corr(ε,x)=nan | t=nans
   497 | base=0.853949 | val=0.459873 | acc1=0.8488 | Wμ=0.994 | Aμ=0.999 | Wmax=1.000 | LR=2.3455e-12 | ‖g‖=nan | satA=nan | satW=nan | εμ=nan | εvar=nan | corr(ε,x)=nan | t=nans
   499 | base=0.825805 | val=0.459053 | acc1=0.8498 | Wμ=0.994 | Aμ=0.999 | Wmax=1.000 | LR=2.0185e-12 | ‖g‖=nan | satA=nan | satW=nan | εμ=nan | εvar=nan | corr(ε,x)=nan | t=nans
   501 | base=0.796510 | val=0.467274 | acc1=0.8468 | Wμ=0.994 | Aμ=0.999 | Wmax=1.000 | LR=1.7372e-12 | ‖g‖=nan | satA=nan | satW=nan | εμ=nan | εvar=nan | corr(ε,x)=nan | t=nans
   503 | base=0.835366 | val=0.468226 | acc1=0.8489 | Wμ=0.994 | Aμ=0.999 | Wmax=1.000 | LR=1.495e-12 | ‖g‖=nan | satA=nan | satW=nan | εμ=nan | εvar=nan | corr(ε,x)=nan | t=nans
   505 | base=0.820610 | val=0.462642 | acc1=0.8478 | Wμ=0.994 | Aμ=0.999 | Wmax=1.000 | LR=1.2866e-12 | ‖g‖=nan | satA=nan | satW=nan | εμ=nan | εvar=nan | corr(ε,x)=nan | t=nans
   507 | base=0.819565 | val=0.458225 | acc1=0.8491 | Wμ=0.994 | Aμ=0.999 | Wmax=1.000 | LR=1.1073e-12 | ‖g‖=nan | satA=nan | satW=nan | εμ=nan | εvar=nan | corr(ε,x)=nan | t=nans
   509 | base=0.817336 | val=0.458587 | acc1=0.8485 | Wμ=0.994 | Aμ=0.999 | Wmax=1.000 | LR=9.5295e-13 | ‖g‖=nan | satA=nan | satW=nan | εμ=nan | εvar=nan | corr(ε,x)=nan | t=nans
   511 | base=0.735272 | val=0.462841 | acc1=0.8472 | Wμ=0.994 | Aμ=0.999 | Wmax=1.000 | LR=8.2012e-13 | ‖g‖=nan | satA=nan | satW=nan | εμ=nan | εvar=nan | corr(ε,x)=nan | t=nans
   513 | base=0.768625 | val=0.454357 | acc1=0.8514 | Wμ=0.994 | Aμ=0.999 | Wmax=1.000 | LR=7.0581e-13 | ‖g‖=nan | satA=nan | satW=nan | εμ=nan | εvar=nan | corr(ε,x)=nan | t=nans
   515 | base=0.787570 | val=0.468832 | acc1=0.8450 | Wμ=0.994 | Aμ=0.999 | Wmax=1.000 | LR=6.0742e-13 | ‖g‖=nan | satA=nan | satW=nan | εμ=nan | εvar=nan | corr(ε,x)=nan | t=nans
   517 | base=0.790793 | val=0.467952 | acc1=0.8482 | Wμ=0.994 | Aμ=0.999 | Wmax=1.000 | LR=5.2276e-13 | ‖g‖=nan | satA=nan | satW=nan | εμ=nan | εvar=nan | corr(ε,x)=nan | t=nans
   519 | base=0.798038 | val=0.457899 | acc1=0.8481 | Wμ=0.994 | Aμ=0.999 | Wmax=1.000 | LR=4.4989e-13 | ‖g‖=nan | satA=nan | satW=nan | εμ=nan | εvar=nan | corr(ε,x)=nan | t=nans
   521 | base=0.847836 | val=0.464237 | acc1=0.8484 | Wμ=0.994 | Aμ=0.999 | Wmax=1.000 | LR=3.8718e-13 | ‖g‖=nan | satA=nan | satW=nan | εμ=nan | εvar=nan | corr(ε,x)=nan | t=nans
   523 | base=0.827213 | val=0.458786 | acc1=0.8472 | Wμ=0.994 | Aμ=0.999 | Wmax=1.000 | LR=3.3321e-13 | ‖g‖=nan | satA=nan | satW=nan | εμ=nan | εvar=nan | corr(ε,x)=nan | t=nans
   525 | base=0.772871 | val=0.460087 | acc1=0.8479 | Wμ=0.994 | Aμ=0.999 | Wmax=1.000 | LR=2.8677e-13 | ‖g‖=nan | satA=nan | satW=nan | εμ=nan | εvar=nan | corr(ε,x)=nan | t=nans
   527 | base=0.803781 | val=0.456429 | acc1=0.8507 | Wμ=0.994 | Aμ=0.999 | Wmax=1.000 | LR=2.4679e-13 | ‖g‖=nan | satA=nan | satW=nan | εμ=nan | εvar=nan | corr(ε,x)=nan | t=nans
   529 | base=0.894438 | val=0.465994 | acc1=0.8480 | Wμ=0.994 | Aμ=0.999 | Wmax=1.000 | LR=2.1239e-13 | ‖g‖=nan | satA=nan | satW=nan | εμ=nan | εvar=nan | corr(ε,x)=nan | t=nans
   531 | base=0.898386 | val=0.464014 | acc1=0.8501 | Wμ=0.994 | Aμ=0.999 | Wmax=1.000 | LR=1.8279e-13 | ‖g‖=nan | satA=nan | satW=nan | εμ=nan | εvar=nan | corr(ε,x)=nan | t=nans
   533 | base=0.765793 | val=0.461636 | acc1=0.8481 | Wμ=0.994 | Aμ=0.999 | Wmax=1.000 | LR=1.5731e-13 | ‖g‖=nan | satA=nan | satW=nan | εμ=nan | εvar=nan | corr(ε,x)=nan | t=nans
   535 | base=0.813007 | val=0.457792 | acc1=0.8473 | Wμ=0.994 | Aμ=0.999 | Wmax=1.000 | LR=1.3538e-13 | ‖g‖=nan | satA=nan | satW=nan | εμ=nan | εvar=nan | corr(ε,x)=nan | t=nans
   537 | base=0.800910 | val=0.459741 | acc1=0.8500 | Wμ=0.994 | Aμ=0.999 | Wmax=1.000 | LR=1.1651e-13 | ‖g‖=nan | satA=nan | satW=nan | εμ=nan | εvar=nan | corr(ε,x)=nan | t=nans
   539 | base=0.844431 | val=0.462957 | acc1=0.8451 | Wμ=0.994 | Aμ=0.999 | Wmax=1.000 | LR=1.0027e-13 | ‖g‖=nan | satA=nan | satW=nan | εμ=nan | εvar=nan | corr(ε,x)=nan | t=nans
   541 | base=0.811246 | val=0.455339 | acc1=0.8485 | Wμ=0.994 | Aμ=0.999 | Wmax=1.000 | LR=8.6294e-14 | ‖g‖=nan | satA=nan | satW=nan | εμ=nan | εvar=nan | corr(ε,x)=nan | t=nans
   543 | base=0.881572 | val=0.458155 | acc1=0.8487 | Wμ=0.994 | Aμ=0.999 | Wmax=1.000 | LR=7.4266e-14 | ‖g‖=nan | satA=nan | satW=nan | εμ=nan | εvar=nan | corr(ε,x)=nan | t=nans
   545 | base=0.782170 | val=0.456940 | acc1=0.8490 | Wμ=0.994 | Aμ=0.999 | Wmax=1.000 | LR=6.3914e-14 | ‖g‖=nan | satA=nan | satW=nan | εμ=nan | εvar=nan | corr(ε,x)=nan | t=nans
   547 | base=0.759774 | val=0.461522 | acc1=0.8493 | Wμ=0.994 | Aμ=0.999 | Wmax=1.000 | LR=5.5005e-14 | ‖g‖=nan | satA=nan | satW=nan | εμ=nan | εvar=nan | corr(ε,x)=nan | t=nans
   549 | base=0.847836 | val=0.464686 | acc1=0.8492 | Wμ=0.994 | Aμ=0.999 | Wmax=1.000 | LR=4.7338e-14 | ‖g‖=nan | satA=nan | satW=nan | εμ=nan | εvar=nan | corr(ε,x)=nan | t=nans
   551 | base=0.818477 | val=0.463410 | acc1=0.8442 | Wμ=0.994 | Aμ=0.999 | Wmax=1.000 | LR=4.074e-14 | ‖g‖=nan | satA=nan | satW=nan | εμ=nan | εvar=nan | corr(ε,x)=nan | t=nans
   553 | base=0.796524 | val=0.462956 | acc1=0.8450 | Wμ=0.994 | Aμ=0.999 | Wmax=1.000 | LR=3.5061e-14 | ‖g‖=nan | satA=nan | satW=nan | εμ=nan | εvar=nan | corr(ε,x)=nan | t=nans
   555 | base=0.817621 | val=0.469005 | acc1=0.8469 | Wμ=0.994 | Aμ=0.999 | Wmax=1.000 | LR=3.0174e-14 | ‖g‖=nan | satA=nan | satW=nan | εμ=nan | εvar=nan | corr(ε,x)=nan | t=nans
   557 | base=0.868682 | val=0.456892 | acc1=0.8476 | Wμ=0.994 | Aμ=0.999 | Wmax=1.000 | LR=2.5968e-14 | ‖g‖=nan | satA=nan | satW=nan | εμ=nan | εvar=nan | corr(ε,x)=nan | t=nans
   559 | base=0.843877 | val=0.466148 | acc1=0.8469 | Wμ=0.994 | Aμ=0.999 | Wmax=1.000 | LR=2.2348e-14 | ‖g‖=nan | satA=nan | satW=nan | εμ=nan | εvar=nan | corr(ε,x)=nan | t=nans
   561 | base=0.872192 | val=0.455936 | acc1=0.8504 | Wμ=0.994 | Aμ=0.999 | Wmax=1.000 | LR=1.9233e-14 | ‖g‖=nan | satA=nan | satW=nan | εμ=nan | εvar=nan | corr(ε,x)=nan | t=nans
   563 | base=0.841978 | val=0.467602 | acc1=0.8441 | Wμ=0.994 | Aμ=0.999 | Wmax=1.000 | LR=1.6552e-14 | ‖g‖=nan | satA=nan | satW=nan | εμ=nan | εvar=nan | corr(ε,x)=nan | t=nans
   565 | base=0.821681 | val=0.455313 | acc1=0.8482 | Wμ=0.994 | Aμ=0.999 | Wmax=1.000 | LR=1.4245e-14 | ‖g‖=nan | satA=nan | satW=nan | εμ=nan | εvar=nan | corr(ε,x)=nan | t=nans
   567 | base=0.798882 | val=0.469434 | acc1=0.8480 | Wμ=0.994 | Aμ=0.999 | Wmax=1.000 | LR=1.2259e-14 | ‖g‖=nan | satA=nan | satW=nan | εμ=nan | εvar=nan | corr(ε,x)=nan | t=nans
   569 | base=0.855378 | val=0.459391 | acc1=0.8499 | Wμ=0.994 | Aμ=0.999 | Wmax=1.000 | LR=1.0551e-14 | ‖g‖=nan | satA=nan | satW=nan | εμ=nan | εvar=nan | corr(ε,x)=nan | t=nans
   571 | base=0.805257 | val=0.466072 | acc1=0.8470 | Wμ=0.994 | Aμ=0.999 | Wmax=1.000 | LR=9.08e-15 | ‖g‖=nan | satA=nan | satW=nan | εμ=nan | εvar=nan | corr(ε,x)=nan | t=nans
   573 | base=0.817095 | val=0.470684 | acc1=0.8473 | Wμ=0.994 | Aμ=0.999 | Wmax=1.000 | LR=7.8144e-15 | ‖g‖=nan | satA=nan | satW=nan | εμ=nan | εvar=nan | corr(ε,x)=nan | t=nans
   575 | base=0.820177 | val=0.463906 | acc1=0.8473 | Wμ=0.994 | Aμ=0.999 | Wmax=1.000 | LR=6.7251e-15 | ‖g‖=nan | satA=nan | satW=nan | εμ=nan | εvar=nan | corr(ε,x)=nan | t=nans
   577 | base=0.820162 | val=0.456150 | acc1=0.8484 | Wμ=0.994 | Aμ=0.999 | Wmax=1.000 | LR=5.7877e-15 | ‖g‖=nan | satA=nan | satW=nan | εμ=nan | εvar=nan | corr(ε,x)=nan | t=nans
   579 | base=0.778986 | val=0.458955 | acc1=0.8501 | Wμ=0.994 | Aμ=0.999 | Wmax=1.000 | LR=4.981e-15 | ‖g‖=nan | satA=nan | satW=nan | εμ=nan | εvar=nan | corr(ε,x)=nan | t=nans
   581 | base=0.860513 | val=0.465956 | acc1=0.8489 | Wμ=0.994 | Aμ=0.999 | Wmax=1.000 | LR=4.2867e-15 | ‖g‖=nan | satA=nan | satW=nan | εμ=nan | εvar=nan | corr(ε,x)=nan | t=nans
   583 | base=0.873330 | val=0.461454 | acc1=0.8477 | Wμ=0.994 | Aμ=0.999 | Wmax=1.000 | LR=3.6892e-15 | ‖g‖=nan | satA=nan | satW=nan | εμ=nan | εvar=nan | corr(ε,x)=nan | t=nans
   585 | base=0.895215 | val=0.459110 | acc1=0.8486 | Wμ=0.994 | Aμ=0.999 | Wmax=1.000 | LR=3.1749e-15 | ‖g‖=nan | satA=nan | satW=nan | εμ=nan | εvar=nan | corr(ε,x)=nan | t=nans
   587 | base=0.819662 | val=0.448817 | acc1=0.8504 | Wμ=0.994 | Aμ=0.999 | Wmax=1.000 | LR=2.7324e-15 | ‖g‖=nan | satA=nan | satW=nan | εμ=nan | εvar=nan | corr(ε,x)=nan | t=nans
   589 | base=0.825067 | val=0.460720 | acc1=0.8517 | Wμ=0.994 | Aμ=0.999 | Wmax=1.000 | LR=2.3515e-15 | ‖g‖=nan | satA=nan | satW=nan | εμ=nan | εvar=nan | corr(ε,x)=nan | t=nans
   591 | base=0.819117 | val=0.451809 | acc1=0.8517 | Wμ=0.994 | Aμ=0.999 | Wmax=1.000 | LR=2.0237e-15 | ‖g‖=nan | satA=nan | satW=nan | εμ=nan | εvar=nan | corr(ε,x)=nan | t=nans
   593 | base=0.848152 | val=0.469776 | acc1=0.8457 | Wμ=0.994 | Aμ=0.999 | Wmax=1.000 | LR=1.7417e-15 | ‖g‖=nan | satA=nan | satW=nan | εμ=nan | εvar=nan | corr(ε,x)=nan | t=nans
   595 | base=0.778324 | val=0.465491 | acc1=0.8494 | Wμ=0.994 | Aμ=0.999 | Wmax=1.000 | LR=1.4989e-15 | ‖g‖=nan | satA=nan | satW=nan | εμ=nan | εvar=nan | corr(ε,x)=nan | t=nans
