     0 | base=nan | val=0.236715 | acc1=nan | Wμ=nan | Aμ=nan | Wmax=nan | LR=nan | ‖g‖=nan | satA=nan | satW=nan | εμ=nan | εvar=nan | corr(ε,x)=nan | t=nans
     0 | base=nan | val=0.236732 | acc1=0.9282 | Wμ=11.186 | Aμ=20.000 | Wmax=12.916 | LR=nan | ‖g‖=nan | satA=nan | satW=nan | εμ=nan | εvar=nan | corr(ε,x)=nan | t=nans
     0 | base=nan | val=0.236786 | acc1=0.9281 | Wμ=9.786 | Aμ=20.000 | Wmax=10.000 | LR=nan | ‖g‖=nan | satA=nan | satW=nan | εμ=nan | εvar=nan | corr(ε,x)=nan | t=nans
     0 | base=nan | val=0.236878 | acc1=0.9281 | Wμ=9.786 | Aμ=10.000 | Wmax=10.000 | LR=nan | ‖g‖=nan | satA=nan | satW=nan | εμ=nan | εvar=nan | corr(ε,x)=nan | t=nans
# epoch | BaseLoss | ValLoss | Acc@1 | MeanWBits | MeanABits | MaxWBits | MaxABits | LR | GradNorm | WSat | ASat | NoiseMean | NoiseVar | NoiseCorr | Temp | EpochTime(s)
     0 | base=nan | val=0.213726 | acc1=0.9335 | Wμ=9.786 | Aμ=10.000 | Wmax=10.000 | LR=nan | ‖g‖=nan | satA=nan | satW=nan | εμ=nan | εvar=nan | corr(ε,x)=nan | t=nans
     1 | base=0.004029 | val=0.236624 | acc1=0.9280 | Wμ=9.786 | Aμ=10.001 | Wmax=10.003 | LR=0.000198 | ‖g‖=nan | satA=nan | satW=nan | εμ=nan | εvar=nan | corr(ε,x)=nan | t=nans
     3 | base=0.003580 | val=0.238546 | acc1=0.9272 | Wμ=9.786 | Aμ=10.003 | Wmax=10.007 | LR=0.000398 | ‖g‖=nan | satA=nan | satW=nan | εμ=nan | εvar=nan | corr(ε,x)=nan | t=nans
     5 | base=0.003817 | val=0.238314 | acc1=0.9274 | Wμ=9.787 | Aμ=10.009 | Wmax=10.017 | LR=0.000598 | ‖g‖=nan | satA=nan | satW=nan | εμ=nan | εvar=nan | corr(ε,x)=nan | t=nans
     7 | base=0.004059 | val=0.238235 | acc1=0.9269 | Wμ=9.787 | Aμ=10.018 | Wmax=10.032 | LR=0.000798 | ‖g‖=nan | satA=nan | satW=nan | εμ=nan | εvar=nan | corr(ε,x)=nan | t=nans
     9 | base=0.006766 | val=0.240822 | acc1=0.9245 | Wμ=9.790 | Aμ=10.031 | Wmax=10.053 | LR=0.000998 | ‖g‖=nan | satA=nan | satW=nan | εμ=nan | εvar=nan | corr(ε,x)=nan | t=nans
    11 | base=0.012793 | val=0.248302 | acc1=0.9217 | Wμ=9.793 | Aμ=10.048 | Wmax=10.077 | LR=0.001198 | ‖g‖=nan | satA=nan | satW=nan | εμ=nan | εvar=nan | corr(ε,x)=nan | t=nans
    13 | base=0.022985 | val=0.252530 | acc1=0.9234 | Wμ=9.800 | Aμ=10.057 | Wmax=10.102 | LR=0.001398 | ‖g‖=nan | satA=nan | satW=nan | εμ=nan | εvar=nan | corr(ε,x)=nan | t=nans
    15 | base=0.038344 | val=0.262978 | acc1=0.9168 | Wμ=9.813 | Aμ=10.065 | Wmax=10.169 | LR=0.001598 | ‖g‖=nan | satA=nan | satW=nan | εμ=nan | εvar=nan | corr(ε,x)=nan | t=nans
    17 | base=0.035536 | val=0.263741 | acc1=0.9155 | Wμ=9.830 | Aμ=10.071 | Wmax=10.205 | LR=0.001798 | ‖g‖=nan | satA=nan | satW=nan | εμ=nan | εvar=nan | corr(ε,x)=nan | t=nans
    19 | base=0.031426 | val=0.255984 | acc1=0.9190 | Wμ=9.848 | Aμ=10.090 | Wmax=10.241 | LR=0.001998 | ‖g‖=nan | satA=nan | satW=nan | εμ=nan | εvar=nan | corr(ε,x)=nan | t=nans
    21 | base=0.036565 | val=0.261365 | acc1=0.9193 | Wμ=9.588 | Aμ=9.858 | Wmax=9.961 | LR=0.002 | ‖g‖=nan | satA=nan | satW=nan | εμ=nan | εvar=nan | corr(ε,x)=nan | t=nans
    23 | base=0.039991 | val=0.258239 | acc1=0.9199 | Wμ=9.077 | Aμ=9.544 | Wmax=9.628 | LR=0.002 | ‖g‖=nan | satA=nan | satW=nan | εμ=nan | εvar=nan | corr(ε,x)=nan | t=nans
    25 | base=0.041711 | val=0.264924 | acc1=0.9191 | Wμ=8.624 | Aμ=9.216 | Wmax=9.255 | LR=0.002 | ‖g‖=nan | satA=nan | satW=nan | εμ=nan | εvar=nan | corr(ε,x)=nan | t=nans
    27 | base=0.043237 | val=0.265963 | acc1=0.9192 | Wμ=8.165 | Aμ=8.870 | Wmax=8.886 | LR=0.002 | ‖g‖=nan | satA=nan | satW=nan | εμ=nan | εvar=nan | corr(ε,x)=nan | t=nans
    29 | base=0.041404 | val=0.256015 | acc1=0.9212 | Wμ=7.733 | Aμ=8.524 | Wmax=8.551 | LR=0.002 | ‖g‖=nan | satA=nan | satW=nan | εμ=nan | εvar=nan | corr(ε,x)=nan | t=nans
    31 | base=0.039362 | val=0.269432 | acc1=0.9167 | Wμ=7.323 | Aμ=8.180 | Wmax=8.195 | LR=0.002 | ‖g‖=nan | satA=nan | satW=nan | εμ=nan | εvar=nan | corr(ε,x)=nan | t=nans
    33 | base=0.046623 | val=0.266239 | acc1=0.9166 | Wμ=6.915 | Aμ=7.837 | Wmax=7.858 | LR=0.002 | ‖g‖=nan | satA=nan | satW=nan | εμ=nan | εvar=nan | corr(ε,x)=nan | t=nans
    35 | base=0.046800 | val=0.314769 | acc1=0.9039 | Wμ=6.522 | Aμ=7.517 | Wmax=7.516 | LR=0.002 | ‖g‖=nan | satA=nan | satW=nan | εμ=nan | εvar=nan | corr(ε,x)=nan | t=nans
    37 | base=0.049502 | val=0.259522 | acc1=0.9180 | Wμ=6.139 | Aμ=7.216 | Wmax=7.200 | LR=0.002 | ‖g‖=nan | satA=nan | satW=nan | εμ=nan | εvar=nan | corr(ε,x)=nan | t=nans
    39 | base=0.058567 | val=0.258140 | acc1=0.9179 | Wμ=5.769 | Aμ=6.931 | Wmax=6.895 | LR=0.002 | ‖g‖=nan | satA=nan | satW=nan | εμ=nan | εvar=nan | corr(ε,x)=nan | t=nans
    41 | base=0.056654 | val=0.262743 | acc1=0.9196 | Wμ=5.402 | Aμ=6.668 | Wmax=6.570 | LR=0.002 | ‖g‖=nan | satA=nan | satW=nan | εμ=nan | εvar=nan | corr(ε,x)=nan | t=nans
    43 | base=0.055915 | val=0.277729 | acc1=0.9132 | Wμ=5.047 | Aμ=6.410 | Wmax=6.267 | LR=0.002 | ‖g‖=nan | satA=nan | satW=nan | εμ=nan | εvar=nan | corr(ε,x)=nan | t=nans
    45 | base=0.071284 | val=0.289912 | acc1=0.9098 | Wμ=4.698 | Aμ=6.180 | Wmax=6.000 | LR=0.002 | ‖g‖=nan | satA=nan | satW=nan | εμ=nan | εvar=nan | corr(ε,x)=nan | t=nans
    47 | base=0.083168 | val=0.285139 | acc1=0.9121 | Wμ=4.361 | Aμ=5.979 | Wmax=5.728 | LR=0.002 | ‖g‖=nan | satA=nan | satW=nan | εμ=nan | εvar=nan | corr(ε,x)=nan | t=nans
    49 | base=0.075457 | val=0.277756 | acc1=0.9128 | Wμ=4.028 | Aμ=5.798 | Wmax=5.459 | LR=0.002 | ‖g‖=nan | satA=nan | satW=nan | εμ=nan | εvar=nan | corr(ε,x)=nan | t=nans
    51 | base=0.097094 | val=0.284950 | acc1=0.9100 | Wμ=3.713 | Aμ=5.624 | Wmax=5.170 | LR=0.002 | ‖g‖=nan | satA=nan | satW=nan | εμ=nan | εvar=nan | corr(ε,x)=nan | t=nans
    53 | base=0.077794 | val=0.286969 | acc1=0.9097 | Wμ=3.408 | Aμ=5.482 | Wmax=4.907 | LR=0.002 | ‖g‖=nan | satA=nan | satW=nan | εμ=nan | εvar=nan | corr(ε,x)=nan | t=nans
    55 | base=0.116381 | val=0.322194 | acc1=0.9009 | Wμ=3.130 | Aμ=5.350 | Wmax=4.644 | LR=0.002 | ‖g‖=nan | satA=nan | satW=nan | εμ=nan | εvar=nan | corr(ε,x)=nan | t=nans
    57 | base=0.109084 | val=0.302352 | acc1=0.9040 | Wμ=2.862 | Aμ=5.257 | Wmax=4.392 | LR=0.002 | ‖g‖=nan | satA=nan | satW=nan | εμ=nan | εvar=nan | corr(ε,x)=nan | t=nans
    59 | base=0.154471 | val=0.319059 | acc1=0.9004 | Wμ=2.624 | Aμ=5.152 | Wmax=4.248 | LR=0.002 | ‖g‖=nan | satA=nan | satW=nan | εμ=nan | εvar=nan | corr(ε,x)=nan | t=nans
    61 | base=0.151433 | val=0.337697 | acc1=0.8923 | Wμ=2.412 | Aμ=5.052 | Wmax=4.087 | LR=0.002 | ‖g‖=nan | satA=nan | satW=nan | εμ=nan | εvar=nan | corr(ε,x)=nan | t=nans
    63 | base=0.180716 | val=0.334262 | acc1=0.8918 | Wμ=2.220 | Aμ=4.954 | Wmax=4.000 | LR=0.002 | ‖g‖=nan | satA=nan | satW=nan | εμ=nan | εvar=nan | corr(ε,x)=nan | t=nans
    65 | base=0.217507 | val=0.442662 | acc1=0.8630 | Wμ=2.068 | Aμ=4.870 | Wmax=3.807 | LR=0.002 | ‖g‖=nan | satA=nan | satW=nan | εμ=nan | εvar=nan | corr(ε,x)=nan | t=nans
    67 | base=0.215163 | val=0.381841 | acc1=0.8824 | Wμ=1.934 | Aμ=4.785 | Wmax=3.700 | LR=0.002 | ‖g‖=nan | satA=nan | satW=nan | εμ=nan | εvar=nan | corr(ε,x)=nan | t=nans
    69 | base=0.251679 | val=0.383463 | acc1=0.8774 | Wμ=1.821 | Aμ=4.708 | Wmax=3.585 | LR=0.002 | ‖g‖=nan | satA=nan | satW=nan | εμ=nan | εvar=nan | corr(ε,x)=nan | t=nans
    71 | base=0.304876 | val=0.503616 | acc1=0.8453 | Wμ=1.727 | Aμ=4.622 | Wmax=3.459 | LR=0.002 | ‖g‖=nan | satA=nan | satW=nan | εμ=nan | εvar=nan | corr(ε,x)=nan | t=nans
    73 | base=0.322312 | val=0.403033 | acc1=0.8696 | Wμ=1.645 | Aμ=4.529 | Wmax=3.322 | LR=0.002 | ‖g‖=nan | satA=nan | satW=nan | εμ=nan | εvar=nan | corr(ε,x)=nan | t=nans
    75 | base=0.385315 | val=0.635983 | acc1=0.8141 | Wμ=1.578 | Aμ=4.436 | Wmax=3.170 | LR=0.002 | ‖g‖=nan | satA=nan | satW=nan | εμ=nan | εvar=nan | corr(ε,x)=nan | t=nans
    77 | base=0.333998 | val=0.574129 | acc1=0.8175 | Wμ=1.524 | Aμ=4.352 | Wmax=3.170 | LR=0.002 | ‖g‖=nan | satA=nan | satW=nan | εμ=nan | εvar=nan | corr(ε,x)=nan | t=nans
    79 | base=0.388602 | val=0.517293 | acc1=0.8366 | Wμ=1.472 | Aμ=4.248 | Wmax=3.000 | LR=0.002 | ‖g‖=nan | satA=nan | satW=nan | εμ=nan | εvar=nan | corr(ε,x)=nan | t=nans
    81 | base=0.410281 | val=0.769789 | acc1=0.7730 | Wμ=1.427 | Aμ=4.147 | Wmax=3.000 | LR=0.002 | ‖g‖=nan | satA=nan | satW=nan | εμ=nan | εvar=nan | corr(ε,x)=nan | t=nans
    83 | base=0.414680 | val=0.686787 | acc1=0.7868 | Wμ=1.386 | Aμ=4.041 | Wmax=2.807 | LR=0.002 | ‖g‖=nan | satA=nan | satW=nan | εμ=nan | εvar=nan | corr(ε,x)=nan | t=nans
    85 | base=0.440659 | val=0.918708 | acc1=0.7305 | Wμ=1.349 | Aμ=3.957 | Wmax=2.807 | LR=0.002 | ‖g‖=nan | satA=nan | satW=nan | εμ=nan | εvar=nan | corr(ε,x)=nan | t=nans
    87 | base=0.394688 | val=0.657356 | acc1=0.7951 | Wμ=1.312 | Aμ=3.841 | Wmax=2.585 | LR=0.002 | ‖g‖=nan | satA=nan | satW=nan | εμ=nan | εvar=nan | corr(ε,x)=nan | t=nans
    89 | base=0.446926 | val=0.850196 | acc1=0.7329 | Wμ=1.274 | Aμ=3.728 | Wmax=2.585 | LR=0.002 | ‖g‖=nan | satA=nan | satW=nan | εμ=nan | εvar=nan | corr(ε,x)=nan | t=nans
    91 | base=0.494774 | val=0.693581 | acc1=0.7919 | Wμ=1.243 | Aμ=3.621 | Wmax=2.585 | LR=0.002 | ‖g‖=nan | satA=nan | satW=nan | εμ=nan | εvar=nan | corr(ε,x)=nan | t=nans
    93 | base=0.467356 | val=1.301168 | acc1=0.6655 | Wμ=1.213 | Aμ=3.490 | Wmax=2.322 | LR=0.002 | ‖g‖=nan | satA=nan | satW=nan | εμ=nan | εvar=nan | corr(ε,x)=nan | t=nans
    95 | base=0.517875 | val=0.689488 | acc1=0.7793 | Wμ=1.186 | Aμ=3.349 | Wmax=2.322 | LR=0.002 | ‖g‖=nan | satA=nan | satW=nan | εμ=nan | εvar=nan | corr(ε,x)=nan | t=nans
    97 | base=0.512537 | val=1.042324 | acc1=0.7176 | Wμ=1.165 | Aμ=3.263 | Wmax=2.322 | LR=0.002 | ‖g‖=nan | satA=nan | satW=nan | εμ=nan | εvar=nan | corr(ε,x)=nan | t=nans
    99 | base=0.512815 | val=0.900933 | acc1=0.7293 | Wμ=1.144 | Aμ=3.122 | Wmax=2.322 | LR=0.002 | ‖g‖=nan | satA=nan | satW=nan | εμ=nan | εvar=nan | corr(ε,x)=nan | t=nans
   101 | base=0.506652 | val=0.819658 | acc1=0.7621 | Wμ=1.123 | Aμ=3.013 | Wmax=2.322 | LR=0.002 | ‖g‖=nan | satA=nan | satW=nan | εμ=nan | εvar=nan | corr(ε,x)=nan | t=nans
   103 | base=0.494557 | val=0.547794 | acc1=0.8251 | Wμ=1.104 | Aμ=2.927 | Wmax=2.322 | LR=0.002 | ‖g‖=nan | satA=nan | satW=nan | εμ=nan | εvar=nan | corr(ε,x)=nan | t=nans
   105 | base=0.552786 | val=1.524527 | acc1=0.6009 | Wμ=1.085 | Aμ=2.802 | Wmax=2.000 | LR=0.002 | ‖g‖=nan | satA=nan | satW=nan | εμ=nan | εvar=nan | corr(ε,x)=nan | t=nans
   107 | base=0.474006 | val=0.761199 | acc1=0.7602 | Wμ=1.068 | Aμ=2.706 | Wmax=2.000 | LR=0.002 | ‖g‖=nan | satA=nan | satW=nan | εμ=nan | εvar=nan | corr(ε,x)=nan | t=nans
   109 | base=0.563958 | val=0.597843 | acc1=0.8164 | Wμ=1.055 | Aμ=2.656 | Wmax=2.000 | LR=0.002 | ‖g‖=nan | satA=nan | satW=nan | εμ=nan | εvar=nan | corr(ε,x)=nan | t=nans
   111 | base=0.558242 | val=1.912615 | acc1=0.5078 | Wμ=1.044 | Aμ=2.521 | Wmax=2.000 | LR=0.002 | ‖g‖=nan | satA=nan | satW=nan | εμ=nan | εvar=nan | corr(ε,x)=nan | t=nans
   113 | base=0.533639 | val=0.675053 | acc1=0.7885 | Wμ=1.036 | Aμ=2.442 | Wmax=2.000 | LR=0.002 | ‖g‖=nan | satA=nan | satW=nan | εμ=nan | εvar=nan | corr(ε,x)=nan | t=nans
   115 | base=0.598787 | val=1.333499 | acc1=0.6186 | Wμ=1.030 | Aμ=2.334 | Wmax=2.000 | LR=0.002 | ‖g‖=nan | satA=nan | satW=nan | εμ=nan | εvar=nan | corr(ε,x)=nan | t=nans
   117 | base=0.592806 | val=0.632097 | acc1=0.7978 | Wμ=1.027 | Aμ=2.287 | Wmax=2.000 | LR=0.002 | ‖g‖=nan | satA=nan | satW=nan | εμ=nan | εvar=nan | corr(ε,x)=nan | t=nans
   119 | base=0.599982 | val=0.951457 | acc1=0.7300 | Wμ=1.024 | Aμ=2.229 | Wmax=2.000 | LR=0.002 | ‖g‖=nan | satA=nan | satW=nan | εμ=nan | εvar=nan | corr(ε,x)=nan | t=nans
   121 | base=0.633824 | val=0.705906 | acc1=0.7819 | Wμ=1.021 | Aμ=2.140 | Wmax=2.000 | LR=0.002 | ‖g‖=nan | satA=nan | satW=nan | εμ=nan | εvar=nan | corr(ε,x)=nan | t=nans
   123 | base=0.622026 | val=0.753717 | acc1=0.7809 | Wμ=1.018 | Aμ=2.045 | Wmax=2.000 | LR=0.002 | ‖g‖=nan | satA=nan | satW=nan | εμ=nan | εvar=nan | corr(ε,x)=nan | t=nans
   125 | base=0.659836 | val=0.736797 | acc1=0.7653 | Wμ=1.015 | Aμ=1.992 | Wmax=1.585 | LR=0.002 | ‖g‖=nan | satA=nan | satW=nan | εμ=nan | εvar=nan | corr(ε,x)=nan | t=nans
   127 | base=0.617000 | val=0.699014 | acc1=0.7826 | Wμ=1.012 | Aμ=1.948 | Wmax=1.585 | LR=0.002 | ‖g‖=nan | satA=nan | satW=nan | εμ=nan | εvar=nan | corr(ε,x)=nan | t=nans
   129 | base=0.738130 | val=0.755534 | acc1=0.7641 | Wμ=1.009 | Aμ=1.911 | Wmax=1.585 | LR=0.002 | ‖g‖=nan | satA=nan | satW=nan | εμ=nan | εvar=nan | corr(ε,x)=nan | t=nans
   131 | base=0.784517 | val=0.936602 | acc1=0.6955 | Wμ=1.007 | Aμ=1.855 | Wmax=1.585 | LR=0.002 | ‖g‖=nan | satA=nan | satW=nan | εμ=nan | εvar=nan | corr(ε,x)=nan | t=nans
   133 | base=0.800752 | val=0.873407 | acc1=0.7125 | Wμ=1.004 | Aμ=1.808 | Wmax=1.585 | LR=0.002 | ‖g‖=nan | satA=nan | satW=nan | εμ=nan | εvar=nan | corr(ε,x)=nan | t=nans
   135 | base=0.757344 | val=0.677224 | acc1=0.7806 | Wμ=1.003 | Aμ=1.753 | Wmax=1.585 | LR=0.002 | ‖g‖=nan | satA=nan | satW=nan | εμ=nan | εvar=nan | corr(ε,x)=nan | t=nans
   137 | base=0.741255 | val=1.063016 | acc1=0.6902 | Wμ=1.002 | Aμ=1.715 | Wmax=1.585 | LR=0.002 | ‖g‖=nan | satA=nan | satW=nan | εμ=nan | εvar=nan | corr(ε,x)=nan | t=nans
   139 | base=0.719432 | val=1.772568 | acc1=0.5264 | Wμ=1.002 | Aμ=1.648 | Wmax=1.585 | LR=0.002 | ‖g‖=nan | satA=nan | satW=nan | εμ=nan | εvar=nan | corr(ε,x)=nan | t=nans
   141 | base=0.953819 | val=1.446755 | acc1=0.5752 | Wμ=1.001 | Aμ=1.575 | Wmax=1.585 | LR=0.002 | ‖g‖=nan | satA=nan | satW=nan | εμ=nan | εvar=nan | corr(ε,x)=nan | t=nans
   143 | base=0.862690 | val=0.934997 | acc1=0.7282 | Wμ=1.000 | Aμ=1.538 | Wmax=1.585 | LR=0.002 | ‖g‖=nan | satA=nan | satW=nan | εμ=nan | εvar=nan | corr(ε,x)=nan | t=nans
   145 | base=0.876620 | val=0.746629 | acc1=0.7636 | Wμ=1.000 | Aμ=1.484 | Wmax=1.585 | LR=0.002 | ‖g‖=nan | satA=nan | satW=nan | εμ=nan | εvar=nan | corr(ε,x)=nan | t=nans
   147 | base=0.947290 | val=2.043318 | acc1=0.3308 | Wμ=0.998 | Aμ=1.460 | Wmax=1.585 | LR=0.002 | ‖g‖=nan | satA=nan | satW=nan | εμ=nan | εvar=nan | corr(ε,x)=nan | t=nans
   149 | base=0.914494 | val=0.778696 | acc1=0.7612 | Wμ=0.996 | Aμ=1.457 | Wmax=1.585 | LR=0.002 | ‖g‖=nan | satA=nan | satW=nan | εμ=nan | εvar=nan | corr(ε,x)=nan | t=nans
   151 | base=1.050711 | val=0.638614 | acc1=0.7828 | Wμ=0.995 | Aμ=1.457 | Wmax=1.585 | LR=0.002 | ‖g‖=nan | satA=nan | satW=nan | εμ=nan | εvar=nan | corr(ε,x)=nan | t=nans
   153 | base=0.842285 | val=0.681781 | acc1=0.7791 | Wμ=0.996 | Aμ=1.454 | Wmax=1.585 | LR=0.002 | ‖g‖=nan | satA=nan | satW=nan | εμ=nan | εvar=nan | corr(ε,x)=nan | t=nans
   155 | base=0.870409 | val=1.441870 | acc1=0.5785 | Wμ=0.995 | Aμ=1.452 | Wmax=1.585 | LR=0.002 | ‖g‖=nan | satA=nan | satW=nan | εμ=nan | εvar=nan | corr(ε,x)=nan | t=nans
   157 | base=0.908140 | val=0.825745 | acc1=0.7654 | Wμ=0.995 | Aμ=1.443 | Wmax=1.585 | LR=0.002 | ‖g‖=nan | satA=nan | satW=nan | εμ=nan | εvar=nan | corr(ε,x)=nan | t=nans
   159 | base=0.913024 | val=0.651110 | acc1=0.7821 | Wμ=0.994 | Aμ=1.422 | Wmax=1.000 | LR=0.002 | ‖g‖=nan | satA=nan | satW=nan | εμ=nan | εvar=nan | corr(ε,x)=nan | t=nans
   161 | base=0.896177 | val=1.107634 | acc1=0.6538 | Wμ=0.994 | Aμ=1.380 | Wmax=1.585 | LR=0.002 | ‖g‖=nan | satA=nan | satW=nan | εμ=nan | εvar=nan | corr(ε,x)=nan | t=nans
   163 | base=0.862134 | val=0.799273 | acc1=0.7458 | Wμ=0.994 | Aμ=1.357 | Wmax=1.585 | LR=0.002 | ‖g‖=nan | satA=nan | satW=nan | εμ=nan | εvar=nan | corr(ε,x)=nan | t=nans
   165 | base=0.936832 | val=0.709072 | acc1=0.7610 | Wμ=0.993 | Aμ=1.333 | Wmax=1.585 | LR=0.002 | ‖g‖=nan | satA=nan | satW=nan | εμ=nan | εvar=nan | corr(ε,x)=nan | t=nans
   167 | base=0.983191 | val=0.779717 | acc1=0.7433 | Wμ=0.993 | Aμ=1.313 | Wmax=1.000 | LR=0.002 | ‖g‖=nan | satA=nan | satW=nan | εμ=nan | εvar=nan | corr(ε,x)=nan | t=nans
   169 | base=1.057221 | val=0.743649 | acc1=0.7515 | Wμ=0.992 | Aμ=1.299 | Wmax=1.000 | LR=0.002 | ‖g‖=nan | satA=nan | satW=nan | εμ=nan | εvar=nan | corr(ε,x)=nan | t=nans
   171 | base=1.085338 | val=1.019887 | acc1=0.6420 | Wμ=0.991 | Aμ=1.281 | Wmax=1.000 | LR=0.002 | ‖g‖=nan | satA=nan | satW=nan | εμ=nan | εvar=nan | corr(ε,x)=nan | t=nans
   173 | base=0.949377 | val=0.883189 | acc1=0.7198 | Wμ=0.991 | Aμ=1.276 | Wmax=1.000 | LR=0.002 | ‖g‖=nan | satA=nan | satW=nan | εμ=nan | εvar=nan | corr(ε,x)=nan | t=nans
   175 | base=0.885507 | val=1.674603 | acc1=0.5467 | Wμ=0.991 | Aμ=1.270 | Wmax=1.000 | LR=0.002 | ‖g‖=nan | satA=nan | satW=nan | εμ=nan | εvar=nan | corr(ε,x)=nan | t=nans
   177 | base=0.917925 | val=0.718150 | acc1=0.7642 | Wμ=0.991 | Aμ=1.264 | Wmax=1.000 | LR=0.002 | ‖g‖=nan | satA=nan | satW=nan | εμ=nan | εvar=nan | corr(ε,x)=nan | t=nans
   179 | base=0.979147 | val=0.680916 | acc1=0.7772 | Wμ=0.991 | Aμ=1.250 | Wmax=1.000 | LR=0.002 | ‖g‖=nan | satA=nan | satW=nan | εμ=nan | εvar=nan | corr(ε,x)=nan | t=nans
   181 | base=1.052461 | val=0.786555 | acc1=0.7480 | Wμ=0.991 | Aμ=1.203 | Wmax=1.000 | LR=0.002 | ‖g‖=nan | satA=nan | satW=nan | εμ=nan | εvar=nan | corr(ε,x)=nan | t=nans
   183 | base=1.003980 | val=0.963560 | acc1=0.6833 | Wμ=0.991 | Aμ=1.148 | Wmax=1.000 | LR=0.002 | ‖g‖=nan | satA=nan | satW=nan | εμ=nan | εvar=nan | corr(ε,x)=nan | t=nans
   185 | base=1.023429 | val=0.847802 | acc1=0.7452 | Wμ=0.991 | Aμ=1.139 | Wmax=1.000 | LR=0.002 | ‖g‖=nan | satA=nan | satW=nan | εμ=nan | εvar=nan | corr(ε,x)=nan | t=nans
   187 | base=1.006511 | val=0.686724 | acc1=0.7735 | Wμ=0.990 | Aμ=1.134 | Wmax=1.000 | LR=0.002 | ‖g‖=nan | satA=nan | satW=nan | εμ=nan | εvar=nan | corr(ε,x)=nan | t=nans
   189 | base=1.107514 | val=0.685569 | acc1=0.7835 | Wμ=0.990 | Aμ=1.128 | Wmax=1.000 | LR=0.002 | ‖g‖=nan | satA=nan | satW=nan | εμ=nan | εvar=nan | corr(ε,x)=nan | t=nans
   191 | base=1.190861 | val=0.816725 | acc1=0.7443 | Wμ=0.990 | Aμ=1.124 | Wmax=1.000 | LR=0.002 | ‖g‖=nan | satA=nan | satW=nan | εμ=nan | εvar=nan | corr(ε,x)=nan | t=nans
   193 | base=1.034318 | val=0.909182 | acc1=0.7228 | Wμ=0.990 | Aμ=1.124 | Wmax=1.000 | LR=0.002 | ‖g‖=nan | satA=nan | satW=nan | εμ=nan | εvar=nan | corr(ε,x)=nan | t=nans
   195 | base=1.048401 | val=0.907319 | acc1=0.7399 | Wμ=0.990 | Aμ=1.124 | Wmax=1.000 | LR=0.002 | ‖g‖=nan | satA=nan | satW=nan | εμ=nan | εvar=nan | corr(ε,x)=nan | t=nans
   197 | base=1.266552 | val=1.512733 | acc1=0.5675 | Wμ=0.990 | Aμ=1.123 | Wmax=1.000 | LR=0.002 | ‖g‖=nan | satA=nan | satW=nan | εμ=nan | εvar=nan | corr(ε,x)=nan | t=nans
   199 | base=1.088613 | val=0.881318 | acc1=0.7107 | Wμ=0.990 | Aμ=1.124 | Wmax=1.000 | LR=0.002 | ‖g‖=nan | satA=nan | satW=nan | εμ=nan | εvar=nan | corr(ε,x)=nan | t=nans
   201 | base=1.220045 | val=0.814868 | acc1=0.7251 | Wμ=0.990 | Aμ=1.121 | Wmax=1.000 | LR=0.002 | ‖g‖=nan | satA=nan | satW=nan | εμ=nan | εvar=nan | corr(ε,x)=nan | t=nans
   203 | base=1.081010 | val=1.237175 | acc1=0.6216 | Wμ=0.990 | Aμ=1.118 | Wmax=1.000 | LR=0.002 | ‖g‖=nan | satA=nan | satW=nan | εμ=nan | εvar=nan | corr(ε,x)=nan | t=nans
   205 | base=1.019855 | val=0.861898 | acc1=0.7275 | Wμ=0.990 | Aμ=1.113 | Wmax=1.000 | LR=0.002 | ‖g‖=nan | satA=nan | satW=nan | εμ=nan | εvar=nan | corr(ε,x)=nan | t=nans
   207 | base=1.003616 | val=0.824290 | acc1=0.7505 | Wμ=0.991 | Aμ=1.103 | Wmax=1.000 | LR=0.002 | ‖g‖=nan | satA=nan | satW=nan | εμ=nan | εvar=nan | corr(ε,x)=nan | t=nans
   209 | base=1.064470 | val=0.712109 | acc1=0.7640 | Wμ=0.990 | Aμ=1.093 | Wmax=1.000 | LR=0.002 | ‖g‖=nan | satA=nan | satW=nan | εμ=nan | εvar=nan | corr(ε,x)=nan | t=nans
   211 | base=1.121629 | val=0.764797 | acc1=0.7506 | Wμ=0.990 | Aμ=1.087 | Wmax=1.000 | LR=0.002 | ‖g‖=nan | satA=nan | satW=nan | εμ=nan | εvar=nan | corr(ε,x)=nan | t=nans
   213 | base=1.136207 | val=0.924983 | acc1=0.7066 | Wμ=0.990 | Aμ=1.083 | Wmax=1.000 | LR=0.002 | ‖g‖=nan | satA=nan | satW=nan | εμ=nan | εvar=nan | corr(ε,x)=nan | t=nans
   215 | base=1.058583 | val=0.866855 | acc1=0.7188 | Wμ=0.990 | Aμ=1.076 | Wmax=1.000 | LR=0.002 | ‖g‖=nan | satA=nan | satW=nan | εμ=nan | εvar=nan | corr(ε,x)=nan | t=nans
   217 | base=1.048021 | val=0.983198 | acc1=0.6968 | Wμ=0.990 | Aμ=1.060 | Wmax=1.000 | LR=0.0017238 | ‖g‖=nan | satA=nan | satW=nan | εμ=nan | εvar=nan | corr(ε,x)=nan | t=nans
   219 | base=1.076650 | val=1.078529 | acc1=0.6481 | Wμ=0.990 | Aμ=1.051 | Wmax=1.000 | LR=0.0017212 | ‖g‖=nan | satA=nan | satW=nan | εμ=nan | εvar=nan | corr(ε,x)=nan | t=nans
   221 | base=1.050612 | val=0.802284 | acc1=0.7477 | Wμ=0.990 | Aμ=1.049 | Wmax=1.000 | LR=0.0014835 | ‖g‖=nan | satA=nan | satW=nan | εμ=nan | εvar=nan | corr(ε,x)=nan | t=nans
   223 | base=1.110466 | val=0.865511 | acc1=0.7333 | Wμ=0.991 | Aμ=1.043 | Wmax=1.000 | LR=0.0012767 | ‖g‖=nan | satA=nan | satW=nan | εμ=nan | εvar=nan | corr(ε,x)=nan | t=nans
   225 | base=1.120892 | val=0.624843 | acc1=0.7914 | Wμ=0.991 | Aμ=1.026 | Wmax=1.000 | LR=0.0010988 | ‖g‖=nan | satA=nan | satW=nan | εμ=nan | εvar=nan | corr(ε,x)=nan | t=nans
   227 | base=1.073973 | val=0.742619 | acc1=0.7605 | Wμ=0.991 | Aμ=1.012 | Wmax=1.000 | LR=0.00094562 | ‖g‖=nan | satA=nan | satW=nan | εμ=nan | εvar=nan | corr(ε,x)=nan | t=nans
   229 | base=1.005338 | val=0.760516 | acc1=0.7552 | Wμ=0.991 | Aμ=0.998 | Wmax=1.000 | LR=0.00081381 | ‖g‖=nan | satA=nan | satW=nan | εμ=nan | εvar=nan | corr(ε,x)=nan | t=nans
   231 | base=1.002221 | val=0.738281 | acc1=0.7583 | Wμ=0.992 | Aμ=0.998 | Wmax=1.000 | LR=0.00070037 | ‖g‖=nan | satA=nan | satW=nan | εμ=nan | εvar=nan | corr(ε,x)=nan | t=nans
   233 | base=1.005512 | val=0.703507 | acc1=0.7699 | Wμ=0.992 | Aμ=0.998 | Wmax=1.000 | LR=0.00060275 | ‖g‖=nan | satA=nan | satW=nan | εμ=nan | εvar=nan | corr(ε,x)=nan | t=nans
   235 | base=1.047573 | val=0.925761 | acc1=0.7129 | Wμ=0.992 | Aμ=0.999 | Wmax=1.000 | LR=0.00051873 | ‖g‖=nan | satA=nan | satW=nan | εμ=nan | εvar=nan | corr(ε,x)=nan | t=nans
   237 | base=0.914837 | val=0.662199 | acc1=0.7897 | Wμ=0.993 | Aμ=0.999 | Wmax=1.000 | LR=0.00044643 | ‖g‖=nan | satA=nan | satW=nan | εμ=nan | εvar=nan | corr(ε,x)=nan | t=nans
   239 | base=0.976930 | val=0.640414 | acc1=0.7956 | Wμ=0.993 | Aμ=0.998 | Wmax=1.000 | LR=0.0003842 | ‖g‖=nan | satA=nan | satW=nan | εμ=nan | εvar=nan | corr(ε,x)=nan | t=nans
   241 | base=0.938393 | val=0.624112 | acc1=0.8017 | Wμ=0.993 | Aμ=0.998 | Wmax=1.000 | LR=0.00033065 | ‖g‖=nan | satA=nan | satW=nan | εμ=nan | εvar=nan | corr(ε,x)=nan | t=nans
   243 | base=0.896295 | val=0.630492 | acc1=0.7957 | Wμ=0.993 | Aμ=0.999 | Wmax=1.000 | LR=0.00028456 | ‖g‖=nan | satA=nan | satW=nan | εμ=nan | εvar=nan | corr(ε,x)=nan | t=nans
   245 | base=0.922434 | val=0.623563 | acc1=0.8012 | Wμ=0.994 | Aμ=0.999 | Wmax=1.000 | LR=0.00024489 | ‖g‖=nan | satA=nan | satW=nan | εμ=nan | εvar=nan | corr(ε,x)=nan | t=nans
   247 | base=0.972243 | val=0.565677 | acc1=0.8181 | Wμ=0.994 | Aμ=0.999 | Wmax=1.000 | LR=0.00021076 | ‖g‖=nan | satA=nan | satW=nan | εμ=nan | εvar=nan | corr(ε,x)=nan | t=nans
   249 | base=0.978788 | val=0.698553 | acc1=0.7827 | Wμ=0.994 | Aμ=0.999 | Wmax=1.000 | LR=0.00018138 | ‖g‖=nan | satA=nan | satW=nan | εμ=nan | εvar=nan | corr(ε,x)=nan | t=nans
   251 | base=0.977980 | val=0.558237 | acc1=0.8145 | Wμ=0.994 | Aμ=0.999 | Wmax=1.000 | LR=0.0001561 | ‖g‖=nan | satA=nan | satW=nan | εμ=nan | εvar=nan | corr(ε,x)=nan | t=nans
   253 | base=0.976962 | val=0.572280 | acc1=0.8110 | Wμ=0.994 | Aμ=0.999 | Wmax=1.000 | LR=0.00013434 | ‖g‖=nan | satA=nan | satW=nan | εμ=nan | εvar=nan | corr(ε,x)=nan | t=nans
   255 | base=0.901703 | val=0.565664 | acc1=0.8152 | Wμ=0.995 | Aμ=0.999 | Wmax=1.000 | LR=0.00011561 | ‖g‖=nan | satA=nan | satW=nan | εμ=nan | εvar=nan | corr(ε,x)=nan | t=nans
   257 | base=0.945523 | val=0.524690 | acc1=0.8269 | Wμ=0.995 | Aμ=0.999 | Wmax=1.000 | LR=9.9499e-05 | ‖g‖=nan | satA=nan | satW=nan | εμ=nan | εvar=nan | corr(ε,x)=nan | t=nans
   259 | base=0.896150 | val=0.592526 | acc1=0.8051 | Wμ=0.995 | Aμ=0.999 | Wmax=1.000 | LR=8.563e-05 | ‖g‖=nan | satA=nan | satW=nan | εμ=nan | εvar=nan | corr(ε,x)=nan | t=nans
   261 | base=0.923560 | val=0.616934 | acc1=0.8035 | Wμ=0.995 | Aμ=0.999 | Wmax=1.000 | LR=7.3694e-05 | ‖g‖=nan | satA=nan | satW=nan | εμ=nan | εvar=nan | corr(ε,x)=nan | t=nans
   263 | base=0.902633 | val=0.751239 | acc1=0.7624 | Wμ=0.995 | Aμ=0.999 | Wmax=1.000 | LR=6.3422e-05 | ‖g‖=nan | satA=nan | satW=nan | εμ=nan | εvar=nan | corr(ε,x)=nan | t=nans
   265 | base=0.927674 | val=0.515948 | acc1=0.8304 | Wμ=0.995 | Aμ=0.999 | Wmax=1.000 | LR=5.4582e-05 | ‖g‖=nan | satA=nan | satW=nan | εμ=nan | εvar=nan | corr(ε,x)=nan | t=nans
   267 | base=0.889938 | val=0.642739 | acc1=0.7963 | Wμ=0.995 | Aμ=0.999 | Wmax=1.000 | LR=4.6974e-05 | ‖g‖=nan | satA=nan | satW=nan | εμ=nan | εvar=nan | corr(ε,x)=nan | t=nans
   269 | base=1.024553 | val=0.645914 | acc1=0.7939 | Wμ=0.996 | Aμ=0.999 | Wmax=1.000 | LR=4.0426e-05 | ‖g‖=nan | satA=nan | satW=nan | εμ=nan | εvar=nan | corr(ε,x)=nan | t=nans
   271 | base=0.945207 | val=0.566586 | acc1=0.8149 | Wμ=0.996 | Aμ=0.999 | Wmax=1.000 | LR=3.4791e-05 | ‖g‖=nan | satA=nan | satW=nan | εμ=nan | εvar=nan | corr(ε,x)=nan | t=nans
   273 | base=0.909249 | val=0.612057 | acc1=0.7982 | Wμ=0.996 | Aμ=0.999 | Wmax=1.000 | LR=2.9942e-05 | ‖g‖=nan | satA=nan | satW=nan | εμ=nan | εvar=nan | corr(ε,x)=nan | t=nans
   275 | base=0.953152 | val=0.545705 | acc1=0.8228 | Wμ=0.996 | Aμ=0.999 | Wmax=1.000 | LR=2.5768e-05 | ‖g‖=nan | satA=nan | satW=nan | εμ=nan | εvar=nan | corr(ε,x)=nan | t=nans
   277 | base=0.896115 | val=0.703086 | acc1=0.7739 | Wμ=0.996 | Aμ=0.999 | Wmax=1.000 | LR=2.2176e-05 | ‖g‖=nan | satA=nan | satW=nan | εμ=nan | εvar=nan | corr(ε,x)=nan | t=nans
   279 | base=0.905207 | val=0.673589 | acc1=0.7851 | Wμ=0.996 | Aμ=0.999 | Wmax=1.000 | LR=1.9085e-05 | ‖g‖=nan | satA=nan | satW=nan | εμ=nan | εvar=nan | corr(ε,x)=nan | t=nans
   281 | base=0.921786 | val=0.561548 | acc1=0.8177 | Wμ=0.996 | Aμ=0.999 | Wmax=1.000 | LR=1.6425e-05 | ‖g‖=nan | satA=nan | satW=nan | εμ=nan | εvar=nan | corr(ε,x)=nan | t=nans
   283 | base=0.911943 | val=0.555670 | acc1=0.8203 | Wμ=0.996 | Aμ=0.999 | Wmax=1.000 | LR=1.4135e-05 | ‖g‖=nan | satA=nan | satW=nan | εμ=nan | εvar=nan | corr(ε,x)=nan | t=nans
   285 | base=0.893835 | val=0.613731 | acc1=0.8004 | Wμ=0.996 | Aμ=0.999 | Wmax=1.000 | LR=1.2165e-05 | ‖g‖=nan | satA=nan | satW=nan | εμ=nan | εvar=nan | corr(ε,x)=nan | t=nans
   287 | base=0.848296 | val=0.536563 | acc1=0.8217 | Wμ=0.996 | Aμ=0.999 | Wmax=1.000 | LR=1.0469e-05 | ‖g‖=nan | satA=nan | satW=nan | εμ=nan | εvar=nan | corr(ε,x)=nan | t=nans
   289 | base=0.849469 | val=0.552499 | acc1=0.8227 | Wμ=0.996 | Aμ=0.999 | Wmax=1.000 | LR=9.0101e-06 | ‖g‖=nan | satA=nan | satW=nan | εμ=nan | εvar=nan | corr(ε,x)=nan | t=nans
   291 | base=0.863379 | val=0.548791 | acc1=0.8235 | Wμ=0.996 | Aμ=0.999 | Wmax=1.000 | LR=7.7542e-06 | ‖g‖=nan | satA=nan | satW=nan | εμ=nan | εvar=nan | corr(ε,x)=nan | t=nans
   293 | base=0.878434 | val=0.524129 | acc1=0.8283 | Wμ=0.996 | Aμ=0.999 | Wmax=1.000 | LR=6.6734e-06 | ‖g‖=nan | satA=nan | satW=nan | εμ=nan | εvar=nan | corr(ε,x)=nan | t=nans
   295 | base=0.886095 | val=0.542733 | acc1=0.8220 | Wμ=0.996 | Aμ=0.999 | Wmax=1.000 | LR=5.7432e-06 | ‖g‖=nan | satA=nan | satW=nan | εμ=nan | εvar=nan | corr(ε,x)=nan | t=nans
   297 | base=0.917737 | val=0.513912 | acc1=0.8312 | Wμ=0.996 | Aμ=0.999 | Wmax=1.000 | LR=4.9426e-06 | ‖g‖=nan | satA=nan | satW=nan | εμ=nan | εvar=nan | corr(ε,x)=nan | t=nans
   299 | base=0.863872 | val=0.504207 | acc1=0.8347 | Wμ=0.996 | Aμ=0.999 | Wmax=1.000 | LR=4.2537e-06 | ‖g‖=nan | satA=nan | satW=nan | εμ=nan | εvar=nan | corr(ε,x)=nan | t=nans
   301 | base=0.885051 | val=0.509849 | acc1=0.8332 | Wμ=0.996 | Aμ=0.999 | Wmax=1.000 | LR=3.6608e-06 | ‖g‖=nan | satA=nan | satW=nan | εμ=nan | εvar=nan | corr(ε,x)=nan | t=nans
   303 | base=0.919840 | val=0.490602 | acc1=0.8372 | Wμ=0.997 | Aμ=0.999 | Wmax=1.000 | LR=3.1505e-06 | ‖g‖=nan | satA=nan | satW=nan | εμ=nan | εvar=nan | corr(ε,x)=nan | t=nans
   305 | base=0.867289 | val=0.566860 | acc1=0.8144 | Wμ=0.997 | Aμ=0.999 | Wmax=1.000 | LR=2.7114e-06 | ‖g‖=nan | satA=nan | satW=nan | εμ=nan | εvar=nan | corr(ε,x)=nan | t=nans
   307 | base=0.868673 | val=0.515748 | acc1=0.8320 | Wμ=0.997 | Aμ=0.999 | Wmax=1.000 | LR=2.3334e-06 | ‖g‖=nan | satA=nan | satW=nan | εμ=nan | εvar=nan | corr(ε,x)=nan | t=nans
   309 | base=0.886803 | val=0.558663 | acc1=0.8168 | Wμ=0.997 | Aμ=0.999 | Wmax=1.000 | LR=2.0082e-06 | ‖g‖=nan | satA=nan | satW=nan | εμ=nan | εvar=nan | corr(ε,x)=nan | t=nans
   311 | base=0.824346 | val=0.666996 | acc1=0.7789 | Wμ=0.997 | Aμ=0.999 | Wmax=1.000 | LR=1.7283e-06 | ‖g‖=nan | satA=nan | satW=nan | εμ=nan | εvar=nan | corr(ε,x)=nan | t=nans
   313 | base=0.861294 | val=0.511883 | acc1=0.8294 | Wμ=0.997 | Aμ=0.999 | Wmax=1.000 | LR=1.4874e-06 | ‖g‖=nan | satA=nan | satW=nan | εμ=nan | εvar=nan | corr(ε,x)=nan | t=nans
   315 | base=0.858416 | val=0.514967 | acc1=0.8278 | Wμ=0.997 | Aμ=0.999 | Wmax=1.000 | LR=1.28e-06 | ‖g‖=nan | satA=nan | satW=nan | εμ=nan | εvar=nan | corr(ε,x)=nan | t=nans
   317 | base=0.858281 | val=0.523353 | acc1=0.8273 | Wμ=0.997 | Aμ=0.999 | Wmax=1.000 | LR=1.1016e-06 | ‖g‖=nan | satA=nan | satW=nan | εμ=nan | εvar=nan | corr(ε,x)=nan | t=nans
   319 | base=0.854469 | val=0.511010 | acc1=0.8294 | Wμ=0.997 | Aμ=0.999 | Wmax=1.000 | LR=9.4806e-07 | ‖g‖=nan | satA=nan | satW=nan | εμ=nan | εvar=nan | corr(ε,x)=nan | t=nans
   321 | base=0.889344 | val=0.544850 | acc1=0.8213 | Wμ=0.997 | Aμ=0.999 | Wmax=1.000 | LR=8.1591e-07 | ‖g‖=nan | satA=nan | satW=nan | εμ=nan | εvar=nan | corr(ε,x)=nan | t=nans
   323 | base=0.934217 | val=0.520749 | acc1=0.8254 | Wμ=0.997 | Aμ=0.999 | Wmax=1.000 | LR=7.0218e-07 | ‖g‖=nan | satA=nan | satW=nan | εμ=nan | εvar=nan | corr(ε,x)=nan | t=nans
   325 | base=0.904699 | val=0.568074 | acc1=0.8133 | Wμ=0.997 | Aμ=0.999 | Wmax=1.000 | LR=6.043e-07 | ‖g‖=nan | satA=nan | satW=nan | εμ=nan | εvar=nan | corr(ε,x)=nan | t=nans
   327 | base=0.839908 | val=0.634934 | acc1=0.7945 | Wμ=0.997 | Aμ=0.999 | Wmax=1.000 | LR=5.2007e-07 | ‖g‖=nan | satA=nan | satW=nan | εμ=nan | εvar=nan | corr(ε,x)=nan | t=nans
   329 | base=0.786126 | val=0.559550 | acc1=0.8180 | Wμ=0.997 | Aμ=0.999 | Wmax=1.000 | LR=4.4758e-07 | ‖g‖=nan | satA=nan | satW=nan | εμ=nan | εvar=nan | corr(ε,x)=nan | t=nans
   331 | base=0.948675 | val=0.520249 | acc1=0.8330 | Wμ=0.997 | Aμ=0.999 | Wmax=1.000 | LR=3.8519e-07 | ‖g‖=nan | satA=nan | satW=nan | εμ=nan | εvar=nan | corr(ε,x)=nan | t=nans
   333 | base=0.860959 | val=0.495415 | acc1=0.8392 | Wμ=0.997 | Aμ=0.999 | Wmax=1.000 | LR=3.315e-07 | ‖g‖=nan | satA=nan | satW=nan | εμ=nan | εvar=nan | corr(ε,x)=nan | t=nans
   335 | base=0.851574 | val=0.597413 | acc1=0.8111 | Wμ=0.997 | Aμ=0.999 | Wmax=1.000 | LR=2.8529e-07 | ‖g‖=nan | satA=nan | satW=nan | εμ=nan | εvar=nan | corr(ε,x)=nan | t=nans
   337 | base=0.759541 | val=0.502452 | acc1=0.8334 | Wμ=0.997 | Aμ=0.999 | Wmax=1.000 | LR=2.4553e-07 | ‖g‖=nan | satA=nan | satW=nan | εμ=nan | εvar=nan | corr(ε,x)=nan | t=nans
   339 | base=0.864611 | val=0.532637 | acc1=0.8264 | Wμ=0.997 | Aμ=0.999 | Wmax=1.000 | LR=2.113e-07 | ‖g‖=nan | satA=nan | satW=nan | εμ=nan | εvar=nan | corr(ε,x)=nan | t=nans
   341 | base=0.871735 | val=0.495554 | acc1=0.8391 | Wμ=0.997 | Aμ=0.999 | Wmax=1.000 | LR=1.8185e-07 | ‖g‖=nan | satA=nan | satW=nan | εμ=nan | εvar=nan | corr(ε,x)=nan | t=nans
   343 | base=0.903565 | val=0.507997 | acc1=0.8344 | Wμ=0.997 | Aμ=0.999 | Wmax=1.000 | LR=1.565e-07 | ‖g‖=nan | satA=nan | satW=nan | εμ=nan | εvar=nan | corr(ε,x)=nan | t=nans
   345 | base=0.885987 | val=0.513313 | acc1=0.8295 | Wμ=0.997 | Aμ=0.999 | Wmax=1.000 | LR=1.3469e-07 | ‖g‖=nan | satA=nan | satW=nan | εμ=nan | εvar=nan | corr(ε,x)=nan | t=nans
   347 | base=0.832223 | val=0.491332 | acc1=0.8383 | Wμ=0.997 | Aμ=0.999 | Wmax=1.000 | LR=1.1591e-07 | ‖g‖=nan | satA=nan | satW=nan | εμ=nan | εvar=nan | corr(ε,x)=nan | t=nans
   349 | base=0.849811 | val=0.480363 | acc1=0.8415 | Wμ=0.997 | Aμ=0.999 | Wmax=1.000 | LR=9.9756e-08 | ‖g‖=nan | satA=nan | satW=nan | εμ=nan | εvar=nan | corr(ε,x)=nan | t=nans
   351 | base=0.863013 | val=0.498030 | acc1=0.8397 | Wμ=0.997 | Aμ=0.999 | Wmax=1.000 | LR=8.5851e-08 | ‖g‖=nan | satA=nan | satW=nan | εμ=nan | εvar=nan | corr(ε,x)=nan | t=nans
   353 | base=0.907339 | val=0.499570 | acc1=0.8361 | Wμ=0.997 | Aμ=0.999 | Wmax=1.000 | LR=7.3884e-08 | ‖g‖=nan | satA=nan | satW=nan | εμ=nan | εvar=nan | corr(ε,x)=nan | t=nans
   355 | base=0.901239 | val=0.601876 | acc1=0.8095 | Wμ=0.997 | Aμ=0.999 | Wmax=1.000 | LR=6.3586e-08 | ‖g‖=nan | satA=nan | satW=nan | εμ=nan | εvar=nan | corr(ε,x)=nan | t=nans
   357 | base=0.859591 | val=0.495157 | acc1=0.8400 | Wμ=0.997 | Aμ=0.999 | Wmax=1.000 | LR=5.4723e-08 | ‖g‖=nan | satA=nan | satW=nan | εμ=nan | εvar=nan | corr(ε,x)=nan | t=nans
   359 | base=0.868642 | val=0.508045 | acc1=0.8333 | Wμ=0.997 | Aμ=0.999 | Wmax=1.000 | LR=4.7095e-08 | ‖g‖=nan | satA=nan | satW=nan | εμ=nan | εvar=nan | corr(ε,x)=nan | t=nans
   361 | base=0.819952 | val=0.479389 | acc1=0.8386 | Wμ=0.997 | Aμ=0.999 | Wmax=1.000 | LR=4.053e-08 | ‖g‖=nan | satA=nan | satW=nan | εμ=nan | εvar=nan | corr(ε,x)=nan | t=nans
   363 | base=0.808280 | val=0.561387 | acc1=0.8191 | Wμ=0.997 | Aμ=0.999 | Wmax=1.000 | LR=3.4881e-08 | ‖g‖=nan | satA=nan | satW=nan | εμ=nan | εvar=nan | corr(ε,x)=nan | t=nans
   365 | base=0.814290 | val=0.509268 | acc1=0.8339 | Wμ=0.997 | Aμ=0.999 | Wmax=1.000 | LR=3.0019e-08 | ‖g‖=nan | satA=nan | satW=nan | εμ=nan | εvar=nan | corr(ε,x)=nan | t=nans
   367 | base=0.832393 | val=0.554883 | acc1=0.8203 | Wμ=0.997 | Aμ=0.999 | Wmax=1.000 | LR=2.5835e-08 | ‖g‖=nan | satA=nan | satW=nan | εμ=nan | εvar=nan | corr(ε,x)=nan | t=nans
   369 | base=0.846679 | val=0.502874 | acc1=0.8355 | Wμ=0.997 | Aμ=0.999 | Wmax=1.000 | LR=2.2234e-08 | ‖g‖=nan | satA=nan | satW=nan | εμ=nan | εvar=nan | corr(ε,x)=nan | t=nans
   371 | base=0.860343 | val=0.481500 | acc1=0.8412 | Wμ=0.997 | Aμ=0.999 | Wmax=1.000 | LR=1.9134e-08 | ‖g‖=nan | satA=nan | satW=nan | εμ=nan | εvar=nan | corr(ε,x)=nan | t=nans
   373 | base=0.871292 | val=0.484459 | acc1=0.8412 | Wμ=0.997 | Aμ=0.999 | Wmax=1.000 | LR=1.6467e-08 | ‖g‖=nan | satA=nan | satW=nan | εμ=nan | εvar=nan | corr(ε,x)=nan | t=nans
   375 | base=0.865656 | val=0.493391 | acc1=0.8387 | Wμ=0.997 | Aμ=0.999 | Wmax=1.000 | LR=1.4172e-08 | ‖g‖=nan | satA=nan | satW=nan | εμ=nan | εvar=nan | corr(ε,x)=nan | t=nans
   377 | base=0.872841 | val=0.510002 | acc1=0.8363 | Wμ=0.997 | Aμ=0.999 | Wmax=1.000 | LR=1.2197e-08 | ‖g‖=nan | satA=nan | satW=nan | εμ=nan | εvar=nan | corr(ε,x)=nan | t=nans
   379 | base=0.906824 | val=0.483637 | acc1=0.8401 | Wμ=0.997 | Aμ=0.999 | Wmax=1.000 | LR=1.0496e-08 | ‖g‖=nan | satA=nan | satW=nan | εμ=nan | εvar=nan | corr(ε,x)=nan | t=nans
   381 | base=0.849672 | val=0.476561 | acc1=0.8450 | Wμ=0.997 | Aμ=0.999 | Wmax=1.000 | LR=9.0334e-09 | ‖g‖=nan | satA=nan | satW=nan | εμ=nan | εvar=nan | corr(ε,x)=nan | t=nans
   383 | base=0.835175 | val=0.504720 | acc1=0.8371 | Wμ=0.997 | Aμ=0.999 | Wmax=1.000 | LR=7.7742e-09 | ‖g‖=nan | satA=nan | satW=nan | εμ=nan | εvar=nan | corr(ε,x)=nan | t=nans
   385 | base=0.943187 | val=0.479376 | acc1=0.8413 | Wμ=0.997 | Aμ=0.999 | Wmax=1.000 | LR=6.6906e-09 | ‖g‖=nan | satA=nan | satW=nan | εμ=nan | εvar=nan | corr(ε,x)=nan | t=nans
   387 | base=0.771436 | val=0.476215 | acc1=0.8421 | Wμ=0.997 | Aμ=0.999 | Wmax=1.000 | LR=5.758e-09 | ‖g‖=nan | satA=nan | satW=nan | εμ=nan | εvar=nan | corr(ε,x)=nan | t=nans
   389 | base=0.927791 | val=0.472148 | acc1=0.8428 | Wμ=0.997 | Aμ=0.999 | Wmax=1.000 | LR=4.9554e-09 | ‖g‖=nan | satA=nan | satW=nan | εμ=nan | εvar=nan | corr(ε,x)=nan | t=nans
   391 | base=0.822639 | val=0.493342 | acc1=0.8404 | Wμ=0.997 | Aμ=0.999 | Wmax=1.000 | LR=4.2647e-09 | ‖g‖=nan | satA=nan | satW=nan | εμ=nan | εvar=nan | corr(ε,x)=nan | t=nans
   393 | base=0.806511 | val=0.480540 | acc1=0.8413 | Wμ=0.997 | Aμ=0.999 | Wmax=1.000 | LR=3.6702e-09 | ‖g‖=nan | satA=nan | satW=nan | εμ=nan | εvar=nan | corr(ε,x)=nan | t=nans
   395 | base=0.857783 | val=0.483269 | acc1=0.8432 | Wμ=0.997 | Aμ=0.999 | Wmax=1.000 | LR=3.1586e-09 | ‖g‖=nan | satA=nan | satW=nan | εμ=nan | εvar=nan | corr(ε,x)=nan | t=nans
   397 | base=0.844165 | val=0.481218 | acc1=0.8396 | Wμ=0.997 | Aμ=0.999 | Wmax=1.000 | LR=2.7183e-09 | ‖g‖=nan | satA=nan | satW=nan | εμ=nan | εvar=nan | corr(ε,x)=nan | t=nans
   399 | base=0.789465 | val=0.481729 | acc1=0.8389 | Wμ=0.997 | Aμ=0.999 | Wmax=1.000 | LR=2.3394e-09 | ‖g‖=nan | satA=nan | satW=nan | εμ=nan | εvar=nan | corr(ε,x)=nan | t=nans
   401 | base=0.828934 | val=0.479034 | acc1=0.8421 | Wμ=0.997 | Aμ=0.999 | Wmax=1.000 | LR=2.0133e-09 | ‖g‖=nan | satA=nan | satW=nan | εμ=nan | εvar=nan | corr(ε,x)=nan | t=nans
   403 | base=0.792354 | val=0.471289 | acc1=0.8488 | Wμ=0.997 | Aμ=0.999 | Wmax=1.000 | LR=1.7327e-09 | ‖g‖=nan | satA=nan | satW=nan | εμ=nan | εvar=nan | corr(ε,x)=nan | t=nans
   405 | base=0.825315 | val=0.472462 | acc1=0.8476 | Wμ=0.997 | Aμ=0.999 | Wmax=1.000 | LR=1.4912e-09 | ‖g‖=nan | satA=nan | satW=nan | εμ=nan | εvar=nan | corr(ε,x)=nan | t=nans
   407 | base=0.852087 | val=0.466867 | acc1=0.8461 | Wμ=0.997 | Aμ=0.999 | Wmax=1.000 | LR=1.2833e-09 | ‖g‖=nan | satA=nan | satW=nan | εμ=nan | εvar=nan | corr(ε,x)=nan | t=nans
   409 | base=0.865502 | val=0.469183 | acc1=0.8466 | Wμ=0.997 | Aμ=0.999 | Wmax=1.000 | LR=1.1045e-09 | ‖g‖=nan | satA=nan | satW=nan | εμ=nan | εvar=nan | corr(ε,x)=nan | t=nans
   411 | base=0.851291 | val=0.460157 | acc1=0.8455 | Wμ=0.997 | Aμ=0.999 | Wmax=1.000 | LR=9.505e-10 | ‖g‖=nan | satA=nan | satW=nan | εμ=nan | εvar=nan | corr(ε,x)=nan | t=nans
   413 | base=0.852953 | val=0.475730 | acc1=0.8434 | Wμ=0.997 | Aμ=0.999 | Wmax=1.000 | LR=8.1801e-10 | ‖g‖=nan | satA=nan | satW=nan | εμ=nan | εvar=nan | corr(ε,x)=nan | t=nans
   415 | base=0.774851 | val=0.478939 | acc1=0.8445 | Wμ=0.997 | Aμ=0.999 | Wmax=1.000 | LR=7.0399e-10 | ‖g‖=nan | satA=nan | satW=nan | εμ=nan | εvar=nan | corr(ε,x)=nan | t=nans
   417 | base=0.815632 | val=0.472214 | acc1=0.8439 | Wμ=0.997 | Aμ=0.999 | Wmax=1.000 | LR=6.0586e-10 | ‖g‖=nan | satA=nan | satW=nan | εμ=nan | εvar=nan | corr(ε,x)=nan | t=nans
   419 | base=0.858513 | val=0.459810 | acc1=0.8506 | Wμ=0.997 | Aμ=0.999 | Wmax=1.000 | LR=5.2141e-10 | ‖g‖=nan | satA=nan | satW=nan | εμ=nan | εvar=nan | corr(ε,x)=nan | t=nans
   421 | base=0.790493 | val=0.473008 | acc1=0.8439 | Wμ=0.997 | Aμ=0.999 | Wmax=1.000 | LR=4.4873e-10 | ‖g‖=nan | satA=nan | satW=nan | εμ=nan | εvar=nan | corr(ε,x)=nan | t=nans
   423 | base=0.865636 | val=0.460530 | acc1=0.8487 | Wμ=0.997 | Aμ=0.999 | Wmax=1.000 | LR=3.8618e-10 | ‖g‖=nan | satA=nan | satW=nan | εμ=nan | εvar=nan | corr(ε,x)=nan | t=nans
   425 | base=0.774584 | val=0.467356 | acc1=0.8483 | Wμ=0.997 | Aμ=0.999 | Wmax=1.000 | LR=3.3235e-10 | ‖g‖=nan | satA=nan | satW=nan | εμ=nan | εvar=nan | corr(ε,x)=nan | t=nans
   427 | base=0.893554 | val=0.467016 | acc1=0.8460 | Wμ=0.997 | Aμ=0.999 | Wmax=1.000 | LR=2.8603e-10 | ‖g‖=nan | satA=nan | satW=nan | εμ=nan | εvar=nan | corr(ε,x)=nan | t=nans
   429 | base=0.898447 | val=0.457618 | acc1=0.8464 | Wμ=0.997 | Aμ=0.999 | Wmax=1.000 | LR=2.4616e-10 | ‖g‖=nan | satA=nan | satW=nan | εμ=nan | εvar=nan | corr(ε,x)=nan | t=nans
   431 | base=0.782746 | val=0.466949 | acc1=0.8448 | Wμ=0.997 | Aμ=0.999 | Wmax=1.000 | LR=2.1185e-10 | ‖g‖=nan | satA=nan | satW=nan | εμ=nan | εvar=nan | corr(ε,x)=nan | t=nans
   433 | base=0.874126 | val=0.457313 | acc1=0.8504 | Wμ=0.997 | Aμ=0.999 | Wmax=1.000 | LR=1.8232e-10 | ‖g‖=nan | satA=nan | satW=nan | εμ=nan | εvar=nan | corr(ε,x)=nan | t=nans
   435 | base=0.895455 | val=0.463030 | acc1=0.8482 | Wμ=0.997 | Aμ=0.999 | Wmax=1.000 | LR=1.569e-10 | ‖g‖=nan | satA=nan | satW=nan | εμ=nan | εvar=nan | corr(ε,x)=nan | t=nans
   437 | base=0.841157 | val=0.469728 | acc1=0.8450 | Wμ=0.997 | Aμ=0.999 | Wmax=1.000 | LR=1.3503e-10 | ‖g‖=nan | satA=nan | satW=nan | εμ=nan | εvar=nan | corr(ε,x)=nan | t=nans
   439 | base=0.838012 | val=0.460237 | acc1=0.8480 | Wμ=0.997 | Aμ=0.999 | Wmax=1.000 | LR=1.1621e-10 | ‖g‖=nan | satA=nan | satW=nan | εμ=nan | εvar=nan | corr(ε,x)=nan | t=nans
   441 | base=0.858633 | val=0.459829 | acc1=0.8498 | Wμ=0.997 | Aμ=0.999 | Wmax=1.000 | LR=1.0001e-10 | ‖g‖=nan | satA=nan | satW=nan | εμ=nan | εvar=nan | corr(ε,x)=nan | t=nans
   443 | base=0.838416 | val=0.465440 | acc1=0.8461 | Wμ=0.997 | Aμ=0.999 | Wmax=1.000 | LR=8.6072e-11 | ‖g‖=nan | satA=nan | satW=nan | εμ=nan | εvar=nan | corr(ε,x)=nan | t=nans
   445 | base=0.782559 | val=0.461237 | acc1=0.8483 | Wμ=0.997 | Aμ=0.999 | Wmax=1.000 | LR=7.4075e-11 | ‖g‖=nan | satA=nan | satW=nan | εμ=nan | εvar=nan | corr(ε,x)=nan | t=nans
   447 | base=0.826498 | val=0.460415 | acc1=0.8479 | Wμ=0.997 | Aμ=0.999 | Wmax=1.000 | LR=6.375e-11 | ‖g‖=nan | satA=nan | satW=nan | εμ=nan | εvar=nan | corr(ε,x)=nan | t=nans
   449 | base=0.809412 | val=0.460784 | acc1=0.8498 | Wμ=0.997 | Aμ=0.999 | Wmax=1.000 | LR=5.4864e-11 | ‖g‖=nan | satA=nan | satW=nan | εμ=nan | εvar=nan | corr(ε,x)=nan | t=nans
   451 | base=0.851520 | val=0.460206 | acc1=0.8456 | Wμ=0.997 | Aμ=0.999 | Wmax=1.000 | LR=4.7216e-11 | ‖g‖=nan | satA=nan | satW=nan | εμ=nan | εvar=nan | corr(ε,x)=nan | t=nans
   453 | base=0.804839 | val=0.460912 | acc1=0.8488 | Wμ=0.997 | Aμ=0.999 | Wmax=1.000 | LR=4.0635e-11 | ‖g‖=nan | satA=nan | satW=nan | εμ=nan | εvar=nan | corr(ε,x)=nan | t=nans
   455 | base=0.822534 | val=0.467720 | acc1=0.8470 | Wμ=0.997 | Aμ=0.999 | Wmax=1.000 | LR=3.4971e-11 | ‖g‖=nan | satA=nan | satW=nan | εμ=nan | εvar=nan | corr(ε,x)=nan | t=nans
   457 | base=0.802228 | val=0.461619 | acc1=0.8483 | Wμ=0.997 | Aμ=0.999 | Wmax=1.000 | LR=3.0096e-11 | ‖g‖=nan | satA=nan | satW=nan | εμ=nan | εvar=nan | corr(ε,x)=nan | t=nans
   459 | base=0.847832 | val=0.461911 | acc1=0.8479 | Wμ=0.997 | Aμ=0.999 | Wmax=1.000 | LR=2.5901e-11 | ‖g‖=nan | satA=nan | satW=nan | εμ=nan | εvar=nan | corr(ε,x)=nan | t=nans
   461 | base=0.838516 | val=0.460895 | acc1=0.8470 | Wμ=0.997 | Aμ=0.999 | Wmax=1.000 | LR=2.2291e-11 | ‖g‖=nan | satA=nan | satW=nan | εμ=nan | εvar=nan | corr(ε,x)=nan | t=nans
   463 | base=0.869013 | val=0.461205 | acc1=0.8499 | Wμ=0.997 | Aμ=0.999 | Wmax=1.000 | LR=1.9184e-11 | ‖g‖=nan | satA=nan | satW=nan | εμ=nan | εvar=nan | corr(ε,x)=nan | t=nans
   465 | base=0.877231 | val=0.461572 | acc1=0.8513 | Wμ=0.997 | Aμ=0.999 | Wmax=1.000 | LR=1.651e-11 | ‖g‖=nan | satA=nan | satW=nan | εμ=nan | εvar=nan | corr(ε,x)=nan | t=nans
   467 | base=0.781464 | val=0.458685 | acc1=0.8481 | Wμ=0.997 | Aμ=0.999 | Wmax=1.000 | LR=1.4208e-11 | ‖g‖=nan | satA=nan | satW=nan | εμ=nan | εvar=nan | corr(ε,x)=nan | t=nans
   469 | base=0.888460 | val=0.463119 | acc1=0.8470 | Wμ=0.997 | Aμ=0.999 | Wmax=1.000 | LR=1.2228e-11 | ‖g‖=nan | satA=nan | satW=nan | εμ=nan | εvar=nan | corr(ε,x)=nan | t=nans
   471 | base=0.796941 | val=0.460308 | acc1=0.8489 | Wμ=0.997 | Aμ=0.999 | Wmax=1.000 | LR=1.0524e-11 | ‖g‖=nan | satA=nan | satW=nan | εμ=nan | εvar=nan | corr(ε,x)=nan | t=nans
   473 | base=0.780656 | val=0.469373 | acc1=0.8469 | Wμ=0.997 | Aμ=0.999 | Wmax=1.000 | LR=9.0567e-12 | ‖g‖=nan | satA=nan | satW=nan | εμ=nan | εvar=nan | corr(ε,x)=nan | t=nans
   475 | base=0.858005 | val=0.457775 | acc1=0.8503 | Wμ=0.997 | Aμ=0.999 | Wmax=1.000 | LR=7.7943e-12 | ‖g‖=nan | satA=nan | satW=nan | εμ=nan | εvar=nan | corr(ε,x)=nan | t=nans
   477 | base=0.839268 | val=0.458151 | acc1=0.8485 | Wμ=0.997 | Aμ=0.999 | Wmax=1.000 | LR=6.7078e-12 | ‖g‖=nan | satA=nan | satW=nan | εμ=nan | εvar=nan | corr(ε,x)=nan | t=nans
   479 | base=0.882509 | val=0.461233 | acc1=0.8460 | Wμ=0.997 | Aμ=0.999 | Wmax=1.000 | LR=5.7728e-12 | ‖g‖=nan | satA=nan | satW=nan | εμ=nan | εvar=nan | corr(ε,x)=nan | t=nans
   481 | base=0.830697 | val=0.456625 | acc1=0.8539 | Wμ=0.997 | Aμ=0.999 | Wmax=1.000 | LR=4.9682e-12 | ‖g‖=nan | satA=nan | satW=nan | εμ=nan | εvar=nan | corr(ε,x)=nan | t=nans
   483 | base=0.867532 | val=0.457988 | acc1=0.8486 | Wμ=0.997 | Aμ=0.999 | Wmax=1.000 | LR=4.2757e-12 | ‖g‖=nan | satA=nan | satW=nan | εμ=nan | εvar=nan | corr(ε,x)=nan | t=nans
   485 | base=0.872488 | val=0.462175 | acc1=0.8495 | Wμ=0.997 | Aμ=0.999 | Wmax=1.000 | LR=3.6797e-12 | ‖g‖=nan | satA=nan | satW=nan | εμ=nan | εvar=nan | corr(ε,x)=nan | t=nans
   487 | base=0.806774 | val=0.452710 | acc1=0.8525 | Wμ=0.997 | Aμ=0.999 | Wmax=1.000 | LR=3.1668e-12 | ‖g‖=nan | satA=nan | satW=nan | εμ=nan | εvar=nan | corr(ε,x)=nan | t=nans
   489 | base=0.840753 | val=0.452427 | acc1=0.8532 | Wμ=0.997 | Aμ=0.999 | Wmax=1.000 | LR=2.7254e-12 | ‖g‖=nan | satA=nan | satW=nan | εμ=nan | εvar=nan | corr(ε,x)=nan | t=nans
   491 | base=0.887096 | val=0.462378 | acc1=0.8481 | Wμ=0.997 | Aμ=0.999 | Wmax=1.000 | LR=2.3455e-12 | ‖g‖=nan | satA=nan | satW=nan | εμ=nan | εvar=nan | corr(ε,x)=nan | t=nans
   493 | base=0.779926 | val=0.457864 | acc1=0.8503 | Wμ=0.997 | Aμ=0.999 | Wmax=1.000 | LR=2.0185e-12 | ‖g‖=nan | satA=nan | satW=nan | εμ=nan | εvar=nan | corr(ε,x)=nan | t=nans
   495 | base=0.756665 | val=0.459076 | acc1=0.8482 | Wμ=0.997 | Aμ=0.999 | Wmax=1.000 | LR=1.7372e-12 | ‖g‖=nan | satA=nan | satW=nan | εμ=nan | εvar=nan | corr(ε,x)=nan | t=nans
   497 | base=0.832752 | val=0.467727 | acc1=0.8462 | Wμ=0.997 | Aμ=0.999 | Wmax=1.000 | LR=1.495e-12 | ‖g‖=nan | satA=nan | satW=nan | εμ=nan | εvar=nan | corr(ε,x)=nan | t=nans
   499 | base=0.865047 | val=0.464316 | acc1=0.8477 | Wμ=0.997 | Aμ=0.999 | Wmax=1.000 | LR=1.2866e-12 | ‖g‖=nan | satA=nan | satW=nan | εμ=nan | εvar=nan | corr(ε,x)=nan | t=nans
   501 | base=0.842739 | val=0.465596 | acc1=0.8505 | Wμ=0.997 | Aμ=0.999 | Wmax=1.000 | LR=1.1073e-12 | ‖g‖=nan | satA=nan | satW=nan | εμ=nan | εvar=nan | corr(ε,x)=nan | t=nans
   503 | base=0.814914 | val=0.465167 | acc1=0.8501 | Wμ=0.997 | Aμ=0.999 | Wmax=1.000 | LR=9.5295e-13 | ‖g‖=nan | satA=nan | satW=nan | εμ=nan | εvar=nan | corr(ε,x)=nan | t=nans
   505 | base=0.853557 | val=0.457256 | acc1=0.8488 | Wμ=0.997 | Aμ=0.999 | Wmax=1.000 | LR=8.2012e-13 | ‖g‖=nan | satA=nan | satW=nan | εμ=nan | εvar=nan | corr(ε,x)=nan | t=nans
   507 | base=0.842527 | val=0.455195 | acc1=0.8508 | Wμ=0.997 | Aμ=0.999 | Wmax=1.000 | LR=7.0581e-13 | ‖g‖=nan | satA=nan | satW=nan | εμ=nan | εvar=nan | corr(ε,x)=nan | t=nans
   509 | base=0.872979 | val=0.460761 | acc1=0.8505 | Wμ=0.997 | Aμ=0.999 | Wmax=1.000 | LR=6.0742e-13 | ‖g‖=nan | satA=nan | satW=nan | εμ=nan | εvar=nan | corr(ε,x)=nan | t=nans
   511 | base=0.807229 | val=0.461513 | acc1=0.8495 | Wμ=0.997 | Aμ=0.999 | Wmax=1.000 | LR=5.2276e-13 | ‖g‖=nan | satA=nan | satW=nan | εμ=nan | εvar=nan | corr(ε,x)=nan | t=nans
   513 | base=0.861860 | val=0.458947 | acc1=0.8497 | Wμ=0.997 | Aμ=0.999 | Wmax=1.000 | LR=4.4989e-13 | ‖g‖=nan | satA=nan | satW=nan | εμ=nan | εvar=nan | corr(ε,x)=nan | t=nans
   515 | base=0.875344 | val=0.464768 | acc1=0.8489 | Wμ=0.997 | Aμ=0.999 | Wmax=1.000 | LR=3.8718e-13 | ‖g‖=nan | satA=nan | satW=nan | εμ=nan | εvar=nan | corr(ε,x)=nan | t=nans
   517 | base=0.827708 | val=0.458335 | acc1=0.8487 | Wμ=0.997 | Aμ=0.999 | Wmax=1.000 | LR=3.3321e-13 | ‖g‖=nan | satA=nan | satW=nan | εμ=nan | εvar=nan | corr(ε,x)=nan | t=nans
   519 | base=0.854827 | val=0.467411 | acc1=0.8484 | Wμ=0.997 | Aμ=0.999 | Wmax=1.000 | LR=2.8677e-13 | ‖g‖=nan | satA=nan | satW=nan | εμ=nan | εvar=nan | corr(ε,x)=nan | t=nans
   521 | base=0.808334 | val=0.460170 | acc1=0.8495 | Wμ=0.997 | Aμ=0.999 | Wmax=1.000 | LR=2.4679e-13 | ‖g‖=nan | satA=nan | satW=nan | εμ=nan | εvar=nan | corr(ε,x)=nan | t=nans
   523 | base=0.795357 | val=0.463228 | acc1=0.8481 | Wμ=0.997 | Aμ=0.999 | Wmax=1.000 | LR=2.1239e-13 | ‖g‖=nan | satA=nan | satW=nan | εμ=nan | εvar=nan | corr(ε,x)=nan | t=nans
   525 | base=0.808333 | val=0.455668 | acc1=0.8515 | Wμ=0.997 | Aμ=0.999 | Wmax=1.000 | LR=1.8279e-13 | ‖g‖=nan | satA=nan | satW=nan | εμ=nan | εvar=nan | corr(ε,x)=nan | t=nans
   527 | base=0.795094 | val=0.459482 | acc1=0.8491 | Wμ=0.997 | Aμ=0.999 | Wmax=1.000 | LR=1.5731e-13 | ‖g‖=nan | satA=nan | satW=nan | εμ=nan | εvar=nan | corr(ε,x)=nan | t=nans
   529 | base=0.860523 | val=0.455389 | acc1=0.8495 | Wμ=0.997 | Aμ=0.999 | Wmax=1.000 | LR=1.3538e-13 | ‖g‖=nan | satA=nan | satW=nan | εμ=nan | εvar=nan | corr(ε,x)=nan | t=nans
   531 | base=0.834049 | val=0.456977 | acc1=0.8516 | Wμ=0.997 | Aμ=0.999 | Wmax=1.000 | LR=1.1651e-13 | ‖g‖=nan | satA=nan | satW=nan | εμ=nan | εvar=nan | corr(ε,x)=nan | t=nans
   533 | base=0.852958 | val=0.460525 | acc1=0.8495 | Wμ=0.997 | Aμ=0.999 | Wmax=1.000 | LR=1.0027e-13 | ‖g‖=nan | satA=nan | satW=nan | εμ=nan | εvar=nan | corr(ε,x)=nan | t=nans
   535 | base=0.813380 | val=0.462020 | acc1=0.8508 | Wμ=0.997 | Aμ=0.999 | Wmax=1.000 | LR=8.6294e-14 | ‖g‖=nan | satA=nan | satW=nan | εμ=nan | εvar=nan | corr(ε,x)=nan | t=nans
   537 | base=0.817619 | val=0.463840 | acc1=0.8528 | Wμ=0.997 | Aμ=0.999 | Wmax=1.000 | LR=7.4266e-14 | ‖g‖=nan | satA=nan | satW=nan | εμ=nan | εvar=nan | corr(ε,x)=nan | t=nans
   539 | base=0.871163 | val=0.459389 | acc1=0.8512 | Wμ=0.997 | Aμ=0.999 | Wmax=1.000 | LR=6.3914e-14 | ‖g‖=nan | satA=nan | satW=nan | εμ=nan | εvar=nan | corr(ε,x)=nan | t=nans
   541 | base=0.907289 | val=0.451467 | acc1=0.8522 | Wμ=0.997 | Aμ=0.999 | Wmax=1.000 | LR=5.5005e-14 | ‖g‖=nan | satA=nan | satW=nan | εμ=nan | εvar=nan | corr(ε,x)=nan | t=nans
   543 | base=0.797526 | val=0.455330 | acc1=0.8492 | Wμ=0.997 | Aμ=0.999 | Wmax=1.000 | LR=4.7338e-14 | ‖g‖=nan | satA=nan | satW=nan | εμ=nan | εvar=nan | corr(ε,x)=nan | t=nans
   545 | base=0.855830 | val=0.459598 | acc1=0.8499 | Wμ=0.997 | Aμ=0.999 | Wmax=1.000 | LR=4.074e-14 | ‖g‖=nan | satA=nan | satW=nan | εμ=nan | εvar=nan | corr(ε,x)=nan | t=nans
   547 | base=0.829303 | val=0.466381 | acc1=0.8490 | Wμ=0.997 | Aμ=0.999 | Wmax=1.000 | LR=3.5061e-14 | ‖g‖=nan | satA=nan | satW=nan | εμ=nan | εvar=nan | corr(ε,x)=nan | t=nans
   549 | base=0.853515 | val=0.461677 | acc1=0.8477 | Wμ=0.997 | Aμ=0.999 | Wmax=1.000 | LR=3.0174e-14 | ‖g‖=nan | satA=nan | satW=nan | εμ=nan | εvar=nan | corr(ε,x)=nan | t=nans
   551 | base=0.831713 | val=0.462849 | acc1=0.8495 | Wμ=0.997 | Aμ=0.999 | Wmax=1.000 | LR=2.5968e-14 | ‖g‖=nan | satA=nan | satW=nan | εμ=nan | εvar=nan | corr(ε,x)=nan | t=nans
   553 | base=0.806414 | val=0.453669 | acc1=0.8513 | Wμ=0.997 | Aμ=0.999 | Wmax=1.000 | LR=2.2348e-14 | ‖g‖=nan | satA=nan | satW=nan | εμ=nan | εvar=nan | corr(ε,x)=nan | t=nans
   555 | base=0.788254 | val=0.463206 | acc1=0.8477 | Wμ=0.997 | Aμ=0.999 | Wmax=1.000 | LR=1.9233e-14 | ‖g‖=nan | satA=nan | satW=nan | εμ=nan | εvar=nan | corr(ε,x)=nan | t=nans
   557 | base=0.799576 | val=0.465198 | acc1=0.8471 | Wμ=0.997 | Aμ=0.999 | Wmax=1.000 | LR=1.6552e-14 | ‖g‖=nan | satA=nan | satW=nan | εμ=nan | εvar=nan | corr(ε,x)=nan | t=nans
   559 | base=0.837089 | val=0.459437 | acc1=0.8499 | Wμ=0.997 | Aμ=0.999 | Wmax=1.000 | LR=1.4245e-14 | ‖g‖=nan | satA=nan | satW=nan | εμ=nan | εvar=nan | corr(ε,x)=nan | t=nans
   561 | base=0.768633 | val=0.456230 | acc1=0.8492 | Wμ=0.997 | Aμ=0.999 | Wmax=1.000 | LR=1.2259e-14 | ‖g‖=nan | satA=nan | satW=nan | εμ=nan | εvar=nan | corr(ε,x)=nan | t=nans
   563 | base=0.756695 | val=0.465494 | acc1=0.8484 | Wμ=0.997 | Aμ=0.999 | Wmax=1.000 | LR=1.0551e-14 | ‖g‖=nan | satA=nan | satW=nan | εμ=nan | εvar=nan | corr(ε,x)=nan | t=nans
   565 | base=0.907789 | val=0.460353 | acc1=0.8474 | Wμ=0.997 | Aμ=0.999 | Wmax=1.000 | LR=9.08e-15 | ‖g‖=nan | satA=nan | satW=nan | εμ=nan | εvar=nan | corr(ε,x)=nan | t=nans
   567 | base=0.874581 | val=0.462722 | acc1=0.8490 | Wμ=0.997 | Aμ=0.999 | Wmax=1.000 | LR=7.8144e-15 | ‖g‖=nan | satA=nan | satW=nan | εμ=nan | εvar=nan | corr(ε,x)=nan | t=nans
   569 | base=0.832014 | val=0.456867 | acc1=0.8471 | Wμ=0.997 | Aμ=0.999 | Wmax=1.000 | LR=6.7251e-15 | ‖g‖=nan | satA=nan | satW=nan | εμ=nan | εvar=nan | corr(ε,x)=nan | t=nans
   571 | base=0.816869 | val=0.464808 | acc1=0.8488 | Wμ=0.997 | Aμ=0.999 | Wmax=1.000 | LR=5.7877e-15 | ‖g‖=nan | satA=nan | satW=nan | εμ=nan | εvar=nan | corr(ε,x)=nan | t=nans
   573 | base=0.885197 | val=0.449571 | acc1=0.8518 | Wμ=0.997 | Aμ=0.999 | Wmax=1.000 | LR=4.981e-15 | ‖g‖=nan | satA=nan | satW=nan | εμ=nan | εvar=nan | corr(ε,x)=nan | t=nans
   575 | base=0.837927 | val=0.468756 | acc1=0.8463 | Wμ=0.997 | Aμ=0.999 | Wmax=1.000 | LR=4.2867e-15 | ‖g‖=nan | satA=nan | satW=nan | εμ=nan | εvar=nan | corr(ε,x)=nan | t=nans
   577 | base=0.843053 | val=0.464645 | acc1=0.8520 | Wμ=0.997 | Aμ=0.999 | Wmax=1.000 | LR=3.6892e-15 | ‖g‖=nan | satA=nan | satW=nan | εμ=nan | εvar=nan | corr(ε,x)=nan | t=nans
   579 | base=0.834245 | val=0.452781 | acc1=0.8514 | Wμ=0.997 | Aμ=0.999 | Wmax=1.000 | LR=3.1749e-15 | ‖g‖=nan | satA=nan | satW=nan | εμ=nan | εvar=nan | corr(ε,x)=nan | t=nans
   581 | base=0.844184 | val=0.452471 | acc1=0.8513 | Wμ=0.997 | Aμ=0.999 | Wmax=1.000 | LR=2.7324e-15 | ‖g‖=nan | satA=nan | satW=nan | εμ=nan | εvar=nan | corr(ε,x)=nan | t=nans
