     0 | base=nan | val=0.236715 | acc1=nan | Wμ=nan | Aμ=nan | Wmax=nan | LR=nan | ‖g‖=nan | satA=nan | satW=nan | εμ=nan | εvar=nan | corr(ε,x)=nan | t=nans
     0 | base=nan | val=0.236732 | acc1=0.9282 | Wμ=11.186 | Aμ=20.000 | Wmax=12.916 | LR=nan | ‖g‖=nan | satA=nan | satW=nan | εμ=nan | εvar=nan | corr(ε,x)=nan | t=nans
     0 | base=nan | val=0.236786 | acc1=0.9281 | Wμ=9.786 | Aμ=20.000 | Wmax=10.000 | LR=nan | ‖g‖=nan | satA=nan | satW=nan | εμ=nan | εvar=nan | corr(ε,x)=nan | t=nans
     0 | base=nan | val=0.236878 | acc1=0.9281 | Wμ=9.786 | Aμ=10.000 | Wmax=10.000 | LR=nan | ‖g‖=nan | satA=nan | satW=nan | εμ=nan | εvar=nan | corr(ε,x)=nan | t=nans
# epoch | BaseLoss | ValLoss | Acc@1 | MeanWBits | MeanABits | MaxWBits | MaxABits | LR | GradNorm | WSat | ASat | NoiseMean | NoiseVar | NoiseCorr | Temp | EpochTime(s)
     0 | base=nan | val=0.213726 | acc1=0.9335 | Wμ=9.786 | Aμ=10.000 | Wmax=10.000 | LR=nan | ‖g‖=nan | satA=nan | satW=nan | εμ=nan | εvar=nan | corr(ε,x)=nan | t=nans
     1 | base=0.003520 | val=0.236569 | acc1=0.9274 | Wμ=9.786 | Aμ=10.000 | Wmax=10.003 | LR=0.000198 | ‖g‖=nan | satA=nan | satW=nan | εμ=nan | εvar=nan | corr(ε,x)=nan | t=nans
     3 | base=0.003499 | val=0.238226 | acc1=0.9271 | Wμ=9.786 | Aμ=10.003 | Wmax=10.007 | LR=0.000398 | ‖g‖=nan | satA=nan | satW=nan | εμ=nan | εvar=nan | corr(ε,x)=nan | t=nans
     5 | base=0.003420 | val=0.238138 | acc1=0.9265 | Wμ=9.786 | Aμ=10.009 | Wmax=10.014 | LR=0.000598 | ‖g‖=nan | satA=nan | satW=nan | εμ=nan | εvar=nan | corr(ε,x)=nan | t=nans
     7 | base=0.004275 | val=0.239503 | acc1=0.9264 | Wμ=9.787 | Aμ=10.016 | Wmax=10.028 | LR=0.000798 | ‖g‖=nan | satA=nan | satW=nan | εμ=nan | εvar=nan | corr(ε,x)=nan | t=nans
     9 | base=0.007221 | val=0.241453 | acc1=0.9254 | Wμ=9.789 | Aμ=10.026 | Wmax=10.040 | LR=0.000998 | ‖g‖=nan | satA=nan | satW=nan | εμ=nan | εvar=nan | corr(ε,x)=nan | t=nans
    11 | base=0.016451 | val=0.243976 | acc1=0.9237 | Wμ=9.793 | Aμ=10.035 | Wmax=10.074 | LR=0.001198 | ‖g‖=nan | satA=nan | satW=nan | εμ=nan | εvar=nan | corr(ε,x)=nan | t=nans
    13 | base=0.026847 | val=0.255531 | acc1=0.9185 | Wμ=9.800 | Aμ=10.049 | Wmax=10.128 | LR=0.001398 | ‖g‖=nan | satA=nan | satW=nan | εμ=nan | εvar=nan | corr(ε,x)=nan | t=nans
    15 | base=0.023974 | val=0.252197 | acc1=0.9222 | Wμ=9.809 | Aμ=10.059 | Wmax=10.143 | LR=0.001598 | ‖g‖=nan | satA=nan | satW=nan | εμ=nan | εvar=nan | corr(ε,x)=nan | t=nans
    17 | base=0.037203 | val=0.267935 | acc1=0.9159 | Wμ=9.824 | Aμ=10.063 | Wmax=10.223 | LR=0.001798 | ‖g‖=nan | satA=nan | satW=nan | εμ=nan | εvar=nan | corr(ε,x)=nan | t=nans
    19 | base=0.043522 | val=0.262971 | acc1=0.9188 | Wμ=9.841 | Aμ=10.074 | Wmax=10.259 | LR=0.001998 | ‖g‖=nan | satA=nan | satW=nan | εμ=nan | εvar=nan | corr(ε,x)=nan | t=nans
    21 | base=0.037473 | val=0.271787 | acc1=0.9124 | Wμ=9.594 | Aμ=9.842 | Wmax=9.959 | LR=0.002 | ‖g‖=nan | satA=nan | satW=nan | εμ=nan | εvar=nan | corr(ε,x)=nan | t=nans
    23 | base=0.052493 | val=0.276319 | acc1=0.9140 | Wμ=9.078 | Aμ=9.530 | Wmax=9.646 | LR=0.002 | ‖g‖=nan | satA=nan | satW=nan | εμ=nan | εvar=nan | corr(ε,x)=nan | t=nans
    25 | base=0.046703 | val=0.270090 | acc1=0.9127 | Wμ=8.604 | Aμ=9.216 | Wmax=9.262 | LR=0.002 | ‖g‖=nan | satA=nan | satW=nan | εμ=nan | εvar=nan | corr(ε,x)=nan | t=nans
    27 | base=0.036106 | val=0.262514 | acc1=0.9165 | Wμ=8.154 | Aμ=8.868 | Wmax=8.904 | LR=0.002 | ‖g‖=nan | satA=nan | satW=nan | εμ=nan | εvar=nan | corr(ε,x)=nan | t=nans
    29 | base=0.033342 | val=0.267452 | acc1=0.9179 | Wμ=7.721 | Aμ=8.513 | Wmax=8.539 | LR=0.002 | ‖g‖=nan | satA=nan | satW=nan | εμ=nan | εvar=nan | corr(ε,x)=nan | t=nans
    31 | base=0.040562 | val=0.253584 | acc1=0.9195 | Wμ=7.300 | Aμ=8.164 | Wmax=8.214 | LR=0.002 | ‖g‖=nan | satA=nan | satW=nan | εμ=nan | εvar=nan | corr(ε,x)=nan | t=nans
    33 | base=0.045161 | val=0.257193 | acc1=0.9189 | Wμ=6.903 | Aμ=7.834 | Wmax=7.877 | LR=0.002 | ‖g‖=nan | satA=nan | satW=nan | εμ=nan | εvar=nan | corr(ε,x)=nan | t=nans
    35 | base=0.047997 | val=0.255323 | acc1=0.9193 | Wμ=6.516 | Aμ=7.498 | Wmax=7.547 | LR=0.002 | ‖g‖=nan | satA=nan | satW=nan | εμ=nan | εvar=nan | corr(ε,x)=nan | t=nans
    37 | base=0.047152 | val=0.258219 | acc1=0.9196 | Wμ=6.132 | Aμ=7.188 | Wmax=7.219 | LR=0.002 | ‖g‖=nan | satA=nan | satW=nan | εμ=nan | εvar=nan | corr(ε,x)=nan | t=nans
    39 | base=0.048292 | val=0.256711 | acc1=0.9191 | Wμ=5.759 | Aμ=6.906 | Wmax=6.907 | LR=0.002 | ‖g‖=nan | satA=nan | satW=nan | εμ=nan | εvar=nan | corr(ε,x)=nan | t=nans
    41 | base=0.061375 | val=0.261191 | acc1=0.9195 | Wμ=5.403 | Aμ=6.634 | Wmax=6.600 | LR=0.002 | ‖g‖=nan | satA=nan | satW=nan | εμ=nan | εvar=nan | corr(ε,x)=nan | t=nans
    43 | base=0.055254 | val=0.286211 | acc1=0.9124 | Wμ=5.048 | Aμ=6.398 | Wmax=6.267 | LR=0.002 | ‖g‖=nan | satA=nan | satW=nan | εμ=nan | εvar=nan | corr(ε,x)=nan | t=nans
    45 | base=0.065079 | val=0.267196 | acc1=0.9165 | Wμ=4.695 | Aμ=6.166 | Wmax=5.977 | LR=0.002 | ‖g‖=nan | satA=nan | satW=nan | εμ=nan | εvar=nan | corr(ε,x)=nan | t=nans
    47 | base=0.064730 | val=0.281422 | acc1=0.9114 | Wμ=4.364 | Aμ=5.970 | Wmax=5.700 | LR=0.002 | ‖g‖=nan | satA=nan | satW=nan | εμ=nan | εvar=nan | corr(ε,x)=nan | t=nans
    49 | base=0.084445 | val=0.311989 | acc1=0.9042 | Wμ=4.037 | Aμ=5.783 | Wmax=5.459 | LR=0.002 | ‖g‖=nan | satA=nan | satW=nan | εμ=nan | εvar=nan | corr(ε,x)=nan | t=nans
    51 | base=0.079061 | val=0.285334 | acc1=0.9114 | Wμ=3.717 | Aμ=5.625 | Wmax=5.170 | LR=0.002 | ‖g‖=nan | satA=nan | satW=nan | εμ=nan | εvar=nan | corr(ε,x)=nan | t=nans
    53 | base=0.100024 | val=0.289554 | acc1=0.9112 | Wμ=3.413 | Aμ=5.467 | Wmax=4.858 | LR=0.002 | ‖g‖=nan | satA=nan | satW=nan | εμ=nan | εvar=nan | corr(ε,x)=nan | t=nans
    55 | base=0.091865 | val=0.312513 | acc1=0.9010 | Wμ=3.130 | Aμ=5.353 | Wmax=4.700 | LR=0.002 | ‖g‖=nan | satA=nan | satW=nan | εμ=nan | εvar=nan | corr(ε,x)=nan | t=nans
    57 | base=0.133705 | val=0.325113 | acc1=0.8995 | Wμ=2.878 | Aμ=5.260 | Wmax=4.459 | LR=0.002 | ‖g‖=nan | satA=nan | satW=nan | εμ=nan | εvar=nan | corr(ε,x)=nan | t=nans
    59 | base=0.124119 | val=0.317915 | acc1=0.9019 | Wμ=2.631 | Aμ=5.146 | Wmax=4.248 | LR=0.002 | ‖g‖=nan | satA=nan | satW=nan | εμ=nan | εvar=nan | corr(ε,x)=nan | t=nans
    61 | base=0.158718 | val=0.329641 | acc1=0.8962 | Wμ=2.411 | Aμ=5.043 | Wmax=4.087 | LR=0.002 | ‖g‖=nan | satA=nan | satW=nan | εμ=nan | εvar=nan | corr(ε,x)=nan | t=nans
    63 | base=0.186796 | val=0.316561 | acc1=0.9026 | Wμ=2.229 | Aμ=4.952 | Wmax=3.907 | LR=0.002 | ‖g‖=nan | satA=nan | satW=nan | εμ=nan | εvar=nan | corr(ε,x)=nan | t=nans
    65 | base=0.216864 | val=0.346082 | acc1=0.8937 | Wμ=2.074 | Aμ=4.872 | Wmax=3.700 | LR=0.002 | ‖g‖=nan | satA=nan | satW=nan | εμ=nan | εvar=nan | corr(ε,x)=nan | t=nans
    67 | base=0.218280 | val=0.374155 | acc1=0.8848 | Wμ=1.934 | Aμ=4.804 | Wmax=3.585 | LR=0.002 | ‖g‖=nan | satA=nan | satW=nan | εμ=nan | εvar=nan | corr(ε,x)=nan | t=nans
    69 | base=0.261639 | val=0.511949 | acc1=0.8426 | Wμ=1.828 | Aμ=4.713 | Wmax=3.585 | LR=0.002 | ‖g‖=nan | satA=nan | satW=nan | εμ=nan | εvar=nan | corr(ε,x)=nan | t=nans
    71 | base=0.275914 | val=0.479075 | acc1=0.8501 | Wμ=1.732 | Aμ=4.636 | Wmax=3.459 | LR=0.002 | ‖g‖=nan | satA=nan | satW=nan | εμ=nan | εvar=nan | corr(ε,x)=nan | t=nans
    73 | base=0.353758 | val=0.704332 | acc1=0.8047 | Wμ=1.647 | Aμ=4.540 | Wmax=3.322 | LR=0.002 | ‖g‖=nan | satA=nan | satW=nan | εμ=nan | εvar=nan | corr(ε,x)=nan | t=nans
    75 | base=0.322279 | val=0.605725 | acc1=0.8110 | Wμ=1.579 | Aμ=4.429 | Wmax=3.170 | LR=0.002 | ‖g‖=nan | satA=nan | satW=nan | εμ=nan | εvar=nan | corr(ε,x)=nan | t=nans
    77 | base=0.306458 | val=0.516071 | acc1=0.8392 | Wμ=1.520 | Aμ=4.338 | Wmax=3.170 | LR=0.002 | ‖g‖=nan | satA=nan | satW=nan | εμ=nan | εvar=nan | corr(ε,x)=nan | t=nans
    79 | base=0.410464 | val=0.613440 | acc1=0.8175 | Wμ=1.472 | Aμ=4.251 | Wmax=3.000 | LR=0.002 | ‖g‖=nan | satA=nan | satW=nan | εμ=nan | εvar=nan | corr(ε,x)=nan | t=nans
    81 | base=0.384200 | val=0.775420 | acc1=0.7556 | Wμ=1.428 | Aμ=4.142 | Wmax=3.000 | LR=0.002 | ‖g‖=nan | satA=nan | satW=nan | εμ=nan | εvar=nan | corr(ε,x)=nan | t=nans
    83 | base=0.420945 | val=1.872951 | acc1=0.5869 | Wμ=1.388 | Aμ=4.041 | Wmax=2.807 | LR=0.002 | ‖g‖=nan | satA=nan | satW=nan | εμ=nan | εvar=nan | corr(ε,x)=nan | t=nans
    85 | base=0.442304 | val=1.550185 | acc1=0.6422 | Wμ=1.349 | Aμ=3.936 | Wmax=2.807 | LR=0.002 | ‖g‖=nan | satA=nan | satW=nan | εμ=nan | εvar=nan | corr(ε,x)=nan | t=nans
    87 | base=0.492825 | val=0.936462 | acc1=0.7313 | Wμ=1.310 | Aμ=3.812 | Wmax=2.585 | LR=0.002 | ‖g‖=nan | satA=nan | satW=nan | εμ=nan | εvar=nan | corr(ε,x)=nan | t=nans
    89 | base=0.470682 | val=0.652037 | acc1=0.7947 | Wμ=1.276 | Aμ=3.696 | Wmax=2.585 | LR=0.002 | ‖g‖=nan | satA=nan | satW=nan | εμ=nan | εvar=nan | corr(ε,x)=nan | t=nans
    91 | base=0.501657 | val=2.070969 | acc1=0.5078 | Wμ=1.246 | Aμ=3.606 | Wmax=2.585 | LR=0.002 | ‖g‖=nan | satA=nan | satW=nan | εμ=nan | εvar=nan | corr(ε,x)=nan | t=nans
    93 | base=0.532551 | val=0.911383 | acc1=0.7079 | Wμ=1.216 | Aμ=3.497 | Wmax=2.322 | LR=0.002 | ‖g‖=nan | satA=nan | satW=nan | εμ=nan | εvar=nan | corr(ε,x)=nan | t=nans
    95 | base=0.531888 | val=0.631813 | acc1=0.8103 | Wμ=1.189 | Aμ=3.371 | Wmax=2.322 | LR=0.002 | ‖g‖=nan | satA=nan | satW=nan | εμ=nan | εvar=nan | corr(ε,x)=nan | t=nans
    97 | base=0.605225 | val=1.498310 | acc1=0.6192 | Wμ=1.162 | Aμ=3.270 | Wmax=2.322 | LR=0.002 | ‖g‖=nan | satA=nan | satW=nan | εμ=nan | εvar=nan | corr(ε,x)=nan | t=nans
    99 | base=0.500707 | val=0.808627 | acc1=0.7643 | Wμ=1.139 | Aμ=3.128 | Wmax=2.322 | LR=0.002 | ‖g‖=nan | satA=nan | satW=nan | εμ=nan | εvar=nan | corr(ε,x)=nan | t=nans
   101 | base=0.540858 | val=0.680116 | acc1=0.7824 | Wμ=1.118 | Aμ=2.998 | Wmax=2.000 | LR=0.002 | ‖g‖=nan | satA=nan | satW=nan | εμ=nan | εvar=nan | corr(ε,x)=nan | t=nans
   103 | base=0.479770 | val=1.040069 | acc1=0.6785 | Wμ=1.101 | Aμ=2.898 | Wmax=2.000 | LR=0.002 | ‖g‖=nan | satA=nan | satW=nan | εμ=nan | εvar=nan | corr(ε,x)=nan | t=nans
   105 | base=0.601399 | val=0.801353 | acc1=0.7560 | Wμ=1.085 | Aμ=2.789 | Wmax=2.000 | LR=0.002 | ‖g‖=nan | satA=nan | satW=nan | εμ=nan | εvar=nan | corr(ε,x)=nan | t=nans
   107 | base=0.531044 | val=0.699643 | acc1=0.7766 | Wμ=1.070 | Aμ=2.683 | Wmax=2.000 | LR=0.002 | ‖g‖=nan | satA=nan | satW=nan | εμ=nan | εvar=nan | corr(ε,x)=nan | t=nans
   109 | base=0.550577 | val=0.632358 | acc1=0.8050 | Wμ=1.058 | Aμ=2.642 | Wmax=2.000 | LR=0.002 | ‖g‖=nan | satA=nan | satW=nan | εμ=nan | εvar=nan | corr(ε,x)=nan | t=nans
   111 | base=0.555163 | val=0.685751 | acc1=0.7857 | Wμ=1.046 | Aμ=2.514 | Wmax=2.000 | LR=0.002 | ‖g‖=nan | satA=nan | satW=nan | εμ=nan | εvar=nan | corr(ε,x)=nan | t=nans
   113 | base=0.549054 | val=0.838163 | acc1=0.7459 | Wμ=1.037 | Aμ=2.442 | Wmax=2.000 | LR=0.002 | ‖g‖=nan | satA=nan | satW=nan | εμ=nan | εvar=nan | corr(ε,x)=nan | t=nans
   115 | base=0.569550 | val=1.367236 | acc1=0.6102 | Wμ=1.030 | Aμ=2.335 | Wmax=2.000 | LR=0.002 | ‖g‖=nan | satA=nan | satW=nan | εμ=nan | εvar=nan | corr(ε,x)=nan | t=nans
   117 | base=0.703663 | val=1.317423 | acc1=0.6426 | Wμ=1.026 | Aμ=2.283 | Wmax=2.000 | LR=0.002 | ‖g‖=nan | satA=nan | satW=nan | εμ=nan | εvar=nan | corr(ε,x)=nan | t=nans
   119 | base=0.606034 | val=0.674053 | acc1=0.7830 | Wμ=1.022 | Aμ=2.215 | Wmax=2.000 | LR=0.002 | ‖g‖=nan | satA=nan | satW=nan | εμ=nan | εvar=nan | corr(ε,x)=nan | t=nans
   121 | base=0.678689 | val=2.095431 | acc1=0.4536 | Wμ=1.019 | Aμ=2.130 | Wmax=2.000 | LR=0.002 | ‖g‖=nan | satA=nan | satW=nan | εμ=nan | εvar=nan | corr(ε,x)=nan | t=nans
   123 | base=0.613962 | val=0.766570 | acc1=0.7548 | Wμ=1.017 | Aμ=2.031 | Wmax=1.585 | LR=0.002 | ‖g‖=nan | satA=nan | satW=nan | εμ=nan | εvar=nan | corr(ε,x)=nan | t=nans
   125 | base=0.742072 | val=1.231723 | acc1=0.6653 | Wμ=1.014 | Aμ=1.963 | Wmax=1.585 | LR=0.002 | ‖g‖=nan | satA=nan | satW=nan | εμ=nan | εvar=nan | corr(ε,x)=nan | t=nans
   127 | base=0.711436 | val=0.681618 | acc1=0.7787 | Wμ=1.011 | Aμ=1.914 | Wmax=1.585 | LR=0.002 | ‖g‖=nan | satA=nan | satW=nan | εμ=nan | εvar=nan | corr(ε,x)=nan | t=nans
   129 | base=0.730500 | val=0.859232 | acc1=0.7328 | Wμ=1.009 | Aμ=1.873 | Wmax=1.585 | LR=0.002 | ‖g‖=nan | satA=nan | satW=nan | εμ=nan | εvar=nan | corr(ε,x)=nan | t=nans
   131 | base=0.710745 | val=0.734825 | acc1=0.7733 | Wμ=1.006 | Aμ=1.842 | Wmax=1.585 | LR=0.002 | ‖g‖=nan | satA=nan | satW=nan | εμ=nan | εvar=nan | corr(ε,x)=nan | t=nans
   133 | base=0.782095 | val=1.513021 | acc1=0.5896 | Wμ=1.004 | Aμ=1.802 | Wmax=1.585 | LR=0.002 | ‖g‖=nan | satA=nan | satW=nan | εμ=nan | εvar=nan | corr(ε,x)=nan | t=nans
   135 | base=0.703436 | val=0.971717 | acc1=0.7324 | Wμ=1.003 | Aμ=1.763 | Wmax=1.585 | LR=0.002 | ‖g‖=nan | satA=nan | satW=nan | εμ=nan | εvar=nan | corr(ε,x)=nan | t=nans
   137 | base=0.759509 | val=0.758625 | acc1=0.7661 | Wμ=1.002 | Aμ=1.706 | Wmax=1.585 | LR=0.002 | ‖g‖=nan | satA=nan | satW=nan | εμ=nan | εvar=nan | corr(ε,x)=nan | t=nans
   139 | base=0.892349 | val=1.287335 | acc1=0.6520 | Wμ=1.001 | Aμ=1.637 | Wmax=1.585 | LR=0.002 | ‖g‖=nan | satA=nan | satW=nan | εμ=nan | εvar=nan | corr(ε,x)=nan | t=nans
   141 | base=0.884272 | val=0.805366 | acc1=0.7614 | Wμ=1.000 | Aμ=1.588 | Wmax=1.585 | LR=0.002 | ‖g‖=nan | satA=nan | satW=nan | εμ=nan | εvar=nan | corr(ε,x)=nan | t=nans
   143 | base=0.792425 | val=0.795795 | acc1=0.7627 | Wμ=0.999 | Aμ=1.544 | Wmax=1.585 | LR=0.002 | ‖g‖=nan | satA=nan | satW=nan | εμ=nan | εvar=nan | corr(ε,x)=nan | t=nans
   145 | base=0.779064 | val=0.813119 | acc1=0.7255 | Wμ=0.998 | Aμ=1.494 | Wmax=1.585 | LR=0.002 | ‖g‖=nan | satA=nan | satW=nan | εμ=nan | εvar=nan | corr(ε,x)=nan | t=nans
   147 | base=0.963084 | val=0.846206 | acc1=0.7406 | Wμ=0.997 | Aμ=1.458 | Wmax=1.585 | LR=0.002 | ‖g‖=nan | satA=nan | satW=nan | εμ=nan | εvar=nan | corr(ε,x)=nan | t=nans
   149 | base=0.910833 | val=0.891642 | acc1=0.7049 | Wμ=0.996 | Aμ=1.456 | Wmax=1.585 | LR=0.002 | ‖g‖=nan | satA=nan | satW=nan | εμ=nan | εvar=nan | corr(ε,x)=nan | t=nans
   151 | base=0.902141 | val=1.197213 | acc1=0.6404 | Wμ=0.995 | Aμ=1.455 | Wmax=1.585 | LR=0.002 | ‖g‖=nan | satA=nan | satW=nan | εμ=nan | εvar=nan | corr(ε,x)=nan | t=nans
   153 | base=0.936537 | val=0.887670 | acc1=0.7249 | Wμ=0.995 | Aμ=1.457 | Wmax=1.585 | LR=0.002 | ‖g‖=nan | satA=nan | satW=nan | εμ=nan | εvar=nan | corr(ε,x)=nan | t=nans
   155 | base=0.918065 | val=0.729040 | acc1=0.7652 | Wμ=0.994 | Aμ=1.446 | Wmax=1.585 | LR=0.002 | ‖g‖=nan | satA=nan | satW=nan | εμ=nan | εvar=nan | corr(ε,x)=nan | t=nans
   157 | base=0.881349 | val=0.765352 | acc1=0.7528 | Wμ=0.994 | Aμ=1.427 | Wmax=1.585 | LR=0.002 | ‖g‖=nan | satA=nan | satW=nan | εμ=nan | εvar=nan | corr(ε,x)=nan | t=nans
   159 | base=0.988521 | val=1.017014 | acc1=0.6651 | Wμ=0.994 | Aμ=1.392 | Wmax=1.585 | LR=0.002 | ‖g‖=nan | satA=nan | satW=nan | εμ=nan | εvar=nan | corr(ε,x)=nan | t=nans
   161 | base=0.922646 | val=0.680918 | acc1=0.7710 | Wμ=0.993 | Aμ=1.375 | Wmax=1.585 | LR=0.002 | ‖g‖=nan | satA=nan | satW=nan | εμ=nan | εvar=nan | corr(ε,x)=nan | t=nans
   163 | base=0.958696 | val=0.839465 | acc1=0.7091 | Wμ=0.993 | Aμ=1.346 | Wmax=1.000 | LR=0.002 | ‖g‖=nan | satA=nan | satW=nan | εμ=nan | εvar=nan | corr(ε,x)=nan | t=nans
   165 | base=1.006643 | val=0.799677 | acc1=0.7609 | Wμ=0.992 | Aμ=1.318 | Wmax=1.000 | LR=0.002 | ‖g‖=nan | satA=nan | satW=nan | εμ=nan | εvar=nan | corr(ε,x)=nan | t=nans
   167 | base=0.996109 | val=1.045849 | acc1=0.7154 | Wμ=0.992 | Aμ=1.311 | Wmax=1.000 | LR=0.002 | ‖g‖=nan | satA=nan | satW=nan | εμ=nan | εvar=nan | corr(ε,x)=nan | t=nans
   169 | base=0.815412 | val=0.762545 | acc1=0.7523 | Wμ=0.991 | Aμ=1.297 | Wmax=1.000 | LR=0.002 | ‖g‖=nan | satA=nan | satW=nan | εμ=nan | εvar=nan | corr(ε,x)=nan | t=nans
   171 | base=0.921160 | val=0.779135 | acc1=0.7602 | Wμ=0.991 | Aμ=1.274 | Wmax=1.000 | LR=0.002 | ‖g‖=nan | satA=nan | satW=nan | εμ=nan | εvar=nan | corr(ε,x)=nan | t=nans
   173 | base=1.124822 | val=0.832115 | acc1=0.7344 | Wμ=0.991 | Aμ=1.263 | Wmax=1.000 | LR=0.002 | ‖g‖=nan | satA=nan | satW=nan | εμ=nan | εvar=nan | corr(ε,x)=nan | t=nans
   175 | base=0.933320 | val=0.742666 | acc1=0.7600 | Wμ=0.990 | Aμ=1.243 | Wmax=1.000 | LR=0.002 | ‖g‖=nan | satA=nan | satW=nan | εμ=nan | εvar=nan | corr(ε,x)=nan | t=nans
   177 | base=0.986986 | val=0.800357 | acc1=0.7334 | Wμ=0.990 | Aμ=1.224 | Wmax=1.000 | LR=0.002 | ‖g‖=nan | satA=nan | satW=nan | εμ=nan | εvar=nan | corr(ε,x)=nan | t=nans
   179 | base=1.085901 | val=0.671802 | acc1=0.7873 | Wμ=0.990 | Aμ=1.214 | Wmax=1.000 | LR=0.002 | ‖g‖=nan | satA=nan | satW=nan | εμ=nan | εvar=nan | corr(ε,x)=nan | t=nans
   181 | base=0.965085 | val=1.180427 | acc1=0.6773 | Wμ=0.990 | Aμ=1.206 | Wmax=1.000 | LR=0.002 | ‖g‖=nan | satA=nan | satW=nan | εμ=nan | εvar=nan | corr(ε,x)=nan | t=nans
   183 | base=1.077186 | val=0.853969 | acc1=0.7264 | Wμ=0.990 | Aμ=1.171 | Wmax=1.000 | LR=0.002 | ‖g‖=nan | satA=nan | satW=nan | εμ=nan | εvar=nan | corr(ε,x)=nan | t=nans
   185 | base=1.096643 | val=0.990500 | acc1=0.7112 | Wμ=0.990 | Aμ=1.134 | Wmax=1.000 | LR=0.002 | ‖g‖=nan | satA=nan | satW=nan | εμ=nan | εvar=nan | corr(ε,x)=nan | t=nans
   187 | base=1.155453 | val=0.934762 | acc1=0.7019 | Wμ=0.990 | Aμ=1.126 | Wmax=1.000 | LR=0.002 | ‖g‖=nan | satA=nan | satW=nan | εμ=nan | εvar=nan | corr(ε,x)=nan | t=nans
   189 | base=1.030383 | val=0.662510 | acc1=0.7870 | Wμ=0.990 | Aμ=1.125 | Wmax=1.000 | LR=0.002 | ‖g‖=nan | satA=nan | satW=nan | εμ=nan | εvar=nan | corr(ε,x)=nan | t=nans
   191 | base=1.114270 | val=1.208044 | acc1=0.6037 | Wμ=0.989 | Aμ=1.123 | Wmax=1.000 | LR=0.002 | ‖g‖=nan | satA=nan | satW=nan | εμ=nan | εvar=nan | corr(ε,x)=nan | t=nans
   193 | base=1.275876 | val=1.281744 | acc1=0.6074 | Wμ=0.990 | Aμ=1.124 | Wmax=1.000 | LR=0.002 | ‖g‖=nan | satA=nan | satW=nan | εμ=nan | εvar=nan | corr(ε,x)=nan | t=nans
   195 | base=1.097118 | val=0.690866 | acc1=0.7816 | Wμ=0.990 | Aμ=1.123 | Wmax=1.000 | LR=0.0017238 | ‖g‖=nan | satA=nan | satW=nan | εμ=nan | εvar=nan | corr(ε,x)=nan | t=nans
   197 | base=1.016974 | val=1.166909 | acc1=0.6345 | Wμ=0.990 | Aμ=1.124 | Wmax=1.000 | LR=0.0017212 | ‖g‖=nan | satA=nan | satW=nan | εμ=nan | εvar=nan | corr(ε,x)=nan | t=nans
   199 | base=1.083234 | val=0.692992 | acc1=0.7805 | Wμ=0.990 | Aμ=1.122 | Wmax=1.000 | LR=0.0017212 | ‖g‖=nan | satA=nan | satW=nan | εμ=nan | εvar=nan | corr(ε,x)=nan | t=nans
   201 | base=0.930269 | val=0.668060 | acc1=0.7733 | Wμ=0.990 | Aμ=1.118 | Wmax=1.000 | LR=0.0017212 | ‖g‖=nan | satA=nan | satW=nan | εμ=nan | εvar=nan | corr(ε,x)=nan | t=nans
   203 | base=1.230361 | val=0.761600 | acc1=0.7435 | Wμ=0.990 | Aμ=1.113 | Wmax=1.000 | LR=0.0017212 | ‖g‖=nan | satA=nan | satW=nan | εμ=nan | εvar=nan | corr(ε,x)=nan | t=nans
   205 | base=1.263700 | val=0.713886 | acc1=0.7608 | Wμ=0.989 | Aμ=1.103 | Wmax=1.000 | LR=0.0017212 | ‖g‖=nan | satA=nan | satW=nan | εμ=nan | εvar=nan | corr(ε,x)=nan | t=nans
   207 | base=1.186265 | val=0.615320 | acc1=0.7990 | Wμ=0.990 | Aμ=1.096 | Wmax=1.000 | LR=0.0017212 | ‖g‖=nan | satA=nan | satW=nan | εμ=nan | εvar=nan | corr(ε,x)=nan | t=nans
   209 | base=1.239001 | val=0.659899 | acc1=0.7789 | Wμ=0.989 | Aμ=1.087 | Wmax=1.000 | LR=0.0017212 | ‖g‖=nan | satA=nan | satW=nan | εμ=nan | εvar=nan | corr(ε,x)=nan | t=nans
   211 | base=1.143934 | val=0.908953 | acc1=0.7091 | Wμ=0.990 | Aμ=1.086 | Wmax=1.000 | LR=0.0017212 | ‖g‖=nan | satA=nan | satW=nan | εμ=nan | εvar=nan | corr(ε,x)=nan | t=nans
   213 | base=1.048786 | val=0.690835 | acc1=0.7777 | Wμ=0.989 | Aμ=1.080 | Wmax=1.000 | LR=0.0017212 | ‖g‖=nan | satA=nan | satW=nan | εμ=nan | εvar=nan | corr(ε,x)=nan | t=nans
   215 | base=1.096127 | val=0.788236 | acc1=0.7537 | Wμ=0.990 | Aμ=1.073 | Wmax=1.000 | LR=0.0017212 | ‖g‖=nan | satA=nan | satW=nan | εμ=nan | εvar=nan | corr(ε,x)=nan | t=nans
   217 | base=1.169980 | val=0.953792 | acc1=0.7354 | Wμ=0.989 | Aμ=1.059 | Wmax=1.000 | LR=0.0017212 | ‖g‖=nan | satA=nan | satW=nan | εμ=nan | εvar=nan | corr(ε,x)=nan | t=nans
   219 | base=1.222979 | val=0.977755 | acc1=0.6939 | Wμ=0.989 | Aμ=1.052 | Wmax=1.000 | LR=0.0017212 | ‖g‖=nan | satA=nan | satW=nan | εμ=nan | εvar=nan | corr(ε,x)=nan | t=nans
   221 | base=1.070263 | val=0.672552 | acc1=0.7786 | Wμ=0.989 | Aμ=1.052 | Wmax=1.000 | LR=0.0014835 | ‖g‖=nan | satA=nan | satW=nan | εμ=nan | εvar=nan | corr(ε,x)=nan | t=nans
   223 | base=1.112172 | val=0.887400 | acc1=0.7188 | Wμ=0.990 | Aμ=1.049 | Wmax=1.000 | LR=0.0012767 | ‖g‖=nan | satA=nan | satW=nan | εμ=nan | εvar=nan | corr(ε,x)=nan | t=nans
   225 | base=1.138203 | val=0.729824 | acc1=0.7714 | Wμ=0.990 | Aμ=1.045 | Wmax=1.000 | LR=0.0012748 | ‖g‖=nan | satA=nan | satW=nan | εμ=nan | εvar=nan | corr(ε,x)=nan | t=nans
   227 | base=1.052022 | val=0.677546 | acc1=0.7801 | Wμ=0.990 | Aμ=1.036 | Wmax=1.000 | LR=0.0010988 | ‖g‖=nan | satA=nan | satW=nan | εμ=nan | εvar=nan | corr(ε,x)=nan | t=nans
   229 | base=1.004969 | val=0.798979 | acc1=0.7445 | Wμ=0.990 | Aμ=1.019 | Wmax=1.000 | LR=0.00094562 | ‖g‖=nan | satA=nan | satW=nan | εμ=nan | εvar=nan | corr(ε,x)=nan | t=nans
   231 | base=1.076998 | val=0.638708 | acc1=0.7941 | Wμ=0.990 | Aμ=1.001 | Wmax=1.000 | LR=0.00081381 | ‖g‖=nan | satA=nan | satW=nan | εμ=nan | εvar=nan | corr(ε,x)=nan | t=nans
   233 | base=1.016241 | val=0.748611 | acc1=0.7672 | Wμ=0.991 | Aμ=0.998 | Wmax=1.000 | LR=0.00070037 | ‖g‖=nan | satA=nan | satW=nan | εμ=nan | εvar=nan | corr(ε,x)=nan | t=nans
   235 | base=0.934632 | val=0.732047 | acc1=0.7649 | Wμ=0.991 | Aμ=0.998 | Wmax=1.000 | LR=0.00060275 | ‖g‖=nan | satA=nan | satW=nan | εμ=nan | εvar=nan | corr(ε,x)=nan | t=nans
   237 | base=1.057503 | val=0.577239 | acc1=0.8084 | Wμ=0.991 | Aμ=0.998 | Wmax=1.000 | LR=0.00051873 | ‖g‖=nan | satA=nan | satW=nan | εμ=nan | εvar=nan | corr(ε,x)=nan | t=nans
   239 | base=1.020935 | val=0.759154 | acc1=0.7516 | Wμ=0.992 | Aμ=0.999 | Wmax=1.000 | LR=0.00044643 | ‖g‖=nan | satA=nan | satW=nan | εμ=nan | εvar=nan | corr(ε,x)=nan | t=nans
   241 | base=1.002203 | val=0.587248 | acc1=0.8042 | Wμ=0.992 | Aμ=0.999 | Wmax=1.000 | LR=0.0003842 | ‖g‖=nan | satA=nan | satW=nan | εμ=nan | εvar=nan | corr(ε,x)=nan | t=nans
   243 | base=0.944705 | val=0.816101 | acc1=0.7360 | Wμ=0.992 | Aμ=0.998 | Wmax=1.000 | LR=0.00033065 | ‖g‖=nan | satA=nan | satW=nan | εμ=nan | εvar=nan | corr(ε,x)=nan | t=nans
   245 | base=1.021686 | val=0.620619 | acc1=0.7957 | Wμ=0.992 | Aμ=0.998 | Wmax=1.000 | LR=0.00028456 | ‖g‖=nan | satA=nan | satW=nan | εμ=nan | εvar=nan | corr(ε,x)=nan | t=nans
   247 | base=0.971661 | val=0.649902 | acc1=0.7848 | Wμ=0.993 | Aμ=0.999 | Wmax=1.000 | LR=0.00024489 | ‖g‖=nan | satA=nan | satW=nan | εμ=nan | εvar=nan | corr(ε,x)=nan | t=nans
   249 | base=1.024870 | val=0.700878 | acc1=0.7779 | Wμ=0.993 | Aμ=0.999 | Wmax=1.000 | LR=0.00021076 | ‖g‖=nan | satA=nan | satW=nan | εμ=nan | εvar=nan | corr(ε,x)=nan | t=nans
   251 | base=0.920174 | val=0.914363 | acc1=0.7185 | Wμ=0.993 | Aμ=0.999 | Wmax=1.000 | LR=0.00018138 | ‖g‖=nan | satA=nan | satW=nan | εμ=nan | εvar=nan | corr(ε,x)=nan | t=nans
   253 | base=0.995920 | val=0.789562 | acc1=0.7426 | Wμ=0.993 | Aμ=0.999 | Wmax=1.000 | LR=0.0001561 | ‖g‖=nan | satA=nan | satW=nan | εμ=nan | εvar=nan | corr(ε,x)=nan | t=nans
   255 | base=0.889617 | val=0.639480 | acc1=0.7960 | Wμ=0.993 | Aμ=0.999 | Wmax=1.000 | LR=0.00013434 | ‖g‖=nan | satA=nan | satW=nan | εμ=nan | εvar=nan | corr(ε,x)=nan | t=nans
   257 | base=0.913641 | val=0.616118 | acc1=0.7995 | Wμ=0.994 | Aμ=0.999 | Wmax=1.000 | LR=0.00011561 | ‖g‖=nan | satA=nan | satW=nan | εμ=nan | εvar=nan | corr(ε,x)=nan | t=nans
   259 | base=0.853910 | val=0.701341 | acc1=0.7757 | Wμ=0.994 | Aμ=0.999 | Wmax=1.000 | LR=9.9499e-05 | ‖g‖=nan | satA=nan | satW=nan | εμ=nan | εvar=nan | corr(ε,x)=nan | t=nans
   261 | base=0.919247 | val=0.568279 | acc1=0.8120 | Wμ=0.994 | Aμ=0.999 | Wmax=1.000 | LR=8.563e-05 | ‖g‖=nan | satA=nan | satW=nan | εμ=nan | εvar=nan | corr(ε,x)=nan | t=nans
   263 | base=0.945368 | val=0.886918 | acc1=0.7193 | Wμ=0.994 | Aμ=0.999 | Wmax=1.000 | LR=7.3694e-05 | ‖g‖=nan | satA=nan | satW=nan | εμ=nan | εvar=nan | corr(ε,x)=nan | t=nans
   265 | base=0.878561 | val=0.699038 | acc1=0.7798 | Wμ=0.994 | Aμ=0.999 | Wmax=1.000 | LR=6.3422e-05 | ‖g‖=nan | satA=nan | satW=nan | εμ=nan | εvar=nan | corr(ε,x)=nan | t=nans
   267 | base=0.953469 | val=0.659879 | acc1=0.7811 | Wμ=0.995 | Aμ=0.999 | Wmax=1.000 | LR=5.4582e-05 | ‖g‖=nan | satA=nan | satW=nan | εμ=nan | εvar=nan | corr(ε,x)=nan | t=nans
   269 | base=0.913906 | val=0.524474 | acc1=0.8289 | Wμ=0.995 | Aμ=0.999 | Wmax=1.000 | LR=4.6974e-05 | ‖g‖=nan | satA=nan | satW=nan | εμ=nan | εvar=nan | corr(ε,x)=nan | t=nans
   271 | base=0.943627 | val=0.624899 | acc1=0.7977 | Wμ=0.995 | Aμ=0.999 | Wmax=1.000 | LR=4.0426e-05 | ‖g‖=nan | satA=nan | satW=nan | εμ=nan | εvar=nan | corr(ε,x)=nan | t=nans
   273 | base=0.931040 | val=0.735853 | acc1=0.7693 | Wμ=0.995 | Aμ=0.999 | Wmax=1.000 | LR=3.4791e-05 | ‖g‖=nan | satA=nan | satW=nan | εμ=nan | εvar=nan | corr(ε,x)=nan | t=nans
   275 | base=0.862217 | val=0.565365 | acc1=0.8143 | Wμ=0.995 | Aμ=0.999 | Wmax=1.000 | LR=2.9942e-05 | ‖g‖=nan | satA=nan | satW=nan | εμ=nan | εvar=nan | corr(ε,x)=nan | t=nans
   277 | base=0.886342 | val=0.516591 | acc1=0.8265 | Wμ=0.995 | Aμ=0.999 | Wmax=1.000 | LR=2.5768e-05 | ‖g‖=nan | satA=nan | satW=nan | εμ=nan | εvar=nan | corr(ε,x)=nan | t=nans
   279 | base=0.885456 | val=0.559991 | acc1=0.8234 | Wμ=0.995 | Aμ=0.999 | Wmax=1.000 | LR=2.2176e-05 | ‖g‖=nan | satA=nan | satW=nan | εμ=nan | εvar=nan | corr(ε,x)=nan | t=nans
   281 | base=0.851061 | val=0.577453 | acc1=0.8113 | Wμ=0.995 | Aμ=0.999 | Wmax=1.000 | LR=1.9085e-05 | ‖g‖=nan | satA=nan | satW=nan | εμ=nan | εvar=nan | corr(ε,x)=nan | t=nans
   283 | base=0.870390 | val=0.628466 | acc1=0.7910 | Wμ=0.995 | Aμ=0.999 | Wmax=1.000 | LR=1.6425e-05 | ‖g‖=nan | satA=nan | satW=nan | εμ=nan | εvar=nan | corr(ε,x)=nan | t=nans
   285 | base=0.965538 | val=0.584249 | acc1=0.8115 | Wμ=0.995 | Aμ=0.999 | Wmax=1.000 | LR=1.4135e-05 | ‖g‖=nan | satA=nan | satW=nan | εμ=nan | εvar=nan | corr(ε,x)=nan | t=nans
   287 | base=0.967199 | val=0.518282 | acc1=0.8293 | Wμ=0.995 | Aμ=0.999 | Wmax=1.000 | LR=1.2165e-05 | ‖g‖=nan | satA=nan | satW=nan | εμ=nan | εvar=nan | corr(ε,x)=nan | t=nans
   289 | base=0.873779 | val=0.516679 | acc1=0.8314 | Wμ=0.995 | Aμ=0.999 | Wmax=1.000 | LR=1.0469e-05 | ‖g‖=nan | satA=nan | satW=nan | εμ=nan | εvar=nan | corr(ε,x)=nan | t=nans
   291 | base=0.834360 | val=0.518600 | acc1=0.8259 | Wμ=0.995 | Aμ=0.999 | Wmax=1.000 | LR=9.0101e-06 | ‖g‖=nan | satA=nan | satW=nan | εμ=nan | εvar=nan | corr(ε,x)=nan | t=nans
   293 | base=0.904000 | val=0.696151 | acc1=0.7767 | Wμ=0.995 | Aμ=0.999 | Wmax=1.000 | LR=7.7542e-06 | ‖g‖=nan | satA=nan | satW=nan | εμ=nan | εvar=nan | corr(ε,x)=nan | t=nans
   295 | base=0.842091 | val=0.666169 | acc1=0.7810 | Wμ=0.995 | Aμ=0.999 | Wmax=1.000 | LR=6.6734e-06 | ‖g‖=nan | satA=nan | satW=nan | εμ=nan | εvar=nan | corr(ε,x)=nan | t=nans
   297 | base=0.841153 | val=0.595213 | acc1=0.8065 | Wμ=0.996 | Aμ=0.999 | Wmax=1.000 | LR=5.7432e-06 | ‖g‖=nan | satA=nan | satW=nan | εμ=nan | εvar=nan | corr(ε,x)=nan | t=nans
   299 | base=0.905034 | val=0.529708 | acc1=0.8283 | Wμ=0.996 | Aμ=0.999 | Wmax=1.000 | LR=4.9426e-06 | ‖g‖=nan | satA=nan | satW=nan | εμ=nan | εvar=nan | corr(ε,x)=nan | t=nans
   301 | base=0.875482 | val=0.560303 | acc1=0.8194 | Wμ=0.996 | Aμ=0.999 | Wmax=1.000 | LR=4.2537e-06 | ‖g‖=nan | satA=nan | satW=nan | εμ=nan | εvar=nan | corr(ε,x)=nan | t=nans
   303 | base=0.909393 | val=0.534681 | acc1=0.8219 | Wμ=0.996 | Aμ=0.999 | Wmax=1.000 | LR=3.6608e-06 | ‖g‖=nan | satA=nan | satW=nan | εμ=nan | εvar=nan | corr(ε,x)=nan | t=nans
   305 | base=0.846648 | val=0.756899 | acc1=0.7700 | Wμ=0.996 | Aμ=0.999 | Wmax=1.000 | LR=3.1505e-06 | ‖g‖=nan | satA=nan | satW=nan | εμ=nan | εvar=nan | corr(ε,x)=nan | t=nans
   307 | base=0.932750 | val=0.601048 | acc1=0.8023 | Wμ=0.996 | Aμ=0.999 | Wmax=1.000 | LR=2.7114e-06 | ‖g‖=nan | satA=nan | satW=nan | εμ=nan | εvar=nan | corr(ε,x)=nan | t=nans
   309 | base=0.822296 | val=0.570692 | acc1=0.8129 | Wμ=0.996 | Aμ=0.999 | Wmax=1.000 | LR=2.3334e-06 | ‖g‖=nan | satA=nan | satW=nan | εμ=nan | εvar=nan | corr(ε,x)=nan | t=nans
   311 | base=0.881038 | val=0.551699 | acc1=0.8163 | Wμ=0.996 | Aμ=0.999 | Wmax=1.000 | LR=2.0082e-06 | ‖g‖=nan | satA=nan | satW=nan | εμ=nan | εvar=nan | corr(ε,x)=nan | t=nans
   313 | base=0.857151 | val=0.504734 | acc1=0.8362 | Wμ=0.996 | Aμ=0.999 | Wmax=1.000 | LR=1.7283e-06 | ‖g‖=nan | satA=nan | satW=nan | εμ=nan | εvar=nan | corr(ε,x)=nan | t=nans
   315 | base=0.874297 | val=0.550814 | acc1=0.8236 | Wμ=0.996 | Aμ=0.999 | Wmax=1.000 | LR=1.4874e-06 | ‖g‖=nan | satA=nan | satW=nan | εμ=nan | εvar=nan | corr(ε,x)=nan | t=nans
   317 | base=0.870783 | val=0.535129 | acc1=0.8243 | Wμ=0.996 | Aμ=0.999 | Wmax=1.000 | LR=1.28e-06 | ‖g‖=nan | satA=nan | satW=nan | εμ=nan | εvar=nan | corr(ε,x)=nan | t=nans
   319 | base=0.876274 | val=0.555984 | acc1=0.8175 | Wμ=0.996 | Aμ=0.999 | Wmax=1.000 | LR=1.1016e-06 | ‖g‖=nan | satA=nan | satW=nan | εμ=nan | εvar=nan | corr(ε,x)=nan | t=nans
   321 | base=0.905415 | val=0.495394 | acc1=0.8378 | Wμ=0.996 | Aμ=0.999 | Wmax=1.000 | LR=9.4806e-07 | ‖g‖=nan | satA=nan | satW=nan | εμ=nan | εvar=nan | corr(ε,x)=nan | t=nans
   323 | base=0.904799 | val=0.598618 | acc1=0.8084 | Wμ=0.996 | Aμ=0.999 | Wmax=1.000 | LR=8.1591e-07 | ‖g‖=nan | satA=nan | satW=nan | εμ=nan | εvar=nan | corr(ε,x)=nan | t=nans
   325 | base=0.820464 | val=0.597408 | acc1=0.8036 | Wμ=0.996 | Aμ=0.999 | Wmax=1.000 | LR=7.0218e-07 | ‖g‖=nan | satA=nan | satW=nan | εμ=nan | εvar=nan | corr(ε,x)=nan | t=nans
   327 | base=0.831339 | val=0.505969 | acc1=0.8322 | Wμ=0.996 | Aμ=0.999 | Wmax=1.000 | LR=6.043e-07 | ‖g‖=nan | satA=nan | satW=nan | εμ=nan | εvar=nan | corr(ε,x)=nan | t=nans
   329 | base=0.823684 | val=0.529930 | acc1=0.8270 | Wμ=0.996 | Aμ=0.999 | Wmax=1.000 | LR=5.2007e-07 | ‖g‖=nan | satA=nan | satW=nan | εμ=nan | εvar=nan | corr(ε,x)=nan | t=nans
   331 | base=0.858689 | val=0.497764 | acc1=0.8379 | Wμ=0.996 | Aμ=0.999 | Wmax=1.000 | LR=4.4758e-07 | ‖g‖=nan | satA=nan | satW=nan | εμ=nan | εvar=nan | corr(ε,x)=nan | t=nans
   333 | base=0.800917 | val=0.546241 | acc1=0.8164 | Wμ=0.996 | Aμ=0.999 | Wmax=1.000 | LR=3.8519e-07 | ‖g‖=nan | satA=nan | satW=nan | εμ=nan | εvar=nan | corr(ε,x)=nan | t=nans
   335 | base=0.841377 | val=0.542994 | acc1=0.8230 | Wμ=0.996 | Aμ=0.999 | Wmax=1.000 | LR=3.315e-07 | ‖g‖=nan | satA=nan | satW=nan | εμ=nan | εvar=nan | corr(ε,x)=nan | t=nans
   337 | base=0.908592 | val=0.497905 | acc1=0.8378 | Wμ=0.996 | Aμ=0.999 | Wmax=1.000 | LR=2.8529e-07 | ‖g‖=nan | satA=nan | satW=nan | εμ=nan | εvar=nan | corr(ε,x)=nan | t=nans
   339 | base=0.880498 | val=0.515367 | acc1=0.8273 | Wμ=0.996 | Aμ=0.999 | Wmax=1.000 | LR=2.4553e-07 | ‖g‖=nan | satA=nan | satW=nan | εμ=nan | εvar=nan | corr(ε,x)=nan | t=nans
   341 | base=0.815926 | val=0.508553 | acc1=0.8343 | Wμ=0.996 | Aμ=0.999 | Wmax=1.000 | LR=2.113e-07 | ‖g‖=nan | satA=nan | satW=nan | εμ=nan | εvar=nan | corr(ε,x)=nan | t=nans
   343 | base=0.828094 | val=0.512330 | acc1=0.8356 | Wμ=0.996 | Aμ=0.999 | Wmax=1.000 | LR=1.8185e-07 | ‖g‖=nan | satA=nan | satW=nan | εμ=nan | εvar=nan | corr(ε,x)=nan | t=nans
   345 | base=0.855942 | val=0.503100 | acc1=0.8360 | Wμ=0.996 | Aμ=0.999 | Wmax=1.000 | LR=1.565e-07 | ‖g‖=nan | satA=nan | satW=nan | εμ=nan | εvar=nan | corr(ε,x)=nan | t=nans
   347 | base=0.827062 | val=0.602916 | acc1=0.8042 | Wμ=0.996 | Aμ=0.999 | Wmax=1.000 | LR=1.3469e-07 | ‖g‖=nan | satA=nan | satW=nan | εμ=nan | εvar=nan | corr(ε,x)=nan | t=nans
   349 | base=0.894833 | val=0.501393 | acc1=0.8375 | Wμ=0.996 | Aμ=0.999 | Wmax=1.000 | LR=1.1591e-07 | ‖g‖=nan | satA=nan | satW=nan | εμ=nan | εvar=nan | corr(ε,x)=nan | t=nans
   351 | base=0.871411 | val=0.540438 | acc1=0.8248 | Wμ=0.996 | Aμ=0.999 | Wmax=1.000 | LR=9.9756e-08 | ‖g‖=nan | satA=nan | satW=nan | εμ=nan | εvar=nan | corr(ε,x)=nan | t=nans
   353 | base=0.797583 | val=0.516747 | acc1=0.8284 | Wμ=0.996 | Aμ=0.999 | Wmax=1.000 | LR=8.5851e-08 | ‖g‖=nan | satA=nan | satW=nan | εμ=nan | εvar=nan | corr(ε,x)=nan | t=nans
   355 | base=0.880013 | val=0.510428 | acc1=0.8323 | Wμ=0.996 | Aμ=0.999 | Wmax=1.000 | LR=7.3884e-08 | ‖g‖=nan | satA=nan | satW=nan | εμ=nan | εvar=nan | corr(ε,x)=nan | t=nans
   357 | base=0.924757 | val=0.503253 | acc1=0.8361 | Wμ=0.996 | Aμ=0.999 | Wmax=1.000 | LR=6.3586e-08 | ‖g‖=nan | satA=nan | satW=nan | εμ=nan | εvar=nan | corr(ε,x)=nan | t=nans
   359 | base=0.886173 | val=0.488782 | acc1=0.8375 | Wμ=0.996 | Aμ=0.999 | Wmax=1.000 | LR=5.4723e-08 | ‖g‖=nan | satA=nan | satW=nan | εμ=nan | εvar=nan | corr(ε,x)=nan | t=nans
   361 | base=0.868138 | val=0.494043 | acc1=0.8379 | Wμ=0.996 | Aμ=0.999 | Wmax=1.000 | LR=4.7095e-08 | ‖g‖=nan | satA=nan | satW=nan | εμ=nan | εvar=nan | corr(ε,x)=nan | t=nans
   363 | base=0.869009 | val=0.532366 | acc1=0.8247 | Wμ=0.996 | Aμ=0.999 | Wmax=1.000 | LR=4.053e-08 | ‖g‖=nan | satA=nan | satW=nan | εμ=nan | εvar=nan | corr(ε,x)=nan | t=nans
   365 | base=0.757683 | val=0.548351 | acc1=0.8263 | Wμ=0.996 | Aμ=0.999 | Wmax=1.000 | LR=3.4881e-08 | ‖g‖=nan | satA=nan | satW=nan | εμ=nan | εvar=nan | corr(ε,x)=nan | t=nans
   367 | base=0.872685 | val=0.525152 | acc1=0.8276 | Wμ=0.996 | Aμ=0.999 | Wmax=1.000 | LR=3.0019e-08 | ‖g‖=nan | satA=nan | satW=nan | εμ=nan | εvar=nan | corr(ε,x)=nan | t=nans
   369 | base=0.813239 | val=0.490569 | acc1=0.8375 | Wμ=0.996 | Aμ=0.999 | Wmax=1.000 | LR=2.5835e-08 | ‖g‖=nan | satA=nan | satW=nan | εμ=nan | εvar=nan | corr(ε,x)=nan | t=nans
   371 | base=0.851203 | val=0.488736 | acc1=0.8423 | Wμ=0.996 | Aμ=0.999 | Wmax=1.000 | LR=2.2234e-08 | ‖g‖=nan | satA=nan | satW=nan | εμ=nan | εvar=nan | corr(ε,x)=nan | t=nans
   373 | base=0.820437 | val=0.534500 | acc1=0.8218 | Wμ=0.996 | Aμ=0.999 | Wmax=1.000 | LR=1.9134e-08 | ‖g‖=nan | satA=nan | satW=nan | εμ=nan | εvar=nan | corr(ε,x)=nan | t=nans
   375 | base=0.864796 | val=0.473187 | acc1=0.8448 | Wμ=0.996 | Aμ=0.999 | Wmax=1.000 | LR=1.6467e-08 | ‖g‖=nan | satA=nan | satW=nan | εμ=nan | εvar=nan | corr(ε,x)=nan | t=nans
   377 | base=0.860598 | val=0.474521 | acc1=0.8420 | Wμ=0.996 | Aμ=0.999 | Wmax=1.000 | LR=1.4172e-08 | ‖g‖=nan | satA=nan | satW=nan | εμ=nan | εvar=nan | corr(ε,x)=nan | t=nans
   379 | base=0.848155 | val=0.507253 | acc1=0.8350 | Wμ=0.996 | Aμ=0.999 | Wmax=1.000 | LR=1.2197e-08 | ‖g‖=nan | satA=nan | satW=nan | εμ=nan | εvar=nan | corr(ε,x)=nan | t=nans
   381 | base=0.852381 | val=0.528095 | acc1=0.8256 | Wμ=0.996 | Aμ=0.999 | Wmax=1.000 | LR=1.0496e-08 | ‖g‖=nan | satA=nan | satW=nan | εμ=nan | εvar=nan | corr(ε,x)=nan | t=nans
   383 | base=0.853560 | val=0.521124 | acc1=0.8269 | Wμ=0.996 | Aμ=0.999 | Wmax=1.000 | LR=9.0334e-09 | ‖g‖=nan | satA=nan | satW=nan | εμ=nan | εvar=nan | corr(ε,x)=nan | t=nans
   385 | base=0.892543 | val=0.478730 | acc1=0.8412 | Wμ=0.996 | Aμ=0.999 | Wmax=1.000 | LR=7.7742e-09 | ‖g‖=nan | satA=nan | satW=nan | εμ=nan | εvar=nan | corr(ε,x)=nan | t=nans
   387 | base=0.880135 | val=0.472758 | acc1=0.8406 | Wμ=0.996 | Aμ=0.999 | Wmax=1.000 | LR=6.6906e-09 | ‖g‖=nan | satA=nan | satW=nan | εμ=nan | εvar=nan | corr(ε,x)=nan | t=nans
   389 | base=0.837375 | val=0.494109 | acc1=0.8341 | Wμ=0.996 | Aμ=0.999 | Wmax=1.000 | LR=5.758e-09 | ‖g‖=nan | satA=nan | satW=nan | εμ=nan | εvar=nan | corr(ε,x)=nan | t=nans
   391 | base=0.817603 | val=0.485051 | acc1=0.8432 | Wμ=0.996 | Aμ=0.999 | Wmax=1.000 | LR=4.9554e-09 | ‖g‖=nan | satA=nan | satW=nan | εμ=nan | εvar=nan | corr(ε,x)=nan | t=nans
   393 | base=0.810212 | val=0.482564 | acc1=0.8383 | Wμ=0.996 | Aμ=0.999 | Wmax=1.000 | LR=4.2647e-09 | ‖g‖=nan | satA=nan | satW=nan | εμ=nan | εvar=nan | corr(ε,x)=nan | t=nans
   395 | base=0.803687 | val=0.486946 | acc1=0.8406 | Wμ=0.996 | Aμ=0.999 | Wmax=1.000 | LR=3.6702e-09 | ‖g‖=nan | satA=nan | satW=nan | εμ=nan | εvar=nan | corr(ε,x)=nan | t=nans
   397 | base=0.820538 | val=0.482134 | acc1=0.8406 | Wμ=0.996 | Aμ=0.999 | Wmax=1.000 | LR=3.1586e-09 | ‖g‖=nan | satA=nan | satW=nan | εμ=nan | εvar=nan | corr(ε,x)=nan | t=nans
   399 | base=0.834733 | val=0.493102 | acc1=0.8368 | Wμ=0.996 | Aμ=0.999 | Wmax=1.000 | LR=2.7183e-09 | ‖g‖=nan | satA=nan | satW=nan | εμ=nan | εvar=nan | corr(ε,x)=nan | t=nans
   401 | base=0.851923 | val=0.481110 | acc1=0.8362 | Wμ=0.996 | Aμ=0.999 | Wmax=1.000 | LR=2.3394e-09 | ‖g‖=nan | satA=nan | satW=nan | εμ=nan | εvar=nan | corr(ε,x)=nan | t=nans
   403 | base=0.871180 | val=0.489794 | acc1=0.8383 | Wμ=0.996 | Aμ=0.999 | Wmax=1.000 | LR=2.0133e-09 | ‖g‖=nan | satA=nan | satW=nan | εμ=nan | εvar=nan | corr(ε,x)=nan | t=nans
   405 | base=0.816126 | val=0.460839 | acc1=0.8465 | Wμ=0.996 | Aμ=0.999 | Wmax=1.000 | LR=1.7327e-09 | ‖g‖=nan | satA=nan | satW=nan | εμ=nan | εvar=nan | corr(ε,x)=nan | t=nans
   407 | base=0.823441 | val=0.464048 | acc1=0.8477 | Wμ=0.996 | Aμ=0.999 | Wmax=1.000 | LR=1.4912e-09 | ‖g‖=nan | satA=nan | satW=nan | εμ=nan | εvar=nan | corr(ε,x)=nan | t=nans
   409 | base=0.934499 | val=0.465821 | acc1=0.8472 | Wμ=0.996 | Aμ=0.999 | Wmax=1.000 | LR=1.2833e-09 | ‖g‖=nan | satA=nan | satW=nan | εμ=nan | εvar=nan | corr(ε,x)=nan | t=nans
   411 | base=0.823991 | val=0.475620 | acc1=0.8432 | Wμ=0.996 | Aμ=0.999 | Wmax=1.000 | LR=1.1045e-09 | ‖g‖=nan | satA=nan | satW=nan | εμ=nan | εvar=nan | corr(ε,x)=nan | t=nans
   413 | base=0.888712 | val=0.451478 | acc1=0.8496 | Wμ=0.996 | Aμ=0.999 | Wmax=1.000 | LR=9.505e-10 | ‖g‖=nan | satA=nan | satW=nan | εμ=nan | εvar=nan | corr(ε,x)=nan | t=nans
   415 | base=0.864136 | val=0.472914 | acc1=0.8457 | Wμ=0.996 | Aμ=0.999 | Wmax=1.000 | LR=8.1801e-10 | ‖g‖=nan | satA=nan | satW=nan | εμ=nan | εvar=nan | corr(ε,x)=nan | t=nans
   417 | base=0.829023 | val=0.478556 | acc1=0.8437 | Wμ=0.996 | Aμ=0.999 | Wmax=1.000 | LR=7.0399e-10 | ‖g‖=nan | satA=nan | satW=nan | εμ=nan | εvar=nan | corr(ε,x)=nan | t=nans
   419 | base=0.843627 | val=0.458297 | acc1=0.8466 | Wμ=0.996 | Aμ=0.999 | Wmax=1.000 | LR=6.0586e-10 | ‖g‖=nan | satA=nan | satW=nan | εμ=nan | εvar=nan | corr(ε,x)=nan | t=nans
   421 | base=0.804753 | val=0.463372 | acc1=0.8493 | Wμ=0.996 | Aμ=0.999 | Wmax=1.000 | LR=5.2141e-10 | ‖g‖=nan | satA=nan | satW=nan | εμ=nan | εvar=nan | corr(ε,x)=nan | t=nans
   423 | base=0.872827 | val=0.479717 | acc1=0.8384 | Wμ=0.996 | Aμ=0.999 | Wmax=1.000 | LR=4.4873e-10 | ‖g‖=nan | satA=nan | satW=nan | εμ=nan | εvar=nan | corr(ε,x)=nan | t=nans
   425 | base=0.831075 | val=0.463722 | acc1=0.8459 | Wμ=0.996 | Aμ=0.999 | Wmax=1.000 | LR=3.8618e-10 | ‖g‖=nan | satA=nan | satW=nan | εμ=nan | εvar=nan | corr(ε,x)=nan | t=nans
   427 | base=0.800796 | val=0.454191 | acc1=0.8502 | Wμ=0.996 | Aμ=0.999 | Wmax=1.000 | LR=3.3235e-10 | ‖g‖=nan | satA=nan | satW=nan | εμ=nan | εvar=nan | corr(ε,x)=nan | t=nans
   429 | base=0.842963 | val=0.447985 | acc1=0.8476 | Wμ=0.996 | Aμ=0.999 | Wmax=1.000 | LR=2.8603e-10 | ‖g‖=nan | satA=nan | satW=nan | εμ=nan | εvar=nan | corr(ε,x)=nan | t=nans
   431 | base=0.860411 | val=0.470600 | acc1=0.8430 | Wμ=0.996 | Aμ=0.999 | Wmax=1.000 | LR=2.4616e-10 | ‖g‖=nan | satA=nan | satW=nan | εμ=nan | εvar=nan | corr(ε,x)=nan | t=nans
   433 | base=0.855053 | val=0.454852 | acc1=0.8538 | Wμ=0.996 | Aμ=0.999 | Wmax=1.000 | LR=2.1185e-10 | ‖g‖=nan | satA=nan | satW=nan | εμ=nan | εvar=nan | corr(ε,x)=nan | t=nans
   435 | base=0.816353 | val=0.467542 | acc1=0.8437 | Wμ=0.996 | Aμ=0.999 | Wmax=1.000 | LR=1.8232e-10 | ‖g‖=nan | satA=nan | satW=nan | εμ=nan | εvar=nan | corr(ε,x)=nan | t=nans
   437 | base=0.819041 | val=0.458394 | acc1=0.8465 | Wμ=0.996 | Aμ=0.999 | Wmax=1.000 | LR=1.569e-10 | ‖g‖=nan | satA=nan | satW=nan | εμ=nan | εvar=nan | corr(ε,x)=nan | t=nans
   439 | base=0.847159 | val=0.458518 | acc1=0.8463 | Wμ=0.996 | Aμ=0.999 | Wmax=1.000 | LR=1.3503e-10 | ‖g‖=nan | satA=nan | satW=nan | εμ=nan | εvar=nan | corr(ε,x)=nan | t=nans
   441 | base=0.726411 | val=0.462350 | acc1=0.8500 | Wμ=0.996 | Aμ=0.999 | Wmax=1.000 | LR=1.1621e-10 | ‖g‖=nan | satA=nan | satW=nan | εμ=nan | εvar=nan | corr(ε,x)=nan | t=nans
   443 | base=0.847245 | val=0.470808 | acc1=0.8453 | Wμ=0.996 | Aμ=0.999 | Wmax=1.000 | LR=1.0001e-10 | ‖g‖=nan | satA=nan | satW=nan | εμ=nan | εvar=nan | corr(ε,x)=nan | t=nans
   445 | base=0.785712 | val=0.457398 | acc1=0.8488 | Wμ=0.996 | Aμ=0.999 | Wmax=1.000 | LR=8.6072e-11 | ‖g‖=nan | satA=nan | satW=nan | εμ=nan | εvar=nan | corr(ε,x)=nan | t=nans
   447 | base=0.856664 | val=0.456227 | acc1=0.8483 | Wμ=0.996 | Aμ=0.999 | Wmax=1.000 | LR=7.4075e-11 | ‖g‖=nan | satA=nan | satW=nan | εμ=nan | εvar=nan | corr(ε,x)=nan | t=nans
   449 | base=0.814345 | val=0.459450 | acc1=0.8448 | Wμ=0.996 | Aμ=0.999 | Wmax=1.000 | LR=6.375e-11 | ‖g‖=nan | satA=nan | satW=nan | εμ=nan | εvar=nan | corr(ε,x)=nan | t=nans
   451 | base=0.817630 | val=0.461263 | acc1=0.8441 | Wμ=0.996 | Aμ=0.999 | Wmax=1.000 | LR=5.4864e-11 | ‖g‖=nan | satA=nan | satW=nan | εμ=nan | εvar=nan | corr(ε,x)=nan | t=nans
   453 | base=0.825673 | val=0.461552 | acc1=0.8486 | Wμ=0.996 | Aμ=0.999 | Wmax=1.000 | LR=4.7216e-11 | ‖g‖=nan | satA=nan | satW=nan | εμ=nan | εvar=nan | corr(ε,x)=nan | t=nans
   455 | base=0.834190 | val=0.459445 | acc1=0.8482 | Wμ=0.996 | Aμ=0.999 | Wmax=1.000 | LR=4.0635e-11 | ‖g‖=nan | satA=nan | satW=nan | εμ=nan | εvar=nan | corr(ε,x)=nan | t=nans
   457 | base=0.906044 | val=0.458831 | acc1=0.8464 | Wμ=0.996 | Aμ=0.999 | Wmax=1.000 | LR=3.4971e-11 | ‖g‖=nan | satA=nan | satW=nan | εμ=nan | εvar=nan | corr(ε,x)=nan | t=nans
   459 | base=0.859221 | val=0.467174 | acc1=0.8451 | Wμ=0.996 | Aμ=0.999 | Wmax=1.000 | LR=3.0096e-11 | ‖g‖=nan | satA=nan | satW=nan | εμ=nan | εvar=nan | corr(ε,x)=nan | t=nans
   461 | base=0.818117 | val=0.460815 | acc1=0.8479 | Wμ=0.996 | Aμ=0.999 | Wmax=1.000 | LR=2.5901e-11 | ‖g‖=nan | satA=nan | satW=nan | εμ=nan | εvar=nan | corr(ε,x)=nan | t=nans
   463 | base=0.857358 | val=0.469324 | acc1=0.8441 | Wμ=0.996 | Aμ=0.999 | Wmax=1.000 | LR=2.2291e-11 | ‖g‖=nan | satA=nan | satW=nan | εμ=nan | εvar=nan | corr(ε,x)=nan | t=nans
   465 | base=0.858121 | val=0.457378 | acc1=0.8475 | Wμ=0.996 | Aμ=0.999 | Wmax=1.000 | LR=1.9184e-11 | ‖g‖=nan | satA=nan | satW=nan | εμ=nan | εvar=nan | corr(ε,x)=nan | t=nans
   467 | base=0.893026 | val=0.466528 | acc1=0.8467 | Wμ=0.996 | Aμ=0.999 | Wmax=1.000 | LR=1.651e-11 | ‖g‖=nan | satA=nan | satW=nan | εμ=nan | εvar=nan | corr(ε,x)=nan | t=nans
   469 | base=0.866848 | val=0.461275 | acc1=0.8462 | Wμ=0.996 | Aμ=0.999 | Wmax=1.000 | LR=1.4208e-11 | ‖g‖=nan | satA=nan | satW=nan | εμ=nan | εvar=nan | corr(ε,x)=nan | t=nans
   471 | base=0.784839 | val=0.454552 | acc1=0.8468 | Wμ=0.996 | Aμ=0.999 | Wmax=1.000 | LR=1.2228e-11 | ‖g‖=nan | satA=nan | satW=nan | εμ=nan | εvar=nan | corr(ε,x)=nan | t=nans
   473 | base=0.820163 | val=0.468803 | acc1=0.8449 | Wμ=0.996 | Aμ=0.999 | Wmax=1.000 | LR=1.0524e-11 | ‖g‖=nan | satA=nan | satW=nan | εμ=nan | εvar=nan | corr(ε,x)=nan | t=nans
   475 | base=0.872286 | val=0.457935 | acc1=0.8453 | Wμ=0.996 | Aμ=0.999 | Wmax=1.000 | LR=9.0567e-12 | ‖g‖=nan | satA=nan | satW=nan | εμ=nan | εvar=nan | corr(ε,x)=nan | t=nans
   477 | base=0.813399 | val=0.462274 | acc1=0.8489 | Wμ=0.996 | Aμ=0.999 | Wmax=1.000 | LR=7.7943e-12 | ‖g‖=nan | satA=nan | satW=nan | εμ=nan | εvar=nan | corr(ε,x)=nan | t=nans
   479 | base=0.754893 | val=0.457711 | acc1=0.8514 | Wμ=0.996 | Aμ=0.999 | Wmax=1.000 | LR=6.7078e-12 | ‖g‖=nan | satA=nan | satW=nan | εμ=nan | εvar=nan | corr(ε,x)=nan | t=nans
   481 | base=0.804745 | val=0.457993 | acc1=0.8474 | Wμ=0.996 | Aμ=0.999 | Wmax=1.000 | LR=5.7728e-12 | ‖g‖=nan | satA=nan | satW=nan | εμ=nan | εvar=nan | corr(ε,x)=nan | t=nans
   483 | base=0.896505 | val=0.461783 | acc1=0.8496 | Wμ=0.996 | Aμ=0.999 | Wmax=1.000 | LR=4.9682e-12 | ‖g‖=nan | satA=nan | satW=nan | εμ=nan | εvar=nan | corr(ε,x)=nan | t=nans
   485 | base=0.873906 | val=0.468510 | acc1=0.8459 | Wμ=0.996 | Aμ=0.999 | Wmax=1.000 | LR=4.2757e-12 | ‖g‖=nan | satA=nan | satW=nan | εμ=nan | εvar=nan | corr(ε,x)=nan | t=nans
   487 | base=0.893899 | val=0.461426 | acc1=0.8442 | Wμ=0.996 | Aμ=0.999 | Wmax=1.000 | LR=3.6797e-12 | ‖g‖=nan | satA=nan | satW=nan | εμ=nan | εvar=nan | corr(ε,x)=nan | t=nans
   489 | base=0.875060 | val=0.454217 | acc1=0.8490 | Wμ=0.996 | Aμ=0.999 | Wmax=1.000 | LR=3.1668e-12 | ‖g‖=nan | satA=nan | satW=nan | εμ=nan | εvar=nan | corr(ε,x)=nan | t=nans
   491 | base=0.833940 | val=0.460398 | acc1=0.8483 | Wμ=0.996 | Aμ=0.999 | Wmax=1.000 | LR=2.7254e-12 | ‖g‖=nan | satA=nan | satW=nan | εμ=nan | εvar=nan | corr(ε,x)=nan | t=nans
   493 | base=0.851886 | val=0.464095 | acc1=0.8441 | Wμ=0.996 | Aμ=0.999 | Wmax=1.000 | LR=2.3455e-12 | ‖g‖=nan | satA=nan | satW=nan | εμ=nan | εvar=nan | corr(ε,x)=nan | t=nans
   495 | base=0.820385 | val=0.459320 | acc1=0.8462 | Wμ=0.996 | Aμ=0.999 | Wmax=1.000 | LR=2.0185e-12 | ‖g‖=nan | satA=nan | satW=nan | εμ=nan | εvar=nan | corr(ε,x)=nan | t=nans
   497 | base=0.794728 | val=0.472697 | acc1=0.8452 | Wμ=0.996 | Aμ=0.999 | Wmax=1.000 | LR=1.7372e-12 | ‖g‖=nan | satA=nan | satW=nan | εμ=nan | εvar=nan | corr(ε,x)=nan | t=nans
   499 | base=0.860135 | val=0.458758 | acc1=0.8501 | Wμ=0.996 | Aμ=0.999 | Wmax=1.000 | LR=1.495e-12 | ‖g‖=nan | satA=nan | satW=nan | εμ=nan | εvar=nan | corr(ε,x)=nan | t=nans
   501 | base=0.845170 | val=0.461671 | acc1=0.8449 | Wμ=0.996 | Aμ=0.999 | Wmax=1.000 | LR=1.2866e-12 | ‖g‖=nan | satA=nan | satW=nan | εμ=nan | εvar=nan | corr(ε,x)=nan | t=nans
   503 | base=0.838062 | val=0.465589 | acc1=0.8445 | Wμ=0.996 | Aμ=0.999 | Wmax=1.000 | LR=1.1073e-12 | ‖g‖=nan | satA=nan | satW=nan | εμ=nan | εvar=nan | corr(ε,x)=nan | t=nans
   505 | base=0.819031 | val=0.457802 | acc1=0.8477 | Wμ=0.996 | Aμ=0.999 | Wmax=1.000 | LR=9.5295e-13 | ‖g‖=nan | satA=nan | satW=nan | εμ=nan | εvar=nan | corr(ε,x)=nan | t=nans
   507 | base=0.830942 | val=0.461832 | acc1=0.8450 | Wμ=0.996 | Aμ=0.999 | Wmax=1.000 | LR=8.2012e-13 | ‖g‖=nan | satA=nan | satW=nan | εμ=nan | εvar=nan | corr(ε,x)=nan | t=nans
   509 | base=0.845885 | val=0.453877 | acc1=0.8497 | Wμ=0.996 | Aμ=0.999 | Wmax=1.000 | LR=7.0581e-13 | ‖g‖=nan | satA=nan | satW=nan | εμ=nan | εvar=nan | corr(ε,x)=nan | t=nans
   511 | base=0.828918 | val=0.460585 | acc1=0.8490 | Wμ=0.996 | Aμ=0.999 | Wmax=1.000 | LR=6.0742e-13 | ‖g‖=nan | satA=nan | satW=nan | εμ=nan | εvar=nan | corr(ε,x)=nan | t=nans
   513 | base=0.823173 | val=0.467077 | acc1=0.8443 | Wμ=0.996 | Aμ=0.999 | Wmax=1.000 | LR=5.2276e-13 | ‖g‖=nan | satA=nan | satW=nan | εμ=nan | εvar=nan | corr(ε,x)=nan | t=nans
   515 | base=0.861937 | val=0.458910 | acc1=0.8425 | Wμ=0.996 | Aμ=0.999 | Wmax=1.000 | LR=4.4989e-13 | ‖g‖=nan | satA=nan | satW=nan | εμ=nan | εvar=nan | corr(ε,x)=nan | t=nans
   517 | base=0.809218 | val=0.453003 | acc1=0.8475 | Wμ=0.996 | Aμ=0.999 | Wmax=1.000 | LR=3.8718e-13 | ‖g‖=nan | satA=nan | satW=nan | εμ=nan | εvar=nan | corr(ε,x)=nan | t=nans
   519 | base=0.799463 | val=0.462191 | acc1=0.8494 | Wμ=0.996 | Aμ=0.999 | Wmax=1.000 | LR=3.3321e-13 | ‖g‖=nan | satA=nan | satW=nan | εμ=nan | εvar=nan | corr(ε,x)=nan | t=nans
   521 | base=0.854106 | val=0.457792 | acc1=0.8501 | Wμ=0.996 | Aμ=0.999 | Wmax=1.000 | LR=2.8677e-13 | ‖g‖=nan | satA=nan | satW=nan | εμ=nan | εvar=nan | corr(ε,x)=nan | t=nans
   523 | base=0.815235 | val=0.464719 | acc1=0.8475 | Wμ=0.996 | Aμ=0.999 | Wmax=1.000 | LR=2.4679e-13 | ‖g‖=nan | satA=nan | satW=nan | εμ=nan | εvar=nan | corr(ε,x)=nan | t=nans
   525 | base=0.898227 | val=0.460169 | acc1=0.8499 | Wμ=0.996 | Aμ=0.999 | Wmax=1.000 | LR=2.1239e-13 | ‖g‖=nan | satA=nan | satW=nan | εμ=nan | εvar=nan | corr(ε,x)=nan | t=nans
   527 | base=0.829509 | val=0.462618 | acc1=0.8476 | Wμ=0.996 | Aμ=0.999 | Wmax=1.000 | LR=1.8279e-13 | ‖g‖=nan | satA=nan | satW=nan | εμ=nan | εvar=nan | corr(ε,x)=nan | t=nans
   529 | base=0.855020 | val=0.461009 | acc1=0.8477 | Wμ=0.996 | Aμ=0.999 | Wmax=1.000 | LR=1.5731e-13 | ‖g‖=nan | satA=nan | satW=nan | εμ=nan | εvar=nan | corr(ε,x)=nan | t=nans
   531 | base=0.843098 | val=0.460917 | acc1=0.8493 | Wμ=0.996 | Aμ=0.999 | Wmax=1.000 | LR=1.3538e-13 | ‖g‖=nan | satA=nan | satW=nan | εμ=nan | εvar=nan | corr(ε,x)=nan | t=nans
   533 | base=0.824931 | val=0.456175 | acc1=0.8486 | Wμ=0.996 | Aμ=0.999 | Wmax=1.000 | LR=1.1651e-13 | ‖g‖=nan | satA=nan | satW=nan | εμ=nan | εvar=nan | corr(ε,x)=nan | t=nans
