     0 | base=nan | val=0.236715 | acc1=nan | Wμ=nan | Aμ=nan | Wmax=nan | Amax=nan |LR=nan | ‖g‖=nan | satA=nan | satW=nan | εμ=nan | εvar=nan | corr(ε,x)=nan | t=nans
     0 | base=nan | val=0.236732 | acc1=0.9282 | Wμ=11.186 | Aμ=20.000 | Wmax=12.916 | Amax=13.744 |LR=nan | ‖g‖=nan | satA=nan | satW=nan | εμ=nan | εvar=nan | corr(ε,x)=nan | t=nans
     0 | base=nan | val=0.236786 | acc1=0.9281 | Wμ=9.786 | Aμ=20.000 | Wmax=10.000 | Amax=13.743 |LR=nan | ‖g‖=nan | satA=nan | satW=nan | εμ=nan | εvar=nan | corr(ε,x)=nan | t=nans
     0 | base=nan | val=0.236878 | acc1=0.9281 | Wμ=9.786 | Aμ=10.000 | Wmax=10.000 | Amax=9.994 |LR=nan | ‖g‖=nan | satA=nan | satW=nan | εμ=nan | εvar=nan | corr(ε,x)=nan | t=nans
# epoch | BaseLoss | ValLoss | Acc@1 | MeanWBits | MeanABits | MaxWBits | MaxABits | LR | GradNorm | WSat | ASat | NoiseMean | NoiseVar | NoiseCorr | Temp | EpochTime(s)
     0 | base=nan | val=0.213726 | acc1=0.9335 | Wμ=9.786 | Aμ=10.000 | Wmax=10.000 | Amax=10.000 |LR=nan | ‖g‖=nan | satA=nan | satW=nan | εμ=nan | εvar=nan | corr(ε,x)=nan | t=nans
     1 | base=0.003382 | val=0.239472 | acc1=0.9259 | Wμ=9.786 | Aμ=10.003 | Wmax=10.010 | Amax=9.994 |LR=0.00099 | ‖g‖=nan | satA=nan | satW=nan | εμ=nan | εvar=nan | corr(ε,x)=nan | t=nans
     3 | base=0.010198 | val=0.247175 | acc1=0.9230 | Wμ=9.787 | Aμ=10.015 | Wmax=10.038 | Amax=9.998 |LR=0.00199 | ‖g‖=nan | satA=nan | satW=nan | εμ=nan | εvar=nan | corr(ε,x)=nan | t=nans
     5 | base=0.034835 | val=0.261320 | acc1=0.9196 | Wμ=9.797 | Aμ=10.029 | Wmax=10.103 | Amax=10.013 |LR=0.00299 | ‖g‖=nan | satA=nan | satW=nan | εμ=nan | εvar=nan | corr(ε,x)=nan | t=nans
     7 | base=0.107526 | val=0.322224 | acc1=0.8972 | Wμ=9.831 | Aμ=10.049 | Wmax=10.241 | Amax=10.052 |LR=0.00399 | ‖g‖=nan | satA=nan | satW=nan | εμ=nan | εvar=nan | corr(ε,x)=nan | t=nans
     9 | base=0.116108 | val=0.309326 | acc1=0.9019 | Wμ=9.880 | Aμ=10.080 | Wmax=10.354 | Amax=10.067 |LR=0.00499 | ‖g‖=nan | satA=nan | satW=nan | εμ=nan | εvar=nan | corr(ε,x)=nan | t=nans
    11 | base=0.123305 | val=0.322003 | acc1=0.8976 | Wμ=9.943 | Aμ=10.112 | Wmax=10.511 | Amax=10.129 |LR=0.00599 | ‖g‖=nan | satA=nan | satW=nan | εμ=nan | εvar=nan | corr(ε,x)=nan | t=nans
    13 | base=0.158304 | val=0.321141 | acc1=0.8988 | Wμ=10.019 | Aμ=10.132 | Wmax=10.667 | Amax=10.154 |LR=0.00699 | ‖g‖=nan | satA=nan | satW=nan | εμ=nan | εvar=nan | corr(ε,x)=nan | t=nans
    15 | base=0.187469 | val=0.304277 | acc1=0.9002 | Wμ=10.106 | Aμ=10.126 | Wmax=10.935 | Amax=10.226 |LR=0.00799 | ‖g‖=nan | satA=nan | satW=nan | εμ=nan | εvar=nan | corr(ε,x)=nan | t=nans
    17 | base=0.200494 | val=0.357787 | acc1=0.8871 | Wμ=10.198 | Aμ=10.103 | Wmax=11.102 | Amax=10.305 |LR=0.00899 | ‖g‖=nan | satA=nan | satW=nan | εμ=nan | εvar=nan | corr(ε,x)=nan | t=nans
    19 | base=0.228887 | val=0.332674 | acc1=0.8951 | Wμ=10.295 | Aμ=10.147 | Wmax=11.216 | Amax=10.551 |LR=0.00999 | ‖g‖=nan | satA=nan | satW=nan | εμ=nan | εvar=nan | corr(ε,x)=nan | t=nans
    21 | base=0.175809 | val=0.360259 | acc1=0.8861 | Wμ=7.319 | Aμ=7.695 | Wmax=8.224 | Amax=9.645 |LR=0.01 | ‖g‖=nan | satA=nan | satW=nan | εμ=nan | εvar=nan | corr(ε,x)=nan | t=nans
    23 | base=0.244111 | val=0.401536 | acc1=0.8716 | Wμ=4.613 | Aμ=5.531 | Wmax=5.524 | Amax=7.313 |LR=0.01 | ‖g‖=nan | satA=nan | satW=nan | εμ=nan | εvar=nan | corr(ε,x)=nan | t=nans
    25 | base=0.395806 | val=0.617499 | acc1=0.8142 | Wμ=2.689 | Aμ=4.668 | Wmax=4.248 | Amax=6.000 |LR=0.01 | ‖g‖=nan | satA=nan | satW=nan | εμ=nan | εvar=nan | corr(ε,x)=nan | t=nans
    27 | base=0.641196 | val=0.735563 | acc1=0.7819 | Wμ=1.717 | Aμ=4.376 | Wmax=3.585 | Amax=5.322 |LR=0.01 | ‖g‖=nan | satA=nan | satW=nan | εμ=nan | εvar=nan | corr(ε,x)=nan | t=nans
    29 | base=0.766192 | val=2.265125 | acc1=0.5057 | Wμ=1.391 | Aμ=3.910 | Wmax=3.000 | Amax=4.907 |LR=0.01 | ‖g‖=nan | satA=nan | satW=nan | εμ=nan | εvar=nan | corr(ε,x)=nan | t=nans
    31 | base=0.749105 | val=1.061688 | acc1=0.6775 | Wμ=1.229 | Aμ=3.394 | Wmax=2.585 | Amax=4.248 |LR=0.01 | ‖g‖=nan | satA=nan | satW=nan | εμ=nan | εvar=nan | corr(ε,x)=nan | t=nans
    33 | base=0.704244 | val=1.102964 | acc1=0.6608 | Wμ=1.123 | Aμ=2.843 | Wmax=2.322 | Amax=3.459 |LR=0.01 | ‖g‖=nan | satA=nan | satW=nan | εμ=nan | εvar=nan | corr(ε,x)=nan | t=nans
    35 | base=0.758525 | val=0.931492 | acc1=0.7072 | Wμ=1.060 | Aμ=2.365 | Wmax=2.000 | Amax=2.807 |LR=0.01 | ‖g‖=nan | satA=nan | satW=nan | εμ=nan | εvar=nan | corr(ε,x)=nan | t=nans
    37 | base=0.900148 | val=1.403367 | acc1=0.6068 | Wμ=1.022 | Aμ=2.069 | Wmax=2.000 | Amax=2.322 |LR=0.01 | ‖g‖=nan | satA=nan | satW=nan | εμ=nan | εvar=nan | corr(ε,x)=nan | t=nans
    39 | base=1.067433 | val=0.948988 | acc1=0.6913 | Wμ=1.013 | Aμ=1.808 | Wmax=2.000 | Amax=2.322 |LR=0.01 | ‖g‖=nan | satA=nan | satW=nan | εμ=nan | εvar=nan | corr(ε,x)=nan | t=nans
    41 | base=1.026338 | val=0.924646 | acc1=0.7092 | Wμ=1.005 | Aμ=1.643 | Wmax=1.585 | Amax=2.000 |LR=0.01 | ‖g‖=nan | satA=nan | satW=nan | εμ=nan | εvar=nan | corr(ε,x)=nan | t=nans
    43 | base=1.149913 | val=1.297224 | acc1=0.5672 | Wμ=0.997 | Aμ=1.486 | Wmax=1.585 | Amax=2.000 |LR=0.01 | ‖g‖=nan | satA=nan | satW=nan | εμ=nan | εvar=nan | corr(ε,x)=nan | t=nans
    45 | base=1.303613 | val=1.632456 | acc1=0.5744 | Wμ=0.992 | Aμ=1.363 | Wmax=1.585 | Amax=2.000 |LR=0.01 | ‖g‖=nan | satA=nan | satW=nan | εμ=nan | εvar=nan | corr(ε,x)=nan | t=nans
    47 | base=1.361802 | val=0.955723 | acc1=0.6670 | Wμ=0.988 | Aμ=1.326 | Wmax=1.585 | Amax=2.000 |LR=0.01 | ‖g‖=nan | satA=nan | satW=nan | εμ=nan | εvar=nan | corr(ε,x)=nan | t=nans
    49 | base=1.330471 | val=1.001278 | acc1=0.7105 | Wμ=0.986 | Aμ=1.283 | Wmax=1.585 | Amax=1.585 |LR=0.01 | ‖g‖=nan | satA=nan | satW=nan | εμ=nan | εvar=nan | corr(ε,x)=nan | t=nans
    51 | base=1.344818 | val=0.914289 | acc1=0.7002 | Wμ=0.984 | Aμ=1.138 | Wmax=1.585 | Amax=1.585 |LR=0.01 | ‖g‖=nan | satA=nan | satW=nan | εμ=nan | εvar=nan | corr(ε,x)=nan | t=nans
    53 | base=1.552972 | val=1.832695 | acc1=0.4406 | Wμ=0.980 | Aμ=1.125 | Wmax=1.000 | Amax=1.585 |LR=0.01 | ‖g‖=nan | satA=nan | satW=nan | εμ=nan | εvar=nan | corr(ε,x)=nan | t=nans
    55 | base=1.518867 | val=0.850370 | acc1=0.7221 | Wμ=0.980 | Aμ=1.106 | Wmax=1.000 | Amax=1.585 |LR=0.01 | ‖g‖=nan | satA=nan | satW=nan | εμ=nan | εvar=nan | corr(ε,x)=nan | t=nans
    57 | base=1.483905 | val=1.239077 | acc1=0.6364 | Wμ=0.979 | Aμ=1.067 | Wmax=1.000 | Amax=1.585 |LR=0.01 | ‖g‖=nan | satA=nan | satW=nan | εμ=nan | εvar=nan | corr(ε,x)=nan | t=nans
    59 | base=1.369642 | val=1.022092 | acc1=0.6779 | Wμ=0.977 | Aμ=1.049 | Wmax=1.000 | Amax=1.000 |LR=0.01 | ‖g‖=nan | satA=nan | satW=nan | εμ=nan | εvar=nan | corr(ε,x)=nan | t=nans
    61 | base=1.343757 | val=0.868789 | acc1=0.7289 | Wμ=0.978 | Aμ=0.988 | Wmax=1.000 | Amax=1.000 |LR=0.008619 | ‖g‖=nan | satA=nan | satW=nan | εμ=nan | εvar=nan | corr(ε,x)=nan | t=nans
    63 | base=1.169240 | val=0.805243 | acc1=0.7345 | Wμ=0.976 | Aμ=0.988 | Wmax=1.000 | Amax=1.000 |LR=0.0074176 | ‖g‖=nan | satA=nan | satW=nan | εμ=nan | εvar=nan | corr(ε,x)=nan | t=nans
    65 | base=1.209856 | val=0.731189 | acc1=0.7692 | Wμ=0.977 | Aμ=0.991 | Wmax=1.000 | Amax=1.000 |LR=0.0063837 | ‖g‖=nan | satA=nan | satW=nan | εμ=nan | εvar=nan | corr(ε,x)=nan | t=nans
    67 | base=1.162293 | val=0.885687 | acc1=0.7215 | Wμ=0.978 | Aμ=0.994 | Wmax=1.000 | Amax=1.000 |LR=0.0054939 | ‖g‖=nan | satA=nan | satW=nan | εμ=nan | εvar=nan | corr(ε,x)=nan | t=nans
    69 | base=1.296142 | val=0.808542 | acc1=0.7551 | Wμ=0.978 | Aμ=0.995 | Wmax=1.000 | Amax=1.000 |LR=0.0047281 | ‖g‖=nan | satA=nan | satW=nan | εμ=nan | εvar=nan | corr(ε,x)=nan | t=nans
    71 | base=1.209108 | val=0.865501 | acc1=0.7317 | Wμ=0.980 | Aμ=0.991 | Wmax=1.000 | Amax=1.000 |LR=0.0040691 | ‖g‖=nan | satA=nan | satW=nan | εμ=nan | εvar=nan | corr(ε,x)=nan | t=nans
    73 | base=1.090634 | val=0.751102 | acc1=0.7577 | Wμ=0.980 | Aμ=0.987 | Wmax=1.000 | Amax=1.000 |LR=0.0035019 | ‖g‖=nan | satA=nan | satW=nan | εμ=nan | εvar=nan | corr(ε,x)=nan | t=nans
    75 | base=1.126508 | val=0.827238 | acc1=0.7341 | Wμ=0.981 | Aμ=0.992 | Wmax=1.000 | Amax=1.000 |LR=0.0030138 | ‖g‖=nan | satA=nan | satW=nan | εμ=nan | εvar=nan | corr(ε,x)=nan | t=nans
    77 | base=1.056682 | val=0.769124 | acc1=0.7559 | Wμ=0.982 | Aμ=0.989 | Wmax=1.000 | Amax=1.000 |LR=0.0025937 | ‖g‖=nan | satA=nan | satW=nan | εμ=nan | εvar=nan | corr(ε,x)=nan | t=nans
    79 | base=1.118944 | val=0.846860 | acc1=0.7322 | Wμ=0.983 | Aμ=0.994 | Wmax=1.000 | Amax=1.000 |LR=0.0022321 | ‖g‖=nan | satA=nan | satW=nan | εμ=nan | εvar=nan | corr(ε,x)=nan | t=nans
