     0 | base=nan | val=0.236715 | acc1=nan | Wμ=nan | Aμ=nan | Wmax=nan | Amax=nan |LR=nan | ‖g‖=nan | satA=nan | satW=nan | εμ=nan | εvar=nan | corr(ε,x)=nan | t=nans
     0 | base=nan | val=0.236732 | acc1=0.9282 | Wμ=11.186 | Aμ=20.000 | Wmax=12.916 | Amax=13.744 |LR=nan | ‖g‖=nan | satA=nan | satW=nan | εμ=nan | εvar=nan | corr(ε,x)=nan | t=nans
     0 | base=nan | val=0.236786 | acc1=0.9281 | Wμ=9.786 | Aμ=20.000 | Wmax=10.000 | Amax=13.743 |LR=nan | ‖g‖=nan | satA=nan | satW=nan | εμ=nan | εvar=nan | corr(ε,x)=nan | t=nans
     0 | base=nan | val=0.236878 | acc1=0.9281 | Wμ=9.786 | Aμ=10.000 | Wmax=10.000 | Amax=9.994 |LR=nan | ‖g‖=nan | satA=nan | satW=nan | εμ=nan | εvar=nan | corr(ε,x)=nan | t=nans
# epoch | BaseLoss | ValLoss | Acc@1 | MeanWBits | MeanABits | MaxWBits | MaxABits | LR | GradNorm | WSat | ASat | NoiseMean | NoiseVar | NoiseCorr | Temp | EpochTime(s)
     0 | base=nan | val=0.213726 | acc1=0.9335 | Wμ=9.786 | Aμ=10.000 | Wmax=10.000 | Amax=10.000 |LR=nan | ‖g‖=nan | satA=nan | satW=nan | εμ=nan | εvar=nan | corr(ε,x)=nan | t=nans
     1 | base=0.003548 | val=0.236476 | acc1=0.9278 | Wμ=9.786 | Aμ=10.001 | Wmax=10.004 | Amax=9.994 |LR=0.000198 | ‖g‖=nan | satA=nan | satW=nan | εμ=nan | εvar=nan | corr(ε,x)=nan | t=nans
     3 | base=0.003461 | val=0.237902 | acc1=0.9274 | Wμ=9.786 | Aμ=10.003 | Wmax=10.007 | Amax=9.997 |LR=0.000398 | ‖g‖=nan | satA=nan | satW=nan | εμ=nan | εvar=nan | corr(ε,x)=nan | t=nans
     5 | base=0.003688 | val=0.238613 | acc1=0.9278 | Wμ=9.787 | Aμ=10.009 | Wmax=10.014 | Amax=10.001 |LR=0.000598 | ‖g‖=nan | satA=nan | satW=nan | εμ=nan | εvar=nan | corr(ε,x)=nan | t=nans
     7 | base=0.004443 | val=0.237782 | acc1=0.9272 | Wμ=9.787 | Aμ=10.018 | Wmax=10.025 | Amax=10.011 |LR=0.000798 | ‖g‖=nan | satA=nan | satW=nan | εμ=nan | εvar=nan | corr(ε,x)=nan | t=nans
     9 | base=0.006874 | val=0.241789 | acc1=0.9244 | Wμ=9.790 | Aμ=10.031 | Wmax=10.047 | Amax=10.012 |LR=0.000998 | ‖g‖=nan | satA=nan | satW=nan | εμ=nan | εvar=nan | corr(ε,x)=nan | t=nans
    11 | base=0.011338 | val=0.244703 | acc1=0.9228 | Wμ=9.794 | Aμ=10.046 | Wmax=10.071 | Amax=10.035 |LR=0.001198 | ‖g‖=nan | satA=nan | satW=nan | εμ=nan | εvar=nan | corr(ε,x)=nan | t=nans
    13 | base=0.023750 | val=0.246049 | acc1=0.9246 | Wμ=9.803 | Aμ=10.060 | Wmax=10.111 | Amax=10.056 |LR=0.001398 | ‖g‖=nan | satA=nan | satW=nan | εμ=nan | εvar=nan | corr(ε,x)=nan | t=nans
    15 | base=0.029477 | val=0.262415 | acc1=0.9213 | Wμ=9.813 | Aμ=10.077 | Wmax=10.152 | Amax=10.076 |LR=0.001598 | ‖g‖=nan | satA=nan | satW=nan | εμ=nan | εvar=nan | corr(ε,x)=nan | t=nans
    17 | base=0.034247 | val=0.257468 | acc1=0.9171 | Wμ=9.832 | Aμ=10.084 | Wmax=10.237 | Amax=10.101 |LR=0.001798 | ‖g‖=nan | satA=nan | satW=nan | εμ=nan | εvar=nan | corr(ε,x)=nan | t=nans
    19 | base=0.045393 | val=0.286765 | acc1=0.9133 | Wμ=9.850 | Aμ=10.089 | Wmax=10.244 | Amax=10.105 |LR=0.001998 | ‖g‖=nan | satA=nan | satW=nan | εμ=nan | εvar=nan | corr(ε,x)=nan | t=nans
    21 | base=0.041062 | val=0.262083 | acc1=0.9186 | Wμ=9.616 | Aμ=9.823 | Wmax=9.973 | Amax=10.029 |LR=0.002 | ‖g‖=nan | satA=nan | satW=nan | εμ=nan | εvar=nan | corr(ε,x)=nan | t=nans
    23 | base=0.041759 | val=0.272875 | acc1=0.9171 | Wμ=9.091 | Aμ=9.524 | Wmax=9.674 | Amax=9.928 |LR=0.002 | ‖g‖=nan | satA=nan | satW=nan | εμ=nan | εvar=nan | corr(ε,x)=nan | t=nans
    25 | base=0.041500 | val=0.250836 | acc1=0.9213 | Wμ=8.608 | Aμ=9.208 | Wmax=9.308 | Amax=9.863 |LR=0.002 | ‖g‖=nan | satA=nan | satW=nan | εμ=nan | εvar=nan | corr(ε,x)=nan | t=nans
    27 | base=0.031620 | val=0.256430 | acc1=0.9212 | Wμ=8.171 | Aμ=8.883 | Wmax=8.940 | Amax=9.780 |LR=0.002 | ‖g‖=nan | satA=nan | satW=nan | εμ=nan | εvar=nan | corr(ε,x)=nan | t=nans
    29 | base=0.036250 | val=0.254349 | acc1=0.9204 | Wμ=7.735 | Aμ=8.522 | Wmax=8.589 | Amax=9.641 |LR=0.002 | ‖g‖=nan | satA=nan | satW=nan | εμ=nan | εvar=nan | corr(ε,x)=nan | t=nans
    31 | base=0.033160 | val=0.250377 | acc1=0.9199 | Wμ=7.306 | Aμ=8.174 | Wmax=8.262 | Amax=9.463 |LR=0.002 | ‖g‖=nan | satA=nan | satW=nan | εμ=nan | εvar=nan | corr(ε,x)=nan | t=nans
    33 | base=0.037620 | val=0.253785 | acc1=0.9196 | Wμ=6.905 | Aμ=7.832 | Wmax=7.931 | Amax=9.244 |LR=0.002 | ‖g‖=nan | satA=nan | satW=nan | εμ=nan | εvar=nan | corr(ε,x)=nan | t=nans
    35 | base=0.042327 | val=0.247523 | acc1=0.9228 | Wμ=6.517 | Aμ=7.517 | Wmax=7.622 | Amax=9.039 |LR=0.002 | ‖g‖=nan | satA=nan | satW=nan | εμ=nan | εvar=nan | corr(ε,x)=nan | t=nans
    37 | base=0.047448 | val=0.258754 | acc1=0.9184 | Wμ=6.146 | Aμ=7.219 | Wmax=7.295 | Amax=8.802 |LR=0.002 | ‖g‖=nan | satA=nan | satW=nan | εμ=nan | εvar=nan | corr(ε,x)=nan | t=nans
    39 | base=0.053730 | val=0.253605 | acc1=0.9210 | Wμ=5.778 | Aμ=6.935 | Wmax=6.989 | Amax=8.562 |LR=0.002 | ‖g‖=nan | satA=nan | satW=nan | εμ=nan | εvar=nan | corr(ε,x)=nan | t=nans
    41 | base=0.057498 | val=0.260786 | acc1=0.9193 | Wμ=5.416 | Aμ=6.666 | Wmax=6.687 | Amax=8.362 |LR=0.002 | ‖g‖=nan | satA=nan | satW=nan | εμ=nan | εvar=nan | corr(ε,x)=nan | t=nans
    43 | base=0.074106 | val=0.276072 | acc1=0.9129 | Wμ=5.056 | Aμ=6.425 | Wmax=6.375 | Amax=8.124 |LR=0.002 | ‖g‖=nan | satA=nan | satW=nan | εμ=nan | εvar=nan | corr(ε,x)=nan | t=nans
    45 | base=0.058830 | val=0.276099 | acc1=0.9104 | Wμ=4.699 | Aμ=6.210 | Wmax=6.087 | Amax=7.925 |LR=0.002 | ‖g‖=nan | satA=nan | satW=nan | εμ=nan | εvar=nan | corr(ε,x)=nan | t=nans
    47 | base=0.062789 | val=0.270294 | acc1=0.9153 | Wμ=4.360 | Aμ=5.986 | Wmax=5.807 | Amax=7.658 |LR=0.002 | ‖g‖=nan | satA=nan | satW=nan | εμ=nan | εvar=nan | corr(ε,x)=nan | t=nans
    49 | base=0.082886 | val=0.277707 | acc1=0.9142 | Wμ=4.033 | Aμ=5.798 | Wmax=5.555 | Amax=7.435 |LR=0.002 | ‖g‖=nan | satA=nan | satW=nan | εμ=nan | εvar=nan | corr(ε,x)=nan | t=nans
    51 | base=0.108889 | val=0.290462 | acc1=0.9085 | Wμ=3.726 | Aμ=5.644 | Wmax=5.248 | Amax=7.219 |LR=0.002 | ‖g‖=nan | satA=nan | satW=nan | εμ=nan | εvar=nan | corr(ε,x)=nan | t=nans
    53 | base=0.097471 | val=0.294246 | acc1=0.9058 | Wμ=3.414 | Aμ=5.514 | Wmax=5.000 | Amax=7.066 |LR=0.002 | ‖g‖=nan | satA=nan | satW=nan | εμ=nan | εvar=nan | corr(ε,x)=nan | t=nans
    55 | base=0.115417 | val=0.330824 | acc1=0.8964 | Wμ=3.132 | Aμ=5.386 | Wmax=4.755 | Amax=6.919 |LR=0.002 | ‖g‖=nan | satA=nan | satW=nan | εμ=nan | εvar=nan | corr(ε,x)=nan | t=nans
    57 | base=0.162108 | val=0.307206 | acc1=0.9016 | Wμ=2.871 | Aμ=5.275 | Wmax=4.524 | Amax=6.807 |LR=0.002 | ‖g‖=nan | satA=nan | satW=nan | εμ=nan | εvar=nan | corr(ε,x)=nan | t=nans
    59 | base=0.116965 | val=0.369789 | acc1=0.8806 | Wμ=2.627 | Aμ=5.159 | Wmax=4.322 | Amax=6.615 |LR=0.002 | ‖g‖=nan | satA=nan | satW=nan | εμ=nan | εvar=nan | corr(ε,x)=nan | t=nans
    61 | base=0.158249 | val=0.307910 | acc1=0.9042 | Wμ=2.413 | Aμ=5.057 | Wmax=4.087 | Amax=6.492 |LR=0.002 | ‖g‖=nan | satA=nan | satW=nan | εμ=nan | εvar=nan | corr(ε,x)=nan | t=nans
    63 | base=0.189558 | val=0.325516 | acc1=0.8950 | Wμ=2.221 | Aμ=4.964 | Wmax=3.907 | Amax=6.358 |LR=0.002 | ‖g‖=nan | satA=nan | satW=nan | εμ=nan | εvar=nan | corr(ε,x)=nan | t=nans
    65 | base=0.209933 | val=0.636008 | acc1=0.8148 | Wμ=2.062 | Aμ=4.875 | Wmax=3.700 | Amax=6.229 |LR=0.002 | ‖g‖=nan | satA=nan | satW=nan | εμ=nan | εvar=nan | corr(ε,x)=nan | t=nans
    67 | base=0.227587 | val=0.392941 | acc1=0.8788 | Wμ=1.930 | Aμ=4.779 | Wmax=3.700 | Amax=6.150 |LR=0.002 | ‖g‖=nan | satA=nan | satW=nan | εμ=nan | εvar=nan | corr(ε,x)=nan | t=nans
    69 | base=0.234764 | val=0.418932 | acc1=0.8729 | Wμ=1.830 | Aμ=4.692 | Wmax=3.585 | Amax=6.000 |LR=0.002 | ‖g‖=nan | satA=nan | satW=nan | εμ=nan | εvar=nan | corr(ε,x)=nan | t=nans
    71 | base=0.273394 | val=0.417227 | acc1=0.8686 | Wμ=1.737 | Aμ=4.601 | Wmax=3.459 | Amax=5.781 |LR=0.002 | ‖g‖=nan | satA=nan | satW=nan | εμ=nan | εvar=nan | corr(ε,x)=nan | t=nans
    73 | base=0.256364 | val=0.414022 | acc1=0.8718 | Wμ=1.651 | Aμ=4.520 | Wmax=3.322 | Amax=5.700 |LR=0.002 | ‖g‖=nan | satA=nan | satW=nan | εμ=nan | εvar=nan | corr(ε,x)=nan | t=nans
    75 | base=0.342968 | val=0.574145 | acc1=0.8220 | Wμ=1.580 | Aμ=4.413 | Wmax=3.170 | Amax=5.615 |LR=0.002 | ‖g‖=nan | satA=nan | satW=nan | εμ=nan | εvar=nan | corr(ε,x)=nan | t=nans
    77 | base=0.406352 | val=0.587739 | acc1=0.8220 | Wμ=1.517 | Aμ=4.321 | Wmax=3.000 | Amax=5.492 |LR=0.002 | ‖g‖=nan | satA=nan | satW=nan | εμ=nan | εvar=nan | corr(ε,x)=nan | t=nans
    79 | base=0.347200 | val=0.931084 | acc1=0.7125 | Wμ=1.469 | Aμ=4.237 | Wmax=3.170 | Amax=5.392 |LR=0.002 | ‖g‖=nan | satA=nan | satW=nan | εμ=nan | εvar=nan | corr(ε,x)=nan | t=nans
    81 | base=0.420388 | val=0.499924 | acc1=0.8323 | Wμ=1.426 | Aμ=4.143 | Wmax=3.000 | Amax=5.209 |LR=0.002 | ‖g‖=nan | satA=nan | satW=nan | εμ=nan | εvar=nan | corr(ε,x)=nan | t=nans
    83 | base=0.426246 | val=0.626991 | acc1=0.8101 | Wμ=1.389 | Aμ=4.051 | Wmax=2.807 | Amax=5.129 |LR=0.002 | ‖g‖=nan | satA=nan | satW=nan | εμ=nan | εvar=nan | corr(ε,x)=nan | t=nans
    85 | base=0.428354 | val=1.046973 | acc1=0.7208 | Wμ=1.353 | Aμ=3.934 | Wmax=2.807 | Amax=4.954 |LR=0.002 | ‖g‖=nan | satA=nan | satW=nan | εμ=nan | εvar=nan | corr(ε,x)=nan | t=nans
    87 | base=0.479454 | val=0.699507 | acc1=0.7793 | Wμ=1.315 | Aμ=3.835 | Wmax=2.585 | Amax=4.755 |LR=0.002 | ‖g‖=nan | satA=nan | satW=nan | εμ=nan | εvar=nan | corr(ε,x)=nan | t=nans
    89 | base=0.447053 | val=1.161211 | acc1=0.6758 | Wμ=1.276 | Aμ=3.714 | Wmax=2.585 | Amax=4.585 |LR=0.002 | ‖g‖=nan | satA=nan | satW=nan | εμ=nan | εvar=nan | corr(ε,x)=nan | t=nans
    91 | base=0.506116 | val=0.685852 | acc1=0.7930 | Wμ=1.242 | Aμ=3.583 | Wmax=2.585 | Amax=4.459 |LR=0.002 | ‖g‖=nan | satA=nan | satW=nan | εμ=nan | εvar=nan | corr(ε,x)=nan | t=nans
    93 | base=0.473590 | val=0.896657 | acc1=0.7350 | Wμ=1.212 | Aμ=3.479 | Wmax=2.585 | Amax=4.322 |LR=0.002 | ‖g‖=nan | satA=nan | satW=nan | εμ=nan | εvar=nan | corr(ε,x)=nan | t=nans
    95 | base=0.526443 | val=0.654294 | acc1=0.7989 | Wμ=1.183 | Aμ=3.349 | Wmax=2.585 | Amax=4.170 |LR=0.002 | ‖g‖=nan | satA=nan | satW=nan | εμ=nan | εvar=nan | corr(ε,x)=nan | t=nans
    97 | base=0.494065 | val=0.756720 | acc1=0.7577 | Wμ=1.158 | Aμ=3.256 | Wmax=2.322 | Amax=4.087 |LR=0.002 | ‖g‖=nan | satA=nan | satW=nan | εμ=nan | εvar=nan | corr(ε,x)=nan | t=nans
    99 | base=0.574950 | val=0.909585 | acc1=0.7302 | Wμ=1.137 | Aμ=3.140 | Wmax=2.322 | Amax=3.807 |LR=0.002 | ‖g‖=nan | satA=nan | satW=nan | εμ=nan | εvar=nan | corr(ε,x)=nan | t=nans
   101 | base=0.490645 | val=0.798412 | acc1=0.7666 | Wμ=1.119 | Aμ=2.993 | Wmax=2.322 | Amax=3.585 |LR=0.002 | ‖g‖=nan | satA=nan | satW=nan | εμ=nan | εvar=nan | corr(ε,x)=nan | t=nans
   103 | base=0.483514 | val=0.801819 | acc1=0.7687 | Wμ=1.101 | Aμ=2.922 | Wmax=2.322 | Amax=3.459 |LR=0.002 | ‖g‖=nan | satA=nan | satW=nan | εμ=nan | εvar=nan | corr(ε,x)=nan | t=nans
   105 | base=0.570067 | val=0.652084 | acc1=0.8019 | Wμ=1.085 | Aμ=2.821 | Wmax=2.000 | Amax=3.322 |LR=0.002 | ‖g‖=nan | satA=nan | satW=nan | εμ=nan | εvar=nan | corr(ε,x)=nan | t=nans
   107 | base=0.521735 | val=1.507235 | acc1=0.6285 | Wμ=1.071 | Aμ=2.691 | Wmax=2.000 | Amax=3.170 |LR=0.002 | ‖g‖=nan | satA=nan | satW=nan | εμ=nan | εvar=nan | corr(ε,x)=nan | t=nans
   109 | base=0.559336 | val=0.913873 | acc1=0.7222 | Wμ=1.058 | Aμ=2.624 | Wmax=2.000 | Amax=3.000 |LR=0.002 | ‖g‖=nan | satA=nan | satW=nan | εμ=nan | εvar=nan | corr(ε,x)=nan | t=nans
   111 | base=0.561544 | val=1.650054 | acc1=0.5482 | Wμ=1.049 | Aμ=2.551 | Wmax=2.000 | Amax=3.000 |LR=0.002 | ‖g‖=nan | satA=nan | satW=nan | εμ=nan | εvar=nan | corr(ε,x)=nan | t=nans
   113 | base=0.526237 | val=0.807607 | acc1=0.7399 | Wμ=1.040 | Aμ=2.434 | Wmax=2.000 | Amax=3.000 |LR=0.002 | ‖g‖=nan | satA=nan | satW=nan | εμ=nan | εvar=nan | corr(ε,x)=nan | t=nans
   115 | base=0.604562 | val=1.486336 | acc1=0.5549 | Wμ=1.033 | Aμ=2.325 | Wmax=2.000 | Amax=2.807 |LR=0.002 | ‖g‖=nan | satA=nan | satW=nan | εμ=nan | εvar=nan | corr(ε,x)=nan | t=nans
   117 | base=0.688518 | val=0.826799 | acc1=0.7540 | Wμ=1.029 | Aμ=2.304 | Wmax=2.000 | Amax=2.585 |LR=0.002 | ‖g‖=nan | satA=nan | satW=nan | εμ=nan | εvar=nan | corr(ε,x)=nan | t=nans
   119 | base=0.620330 | val=0.794436 | acc1=0.7582 | Wμ=1.025 | Aμ=2.243 | Wmax=2.000 | Amax=2.585 |LR=0.002 | ‖g‖=nan | satA=nan | satW=nan | εμ=nan | εvar=nan | corr(ε,x)=nan | t=nans
   121 | base=0.672778 | val=0.828342 | acc1=0.7357 | Wμ=1.022 | Aμ=2.159 | Wmax=1.585 | Amax=2.585 |LR=0.002 | ‖g‖=nan | satA=nan | satW=nan | εμ=nan | εvar=nan | corr(ε,x)=nan | t=nans
   123 | base=0.716787 | val=0.649770 | acc1=0.7927 | Wμ=1.020 | Aμ=2.060 | Wmax=1.585 | Amax=2.585 |LR=0.002 | ‖g‖=nan | satA=nan | satW=nan | εμ=nan | εvar=nan | corr(ε,x)=nan | t=nans
   125 | base=0.639019 | val=1.223035 | acc1=0.6550 | Wμ=1.017 | Aμ=1.999 | Wmax=1.585 | Amax=2.585 |LR=0.002 | ‖g‖=nan | satA=nan | satW=nan | εμ=nan | εvar=nan | corr(ε,x)=nan | t=nans
   127 | base=0.767017 | val=1.639364 | acc1=0.5640 | Wμ=1.013 | Aμ=1.928 | Wmax=1.585 | Amax=2.322 |LR=0.002 | ‖g‖=nan | satA=nan | satW=nan | εμ=nan | εvar=nan | corr(ε,x)=nan | t=nans
   129 | base=0.832622 | val=1.035468 | acc1=0.7084 | Wμ=1.012 | Aμ=1.892 | Wmax=1.585 | Amax=2.322 |LR=0.002 | ‖g‖=nan | satA=nan | satW=nan | εμ=nan | εvar=nan | corr(ε,x)=nan | t=nans
   131 | base=0.693986 | val=0.957439 | acc1=0.7168 | Wμ=1.009 | Aμ=1.862 | Wmax=1.585 | Amax=2.585 |LR=0.002 | ‖g‖=nan | satA=nan | satW=nan | εμ=nan | εvar=nan | corr(ε,x)=nan | t=nans
   133 | base=0.790006 | val=0.670426 | acc1=0.7880 | Wμ=1.007 | Aμ=1.834 | Wmax=1.585 | Amax=2.322 |LR=0.002 | ‖g‖=nan | satA=nan | satW=nan | εμ=nan | εvar=nan | corr(ε,x)=nan | t=nans
   135 | base=0.803198 | val=1.036164 | acc1=0.7113 | Wμ=1.005 | Aμ=1.782 | Wmax=1.585 | Amax=2.322 |LR=0.002 | ‖g‖=nan | satA=nan | satW=nan | εμ=nan | εvar=nan | corr(ε,x)=nan | t=nans
   137 | base=0.772688 | val=0.948898 | acc1=0.7194 | Wμ=1.004 | Aμ=1.722 | Wmax=1.585 | Amax=2.322 |LR=0.002 | ‖g‖=nan | satA=nan | satW=nan | εμ=nan | εvar=nan | corr(ε,x)=nan | t=nans
   139 | base=0.799308 | val=0.837169 | acc1=0.7313 | Wμ=1.002 | Aμ=1.665 | Wmax=1.585 | Amax=2.000 |LR=0.002 | ‖g‖=nan | satA=nan | satW=nan | εμ=nan | εvar=nan | corr(ε,x)=nan | t=nans
   141 | base=0.766541 | val=0.973519 | acc1=0.7003 | Wμ=1.001 | Aμ=1.584 | Wmax=1.585 | Amax=2.000 |LR=0.002 | ‖g‖=nan | satA=nan | satW=nan | εμ=nan | εvar=nan | corr(ε,x)=nan | t=nans
   143 | base=0.803455 | val=0.702809 | acc1=0.7668 | Wμ=1.000 | Aμ=1.516 | Wmax=1.585 | Amax=2.000 |LR=0.002 | ‖g‖=nan | satA=nan | satW=nan | εμ=nan | εvar=nan | corr(ε,x)=nan | t=nans
   145 | base=0.920536 | val=1.028888 | acc1=0.6836 | Wμ=0.998 | Aμ=1.468 | Wmax=1.585 | Amax=2.000 |LR=0.002 | ‖g‖=nan | satA=nan | satW=nan | εμ=nan | εvar=nan | corr(ε,x)=nan | t=nans
   147 | base=0.985999 | val=0.829026 | acc1=0.7565 | Wμ=0.998 | Aμ=1.457 | Wmax=1.585 | Amax=2.000 |LR=0.002 | ‖g‖=nan | satA=nan | satW=nan | εμ=nan | εvar=nan | corr(ε,x)=nan | t=nans
   149 | base=0.924962 | val=1.157760 | acc1=0.6500 | Wμ=0.996 | Aμ=1.457 | Wmax=1.585 | Amax=2.000 |LR=0.002 | ‖g‖=nan | satA=nan | satW=nan | εμ=nan | εvar=nan | corr(ε,x)=nan | t=nans
   151 | base=0.794011 | val=1.022897 | acc1=0.7279 | Wμ=0.996 | Aμ=1.458 | Wmax=1.585 | Amax=2.000 |LR=0.002 | ‖g‖=nan | satA=nan | satW=nan | εμ=nan | εvar=nan | corr(ε,x)=nan | t=nans
   153 | base=0.882912 | val=0.884246 | acc1=0.7175 | Wμ=0.995 | Aμ=1.455 | Wmax=1.585 | Amax=2.000 |LR=0.002 | ‖g‖=nan | satA=nan | satW=nan | εμ=nan | εvar=nan | corr(ε,x)=nan | t=nans
   155 | base=0.911875 | val=0.859166 | acc1=0.7367 | Wμ=0.995 | Aμ=1.456 | Wmax=1.585 | Amax=2.000 |LR=0.002 | ‖g‖=nan | satA=nan | satW=nan | εμ=nan | εvar=nan | corr(ε,x)=nan | t=nans
   157 | base=0.853725 | val=0.677674 | acc1=0.7768 | Wμ=0.995 | Aμ=1.447 | Wmax=1.585 | Amax=2.000 |LR=0.002 | ‖g‖=nan | satA=nan | satW=nan | εμ=nan | εvar=nan | corr(ε,x)=nan | t=nans
   159 | base=0.924785 | val=0.687563 | acc1=0.7736 | Wμ=0.994 | Aμ=1.440 | Wmax=1.585 | Amax=2.000 |LR=0.002 | ‖g‖=nan | satA=nan | satW=nan | εμ=nan | εvar=nan | corr(ε,x)=nan | t=nans
   161 | base=0.886951 | val=0.595500 | acc1=0.8034 | Wμ=0.994 | Aμ=1.414 | Wmax=1.000 | Amax=2.000 |LR=0.002 | ‖g‖=nan | satA=nan | satW=nan | εμ=nan | εvar=nan | corr(ε,x)=nan | t=nans
   163 | base=0.976557 | val=1.079450 | acc1=0.6686 | Wμ=0.994 | Aμ=1.375 | Wmax=1.000 | Amax=2.000 |LR=0.002 | ‖g‖=nan | satA=nan | satW=nan | εμ=nan | εvar=nan | corr(ε,x)=nan | t=nans
   165 | base=0.948123 | val=0.852187 | acc1=0.7173 | Wμ=0.993 | Aμ=1.355 | Wmax=1.585 | Amax=2.000 |LR=0.002 | ‖g‖=nan | satA=nan | satW=nan | εμ=nan | εvar=nan | corr(ε,x)=nan | t=nans
   167 | base=1.016763 | val=0.697472 | acc1=0.7709 | Wμ=0.993 | Aμ=1.335 | Wmax=1.585 | Amax=1.585 |LR=0.002 | ‖g‖=nan | satA=nan | satW=nan | εμ=nan | εvar=nan | corr(ε,x)=nan | t=nans
   169 | base=0.885989 | val=1.003751 | acc1=0.6818 | Wμ=0.993 | Aμ=1.311 | Wmax=1.000 | Amax=1.585 |LR=0.002 | ‖g‖=nan | satA=nan | satW=nan | εμ=nan | εvar=nan | corr(ε,x)=nan | t=nans
   171 | base=0.847253 | val=0.636826 | acc1=0.7897 | Wμ=0.993 | Aμ=1.296 | Wmax=1.000 | Amax=2.000 |LR=0.002 | ‖g‖=nan | satA=nan | satW=nan | εμ=nan | εvar=nan | corr(ε,x)=nan | t=nans
   173 | base=0.948715 | val=0.868340 | acc1=0.7141 | Wμ=0.993 | Aμ=1.282 | Wmax=1.000 | Amax=1.585 |LR=0.002 | ‖g‖=nan | satA=nan | satW=nan | εμ=nan | εvar=nan | corr(ε,x)=nan | t=nans
   175 | base=0.981090 | val=0.648537 | acc1=0.7876 | Wμ=0.992 | Aμ=1.273 | Wmax=1.000 | Amax=1.585 |LR=0.002 | ‖g‖=nan | satA=nan | satW=nan | εμ=nan | εvar=nan | corr(ε,x)=nan | t=nans
   177 | base=0.967610 | val=0.970805 | acc1=0.6856 | Wμ=0.992 | Aμ=1.266 | Wmax=1.000 | Amax=1.585 |LR=0.002 | ‖g‖=nan | satA=nan | satW=nan | εμ=nan | εvar=nan | corr(ε,x)=nan | t=nans
   179 | base=1.073477 | val=1.147511 | acc1=0.6503 | Wμ=0.992 | Aμ=1.256 | Wmax=1.000 | Amax=1.585 |LR=0.002 | ‖g‖=nan | satA=nan | satW=nan | εμ=nan | εvar=nan | corr(ε,x)=nan | t=nans
   181 | base=1.058891 | val=1.125837 | acc1=0.6516 | Wμ=0.991 | Aμ=1.223 | Wmax=1.000 | Amax=1.585 |LR=0.002 | ‖g‖=nan | satA=nan | satW=nan | εμ=nan | εvar=nan | corr(ε,x)=nan | t=nans
   183 | base=0.949746 | val=1.232461 | acc1=0.6286 | Wμ=0.991 | Aμ=1.153 | Wmax=1.000 | Amax=1.585 |LR=0.002 | ‖g‖=nan | satA=nan | satW=nan | εμ=nan | εvar=nan | corr(ε,x)=nan | t=nans
   185 | base=1.101607 | val=0.679208 | acc1=0.7732 | Wμ=0.991 | Aμ=1.138 | Wmax=1.000 | Amax=1.585 |LR=0.002 | ‖g‖=nan | satA=nan | satW=nan | εμ=nan | εvar=nan | corr(ε,x)=nan | t=nans
   187 | base=1.308395 | val=1.094405 | acc1=0.6623 | Wμ=0.991 | Aμ=1.131 | Wmax=1.000 | Amax=1.585 |LR=0.002 | ‖g‖=nan | satA=nan | satW=nan | εμ=nan | εvar=nan | corr(ε,x)=nan | t=nans
   189 | base=1.031602 | val=0.915864 | acc1=0.7157 | Wμ=0.991 | Aμ=1.124 | Wmax=1.000 | Amax=1.585 |LR=0.002 | ‖g‖=nan | satA=nan | satW=nan | εμ=nan | εvar=nan | corr(ε,x)=nan | t=nans
   191 | base=1.108282 | val=0.968538 | acc1=0.7166 | Wμ=0.991 | Aμ=1.125 | Wmax=1.000 | Amax=1.585 |LR=0.002 | ‖g‖=nan | satA=nan | satW=nan | εμ=nan | εvar=nan | corr(ε,x)=nan | t=nans
   193 | base=1.228298 | val=0.818676 | acc1=0.7175 | Wμ=0.991 | Aμ=1.124 | Wmax=1.000 | Amax=1.585 |LR=0.002 | ‖g‖=nan | satA=nan | satW=nan | εμ=nan | εvar=nan | corr(ε,x)=nan | t=nans
   195 | base=1.173853 | val=0.771595 | acc1=0.7551 | Wμ=0.991 | Aμ=1.125 | Wmax=1.000 | Amax=1.585 |LR=0.002 | ‖g‖=nan | satA=nan | satW=nan | εμ=nan | εvar=nan | corr(ε,x)=nan | t=nans
   197 | base=0.976074 | val=0.984379 | acc1=0.7040 | Wμ=0.992 | Aμ=1.124 | Wmax=1.000 | Amax=1.585 |LR=0.002 | ‖g‖=nan | satA=nan | satW=nan | εμ=nan | εvar=nan | corr(ε,x)=nan | t=nans
   199 | base=1.141043 | val=0.968425 | acc1=0.7062 | Wμ=0.991 | Aμ=1.125 | Wmax=1.000 | Amax=1.585 |LR=0.002 | ‖g‖=nan | satA=nan | satW=nan | εμ=nan | εvar=nan | corr(ε,x)=nan | t=nans
   201 | base=1.087201 | val=1.197575 | acc1=0.6536 | Wμ=0.991 | Aμ=1.123 | Wmax=1.000 | Amax=1.585 |LR=0.002 | ‖g‖=nan | satA=nan | satW=nan | εμ=nan | εvar=nan | corr(ε,x)=nan | t=nans
   203 | base=1.251409 | val=0.885343 | acc1=0.7212 | Wμ=0.992 | Aμ=1.123 | Wmax=1.000 | Amax=1.585 |LR=0.002 | ‖g‖=nan | satA=nan | satW=nan | εμ=nan | εvar=nan | corr(ε,x)=nan | t=nans
   205 | base=1.143212 | val=1.151851 | acc1=0.6154 | Wμ=0.990 | Aμ=1.120 | Wmax=1.000 | Amax=1.000 |LR=0.002 | ‖g‖=nan | satA=nan | satW=nan | εμ=nan | εvar=nan | corr(ε,x)=nan | t=nans
   207 | base=1.096979 | val=0.729245 | acc1=0.7494 | Wμ=0.991 | Aμ=1.115 | Wmax=1.000 | Amax=1.585 |LR=0.0017238 | ‖g‖=nan | satA=nan | satW=nan | εμ=nan | εvar=nan | corr(ε,x)=nan | t=nans
   209 | base=1.268481 | val=0.832946 | acc1=0.7414 | Wμ=0.991 | Aμ=1.106 | Wmax=1.000 | Amax=1.585 |LR=0.0017212 | ‖g‖=nan | satA=nan | satW=nan | εμ=nan | εvar=nan | corr(ε,x)=nan | t=nans
   211 | base=1.125625 | val=1.228728 | acc1=0.6050 | Wμ=0.991 | Aμ=1.093 | Wmax=1.000 | Amax=1.000 |LR=0.0017212 | ‖g‖=nan | satA=nan | satW=nan | εμ=nan | εvar=nan | corr(ε,x)=nan | t=nans
   213 | base=1.131051 | val=0.710282 | acc1=0.7625 | Wμ=0.991 | Aμ=1.087 | Wmax=1.000 | Amax=1.585 |LR=0.0014835 | ‖g‖=nan | satA=nan | satW=nan | εμ=nan | εvar=nan | corr(ε,x)=nan | t=nans
   215 | base=1.127689 | val=0.713860 | acc1=0.7592 | Wμ=0.991 | Aμ=1.083 | Wmax=1.000 | Amax=1.585 |LR=0.0014813 | ‖g‖=nan | satA=nan | satW=nan | εμ=nan | εvar=nan | corr(ε,x)=nan | t=nans
   217 | base=1.049292 | val=1.059925 | acc1=0.6816 | Wμ=0.992 | Aμ=1.076 | Wmax=1.000 | Amax=1.585 |LR=0.0014813 | ‖g‖=nan | satA=nan | satW=nan | εμ=nan | εvar=nan | corr(ε,x)=nan | t=nans
   219 | base=1.183179 | val=1.088322 | acc1=0.6736 | Wμ=0.992 | Aμ=1.064 | Wmax=1.000 | Amax=1.000 |LR=0.0014813 | ‖g‖=nan | satA=nan | satW=nan | εμ=nan | εvar=nan | corr(ε,x)=nan | t=nans
   221 | base=1.185599 | val=0.885653 | acc1=0.7268 | Wμ=0.992 | Aμ=1.054 | Wmax=1.000 | Amax=1.585 |LR=0.0012767 | ‖g‖=nan | satA=nan | satW=nan | εμ=nan | εvar=nan | corr(ε,x)=nan | t=nans
   223 | base=1.157044 | val=0.895734 | acc1=0.7069 | Wμ=0.992 | Aμ=1.047 | Wmax=1.000 | Amax=1.000 |LR=0.0012748 | ‖g‖=nan | satA=nan | satW=nan | εμ=nan | εvar=nan | corr(ε,x)=nan | t=nans
   225 | base=1.084976 | val=0.658783 | acc1=0.7833 | Wμ=0.992 | Aμ=1.039 | Wmax=1.000 | Amax=1.000 |LR=0.0010988 | ‖g‖=nan | satA=nan | satW=nan | εμ=nan | εvar=nan | corr(ε,x)=nan | t=nans
   227 | base=1.021832 | val=0.626003 | acc1=0.7927 | Wμ=0.992 | Aμ=1.025 | Wmax=1.000 | Amax=1.000 |LR=0.00094562 | ‖g‖=nan | satA=nan | satW=nan | εμ=nan | εvar=nan | corr(ε,x)=nan | t=nans
   229 | base=1.075995 | val=0.871317 | acc1=0.7282 | Wμ=0.992 | Aμ=1.011 | Wmax=1.000 | Amax=1.000 |LR=0.00081381 | ‖g‖=nan | satA=nan | satW=nan | εμ=nan | εvar=nan | corr(ε,x)=nan | t=nans
   231 | base=1.104950 | val=0.577618 | acc1=0.8121 | Wμ=0.993 | Aμ=1.000 | Wmax=1.000 | Amax=1.000 |LR=0.00070037 | ‖g‖=nan | satA=nan | satW=nan | εμ=nan | εvar=nan | corr(ε,x)=nan | t=nans
   233 | base=1.008285 | val=0.651745 | acc1=0.7957 | Wμ=0.993 | Aμ=0.998 | Wmax=1.000 | Amax=1.000 |LR=0.00060275 | ‖g‖=nan | satA=nan | satW=nan | εμ=nan | εvar=nan | corr(ε,x)=nan | t=nans
   235 | base=0.999888 | val=0.556761 | acc1=0.8149 | Wμ=0.993 | Aμ=0.998 | Wmax=1.000 | Amax=1.000 |LR=0.00051873 | ‖g‖=nan | satA=nan | satW=nan | εμ=nan | εvar=nan | corr(ε,x)=nan | t=nans
   237 | base=0.944371 | val=0.680665 | acc1=0.7808 | Wμ=0.993 | Aμ=0.998 | Wmax=1.000 | Amax=1.000 |LR=0.00044643 | ‖g‖=nan | satA=nan | satW=nan | εμ=nan | εvar=nan | corr(ε,x)=nan | t=nans
   239 | base=0.989042 | val=0.731272 | acc1=0.7643 | Wμ=0.994 | Aμ=0.999 | Wmax=1.000 | Amax=1.000 |LR=0.0003842 | ‖g‖=nan | satA=nan | satW=nan | εμ=nan | εvar=nan | corr(ε,x)=nan | t=nans
   241 | base=0.963759 | val=0.602378 | acc1=0.8001 | Wμ=0.994 | Aμ=0.999 | Wmax=1.000 | Amax=1.000 |LR=0.00033065 | ‖g‖=nan | satA=nan | satW=nan | εμ=nan | εvar=nan | corr(ε,x)=nan | t=nans
   243 | base=0.956970 | val=0.745722 | acc1=0.7759 | Wμ=0.994 | Aμ=0.999 | Wmax=1.000 | Amax=1.000 |LR=0.00028456 | ‖g‖=nan | satA=nan | satW=nan | εμ=nan | εvar=nan | corr(ε,x)=nan | t=nans
   245 | base=1.011446 | val=0.582835 | acc1=0.8089 | Wμ=0.994 | Aμ=0.998 | Wmax=1.000 | Amax=1.000 |LR=0.00024489 | ‖g‖=nan | satA=nan | satW=nan | εμ=nan | εvar=nan | corr(ε,x)=nan | t=nans
   247 | base=0.916936 | val=0.747025 | acc1=0.7642 | Wμ=0.995 | Aμ=0.999 | Wmax=1.000 | Amax=1.000 |LR=0.00021076 | ‖g‖=nan | satA=nan | satW=nan | εμ=nan | εvar=nan | corr(ε,x)=nan | t=nans
   249 | base=0.925106 | val=0.595933 | acc1=0.8090 | Wμ=0.995 | Aμ=0.999 | Wmax=1.000 | Amax=1.000 |LR=0.00018138 | ‖g‖=nan | satA=nan | satW=nan | εμ=nan | εvar=nan | corr(ε,x)=nan | t=nans
   251 | base=0.863610 | val=0.698847 | acc1=0.7781 | Wμ=0.995 | Aμ=0.999 | Wmax=1.000 | Amax=1.000 |LR=0.0001561 | ‖g‖=nan | satA=nan | satW=nan | εμ=nan | εvar=nan | corr(ε,x)=nan | t=nans
   253 | base=0.959678 | val=0.585953 | acc1=0.8111 | Wμ=0.995 | Aμ=0.999 | Wmax=1.000 | Amax=1.000 |LR=0.00013434 | ‖g‖=nan | satA=nan | satW=nan | εμ=nan | εvar=nan | corr(ε,x)=nan | t=nans
   255 | base=0.953880 | val=0.595419 | acc1=0.8041 | Wμ=0.995 | Aμ=0.999 | Wmax=1.000 | Amax=1.000 |LR=0.00011561 | ‖g‖=nan | satA=nan | satW=nan | εμ=nan | εvar=nan | corr(ε,x)=nan | t=nans
   257 | base=0.950988 | val=0.533974 | acc1=0.8237 | Wμ=0.995 | Aμ=0.999 | Wmax=1.000 | Amax=1.000 |LR=9.9499e-05 | ‖g‖=nan | satA=nan | satW=nan | εμ=nan | εvar=nan | corr(ε,x)=nan | t=nans
   259 | base=0.944769 | val=0.646264 | acc1=0.7857 | Wμ=0.996 | Aμ=0.999 | Wmax=1.000 | Amax=1.000 |LR=8.563e-05 | ‖g‖=nan | satA=nan | satW=nan | εμ=nan | εvar=nan | corr(ε,x)=nan | t=nans
   261 | base=0.913919 | val=0.555016 | acc1=0.8141 | Wμ=0.996 | Aμ=0.999 | Wmax=1.000 | Amax=1.000 |LR=7.3694e-05 | ‖g‖=nan | satA=nan | satW=nan | εμ=nan | εvar=nan | corr(ε,x)=nan | t=nans
   263 | base=0.872665 | val=0.586229 | acc1=0.8139 | Wμ=0.996 | Aμ=0.999 | Wmax=1.000 | Amax=1.000 |LR=6.3422e-05 | ‖g‖=nan | satA=nan | satW=nan | εμ=nan | εvar=nan | corr(ε,x)=nan | t=nans
   265 | base=0.934507 | val=0.738531 | acc1=0.7699 | Wμ=0.996 | Aμ=0.999 | Wmax=1.000 | Amax=1.000 |LR=5.4582e-05 | ‖g‖=nan | satA=nan | satW=nan | εμ=nan | εvar=nan | corr(ε,x)=nan | t=nans
   267 | base=0.931529 | val=0.559778 | acc1=0.8168 | Wμ=0.996 | Aμ=0.999 | Wmax=1.000 | Amax=1.000 |LR=4.6974e-05 | ‖g‖=nan | satA=nan | satW=nan | εμ=nan | εvar=nan | corr(ε,x)=nan | t=nans
   269 | base=0.853602 | val=0.520258 | acc1=0.8311 | Wμ=0.996 | Aμ=0.999 | Wmax=1.000 | Amax=1.000 |LR=4.0426e-05 | ‖g‖=nan | satA=nan | satW=nan | εμ=nan | εvar=nan | corr(ε,x)=nan | t=nans
   271 | base=0.891975 | val=0.653803 | acc1=0.7897 | Wμ=0.996 | Aμ=0.999 | Wmax=1.000 | Amax=1.000 |LR=3.4791e-05 | ‖g‖=nan | satA=nan | satW=nan | εμ=nan | εvar=nan | corr(ε,x)=nan | t=nans
   273 | base=0.913565 | val=0.578428 | acc1=0.8070 | Wμ=0.997 | Aμ=0.999 | Wmax=1.000 | Amax=1.000 |LR=2.9942e-05 | ‖g‖=nan | satA=nan | satW=nan | εμ=nan | εvar=nan | corr(ε,x)=nan | t=nans
   275 | base=0.847123 | val=0.668591 | acc1=0.7834 | Wμ=0.997 | Aμ=0.999 | Wmax=1.000 | Amax=1.000 |LR=2.5768e-05 | ‖g‖=nan | satA=nan | satW=nan | εμ=nan | εvar=nan | corr(ε,x)=nan | t=nans
   277 | base=0.879579 | val=0.608278 | acc1=0.8063 | Wμ=0.997 | Aμ=0.999 | Wmax=1.000 | Amax=1.000 |LR=2.2176e-05 | ‖g‖=nan | satA=nan | satW=nan | εμ=nan | εvar=nan | corr(ε,x)=nan | t=nans
   279 | base=0.882113 | val=0.522401 | acc1=0.8297 | Wμ=0.997 | Aμ=0.999 | Wmax=1.000 | Amax=1.000 |LR=1.9085e-05 | ‖g‖=nan | satA=nan | satW=nan | εμ=nan | εvar=nan | corr(ε,x)=nan | t=nans
   281 | base=0.950427 | val=0.538870 | acc1=0.8261 | Wμ=0.997 | Aμ=0.999 | Wmax=1.000 | Amax=1.000 |LR=1.6425e-05 | ‖g‖=nan | satA=nan | satW=nan | εμ=nan | εvar=nan | corr(ε,x)=nan | t=nans
   283 | base=0.863392 | val=0.521304 | acc1=0.8311 | Wμ=0.997 | Aμ=0.999 | Wmax=1.000 | Amax=1.000 |LR=1.4135e-05 | ‖g‖=nan | satA=nan | satW=nan | εμ=nan | εvar=nan | corr(ε,x)=nan | t=nans
   285 | base=0.914423 | val=0.705113 | acc1=0.7703 | Wμ=0.997 | Aμ=0.999 | Wmax=1.000 | Amax=1.000 |LR=1.2165e-05 | ‖g‖=nan | satA=nan | satW=nan | εμ=nan | εvar=nan | corr(ε,x)=nan | t=nans
   287 | base=0.879678 | val=0.576172 | acc1=0.8147 | Wμ=0.997 | Aμ=0.999 | Wmax=1.000 | Amax=1.000 |LR=1.0469e-05 | ‖g‖=nan | satA=nan | satW=nan | εμ=nan | εvar=nan | corr(ε,x)=nan | t=nans
   289 | base=0.948867 | val=0.591364 | acc1=0.8123 | Wμ=0.997 | Aμ=0.999 | Wmax=1.000 | Amax=1.000 |LR=9.0101e-06 | ‖g‖=nan | satA=nan | satW=nan | εμ=nan | εvar=nan | corr(ε,x)=nan | t=nans
   291 | base=0.926713 | val=0.559442 | acc1=0.8162 | Wμ=0.997 | Aμ=0.999 | Wmax=1.000 | Amax=1.000 |LR=7.7542e-06 | ‖g‖=nan | satA=nan | satW=nan | εμ=nan | εvar=nan | corr(ε,x)=nan | t=nans
   293 | base=0.878817 | val=0.619594 | acc1=0.7974 | Wμ=0.997 | Aμ=0.999 | Wmax=1.000 | Amax=1.000 |LR=6.6734e-06 | ‖g‖=nan | satA=nan | satW=nan | εμ=nan | εvar=nan | corr(ε,x)=nan | t=nans
   295 | base=0.841139 | val=0.533966 | acc1=0.8248 | Wμ=0.997 | Aμ=0.999 | Wmax=1.000 | Amax=1.000 |LR=5.7432e-06 | ‖g‖=nan | satA=nan | satW=nan | εμ=nan | εvar=nan | corr(ε,x)=nan | t=nans
   297 | base=0.854752 | val=0.570024 | acc1=0.8101 | Wμ=0.997 | Aμ=0.999 | Wmax=1.000 | Amax=1.000 |LR=4.9426e-06 | ‖g‖=nan | satA=nan | satW=nan | εμ=nan | εvar=nan | corr(ε,x)=nan | t=nans
   299 | base=0.866219 | val=0.566286 | acc1=0.8179 | Wμ=0.997 | Aμ=0.999 | Wmax=1.000 | Amax=1.000 |LR=4.2537e-06 | ‖g‖=nan | satA=nan | satW=nan | εμ=nan | εvar=nan | corr(ε,x)=nan | t=nans
   301 | base=0.895521 | val=0.502295 | acc1=0.8350 | Wμ=0.997 | Aμ=0.999 | Wmax=1.000 | Amax=1.000 |LR=3.6608e-06 | ‖g‖=nan | satA=nan | satW=nan | εμ=nan | εvar=nan | corr(ε,x)=nan | t=nans
   303 | base=0.889111 | val=0.512313 | acc1=0.8297 | Wμ=0.997 | Aμ=0.999 | Wmax=1.000 | Amax=1.000 |LR=3.1505e-06 | ‖g‖=nan | satA=nan | satW=nan | εμ=nan | εvar=nan | corr(ε,x)=nan | t=nans
   305 | base=0.831193 | val=0.508903 | acc1=0.8318 | Wμ=0.997 | Aμ=0.999 | Wmax=1.000 | Amax=1.000 |LR=2.7114e-06 | ‖g‖=nan | satA=nan | satW=nan | εμ=nan | εvar=nan | corr(ε,x)=nan | t=nans
   307 | base=0.763414 | val=0.489933 | acc1=0.8366 | Wμ=0.997 | Aμ=0.999 | Wmax=1.000 | Amax=1.000 |LR=2.3334e-06 | ‖g‖=nan | satA=nan | satW=nan | εμ=nan | εvar=nan | corr(ε,x)=nan | t=nans
   309 | base=0.882355 | val=0.666621 | acc1=0.7810 | Wμ=0.997 | Aμ=0.999 | Wmax=1.000 | Amax=1.000 |LR=2.0082e-06 | ‖g‖=nan | satA=nan | satW=nan | εμ=nan | εvar=nan | corr(ε,x)=nan | t=nans
   311 | base=0.902502 | val=0.507058 | acc1=0.8313 | Wμ=0.997 | Aμ=0.999 | Wmax=1.000 | Amax=1.000 |LR=1.7283e-06 | ‖g‖=nan | satA=nan | satW=nan | εμ=nan | εvar=nan | corr(ε,x)=nan | t=nans
   313 | base=0.851413 | val=0.546775 | acc1=0.8229 | Wμ=0.997 | Aμ=0.999 | Wmax=1.000 | Amax=1.000 |LR=1.4874e-06 | ‖g‖=nan | satA=nan | satW=nan | εμ=nan | εvar=nan | corr(ε,x)=nan | t=nans
   315 | base=0.855745 | val=0.600177 | acc1=0.8047 | Wμ=0.997 | Aμ=0.999 | Wmax=1.000 | Amax=1.000 |LR=1.28e-06 | ‖g‖=nan | satA=nan | satW=nan | εμ=nan | εvar=nan | corr(ε,x)=nan | t=nans
   317 | base=0.879988 | val=0.503154 | acc1=0.8375 | Wμ=0.997 | Aμ=0.999 | Wmax=1.000 | Amax=1.000 |LR=1.1016e-06 | ‖g‖=nan | satA=nan | satW=nan | εμ=nan | εvar=nan | corr(ε,x)=nan | t=nans
   319 | base=0.866656 | val=0.502435 | acc1=0.8302 | Wμ=0.997 | Aμ=0.999 | Wmax=1.000 | Amax=1.000 |LR=9.4806e-07 | ‖g‖=nan | satA=nan | satW=nan | εμ=nan | εvar=nan | corr(ε,x)=nan | t=nans
   321 | base=0.872496 | val=0.684933 | acc1=0.7850 | Wμ=0.997 | Aμ=0.999 | Wmax=1.000 | Amax=1.000 |LR=8.1591e-07 | ‖g‖=nan | satA=nan | satW=nan | εμ=nan | εvar=nan | corr(ε,x)=nan | t=nans
   323 | base=0.856709 | val=0.497481 | acc1=0.8341 | Wμ=0.997 | Aμ=0.999 | Wmax=1.000 | Amax=1.000 |LR=7.0218e-07 | ‖g‖=nan | satA=nan | satW=nan | εμ=nan | εvar=nan | corr(ε,x)=nan | t=nans
   325 | base=0.893970 | val=0.545664 | acc1=0.8250 | Wμ=0.997 | Aμ=0.999 | Wmax=1.000 | Amax=1.000 |LR=6.043e-07 | ‖g‖=nan | satA=nan | satW=nan | εμ=nan | εvar=nan | corr(ε,x)=nan | t=nans
   327 | base=0.769032 | val=0.526857 | acc1=0.8243 | Wμ=0.997 | Aμ=0.999 | Wmax=1.000 | Amax=1.000 |LR=5.2007e-07 | ‖g‖=nan | satA=nan | satW=nan | εμ=nan | εvar=nan | corr(ε,x)=nan | t=nans
   329 | base=0.771112 | val=0.489621 | acc1=0.8380 | Wμ=0.997 | Aμ=0.999 | Wmax=1.000 | Amax=1.000 |LR=4.4758e-07 | ‖g‖=nan | satA=nan | satW=nan | εμ=nan | εvar=nan | corr(ε,x)=nan | t=nans
   331 | base=0.835091 | val=0.518710 | acc1=0.8307 | Wμ=0.997 | Aμ=0.999 | Wmax=1.000 | Amax=1.000 |LR=3.8519e-07 | ‖g‖=nan | satA=nan | satW=nan | εμ=nan | εvar=nan | corr(ε,x)=nan | t=nans
   333 | base=0.843370 | val=0.562905 | acc1=0.8161 | Wμ=0.997 | Aμ=0.999 | Wmax=1.000 | Amax=1.000 |LR=3.315e-07 | ‖g‖=nan | satA=nan | satW=nan | εμ=nan | εvar=nan | corr(ε,x)=nan | t=nans
   335 | base=0.892263 | val=0.530449 | acc1=0.8287 | Wμ=0.997 | Aμ=0.999 | Wmax=1.000 | Amax=1.000 |LR=2.8529e-07 | ‖g‖=nan | satA=nan | satW=nan | εμ=nan | εvar=nan | corr(ε,x)=nan | t=nans
   337 | base=0.795548 | val=0.540460 | acc1=0.8212 | Wμ=0.997 | Aμ=0.999 | Wmax=1.000 | Amax=1.000 |LR=2.4553e-07 | ‖g‖=nan | satA=nan | satW=nan | εμ=nan | εvar=nan | corr(ε,x)=nan | t=nans
   339 | base=0.886976 | val=0.494431 | acc1=0.8377 | Wμ=0.997 | Aμ=0.999 | Wmax=1.000 | Amax=1.000 |LR=2.113e-07 | ‖g‖=nan | satA=nan | satW=nan | εμ=nan | εvar=nan | corr(ε,x)=nan | t=nans
   341 | base=0.868648 | val=0.535145 | acc1=0.8259 | Wμ=0.997 | Aμ=0.999 | Wmax=1.000 | Amax=1.000 |LR=1.8185e-07 | ‖g‖=nan | satA=nan | satW=nan | εμ=nan | εvar=nan | corr(ε,x)=nan | t=nans
   343 | base=0.883289 | val=0.508288 | acc1=0.8352 | Wμ=0.997 | Aμ=0.999 | Wmax=1.000 | Amax=1.000 |LR=1.565e-07 | ‖g‖=nan | satA=nan | satW=nan | εμ=nan | εvar=nan | corr(ε,x)=nan | t=nans
   345 | base=0.814670 | val=0.486565 | acc1=0.8376 | Wμ=0.997 | Aμ=0.999 | Wmax=1.000 | Amax=1.000 |LR=1.3469e-07 | ‖g‖=nan | satA=nan | satW=nan | εμ=nan | εvar=nan | corr(ε,x)=nan | t=nans
   347 | base=0.845837 | val=0.521734 | acc1=0.8226 | Wμ=0.997 | Aμ=0.999 | Wmax=1.000 | Amax=1.000 |LR=1.1591e-07 | ‖g‖=nan | satA=nan | satW=nan | εμ=nan | εvar=nan | corr(ε,x)=nan | t=nans
   349 | base=0.875606 | val=0.502750 | acc1=0.8381 | Wμ=0.997 | Aμ=0.999 | Wmax=1.000 | Amax=1.000 |LR=9.9756e-08 | ‖g‖=nan | satA=nan | satW=nan | εμ=nan | εvar=nan | corr(ε,x)=nan | t=nans
   351 | base=0.842332 | val=0.499707 | acc1=0.8342 | Wμ=0.997 | Aμ=0.999 | Wmax=1.000 | Amax=1.000 |LR=8.5851e-08 | ‖g‖=nan | satA=nan | satW=nan | εμ=nan | εvar=nan | corr(ε,x)=nan | t=nans
   353 | base=0.810028 | val=0.495919 | acc1=0.8390 | Wμ=0.997 | Aμ=0.999 | Wmax=1.000 | Amax=1.000 |LR=7.3884e-08 | ‖g‖=nan | satA=nan | satW=nan | εμ=nan | εvar=nan | corr(ε,x)=nan | t=nans
   355 | base=0.823556 | val=0.514076 | acc1=0.8287 | Wμ=0.997 | Aμ=0.999 | Wmax=1.000 | Amax=1.000 |LR=6.3586e-08 | ‖g‖=nan | satA=nan | satW=nan | εμ=nan | εvar=nan | corr(ε,x)=nan | t=nans
   357 | base=0.911488 | val=0.495823 | acc1=0.8329 | Wμ=0.997 | Aμ=0.999 | Wmax=1.000 | Amax=1.000 |LR=5.4723e-08 | ‖g‖=nan | satA=nan | satW=nan | εμ=nan | εvar=nan | corr(ε,x)=nan | t=nans
