     0 | base=nan | val=1.104183 | acc1=nan | Wμ=nan | Aμ=nan | Wmax=nan | Amax=nan |LR=nan | t=nans
     0 | base=nan | val=1.104352 | acc1=0.7034 | Wμ=11.367 | Aμ=20.000 | Wmax=12.587 | Amax=14.104 |LR=nan | t=nans
     0 | base=nan | val=1.104495 | acc1=0.7028 | Wμ=10.000 | Aμ=20.000 | Wmax=10.000 | Amax=14.105 |LR=nan | t=nans
     0 | base=nan | val=1.104728 | acc1=0.7024 | Wμ=10.000 | Aμ=10.000 | Wmax=10.000 | Amax=9.988 |LR=nan | t=nans
# epoch | BaseLoss | ValLoss | Acc@1 | MeanWBits | MeanABits | MaxWBits | MaxABits | LR | GradNorm | WSat | ASat | NoiseMean | NoiseVar | NoiseCorr | Temp | EpochTime(s)
     0 | base=nan | val=1.111712 | acc1=0.7035 | Wμ=10.000 | Aμ=10.000 | Wmax=10.000 | Amax=9.976 |LR=nan | t=nans
     0 | base=0.096410 | val=1.129658 | acc1=0.6980 | Wμ=10.000 | Aμ=10.001 | Wmax=10.011 | Amax=10.002 |LR=0.00098 | t=9.02s
     1 | base=0.058933 | val=1.119948 | acc1=0.6971 | Wμ=10.001 | Aμ=10.005 | Wmax=10.024 | Amax=10.010 |LR=0.00198 | t=8.98s
     2 | base=0.047270 | val=1.144832 | acc1=0.6909 | Wμ=10.002 | Aμ=10.016 | Wmax=10.046 | Amax=10.025 |LR=0.00298 | t=8.99s
     3 | base=0.045780 | val=1.140839 | acc1=0.6925 | Wμ=10.004 | Aμ=10.029 | Wmax=10.057 | Amax=10.061 |LR=0.00398 | t=9.06s
     4 | base=0.052901 | val=1.165654 | acc1=0.6869 | Wμ=10.009 | Aμ=10.055 | Wmax=10.079 | Amax=10.110 |LR=0.00498 | t=8.98s
     5 | base=0.075540 | val=1.199130 | acc1=0.6757 | Wμ=10.018 | Aμ=10.090 | Wmax=10.091 | Amax=10.173 |LR=0.00598 | t=8.98s
     6 | base=0.104654 | val=1.222093 | acc1=0.6691 | Wμ=10.035 | Aμ=10.139 | Wmax=10.195 | Amax=10.241 |LR=0.00698 | t=8.98s
     7 | base=0.164186 | val=1.354869 | acc1=0.6361 | Wμ=10.065 | Aμ=10.190 | Wmax=10.295 | Amax=10.332 |LR=0.00798 | t=8.99s
     8 | base=0.266473 | val=1.514141 | acc1=0.6020 | Wμ=10.114 | Aμ=10.220 | Wmax=10.421 | Amax=10.418 |LR=0.00898 | t=8.97s
     9 | base=0.297667 | val=1.447737 | acc1=0.6138 | Wμ=10.171 | Aμ=10.270 | Wmax=10.555 | Amax=10.524 |LR=0.00998 | t=8.97s
    10 | base=0.312079 | val=1.411080 | acc1=0.6225 | Wμ=10.233 | Aμ=10.318 | Wmax=10.614 | Amax=10.549 |LR=0.01098 | t=9.00s
    11 | base=0.296223 | val=1.370669 | acc1=0.6291 | Wμ=10.294 | Aμ=10.336 | Wmax=10.725 | Amax=10.535 |LR=0.01198 | t=9.01s
    12 | base=0.314118 | val=1.473434 | acc1=0.6072 | Wμ=10.358 | Aμ=10.352 | Wmax=10.879 | Amax=10.641 |LR=0.01298 | t=9.02s
    13 | base=0.313976 | val=1.412056 | acc1=0.6169 | Wμ=10.424 | Aμ=10.406 | Wmax=11.018 | Amax=10.845 |LR=0.01398 | t=8.98s
    14 | base=0.315418 | val=1.462090 | acc1=0.6097 | Wμ=10.490 | Aμ=10.464 | Wmax=11.103 | Amax=10.894 |LR=0.01498 | t=8.99s
    15 | base=0.331344 | val=1.441293 | acc1=0.6159 | Wμ=10.557 | Aμ=10.484 | Wmax=11.217 | Amax=10.980 |LR=0.01598 | t=9.02s
    16 | base=0.355762 | val=1.668805 | acc1=0.5583 | Wμ=10.624 | Aμ=10.545 | Wmax=11.281 | Amax=11.129 |LR=0.01698 | t=8.97s
    17 | base=0.319758 | val=1.498652 | acc1=0.6039 | Wμ=10.690 | Aμ=10.561 | Wmax=11.439 | Amax=11.152 |LR=0.01798 | t=9.07s
    18 | base=0.336198 | val=1.493132 | acc1=0.6014 | Wμ=10.757 | Aμ=10.574 | Wmax=11.604 | Amax=11.122 |LR=0.01898 | t=9.10s
    19 | base=0.339767 | val=1.410689 | acc1=0.6170 | Wμ=10.825 | Aμ=10.677 | Wmax=11.600 | Amax=11.306 |LR=0.01998 | t=9.02s
    20 | base=0.349032 | val=1.394549 | acc1=0.6213 | Wμ=7.344 | Aμ=7.324 | Wmax=7.989 | Amax=8.864 |LR=0.02 | t=9.03s
    21 | base=0.471200 | val=1.571878 | acc1=0.5738 | Wμ=4.029 | Aμ=4.828 | Wmax=4.755 | Amax=6.524 |LR=0.02 | t=9.00s
    22 | base=1.401660 | val=4.154541 | acc1=0.1673 | Wμ=2.024 | Aμ=4.382 | Wmax=3.807 | Amax=6.022 |LR=0.02 | t=9.00s
    23 | base=1.946605 | val=6.777238 | acc1=0.0573 | Wμ=1.338 | Aμ=3.673 | Wmax=2.807 | Amax=5.044 |LR=0.02 | t=9.01s
    24 | base=1.752134 | val=8.507205 | acc1=0.0654 | Wμ=1.117 | Aμ=2.778 | Wmax=2.322 | Amax=3.807 |LR=0.02 | t=8.98s
    25 | base=1.757937 | val=5.082559 | acc1=0.1344 | Wμ=1.029 | Aμ=2.049 | Wmax=2.000 | Amax=2.585 |LR=0.02 | t=9.00s
    26 | base=1.769376 | val=3.641338 | acc1=0.2160 | Wμ=0.999 | Aμ=1.683 | Wmax=1.585 | Amax=2.322 |LR=0.02 | t=9.01s
    27 | base=2.010204 | val=4.797932 | acc1=0.1271 | Wμ=0.989 | Aμ=1.471 | Wmax=1.585 | Amax=2.000 |LR=0.02 | t=8.97s
    28 | base=2.134697 | val=4.486369 | acc1=0.1667 | Wμ=0.985 | Aμ=1.261 | Wmax=1.000 | Amax=1.585 |LR=0.02 | t=9.01s
    29 | base=2.105892 | val=3.930465 | acc1=0.1819 | Wμ=0.982 | Aμ=1.127 | Wmax=1.000 | Amax=1.585 |LR=0.02 | t=8.99s
    30 | base=2.289620 | val=4.559627 | acc1=0.1298 | Wμ=0.981 | Aμ=1.077 | Wmax=1.000 | Amax=1.585 |LR=0.02 | t=9.01s
    31 | base=2.242885 | val=4.382470 | acc1=0.1678 | Wμ=0.978 | Aμ=1.068 | Wmax=1.000 | Amax=1.585 |LR=0.02 | t=9.01s
    32 | base=2.186435 | val=3.967291 | acc1=0.1808 | Wμ=0.977 | Aμ=1.046 | Wmax=1.000 | Amax=1.000 |LR=0.02 | t=9.01s
    33 | base=2.131899 | val=3.976983 | acc1=0.2083 | Wμ=0.972 | Aμ=0.997 | Wmax=1.000 | Amax=1.000 |LR=0.018582 | t=9.01s
    34 | base=2.063665 | val=2.982590 | acc1=0.2958 | Wμ=0.970 | Aμ=0.979 | Wmax=1.000 | Amax=1.000 |LR=0.017238 | t=9.06s
    35 | base=2.020255 | val=3.263926 | acc1=0.2752 | Wμ=0.970 | Aμ=0.971 | Wmax=1.000 | Amax=1.000 |LR=0.015992 | t=9.02s
    36 | base=1.931602 | val=5.867949 | acc1=0.1196 | Wμ=0.968 | Aμ=0.958 | Wmax=1.000 | Amax=1.000 |LR=0.014835 | t=9.08s
    37 | base=1.925542 | val=4.438018 | acc1=0.1442 | Wμ=0.968 | Aμ=0.966 | Wmax=1.000 | Amax=1.000 |LR=0.013763 | t=9.10s
    38 | base=1.933075 | val=2.875424 | acc1=0.3082 | Wμ=0.969 | Aμ=0.974 | Wmax=1.000 | Amax=1.000 |LR=0.012767 | t=9.03s
    39 | base=1.849418 | val=3.463928 | acc1=0.2201 | Wμ=0.967 | Aμ=0.953 | Wmax=1.000 | Amax=1.000 |LR=0.011844 | t=9.10s
