     0 | base=nan | val=nan | acc1=0.7031 | Wμ=nan | Aμ=nan | Wmax=nan | Amax=nan |LR=nan | t=nans
     0 | base=nan | val=1.104401 | acc1=0.7032 | Wμ=11.367 | Aμ=20.000 | Wmax=12.587 | Amax=14.104 |LR=nan | t=nans
     0 | base=nan | val=1.104483 | acc1=0.7030 | Wμ=10.000 | Aμ=20.000 | Wmax=10.000 | Amax=14.105 |LR=nan | t=nans
     0 | base=nan | val=1.104656 | acc1=0.7024 | Wμ=10.000 | Aμ=10.000 | Wmax=10.000 | Amax=9.987 |LR=nan | t=nans
# epoch | BaseLoss | ValLoss | Acc@1 | MeanWBits | MeanABits | MaxWBits | MaxABits | LR | EpochTime(s)
     0 | base=nan | val=1.111653 | acc1=0.7025 | Wμ=10.000 | Aμ=10.000 | Wmax=10.000 | Amax=9.976 |LR=nan | t=nans
     0 | base=0.094076 | val=1.129887 | acc1=0.6961 | Wμ=10.000 | Aμ=10.001 | Wmax=10.011 | Amax=10.001 |LR=0.00098 | t=10.70s
     1 | base=0.056352 | val=1.119005 | acc1=0.6994 | Wμ=10.001 | Aμ=10.003 | Wmax=10.031 | Amax=10.007 |LR=0.00198 | t=9.51s
     2 | base=0.047371 | val=1.143362 | acc1=0.6922 | Wμ=10.002 | Aμ=10.005 | Wmax=10.054 | Amax=10.017 |LR=0.00298 | t=9.43s
     3 | base=0.044760 | val=1.141959 | acc1=0.6936 | Wμ=10.006 | Aμ=10.015 | Wmax=10.063 | Amax=10.040 |LR=0.00398 | t=9.51s
     4 | base=0.050990 | val=1.159811 | acc1=0.6895 | Wμ=10.010 | Aμ=10.031 | Wmax=10.067 | Amax=10.076 |LR=0.00498 | t=9.47s
     5 | base=0.071221 | val=1.200480 | acc1=0.6757 | Wμ=10.019 | Aμ=10.064 | Wmax=10.132 | Amax=10.127 |LR=0.00598 | t=9.48s
     6 | base=0.109557 | val=1.256088 | acc1=0.6585 | Wμ=10.037 | Aμ=10.108 | Wmax=10.184 | Amax=10.204 |LR=0.00698 | t=9.45s
     7 | base=0.186762 | val=1.372706 | acc1=0.6265 | Wμ=10.068 | Aμ=10.172 | Wmax=10.274 | Amax=10.307 |LR=0.00798 | t=9.45s
     8 | base=0.255642 | val=1.471592 | acc1=0.6071 | Wμ=10.111 | Aμ=10.253 | Wmax=10.444 | Amax=10.400 |LR=0.00898 | t=9.52s
     9 | base=0.301756 | val=1.430013 | acc1=0.6153 | Wμ=10.164 | Aμ=10.290 | Wmax=10.616 | Amax=10.445 |LR=0.00998 | t=9.45s
    10 | base=0.319348 | val=1.437546 | acc1=0.6172 | Wμ=10.227 | Aμ=10.341 | Wmax=10.720 | Amax=10.596 |LR=0.01098 | t=9.53s
    11 | base=0.308627 | val=1.544149 | acc1=0.5956 | Wμ=10.291 | Aμ=10.383 | Wmax=10.805 | Amax=10.650 |LR=0.01198 | t=9.51s
    12 | base=0.312542 | val=1.439091 | acc1=0.6164 | Wμ=10.350 | Aμ=10.429 | Wmax=10.936 | Amax=10.819 |LR=0.01298 | t=9.47s
    13 | base=0.308537 | val=1.421280 | acc1=0.6202 | Wμ=10.412 | Aμ=10.442 | Wmax=11.011 | Amax=10.899 |LR=0.01398 | t=9.49s
    14 | base=0.297270 | val=1.561943 | acc1=0.5836 | Wμ=10.472 | Aμ=10.477 | Wmax=11.190 | Amax=10.970 |LR=0.01498 | t=9.43s
    15 | base=0.339441 | val=1.454792 | acc1=0.6112 | Wμ=10.542 | Aμ=10.521 | Wmax=11.237 | Amax=11.032 |LR=0.01598 | t=9.49s
    16 | base=0.336178 | val=1.391870 | acc1=0.6214 | Wμ=10.612 | Aμ=10.512 | Wmax=11.381 | Amax=11.167 |LR=0.01698 | t=9.53s
    17 | base=0.344965 | val=1.452573 | acc1=0.6065 | Wμ=10.681 | Aμ=10.593 | Wmax=11.469 | Amax=11.424 |LR=0.01798 | t=9.54s
    18 | base=0.317518 | val=1.488208 | acc1=0.6034 | Wμ=10.755 | Aμ=10.655 | Wmax=11.495 | Amax=11.449 |LR=0.01898 | t=9.43s
    19 | base=0.334754 | val=1.629084 | acc1=0.5669 | Wμ=10.822 | Aμ=10.695 | Wmax=11.591 | Amax=11.208 |LR=0.01998 | t=9.48s
    20 | base=0.360725 | val=1.433260 | acc1=0.6158 | Wμ=7.342 | Aμ=7.434 | Wmax=8.033 | Amax=9.025 |LR=0.02 | t=9.45s
    21 | base=0.439367 | val=1.812041 | acc1=0.5325 | Wμ=4.022 | Aμ=5.066 | Wmax=4.755 | Amax=6.644 |LR=0.02 | t=9.49s
    22 | base=1.478249 | val=3.610536 | acc1=0.2232 | Wμ=2.027 | Aμ=4.514 | Wmax=3.700 | Amax=5.700 |LR=0.02 | t=9.47s
    23 | base=1.876127 | val=6.166875 | acc1=0.0911 | Wμ=1.340 | Aμ=3.887 | Wmax=3.000 | Amax=5.129 |LR=0.02 | t=9.45s
    24 | base=1.864808 | val=4.191817 | acc1=0.2244 | Wμ=1.106 | Aμ=2.913 | Wmax=2.585 | Amax=4.248 |LR=0.02 | t=9.46s
    25 | base=1.774357 | val=9.130342 | acc1=0.0527 | Wμ=1.024 | Aμ=2.027 | Wmax=2.000 | Amax=3.000 |LR=0.02 | t=9.45s
    26 | base=1.785480 | val=5.355833 | acc1=0.0604 | Wμ=0.998 | Aμ=1.670 | Wmax=1.585 | Amax=2.322 |LR=0.02 | t=9.47s
    27 | base=1.943429 | val=5.382740 | acc1=0.0699 | Wμ=0.987 | Aμ=1.438 | Wmax=1.585 | Amax=2.000 |LR=0.02 | t=9.49s
    28 | base=1.938255 | val=4.081026 | acc1=0.1961 | Wμ=0.986 | Aμ=1.281 | Wmax=1.000 | Amax=2.000 |LR=0.02 | t=9.50s
    29 | base=2.125363 | val=4.447168 | acc1=0.1576 | Wμ=0.983 | Aμ=1.146 | Wmax=1.000 | Amax=1.585 |LR=0.02 | t=9.57s
    30 | base=2.118332 | val=5.997762 | acc1=0.1339 | Wμ=0.980 | Aμ=1.112 | Wmax=1.000 | Amax=1.585 |LR=0.02 | t=9.48s
    31 | base=2.274266 | val=3.834948 | acc1=0.2352 | Wμ=0.977 | Aμ=1.066 | Wmax=1.000 | Amax=1.585 |LR=0.02 | t=9.56s
    32 | base=2.250028 | val=4.054548 | acc1=0.1714 | Wμ=0.974 | Aμ=1.056 | Wmax=1.000 | Amax=1.000 |LR=0.02 | t=9.58s
    33 | base=2.122604 | val=4.453599 | acc1=0.1509 | Wμ=0.972 | Aμ=0.997 | Wmax=1.000 | Amax=1.000 |LR=0.018582 | t=9.49s
    34 | base=2.027165 | val=4.297954 | acc1=0.1335 | Wμ=0.971 | Aμ=0.966 | Wmax=1.000 | Amax=1.000 |LR=0.017238 | t=9.56s
    35 | base=1.971791 | val=3.628925 | acc1=0.2054 | Wμ=0.970 | Aμ=0.973 | Wmax=1.000 | Amax=1.000 |LR=0.015992 | t=9.57s
    36 | base=1.927230 | val=3.073981 | acc1=0.2641 | Wμ=0.969 | Aμ=0.945 | Wmax=1.000 | Amax=1.000 |LR=0.014835 | t=9.51s
    37 | base=1.942121 | val=6.094577 | acc1=0.0907 | Wμ=0.968 | Aμ=0.980 | Wmax=1.000 | Amax=1.000 |LR=0.013763 | t=9.57s
    38 | base=1.876680 | val=5.095270 | acc1=0.1612 | Wμ=0.967 | Aμ=0.965 | Wmax=1.000 | Amax=1.000 |LR=0.012767 | t=9.57s
    39 | base=1.943971 | val=3.390201 | acc1=0.2296 | Wμ=0.966 | Aμ=0.969 | Wmax=1.000 | Amax=1.000 |LR=0.011844 | t=9.56s
    40 | base=1.926092 | val=3.966832 | acc1=0.1699 | Wμ=0.966 | Aμ=0.964 | Wmax=1.000 | Amax=1.000 |LR=0.010988 | t=9.55s
    41 | base=1.799474 | val=3.935789 | acc1=0.2078 | Wμ=0.966 | Aμ=0.972 | Wmax=1.000 | Amax=1.000 |LR=0.010193 | t=9.56s
    42 | base=1.855399 | val=3.038223 | acc1=0.2909 | Wμ=0.967 | Aμ=0.969 | Wmax=1.000 | Amax=1.000 |LR=0.0094562 | t=9.57s
    43 | base=1.803570 | val=2.670304 | acc1=0.3326 | Wμ=0.968 | Aμ=0.967 | Wmax=1.000 | Amax=1.000 |LR=0.0087724 | t=9.53s
    44 | base=1.836094 | val=5.525965 | acc1=0.0824 | Wμ=0.968 | Aμ=0.960 | Wmax=1.000 | Amax=1.000 |LR=0.0081381 | t=9.52s
    45 | base=1.729776 | val=4.011107 | acc1=0.2001 | Wμ=0.968 | Aμ=0.972 | Wmax=1.000 | Amax=1.000 |LR=0.0075497 | t=9.52s
    46 | base=1.787364 | val=2.666508 | acc1=0.3430 | Wμ=0.967 | Aμ=0.951 | Wmax=1.000 | Amax=1.000 |LR=0.0070037 | t=9.51s
    47 | base=1.697829 | val=3.396704 | acc1=0.2444 | Wμ=0.967 | Aμ=0.964 | Wmax=1.000 | Amax=1.000 |LR=0.0064973 | t=9.50s
    48 | base=1.781947 | val=3.042043 | acc1=0.3215 | Wμ=0.969 | Aμ=0.964 | Wmax=1.000 | Amax=1.000 |LR=0.0060275 | t=9.55s
    49 | base=1.760003 | val=2.508278 | acc1=0.3643 | Wμ=0.970 | Aμ=0.954 | Wmax=1.000 | Amax=1.000 |LR=0.0055917 | t=9.55s
