     0 | base=nan | val=nan | acc1=0.7031 | Wμ=nan | Aμ=nan | Wmax=nan | Amax=nan |LR=nan | t=nans
     0 | base=nan | val=1.104401 | acc1=0.7032 | Wμ=11.367 | Aμ=20.000 | Wmax=12.587 | Amax=14.104 |LR=nan | t=nans
     0 | base=nan | val=1.104483 | acc1=0.7030 | Wμ=10.000 | Aμ=20.000 | Wmax=10.000 | Amax=14.105 |LR=nan | t=nans
     0 | base=nan | val=1.104656 | acc1=0.7024 | Wμ=10.000 | Aμ=10.000 | Wmax=10.000 | Amax=9.987 |LR=nan | t=nans
# epoch | BaseLoss | ValLoss | Acc@1 | MeanWBits | MeanABits | MaxWBits | MaxABits | LR | EpochTime(s)
     0 | base=nan | val=1.111653 | acc1=0.7025 | Wμ=10.000 | Aμ=10.000 | Wmax=10.000 | Amax=9.976 |LR=nan | t=nans
     0 | base=0.122781 | val=1.130382 | acc1=0.6984 | Wμ=10.000 | Aμ=10.000 | Wmax=10.007 | Amax=10.001 |LR=0.00049 | t=10.69s
     1 | base=0.066347 | val=1.118650 | acc1=0.6991 | Wμ=10.001 | Aμ=10.002 | Wmax=10.018 | Amax=10.004 |LR=0.00099 | t=9.43s
     2 | base=0.048895 | val=1.113830 | acc1=0.6983 | Wμ=10.001 | Aμ=10.006 | Wmax=10.039 | Amax=10.014 |LR=0.00149 | t=9.53s
     3 | base=0.042169 | val=1.118881 | acc1=0.6990 | Wμ=10.002 | Aμ=10.015 | Wmax=10.059 | Amax=10.025 |LR=0.00199 | t=9.44s
     4 | base=0.039731 | val=1.129666 | acc1=0.6957 | Wμ=10.003 | Aμ=10.027 | Wmax=10.070 | Amax=10.048 |LR=0.00249 | t=9.53s
     5 | base=0.036571 | val=1.147312 | acc1=0.6892 | Wμ=10.007 | Aμ=10.043 | Wmax=10.085 | Amax=10.082 |LR=0.00299 | t=9.45s
     6 | base=0.040690 | val=1.141335 | acc1=0.6910 | Wμ=10.011 | Aμ=10.066 | Wmax=10.094 | Amax=10.130 |LR=0.00349 | t=9.47s
     7 | base=0.049567 | val=1.156698 | acc1=0.6899 | Wμ=10.017 | Aμ=10.091 | Wmax=10.091 | Amax=10.178 |LR=0.00399 | t=9.44s
     8 | base=0.064464 | val=1.188206 | acc1=0.6749 | Wμ=10.026 | Aμ=10.127 | Wmax=10.157 | Amax=10.240 |LR=0.00449 | t=9.46s
     9 | base=0.086357 | val=1.247941 | acc1=0.6553 | Wμ=10.039 | Aμ=10.159 | Wmax=10.160 | Amax=10.306 |LR=0.00499 | t=9.44s
    10 | base=0.118170 | val=1.211964 | acc1=0.6711 | Wμ=10.061 | Aμ=10.198 | Wmax=10.251 | Amax=10.361 |LR=0.00549 | t=9.46s
    11 | base=0.156636 | val=1.302397 | acc1=0.6503 | Wμ=10.089 | Aμ=10.241 | Wmax=10.295 | Amax=10.423 |LR=0.00599 | t=9.44s
    12 | base=0.202765 | val=1.295160 | acc1=0.6432 | Wμ=10.122 | Aμ=10.282 | Wmax=10.387 | Amax=10.498 |LR=0.00649 | t=9.44s
    13 | base=0.206882 | val=1.305200 | acc1=0.6437 | Wμ=10.166 | Aμ=10.322 | Wmax=10.488 | Amax=10.560 |LR=0.00699 | t=9.45s
    14 | base=0.212584 | val=1.457517 | acc1=0.6125 | Wμ=10.207 | Aμ=10.368 | Wmax=10.587 | Amax=10.599 |LR=0.00749 | t=9.44s
    15 | base=0.206940 | val=1.364408 | acc1=0.6344 | Wμ=10.250 | Aμ=10.411 | Wmax=10.627 | Amax=10.668 |LR=0.00799 | t=9.50s
    16 | base=0.214280 | val=1.327677 | acc1=0.6392 | Wμ=10.290 | Aμ=10.442 | Wmax=10.714 | Amax=10.714 |LR=0.00849 | t=9.44s
    17 | base=0.220434 | val=1.353007 | acc1=0.6387 | Wμ=10.333 | Aμ=10.464 | Wmax=10.781 | Amax=10.731 |LR=0.00899 | t=9.42s
    18 | base=0.240651 | val=1.408846 | acc1=0.6161 | Wμ=10.375 | Aμ=10.503 | Wmax=10.878 | Amax=10.849 |LR=0.00949 | t=9.44s
    19 | base=0.243779 | val=1.408706 | acc1=0.6188 | Wμ=10.428 | Aμ=10.533 | Wmax=10.911 | Amax=10.898 |LR=0.00999 | t=9.44s
    20 | base=0.239322 | val=1.305537 | acc1=0.6460 | Wμ=8.853 | Aμ=9.159 | Wmax=9.329 | Amax=10.142 |LR=0.01 | t=9.50s
    21 | base=0.242094 | val=1.367350 | acc1=0.6286 | Wμ=7.139 | Aμ=7.579 | Wmax=7.728 | Amax=9.017 |LR=0.01 | t=9.43s
    22 | base=0.272209 | val=1.547584 | acc1=0.5892 | Wμ=5.660 | Aμ=6.378 | Wmax=6.392 | Amax=7.943 |LR=0.01 | t=9.44s
    23 | base=0.357026 | val=1.602605 | acc1=0.5728 | Wμ=4.357 | Aμ=5.567 | Wmax=5.322 | Amax=7.087 |LR=0.01 | t=9.44s
    24 | base=0.612400 | val=2.013742 | acc1=0.4933 | Wμ=3.283 | Aμ=5.097 | Wmax=4.585 | Amax=6.555 |LR=0.01 | t=9.47s
    25 | base=0.939606 | val=2.477365 | acc1=0.3961 | Wμ=2.449 | Aμ=4.716 | Wmax=4.087 | Amax=6.209 |LR=0.01 | t=9.50s
    26 | base=1.068139 | val=2.963695 | acc1=0.3017 | Wμ=1.835 | Aμ=4.423 | Wmax=3.585 | Amax=5.728 |LR=0.01 | t=9.42s
    27 | base=1.368790 | val=4.410060 | acc1=0.1751 | Wμ=1.460 | Aμ=4.041 | Wmax=3.170 | Amax=5.248 |LR=0.01 | t=9.49s
    28 | base=1.501740 | val=4.317017 | acc1=0.1467 | Wμ=1.281 | Aμ=3.646 | Wmax=3.000 | Amax=5.087 |LR=0.01 | t=9.48s
    29 | base=1.405516 | val=5.723422 | acc1=0.1047 | Wμ=1.151 | Aμ=3.198 | Wmax=2.585 | Amax=4.459 |LR=0.01 | t=9.50s
    30 | base=1.396270 | val=3.552103 | acc1=0.2648 | Wμ=1.070 | Aμ=2.612 | Wmax=2.322 | Amax=3.322 |LR=0.01 | t=9.48s
    31 | base=1.464702 | val=3.399931 | acc1=0.2756 | Wμ=1.031 | Aμ=2.270 | Wmax=2.000 | Amax=2.807 |LR=0.01 | t=9.48s
    32 | base=1.576278 | val=6.806678 | acc1=0.0558 | Wμ=1.011 | Aμ=1.963 | Wmax=1.585 | Amax=2.585 |LR=0.01 | t=9.50s
    33 | base=1.614062 | val=3.332491 | acc1=0.2548 | Wμ=0.999 | Aμ=1.756 | Wmax=1.585 | Amax=2.322 |LR=0.01 | t=9.50s
    34 | base=1.694075 | val=3.543666 | acc1=0.2145 | Wμ=0.993 | Aμ=1.588 | Wmax=1.585 | Amax=2.000 |LR=0.01 | t=9.47s
    35 | base=1.736892 | val=3.280410 | acc1=0.2706 | Wμ=0.991 | Aμ=1.493 | Wmax=1.000 | Amax=2.000 |LR=0.01 | t=9.52s
    36 | base=2.137829 | val=4.071774 | acc1=0.2004 | Wμ=0.990 | Aμ=1.360 | Wmax=1.000 | Amax=2.000 |LR=0.01 | t=9.49s
    37 | base=1.962118 | val=3.505426 | acc1=0.2504 | Wμ=0.989 | Aμ=1.252 | Wmax=1.000 | Amax=1.585 |LR=0.01 | t=9.51s
    38 | base=2.133494 | val=3.847347 | acc1=0.1927 | Wμ=0.987 | Aμ=1.172 | Wmax=1.000 | Amax=1.585 |LR=0.01 | t=9.49s
    39 | base=1.974655 | val=3.278891 | acc1=0.2574 | Wμ=0.986 | Aμ=1.108 | Wmax=1.000 | Amax=1.585 |LR=0.01 | t=9.50s
    40 | base=2.019851 | val=3.532578 | acc1=0.2136 | Wμ=0.985 | Aμ=1.099 | Wmax=1.000 | Amax=1.585 |LR=0.01 | t=9.48s
    41 | base=2.013098 | val=3.691388 | acc1=0.1876 | Wμ=0.985 | Aμ=1.095 | Wmax=1.000 | Amax=1.585 |LR=0.01 | t=9.48s
    42 | base=2.184336 | val=4.427264 | acc1=0.1926 | Wμ=0.984 | Aμ=1.079 | Wmax=1.000 | Amax=1.585 |LR=0.01 | t=9.47s
    43 | base=2.044217 | val=4.880183 | acc1=0.1442 | Wμ=0.984 | Aμ=1.067 | Wmax=1.000 | Amax=1.585 |LR=0.01 | t=9.50s
    44 | base=2.000037 | val=3.282764 | acc1=0.2608 | Wμ=0.983 | Aμ=1.049 | Wmax=1.000 | Amax=1.585 |LR=0.01 | t=9.48s
    45 | base=1.993986 | val=3.978141 | acc1=0.2123 | Wμ=0.981 | Aμ=1.022 | Wmax=1.000 | Amax=1.585 |LR=0.01 | t=9.51s
    46 | base=1.920763 | val=3.011106 | acc1=0.2838 | Wμ=0.981 | Aμ=1.008 | Wmax=1.000 | Amax=1.000 |LR=0.01 | t=9.53s
    47 | base=2.046182 | val=4.092243 | acc1=0.1956 | Wμ=0.980 | Aμ=1.000 | Wmax=1.000 | Amax=1.000 |LR=0.0092908 | t=9.50s
    48 | base=1.922276 | val=5.434894 | acc1=0.1082 | Wμ=0.980 | Aμ=0.979 | Wmax=1.000 | Amax=1.000 |LR=0.008619 | t=9.49s
    49 | base=1.944444 | val=3.084657 | acc1=0.2957 | Wμ=0.980 | Aμ=0.991 | Wmax=1.000 | Amax=1.000 |LR=0.0079958 | t=9.52s
    50 | base=1.790865 | val=3.809113 | acc1=0.2113 | Wμ=0.979 | Aμ=0.978 | Wmax=1.000 | Amax=1.000 |LR=0.0074176 | t=9.45s
    51 | base=1.815201 | val=3.413657 | acc1=0.2526 | Wμ=0.980 | Aμ=0.986 | Wmax=1.000 | Amax=1.000 |LR=0.0068813 | t=9.49s
    52 | base=1.836599 | val=3.458853 | acc1=0.2559 | Wμ=0.980 | Aμ=0.981 | Wmax=1.000 | Amax=1.000 |LR=0.0063837 | t=9.53s
    53 | base=1.793926 | val=3.238320 | acc1=0.2554 | Wμ=0.979 | Aμ=0.984 | Wmax=1.000 | Amax=1.000 |LR=0.0059221 | t=9.53s
    54 | base=1.792001 | val=3.364696 | acc1=0.2620 | Wμ=0.980 | Aμ=0.991 | Wmax=1.000 | Amax=1.000 |LR=0.0054939 | t=9.47s
    55 | base=1.738898 | val=2.799402 | acc1=0.3365 | Wμ=0.980 | Aμ=0.986 | Wmax=1.000 | Amax=1.000 |LR=0.0050966 | t=9.51s
    56 | base=1.778620 | val=3.486920 | acc1=0.2422 | Wμ=0.980 | Aμ=0.987 | Wmax=1.000 | Amax=1.000 |LR=0.0047281 | t=9.49s
    57 | base=1.754215 | val=2.994123 | acc1=0.3132 | Wμ=0.980 | Aμ=0.983 | Wmax=1.000 | Amax=1.000 |LR=0.0043862 | t=9.52s
    58 | base=1.721395 | val=3.315077 | acc1=0.2879 | Wμ=0.981 | Aμ=0.986 | Wmax=1.000 | Amax=1.000 |LR=0.0040691 | t=9.49s
    59 | base=1.692987 | val=3.118928 | acc1=0.2888 | Wμ=0.982 | Aμ=0.992 | Wmax=1.000 | Amax=1.000 |LR=0.0037748 | t=9.48s
    60 | base=1.679863 | val=2.949998 | acc1=0.3266 | Wμ=0.982 | Aμ=0.982 | Wmax=1.000 | Amax=1.000 |LR=0.0035019 | t=9.50s
    61 | base=1.727842 | val=3.354832 | acc1=0.2524 | Wμ=0.983 | Aμ=0.991 | Wmax=1.000 | Amax=1.000 |LR=0.0032487 | t=9.47s
    62 | base=1.665756 | val=2.865620 | acc1=0.3143 | Wμ=0.983 | Aμ=0.987 | Wmax=1.000 | Amax=1.000 |LR=0.0030138 | t=9.46s
    63 | base=1.724606 | val=4.162428 | acc1=0.1857 | Wμ=0.984 | Aμ=0.988 | Wmax=1.000 | Amax=1.000 |LR=0.0027958 | t=9.49s
    64 | base=1.674722 | val=2.525427 | acc1=0.3754 | Wμ=0.983 | Aμ=0.992 | Wmax=1.000 | Amax=1.000 |LR=0.0025937 | t=9.48s
    65 | base=1.660454 | val=2.957098 | acc1=0.2930 | Wμ=0.983 | Aμ=0.990 | Wmax=1.000 | Amax=1.000 |LR=0.0024061 | t=9.48s
    66 | base=1.634942 | val=3.177589 | acc1=0.2868 | Wμ=0.984 | Aμ=0.987 | Wmax=1.000 | Amax=1.000 |LR=0.0022321 | t=9.52s
    67 | base=1.610100 | val=3.841012 | acc1=0.2305 | Wμ=0.985 | Aμ=0.992 | Wmax=1.000 | Amax=1.000 |LR=0.0020707 | t=9.50s
    68 | base=1.601620 | val=3.470926 | acc1=0.2487 | Wμ=0.984 | Aμ=0.992 | Wmax=1.000 | Amax=1.000 |LR=0.001921 | t=9.49s
    69 | base=1.620994 | val=3.314314 | acc1=0.2795 | Wμ=0.985 | Aμ=0.989 | Wmax=1.000 | Amax=1.000 |LR=0.0017821 | t=9.52s
