     0 | base=nan | val=nan | acc1=0.7031 | Wμ=nan | Aμ=nan | Wmax=nan | Amax=nan |LR=nan | t=nans
     0 | base=nan | val=1.104401 | acc1=0.7032 | Wμ=11.367 | Aμ=20.000 | Wmax=12.587 | Amax=14.104 |LR=nan | t=nans
     0 | base=nan | val=1.104483 | acc1=0.7030 | Wμ=10.000 | Aμ=20.000 | Wmax=10.000 | Amax=14.105 |LR=nan | t=nans
     0 | base=nan | val=1.104656 | acc1=0.7024 | Wμ=10.000 | Aμ=10.000 | Wmax=10.000 | Amax=9.987 |LR=nan | t=nans
# epoch | BaseLoss | ValLoss | Acc@1 | MeanWBits | MeanABits | MaxWBits | MaxABits | LR | EpochTime(s)
     0 | base=nan | val=1.111653 | acc1=0.7025 | Wμ=10.000 | Aμ=10.000 | Wmax=10.000 | Amax=9.976 |LR=nan | t=nans
     0 | base=0.127374 | val=1.128366 | acc1=0.6983 | Wμ=10.000 | Aμ=10.001 | Wmax=10.007 | Amax=10.001 |LR=0.00049 | t=10.61s
     1 | base=0.065724 | val=1.119643 | acc1=0.6991 | Wμ=10.000 | Aμ=10.003 | Wmax=10.017 | Amax=10.006 |LR=0.00099 | t=9.32s
     2 | base=0.048907 | val=1.115409 | acc1=0.6987 | Wμ=10.001 | Aμ=10.007 | Wmax=10.035 | Amax=10.015 |LR=0.00149 | t=9.36s
     3 | base=0.043279 | val=1.126470 | acc1=0.6944 | Wμ=10.002 | Aμ=10.013 | Wmax=10.046 | Amax=10.031 |LR=0.00199 | t=9.36s
     4 | base=0.039046 | val=1.129376 | acc1=0.6962 | Wμ=10.004 | Aμ=10.024 | Wmax=10.055 | Amax=10.061 |LR=0.00249 | t=9.39s
     5 | base=0.035516 | val=1.143521 | acc1=0.6862 | Wμ=10.007 | Aμ=10.039 | Wmax=10.074 | Amax=10.095 |LR=0.00299 | t=9.44s
     6 | base=0.043783 | val=1.152315 | acc1=0.6859 | Wμ=10.010 | Aμ=10.063 | Wmax=10.086 | Amax=10.134 |LR=0.00349 | t=9.38s
     7 | base=0.050830 | val=1.142887 | acc1=0.6903 | Wμ=10.016 | Aμ=10.093 | Wmax=10.103 | Amax=10.191 |LR=0.00399 | t=9.36s
     8 | base=0.062004 | val=1.177248 | acc1=0.6814 | Wμ=10.024 | Aμ=10.127 | Wmax=10.120 | Amax=10.256 |LR=0.00449 | t=9.36s
     9 | base=0.080985 | val=1.207933 | acc1=0.6727 | Wμ=10.038 | Aμ=10.164 | Wmax=10.147 | Amax=10.330 |LR=0.00499 | t=9.38s
    10 | base=0.108611 | val=1.272945 | acc1=0.6575 | Wμ=10.058 | Aμ=10.206 | Wmax=10.240 | Amax=10.402 |LR=0.00549 | t=9.43s
    11 | base=0.170878 | val=1.300510 | acc1=0.6436 | Wμ=10.086 | Aμ=10.247 | Wmax=10.311 | Amax=10.461 |LR=0.00599 | t=9.45s
    12 | base=0.183926 | val=1.298110 | acc1=0.6451 | Wμ=10.120 | Aμ=10.292 | Wmax=10.404 | Amax=10.542 |LR=0.00649 | t=9.34s
    13 | base=0.195017 | val=1.402187 | acc1=0.6238 | Wμ=10.157 | Aμ=10.313 | Wmax=10.551 | Amax=10.578 |LR=0.00699 | t=9.36s
    14 | base=0.216332 | val=1.417035 | acc1=0.6123 | Wμ=10.200 | Aμ=10.340 | Wmax=10.621 | Amax=10.618 |LR=0.00749 | t=9.33s
    15 | base=0.231444 | val=1.331530 | acc1=0.6379 | Wμ=10.246 | Aμ=10.357 | Wmax=10.660 | Amax=10.717 |LR=0.00799 | t=9.35s
    16 | base=0.217238 | val=1.324968 | acc1=0.6392 | Wμ=10.289 | Aμ=10.366 | Wmax=10.744 | Amax=10.843 |LR=0.00849 | t=9.36s
    17 | base=0.222512 | val=1.348089 | acc1=0.6387 | Wμ=10.332 | Aμ=10.391 | Wmax=10.819 | Amax=10.955 |LR=0.00899 | t=9.36s
    18 | base=0.225573 | val=1.389470 | acc1=0.6266 | Wμ=10.374 | Aμ=10.415 | Wmax=10.863 | Amax=10.979 |LR=0.00949 | t=9.37s
    19 | base=0.226576 | val=1.364614 | acc1=0.6332 | Wμ=10.424 | Aμ=10.448 | Wmax=11.020 | Amax=10.985 |LR=0.00999 | t=9.34s
    20 | base=0.255976 | val=1.381030 | acc1=0.6301 | Wμ=8.852 | Aμ=9.145 | Wmax=9.288 | Amax=10.211 |LR=0.01 | t=9.36s
    21 | base=0.265208 | val=1.466198 | acc1=0.6133 | Wμ=7.141 | Aμ=7.555 | Wmax=7.735 | Amax=8.907 |LR=0.01 | t=9.34s
    22 | base=0.281845 | val=1.484403 | acc1=0.6023 | Wμ=5.661 | Aμ=6.353 | Wmax=6.443 | Amax=7.877 |LR=0.01 | t=9.36s
    23 | base=0.367106 | val=1.522628 | acc1=0.5955 | Wμ=4.366 | Aμ=5.583 | Wmax=5.392 | Amax=7.160 |LR=0.01 | t=9.36s
    24 | base=0.666819 | val=1.918993 | acc1=0.4989 | Wμ=3.285 | Aμ=5.155 | Wmax=4.524 | Amax=6.672 |LR=0.01 | t=9.38s
    25 | base=0.853253 | val=2.309679 | acc1=0.4468 | Wμ=2.451 | Aμ=4.843 | Wmax=3.907 | Amax=6.267 |LR=0.01 | t=9.36s
    26 | base=1.140856 | val=3.150847 | acc1=0.2628 | Wμ=1.829 | Aμ=4.411 | Wmax=3.585 | Amax=5.833 |LR=0.01 | t=9.37s
    27 | base=1.434032 | val=4.918013 | acc1=0.1577 | Wμ=1.457 | Aμ=4.095 | Wmax=3.170 | Amax=5.358 |LR=0.01 | t=9.37s
    28 | base=1.446596 | val=4.986240 | acc1=0.0821 | Wμ=1.278 | Aμ=3.668 | Wmax=2.807 | Amax=4.954 |LR=0.01 | t=9.41s
    29 | base=1.429903 | val=7.523087 | acc1=0.0510 | Wμ=1.149 | Aμ=3.156 | Wmax=2.585 | Amax=4.170 |LR=0.01 | t=9.37s
    30 | base=1.388821 | val=6.390747 | acc1=0.0329 | Wμ=1.074 | Aμ=2.712 | Wmax=2.322 | Amax=3.585 |LR=0.01 | t=9.38s
    31 | base=1.440723 | val=4.004307 | acc1=0.2076 | Wμ=1.035 | Aμ=2.263 | Wmax=2.000 | Amax=3.000 |LR=0.01 | t=9.39s
    32 | base=1.565690 | val=2.920432 | acc1=0.3174 | Wμ=1.013 | Aμ=1.948 | Wmax=1.585 | Amax=2.585 |LR=0.01 | t=9.38s
    33 | base=1.668221 | val=4.842376 | acc1=0.1167 | Wμ=1.001 | Aμ=1.759 | Wmax=1.585 | Amax=2.585 |LR=0.01 | t=9.42s
    34 | base=1.598048 | val=4.539652 | acc1=0.1610 | Wμ=0.993 | Aμ=1.627 | Wmax=1.585 | Amax=2.322 |LR=0.01 | t=9.43s
    35 | base=1.895458 | val=4.795383 | acc1=0.1602 | Wμ=0.992 | Aμ=1.489 | Wmax=1.000 | Amax=2.000 |LR=0.01 | t=9.43s
    36 | base=1.912894 | val=3.316337 | acc1=0.2589 | Wμ=0.991 | Aμ=1.368 | Wmax=1.000 | Amax=2.000 |LR=0.01 | t=9.47s
    37 | base=1.832485 | val=4.672591 | acc1=0.1187 | Wμ=0.989 | Aμ=1.246 | Wmax=1.000 | Amax=2.000 |LR=0.01 | t=9.49s
    38 | base=2.149551 | val=3.819334 | acc1=0.1828 | Wμ=0.987 | Aμ=1.175 | Wmax=1.000 | Amax=1.585 |LR=0.01 | t=9.41s
    39 | base=1.972318 | val=3.107807 | acc1=0.2797 | Wμ=0.987 | Aμ=1.118 | Wmax=1.000 | Amax=1.585 |LR=0.01 | t=9.41s
    40 | base=2.036759 | val=4.559384 | acc1=0.1578 | Wμ=0.986 | Aμ=1.100 | Wmax=1.000 | Amax=1.585 |LR=0.01 | t=9.42s
    41 | base=1.895543 | val=3.749491 | acc1=0.1992 | Wμ=0.985 | Aμ=1.099 | Wmax=1.000 | Amax=1.585 |LR=0.01 | t=9.41s
    42 | base=2.016749 | val=3.393075 | acc1=0.2199 | Wμ=0.984 | Aμ=1.077 | Wmax=1.000 | Amax=1.000 |LR=0.01 | t=9.41s
    43 | base=2.131949 | val=2.883531 | acc1=0.3050 | Wμ=0.984 | Aμ=1.065 | Wmax=1.000 | Amax=1.000 |LR=0.0092908 | t=9.47s
    44 | base=1.965925 | val=3.966356 | acc1=0.2106 | Wμ=0.983 | Aμ=1.041 | Wmax=1.000 | Amax=1.585 |LR=0.008619 | t=9.46s
    45 | base=2.001639 | val=2.801772 | acc1=0.3207 | Wμ=0.982 | Aμ=1.024 | Wmax=1.000 | Amax=1.000 |LR=0.0086061 | t=9.41s
    46 | base=1.884151 | val=2.922123 | acc1=0.3001 | Wμ=0.982 | Aμ=1.009 | Wmax=1.000 | Amax=1.000 |LR=0.0079958 | t=9.39s
    47 | base=1.981640 | val=3.349428 | acc1=0.2613 | Wμ=0.980 | Aμ=1.005 | Wmax=1.000 | Amax=1.000 |LR=0.0074176 | t=9.42s
    48 | base=1.915167 | val=3.032472 | acc1=0.2865 | Wμ=0.981 | Aμ=0.992 | Wmax=1.000 | Amax=1.000 |LR=0.0068813 | t=9.41s
    49 | base=1.836380 | val=2.882257 | acc1=0.3064 | Wμ=0.982 | Aμ=0.983 | Wmax=1.000 | Amax=1.000 |LR=0.0063837 | t=9.48s
    50 | base=1.877749 | val=3.130564 | acc1=0.2786 | Wμ=0.981 | Aμ=0.991 | Wmax=1.000 | Amax=1.000 |LR=0.0059221 | t=9.48s
    51 | base=1.824257 | val=4.252937 | acc1=0.1859 | Wμ=0.982 | Aμ=0.989 | Wmax=1.000 | Amax=1.000 |LR=0.0054939 | t=9.48s
    52 | base=1.796933 | val=2.767164 | acc1=0.3408 | Wμ=0.982 | Aμ=0.985 | Wmax=1.000 | Amax=1.000 |LR=0.0050966 | t=9.48s
    53 | base=1.741078 | val=2.773617 | acc1=0.3285 | Wμ=0.983 | Aμ=0.984 | Wmax=1.000 | Amax=1.000 |LR=0.0047281 | t=9.43s
    54 | base=1.802747 | val=3.294428 | acc1=0.2757 | Wμ=0.984 | Aμ=0.990 | Wmax=1.000 | Amax=1.000 |LR=0.0043862 | t=9.43s
    55 | base=1.765025 | val=2.624798 | acc1=0.3608 | Wμ=0.984 | Aμ=0.988 | Wmax=1.000 | Amax=1.000 |LR=0.0040691 | t=9.47s
    56 | base=1.706760 | val=3.316446 | acc1=0.2792 | Wμ=0.984 | Aμ=0.986 | Wmax=1.000 | Amax=1.000 |LR=0.0037748 | t=9.48s
    57 | base=1.768471 | val=3.335777 | acc1=0.2599 | Wμ=0.985 | Aμ=0.991 | Wmax=1.000 | Amax=1.000 |LR=0.0035019 | t=9.43s
    58 | base=1.719123 | val=3.228009 | acc1=0.2839 | Wμ=0.984 | Aμ=0.986 | Wmax=1.000 | Amax=1.000 |LR=0.0032487 | t=9.39s
    59 | base=1.722837 | val=2.386291 | acc1=0.3964 | Wμ=0.983 | Aμ=0.981 | Wmax=1.000 | Amax=1.000 |LR=0.0030138 | t=9.41s
    60 | base=1.694045 | val=2.560642 | acc1=0.3573 | Wμ=0.984 | Aμ=0.982 | Wmax=1.000 | Amax=1.000 |LR=0.0027958 | t=9.43s
    61 | base=1.670859 | val=3.008267 | acc1=0.2948 | Wμ=0.984 | Aμ=0.990 | Wmax=1.000 | Amax=1.000 |LR=0.0025937 | t=9.43s
    62 | base=1.673675 | val=2.797930 | acc1=0.3330 | Wμ=0.984 | Aμ=0.986 | Wmax=1.000 | Amax=1.000 |LR=0.0024061 | t=9.40s
    63 | base=1.726585 | val=2.578122 | acc1=0.3699 | Wμ=0.984 | Aμ=0.993 | Wmax=1.000 | Amax=1.000 |LR=0.0022321 | t=9.47s
    64 | base=1.689732 | val=3.053355 | acc1=0.3003 | Wμ=0.985 | Aμ=0.986 | Wmax=1.000 | Amax=1.000 |LR=0.0020707 | t=9.45s
    65 | base=1.564505 | val=2.958774 | acc1=0.3018 | Wμ=0.986 | Aμ=0.989 | Wmax=1.000 | Amax=1.000 |LR=0.001921 | t=9.43s
    66 | base=1.689008 | val=2.310512 | acc1=0.4062 | Wμ=0.986 | Aμ=0.990 | Wmax=1.000 | Amax=1.000 |LR=0.0017821 | t=9.49s
    67 | base=1.644464 | val=2.509979 | acc1=0.3798 | Wμ=0.986 | Aμ=0.992 | Wmax=1.000 | Amax=1.000 |LR=0.0016532 | t=9.45s
    68 | base=1.632178 | val=2.882485 | acc1=0.3127 | Wμ=0.987 | Aμ=0.992 | Wmax=1.000 | Amax=1.000 |LR=0.0015337 | t=9.44s
    69 | base=1.622082 | val=2.753495 | acc1=0.3406 | Wμ=0.987 | Aμ=0.991 | Wmax=1.000 | Amax=1.000 |LR=0.0014228 | t=9.43s
