     0 | base=nan | val=nan | acc1=0.7031 | Wμ=nan | Aμ=nan | Wmax=nan | Amax=nan |LR=nan | t=nans
     0 | base=nan | val=1.104401 | acc1=0.7032 | Wμ=11.367 | Aμ=20.000 | Wmax=12.587 | Amax=14.104 |LR=nan | t=nans
     0 | base=nan | val=1.104483 | acc1=0.7030 | Wμ=10.000 | Aμ=20.000 | Wmax=10.000 | Amax=14.105 |LR=nan | t=nans
     0 | base=nan | val=1.104656 | acc1=0.7024 | Wμ=10.000 | Aμ=10.000 | Wmax=10.000 | Amax=9.987 |LR=nan | t=nans
# epoch | BaseLoss | ValLoss | Acc@1 | MeanWBits | MeanABits | MaxWBits | MaxABits | LR | EpochTime(s)
     0 | base=nan | val=1.111653 | acc1=0.7025 | Wμ=10.000 | Aμ=10.000 | Wmax=10.000 | Amax=9.976 |LR=nan | t=nans
     0 | base=0.098026 | val=1.131486 | acc1=0.6958 | Wμ=10.000 | Aμ=10.001 | Wmax=10.011 | Amax=10.001 |LR=0.00098 | t=10.77s
     1 | base=0.056166 | val=1.122872 | acc1=0.6980 | Wμ=10.001 | Aμ=10.004 | Wmax=10.032 | Amax=10.007 |LR=0.00198 | t=9.41s
     2 | base=0.046985 | val=1.134427 | acc1=0.6960 | Wμ=10.002 | Aμ=10.013 | Wmax=10.057 | Amax=10.024 |LR=0.00298 | t=9.39s
     3 | base=0.047084 | val=1.152466 | acc1=0.6882 | Wμ=10.004 | Aμ=10.028 | Wmax=10.073 | Amax=10.057 |LR=0.00398 | t=9.41s
     4 | base=0.052078 | val=1.156901 | acc1=0.6884 | Wμ=10.010 | Aμ=10.053 | Wmax=10.090 | Amax=10.107 |LR=0.00498 | t=9.40s
     5 | base=0.075665 | val=1.196154 | acc1=0.6774 | Wμ=10.019 | Aμ=10.088 | Wmax=10.110 | Amax=10.166 |LR=0.00598 | t=9.39s
     6 | base=0.124927 | val=1.243659 | acc1=0.6666 | Wμ=10.037 | Aμ=10.131 | Wmax=10.249 | Amax=10.222 |LR=0.00698 | t=9.41s
     7 | base=0.180297 | val=1.331024 | acc1=0.6384 | Wμ=10.065 | Aμ=10.195 | Wmax=10.300 | Amax=10.295 |LR=0.00798 | t=9.38s
     8 | base=0.234553 | val=1.386207 | acc1=0.6270 | Wμ=10.111 | Aμ=10.248 | Wmax=10.351 | Amax=10.389 |LR=0.00898 | t=9.40s
     9 | base=0.281925 | val=1.426168 | acc1=0.6136 | Wμ=10.163 | Aμ=10.295 | Wmax=10.492 | Amax=10.449 |LR=0.00998 | t=9.40s
    10 | base=0.292795 | val=1.438442 | acc1=0.6126 | Wμ=10.225 | Aμ=10.369 | Wmax=10.572 | Amax=10.606 |LR=0.01098 | t=9.45s
    11 | base=0.282167 | val=1.467013 | acc1=0.6116 | Wμ=10.289 | Aμ=10.404 | Wmax=10.777 | Amax=10.723 |LR=0.01198 | t=9.44s
    12 | base=0.291616 | val=1.468529 | acc1=0.6069 | Wμ=10.356 | Aμ=10.437 | Wmax=10.962 | Amax=10.768 |LR=0.01298 | t=9.45s
    13 | base=0.334418 | val=1.410959 | acc1=0.6174 | Wμ=10.422 | Aμ=10.508 | Wmax=11.087 | Amax=10.864 |LR=0.01398 | t=9.48s
    14 | base=0.342553 | val=1.480897 | acc1=0.5946 | Wμ=10.493 | Aμ=10.512 | Wmax=11.148 | Amax=10.911 |LR=0.01498 | t=9.39s
    15 | base=0.360189 | val=1.513455 | acc1=0.6004 | Wμ=10.566 | Aμ=10.515 | Wmax=11.235 | Amax=10.817 |LR=0.01598 | t=9.40s
    16 | base=0.346855 | val=1.668944 | acc1=0.5569 | Wμ=10.636 | Aμ=10.611 | Wmax=11.344 | Amax=11.012 |LR=0.01698 | t=9.45s
    17 | base=0.332594 | val=1.410954 | acc1=0.6239 | Wμ=10.706 | Aμ=10.662 | Wmax=11.466 | Amax=11.179 |LR=0.01798 | t=9.39s
    18 | base=0.339357 | val=1.420565 | acc1=0.6195 | Wμ=10.775 | Aμ=10.738 | Wmax=11.549 | Amax=11.307 |LR=0.01898 | t=9.43s
    19 | base=0.354177 | val=1.513001 | acc1=0.5951 | Wμ=10.844 | Aμ=10.755 | Wmax=11.672 | Amax=11.396 |LR=0.01998 | t=9.44s
    20 | base=0.349653 | val=1.495161 | acc1=0.5969 | Wμ=7.368 | Aμ=7.461 | Wmax=8.055 | Amax=8.758 |LR=0.02 | t=9.40s
    21 | base=0.494347 | val=1.909361 | acc1=0.5210 | Wμ=4.053 | Aμ=5.119 | Wmax=4.807 | Amax=6.443 |LR=0.02 | t=9.39s
    22 | base=1.575799 | val=3.643911 | acc1=0.2068 | Wμ=2.050 | Aμ=4.631 | Wmax=3.585 | Amax=6.229 |LR=0.02 | t=9.44s
    23 | base=1.981482 | val=7.576952 | acc1=0.0556 | Wμ=1.337 | Aμ=3.871 | Wmax=2.807 | Amax=5.087 |LR=0.02 | t=9.49s
    24 | base=1.794250 | val=4.510806 | acc1=0.1128 | Wμ=1.116 | Aμ=2.921 | Wmax=2.322 | Amax=4.170 |LR=0.02 | t=9.41s
    25 | base=1.816309 | val=5.191656 | acc1=0.1052 | Wμ=1.019 | Aμ=1.999 | Wmax=2.000 | Amax=2.585 |LR=0.02 | t=9.43s
    26 | base=1.816114 | val=4.885196 | acc1=0.1244 | Wμ=0.994 | Aμ=1.673 | Wmax=1.585 | Amax=2.322 |LR=0.02 | t=9.44s
    27 | base=1.951499 | val=3.535097 | acc1=0.2126 | Wμ=0.987 | Aμ=1.396 | Wmax=1.585 | Amax=2.000 |LR=0.02 | t=9.42s
    28 | base=2.146127 | val=3.775949 | acc1=0.1910 | Wμ=0.986 | Aμ=1.229 | Wmax=1.000 | Amax=1.585 |LR=0.02 | t=9.47s
    29 | base=2.082787 | val=3.274949 | acc1=0.2207 | Wμ=0.982 | Aμ=1.123 | Wmax=1.000 | Amax=1.585 |LR=0.02 | t=9.45s
    30 | base=2.363971 | val=4.944829 | acc1=0.0907 | Wμ=0.979 | Aμ=1.090 | Wmax=1.000 | Amax=1.000 |LR=0.02 | t=9.46s
    31 | base=2.226603 | val=3.557596 | acc1=0.2381 | Wμ=0.978 | Aμ=1.074 | Wmax=1.000 | Amax=1.585 |LR=0.018582 | t=9.44s
    32 | base=2.106045 | val=3.688791 | acc1=0.1968 | Wμ=0.976 | Aμ=1.045 | Wmax=1.000 | Amax=1.000 |LR=0.018554 | t=9.50s
    33 | base=2.097277 | val=4.777039 | acc1=0.1435 | Wμ=0.973 | Aμ=1.000 | Wmax=1.000 | Amax=1.000 |LR=0.017238 | t=9.44s
    34 | base=1.939366 | val=4.321921 | acc1=0.1846 | Wμ=0.972 | Aμ=0.970 | Wmax=1.000 | Amax=1.000 |LR=0.015992 | t=9.47s
    35 | base=1.962717 | val=4.481072 | acc1=0.1495 | Wμ=0.969 | Aμ=0.970 | Wmax=1.000 | Amax=1.000 |LR=0.014835 | t=9.47s
    36 | base=2.026444 | val=3.529912 | acc1=0.2261 | Wμ=0.970 | Aμ=0.961 | Wmax=1.000 | Amax=1.000 |LR=0.013763 | t=9.47s
    37 | base=1.916211 | val=4.056609 | acc1=0.2007 | Wμ=0.969 | Aμ=0.984 | Wmax=1.000 | Amax=1.000 |LR=0.012767 | t=9.45s
    38 | base=1.924115 | val=3.877241 | acc1=0.1895 | Wμ=0.968 | Aμ=0.966 | Wmax=1.000 | Amax=1.000 |LR=0.011844 | t=9.46s
    39 | base=1.818142 | val=4.708027 | acc1=0.1736 | Wμ=0.969 | Aμ=0.971 | Wmax=1.000 | Amax=1.000 |LR=0.010988 | t=9.48s
    40 | base=1.867005 | val=4.329379 | acc1=0.1461 | Wμ=0.969 | Aμ=0.980 | Wmax=1.000 | Amax=1.000 |LR=0.010193 | t=9.51s
    41 | base=1.865671 | val=3.031875 | acc1=0.2738 | Wμ=0.969 | Aμ=0.974 | Wmax=1.000 | Amax=1.000 |LR=0.0094562 | t=9.46s
    42 | base=1.858406 | val=2.968646 | acc1=0.3040 | Wμ=0.969 | Aμ=0.961 | Wmax=1.000 | Amax=1.000 |LR=0.0087724 | t=9.47s
    43 | base=1.799528 | val=3.155584 | acc1=0.3017 | Wμ=0.968 | Aμ=0.952 | Wmax=1.000 | Amax=1.000 |LR=0.0081381 | t=9.47s
    44 | base=1.763032 | val=3.483866 | acc1=0.2458 | Wμ=0.969 | Aμ=0.966 | Wmax=1.000 | Amax=1.000 |LR=0.0075497 | t=9.51s
    45 | base=1.802129 | val=3.439924 | acc1=0.2731 | Wμ=0.971 | Aμ=0.955 | Wmax=1.000 | Amax=1.000 |LR=0.0070037 | t=9.49s
    46 | base=1.732965 | val=3.063650 | acc1=0.2949 | Wμ=0.972 | Aμ=0.950 | Wmax=1.000 | Amax=1.000 |LR=0.0064973 | t=9.43s
    47 | base=1.718035 | val=3.075155 | acc1=0.2914 | Wμ=0.971 | Aμ=0.963 | Wmax=1.000 | Amax=1.000 |LR=0.0060275 | t=9.48s
    48 | base=1.759710 | val=3.038759 | acc1=0.2866 | Wμ=0.971 | Aμ=0.974 | Wmax=1.000 | Amax=1.000 |LR=0.0055917 | t=9.47s
    49 | base=1.736866 | val=3.179616 | acc1=0.2829 | Wμ=0.972 | Aμ=0.962 | Wmax=1.000 | Amax=1.000 |LR=0.0051873 | t=9.47s
