     0 | base=nan | val=nan | acc1=0.7031 | Wμ=nan | Aμ=nan | Wmax=nan | Amax=nan |LR=nan | t=nans
     0 | base=nan | val=1.104401 | acc1=0.7032 | Wμ=11.367 | Aμ=20.000 | Wmax=12.587 | Amax=14.104 |LR=nan | t=nans
     0 | base=nan | val=1.104483 | acc1=0.7030 | Wμ=10.000 | Aμ=20.000 | Wmax=10.000 | Amax=14.105 |LR=nan | t=nans
     0 | base=nan | val=1.104656 | acc1=0.7024 | Wμ=10.000 | Aμ=10.000 | Wmax=10.000 | Amax=9.987 |LR=nan | t=nans
# epoch | BaseLoss | ValLoss | Acc@1 | MeanWBits | MeanABits | MaxWBits | MaxABits | LR | EpochTime(s)
     0 | base=nan | val=1.111653 | acc1=0.7025 | Wμ=10.000 | Aμ=10.000 | Wmax=10.000 | Amax=9.976 |LR=nan | t=nans
     0 | base=0.100094 | val=1.134455 | acc1=0.6960 | Wμ=10.000 | Aμ=10.001 | Wmax=10.010 | Amax=10.001 |LR=0.00098 | t=10.62s
     1 | base=0.056866 | val=1.124052 | acc1=0.6952 | Wμ=10.001 | Aμ=10.005 | Wmax=10.035 | Amax=10.010 |LR=0.00198 | t=9.38s
     2 | base=0.045079 | val=1.144652 | acc1=0.6910 | Wμ=10.002 | Aμ=10.012 | Wmax=10.058 | Amax=10.025 |LR=0.00298 | t=9.41s
     3 | base=0.046240 | val=1.140193 | acc1=0.6925 | Wμ=10.005 | Aμ=10.023 | Wmax=10.067 | Amax=10.067 |LR=0.00398 | t=9.39s
     4 | base=0.048585 | val=1.163183 | acc1=0.6845 | Wμ=10.011 | Aμ=10.046 | Wmax=10.089 | Amax=10.125 |LR=0.00498 | t=9.36s
     5 | base=0.069228 | val=1.200015 | acc1=0.6783 | Wμ=10.019 | Aμ=10.076 | Wmax=10.131 | Amax=10.180 |LR=0.00598 | t=9.38s
     6 | base=0.112780 | val=1.273138 | acc1=0.6545 | Wμ=10.037 | Aμ=10.115 | Wmax=10.241 | Amax=10.250 |LR=0.00698 | t=9.37s
     7 | base=0.202771 | val=1.439382 | acc1=0.6175 | Wμ=10.071 | Aμ=10.166 | Wmax=10.288 | Amax=10.317 |LR=0.00798 | t=9.39s
     8 | base=0.248282 | val=1.558614 | acc1=0.5880 | Wμ=10.120 | Aμ=10.219 | Wmax=10.366 | Amax=10.402 |LR=0.00898 | t=9.38s
     9 | base=0.281326 | val=1.356271 | acc1=0.6398 | Wμ=10.176 | Aμ=10.278 | Wmax=10.498 | Amax=10.451 |LR=0.00998 | t=9.38s
    10 | base=0.277966 | val=1.387339 | acc1=0.6311 | Wμ=10.237 | Aμ=10.305 | Wmax=10.623 | Amax=10.488 |LR=0.01098 | t=9.37s
    11 | base=0.307894 | val=1.481357 | acc1=0.6012 | Wμ=10.296 | Aμ=10.341 | Wmax=10.776 | Amax=10.546 |LR=0.01198 | t=9.39s
    12 | base=0.321032 | val=1.487203 | acc1=0.6033 | Wμ=10.363 | Aμ=10.374 | Wmax=10.908 | Amax=10.679 |LR=0.01298 | t=9.37s
    13 | base=0.306919 | val=1.470077 | acc1=0.6094 | Wμ=10.435 | Aμ=10.405 | Wmax=11.047 | Amax=10.754 |LR=0.01398 | t=9.43s
    14 | base=0.342600 | val=1.353334 | acc1=0.6334 | Wμ=10.502 | Aμ=10.412 | Wmax=11.143 | Amax=10.863 |LR=0.01498 | t=9.36s
    15 | base=0.314139 | val=1.447688 | acc1=0.6089 | Wμ=10.564 | Aμ=10.413 | Wmax=11.260 | Amax=11.012 |LR=0.01598 | t=9.37s
    16 | base=0.336720 | val=1.419528 | acc1=0.6155 | Wμ=10.634 | Aμ=10.459 | Wmax=11.305 | Amax=11.069 |LR=0.01698 | t=9.38s
    17 | base=0.331563 | val=1.537405 | acc1=0.5963 | Wμ=10.698 | Aμ=10.507 | Wmax=11.424 | Amax=11.279 |LR=0.01798 | t=9.39s
    18 | base=0.346435 | val=1.472526 | acc1=0.6073 | Wμ=10.769 | Aμ=10.622 | Wmax=11.575 | Amax=11.430 |LR=0.01898 | t=9.36s
    19 | base=0.339945 | val=1.457063 | acc1=0.6074 | Wμ=10.837 | Aμ=10.655 | Wmax=11.643 | Amax=11.577 |LR=0.01998 | t=9.40s
    20 | base=0.326818 | val=1.449434 | acc1=0.6163 | Wμ=7.356 | Aμ=7.422 | Wmax=8.033 | Amax=8.640 |LR=0.02 | t=9.44s
    21 | base=0.453351 | val=1.936412 | acc1=0.5058 | Wμ=4.029 | Aμ=4.966 | Wmax=5.000 | Amax=6.755 |LR=0.02 | t=9.45s
    22 | base=1.471626 | val=3.143374 | acc1=0.2690 | Wμ=2.033 | Aμ=4.626 | Wmax=3.700 | Amax=5.858 |LR=0.02 | t=9.46s
    23 | base=1.872537 | val=6.642043 | acc1=0.0577 | Wμ=1.340 | Aμ=4.003 | Wmax=2.807 | Amax=5.248 |LR=0.02 | t=9.38s
    24 | base=1.739000 | val=6.088705 | acc1=0.0875 | Wμ=1.100 | Aμ=2.770 | Wmax=2.322 | Amax=4.087 |LR=0.02 | t=9.47s
    25 | base=1.799804 | val=3.693264 | acc1=0.2160 | Wμ=1.022 | Aμ=1.986 | Wmax=2.000 | Amax=2.585 |LR=0.02 | t=9.47s
    26 | base=1.832533 | val=11.594465 | acc1=0.0154 | Wμ=0.998 | Aμ=1.668 | Wmax=1.585 | Amax=2.322 |LR=0.02 | t=9.44s
    27 | base=1.962077 | val=3.988057 | acc1=0.1755 | Wμ=0.987 | Aμ=1.469 | Wmax=1.585 | Amax=2.000 |LR=0.02 | t=9.43s
    28 | base=2.134542 | val=3.685054 | acc1=0.2044 | Wμ=0.986 | Aμ=1.294 | Wmax=1.585 | Amax=2.000 |LR=0.02 | t=9.44s
    29 | base=2.124156 | val=4.054033 | acc1=0.2044 | Wμ=0.983 | Aμ=1.142 | Wmax=1.000 | Amax=1.585 |LR=0.02 | t=9.43s
    30 | base=2.174284 | val=3.235788 | acc1=0.2448 | Wμ=0.979 | Aμ=1.085 | Wmax=1.000 | Amax=1.585 |LR=0.02 | t=9.47s
    31 | base=2.174590 | val=3.148789 | acc1=0.2782 | Wμ=0.977 | Aμ=1.064 | Wmax=1.000 | Amax=1.585 |LR=0.02 | t=9.44s
    32 | base=2.177691 | val=5.264617 | acc1=0.1194 | Wμ=0.977 | Aμ=1.058 | Wmax=1.000 | Amax=1.585 |LR=0.02 | t=9.42s
    33 | base=2.153475 | val=4.276715 | acc1=0.1868 | Wμ=0.971 | Aμ=0.981 | Wmax=1.000 | Amax=1.000 |LR=0.02 | t=9.41s
    34 | base=2.030976 | val=5.509839 | acc1=0.0960 | Wμ=0.969 | Aμ=0.971 | Wmax=1.000 | Amax=1.000 |LR=0.018582 | t=9.44s
    35 | base=2.025265 | val=3.291908 | acc1=0.2523 | Wμ=0.968 | Aμ=0.964 | Wmax=1.000 | Amax=1.000 |LR=0.017238 | t=9.47s
    36 | base=2.004556 | val=4.828687 | acc1=0.1412 | Wμ=0.967 | Aμ=0.968 | Wmax=1.000 | Amax=1.000 |LR=0.015992 | t=9.47s
    37 | base=1.880784 | val=3.310245 | acc1=0.2555 | Wμ=0.964 | Aμ=0.955 | Wmax=1.000 | Amax=1.000 |LR=0.014835 | t=9.43s
    38 | base=1.953110 | val=3.594364 | acc1=0.2373 | Wμ=0.965 | Aμ=0.953 | Wmax=1.000 | Amax=1.000 |LR=0.013763 | t=9.45s
    39 | base=1.907149 | val=3.073979 | acc1=0.2939 | Wμ=0.966 | Aμ=0.947 | Wmax=1.000 | Amax=1.000 |LR=0.012767 | t=9.46s
    40 | base=1.904473 | val=4.230502 | acc1=0.1776 | Wμ=0.964 | Aμ=0.973 | Wmax=1.000 | Amax=1.000 |LR=0.011844 | t=9.47s
    41 | base=1.892726 | val=3.377799 | acc1=0.2464 | Wμ=0.964 | Aμ=0.973 | Wmax=1.000 | Amax=1.000 |LR=0.010988 | t=9.44s
    42 | base=1.830309 | val=2.830379 | acc1=0.3302 | Wμ=0.963 | Aμ=0.965 | Wmax=1.000 | Amax=1.000 |LR=0.010193 | t=9.50s
    43 | base=1.797193 | val=2.959706 | acc1=0.3116 | Wμ=0.964 | Aμ=0.957 | Wmax=1.000 | Amax=1.000 |LR=0.0094562 | t=9.51s
    44 | base=1.791069 | val=2.986785 | acc1=0.2885 | Wμ=0.967 | Aμ=0.950 | Wmax=1.000 | Amax=1.000 |LR=0.0087724 | t=9.50s
    45 | base=1.812270 | val=3.423440 | acc1=0.2451 | Wμ=0.965 | Aμ=0.964 | Wmax=1.000 | Amax=1.000 |LR=0.0081381 | t=9.44s
    46 | base=1.761867 | val=4.576145 | acc1=0.1507 | Wμ=0.967 | Aμ=0.957 | Wmax=1.000 | Amax=1.000 |LR=0.0075497 | t=9.50s
    47 | base=1.786887 | val=3.388717 | acc1=0.2476 | Wμ=0.967 | Aμ=0.957 | Wmax=1.000 | Amax=1.000 |LR=0.0070037 | t=9.49s
    48 | base=1.774800 | val=2.654946 | acc1=0.3653 | Wμ=0.966 | Aμ=0.964 | Wmax=1.000 | Amax=1.000 |LR=0.0064973 | t=9.49s
    49 | base=1.757005 | val=2.742493 | acc1=0.3317 | Wμ=0.968 | Aμ=0.960 | Wmax=1.000 | Amax=1.000 |LR=0.0060275 | t=9.51s
