     0 | base=nan | val=1.104183 | acc1=nan | Wμ=nan | Aμ=nan | Wmax=nan | Amax=nan |LR=nan | t=nans
     0 | base=nan | val=1.104352 | acc1=0.7034 | Wμ=11.367 | Aμ=20.000 | Wmax=12.587 | Amax=14.104 |LR=nan | t=nans
     0 | base=nan | val=1.104495 | acc1=0.7028 | Wμ=10.000 | Aμ=20.000 | Wmax=10.000 | Amax=14.105 |LR=nan | t=nans
     0 | base=nan | val=1.104728 | acc1=0.7024 | Wμ=10.000 | Aμ=10.000 | Wmax=10.000 | Amax=9.988 |LR=nan | t=nans
# epoch | BaseLoss | ValLoss | Acc@1 | MeanWBits | MeanABits | MaxWBits | MaxABits | LR | GradNorm | WSat | ASat | NoiseMean | NoiseVar | NoiseCorr | Temp | EpochTime(s)
     0 | base=nan | val=1.111712 | acc1=0.7035 | Wμ=10.000 | Aμ=10.000 | Wmax=10.000 | Amax=9.976 |LR=nan | t=nans
     0 | base=0.192709 | val=1.152894 | acc1=0.6961 | Wμ=10.000 | Aμ=10.000 | Wmax=10.001 | Amax=10.000 |LR=9.8e-05 | t=10.56s
     1 | base=0.115021 | val=1.123993 | acc1=0.6996 | Wμ=10.000 | Aμ=10.000 | Wmax=10.007 | Amax=10.001 |LR=0.000198 | t=8.92s
     2 | base=0.081360 | val=1.116402 | acc1=0.6993 | Wμ=10.000 | Aμ=10.001 | Wmax=10.014 | Amax=10.003 |LR=0.000298 | t=8.94s
     3 | base=0.061834 | val=1.112955 | acc1=0.6991 | Wμ=10.000 | Aμ=10.003 | Wmax=10.020 | Amax=10.006 |LR=0.000398 | t=8.92s
     4 | base=0.050136 | val=1.112784 | acc1=0.6994 | Wμ=10.001 | Aμ=10.005 | Wmax=10.027 | Amax=10.009 |LR=0.000498 | t=8.91s
     5 | base=0.041941 | val=1.112896 | acc1=0.6990 | Wμ=10.001 | Aμ=10.009 | Wmax=10.038 | Amax=10.015 |LR=0.000598 | t=8.94s
     6 | base=0.039064 | val=1.111938 | acc1=0.6987 | Wμ=10.001 | Aμ=10.013 | Wmax=10.047 | Amax=10.021 |LR=0.000698 | t=8.88s
     7 | base=0.035104 | val=1.113231 | acc1=0.7010 | Wμ=10.002 | Aμ=10.018 | Wmax=10.057 | Amax=10.031 |LR=0.000798 | t=8.97s
     8 | base=0.031636 | val=1.116180 | acc1=0.6969 | Wμ=10.003 | Aμ=10.024 | Wmax=10.067 | Amax=10.043 |LR=0.000898 | t=8.93s
     9 | base=0.027943 | val=1.121368 | acc1=0.6979 | Wμ=10.004 | Aμ=10.033 | Wmax=10.075 | Amax=10.061 |LR=0.000998 | t=8.92s
    10 | base=0.026242 | val=1.127297 | acc1=0.6970 | Wμ=10.005 | Aμ=10.042 | Wmax=10.073 | Amax=10.077 |LR=0.001098 | t=8.89s
    11 | base=0.023833 | val=1.120806 | acc1=0.6986 | Wμ=10.006 | Aμ=10.055 | Wmax=10.078 | Amax=10.097 |LR=0.001198 | t=8.88s
    12 | base=0.024157 | val=1.119456 | acc1=0.6984 | Wμ=10.008 | Aμ=10.068 | Wmax=10.083 | Amax=10.120 |LR=0.001298 | t=8.90s
    13 | base=0.023955 | val=1.126231 | acc1=0.6924 | Wμ=10.010 | Aμ=10.083 | Wmax=10.089 | Amax=10.149 |LR=0.001398 | t=8.89s
    14 | base=0.022389 | val=1.126196 | acc1=0.6949 | Wμ=10.012 | Aμ=10.098 | Wmax=10.091 | Amax=10.177 |LR=0.001498 | t=8.90s
    15 | base=0.023029 | val=1.139793 | acc1=0.6919 | Wμ=10.015 | Aμ=10.116 | Wmax=10.093 | Amax=10.204 |LR=0.001598 | t=8.93s
    16 | base=0.028205 | val=1.135590 | acc1=0.6945 | Wμ=10.018 | Aμ=10.137 | Wmax=10.109 | Amax=10.239 |LR=0.001698 | t=8.91s
    17 | base=0.024777 | val=1.143837 | acc1=0.6897 | Wμ=10.022 | Aμ=10.159 | Wmax=10.110 | Amax=10.279 |LR=0.001798 | t=8.90s
    18 | base=0.026420 | val=1.141354 | acc1=0.6912 | Wμ=10.026 | Aμ=10.184 | Wmax=10.114 | Amax=10.318 |LR=0.001898 | t=8.93s
    19 | base=0.031550 | val=1.136686 | acc1=0.6912 | Wμ=10.030 | Aμ=10.210 | Wmax=10.137 | Amax=10.366 |LR=0.001998 | t=8.93s
    20 | base=0.032832 | val=1.153307 | acc1=0.6885 | Wμ=9.859 | Aμ=10.171 | Wmax=10.062 | Amax=10.390 |LR=0.002 | t=8.94s
    21 | base=0.037503 | val=1.168162 | acc1=0.6848 | Wμ=9.563 | Aμ=9.999 | Wmax=9.898 | Amax=10.370 |LR=0.002 | t=8.92s
    22 | base=0.036905 | val=1.160674 | acc1=0.6877 | Wμ=9.284 | Aμ=9.760 | Wmax=9.679 | Amax=10.309 |LR=0.002 | t=9.07s
    23 | base=0.040976 | val=1.139082 | acc1=0.6903 | Wμ=9.022 | Aμ=9.496 | Wmax=9.461 | Amax=10.209 |LR=0.002 | t=8.95s
    24 | base=0.039530 | val=1.160574 | acc1=0.6837 | Wμ=8.774 | Aμ=9.233 | Wmax=9.260 | Amax=10.063 |LR=0.002 | t=8.97s
    25 | base=0.041336 | val=1.144047 | acc1=0.6907 | Wμ=8.535 | Aμ=8.992 | Wmax=9.063 | Amax=9.910 |LR=0.002 | t=8.94s
    26 | base=0.044342 | val=1.137632 | acc1=0.6916 | Wμ=8.304 | Aμ=8.769 | Wmax=8.870 | Amax=9.748 |LR=0.002 | t=8.92s
    27 | base=0.047579 | val=1.142764 | acc1=0.6885 | Wμ=8.082 | Aμ=8.558 | Wmax=8.690 | Amax=9.628 |LR=0.002 | t=8.96s
    28 | base=0.046376 | val=1.169344 | acc1=0.6837 | Wμ=7.864 | Aμ=8.367 | Wmax=8.512 | Amax=9.506 |LR=0.002 | t=8.94s
    29 | base=0.058828 | val=1.171926 | acc1=0.6856 | Wμ=7.652 | Aμ=8.186 | Wmax=8.340 | Amax=9.384 |LR=0.002 | t=8.92s
    30 | base=0.058878 | val=1.167263 | acc1=0.6826 | Wμ=7.444 | Aμ=8.014 | Wmax=8.180 | Amax=9.248 |LR=0.002 | t=8.95s
    31 | base=0.060749 | val=1.156654 | acc1=0.6883 | Wμ=7.237 | Aμ=7.848 | Wmax=8.011 | Amax=9.142 |LR=0.002 | t=8.94s
    32 | base=0.067888 | val=1.177423 | acc1=0.6814 | Wμ=7.033 | Aμ=7.676 | Wmax=7.845 | Amax=9.011 |LR=0.002 | t=8.95s
    33 | base=0.073169 | val=1.195843 | acc1=0.6742 | Wμ=6.833 | Aμ=7.521 | Wmax=7.687 | Amax=8.925 |LR=0.002 | t=8.92s
    34 | base=0.075822 | val=1.190439 | acc1=0.6754 | Wμ=6.632 | Aμ=7.369 | Wmax=7.524 | Amax=8.814 |LR=0.002 | t=8.96s
    35 | base=0.081291 | val=1.186801 | acc1=0.6746 | Wμ=6.433 | Aμ=7.228 | Wmax=7.375 | Amax=8.721 |LR=0.002 | t=8.94s
    36 | base=0.084007 | val=1.188621 | acc1=0.6731 | Wμ=6.235 | Aμ=7.075 | Wmax=7.209 | Amax=8.589 |LR=0.002 | t=8.97s
    37 | base=0.096061 | val=1.247021 | acc1=0.6649 | Wμ=6.037 | Aμ=6.936 | Wmax=7.066 | Amax=8.472 |LR=0.002 | t=8.97s
    38 | base=0.117411 | val=1.265376 | acc1=0.6581 | Wμ=5.843 | Aμ=6.802 | Wmax=6.907 | Amax=8.371 |LR=0.002 | t=8.96s
    39 | base=0.122974 | val=1.244260 | acc1=0.6622 | Wμ=5.648 | Aμ=6.671 | Wmax=6.755 | Amax=8.262 |LR=0.002 | t=8.95s
    40 | base=0.116142 | val=1.233723 | acc1=0.6634 | Wμ=5.451 | Aμ=6.547 | Wmax=6.600 | Amax=8.129 |LR=0.002 | t=9.05s
    41 | base=0.137768 | val=1.214598 | acc1=0.6719 | Wμ=5.256 | Aμ=6.425 | Wmax=6.443 | Amax=8.028 |LR=0.002 | t=9.01s
    42 | base=0.137400 | val=1.278217 | acc1=0.6500 | Wμ=5.061 | Aμ=6.305 | Wmax=6.267 | Amax=7.943 |LR=0.002 | t=8.94s
    43 | base=0.147569 | val=1.302580 | acc1=0.6493 | Wμ=4.863 | Aμ=6.199 | Wmax=6.129 | Amax=7.858 |LR=0.002 | t=9.01s
    44 | base=0.150149 | val=1.271124 | acc1=0.6586 | Wμ=4.668 | Aμ=6.100 | Wmax=5.977 | Amax=7.781 |LR=0.002 | t=8.96s
    45 | base=0.169214 | val=1.233940 | acc1=0.6689 | Wμ=4.475 | Aμ=6.000 | Wmax=5.833 | Amax=7.672 |LR=0.002 | t=8.98s
    46 | base=0.195562 | val=1.262791 | acc1=0.6566 | Wμ=4.281 | Aμ=5.898 | Wmax=5.700 | Amax=7.600 |LR=0.002 | t=8.92s
    47 | base=0.195938 | val=1.396019 | acc1=0.6211 | Wμ=4.087 | Aμ=5.804 | Wmax=5.524 | Amax=7.459 |LR=0.002 | t=8.97s
    48 | base=0.217962 | val=1.333187 | acc1=0.6352 | Wμ=3.896 | Aμ=5.715 | Wmax=5.392 | Amax=7.435 |LR=0.002 | t=8.92s
    49 | base=0.231745 | val=1.405481 | acc1=0.6202 | Wμ=3.712 | Aμ=5.627 | Wmax=5.209 | Amax=7.340 |LR=0.002 | t=8.99s
    50 | base=0.274453 | val=1.381855 | acc1=0.6275 | Wμ=3.529 | Aμ=5.536 | Wmax=5.087 | Amax=7.229 |LR=0.002 | t=8.92s
    51 | base=0.269653 | val=1.387390 | acc1=0.6263 | Wμ=3.345 | Aμ=5.452 | Wmax=4.907 | Amax=7.109 |LR=0.002 | t=8.96s
    52 | base=0.305982 | val=1.817839 | acc1=0.5411 | Wμ=3.166 | Aμ=5.358 | Wmax=4.807 | Amax=7.033 |LR=0.002 | t=8.97s
    53 | base=0.324241 | val=1.687911 | acc1=0.5561 | Wμ=2.996 | Aμ=5.280 | Wmax=4.700 | Amax=6.931 |LR=0.002 | t=8.95s
    54 | base=0.346644 | val=1.625279 | acc1=0.5627 | Wμ=2.829 | Aμ=5.186 | Wmax=4.524 | Amax=6.807 |LR=0.002 | t=8.96s
    55 | base=0.382467 | val=1.844872 | acc1=0.5243 | Wμ=2.670 | Aμ=5.109 | Wmax=4.392 | Amax=6.687 |LR=0.002 | t=8.96s
    56 | base=0.424861 | val=1.727815 | acc1=0.5539 | Wμ=2.516 | Aμ=5.017 | Wmax=4.322 | Amax=6.629 |LR=0.002 | t=8.96s
    57 | base=0.434072 | val=2.115892 | acc1=0.4570 | Wμ=2.371 | Aμ=4.929 | Wmax=4.170 | Amax=6.508 |LR=0.002 | t=9.00s
    58 | base=0.451230 | val=1.706097 | acc1=0.5651 | Wμ=2.237 | Aμ=4.844 | Wmax=4.087 | Amax=6.409 |LR=0.002 | t=8.98s
    59 | base=0.484872 | val=2.091645 | acc1=0.4750 | Wμ=2.112 | Aμ=4.771 | Wmax=4.000 | Amax=6.322 |LR=0.002 | t=9.00s
    60 | base=0.550689 | val=1.981258 | acc1=0.4861 | Wμ=1.999 | Aμ=4.698 | Wmax=3.907 | Amax=6.267 |LR=0.002 | t=8.99s
    61 | base=0.597799 | val=2.015463 | acc1=0.4775 | Wμ=1.902 | Aμ=4.600 | Wmax=3.807 | Amax=6.190 |LR=0.002 | t=8.97s
    62 | base=0.636424 | val=2.213467 | acc1=0.4483 | Wμ=1.808 | Aμ=4.513 | Wmax=3.700 | Amax=6.044 |LR=0.002 | t=9.00s
    63 | base=0.688440 | val=2.756082 | acc1=0.3508 | Wμ=1.726 | Aμ=4.420 | Wmax=3.585 | Amax=5.931 |LR=0.002 | t=8.96s
    64 | base=0.715904 | val=2.729930 | acc1=0.3571 | Wμ=1.646 | Aμ=4.339 | Wmax=3.459 | Amax=5.807 |LR=0.002 | t=8.93s
    65 | base=0.772362 | val=3.433511 | acc1=0.3059 | Wμ=1.576 | Aμ=4.254 | Wmax=3.322 | Amax=5.672 |LR=0.002 | t=8.97s
    66 | base=0.899361 | val=2.794050 | acc1=0.3382 | Wμ=1.518 | Aμ=4.158 | Wmax=3.322 | Amax=5.524 |LR=0.002 | t=8.96s
    67 | base=0.905093 | val=3.663548 | acc1=0.2035 | Wμ=1.464 | Aμ=4.064 | Wmax=3.170 | Amax=5.392 |LR=0.002 | t=9.02s
    68 | base=0.937027 | val=3.758042 | acc1=0.2155 | Wμ=1.414 | Aμ=3.963 | Wmax=3.170 | Amax=5.285 |LR=0.002 | t=9.03s
    69 | base=1.010237 | val=4.699937 | acc1=0.1355 | Wμ=1.370 | Aμ=3.858 | Wmax=3.000 | Amax=5.087 |LR=0.002 | t=8.97s
    70 | base=1.052868 | val=4.129131 | acc1=0.1820 | Wμ=1.331 | Aμ=3.781 | Wmax=3.000 | Amax=5.044 |LR=0.002 | t=9.00s
    71 | base=1.091257 | val=5.567242 | acc1=0.0478 | Wμ=1.297 | Aμ=3.691 | Wmax=2.807 | Amax=4.954 |LR=0.002 | t=8.97s
    72 | base=1.122229 | val=5.409724 | acc1=0.0824 | Wμ=1.265 | Aμ=3.626 | Wmax=2.807 | Amax=4.807 |LR=0.002 | t=8.95s
    73 | base=1.110092 | val=7.547481 | acc1=0.0633 | Wμ=1.233 | Aμ=3.520 | Wmax=2.807 | Amax=4.700 |LR=0.002 | t=8.97s
    74 | base=1.210753 | val=4.317080 | acc1=0.1590 | Wμ=1.205 | Aμ=3.409 | Wmax=2.585 | Amax=4.524 |LR=0.002 | t=8.96s
    75 | base=1.107284 | val=4.864589 | acc1=0.1074 | Wμ=1.178 | Aμ=3.318 | Wmax=2.585 | Amax=4.392 |LR=0.002 | t=9.02s
    76 | base=1.102797 | val=3.474677 | acc1=0.2324 | Wμ=1.152 | Aμ=3.201 | Wmax=2.585 | Amax=4.248 |LR=0.002 | t=8.97s
    77 | base=1.120224 | val=4.318574 | acc1=0.1521 | Wμ=1.127 | Aμ=3.104 | Wmax=2.322 | Amax=4.087 |LR=0.002 | t=8.97s
    78 | base=1.093003 | val=3.703461 | acc1=0.2217 | Wμ=1.104 | Aμ=2.997 | Wmax=2.322 | Amax=4.000 |LR=0.002 | t=8.97s
    79 | base=1.074165 | val=7.808694 | acc1=0.0416 | Wμ=1.083 | Aμ=2.915 | Wmax=2.322 | Amax=3.807 |LR=0.002 | t=8.96s
    80 | base=1.083909 | val=4.550484 | acc1=0.1646 | Wμ=1.067 | Aμ=2.800 | Wmax=2.322 | Amax=3.700 |LR=0.002 | t=8.97s
    81 | base=1.085486 | val=3.144526 | acc1=0.2578 | Wμ=1.055 | Aμ=2.713 | Wmax=2.000 | Amax=3.459 |LR=0.002 | t=8.95s
    82 | base=1.128993 | val=5.155761 | acc1=0.1322 | Wμ=1.045 | Aμ=2.586 | Wmax=2.000 | Amax=3.322 |LR=0.002 | t=8.97s
    83 | base=1.147055 | val=3.240228 | acc1=0.2927 | Wμ=1.037 | Aμ=2.473 | Wmax=2.000 | Amax=3.170 |LR=0.002 | t=9.03s
    84 | base=1.159522 | val=3.936424 | acc1=0.1914 | Wμ=1.031 | Aμ=2.390 | Wmax=2.000 | Amax=3.000 |LR=0.002 | t=8.97s
    85 | base=1.171113 | val=3.488350 | acc1=0.2347 | Wμ=1.026 | Aμ=2.325 | Wmax=2.000 | Amax=3.000 |LR=0.002 | t=8.92s
    86 | base=1.238954 | val=3.769036 | acc1=0.2033 | Wμ=1.020 | Aμ=2.239 | Wmax=1.585 | Amax=3.000 |LR=0.002 | t=8.98s
    87 | base=1.223891 | val=3.785722 | acc1=0.1997 | Wμ=1.016 | Aμ=2.161 | Wmax=1.585 | Amax=2.807 |LR=0.002 | t=8.93s
    88 | base=1.239851 | val=3.397914 | acc1=0.2562 | Wμ=1.012 | Aμ=2.077 | Wmax=1.585 | Amax=2.807 |LR=0.002 | t=8.94s
    89 | base=1.305918 | val=3.276701 | acc1=0.2796 | Wμ=1.007 | Aμ=2.026 | Wmax=1.585 | Amax=2.585 |LR=0.002 | t=8.96s
    90 | base=1.366878 | val=2.983667 | acc1=0.3189 | Wμ=1.005 | Aμ=1.976 | Wmax=1.585 | Amax=2.585 |LR=0.002 | t=8.99s
    91 | base=1.332840 | val=3.024088 | acc1=0.3062 | Wμ=1.002 | Aμ=1.941 | Wmax=1.585 | Amax=2.585 |LR=0.002 | t=8.98s
    92 | base=1.291792 | val=2.425477 | acc1=0.3845 | Wμ=1.000 | Aμ=1.877 | Wmax=1.585 | Amax=2.585 |LR=0.002 | t=9.00s
    93 | base=1.386454 | val=3.035847 | acc1=0.2935 | Wμ=0.998 | Aμ=1.787 | Wmax=1.000 | Amax=2.322 |LR=0.002 | t=8.95s
    94 | base=1.356596 | val=3.123491 | acc1=0.2842 | Wμ=0.997 | Aμ=1.738 | Wmax=1.000 | Amax=2.322 |LR=0.002 | t=8.99s
    95 | base=1.551726 | val=2.702552 | acc1=0.3457 | Wμ=0.996 | Aμ=1.706 | Wmax=1.000 | Amax=2.322 |LR=0.002 | t=8.96s
    96 | base=1.425448 | val=3.450256 | acc1=0.2518 | Wμ=0.995 | Aμ=1.669 | Wmax=1.000 | Amax=2.322 |LR=0.002 | t=8.99s
    97 | base=1.513911 | val=3.378111 | acc1=0.2634 | Wμ=0.995 | Aμ=1.632 | Wmax=1.000 | Amax=2.322 |LR=0.002 | t=9.01s
    98 | base=1.435416 | val=2.904282 | acc1=0.3276 | Wμ=0.994 | Aμ=1.598 | Wmax=1.000 | Amax=2.322 |LR=0.002 | t=9.04s
    99 | base=1.448183 | val=2.696833 | acc1=0.3376 | Wμ=0.995 | Aμ=1.570 | Wmax=1.000 | Amax=2.322 |LR=0.002 | t=9.03s
   100 | base=1.438413 | val=3.190567 | acc1=0.2738 | Wμ=0.994 | Aμ=1.554 | Wmax=1.000 | Amax=2.000 |LR=0.002 | t=8.99s
   101 | base=1.581455 | val=3.695519 | acc1=0.2178 | Wμ=0.994 | Aμ=1.526 | Wmax=1.000 | Amax=2.000 |LR=0.002 | t=9.01s
   102 | base=1.584056 | val=2.853207 | acc1=0.3346 | Wμ=0.994 | Aμ=1.487 | Wmax=1.000 | Amax=2.000 |LR=0.002 | t=8.99s
   103 | base=1.621001 | val=2.753456 | acc1=0.3425 | Wμ=0.993 | Aμ=1.447 | Wmax=1.000 | Amax=2.000 |LR=0.002 | t=9.00s
   104 | base=1.573892 | val=2.576795 | acc1=0.3631 | Wμ=0.993 | Aμ=1.406 | Wmax=1.000 | Amax=2.000 |LR=0.002 | t=8.98s
   105 | base=1.575768 | val=3.584074 | acc1=0.2222 | Wμ=0.993 | Aμ=1.374 | Wmax=1.000 | Amax=1.585 |LR=0.002 | t=8.99s
   106 | base=1.706853 | val=2.813962 | acc1=0.3340 | Wμ=0.993 | Aμ=1.351 | Wmax=1.000 | Amax=2.000 |LR=0.002 | t=8.99s
   107 | base=1.567253 | val=2.659107 | acc1=0.3501 | Wμ=0.992 | Aμ=1.320 | Wmax=1.000 | Amax=2.000 |LR=0.002 | t=8.99s
   108 | base=1.637339 | val=2.520308 | acc1=0.3759 | Wμ=0.993 | Aμ=1.284 | Wmax=1.000 | Amax=2.000 |LR=0.002 | t=9.02s
   109 | base=1.548867 | val=3.030003 | acc1=0.3102 | Wμ=0.993 | Aμ=1.245 | Wmax=1.000 | Amax=2.000 |LR=0.002 | t=9.01s
   110 | base=1.672391 | val=3.325249 | acc1=0.2515 | Wμ=0.993 | Aμ=1.214 | Wmax=1.000 | Amax=2.000 |LR=0.002 | t=9.00s
   111 | base=1.636880 | val=3.037598 | acc1=0.3138 | Wμ=0.992 | Aμ=1.201 | Wmax=1.000 | Amax=2.000 |LR=0.002 | t=9.01s
   112 | base=1.784728 | val=2.991966 | acc1=0.2997 | Wμ=0.993 | Aμ=1.188 | Wmax=1.000 | Amax=1.585 |LR=0.002 | t=9.01s
   113 | base=1.604786 | val=2.737719 | acc1=0.3360 | Wμ=0.992 | Aμ=1.178 | Wmax=1.000 | Amax=1.585 |LR=0.002 | t=8.99s
   114 | base=1.571333 | val=2.906094 | acc1=0.3307 | Wμ=0.992 | Aμ=1.163 | Wmax=1.000 | Amax=1.585 |LR=0.002 | t=9.01s
   115 | base=1.654815 | val=3.039954 | acc1=0.2796 | Wμ=0.991 | Aμ=1.147 | Wmax=1.000 | Amax=1.585 |LR=0.002 | t=9.02s
   116 | base=1.794462 | val=2.602487 | acc1=0.3452 | Wμ=0.991 | Aμ=1.141 | Wmax=1.000 | Amax=1.585 |LR=0.002 | t=9.06s
   117 | base=1.652622 | val=2.703474 | acc1=0.3367 | Wμ=0.991 | Aμ=1.131 | Wmax=1.000 | Amax=1.585 |LR=0.002 | t=9.01s
   118 | base=1.645169 | val=2.635772 | acc1=0.3529 | Wμ=0.992 | Aμ=1.122 | Wmax=1.000 | Amax=1.585 |LR=0.002 | t=8.97s
   119 | base=1.619218 | val=4.535352 | acc1=0.1468 | Wμ=0.992 | Aμ=1.115 | Wmax=1.000 | Amax=1.585 |LR=0.002 | t=9.00s
   120 | base=1.608113 | val=3.816671 | acc1=0.2027 | Wμ=0.991 | Aμ=1.107 | Wmax=1.000 | Amax=1.585 |LR=0.002 | t=9.03s
   121 | base=1.711949 | val=2.739134 | acc1=0.3407 | Wμ=0.991 | Aμ=1.106 | Wmax=1.000 | Amax=1.585 |LR=0.002 | t=9.00s
   122 | base=1.775073 | val=2.714168 | acc1=0.3339 | Wμ=0.991 | Aμ=1.106 | Wmax=1.000 | Amax=1.585 |LR=0.002 | t=8.98s
   123 | base=1.786142 | val=3.001268 | acc1=0.2945 | Wμ=0.991 | Aμ=1.107 | Wmax=1.000 | Amax=1.585 |LR=0.002 | t=9.01s
   124 | base=1.629973 | val=2.192257 | acc1=0.4423 | Wμ=0.992 | Aμ=1.107 | Wmax=1.000 | Amax=1.585 |LR=0.002 | t=8.99s
   125 | base=1.654801 | val=2.545855 | acc1=0.3953 | Wμ=0.991 | Aμ=1.105 | Wmax=1.000 | Amax=1.585 |LR=0.002 | t=9.00s
   126 | base=1.698083 | val=2.420762 | acc1=0.3873 | Wμ=0.991 | Aμ=1.105 | Wmax=1.000 | Amax=1.585 |LR=0.002 | t=9.02s
   127 | base=1.757342 | val=4.078775 | acc1=0.1576 | Wμ=0.991 | Aμ=1.106 | Wmax=1.000 | Amax=1.585 |LR=0.002 | t=8.99s
   128 | base=1.787011 | val=2.859584 | acc1=0.3225 | Wμ=0.990 | Aμ=1.105 | Wmax=1.000 | Amax=1.585 |LR=0.002 | t=8.98s
   129 | base=1.727245 | val=2.557046 | acc1=0.3629 | Wμ=0.991 | Aμ=1.103 | Wmax=1.000 | Amax=1.585 |LR=0.002 | t=9.00s
   130 | base=1.900807 | val=2.503119 | acc1=0.3645 | Wμ=0.991 | Aμ=1.103 | Wmax=1.000 | Amax=1.585 |LR=0.002 | t=8.96s
   131 | base=1.744119 | val=2.674662 | acc1=0.3540 | Wμ=0.991 | Aμ=1.099 | Wmax=1.000 | Amax=1.585 |LR=0.002 | t=9.01s
   132 | base=1.729030 | val=2.395818 | acc1=0.4061 | Wμ=0.990 | Aμ=1.095 | Wmax=1.000 | Amax=1.585 |LR=0.002 | t=9.00s
   133 | base=1.744950 | val=2.317518 | acc1=0.4111 | Wμ=0.990 | Aμ=1.091 | Wmax=1.000 | Amax=1.585 |LR=0.002 | t=9.04s
   134 | base=1.765660 | val=2.368884 | acc1=0.3999 | Wμ=0.990 | Aμ=1.088 | Wmax=1.000 | Amax=1.585 |LR=0.002 | t=9.09s
   135 | base=1.885328 | val=3.106922 | acc1=0.2741 | Wμ=0.991 | Aμ=1.087 | Wmax=1.000 | Amax=1.585 |LR=0.002 | t=9.05s
   136 | base=1.853680 | val=2.704297 | acc1=0.3323 | Wμ=0.990 | Aμ=1.084 | Wmax=1.000 | Amax=1.000 |LR=0.002 | t=9.01s
   137 | base=1.716862 | val=2.565464 | acc1=0.3592 | Wμ=0.990 | Aμ=1.078 | Wmax=1.000 | Amax=1.000 |LR=0.0018582 | t=9.03s
   138 | base=1.774671 | val=2.633142 | acc1=0.3439 | Wμ=0.991 | Aμ=1.069 | Wmax=1.000 | Amax=1.000 |LR=0.0017238 | t=9.03s
   139 | base=1.783682 | val=3.338548 | acc1=0.2715 | Wμ=0.990 | Aμ=1.055 | Wmax=1.000 | Amax=1.585 |LR=0.0015992 | t=9.06s
   140 | base=1.615028 | val=3.011700 | acc1=0.3019 | Wμ=0.991 | Aμ=1.039 | Wmax=1.000 | Amax=1.585 |LR=0.0015968 | t=9.06s
   141 | base=1.651073 | val=2.732534 | acc1=0.3130 | Wμ=0.991 | Aμ=1.034 | Wmax=1.000 | Amax=1.000 |LR=0.0015968 | t=9.01s
   142 | base=1.735741 | val=2.983696 | acc1=0.3446 | Wμ=0.990 | Aμ=1.034 | Wmax=1.000 | Amax=1.585 |LR=0.0014835 | t=8.99s
   143 | base=1.802545 | val=2.765004 | acc1=0.3223 | Wμ=0.990 | Aμ=1.034 | Wmax=1.000 | Amax=1.000 |LR=0.0014813 | t=9.02s
   144 | base=1.639984 | val=2.387084 | acc1=0.3842 | Wμ=0.991 | Aμ=1.033 | Wmax=1.000 | Amax=1.000 |LR=0.0013763 | t=9.09s
   145 | base=1.716467 | val=2.530552 | acc1=0.3564 | Wμ=0.991 | Aμ=1.032 | Wmax=1.000 | Amax=1.000 |LR=0.0012767 | t=9.06s
   146 | base=1.716559 | val=2.491400 | acc1=0.3666 | Wμ=0.991 | Aμ=1.030 | Wmax=1.000 | Amax=1.000 |LR=0.0011844 | t=8.99s
   147 | base=1.731474 | val=2.730800 | acc1=0.3482 | Wμ=0.991 | Aμ=1.028 | Wmax=1.000 | Amax=1.000 |LR=0.0010988 | t=9.13s
   148 | base=1.629435 | val=3.804371 | acc1=0.2482 | Wμ=0.992 | Aμ=1.026 | Wmax=1.000 | Amax=1.585 |LR=0.0010193 | t=9.10s
   149 | base=1.620208 | val=2.772862 | acc1=0.3341 | Wμ=0.992 | Aμ=1.022 | Wmax=1.000 | Amax=1.000 |LR=0.0010178 | t=9.04s
   150 | base=1.686491 | val=2.260778 | acc1=0.4221 | Wμ=0.991 | Aμ=1.018 | Wmax=1.000 | Amax=1.000 |LR=0.00094562 | t=9.12s
   151 | base=1.709433 | val=2.581584 | acc1=0.3554 | Wμ=0.992 | Aμ=1.016 | Wmax=1.000 | Amax=1.000 |LR=0.00087724 | t=9.13s
   152 | base=1.649587 | val=2.510085 | acc1=0.3623 | Wμ=0.992 | Aμ=1.015 | Wmax=1.000 | Amax=1.000 |LR=0.00081381 | t=9.15s
   153 | base=1.667950 | val=2.527344 | acc1=0.3683 | Wμ=0.992 | Aμ=1.015 | Wmax=1.000 | Amax=1.000 |LR=0.00075497 | t=9.11s
   154 | base=1.602823 | val=2.356493 | acc1=0.4027 | Wμ=0.992 | Aμ=1.014 | Wmax=1.000 | Amax=1.000 |LR=0.00070037 | t=9.05s
   155 | base=1.574124 | val=2.204630 | acc1=0.4280 | Wμ=0.993 | Aμ=1.011 | Wmax=1.000 | Amax=1.000 |LR=0.00064973 | t=9.04s
   156 | base=1.628680 | val=2.277297 | acc1=0.4165 | Wμ=0.993 | Aμ=1.010 | Wmax=1.000 | Amax=1.000 |LR=0.00060275 | t=9.04s
   157 | base=1.638819 | val=2.349687 | acc1=0.4120 | Wμ=0.993 | Aμ=1.009 | Wmax=1.000 | Amax=1.000 |LR=0.00055917 | t=9.08s
   158 | base=1.607345 | val=2.277588 | acc1=0.4214 | Wμ=0.993 | Aμ=1.007 | Wmax=1.000 | Amax=1.000 |LR=0.00051873 | t=9.08s
   159 | base=1.622760 | val=2.509000 | acc1=0.3868 | Wμ=0.993 | Aμ=1.005 | Wmax=1.000 | Amax=1.000 |LR=0.00048122 | t=9.00s
   160 | base=1.588385 | val=2.368423 | acc1=0.4081 | Wμ=0.993 | Aμ=1.003 | Wmax=1.000 | Amax=1.000 |LR=0.00044643 | t=8.97s
   161 | base=1.564919 | val=2.760376 | acc1=0.3593 | Wμ=0.993 | Aμ=1.001 | Wmax=1.000 | Amax=1.000 |LR=0.00041415 | t=8.95s
   162 | base=1.583260 | val=3.296484 | acc1=0.2764 | Wμ=0.993 | Aμ=0.999 | Wmax=1.000 | Amax=1.000 |LR=0.0003842 | t=9.03s
   163 | base=1.545766 | val=2.194388 | acc1=0.4297 | Wμ=0.993 | Aμ=0.998 | Wmax=1.000 | Amax=1.000 |LR=0.00035642 | t=9.01s
   164 | base=1.572536 | val=2.352422 | acc1=0.4121 | Wμ=0.994 | Aμ=0.999 | Wmax=1.000 | Amax=1.000 |LR=0.00033065 | t=9.02s
