     0 | base=nan | val=1.104183 | acc1=nan | Wμ=nan | Aμ=nan | Wmax=nan | Amax=nan |LR=nan | t=nans
     0 | base=nan | val=1.104352 | acc1=0.7034 | Wμ=11.367 | Aμ=20.000 | Wmax=12.587 | Amax=14.104 |LR=nan | t=nans
     0 | base=nan | val=1.104495 | acc1=0.7028 | Wμ=10.000 | Aμ=20.000 | Wmax=10.000 | Amax=14.105 |LR=nan | t=nans
     0 | base=nan | val=1.104728 | acc1=0.7024 | Wμ=10.000 | Aμ=10.000 | Wmax=10.000 | Amax=9.988 |LR=nan | t=nans
# epoch | BaseLoss | ValLoss | Acc@1 | MeanWBits | MeanABits | MaxWBits | MaxABits | LR | GradNorm | WSat | ASat | NoiseMean | NoiseVar | NoiseCorr | Temp | EpochTime(s)
     0 | base=nan | val=1.111712 | acc1=0.7035 | Wμ=10.000 | Aμ=10.000 | Wmax=10.000 | Amax=9.976 |LR=nan | t=nans
     0 | base=0.094430 | val=1.129998 | acc1=0.6974 | Wμ=10.000 | Aμ=10.001 | Wmax=10.011 | Amax=10.001 |LR=0.00098 | t=11.20s
     1 | base=0.057904 | val=1.120715 | acc1=0.6996 | Wμ=10.001 | Aμ=10.005 | Wmax=10.025 | Amax=10.010 |LR=0.00198 | t=9.34s
     2 | base=0.045009 | val=1.130416 | acc1=0.6940 | Wμ=10.002 | Aμ=10.015 | Wmax=10.053 | Amax=10.033 |LR=0.00298 | t=9.33s
     3 | base=0.043103 | val=1.146260 | acc1=0.6911 | Wμ=10.005 | Aμ=10.033 | Wmax=10.063 | Amax=10.065 |LR=0.00398 | t=9.37s
     4 | base=0.049542 | val=1.187832 | acc1=0.6848 | Wμ=10.010 | Aμ=10.058 | Wmax=10.083 | Amax=10.117 |LR=0.00498 | t=9.29s
     5 | base=0.071730 | val=1.181368 | acc1=0.6809 | Wμ=10.020 | Aμ=10.095 | Wmax=10.107 | Amax=10.181 |LR=0.00598 | t=9.30s
     6 | base=0.120698 | val=1.238913 | acc1=0.6624 | Wμ=10.038 | Aμ=10.141 | Wmax=10.189 | Amax=10.274 |LR=0.00698 | t=9.29s
     7 | base=0.204028 | val=1.397256 | acc1=0.6229 | Wμ=10.071 | Aμ=10.173 | Wmax=10.303 | Amax=10.361 |LR=0.00798 | t=9.27s
     8 | base=0.251280 | val=1.436820 | acc1=0.6105 | Wμ=10.118 | Aμ=10.224 | Wmax=10.393 | Amax=10.464 |LR=0.00898 | t=9.31s
     9 | base=0.295938 | val=1.346698 | acc1=0.6385 | Wμ=10.173 | Aμ=10.263 | Wmax=10.539 | Amax=10.547 |LR=0.00998 | t=9.32s
    10 | base=0.279749 | val=1.450560 | acc1=0.6166 | Wμ=10.230 | Aμ=10.301 | Wmax=10.672 | Amax=10.662 |LR=0.01098 | t=9.32s
    11 | base=0.297233 | val=1.482371 | acc1=0.6016 | Wμ=10.293 | Aμ=10.346 | Wmax=10.783 | Amax=10.751 |LR=0.01198 | t=9.38s
    12 | base=0.344811 | val=1.640484 | acc1=0.5650 | Wμ=10.359 | Aμ=10.376 | Wmax=10.831 | Amax=10.801 |LR=0.01298 | t=9.32s
    13 | base=0.301427 | val=1.363914 | acc1=0.6337 | Wμ=10.429 | Aμ=10.373 | Wmax=10.986 | Amax=10.812 |LR=0.01398 | t=9.35s
    14 | base=0.334239 | val=1.462232 | acc1=0.6110 | Wμ=10.496 | Aμ=10.451 | Wmax=11.037 | Amax=10.896 |LR=0.01498 | t=9.32s
    15 | base=0.303075 | val=1.388106 | acc1=0.6234 | Wμ=10.571 | Aμ=10.519 | Wmax=11.176 | Amax=11.005 |LR=0.01598 | t=9.38s
    16 | base=0.329336 | val=1.458836 | acc1=0.6135 | Wμ=10.646 | Aμ=10.578 | Wmax=11.341 | Amax=11.159 |LR=0.01698 | t=9.41s
    17 | base=0.323453 | val=1.464806 | acc1=0.6077 | Wμ=10.709 | Aμ=10.584 | Wmax=11.566 | Amax=11.217 |LR=0.01798 | t=9.36s
    18 | base=0.331557 | val=1.450163 | acc1=0.6093 | Wμ=10.773 | Aμ=10.659 | Wmax=11.733 | Amax=11.382 |LR=0.01898 | t=9.36s
    19 | base=0.368124 | val=1.518754 | acc1=0.5953 | Wμ=10.840 | Aμ=10.718 | Wmax=11.787 | Amax=11.414 |LR=0.01998 | t=9.34s
    20 | base=0.317523 | val=1.546826 | acc1=0.5962 | Wμ=7.353 | Aμ=7.284 | Wmax=8.140 | Amax=8.910 |LR=0.02 | t=9.43s
    21 | base=0.438680 | val=1.892825 | acc1=0.5235 | Wμ=4.039 | Aμ=4.810 | Wmax=4.807 | Amax=6.539 |LR=0.02 | t=9.40s
    22 | base=1.505536 | val=5.275142 | acc1=0.1298 | Wμ=2.038 | Aμ=4.385 | Wmax=3.459 | Amax=5.931 |LR=0.02 | t=9.35s
    23 | base=1.833714 | val=6.118199 | acc1=0.0430 | Wμ=1.327 | Aμ=3.689 | Wmax=2.807 | Amax=4.858 |LR=0.02 | t=9.33s
    24 | base=1.824081 | val=3.731277 | acc1=0.2124 | Wμ=1.116 | Aμ=2.766 | Wmax=2.585 | Amax=3.700 |LR=0.02 | t=9.37s
    25 | base=1.666668 | val=3.201917 | acc1=0.2972 | Wμ=1.031 | Aμ=2.105 | Wmax=2.000 | Amax=2.807 |LR=0.02 | t=9.34s
    26 | base=1.804310 | val=4.114972 | acc1=0.2046 | Wμ=0.998 | Aμ=1.707 | Wmax=1.585 | Amax=2.322 |LR=0.02 | t=9.30s
    27 | base=1.910393 | val=6.899259 | acc1=0.0660 | Wμ=0.990 | Aμ=1.490 | Wmax=1.585 | Amax=2.000 |LR=0.02 | t=9.35s
    28 | base=1.984035 | val=3.084813 | acc1=0.2933 | Wμ=0.986 | Aμ=1.269 | Wmax=1.585 | Amax=1.585 |LR=0.02 | t=9.33s
    29 | base=2.197114 | val=3.426995 | acc1=0.2151 | Wμ=0.982 | Aμ=1.141 | Wmax=1.000 | Amax=1.585 |LR=0.02 | t=9.38s
    30 | base=2.094934 | val=3.127183 | acc1=0.2974 | Wμ=0.980 | Aμ=1.091 | Wmax=1.000 | Amax=1.585 |LR=0.02 | t=9.34s
    31 | base=2.098569 | val=3.571647 | acc1=0.2297 | Wμ=0.978 | Aμ=1.073 | Wmax=1.000 | Amax=1.585 |LR=0.02 | t=9.33s
    32 | base=2.235452 | val=3.974893 | acc1=0.1949 | Wμ=0.976 | Aμ=1.038 | Wmax=1.000 | Amax=1.585 |LR=0.02 | t=9.37s
    33 | base=2.125236 | val=5.045346 | acc1=0.1331 | Wμ=0.972 | Aμ=0.993 | Wmax=1.000 | Amax=1.000 |LR=0.02 | t=9.40s
    34 | base=1.974930 | val=3.321734 | acc1=0.2440 | Wμ=0.969 | Aμ=0.977 | Wmax=1.000 | Amax=1.000 |LR=0.018582 | t=9.40s
    35 | base=2.094442 | val=4.149338 | acc1=0.1322 | Wμ=0.969 | Aμ=0.981 | Wmax=1.000 | Amax=1.000 |LR=0.017238 | t=9.39s
    36 | base=1.991441 | val=3.990359 | acc1=0.1996 | Wμ=0.968 | Aμ=0.967 | Wmax=1.000 | Amax=1.000 |LR=0.015992 | t=9.34s
    37 | base=1.954779 | val=3.516615 | acc1=0.2397 | Wμ=0.967 | Aμ=0.960 | Wmax=1.000 | Amax=1.000 |LR=0.014835 | t=9.36s
    38 | base=1.927028 | val=3.708607 | acc1=0.1990 | Wμ=0.966 | Aμ=0.966 | Wmax=1.000 | Amax=1.000 |LR=0.013763 | t=9.37s
    39 | base=1.833277 | val=3.781434 | acc1=0.2192 | Wμ=0.965 | Aμ=0.963 | Wmax=1.000 | Amax=1.000 |LR=0.012767 | t=9.35s
