     0 | train=nan | val=nan | lr=nan | t_train=nan | t_val=1.77 | mem=248.9 | psnr_b100=27.621, psnr_set14=28.302, psnr_set5=32.057, psnr_urban100=26.141, ssim_b100=0.738, ssim_set14=0.861, ssim_set5=0.906, ssim_urban100=0.963 |
     0 | train=nan | val=nan | lr=nan | t_train=nan | t_val=20.75 | mem=250.8 | psnr_b100=27.621, psnr_set14=28.302, psnr_set5=32.056, psnr_urban100=26.140, ssim_b100=0.738, ssim_set14=0.861, ssim_set5=0.906, ssim_urban100=0.963 |
     0 | train=nan | val=nan | lr=nan | t_train=nan | t_val=20.85 | mem=250.9 | psnr_b100=27.621, psnr_set14=28.303, psnr_set5=32.056, psnr_urban100=26.140, ssim_b100=0.738, ssim_set14=0.861, ssim_set5=0.906, ssim_urban100=0.963 |
     0 | train=nan | val=nan | lr=nan | t_train=nan | t_val=20.66 | mem=250.9 | psnr_b100=27.618, psnr_set14=28.302, psnr_set5=32.055, psnr_urban100=26.139, ssim_b100=0.738, ssim_set14=0.861, ssim_set5=0.906, ssim_urban100=0.963 |
# epoch | train_loss | val_loss | LR | t_train(s) | t_val(s) | gpu_mem(MB) | SRBench(psnr/ssim...)
     0 | train=nan | val=nan | lr=nan | t_train=nan | t_val=1.54 | mem=250.9 |
     0 | train=0.000705 | val=nan | lr=0.00036 | t_train=12.94 | t_val=12.15 | mem=383.9 | psnr_b100=27.619, psnr_set14=28.299, psnr_set5=32.341, psnr_urban100=26.134, ssim_b100=0.738, ssim_set14=0.861, ssim_set5=0.914, ssim_urban100=0.963 |
     1 | train=0.000781 | val=nan | lr=0.00074 | t_train=12.71 | t_val=12.06 | mem=383.9 | psnr_b100=27.617, psnr_set14=28.298, psnr_set5=32.344, psnr_urban100=26.136, ssim_b100=0.738, ssim_set14=0.861, ssim_set5=0.914, ssim_urban100=0.963 |
     2 | train=0.001036 | val=nan | lr=0.00112 | t_train=12.86 | t_val=12.11 | mem=383.9 | psnr_b100=27.612, psnr_set14=28.301, psnr_set5=32.331, psnr_urban100=26.121, ssim_b100=0.737, ssim_set14=0.861, ssim_set5=0.914, ssim_urban100=0.963 |
     3 | train=0.001309 | val=nan | lr=0.0015 | t_train=12.78 | t_val=12.12 | mem=383.9 | psnr_b100=27.605, psnr_set14=28.292, psnr_set5=32.307, psnr_urban100=26.097, ssim_b100=0.737, ssim_set14=0.861, ssim_set5=0.914, ssim_urban100=0.963 |
     4 | train=0.002481 | val=nan | lr=0.00188 | t_train=12.77 | t_val=12.13 | mem=383.9 | psnr_b100=27.593, psnr_set14=28.263, psnr_set5=32.284, psnr_urban100=26.093, ssim_b100=0.737, ssim_set14=0.860, ssim_set5=0.914, ssim_urban100=0.962 |
     5 | train=0.002506 | val=nan | lr=0.00226 | t_train=12.79 | t_val=12.13 | mem=383.9 | psnr_b100=27.583, psnr_set14=28.276, psnr_set5=32.289, psnr_urban100=26.051, ssim_b100=0.736, ssim_set14=0.860, ssim_set5=0.914, ssim_urban100=0.962 |
     6 | train=0.002431 | val=nan | lr=0.00264 | t_train=12.77 | t_val=12.12 | mem=383.9 | psnr_b100=27.575, psnr_set14=28.252, psnr_set5=32.280, psnr_urban100=25.993, ssim_b100=0.736, ssim_set14=0.860, ssim_set5=0.913, ssim_urban100=0.962 |
     7 | train=0.003234 | val=nan | lr=0.00302 | t_train=12.72 | t_val=12.08 | mem=383.9 | psnr_b100=27.570, psnr_set14=28.255, psnr_set5=32.305, psnr_urban100=26.016, ssim_b100=0.736, ssim_set14=0.860, ssim_set5=0.913, ssim_urban100=0.962 |
     8 | train=0.002863 | val=nan | lr=0.0034 | t_train=12.77 | t_val=12.11 | mem=383.9 | psnr_b100=27.531, psnr_set14=28.172, psnr_set5=32.163, psnr_urban100=25.940, ssim_b100=0.735, ssim_set14=0.859, ssim_set5=0.911, ssim_urban100=0.961 |
     9 | train=0.004185 | val=nan | lr=0.00378 | t_train=12.84 | t_val=12.18 | mem=383.9 | psnr_b100=27.551, psnr_set14=28.202, psnr_set5=32.211, psnr_urban100=26.007, ssim_b100=0.736, ssim_set14=0.859, ssim_set5=0.913, ssim_urban100=0.962 |
    10 | train=0.003510 | val=nan | lr=0.00416 | t_train=12.82 | t_val=12.16 | mem=383.9 | psnr_b100=27.462, psnr_set14=28.140, psnr_set5=32.133, psnr_urban100=25.760, ssim_b100=0.732, ssim_set14=0.857, ssim_set5=0.911, ssim_urban100=0.959 |
    11 | train=0.004098 | val=nan | lr=0.00454 | t_train=12.71 | t_val=12.07 | mem=383.9 | psnr_b100=27.504, psnr_set14=28.162, psnr_set5=32.158, psnr_urban100=25.847, ssim_b100=0.734, ssim_set14=0.858, ssim_set5=0.912, ssim_urban100=0.960 |
    12 | train=0.005008 | val=nan | lr=0.00492 | t_train=12.80 | t_val=12.15 | mem=383.9 | psnr_b100=27.410, psnr_set14=28.088, psnr_set5=32.134, psnr_urban100=25.739, ssim_b100=0.731, ssim_set14=0.857, ssim_set5=0.911, ssim_urban100=0.958 |
    13 | train=0.006051 | val=nan | lr=0.0053 | t_train=12.78 | t_val=12.12 | mem=383.9 | psnr_b100=27.436, psnr_set14=28.070, psnr_set5=32.093, psnr_urban100=25.803, ssim_b100=0.732, ssim_set14=0.857, ssim_set5=0.910, ssim_urban100=0.960 |
    14 | train=0.004739 | val=nan | lr=0.00568 | t_train=12.77 | t_val=12.12 | mem=383.9 | psnr_b100=27.439, psnr_set14=28.016, psnr_set5=31.983, psnr_urban100=25.694, ssim_b100=0.733, ssim_set14=0.857, ssim_set5=0.910, ssim_urban100=0.959 |
    15 | train=0.004893 | val=nan | lr=0.00606 | t_train=12.77 | t_val=12.12 | mem=383.9 | psnr_b100=27.403, psnr_set14=28.007, psnr_set5=31.923, psnr_urban100=25.728, ssim_b100=0.730, ssim_set14=0.855, ssim_set5=0.906, ssim_urban100=0.959 |
    16 | train=0.004642 | val=nan | lr=0.00644 | t_train=12.78 | t_val=12.12 | mem=383.9 | psnr_b100=27.381, psnr_set14=28.064, psnr_set5=31.962, psnr_urban100=25.671, ssim_b100=0.729, ssim_set14=0.855, ssim_set5=0.907, ssim_urban100=0.958 |
    17 | train=0.005513 | val=nan | lr=0.00682 | t_train=12.75 | t_val=12.11 | mem=383.9 | psnr_b100=27.350, psnr_set14=27.925, psnr_set5=31.905, psnr_urban100=25.602, ssim_b100=0.729, ssim_set14=0.853, ssim_set5=0.905, ssim_urban100=0.957 |
    18 | train=0.006481 | val=nan | lr=0.0072 | t_train=12.80 | t_val=12.15 | mem=383.9 | psnr_b100=27.310, psnr_set14=27.945, psnr_set5=31.963, psnr_urban100=25.562, ssim_b100=0.728, ssim_set14=0.854, ssim_set5=0.907, ssim_urban100=0.957 |
    19 | train=0.007439 | val=nan | lr=0.00758 | t_train=12.79 | t_val=12.14 | mem=383.9 | psnr_b100=27.373, psnr_set14=27.976, psnr_set5=31.893, psnr_urban100=25.595, ssim_b100=0.728, ssim_set14=0.854, ssim_set5=0.906, ssim_urban100=0.958 |
    20 | train=0.013164 | val=nan | lr=0.00796 | t_train=12.75 | t_val=12.10 | mem=383.9 | psnr_b100=27.161, psnr_set14=27.751, psnr_set5=31.340, psnr_urban100=25.325, ssim_b100=0.708, ssim_set14=0.837, ssim_set5=0.880, ssim_urban100=0.953 |
    21 | train=0.016492 | val=nan | lr=0.00834 | t_train=12.76 | t_val=12.11 | mem=383.9 | psnr_b100=26.957, psnr_set14=27.433, psnr_set5=30.986, psnr_urban100=25.034, ssim_b100=0.697, ssim_set14=0.835, ssim_set5=0.879, ssim_urban100=0.952 |
    22 | train=0.009932 | val=nan | lr=0.00872 | t_train=12.78 | t_val=12.13 | mem=383.9 | psnr_b100=27.248, psnr_set14=27.862, psnr_set5=31.620, psnr_urban100=25.342, ssim_b100=0.721, ssim_set14=0.848, ssim_set5=0.897, ssim_urban100=0.955 |
    23 | train=0.008010 | val=nan | lr=0.0091 | t_train=12.85 | t_val=12.09 | mem=383.9 | psnr_b100=27.226, psnr_set14=27.763, psnr_set5=31.576, psnr_urban100=25.259, ssim_b100=0.726, ssim_set14=0.852, ssim_set5=0.902, ssim_urban100=0.955 |
    24 | train=0.009946 | val=nan | lr=0.00948 | t_train=12.77 | t_val=12.11 | mem=383.9 | psnr_b100=27.251, psnr_set14=27.810, psnr_set5=31.629, psnr_urban100=25.406, ssim_b100=0.725, ssim_set14=0.852, ssim_set5=0.902, ssim_urban100=0.956 |
    25 | train=0.009396 | val=nan | lr=0.00986 | t_train=12.76 | t_val=12.11 | mem=383.9 | psnr_b100=27.135, psnr_set14=27.637, psnr_set5=31.329, psnr_urban100=25.137, ssim_b100=0.720, ssim_set14=0.846, ssim_set5=0.892, ssim_urban100=0.953 |
    26 | train=0.015775 | val=nan | lr=0.01 | t_train=12.79 | t_val=12.15 | mem=383.9 | psnr_b100=27.235, psnr_set14=27.750, psnr_set5=31.633, psnr_urban100=25.323, ssim_b100=0.723, ssim_set14=0.850, ssim_set5=0.898, ssim_urban100=0.956 |
    27 | train=0.026017 | val=nan | lr=0.01 | t_train=12.90 | t_val=12.26 | mem=383.9 | psnr_b100=27.070, psnr_set14=27.695, psnr_set5=31.371, psnr_urban100=25.194, ssim_b100=0.722, ssim_set14=0.851, ssim_set5=0.901, ssim_urban100=0.955 |
    28 | train=0.034418 | val=nan | lr=0.01 | t_train=12.74 | t_val=12.09 | mem=383.9 | psnr_b100=27.220, psnr_set14=27.781, psnr_set5=31.609, psnr_urban100=25.291, ssim_b100=0.723, ssim_set14=0.850, ssim_set5=0.901, ssim_urban100=0.955 |
    29 | train=0.048662 | val=nan | lr=0.01 | t_train=12.75 | t_val=12.11 | mem=383.9 | psnr_b100=27.171, psnr_set14=27.719, psnr_set5=31.429, psnr_urban100=25.224, ssim_b100=0.721, ssim_set14=0.850, ssim_set5=0.897, ssim_urban100=0.954 |
    30 | train=0.048186 | val=nan | lr=0.01 | t_train=12.77 | t_val=12.12 | mem=383.9 | psnr_b100=27.076, psnr_set14=27.620, psnr_set5=31.355, psnr_urban100=25.109, ssim_b100=0.712, ssim_set14=0.843, ssim_set5=0.889, ssim_urban100=0.953 |
    31 | train=0.055720 | val=nan | lr=0.01 | t_train=12.80 | t_val=12.15 | mem=383.9 | psnr_b100=27.121, psnr_set14=27.607, psnr_set5=31.440, psnr_urban100=25.121, ssim_b100=0.720, ssim_set14=0.849, ssim_set5=0.898, ssim_urban100=0.953 |
    32 | train=0.056283 | val=nan | lr=0.01 | t_train=12.80 | t_val=12.14 | mem=383.9 | psnr_b100=27.052, psnr_set14=27.542, psnr_set5=31.125, psnr_urban100=25.057, ssim_b100=0.717, ssim_set14=0.848, ssim_set5=0.895, ssim_urban100=0.953 |
    33 | train=0.056460 | val=nan | lr=0.01 | t_train=12.73 | t_val=12.08 | mem=383.9 | psnr_b100=27.203, psnr_set14=27.797, psnr_set5=31.492, psnr_urban100=25.164, ssim_b100=0.722, ssim_set14=0.849, ssim_set5=0.895, ssim_urban100=0.954 |
    34 | train=0.052947 | val=nan | lr=0.01 | t_train=12.88 | t_val=12.15 | mem=383.9 | psnr_b100=27.116, psnr_set14=27.517, psnr_set5=31.224, psnr_urban100=25.039, ssim_b100=0.717, ssim_set14=0.844, ssim_set5=0.890, ssim_urban100=0.953 |
    35 | train=0.052956 | val=nan | lr=0.01 | t_train=12.76 | t_val=12.11 | mem=383.9 | psnr_b100=27.001, psnr_set14=27.456, psnr_set5=30.988, psnr_urban100=24.874, ssim_b100=0.704, ssim_set14=0.837, ssim_set5=0.878, ssim_urban100=0.951 |
    36 | train=0.071021 | val=nan | lr=0.01 | t_train=12.72 | t_val=12.06 | mem=383.9 | psnr_b100=25.460, psnr_set14=25.504, psnr_set5=28.063, psnr_urban100=23.095, ssim_b100=0.583, ssim_set14=0.767, ssim_set5=0.777, ssim_urban100=0.924 |
    37 | train=0.047811 | val=nan | lr=0.01 | t_train=12.74 | t_val=12.08 | mem=383.9 | psnr_b100=25.814, psnr_set14=25.613, psnr_set5=28.166, psnr_urban100=23.404, ssim_b100=0.619, ssim_set14=0.763, ssim_set5=0.776, ssim_urban100=0.930 |
    38 | train=0.036768 | val=nan | lr=0.01 | t_train=12.78 | t_val=12.12 | mem=383.9 | psnr_b100=26.311, psnr_set14=26.381, psnr_set5=29.504, psnr_urban100=23.817, ssim_b100=0.672, ssim_set14=0.801, ssim_set5=0.832, ssim_urban100=0.935 |
    39 | train=0.021365 | val=nan | lr=0.01 | t_train=12.75 | t_val=12.10 | mem=383.9 | psnr_b100=26.455, psnr_set14=26.735, psnr_set5=30.018, psnr_urban100=24.025, ssim_b100=0.683, ssim_set14=0.821, ssim_set5=0.859, ssim_urban100=0.939 |
    40 | train=0.018534 | val=nan | lr=0.01 | t_train=12.76 | t_val=12.11 | mem=383.9 | psnr_b100=26.751, psnr_set14=27.045, psnr_set5=30.600, psnr_urban100=24.285, ssim_b100=0.700, ssim_set14=0.833, ssim_set5=0.876, ssim_urban100=0.942 |
    41 | train=0.019343 | val=nan | lr=0.01 | t_train=12.78 | t_val=12.13 | mem=383.9 | psnr_b100=26.830, psnr_set14=27.155, psnr_set5=30.691, psnr_urban100=24.425, ssim_b100=0.708, ssim_set14=0.838, ssim_set5=0.881, ssim_urban100=0.944 |
    42 | train=0.013839 | val=nan | lr=0.01 | t_train=12.79 | t_val=12.13 | mem=383.9 | psnr_b100=26.947, psnr_set14=27.313, psnr_set5=30.935, psnr_urban100=24.519, ssim_b100=0.715, ssim_set14=0.843, ssim_set5=0.890, ssim_urban100=0.946 |
    43 | train=0.018873 | val=nan | lr=0.01 | t_train=12.78 | t_val=12.12 | mem=383.9 | psnr_b100=26.941, psnr_set14=27.266, psnr_set5=30.871, psnr_urban100=24.540, ssim_b100=0.711, ssim_set14=0.840, ssim_set5=0.883, ssim_urban100=0.946 |
    44 | train=0.016162 | val=nan | lr=0.01 | t_train=12.75 | t_val=12.10 | mem=383.9 | psnr_b100=26.963, psnr_set14=27.335, psnr_set5=31.001, psnr_urban100=24.594, ssim_b100=0.716, ssim_set14=0.843, ssim_set5=0.890, ssim_urban100=0.946 |
    45 | train=0.014311 | val=nan | lr=0.01 | t_train=12.70 | t_val=12.06 | mem=383.9 | psnr_b100=26.849, psnr_set14=27.185, psnr_set5=30.761, psnr_urban100=24.456, ssim_b100=0.715, ssim_set14=0.842, ssim_set5=0.890, ssim_urban100=0.945 |
    46 | train=0.015804 | val=nan | lr=0.01 | t_train=12.73 | t_val=12.08 | mem=383.9 | psnr_b100=26.956, psnr_set14=27.289, psnr_set5=30.908, psnr_urban100=24.516, ssim_b100=0.716, ssim_set14=0.843, ssim_set5=0.889, ssim_urban100=0.945 |
    47 | train=0.013819 | val=nan | lr=0.01 | t_train=12.76 | t_val=12.10 | mem=383.9 | psnr_b100=26.877, psnr_set14=27.285, psnr_set5=30.979, psnr_urban100=24.527, ssim_b100=0.711, ssim_set14=0.841, ssim_set5=0.889, ssim_urban100=0.945 |
    48 | train=0.012550 | val=nan | lr=0.01 | t_train=12.75 | t_val=12.10 | mem=383.9 | psnr_b100=26.955, psnr_set14=27.365, psnr_set5=31.006, psnr_urban100=24.597, ssim_b100=0.712, ssim_set14=0.840, ssim_set5=0.886, ssim_urban100=0.946 |
    49 | train=0.012671 | val=nan | lr=0.01 | t_train=12.78 | t_val=12.13 | mem=383.9 | psnr_b100=26.957, psnr_set14=27.352, psnr_set5=31.090, psnr_urban100=24.651, ssim_b100=0.715, ssim_set14=0.843, ssim_set5=0.891, ssim_urban100=0.946 |
    50 | train=0.015670 | val=nan | lr=0.01 | t_train=12.86 | t_val=12.21 | mem=383.9 | psnr_b100=26.893, psnr_set14=27.252, psnr_set5=30.910, psnr_urban100=24.514, ssim_b100=0.715, ssim_set14=0.843, ssim_set5=0.890, ssim_urban100=0.946 |
    51 | train=0.013520 | val=nan | lr=0.009991 | t_train=12.84 | t_val=12.19 | mem=383.9 | psnr_b100=26.873, psnr_set14=27.325, psnr_set5=30.972, psnr_urban100=24.555, ssim_b100=0.712, ssim_set14=0.841, ssim_set5=0.890, ssim_urban100=0.945 |
