     0 | train=nan | val=nan | lr=nan | t_train=nan | t_val=1.70 | mem=248.9 | psnr_b100=27.621, psnr_set14=28.302, psnr_set5=32.057, psnr_urban100=26.141, ssim_b100=0.738, ssim_set14=0.861, ssim_set5=0.906, ssim_urban100=0.963 |
     0 | train=nan | val=nan | lr=nan | t_train=nan | t_val=20.77 | mem=250.8 | psnr_b100=27.621, psnr_set14=28.302, psnr_set5=32.056, psnr_urban100=26.140, ssim_b100=0.738, ssim_set14=0.861, ssim_set5=0.906, ssim_urban100=0.963 |
     0 | train=nan | val=nan | lr=nan | t_train=nan | t_val=20.80 | mem=250.9 | psnr_b100=27.621, psnr_set14=28.303, psnr_set5=32.056, psnr_urban100=26.140, ssim_b100=0.738, ssim_set14=0.861, ssim_set5=0.906, ssim_urban100=0.963 |
     0 | train=nan | val=nan | lr=nan | t_train=nan | t_val=20.56 | mem=250.9 | psnr_b100=27.618, psnr_set14=28.302, psnr_set5=32.055, psnr_urban100=26.139, ssim_b100=0.738, ssim_set14=0.861, ssim_set5=0.906, ssim_urban100=0.963 |
# epoch | train_loss | val_loss | LR | t_train(s) | t_val(s) | gpu_mem(MB) | SRBench(psnr/ssim...)
     0 | train=nan | val=nan | lr=nan | t_train=nan | t_val=1.47 | mem=250.9 |
     0 | train=0.000677 | val=nan | lr=7.2e-05 | t_train=12.95 | t_val=12.17 | mem=383.9 | psnr_b100=27.619, psnr_set14=28.300, psnr_set5=32.346, psnr_urban100=26.140, ssim_b100=0.738, ssim_set14=0.861, ssim_set5=0.914, ssim_urban100=0.963 |
     1 | train=0.000750 | val=nan | lr=0.000148 | t_train=12.82 | t_val=12.16 | mem=383.9 | psnr_b100=27.619, psnr_set14=28.301, psnr_set5=32.344, psnr_urban100=26.136, ssim_b100=0.738, ssim_set14=0.861, ssim_set5=0.914, ssim_urban100=0.963 |
     2 | train=0.000654 | val=nan | lr=0.000224 | t_train=12.91 | t_val=12.14 | mem=383.9 | psnr_b100=27.619, psnr_set14=28.300, psnr_set5=32.339, psnr_urban100=26.136, ssim_b100=0.738, ssim_set14=0.861, ssim_set5=0.914, ssim_urban100=0.963 |
     3 | train=0.000795 | val=nan | lr=0.0003 | t_train=12.90 | t_val=12.22 | mem=383.9 | psnr_b100=27.618, psnr_set14=28.302, psnr_set5=32.343, psnr_urban100=26.136, ssim_b100=0.738, ssim_set14=0.861, ssim_set5=0.914, ssim_urban100=0.963 |
     4 | train=0.000836 | val=nan | lr=0.000376 | t_train=12.84 | t_val=12.18 | mem=383.9 | psnr_b100=27.617, psnr_set14=28.301, psnr_set5=32.343, psnr_urban100=26.131, ssim_b100=0.738, ssim_set14=0.861, ssim_set5=0.914, ssim_urban100=0.963 |
     5 | train=0.000879 | val=nan | lr=0.000452 | t_train=12.78 | t_val=12.13 | mem=383.9 | psnr_b100=27.619, psnr_set14=28.303, psnr_set5=32.352, psnr_urban100=26.132, ssim_b100=0.738, ssim_set14=0.861, ssim_set5=0.915, ssim_urban100=0.963 |
     6 | train=0.000901 | val=nan | lr=0.000528 | t_train=12.80 | t_val=12.15 | mem=383.9 | psnr_b100=27.615, psnr_set14=28.282, psnr_set5=32.329, psnr_urban100=26.125, ssim_b100=0.738, ssim_set14=0.861, ssim_set5=0.914, ssim_urban100=0.963 |
     7 | train=0.001007 | val=nan | lr=0.000604 | t_train=12.83 | t_val=12.18 | mem=383.9 | psnr_b100=27.617, psnr_set14=28.307, psnr_set5=32.330, psnr_urban100=26.131, ssim_b100=0.737, ssim_set14=0.861, ssim_set5=0.914, ssim_urban100=0.963 |
     8 | train=0.000986 | val=nan | lr=0.00068 | t_train=12.81 | t_val=12.16 | mem=383.9 | psnr_b100=27.612, psnr_set14=28.285, psnr_set5=32.335, psnr_urban100=26.119, ssim_b100=0.737, ssim_set14=0.861, ssim_set5=0.914, ssim_urban100=0.963 |
     9 | train=0.001188 | val=nan | lr=0.000756 | t_train=12.77 | t_val=12.12 | mem=383.9 | psnr_b100=27.612, psnr_set14=28.300, psnr_set5=32.360, psnr_urban100=26.113, ssim_b100=0.737, ssim_set14=0.861, ssim_set5=0.915, ssim_urban100=0.962 |
    10 | train=0.001112 | val=nan | lr=0.000832 | t_train=12.80 | t_val=12.13 | mem=383.9 | psnr_b100=27.614, psnr_set14=28.290, psnr_set5=32.325, psnr_urban100=26.116, ssim_b100=0.737, ssim_set14=0.861, ssim_set5=0.914, ssim_urban100=0.962 |
    11 | train=0.001673 | val=nan | lr=0.000908 | t_train=12.80 | t_val=12.16 | mem=383.9 | psnr_b100=27.602, psnr_set14=28.288, psnr_set5=32.324, psnr_urban100=26.086, ssim_b100=0.737, ssim_set14=0.860, ssim_set5=0.914, ssim_urban100=0.962 |
    12 | train=0.001706 | val=nan | lr=0.000984 | t_train=12.77 | t_val=12.12 | mem=383.9 | psnr_b100=27.600, psnr_set14=28.276, psnr_set5=32.353, psnr_urban100=26.079, ssim_b100=0.737, ssim_set14=0.860, ssim_set5=0.914, ssim_urban100=0.962 |
    13 | train=0.001492 | val=nan | lr=0.00106 | t_train=12.83 | t_val=12.17 | mem=383.9 | psnr_b100=27.602, psnr_set14=28.293, psnr_set5=32.341, psnr_urban100=26.099, ssim_b100=0.737, ssim_set14=0.861, ssim_set5=0.914, ssim_urban100=0.963 |
    14 | train=0.001667 | val=nan | lr=0.001136 | t_train=12.79 | t_val=12.15 | mem=383.9 | psnr_b100=27.603, psnr_set14=28.304, psnr_set5=32.335, psnr_urban100=26.087, ssim_b100=0.737, ssim_set14=0.861, ssim_set5=0.914, ssim_urban100=0.963 |
    15 | train=0.001470 | val=nan | lr=0.001212 | t_train=12.79 | t_val=12.15 | mem=383.9 | psnr_b100=27.590, psnr_set14=28.261, psnr_set5=32.311, psnr_urban100=26.088, ssim_b100=0.737, ssim_set14=0.860, ssim_set5=0.914, ssim_urban100=0.962 |
    16 | train=0.001786 | val=nan | lr=0.001288 | t_train=12.80 | t_val=12.15 | mem=383.9 | psnr_b100=27.601, psnr_set14=28.191, psnr_set5=32.311, psnr_urban100=26.025, ssim_b100=0.737, ssim_set14=0.860, ssim_set5=0.914, ssim_urban100=0.962 |
    17 | train=0.002040 | val=nan | lr=0.001364 | t_train=12.84 | t_val=12.18 | mem=383.9 | psnr_b100=27.590, psnr_set14=28.256, psnr_set5=32.325, psnr_urban100=26.073, ssim_b100=0.737, ssim_set14=0.860, ssim_set5=0.914, ssim_urban100=0.962 |
    18 | train=0.002490 | val=nan | lr=0.00144 | t_train=12.81 | t_val=12.16 | mem=383.9 | psnr_b100=27.567, psnr_set14=28.244, psnr_set5=32.291, psnr_urban100=26.031, ssim_b100=0.735, ssim_set14=0.860, ssim_set5=0.913, ssim_urban100=0.962 |
    19 | train=0.002221 | val=nan | lr=0.001516 | t_train=12.85 | t_val=12.18 | mem=383.9 | psnr_b100=27.574, psnr_set14=28.247, psnr_set5=32.292, psnr_urban100=26.038, ssim_b100=0.735, ssim_set14=0.860, ssim_set5=0.913, ssim_urban100=0.962 |
    20 | train=0.002564 | val=nan | lr=0.001592 | t_train=12.81 | t_val=12.15 | mem=383.9 | psnr_b100=27.574, psnr_set14=28.207, psnr_set5=32.241, psnr_urban100=26.026, ssim_b100=0.737, ssim_set14=0.860, ssim_set5=0.913, ssim_urban100=0.962 |
    21 | train=0.002499 | val=nan | lr=0.001668 | t_train=12.74 | t_val=12.10 | mem=383.9 | psnr_b100=27.567, psnr_set14=28.237, psnr_set5=32.291, psnr_urban100=26.027, ssim_b100=0.736, ssim_set14=0.860, ssim_set5=0.914, ssim_urban100=0.962 |
    22 | train=0.003467 | val=nan | lr=0.001744 | t_train=12.78 | t_val=12.12 | mem=383.9 | psnr_b100=27.566, psnr_set14=28.229, psnr_set5=32.266, psnr_urban100=26.006, ssim_b100=0.736, ssim_set14=0.859, ssim_set5=0.913, ssim_urban100=0.962 |
    23 | train=0.002486 | val=nan | lr=0.00182 | t_train=12.96 | t_val=12.20 | mem=383.9 | psnr_b100=27.586, psnr_set14=28.246, psnr_set5=32.286, psnr_urban100=26.035, ssim_b100=0.737, ssim_set14=0.860, ssim_set5=0.914, ssim_urban100=0.962 |
    24 | train=0.002326 | val=nan | lr=0.001896 | t_train=12.82 | t_val=12.16 | mem=383.9 | psnr_b100=27.564, psnr_set14=28.225, psnr_set5=32.302, psnr_urban100=25.995, ssim_b100=0.736, ssim_set14=0.860, ssim_set5=0.914, ssim_urban100=0.962 |
    25 | train=0.003815 | val=nan | lr=0.001972 | t_train=12.77 | t_val=12.11 | mem=383.9 | psnr_b100=27.536, psnr_set14=28.183, psnr_set5=32.249, psnr_urban100=25.921, ssim_b100=0.735, ssim_set14=0.859, ssim_set5=0.913, ssim_urban100=0.960 |
    26 | train=0.003586 | val=nan | lr=0.002 | t_train=12.87 | t_val=12.22 | mem=383.9 | psnr_b100=27.557, psnr_set14=28.216, psnr_set5=32.228, psnr_urban100=25.949, ssim_b100=0.736, ssim_set14=0.859, ssim_set5=0.913, ssim_urban100=0.961 |
    27 | train=0.004129 | val=nan | lr=0.002 | t_train=12.77 | t_val=12.12 | mem=383.9 | psnr_b100=27.550, psnr_set14=28.197, psnr_set5=32.286, psnr_urban100=25.959, ssim_b100=0.736, ssim_set14=0.859, ssim_set5=0.913, ssim_urban100=0.961 |
    28 | train=0.004781 | val=nan | lr=0.002 | t_train=12.81 | t_val=12.16 | mem=383.9 | psnr_b100=27.548, psnr_set14=28.200, psnr_set5=32.206, psnr_urban100=25.987, ssim_b100=0.736, ssim_set14=0.859, ssim_set5=0.913, ssim_urban100=0.961 |
    29 | train=0.006228 | val=nan | lr=0.002 | t_train=12.79 | t_val=12.14 | mem=383.9 | psnr_b100=27.547, psnr_set14=28.210, psnr_set5=32.214, psnr_urban100=25.986, ssim_b100=0.735, ssim_set14=0.859, ssim_set5=0.912, ssim_urban100=0.961 |
    30 | train=0.007122 | val=nan | lr=0.002 | t_train=12.78 | t_val=12.13 | mem=383.9 | psnr_b100=27.544, psnr_set14=28.207, psnr_set5=32.250, psnr_urban100=25.951, ssim_b100=0.735, ssim_set14=0.859, ssim_set5=0.913, ssim_urban100=0.961 |
    31 | train=0.008187 | val=nan | lr=0.002 | t_train=12.78 | t_val=12.13 | mem=383.9 | psnr_b100=27.550, psnr_set14=28.229, psnr_set5=32.260, psnr_urban100=25.978, ssim_b100=0.735, ssim_set14=0.860, ssim_set5=0.913, ssim_urban100=0.961 |
    32 | train=0.008679 | val=nan | lr=0.002 | t_train=12.83 | t_val=12.18 | mem=383.9 | psnr_b100=27.555, psnr_set14=28.179, psnr_set5=32.271, psnr_urban100=25.976, ssim_b100=0.736, ssim_set14=0.859, ssim_set5=0.913, ssim_urban100=0.961 |
    33 | train=0.010015 | val=nan | lr=0.002 | t_train=12.81 | t_val=12.16 | mem=383.9 | psnr_b100=27.536, psnr_set14=28.156, psnr_set5=32.176, psnr_urban100=25.951, ssim_b100=0.735, ssim_set14=0.859, ssim_set5=0.912, ssim_urban100=0.961 |
    34 | train=0.010698 | val=nan | lr=0.002 | t_train=12.86 | t_val=12.14 | mem=383.9 | psnr_b100=27.511, psnr_set14=28.137, psnr_set5=32.199, psnr_urban100=25.935, ssim_b100=0.735, ssim_set14=0.859, ssim_set5=0.912, ssim_urban100=0.960 |
    35 | train=0.011495 | val=nan | lr=0.002 | t_train=12.83 | t_val=12.18 | mem=383.9 | psnr_b100=27.489, psnr_set14=28.167, psnr_set5=32.202, psnr_urban100=25.851, ssim_b100=0.734, ssim_set14=0.858, ssim_set5=0.912, ssim_urban100=0.958 |
    36 | train=0.012120 | val=nan | lr=0.002 | t_train=12.81 | t_val=12.17 | mem=383.9 | psnr_b100=27.544, psnr_set14=28.188, psnr_set5=32.273, psnr_urban100=25.946, ssim_b100=0.736, ssim_set14=0.860, ssim_set5=0.913, ssim_urban100=0.961 |
    37 | train=0.014114 | val=nan | lr=0.002 | t_train=12.84 | t_val=12.18 | mem=383.9 | psnr_b100=27.520, psnr_set14=28.153, psnr_set5=32.192, psnr_urban100=25.906, ssim_b100=0.735, ssim_set14=0.859, ssim_set5=0.912, ssim_urban100=0.960 |
    38 | train=0.014290 | val=nan | lr=0.002 | t_train=12.81 | t_val=12.16 | mem=383.9 | psnr_b100=27.489, psnr_set14=28.145, psnr_set5=32.174, psnr_urban100=25.865, ssim_b100=0.734, ssim_set14=0.858, ssim_set5=0.912, ssim_urban100=0.960 |
    39 | train=0.015202 | val=nan | lr=0.002 | t_train=12.83 | t_val=12.18 | mem=383.9 | psnr_b100=27.460, psnr_set14=28.101, psnr_set5=32.142, psnr_urban100=25.822, ssim_b100=0.733, ssim_set14=0.857, ssim_set5=0.912, ssim_urban100=0.959 |
    40 | train=0.015737 | val=nan | lr=0.002 | t_train=12.79 | t_val=12.14 | mem=383.9 | psnr_b100=27.488, psnr_set14=28.152, psnr_set5=32.213, psnr_urban100=25.879, ssim_b100=0.734, ssim_set14=0.858, ssim_set5=0.912, ssim_urban100=0.960 |
    41 | train=0.015954 | val=nan | lr=0.002 | t_train=12.82 | t_val=12.17 | mem=383.9 | psnr_b100=27.474, psnr_set14=28.136, psnr_set5=32.124, psnr_urban100=25.842, ssim_b100=0.734, ssim_set14=0.858, ssim_set5=0.911, ssim_urban100=0.960 |
    42 | train=0.017233 | val=nan | lr=0.002 | t_train=12.82 | t_val=12.16 | mem=383.9 | psnr_b100=27.438, psnr_set14=28.120, psnr_set5=32.127, psnr_urban100=25.774, ssim_b100=0.733, ssim_set14=0.857, ssim_set5=0.911, ssim_urban100=0.959 |
    43 | train=0.018416 | val=nan | lr=0.002 | t_train=12.77 | t_val=12.12 | mem=383.9 | psnr_b100=27.507, psnr_set14=28.133, psnr_set5=32.186, psnr_urban100=25.882, ssim_b100=0.735, ssim_set14=0.858, ssim_set5=0.912, ssim_urban100=0.960 |
    44 | train=0.018407 | val=nan | lr=0.002 | t_train=12.82 | t_val=12.18 | mem=383.9 | psnr_b100=27.497, psnr_set14=28.149, psnr_set5=32.216, psnr_urban100=25.877, ssim_b100=0.734, ssim_set14=0.858, ssim_set5=0.913, ssim_urban100=0.960 |
    45 | train=0.020394 | val=nan | lr=0.002 | t_train=12.76 | t_val=12.10 | mem=383.9 | psnr_b100=27.496, psnr_set14=28.172, psnr_set5=32.240, psnr_urban100=25.867, ssim_b100=0.734, ssim_set14=0.858, ssim_set5=0.913, ssim_urban100=0.960 |
    46 | train=0.020599 | val=nan | lr=0.002 | t_train=12.79 | t_val=12.14 | mem=383.9 | psnr_b100=27.473, psnr_set14=28.131, psnr_set5=32.171, psnr_urban100=25.793, ssim_b100=0.734, ssim_set14=0.858, ssim_set5=0.912, ssim_urban100=0.959 |
    47 | train=0.020783 | val=nan | lr=0.002 | t_train=12.76 | t_val=12.10 | mem=383.9 | psnr_b100=27.426, psnr_set14=28.097, psnr_set5=32.139, psnr_urban100=25.746, ssim_b100=0.732, ssim_set14=0.857, ssim_set5=0.911, ssim_urban100=0.958 |
    48 | train=0.021773 | val=nan | lr=0.002 | t_train=12.76 | t_val=12.11 | mem=383.9 | psnr_b100=27.444, psnr_set14=28.082, psnr_set5=32.118, psnr_urban100=25.737, ssim_b100=0.732, ssim_set14=0.857, ssim_set5=0.911, ssim_urban100=0.958 |
    49 | train=0.022236 | val=nan | lr=0.002 | t_train=12.83 | t_val=12.19 | mem=383.9 | psnr_b100=27.441, psnr_set14=28.137, psnr_set5=32.147, psnr_urban100=25.797, ssim_b100=0.733, ssim_set14=0.858, ssim_set5=0.912, ssim_urban100=0.959 |
    50 | train=0.022571 | val=nan | lr=0.002 | t_train=12.81 | t_val=12.15 | mem=383.9 | psnr_b100=27.467, psnr_set14=28.127, psnr_set5=32.172, psnr_urban100=25.769, ssim_b100=0.733, ssim_set14=0.858, ssim_set5=0.912, ssim_urban100=0.959 |
    51 | train=0.024027 | val=nan | lr=0.002 | t_train=12.74 | t_val=12.08 | mem=383.9 | psnr_b100=27.432, psnr_set14=28.075, psnr_set5=32.076, psnr_urban100=25.752, ssim_b100=0.732, ssim_set14=0.857, ssim_set5=0.911, ssim_urban100=0.958 |
    52 | train=0.024227 | val=nan | lr=0.002 | t_train=12.77 | t_val=12.12 | mem=383.9 | psnr_b100=27.442, psnr_set14=28.077, psnr_set5=32.033, psnr_urban100=25.805, ssim_b100=0.733, ssim_set14=0.858, ssim_set5=0.910, ssim_urban100=0.959 |
    53 | train=0.024579 | val=nan | lr=0.002 | t_train=12.76 | t_val=12.10 | mem=383.9 | psnr_b100=27.403, psnr_set14=28.051, psnr_set5=32.075, psnr_urban100=25.652, ssim_b100=0.731, ssim_set14=0.857, ssim_set5=0.911, ssim_urban100=0.958 |
    54 | train=0.026228 | val=nan | lr=0.002 | t_train=12.90 | t_val=12.15 | mem=383.9 | psnr_b100=27.406, psnr_set14=28.081, psnr_set5=32.044, psnr_urban100=25.706, ssim_b100=0.731, ssim_set14=0.858, ssim_set5=0.910, ssim_urban100=0.958 |
    55 | train=0.025566 | val=nan | lr=0.002 | t_train=12.84 | t_val=12.19 | mem=383.9 | psnr_b100=27.412, psnr_set14=28.073, psnr_set5=32.060, psnr_urban100=25.636, ssim_b100=0.731, ssim_set14=0.857, ssim_set5=0.911, ssim_urban100=0.958 |
    56 | train=0.026588 | val=nan | lr=0.002 | t_train=12.83 | t_val=12.18 | mem=383.9 | psnr_b100=27.427, psnr_set14=28.105, psnr_set5=32.101, psnr_urban100=25.660, ssim_b100=0.732, ssim_set14=0.858, ssim_set5=0.911, ssim_urban100=0.958 |
    57 | train=0.029085 | val=nan | lr=0.002 | t_train=12.82 | t_val=12.17 | mem=383.9 | psnr_b100=27.389, psnr_set14=28.031, psnr_set5=32.048, psnr_urban100=25.633, ssim_b100=0.731, ssim_set14=0.857, ssim_set5=0.910, ssim_urban100=0.958 |
    58 | train=0.026862 | val=nan | lr=0.002 | t_train=12.82 | t_val=12.16 | mem=383.9 | psnr_b100=27.380, psnr_set14=28.053, psnr_set5=32.078, psnr_urban100=25.579, ssim_b100=0.730, ssim_set14=0.856, ssim_set5=0.910, ssim_urban100=0.957 |
    59 | train=0.027272 | val=nan | lr=0.002 | t_train=12.77 | t_val=12.12 | mem=383.9 | psnr_b100=27.364, psnr_set14=28.014, psnr_set5=32.028, psnr_urban100=25.583, ssim_b100=0.730, ssim_set14=0.856, ssim_set5=0.910, ssim_urban100=0.957 |
    60 | train=0.027825 | val=nan | lr=0.002 | t_train=12.77 | t_val=12.12 | mem=383.9 | psnr_b100=27.395, psnr_set14=28.093, psnr_set5=32.042, psnr_urban100=25.632, ssim_b100=0.731, ssim_set14=0.857, ssim_set5=0.910, ssim_urban100=0.958 |
    61 | train=0.028335 | val=nan | lr=0.002 | t_train=12.79 | t_val=12.15 | mem=383.9 | psnr_b100=27.387, psnr_set14=28.041, psnr_set5=32.018, psnr_urban100=25.624, ssim_b100=0.730, ssim_set14=0.857, ssim_set5=0.909, ssim_urban100=0.958 |
    62 | train=0.030142 | val=nan | lr=0.002 | t_train=12.75 | t_val=12.10 | mem=383.9 | psnr_b100=27.351, psnr_set14=27.991, psnr_set5=32.018, psnr_urban100=25.548, ssim_b100=0.730, ssim_set14=0.857, ssim_set5=0.910, ssim_urban100=0.957 |
    63 | train=0.029914 | val=nan | lr=0.002 | t_train=12.77 | t_val=12.12 | mem=383.9 | psnr_b100=27.326, psnr_set14=27.962, psnr_set5=31.919, psnr_urban100=25.472, ssim_b100=0.729, ssim_set14=0.855, ssim_set5=0.908, ssim_urban100=0.956 |
    64 | train=0.029862 | val=nan | lr=0.002 | t_train=12.72 | t_val=12.08 | mem=383.9 | psnr_b100=27.373, psnr_set14=28.044, psnr_set5=32.110, psnr_urban100=25.558, ssim_b100=0.730, ssim_set14=0.856, ssim_set5=0.910, ssim_urban100=0.957 |
    65 | train=0.029448 | val=nan | lr=0.002 | t_train=13.05 | t_val=12.33 | mem=383.9 | psnr_b100=27.349, psnr_set14=28.045, psnr_set5=32.011, psnr_urban100=25.542, ssim_b100=0.730, ssim_set14=0.856, ssim_set5=0.909, ssim_urban100=0.957 |
    66 | train=0.029638 | val=nan | lr=0.002 | t_train=12.83 | t_val=12.17 | mem=383.9 | psnr_b100=27.355, psnr_set14=28.072, psnr_set5=32.045, psnr_urban100=25.571, ssim_b100=0.730, ssim_set14=0.857, ssim_set5=0.910, ssim_urban100=0.957 |
    67 | train=0.029779 | val=nan | lr=0.002 | t_train=12.79 | t_val=12.14 | mem=383.9 | psnr_b100=27.310, psnr_set14=27.992, psnr_set5=31.888, psnr_urban100=25.485, ssim_b100=0.729, ssim_set14=0.856, ssim_set5=0.908, ssim_urban100=0.957 |
    68 | train=0.030333 | val=nan | lr=0.002 | t_train=12.77 | t_val=12.12 | mem=383.9 | psnr_b100=27.371, psnr_set14=28.071, psnr_set5=32.007, psnr_urban100=25.614, ssim_b100=0.730, ssim_set14=0.857, ssim_set5=0.909, ssim_urban100=0.958 |
    69 | train=0.031012 | val=nan | lr=0.002 | t_train=13.15 | t_val=12.50 | mem=383.9 | psnr_b100=27.333, psnr_set14=27.997, psnr_set5=31.950, psnr_urban100=25.512, ssim_b100=0.729, ssim_set14=0.855, ssim_set5=0.908, ssim_urban100=0.957 |
    70 | train=0.029959 | val=nan | lr=0.002 | t_train=12.84 | t_val=12.18 | mem=383.9 | psnr_b100=27.373, psnr_set14=28.071, psnr_set5=32.025, psnr_urban100=25.545, ssim_b100=0.730, ssim_set14=0.857, ssim_set5=0.909, ssim_urban100=0.957 |
    71 | train=0.030781 | val=nan | lr=0.002 | t_train=12.85 | t_val=12.19 | mem=383.9 | psnr_b100=27.428, psnr_set14=28.086, psnr_set5=32.019, psnr_urban100=25.629, ssim_b100=0.732, ssim_set14=0.858, ssim_set5=0.910, ssim_urban100=0.958 |
    72 | train=0.030894 | val=nan | lr=0.002 | t_train=12.80 | t_val=12.15 | mem=383.9 | psnr_b100=27.389, psnr_set14=28.053, psnr_set5=31.941, psnr_urban100=25.558, ssim_b100=0.730, ssim_set14=0.856, ssim_set5=0.908, ssim_urban100=0.957 |
    73 | train=0.030305 | val=nan | lr=0.002 | t_train=12.85 | t_val=12.19 | mem=383.9 | psnr_b100=27.353, psnr_set14=27.989, psnr_set5=31.924, psnr_urban100=25.504, ssim_b100=0.730, ssim_set14=0.856, ssim_set5=0.908, ssim_urban100=0.958 |
    74 | train=0.030146 | val=nan | lr=0.002 | t_train=12.87 | t_val=12.21 | mem=383.9 | psnr_b100=27.421, psnr_set14=28.085, psnr_set5=32.070, psnr_urban100=25.638, ssim_b100=0.731, ssim_set14=0.857, ssim_set5=0.910, ssim_urban100=0.958 |
    75 | train=0.031809 | val=nan | lr=0.002 | t_train=12.83 | t_val=12.19 | mem=383.9 | psnr_b100=27.364, psnr_set14=28.022, psnr_set5=31.946, psnr_urban100=25.530, ssim_b100=0.730, ssim_set14=0.856, ssim_set5=0.908, ssim_urban100=0.958 |
    76 | train=0.029895 | val=nan | lr=0.002 | t_train=12.83 | t_val=12.18 | mem=383.9 | psnr_b100=27.381, psnr_set14=28.050, psnr_set5=31.899, psnr_urban100=25.548, ssim_b100=0.730, ssim_set14=0.856, ssim_set5=0.907, ssim_urban100=0.958 |
    77 | train=0.029727 | val=nan | lr=0.002 | t_train=12.87 | t_val=12.21 | mem=383.9 | psnr_b100=27.371, psnr_set14=28.046, psnr_set5=31.990, psnr_urban100=25.498, ssim_b100=0.731, ssim_set14=0.856, ssim_set5=0.909, ssim_urban100=0.956 |
    78 | train=0.029060 | val=nan | lr=0.002 | t_train=12.87 | t_val=12.19 | mem=383.9 | psnr_b100=27.359, psnr_set14=28.006, psnr_set5=31.968, psnr_urban100=25.515, ssim_b100=0.730, ssim_set14=0.855, ssim_set5=0.909, ssim_urban100=0.956 |
    79 | train=0.029387 | val=nan | lr=0.002 | t_train=12.80 | t_val=12.15 | mem=383.9 | psnr_b100=27.407, psnr_set14=28.078, psnr_set5=31.937, psnr_urban100=25.585, ssim_b100=0.732, ssim_set14=0.857, ssim_set5=0.909, ssim_urban100=0.958 |
    80 | train=0.030278 | val=nan | lr=0.002 | t_train=12.86 | t_val=12.20 | mem=383.9 | psnr_b100=27.382, psnr_set14=28.042, psnr_set5=31.975, psnr_urban100=25.517, ssim_b100=0.731, ssim_set14=0.857, ssim_set5=0.909, ssim_urban100=0.957 |
    81 | train=0.028867 | val=nan | lr=0.002 | t_train=12.87 | t_val=12.19 | mem=383.9 | psnr_b100=27.335, psnr_set14=27.921, psnr_set5=31.851, psnr_urban100=25.462, ssim_b100=0.729, ssim_set14=0.855, ssim_set5=0.907, ssim_urban100=0.956 |
    82 | train=0.028911 | val=nan | lr=0.002 | t_train=12.83 | t_val=12.16 | mem=383.9 | psnr_b100=27.340, psnr_set14=27.974, psnr_set5=31.810, psnr_urban100=25.467, ssim_b100=0.729, ssim_set14=0.855, ssim_set5=0.907, ssim_urban100=0.956 |
    83 | train=0.027412 | val=nan | lr=0.002 | t_train=12.77 | t_val=12.13 | mem=383.9 | psnr_b100=27.345, psnr_set14=27.964, psnr_set5=31.806, psnr_urban100=25.435, ssim_b100=0.729, ssim_set14=0.855, ssim_set5=0.906, ssim_urban100=0.956 |
    84 | train=0.027189 | val=nan | lr=0.002 | t_train=12.84 | t_val=12.18 | mem=383.9 | psnr_b100=27.337, psnr_set14=27.947, psnr_set5=31.861, psnr_urban100=25.408, ssim_b100=0.729, ssim_set14=0.855, ssim_set5=0.907, ssim_urban100=0.956 |
    85 | train=0.026235 | val=nan | lr=0.002 | t_train=12.93 | t_val=12.17 | mem=383.9 | psnr_b100=27.272, psnr_set14=27.871, psnr_set5=31.723, psnr_urban100=25.344, ssim_b100=0.727, ssim_set14=0.853, ssim_set5=0.905, ssim_urban100=0.955 |
    86 | train=0.026234 | val=nan | lr=0.002 | t_train=12.79 | t_val=12.13 | mem=383.9 | psnr_b100=27.261, psnr_set14=27.811, psnr_set5=31.650, psnr_urban100=25.274, ssim_b100=0.727, ssim_set14=0.853, ssim_set5=0.904, ssim_urban100=0.955 |
    87 | train=0.026914 | val=nan | lr=0.002 | t_train=12.80 | t_val=12.15 | mem=383.9 | psnr_b100=27.297, psnr_set14=27.872, psnr_set5=31.676, psnr_urban100=25.350, ssim_b100=0.728, ssim_set14=0.854, ssim_set5=0.904, ssim_urban100=0.956 |
    88 | train=0.027110 | val=nan | lr=0.002 | t_train=12.84 | t_val=12.18 | mem=383.9 | psnr_b100=27.337, psnr_set14=27.925, psnr_set5=31.810, psnr_urban100=25.375, ssim_b100=0.729, ssim_set14=0.855, ssim_set5=0.907, ssim_urban100=0.956 |
    89 | train=0.024447 | val=nan | lr=0.002 | t_train=12.86 | t_val=12.19 | mem=383.9 | psnr_b100=27.286, psnr_set14=27.869, psnr_set5=31.703, psnr_urban100=25.297, ssim_b100=0.727, ssim_set14=0.854, ssim_set5=0.905, ssim_urban100=0.955 |
    90 | train=0.024195 | val=nan | lr=0.002 | t_train=12.82 | t_val=12.16 | mem=383.9 | psnr_b100=27.260, psnr_set14=27.782, psnr_set5=31.547, psnr_urban100=25.229, ssim_b100=0.727, ssim_set14=0.853, ssim_set5=0.903, ssim_urban100=0.954 |
    91 | train=0.023180 | val=nan | lr=0.002 | t_train=12.81 | t_val=12.16 | mem=383.9 | psnr_b100=27.166, psnr_set14=27.753, psnr_set5=31.354, psnr_urban100=25.123, ssim_b100=0.724, ssim_set14=0.852, ssim_set5=0.900, ssim_urban100=0.952 |
    92 | train=0.022230 | val=nan | lr=0.002 | t_train=12.82 | t_val=12.17 | mem=383.9 | psnr_b100=27.141, psnr_set14=27.756, psnr_set5=31.488, psnr_urban100=25.047, ssim_b100=0.723, ssim_set14=0.851, ssim_set5=0.901, ssim_urban100=0.951 |
    93 | train=0.021510 | val=nan | lr=0.002 | t_train=12.80 | t_val=12.15 | mem=383.9 | psnr_b100=27.257, psnr_set14=27.886, psnr_set5=31.621, psnr_urban100=25.254, ssim_b100=0.726, ssim_set14=0.854, ssim_set5=0.904, ssim_urban100=0.954 |
    94 | train=0.020153 | val=nan | lr=0.002 | t_train=12.84 | t_val=12.17 | mem=383.9 | psnr_b100=27.221, psnr_set14=27.827, psnr_set5=31.589, psnr_urban100=25.165, ssim_b100=0.725, ssim_set14=0.853, ssim_set5=0.903, ssim_urban100=0.953 |
    95 | train=0.019285 | val=nan | lr=0.002 | t_train=12.82 | t_val=12.17 | mem=383.9 | psnr_b100=27.191, psnr_set14=27.805, psnr_set5=31.565, psnr_urban100=25.181, ssim_b100=0.725, ssim_set14=0.852, ssim_set5=0.903, ssim_urban100=0.953 |
    96 | train=0.018854 | val=nan | lr=0.002 | t_train=12.83 | t_val=12.18 | mem=383.9 | psnr_b100=27.166, psnr_set14=27.671, psnr_set5=31.440, psnr_urban100=24.992, ssim_b100=0.724, ssim_set14=0.850, ssim_set5=0.901, ssim_urban100=0.951 |
    97 | train=0.017122 | val=nan | lr=0.002 | t_train=12.87 | t_val=12.14 | mem=383.9 | psnr_b100=27.146, psnr_set14=27.739, psnr_set5=31.521, psnr_urban100=25.057, ssim_b100=0.723, ssim_set14=0.851, ssim_set5=0.903, ssim_urban100=0.951 |
    98 | train=0.016906 | val=nan | lr=0.002 | t_train=12.79 | t_val=12.13 | mem=383.9 | psnr_b100=27.159, psnr_set14=27.697, psnr_set5=31.531, psnr_urban100=24.995, ssim_b100=0.723, ssim_set14=0.851, ssim_set5=0.903, ssim_urban100=0.950 |
    99 | train=0.017408 | val=nan | lr=0.002 | t_train=12.84 | t_val=12.19 | mem=383.9 | psnr_b100=27.171, psnr_set14=27.729, psnr_set5=31.424, psnr_urban100=25.051, ssim_b100=0.723, ssim_set14=0.850, ssim_set5=0.900, ssim_urban100=0.952 |
   100 | train=0.014381 | val=nan | lr=0.002 | t_train=12.84 | t_val=12.20 | mem=383.9 | psnr_b100=26.958, psnr_set14=27.445, psnr_set5=30.960, psnr_urban100=24.819, ssim_b100=0.718, ssim_set14=0.845, ssim_set5=0.896, ssim_urban100=0.947 |
   101 | train=0.015880 | val=nan | lr=0.002 | t_train=12.87 | t_val=12.22 | mem=383.9 | psnr_b100=26.962, psnr_set14=27.477, psnr_set5=31.040, psnr_urban100=24.790, ssim_b100=0.719, ssim_set14=0.847, ssim_set5=0.897, ssim_urban100=0.948 |
   102 | train=0.015187 | val=nan | lr=0.002 | t_train=12.80 | t_val=12.15 | mem=383.9 | psnr_b100=27.058, psnr_set14=27.580, psnr_set5=31.200, psnr_urban100=24.883, ssim_b100=0.721, ssim_set14=0.849, ssim_set5=0.897, ssim_urban100=0.949 |
   103 | train=0.012710 | val=nan | lr=0.002 | t_train=12.83 | t_val=12.17 | mem=383.9 | psnr_b100=27.087, psnr_set14=27.649, psnr_set5=31.345, psnr_urban100=24.917, ssim_b100=0.721, ssim_set14=0.849, ssim_set5=0.901, ssim_urban100=0.949 |
   104 | train=0.013244 | val=nan | lr=0.002 | t_train=12.88 | t_val=12.22 | mem=383.9 | psnr_b100=27.057, psnr_set14=27.527, psnr_set5=31.152, psnr_urban100=24.813, ssim_b100=0.720, ssim_set14=0.848, ssim_set5=0.897, ssim_urban100=0.948 |
   105 | train=0.012855 | val=nan | lr=0.002 | t_train=12.83 | t_val=12.18 | mem=383.9 | psnr_b100=27.008, psnr_set14=27.460, psnr_set5=31.002, psnr_urban100=24.838, ssim_b100=0.719, ssim_set14=0.847, ssim_set5=0.895, ssim_urban100=0.948 |
   106 | train=0.013819 | val=nan | lr=0.002 | t_train=12.82 | t_val=12.17 | mem=383.9 | psnr_b100=26.923, psnr_set14=27.358, psnr_set5=30.914, psnr_urban100=24.696, ssim_b100=0.716, ssim_set14=0.845, ssim_set5=0.892, ssim_urban100=0.946 |
   107 | train=0.011702 | val=nan | lr=0.002 | t_train=12.81 | t_val=12.15 | mem=383.9 | psnr_b100=26.777, psnr_set14=27.183, psnr_set5=30.765, psnr_urban100=24.472, ssim_b100=0.712, ssim_set14=0.842, ssim_set5=0.888, ssim_urban100=0.944 |
   108 | train=0.010114 | val=nan | lr=0.002 | t_train=12.80 | t_val=12.15 | mem=383.9 | psnr_b100=26.985, psnr_set14=27.452, psnr_set5=31.130, psnr_urban100=24.695, ssim_b100=0.718, ssim_set14=0.846, ssim_set5=0.895, ssim_urban100=0.946 |
   109 | train=0.009865 | val=nan | lr=0.002 | t_train=12.80 | t_val=12.16 | mem=383.9 | psnr_b100=26.996, psnr_set14=27.458, psnr_set5=31.006, psnr_urban100=24.742, ssim_b100=0.718, ssim_set14=0.846, ssim_set5=0.893, ssim_urban100=0.947 |
   110 | train=0.010393 | val=nan | lr=0.002 | t_train=12.82 | t_val=12.17 | mem=383.9 | psnr_b100=26.934, psnr_set14=27.357, psnr_set5=31.103, psnr_urban100=24.659, ssim_b100=0.717, ssim_set14=0.845, ssim_set5=0.894, ssim_urban100=0.946 |
   111 | train=0.010219 | val=nan | lr=0.002 | t_train=12.86 | t_val=12.20 | mem=383.9 | psnr_b100=26.845, psnr_set14=27.273, psnr_set5=30.814, psnr_urban100=24.542, ssim_b100=0.714, ssim_set14=0.843, ssim_set5=0.890, ssim_urban100=0.944 |
   112 | train=0.007949 | val=nan | lr=0.002 | t_train=12.84 | t_val=12.19 | mem=383.9 | psnr_b100=26.910, psnr_set14=27.304, psnr_set5=30.926, psnr_urban100=24.587, ssim_b100=0.716, ssim_set14=0.843, ssim_set5=0.890, ssim_urban100=0.945 |
   113 | train=0.010317 | val=nan | lr=0.002 | t_train=12.84 | t_val=12.19 | mem=383.9 | psnr_b100=27.013, psnr_set14=27.481, psnr_set5=31.213, psnr_urban100=24.771, ssim_b100=0.719, ssim_set14=0.847, ssim_set5=0.898, ssim_urban100=0.947 |
   114 | train=0.009945 | val=nan | lr=0.002 | t_train=12.80 | t_val=12.15 | mem=383.9 | psnr_b100=27.085, psnr_set14=27.677, psnr_set5=31.445, psnr_urban100=24.993, ssim_b100=0.721, ssim_set14=0.850, ssim_set5=0.901, ssim_urban100=0.951 |
   115 | train=0.008302 | val=nan | lr=0.002 | t_train=12.78 | t_val=12.14 | mem=383.9 | psnr_b100=26.955, psnr_set14=27.407, psnr_set5=30.977, psnr_urban100=24.664, ssim_b100=0.718, ssim_set14=0.846, ssim_set5=0.893, ssim_urban100=0.947 |
   116 | train=0.009270 | val=nan | lr=0.002 | t_train=12.79 | t_val=12.14 | mem=383.9 | psnr_b100=26.935, psnr_set14=27.345, psnr_set5=31.039, psnr_urban100=24.655, ssim_b100=0.716, ssim_set14=0.844, ssim_set5=0.893, ssim_urban100=0.946 |
   117 | train=0.008439 | val=nan | lr=0.002 | t_train=12.86 | t_val=12.12 | mem=383.9 | psnr_b100=26.941, psnr_set14=27.318, psnr_set5=30.985, psnr_urban100=24.702, ssim_b100=0.717, ssim_set14=0.845, ssim_set5=0.893, ssim_urban100=0.947 |
   118 | train=0.008293 | val=nan | lr=0.002 | t_train=12.82 | t_val=12.17 | mem=383.9 | psnr_b100=27.008, psnr_set14=27.444, psnr_set5=31.159, psnr_urban100=24.682, ssim_b100=0.719, ssim_set14=0.846, ssim_set5=0.896, ssim_urban100=0.946 |
   119 | train=0.008390 | val=nan | lr=0.002 | t_train=12.83 | t_val=12.17 | mem=383.9 | psnr_b100=26.881, psnr_set14=27.247, psnr_set5=30.963, psnr_urban100=24.479, ssim_b100=0.715, ssim_set14=0.842, ssim_set5=0.891, ssim_urban100=0.943 |
   120 | train=0.006859 | val=nan | lr=0.002 | t_train=12.83 | t_val=12.18 | mem=383.9 | psnr_b100=26.995, psnr_set14=27.423, psnr_set5=31.181, psnr_urban100=24.735, ssim_b100=0.718, ssim_set14=0.846, ssim_set5=0.896, ssim_urban100=0.947 |
   121 | train=0.008159 | val=nan | lr=0.002 | t_train=12.82 | t_val=12.16 | mem=383.9 | psnr_b100=26.982, psnr_set14=27.505, psnr_set5=31.219, psnr_urban100=24.807, ssim_b100=0.717, ssim_set14=0.846, ssim_set5=0.898, ssim_urban100=0.948 |
   122 | train=0.006990 | val=nan | lr=0.002 | t_train=12.80 | t_val=12.15 | mem=383.9 | psnr_b100=26.766, psnr_set14=27.140, psnr_set5=30.832, psnr_urban100=24.408, ssim_b100=0.712, ssim_set14=0.840, ssim_set5=0.889, ssim_urban100=0.942 |
   123 | train=0.008301 | val=nan | lr=0.002 | t_train=12.81 | t_val=12.16 | mem=383.9 | psnr_b100=26.987, psnr_set14=27.427, psnr_set5=31.099, psnr_urban100=24.743, ssim_b100=0.719, ssim_set14=0.847, ssim_set5=0.896, ssim_urban100=0.948 |
   124 | train=0.006755 | val=nan | lr=0.002 | t_train=12.83 | t_val=12.17 | mem=383.9 | psnr_b100=26.829, psnr_set14=27.237, psnr_set5=30.908, psnr_urban100=24.457, ssim_b100=0.714, ssim_set14=0.842, ssim_set5=0.890, ssim_urban100=0.944 |
   125 | train=0.007802 | val=nan | lr=0.002 | t_train=12.78 | t_val=12.10 | mem=383.9 | psnr_b100=26.873, psnr_set14=27.229, psnr_set5=30.908, psnr_urban100=24.509, ssim_b100=0.715, ssim_set14=0.843, ssim_set5=0.890, ssim_urban100=0.944 |
   126 | train=0.007950 | val=nan | lr=0.002 | t_train=12.78 | t_val=12.11 | mem=383.9 | psnr_b100=26.999, psnr_set14=27.501, psnr_set5=31.174, psnr_urban100=24.762, ssim_b100=0.718, ssim_set14=0.847, ssim_set5=0.895, ssim_urban100=0.948 |
   127 | train=0.006674 | val=nan | lr=0.002 | t_train=12.79 | t_val=12.14 | mem=383.9 | psnr_b100=26.900, psnr_set14=27.434, psnr_set5=31.073, psnr_urban100=24.615, ssim_b100=0.715, ssim_set14=0.845, ssim_set5=0.893, ssim_urban100=0.945 |
   128 | train=0.007411 | val=nan | lr=0.002 | t_train=12.89 | t_val=12.17 | mem=383.9 | psnr_b100=26.942, psnr_set14=27.404, psnr_set5=31.072, psnr_urban100=24.683, ssim_b100=0.717, ssim_set14=0.846, ssim_set5=0.893, ssim_urban100=0.946 |
   129 | train=0.008003 | val=nan | lr=0.002 | t_train=12.81 | t_val=12.16 | mem=383.9 | psnr_b100=26.929, psnr_set14=27.498, psnr_set5=31.119, psnr_urban100=24.687, ssim_b100=0.718, ssim_set14=0.848, ssim_set5=0.896, ssim_urban100=0.947 |
   130 | train=0.008144 | val=nan | lr=0.002 | t_train=12.78 | t_val=12.13 | mem=383.9 | psnr_b100=26.964, psnr_set14=27.460, psnr_set5=31.088, psnr_urban100=24.698, ssim_b100=0.717, ssim_set14=0.847, ssim_set5=0.893, ssim_urban100=0.947 |
   131 | train=0.007656 | val=nan | lr=0.002 | t_train=12.85 | t_val=12.20 | mem=383.9 | psnr_b100=26.865, psnr_set14=27.311, psnr_set5=30.936, psnr_urban100=24.528, ssim_b100=0.715, ssim_set14=0.844, ssim_set5=0.892, ssim_urban100=0.944 |
   132 | train=0.008191 | val=nan | lr=0.002 | t_train=12.80 | t_val=12.15 | mem=383.9 | psnr_b100=26.923, psnr_set14=27.311, psnr_set5=30.969, psnr_urban100=24.546, ssim_b100=0.716, ssim_set14=0.843, ssim_set5=0.891, ssim_urban100=0.945 |
   133 | train=0.008041 | val=nan | lr=0.002 | t_train=12.79 | t_val=12.13 | mem=383.9 | psnr_b100=26.975, psnr_set14=27.376, psnr_set5=31.163, psnr_urban100=24.665, ssim_b100=0.718, ssim_set14=0.845, ssim_set5=0.893, ssim_urban100=0.946 |
   134 | train=0.009674 | val=nan | lr=0.002 | t_train=12.78 | t_val=12.13 | mem=383.9 | psnr_b100=26.973, psnr_set14=27.382, psnr_set5=31.076, psnr_urban100=24.668, ssim_b100=0.717, ssim_set14=0.844, ssim_set5=0.893, ssim_urban100=0.946 |
   135 | train=0.008185 | val=nan | lr=0.002 | t_train=12.86 | t_val=12.20 | mem=383.9 | psnr_b100=26.953, psnr_set14=27.342, psnr_set5=31.015, psnr_urban100=24.619, ssim_b100=0.716, ssim_set14=0.843, ssim_set5=0.892, ssim_urban100=0.945 |
   136 | train=0.007717 | val=nan | lr=0.002 | t_train=12.76 | t_val=12.11 | mem=383.9 | psnr_b100=26.909, psnr_set14=27.294, psnr_set5=31.021, psnr_urban100=24.591, ssim_b100=0.716, ssim_set14=0.843, ssim_set5=0.892, ssim_urban100=0.945 |
   137 | train=0.007774 | val=nan | lr=0.002 | t_train=12.78 | t_val=12.12 | mem=383.9 | psnr_b100=26.872, psnr_set14=27.295, psnr_set5=30.952, psnr_urban100=24.555, ssim_b100=0.715, ssim_set14=0.843, ssim_set5=0.890, ssim_urban100=0.945 |
   138 | train=0.008070 | val=nan | lr=0.002 | t_train=12.77 | t_val=12.10 | mem=383.9 | psnr_b100=26.976, psnr_set14=27.469, psnr_set5=31.183, psnr_urban100=24.690, ssim_b100=0.718, ssim_set14=0.846, ssim_set5=0.896, ssim_urban100=0.947 |
   139 | train=0.009050 | val=nan | lr=0.002 | t_train=12.76 | t_val=12.11 | mem=383.9 | psnr_b100=26.966, psnr_set14=27.388, psnr_set5=31.120, psnr_urban100=24.643, ssim_b100=0.718, ssim_set14=0.846, ssim_set5=0.895, ssim_urban100=0.946 |
   140 | train=0.008170 | val=nan | lr=0.002 | t_train=12.83 | t_val=12.17 | mem=383.9 | psnr_b100=26.980, psnr_set14=27.471, psnr_set5=31.142, psnr_urban100=24.696, ssim_b100=0.718, ssim_set14=0.846, ssim_set5=0.895, ssim_urban100=0.947 |
   141 | train=0.006958 | val=nan | lr=0.002 | t_train=12.83 | t_val=12.17 | mem=383.9 | psnr_b100=26.943, psnr_set14=27.404, psnr_set5=31.108, psnr_urban100=24.665, ssim_b100=0.717, ssim_set14=0.844, ssim_set5=0.892, ssim_urban100=0.947 |
   142 | train=0.007721 | val=nan | lr=0.002 | t_train=12.82 | t_val=12.17 | mem=383.9 | psnr_b100=26.949, psnr_set14=27.428, psnr_set5=31.228, psnr_urban100=24.659, ssim_b100=0.717, ssim_set14=0.845, ssim_set5=0.896, ssim_urban100=0.946 |
   143 | train=0.009235 | val=nan | lr=0.002 | t_train=12.80 | t_val=12.15 | mem=383.9 | psnr_b100=27.011, psnr_set14=27.467, psnr_set5=31.236, psnr_urban100=24.693, ssim_b100=0.719, ssim_set14=0.846, ssim_set5=0.895, ssim_urban100=0.948 |
   144 | train=0.008039 | val=nan | lr=0.002 | t_train=12.83 | t_val=12.18 | mem=383.9 | psnr_b100=27.005, psnr_set14=27.422, psnr_set5=31.193, psnr_urban100=24.708, ssim_b100=0.719, ssim_set14=0.846, ssim_set5=0.895, ssim_urban100=0.947 |
   145 | train=0.008052 | val=nan | lr=0.002 | t_train=12.80 | t_val=12.15 | mem=383.9 | psnr_b100=27.001, psnr_set14=27.481, psnr_set5=31.146, psnr_urban100=24.679, ssim_b100=0.719, ssim_set14=0.847, ssim_set5=0.894, ssim_urban100=0.947 |
   146 | train=0.009001 | val=nan | lr=0.002 | t_train=12.90 | t_val=12.23 | mem=383.9 | psnr_b100=26.948, psnr_set14=27.406, psnr_set5=31.123, psnr_urban100=24.634, ssim_b100=0.717, ssim_set14=0.846, ssim_set5=0.895, ssim_urban100=0.946 |
   147 | train=0.008945 | val=nan | lr=0.002 | t_train=12.84 | t_val=12.20 | mem=383.9 | psnr_b100=26.979, psnr_set14=27.438, psnr_set5=31.168, psnr_urban100=24.664, ssim_b100=0.718, ssim_set14=0.845, ssim_set5=0.893, ssim_urban100=0.946 |
   148 | train=0.005948 | val=nan | lr=0.002 | t_train=12.85 | t_val=12.18 | mem=383.9 | psnr_b100=26.961, psnr_set14=27.428, psnr_set5=31.180, psnr_urban100=24.617, ssim_b100=0.717, ssim_set14=0.845, ssim_set5=0.894, ssim_urban100=0.946 |
   149 | train=0.009174 | val=nan | lr=0.002 | t_train=12.92 | t_val=12.17 | mem=383.9 | psnr_b100=26.996, psnr_set14=27.443, psnr_set5=31.165, psnr_urban100=24.731, ssim_b100=0.719, ssim_set14=0.846, ssim_set5=0.895, ssim_urban100=0.948 |
   150 | train=0.008783 | val=nan | lr=0.002 | t_train=12.79 | t_val=12.14 | mem=383.9 | psnr_b100=27.079, psnr_set14=27.626, psnr_set5=31.428, psnr_urban100=24.844, ssim_b100=0.721, ssim_set14=0.849, ssim_set5=0.899, ssim_urban100=0.949 |
   151 | train=0.007631 | val=nan | lr=0.002 | t_train=12.82 | t_val=12.16 | mem=383.9 | psnr_b100=26.934, psnr_set14=27.352, psnr_set5=31.106, psnr_urban100=24.617, ssim_b100=0.716, ssim_set14=0.845, ssim_set5=0.892, ssim_urban100=0.946 |
   152 | train=0.006599 | val=nan | lr=0.002 | t_train=12.87 | t_val=12.21 | mem=383.9 | psnr_b100=26.956, psnr_set14=27.399, psnr_set5=31.177, psnr_urban100=24.634, ssim_b100=0.716, ssim_set14=0.845, ssim_set5=0.894, ssim_urban100=0.946 |
   153 | train=0.008131 | val=nan | lr=0.002 | t_train=12.86 | t_val=12.20 | mem=383.9 | psnr_b100=26.943, psnr_set14=27.391, psnr_set5=31.090, psnr_urban100=24.606, ssim_b100=0.717, ssim_set14=0.845, ssim_set5=0.892, ssim_urban100=0.946 |
   154 | train=0.009292 | val=nan | lr=0.002 | t_train=12.83 | t_val=12.18 | mem=383.9 | psnr_b100=26.997, psnr_set14=27.411, psnr_set5=31.139, psnr_urban100=24.660, ssim_b100=0.719, ssim_set14=0.846, ssim_set5=0.894, ssim_urban100=0.947 |
   155 | train=0.007512 | val=nan | lr=0.002 | t_train=12.84 | t_val=12.19 | mem=383.9 | psnr_b100=26.932, psnr_set14=27.343, psnr_set5=31.034, psnr_urban100=24.601, ssim_b100=0.717, ssim_set14=0.845, ssim_set5=0.893, ssim_urban100=0.946 |
   156 | train=0.010057 | val=nan | lr=0.002 | t_train=12.86 | t_val=12.21 | mem=383.9 | psnr_b100=27.023, psnr_set14=27.517, psnr_set5=31.238, psnr_urban100=24.703, ssim_b100=0.719, ssim_set14=0.847, ssim_set5=0.896, ssim_urban100=0.947 |
   157 | train=0.006211 | val=nan | lr=0.002 | t_train=12.84 | t_val=12.19 | mem=383.9 | psnr_b100=27.010, psnr_set14=27.459, psnr_set5=31.141, psnr_urban100=24.715, ssim_b100=0.718, ssim_set14=0.845, ssim_set5=0.893, ssim_urban100=0.947 |
   158 | train=0.008385 | val=nan | lr=0.002 | t_train=12.80 | t_val=12.15 | mem=383.9 | psnr_b100=27.024, psnr_set14=27.474, psnr_set5=31.227, psnr_urban100=24.689, ssim_b100=0.719, ssim_set14=0.847, ssim_set5=0.894, ssim_urban100=0.947 |
   159 | train=0.007538 | val=nan | lr=0.002 | t_train=12.81 | t_val=12.15 | mem=383.9 | psnr_b100=26.986, psnr_set14=27.448, psnr_set5=31.230, psnr_urban100=24.631, ssim_b100=0.717, ssim_set14=0.845, ssim_set5=0.895, ssim_urban100=0.946 |
   160 | train=0.008385 | val=nan | lr=0.002 | t_train=12.91 | t_val=12.16 | mem=383.9 | psnr_b100=27.024, psnr_set14=27.471, psnr_set5=31.179, psnr_urban100=24.747, ssim_b100=0.719, ssim_set14=0.846, ssim_set5=0.895, ssim_urban100=0.948 |
   161 | train=0.011593 | val=nan | lr=0.002 | t_train=12.87 | t_val=12.22 | mem=383.9 | psnr_b100=26.972, psnr_set14=27.363, psnr_set5=31.044, psnr_urban100=24.696, ssim_b100=0.718, ssim_set14=0.846, ssim_set5=0.894, ssim_urban100=0.948 |
   162 | train=0.008215 | val=nan | lr=0.002 | t_train=12.86 | t_val=12.20 | mem=383.9 | psnr_b100=27.011, psnr_set14=27.454, psnr_set5=31.153, psnr_urban100=24.725, ssim_b100=0.718, ssim_set14=0.845, ssim_set5=0.894, ssim_urban100=0.947 |
   163 | train=0.007772 | val=nan | lr=0.002 | t_train=12.80 | t_val=12.15 | mem=383.9 | psnr_b100=26.983, psnr_set14=27.402, psnr_set5=31.142, psnr_urban100=24.643, ssim_b100=0.718, ssim_set14=0.845, ssim_set5=0.892, ssim_urban100=0.947 |
   164 | train=0.007660 | val=nan | lr=0.002 | t_train=12.87 | t_val=12.21 | mem=383.9 | psnr_b100=27.032, psnr_set14=27.431, psnr_set5=31.182, psnr_urban100=24.711, ssim_b100=0.719, ssim_set14=0.846, ssim_set5=0.894, ssim_urban100=0.947 |
   165 | train=0.006552 | val=nan | lr=0.002 | t_train=12.84 | t_val=12.19 | mem=383.9 | psnr_b100=27.029, psnr_set14=27.469, psnr_set5=31.242, psnr_urban100=24.729, ssim_b100=0.719, ssim_set14=0.846, ssim_set5=0.895, ssim_urban100=0.948 |
   166 | train=0.007464 | val=nan | lr=0.002 | t_train=12.81 | t_val=12.17 | mem=383.9 | psnr_b100=27.071, psnr_set14=27.517, psnr_set5=31.334, psnr_urban100=24.784, ssim_b100=0.720, ssim_set14=0.847, ssim_set5=0.897, ssim_urban100=0.948 |
   167 | train=0.006214 | val=nan | lr=0.002 | t_train=12.89 | t_val=12.23 | mem=383.9 | psnr_b100=27.073, psnr_set14=27.573, psnr_set5=31.338, psnr_urban100=24.786, ssim_b100=0.721, ssim_set14=0.848, ssim_set5=0.898, ssim_urban100=0.949 |
   168 | train=0.008447 | val=nan | lr=0.002 | t_train=12.91 | t_val=12.26 | mem=383.9 | psnr_b100=27.002, psnr_set14=27.406, psnr_set5=31.110, psnr_urban100=24.657, ssim_b100=0.718, ssim_set14=0.845, ssim_set5=0.893, ssim_urban100=0.947 |
   169 | train=0.006811 | val=nan | lr=0.002 | t_train=12.90 | t_val=12.23 | mem=383.9 | psnr_b100=27.093, psnr_set14=27.573, psnr_set5=31.409, psnr_urban100=24.773, ssim_b100=0.721, ssim_set14=0.848, ssim_set5=0.898, ssim_urban100=0.948 |
   170 | train=0.007164 | val=nan | lr=0.002 | t_train=12.98 | t_val=12.33 | mem=383.9 | psnr_b100=27.053, psnr_set14=27.474, psnr_set5=31.224, psnr_urban100=24.755, ssim_b100=0.720, ssim_set14=0.848, ssim_set5=0.896, ssim_urban100=0.948 |
   171 | train=0.007558 | val=nan | lr=0.002 | t_train=12.80 | t_val=12.14 | mem=383.9 | psnr_b100=26.978, psnr_set14=27.432, psnr_set5=31.146, psnr_urban100=24.667, ssim_b100=0.718, ssim_set14=0.845, ssim_set5=0.894, ssim_urban100=0.947 |
   172 | train=0.008383 | val=nan | lr=0.002 | t_train=12.90 | t_val=12.23 | mem=383.9 | psnr_b100=27.069, psnr_set14=27.546, psnr_set5=31.266, psnr_urban100=24.840, ssim_b100=0.720, ssim_set14=0.847, ssim_set5=0.896, ssim_urban100=0.949 |
   173 | train=0.007872 | val=nan | lr=0.002 | t_train=12.93 | t_val=12.27 | mem=383.9 | psnr_b100=27.065, psnr_set14=27.524, psnr_set5=31.353, psnr_urban100=24.785, ssim_b100=0.721, ssim_set14=0.848, ssim_set5=0.899, ssim_urban100=0.949 |
   174 | train=0.007105 | val=nan | lr=0.002 | t_train=12.93 | t_val=12.27 | mem=383.9 | psnr_b100=27.021, psnr_set14=27.483, psnr_set5=31.201, psnr_urban100=24.754, ssim_b100=0.719, ssim_set14=0.846, ssim_set5=0.895, ssim_urban100=0.949 |
   175 | train=0.007280 | val=nan | lr=0.002 | t_train=12.88 | t_val=12.23 | mem=383.9 | psnr_b100=27.062, psnr_set14=27.543, psnr_set5=31.272, psnr_urban100=24.812, ssim_b100=0.720, ssim_set14=0.848, ssim_set5=0.895, ssim_urban100=0.949 |
   176 | train=0.008053 | val=nan | lr=0.002 | t_train=12.86 | t_val=12.21 | mem=383.9 | psnr_b100=27.062, psnr_set14=27.514, psnr_set5=31.303, psnr_urban100=24.785, ssim_b100=0.720, ssim_set14=0.847, ssim_set5=0.896, ssim_urban100=0.948 |
   177 | train=0.008551 | val=nan | lr=0.002 | t_train=12.89 | t_val=12.24 | mem=383.9 | psnr_b100=26.996, psnr_set14=27.451, psnr_set5=31.157, psnr_urban100=24.698, ssim_b100=0.718, ssim_set14=0.846, ssim_set5=0.894, ssim_urban100=0.948 |
   178 | train=0.007539 | val=nan | lr=0.002 | t_train=12.87 | t_val=12.22 | mem=383.9 | psnr_b100=26.995, psnr_set14=27.449, psnr_set5=31.226, psnr_urban100=24.734, ssim_b100=0.718, ssim_set14=0.846, ssim_set5=0.896, ssim_urban100=0.948 |
   179 | train=0.008979 | val=nan | lr=0.002 | t_train=12.76 | t_val=12.11 | mem=383.9 | psnr_b100=26.967, psnr_set14=27.388, psnr_set5=31.015, psnr_urban100=24.681, ssim_b100=0.719, ssim_set14=0.846, ssim_set5=0.895, ssim_urban100=0.948 |
   180 | train=0.007075 | val=nan | lr=0.002 | t_train=12.84 | t_val=12.19 | mem=383.9 | psnr_b100=26.864, psnr_set14=27.193, psnr_set5=30.719, psnr_urban100=24.533, ssim_b100=0.716, ssim_set14=0.843, ssim_set5=0.890, ssim_urban100=0.946 |
   181 | train=0.005609 | val=nan | lr=0.002 | t_train=12.77 | t_val=12.12 | mem=383.9 | psnr_b100=26.989, psnr_set14=27.408, psnr_set5=31.034, psnr_urban100=24.691, ssim_b100=0.718, ssim_set14=0.845, ssim_set5=0.893, ssim_urban100=0.947 |
   182 | train=0.008034 | val=nan | lr=0.002 | t_train=12.99 | t_val=12.24 | mem=383.9 | psnr_b100=26.974, psnr_set14=27.423, psnr_set5=31.104, psnr_urban100=24.633, ssim_b100=0.718, ssim_set14=0.845, ssim_set5=0.894, ssim_urban100=0.947 |
   183 | train=0.006487 | val=nan | lr=0.002 | t_train=12.91 | t_val=12.26 | mem=383.9 | psnr_b100=26.974, psnr_set14=27.430, psnr_set5=31.170, psnr_urban100=24.701, ssim_b100=0.718, ssim_set14=0.845, ssim_set5=0.895, ssim_urban100=0.948 |
   184 | train=0.006893 | val=nan | lr=0.002 | t_train=12.86 | t_val=12.21 | mem=383.9 | psnr_b100=27.021, psnr_set14=27.453, psnr_set5=31.177, psnr_urban100=24.735, ssim_b100=0.718, ssim_set14=0.846, ssim_set5=0.893, ssim_urban100=0.948 |
   185 | train=0.008889 | val=nan | lr=0.002 | t_train=12.85 | t_val=12.20 | mem=383.9 | psnr_b100=27.021, psnr_set14=27.427, psnr_set5=31.176, psnr_urban100=24.671, ssim_b100=0.720, ssim_set14=0.846, ssim_set5=0.895, ssim_urban100=0.947 |
   186 | train=0.008604 | val=nan | lr=0.002 | t_train=12.91 | t_val=12.25 | mem=383.9 | psnr_b100=27.077, psnr_set14=27.554, psnr_set5=31.271, psnr_urban100=24.847, ssim_b100=0.721, ssim_set14=0.847, ssim_set5=0.897, ssim_urban100=0.950 |
   187 | train=0.008733 | val=nan | lr=0.002 | t_train=12.91 | t_val=12.26 | mem=383.9 | psnr_b100=26.972, psnr_set14=27.370, psnr_set5=31.090, psnr_urban100=24.633, ssim_b100=0.718, ssim_set14=0.844, ssim_set5=0.892, ssim_urban100=0.946 |
   188 | train=0.009407 | val=nan | lr=0.002 | t_train=12.91 | t_val=12.25 | mem=383.9 | psnr_b100=26.988, psnr_set14=27.427, psnr_set5=31.168, psnr_urban100=24.641, ssim_b100=0.718, ssim_set14=0.845, ssim_set5=0.894, ssim_urban100=0.947 |
   189 | train=0.008412 | val=nan | lr=0.002 | t_train=12.98 | t_val=12.32 | mem=383.9 | psnr_b100=27.078, psnr_set14=27.553, psnr_set5=31.284, psnr_urban100=24.837, ssim_b100=0.720, ssim_set14=0.848, ssim_set5=0.897, ssim_urban100=0.950 |
   190 | train=0.007115 | val=nan | lr=0.002 | t_train=12.91 | t_val=12.25 | mem=383.9 | psnr_b100=26.951, psnr_set14=27.360, psnr_set5=31.048, psnr_urban100=24.603, ssim_b100=0.717, ssim_set14=0.844, ssim_set5=0.893, ssim_urban100=0.947 |
   191 | train=0.008168 | val=nan | lr=0.002 | t_train=13.00 | t_val=12.25 | mem=383.9 | psnr_b100=27.029, psnr_set14=27.486, psnr_set5=31.173, psnr_urban100=24.779, ssim_b100=0.719, ssim_set14=0.846, ssim_set5=0.895, ssim_urban100=0.949 |
   192 | train=0.007403 | val=nan | lr=0.002 | t_train=12.95 | t_val=12.29 | mem=383.9 | psnr_b100=26.994, psnr_set14=27.377, psnr_set5=31.139, psnr_urban100=24.675, ssim_b100=0.719, ssim_set14=0.845, ssim_set5=0.894, ssim_urban100=0.947 |
   193 | train=0.006233 | val=nan | lr=0.002 | t_train=12.89 | t_val=12.24 | mem=383.9 | psnr_b100=26.992, psnr_set14=27.431, psnr_set5=31.188, psnr_urban100=24.716, ssim_b100=0.718, ssim_set14=0.845, ssim_set5=0.894, ssim_urban100=0.947 |
   194 | train=0.005728 | val=nan | lr=0.002 | t_train=12.94 | t_val=12.28 | mem=383.9 | psnr_b100=26.986, psnr_set14=27.394, psnr_set5=31.089, psnr_urban100=24.667, ssim_b100=0.719, ssim_set14=0.846, ssim_set5=0.893, ssim_urban100=0.948 |
   195 | train=0.005865 | val=nan | lr=0.002 | t_train=12.97 | t_val=12.32 | mem=383.9 | psnr_b100=26.978, psnr_set14=27.391, psnr_set5=31.071, psnr_urban100=24.656, ssim_b100=0.718, ssim_set14=0.845, ssim_set5=0.892, ssim_urban100=0.947 |
   196 | train=0.006390 | val=nan | lr=0.002 | t_train=12.92 | t_val=12.27 | mem=383.9 | psnr_b100=27.041, psnr_set14=27.453, psnr_set5=31.229, psnr_urban100=24.763, ssim_b100=0.721, ssim_set14=0.847, ssim_set5=0.896, ssim_urban100=0.948 |
   197 | train=0.006253 | val=nan | lr=0.002 | t_train=12.93 | t_val=12.28 | mem=383.9 | psnr_b100=27.028, psnr_set14=27.470, psnr_set5=31.170, psnr_urban100=24.730, ssim_b100=0.720, ssim_set14=0.847, ssim_set5=0.894, ssim_urban100=0.948 |
   198 | train=0.006720 | val=nan | lr=0.002 | t_train=12.92 | t_val=12.26 | mem=383.9 | psnr_b100=27.040, psnr_set14=27.490, psnr_set5=31.211, psnr_urban100=24.772, ssim_b100=0.720, ssim_set14=0.846, ssim_set5=0.895, ssim_urban100=0.949 |
   199 | train=0.006354 | val=nan | lr=0.002 | t_train=12.83 | t_val=12.17 | mem=383.9 | psnr_b100=27.038, psnr_set14=27.478, psnr_set5=31.187, psnr_urban100=24.747, ssim_b100=0.720, ssim_set14=0.846, ssim_set5=0.895, ssim_urban100=0.948 |
   200 | train=0.008043 | val=nan | lr=0.002 | t_train=12.90 | t_val=12.25 | mem=383.9 | psnr_b100=27.006, psnr_set14=27.440, psnr_set5=31.139, psnr_urban100=24.718, ssim_b100=0.719, ssim_set14=0.846, ssim_set5=0.893, ssim_urban100=0.948 |
   201 | train=0.007594 | val=nan | lr=0.002 | t_train=12.93 | t_val=12.28 | mem=383.9 | psnr_b100=27.024, psnr_set14=27.453, psnr_set5=31.187, psnr_urban100=24.730, ssim_b100=0.719, ssim_set14=0.846, ssim_set5=0.894, ssim_urban100=0.948 |
   202 | train=0.005709 | val=nan | lr=0.002 | t_train=12.93 | t_val=12.27 | mem=383.9 | psnr_b100=27.058, psnr_set14=27.527, psnr_set5=31.286, psnr_urban100=24.806, ssim_b100=0.719, ssim_set14=0.846, ssim_set5=0.896, ssim_urban100=0.949 |
   203 | train=0.005772 | val=nan | lr=0.002 | t_train=12.90 | t_val=12.23 | mem=383.9 | psnr_b100=27.031, psnr_set14=27.471, psnr_set5=31.177, psnr_urban100=24.704, ssim_b100=0.719, ssim_set14=0.846, ssim_set5=0.893, ssim_urban100=0.948 |
   204 | train=0.005619 | val=nan | lr=0.002 | t_train=12.88 | t_val=12.23 | mem=383.9 | psnr_b100=27.037, psnr_set14=27.460, psnr_set5=31.167, psnr_urban100=24.713, ssim_b100=0.720, ssim_set14=0.846, ssim_set5=0.894, ssim_urban100=0.948 |
   205 | train=0.006071 | val=nan | lr=0.002 | t_train=12.93 | t_val=12.27 | mem=383.9 | psnr_b100=26.977, psnr_set14=27.378, psnr_set5=31.119, psnr_urban100=24.645, ssim_b100=0.718, ssim_set14=0.845, ssim_set5=0.894, ssim_urban100=0.947 |
   206 | train=0.006807 | val=nan | lr=0.002 | t_train=12.90 | t_val=12.24 | mem=383.9 | psnr_b100=26.993, psnr_set14=27.352, psnr_set5=31.003, psnr_urban100=24.638, ssim_b100=0.719, ssim_set14=0.845, ssim_set5=0.892, ssim_urban100=0.947 |
   207 | train=0.008157 | val=nan | lr=0.002 | t_train=12.97 | t_val=12.31 | mem=383.9 | psnr_b100=27.028, psnr_set14=27.388, psnr_set5=31.116, psnr_urban100=24.696, ssim_b100=0.719, ssim_set14=0.845, ssim_set5=0.893, ssim_urban100=0.947 |
   208 | train=0.007325 | val=nan | lr=0.002 | t_train=12.85 | t_val=12.18 | mem=383.9 | psnr_b100=27.082, psnr_set14=27.551, psnr_set5=31.287, psnr_urban100=24.821, ssim_b100=0.721, ssim_set14=0.848, ssim_set5=0.896, ssim_urban100=0.949 |
   209 | train=0.005916 | val=nan | lr=0.002 | t_train=12.90 | t_val=12.24 | mem=383.9 | psnr_b100=27.004, psnr_set14=27.368, psnr_set5=31.035, psnr_urban100=24.688, ssim_b100=0.718, ssim_set14=0.845, ssim_set5=0.891, ssim_urban100=0.948 |
   210 | train=0.006610 | val=nan | lr=0.002 | t_train=12.94 | t_val=12.28 | mem=383.9 | psnr_b100=27.056, psnr_set14=27.472, psnr_set5=31.173, psnr_urban100=24.771, ssim_b100=0.721, ssim_set14=0.847, ssim_set5=0.894, ssim_urban100=0.949 |
   211 | train=0.007593 | val=nan | lr=0.002 | t_train=12.86 | t_val=12.21 | mem=383.9 | psnr_b100=27.047, psnr_set14=27.468, psnr_set5=31.134, psnr_urban100=24.722, ssim_b100=0.720, ssim_set14=0.847, ssim_set5=0.893, ssim_urban100=0.948 |
   212 | train=0.007830 | val=nan | lr=0.002 | t_train=12.91 | t_val=12.25 | mem=383.9 | psnr_b100=27.038, psnr_set14=27.466, psnr_set5=31.162, psnr_urban100=24.724, ssim_b100=0.720, ssim_set14=0.847, ssim_set5=0.894, ssim_urban100=0.948 |
   213 | train=0.006739 | val=nan | lr=0.002 | t_train=12.87 | t_val=12.22 | mem=383.9 | psnr_b100=27.045, psnr_set14=27.446, psnr_set5=31.231, psnr_urban100=24.708, ssim_b100=0.720, ssim_set14=0.846, ssim_set5=0.895, ssim_urban100=0.947 |
   214 | train=0.006122 | val=nan | lr=0.002 | t_train=12.94 | t_val=12.29 | mem=383.9 | psnr_b100=27.067, psnr_set14=27.481, psnr_set5=31.246, psnr_urban100=24.778, ssim_b100=0.721, ssim_set14=0.848, ssim_set5=0.896, ssim_urban100=0.949 |
   215 | train=0.007002 | val=nan | lr=0.002 | t_train=13.00 | t_val=12.24 | mem=383.9 | psnr_b100=27.049, psnr_set14=27.476, psnr_set5=31.183, psnr_urban100=24.760, ssim_b100=0.721, ssim_set14=0.847, ssim_set5=0.895, ssim_urban100=0.948 |
   216 | train=0.007016 | val=nan | lr=0.002 | t_train=12.92 | t_val=12.24 | mem=383.9 | psnr_b100=27.022, psnr_set14=27.435, psnr_set5=31.138, psnr_urban100=24.692, ssim_b100=0.719, ssim_set14=0.846, ssim_set5=0.894, ssim_urban100=0.948 |
   217 | train=0.006562 | val=nan | lr=0.002 | t_train=12.96 | t_val=12.28 | mem=383.9 | psnr_b100=26.966, psnr_set14=27.391, psnr_set5=31.087, psnr_urban100=24.676, ssim_b100=0.718, ssim_set14=0.845, ssim_set5=0.893, ssim_urban100=0.947 |
   218 | train=0.006910 | val=nan | lr=0.002 | t_train=12.89 | t_val=12.23 | mem=383.9 | psnr_b100=27.037, psnr_set14=27.464, psnr_set5=31.221, psnr_urban100=24.744, ssim_b100=0.720, ssim_set14=0.846, ssim_set5=0.895, ssim_urban100=0.948 |
   219 | train=0.005336 | val=nan | lr=0.002 | t_train=12.93 | t_val=12.27 | mem=383.9 | psnr_b100=27.069, psnr_set14=27.558, psnr_set5=31.345, psnr_urban100=24.824, ssim_b100=0.720, ssim_set14=0.848, ssim_set5=0.898, ssim_urban100=0.949 |
   220 | train=0.007240 | val=nan | lr=0.002 | t_train=12.88 | t_val=12.22 | mem=383.9 | psnr_b100=27.088, psnr_set14=27.566, psnr_set5=31.358, psnr_urban100=24.863, ssim_b100=0.721, ssim_set14=0.848, ssim_set5=0.898, ssim_urban100=0.950 |
   221 | train=0.006836 | val=nan | lr=0.002 | t_train=12.87 | t_val=12.22 | mem=383.9 | psnr_b100=26.980, psnr_set14=27.380, psnr_set5=31.102, psnr_urban100=24.670, ssim_b100=0.718, ssim_set14=0.845, ssim_set5=0.892, ssim_urban100=0.947 |
   222 | train=0.006257 | val=nan | lr=0.002 | t_train=12.88 | t_val=12.23 | mem=383.9 | psnr_b100=27.075, psnr_set14=27.533, psnr_set5=31.328, psnr_urban100=24.838, ssim_b100=0.721, ssim_set14=0.848, ssim_set5=0.898, ssim_urban100=0.949 |
   223 | train=0.006956 | val=nan | lr=0.002 | t_train=13.00 | t_val=12.26 | mem=383.9 | psnr_b100=26.976, psnr_set14=27.349, psnr_set5=31.119, psnr_urban100=24.618, ssim_b100=0.718, ssim_set14=0.844, ssim_set5=0.893, ssim_urban100=0.947 |
   224 | train=0.008429 | val=nan | lr=0.002 | t_train=12.88 | t_val=12.22 | mem=383.9 | psnr_b100=26.978, psnr_set14=27.403, psnr_set5=31.091, psnr_urban100=24.672, ssim_b100=0.718, ssim_set14=0.845, ssim_set5=0.892, ssim_urban100=0.947 |
   225 | train=0.005998 | val=nan | lr=0.002 | t_train=12.93 | t_val=12.24 | mem=383.9 | psnr_b100=27.046, psnr_set14=27.490, psnr_set5=31.241, psnr_urban100=24.799, ssim_b100=0.720, ssim_set14=0.846, ssim_set5=0.896, ssim_urban100=0.949 |
   226 | train=0.006788 | val=nan | lr=0.0019964 | t_train=12.86 | t_val=12.20 | mem=383.9 | psnr_b100=27.008, psnr_set14=27.385, psnr_set5=31.130, psnr_urban100=24.647, ssim_b100=0.718, ssim_set14=0.845, ssim_set5=0.893, ssim_urban100=0.947 |
   227 | train=0.005182 | val=nan | lr=0.0019962 | t_train=12.91 | t_val=12.26 | mem=383.9 | psnr_b100=27.002, psnr_set14=27.423, psnr_set5=31.209, psnr_urban100=24.671, ssim_b100=0.719, ssim_set14=0.845, ssim_set5=0.895, ssim_urban100=0.948 |
   228 | train=0.006086 | val=nan | lr=0.0019926 | t_train=12.96 | t_val=12.30 | mem=383.9 | psnr_b100=27.066, psnr_set14=27.527, psnr_set5=31.245, psnr_urban100=24.819, ssim_b100=0.721, ssim_set14=0.848, ssim_set5=0.895, ssim_urban100=0.950 |
   229 | train=0.006769 | val=nan | lr=0.0019888 | t_train=12.89 | t_val=12.23 | mem=383.9 | psnr_b100=27.013, psnr_set14=27.453, psnr_set5=31.181, psnr_urban100=24.722, ssim_b100=0.719, ssim_set14=0.847, ssim_set5=0.895, ssim_urban100=0.948 |
   230 | train=0.007888 | val=nan | lr=0.0019851 | t_train=12.90 | t_val=12.23 | mem=383.9 | psnr_b100=26.930, psnr_set14=27.316, psnr_set5=30.912, psnr_urban100=24.597, ssim_b100=0.718, ssim_set14=0.845, ssim_set5=0.892, ssim_urban100=0.947 |
   231 | train=0.007217 | val=nan | lr=0.0019813 | t_train=12.87 | t_val=12.23 | mem=383.9 | psnr_b100=26.911, psnr_set14=27.292, psnr_set5=30.890, psnr_urban100=24.590, ssim_b100=0.715, ssim_set14=0.843, ssim_set5=0.890, ssim_urban100=0.947 |
   232 | train=0.008480 | val=nan | lr=0.0019775 | t_train=12.87 | t_val=12.21 | mem=383.9 | psnr_b100=27.082, psnr_set14=27.573, psnr_set5=31.292, psnr_urban100=24.849, ssim_b100=0.720, ssim_set14=0.848, ssim_set5=0.896, ssim_urban100=0.950 |
   233 | train=0.007604 | val=nan | lr=0.0019738 | t_train=12.92 | t_val=12.26 | mem=383.9 | psnr_b100=26.978, psnr_set14=27.398, psnr_set5=31.072, psnr_urban100=24.666, ssim_b100=0.716, ssim_set14=0.844, ssim_set5=0.891, ssim_urban100=0.947 |
   234 | train=0.008187 | val=nan | lr=0.00197 | t_train=12.90 | t_val=12.24 | mem=383.9 | psnr_b100=27.020, psnr_set14=27.519, psnr_set5=31.218, psnr_urban100=24.758, ssim_b100=0.719, ssim_set14=0.846, ssim_set5=0.894, ssim_urban100=0.949 |
   235 | train=0.007164 | val=nan | lr=0.0019663 | t_train=12.91 | t_val=12.25 | mem=383.9 | psnr_b100=27.023, psnr_set14=27.469, psnr_set5=31.176, psnr_urban100=24.722, ssim_b100=0.719, ssim_set14=0.846, ssim_set5=0.894, ssim_urban100=0.948 |
   236 | train=0.006329 | val=nan | lr=0.0019626 | t_train=12.87 | t_val=12.21 | mem=383.9 | psnr_b100=27.003, psnr_set14=27.453, psnr_set5=31.087, psnr_urban100=24.686, ssim_b100=0.718, ssim_set14=0.846, ssim_set5=0.892, ssim_urban100=0.948 |
   237 | train=0.006269 | val=nan | lr=0.0019624 | t_train=12.94 | t_val=12.29 | mem=383.9 | psnr_b100=26.998, psnr_set14=27.431, psnr_set5=31.138, psnr_urban100=24.682, ssim_b100=0.719, ssim_set14=0.846, ssim_set5=0.894, ssim_urban100=0.947 |
   238 | train=0.007672 | val=nan | lr=0.0019588 | t_train=12.97 | t_val=12.31 | mem=383.9 | psnr_b100=27.052, psnr_set14=27.533, psnr_set5=31.303, psnr_urban100=24.759, ssim_b100=0.720, ssim_set14=0.847, ssim_set5=0.896, ssim_urban100=0.948 |
   239 | train=0.005447 | val=nan | lr=0.0019551 | t_train=12.92 | t_val=12.24 | mem=383.9 | psnr_b100=27.067, psnr_set14=27.532, psnr_set5=31.273, psnr_urban100=24.797, ssim_b100=0.720, ssim_set14=0.848, ssim_set5=0.896, ssim_urban100=0.949 |
   240 | train=0.007420 | val=nan | lr=0.0019514 | t_train=12.89 | t_val=12.23 | mem=383.9 | psnr_b100=26.961, psnr_set14=27.363, psnr_set5=31.129, psnr_urban100=24.660, ssim_b100=0.717, ssim_set14=0.844, ssim_set5=0.893, ssim_urban100=0.947 |
   241 | train=0.006358 | val=nan | lr=0.0019477 | t_train=12.88 | t_val=12.24 | mem=383.9 | psnr_b100=27.032, psnr_set14=27.493, psnr_set5=31.241, psnr_urban100=24.762, ssim_b100=0.719, ssim_set14=0.846, ssim_set5=0.895, ssim_urban100=0.948 |
   242 | train=0.007820 | val=nan | lr=0.001944 | t_train=12.93 | t_val=12.27 | mem=383.9 | psnr_b100=27.023, psnr_set14=27.497, psnr_set5=31.219, psnr_urban100=24.743, ssim_b100=0.719, ssim_set14=0.847, ssim_set5=0.895, ssim_urban100=0.948 |
   243 | train=0.005714 | val=nan | lr=0.0019403 | t_train=12.90 | t_val=12.25 | mem=383.9 | psnr_b100=27.008, psnr_set14=27.416, psnr_set5=31.161, psnr_urban100=24.706, ssim_b100=0.719, ssim_set14=0.846, ssim_set5=0.894, ssim_urban100=0.948 |
   244 | train=0.008091 | val=nan | lr=0.0019366 | t_train=12.95 | t_val=12.30 | mem=383.9 | psnr_b100=26.952, psnr_set14=27.331, psnr_set5=31.051, psnr_urban100=24.618, ssim_b100=0.718, ssim_set14=0.845, ssim_set5=0.894, ssim_urban100=0.947 |
   245 | train=0.007535 | val=nan | lr=0.0019329 | t_train=12.92 | t_val=12.26 | mem=383.9 | psnr_b100=26.991, psnr_set14=27.438, psnr_set5=31.163, psnr_urban100=24.749, ssim_b100=0.718, ssim_set14=0.845, ssim_set5=0.894, ssim_urban100=0.948 |
   246 | train=0.005495 | val=nan | lr=0.0019293 | t_train=12.91 | t_val=12.26 | mem=383.9 | psnr_b100=27.104, psnr_set14=27.593, psnr_set5=31.390, psnr_urban100=24.825, ssim_b100=0.722, ssim_set14=0.848, ssim_set5=0.898, ssim_urban100=0.949 |
   247 | train=0.006211 | val=nan | lr=0.0019256 | t_train=12.93 | t_val=12.27 | mem=383.9 | psnr_b100=27.077, psnr_set14=27.516, psnr_set5=31.275, psnr_urban100=24.799, ssim_b100=0.722, ssim_set14=0.848, ssim_set5=0.897, ssim_urban100=0.949 |
   248 | train=0.006678 | val=nan | lr=0.001922 | t_train=12.88 | t_val=12.22 | mem=383.9 | psnr_b100=27.017, psnr_set14=27.451, psnr_set5=31.194, psnr_urban100=24.706, ssim_b100=0.720, ssim_set14=0.846, ssim_set5=0.895, ssim_urban100=0.948 |
   249 | train=0.007863 | val=nan | lr=0.0019183 | t_train=12.90 | t_val=12.24 | mem=383.9 | psnr_b100=27.054, psnr_set14=27.456, psnr_set5=31.234, psnr_urban100=24.724, ssim_b100=0.720, ssim_set14=0.847, ssim_set5=0.896, ssim_urban100=0.948 |
   250 | train=0.006690 | val=nan | lr=0.0019147 | t_train=12.91 | t_val=12.26 | mem=383.9 | psnr_b100=26.977, psnr_set14=27.408, psnr_set5=31.076, psnr_urban100=24.633, ssim_b100=0.718, ssim_set14=0.845, ssim_set5=0.893, ssim_urban100=0.947 |
   251 | train=0.006716 | val=nan | lr=0.001911 | t_train=13.00 | t_val=12.26 | mem=383.9 | psnr_b100=27.065, psnr_set14=27.562, psnr_set5=31.290, psnr_urban100=24.763, ssim_b100=0.720, ssim_set14=0.847, ssim_set5=0.897, ssim_urban100=0.948 |
   252 | train=0.004804 | val=nan | lr=0.0019074 | t_train=12.86 | t_val=12.20 | mem=383.9 | psnr_b100=27.068, psnr_set14=27.589, psnr_set5=31.315, psnr_urban100=24.795, ssim_b100=0.721, ssim_set14=0.848, ssim_set5=0.899, ssim_urban100=0.949 |
   253 | train=0.007242 | val=nan | lr=0.0019038 | t_train=12.89 | t_val=12.24 | mem=383.9 | psnr_b100=27.044, psnr_set14=27.500, psnr_set5=31.234, psnr_urban100=24.768, ssim_b100=0.719, ssim_set14=0.847, ssim_set5=0.896, ssim_urban100=0.949 |
   254 | train=0.007594 | val=nan | lr=0.0019002 | t_train=12.87 | t_val=12.22 | mem=383.9 | psnr_b100=27.113, psnr_set14=27.651, psnr_set5=31.418, psnr_urban100=24.877, ssim_b100=0.722, ssim_set14=0.849, ssim_set5=0.899, ssim_urban100=0.950 |
   255 | train=0.006610 | val=nan | lr=0.0018966 | t_train=12.79 | t_val=12.14 | mem=383.9 | psnr_b100=27.046, psnr_set14=27.503, psnr_set5=31.207, psnr_urban100=24.745, ssim_b100=0.719, ssim_set14=0.846, ssim_set5=0.895, ssim_urban100=0.948 |
   256 | train=0.008150 | val=nan | lr=0.0018964 | t_train=12.94 | t_val=12.28 | mem=383.9 | psnr_b100=26.900, psnr_set14=27.287, psnr_set5=30.977, psnr_urban100=24.526, ssim_b100=0.716, ssim_set14=0.843, ssim_set5=0.890, ssim_urban100=0.945 |
   257 | train=0.007989 | val=nan | lr=0.001893 | t_train=12.86 | t_val=12.22 | mem=383.9 | psnr_b100=27.045, psnr_set14=27.514, psnr_set5=31.313, psnr_urban100=24.753, ssim_b100=0.720, ssim_set14=0.847, ssim_set5=0.898, ssim_urban100=0.949 |
   258 | train=0.006108 | val=nan | lr=0.0018894 | t_train=12.84 | t_val=12.19 | mem=383.9 | psnr_b100=27.015, psnr_set14=27.479, psnr_set5=31.208, psnr_urban100=24.756, ssim_b100=0.719, ssim_set14=0.846, ssim_set5=0.895, ssim_urban100=0.948 |
   259 | train=0.006458 | val=nan | lr=0.0018858 | t_train=12.88 | t_val=12.23 | mem=383.9 | psnr_b100=27.035, psnr_set14=27.511, psnr_set5=31.212, psnr_urban100=24.769, ssim_b100=0.719, ssim_set14=0.847, ssim_set5=0.896, ssim_urban100=0.948 |
   260 | train=0.007324 | val=nan | lr=0.0018822 | t_train=12.91 | t_val=12.25 | mem=383.9 | psnr_b100=27.001, psnr_set14=27.433, psnr_set5=31.124, psnr_urban100=24.715, ssim_b100=0.719, ssim_set14=0.846, ssim_set5=0.893, ssim_urban100=0.948 |
   261 | train=0.006476 | val=nan | lr=0.0018786 | t_train=12.93 | t_val=12.27 | mem=383.9 | psnr_b100=27.005, psnr_set14=27.458, psnr_set5=31.221, psnr_urban100=24.729, ssim_b100=0.718, ssim_set14=0.846, ssim_set5=0.895, ssim_urban100=0.948 |
   262 | train=0.005769 | val=nan | lr=0.0018751 | t_train=12.89 | t_val=12.22 | mem=383.9 | psnr_b100=27.067, psnr_set14=27.522, psnr_set5=31.282, psnr_urban100=24.768, ssim_b100=0.721, ssim_set14=0.848, ssim_set5=0.897, ssim_urban100=0.949 |
   263 | train=0.006251 | val=nan | lr=0.0018715 | t_train=12.95 | t_val=12.30 | mem=383.9 | psnr_b100=27.034, psnr_set14=27.473, psnr_set5=31.214, psnr_urban100=24.786, ssim_b100=0.719, ssim_set14=0.846, ssim_set5=0.894, ssim_urban100=0.949 |
   264 | train=0.006924 | val=nan | lr=0.001868 | t_train=12.88 | t_val=12.23 | mem=383.9 | psnr_b100=27.050, psnr_set14=27.525, psnr_set5=31.255, psnr_urban100=24.812, ssim_b100=0.722, ssim_set14=0.848, ssim_set5=0.897, ssim_urban100=0.950 |
   265 | train=0.007021 | val=nan | lr=0.0018644 | t_train=12.92 | t_val=12.27 | mem=383.9 | psnr_b100=26.993, psnr_set14=27.391, psnr_set5=31.064, psnr_urban100=24.705, ssim_b100=0.718, ssim_set14=0.845, ssim_set5=0.892, ssim_urban100=0.948 |
   266 | train=0.005221 | val=nan | lr=0.0018609 | t_train=12.88 | t_val=12.23 | mem=383.9 | psnr_b100=27.044, psnr_set14=27.530, psnr_set5=31.272, psnr_urban100=24.809, ssim_b100=0.720, ssim_set14=0.847, ssim_set5=0.896, ssim_urban100=0.949 |
   267 | train=0.005411 | val=nan | lr=0.0018573 | t_train=12.95 | t_val=12.30 | mem=383.9 | psnr_b100=27.054, psnr_set14=27.480, psnr_set5=31.288, psnr_urban100=24.747, ssim_b100=0.720, ssim_set14=0.847, ssim_set5=0.897, ssim_urban100=0.948 |
   268 | train=0.005303 | val=nan | lr=0.0018538 | t_train=12.90 | t_val=12.25 | mem=383.9 | psnr_b100=27.052, psnr_set14=27.503, psnr_set5=31.260, psnr_urban100=24.756, ssim_b100=0.720, ssim_set14=0.847, ssim_set5=0.895, ssim_urban100=0.949 |
   269 | train=0.007197 | val=nan | lr=0.0018503 | t_train=12.90 | t_val=12.25 | mem=383.9 | psnr_b100=26.988, psnr_set14=27.420, psnr_set5=31.162, psnr_urban100=24.670, ssim_b100=0.718, ssim_set14=0.846, ssim_set5=0.894, ssim_urban100=0.947 |
   270 | train=0.004813 | val=nan | lr=0.0018468 | t_train=12.87 | t_val=12.21 | mem=383.9 | psnr_b100=27.006, psnr_set14=27.473, psnr_set5=31.152, psnr_urban100=24.722, ssim_b100=0.719, ssim_set14=0.847, ssim_set5=0.894, ssim_urban100=0.948 |
   271 | train=0.005928 | val=nan | lr=0.0018433 | t_train=12.84 | t_val=12.20 | mem=383.9 | psnr_b100=27.008, psnr_set14=27.432, psnr_set5=31.199, psnr_urban100=24.734, ssim_b100=0.719, ssim_set14=0.846, ssim_set5=0.895, ssim_urban100=0.948 |
   272 | train=0.005975 | val=nan | lr=0.0018398 | t_train=12.91 | t_val=12.26 | mem=383.9 | psnr_b100=27.015, psnr_set14=27.426, psnr_set5=31.110, psnr_urban100=24.716, ssim_b100=0.719, ssim_set14=0.846, ssim_set5=0.893, ssim_urban100=0.948 |
   273 | train=0.006425 | val=nan | lr=0.0018363 | t_train=12.89 | t_val=12.23 | mem=383.9 | psnr_b100=27.002, psnr_set14=27.456, psnr_set5=31.217, psnr_urban100=24.722, ssim_b100=0.718, ssim_set14=0.847, ssim_set5=0.895, ssim_urban100=0.948 |
   274 | train=0.005723 | val=nan | lr=0.0018328 | t_train=12.89 | t_val=12.23 | mem=383.9 | psnr_b100=27.069, psnr_set14=27.487, psnr_set5=31.239, psnr_urban100=24.764, ssim_b100=0.721, ssim_set14=0.847, ssim_set5=0.896, ssim_urban100=0.949 |
   275 | train=0.006803 | val=nan | lr=0.0018293 | t_train=12.90 | t_val=12.25 | mem=383.9 | psnr_b100=27.027, psnr_set14=27.505, psnr_set5=31.200, psnr_urban100=24.751, ssim_b100=0.720, ssim_set14=0.847, ssim_set5=0.895, ssim_urban100=0.949 |
   276 | train=0.006719 | val=nan | lr=0.0018258 | t_train=12.91 | t_val=12.26 | mem=383.9 | psnr_b100=27.036, psnr_set14=27.497, psnr_set5=31.190, psnr_urban100=24.714, ssim_b100=0.720, ssim_set14=0.847, ssim_set5=0.895, ssim_urban100=0.948 |
   277 | train=0.005654 | val=nan | lr=0.0018224 | t_train=12.89 | t_val=12.24 | mem=383.9 | psnr_b100=27.049, psnr_set14=27.549, psnr_set5=31.249, psnr_urban100=24.758, ssim_b100=0.720, ssim_set14=0.848, ssim_set5=0.896, ssim_urban100=0.948 |
   278 | train=0.004397 | val=nan | lr=0.0018189 | t_train=12.91 | t_val=12.25 | mem=383.9 | psnr_b100=27.077, psnr_set14=27.578, psnr_set5=31.326, psnr_urban100=24.830, ssim_b100=0.721, ssim_set14=0.849, ssim_set5=0.897, ssim_urban100=0.950 |
   279 | train=0.005006 | val=nan | lr=0.0018155 | t_train=12.90 | t_val=12.25 | mem=383.9 | psnr_b100=27.065, psnr_set14=27.549, psnr_set5=31.285, psnr_urban100=24.792, ssim_b100=0.721, ssim_set14=0.848, ssim_set5=0.896, ssim_urban100=0.949 |
   280 | train=0.007624 | val=nan | lr=0.001812 | t_train=12.96 | t_val=12.20 | mem=383.9 | psnr_b100=27.035, psnr_set14=27.519, psnr_set5=31.211, psnr_urban100=24.766, ssim_b100=0.720, ssim_set14=0.848, ssim_set5=0.896, ssim_urban100=0.949 |
   281 | train=0.006046 | val=nan | lr=0.0018086 | t_train=12.95 | t_val=12.27 | mem=383.9 | psnr_b100=27.071, psnr_set14=27.566, psnr_set5=31.303, psnr_urban100=24.827, ssim_b100=0.720, ssim_set14=0.848, ssim_set5=0.896, ssim_urban100=0.949 |
   282 | train=0.006669 | val=nan | lr=0.0018051 | t_train=12.90 | t_val=12.25 | mem=383.9 | psnr_b100=27.054, psnr_set14=27.472, psnr_set5=31.216, psnr_urban100=24.729, ssim_b100=0.720, ssim_set14=0.847, ssim_set5=0.894, ssim_urban100=0.948 |
   283 | train=0.006001 | val=nan | lr=0.0018017 | t_train=12.97 | t_val=12.24 | mem=383.9 | psnr_b100=27.051, psnr_set14=27.521, psnr_set5=31.255, psnr_urban100=24.801, ssim_b100=0.720, ssim_set14=0.847, ssim_set5=0.896, ssim_urban100=0.949 |
   284 | train=0.007215 | val=nan | lr=0.0017983 | t_train=12.88 | t_val=12.22 | mem=383.9 | psnr_b100=27.060, psnr_set14=27.552, psnr_set5=31.304, psnr_urban100=24.839, ssim_b100=0.720, ssim_set14=0.848, ssim_set5=0.897, ssim_urban100=0.950 |
   285 | train=0.005597 | val=nan | lr=0.0017949 | t_train=12.91 | t_val=12.25 | mem=383.9 | psnr_b100=27.079, psnr_set14=27.560, psnr_set5=31.332, psnr_urban100=24.836, ssim_b100=0.721, ssim_set14=0.848, ssim_set5=0.897, ssim_urban100=0.950 |
   286 | train=0.005414 | val=nan | lr=0.0017915 | t_train=12.95 | t_val=12.29 | mem=383.9 | psnr_b100=27.056, psnr_set14=27.523, psnr_set5=31.278, psnr_urban100=24.775, ssim_b100=0.720, ssim_set14=0.848, ssim_set5=0.896, ssim_urban100=0.949 |
   287 | train=0.006575 | val=nan | lr=0.0017881 | t_train=12.94 | t_val=12.28 | mem=383.9 | psnr_b100=26.994, psnr_set14=27.412, psnr_set5=31.051, psnr_urban100=24.736, ssim_b100=0.719, ssim_set14=0.846, ssim_set5=0.895, ssim_urban100=0.949 |
   288 | train=0.009161 | val=nan | lr=0.0017847 | t_train=12.79 | t_val=12.13 | mem=383.9 | psnr_b100=26.989, psnr_set14=27.421, psnr_set5=31.168, psnr_urban100=24.706, ssim_b100=0.718, ssim_set14=0.846, ssim_set5=0.894, ssim_urban100=0.948 |
   289 | train=0.006419 | val=nan | lr=0.0017845 | t_train=12.77 | t_val=12.12 | mem=383.9 | psnr_b100=27.081, psnr_set14=27.570, psnr_set5=31.347, psnr_urban100=24.825, ssim_b100=0.721, ssim_set14=0.848, ssim_set5=0.898, ssim_urban100=0.949 |
   290 | train=0.007311 | val=nan | lr=0.0017845 | t_train=12.95 | t_val=12.28 | mem=383.9 | psnr_b100=27.055, psnr_set14=27.516, psnr_set5=31.222, psnr_urban100=24.773, ssim_b100=0.720, ssim_set14=0.847, ssim_set5=0.895, ssim_urban100=0.949 |
   291 | train=0.005238 | val=nan | lr=0.0017813 | t_train=12.91 | t_val=12.25 | mem=383.9 | psnr_b100=27.008, psnr_set14=27.446, psnr_set5=31.146, psnr_urban100=24.779, ssim_b100=0.720, ssim_set14=0.847, ssim_set5=0.895, ssim_urban100=0.949 |
   292 | train=0.006518 | val=nan | lr=0.0017779 | t_train=12.91 | t_val=12.25 | mem=383.9 | psnr_b100=27.009, psnr_set14=27.413, psnr_set5=31.128, psnr_urban100=24.721, ssim_b100=0.719, ssim_set14=0.847, ssim_set5=0.894, ssim_urban100=0.949 |
   293 | train=0.006725 | val=nan | lr=0.0017745 | t_train=12.87 | t_val=12.21 | mem=383.9 | psnr_b100=27.077, psnr_set14=27.558, psnr_set5=31.261, psnr_urban100=24.853, ssim_b100=0.721, ssim_set14=0.848, ssim_set5=0.896, ssim_urban100=0.950 |
   294 | train=0.005856 | val=nan | lr=0.0017712 | t_train=12.91 | t_val=12.26 | mem=383.9 | psnr_b100=27.132, psnr_set14=27.574, psnr_set5=31.405, psnr_urban100=24.904, ssim_b100=0.723, ssim_set14=0.849, ssim_set5=0.899, ssim_urban100=0.951 |
   295 | train=0.006307 | val=nan | lr=0.0017678 | t_train=12.85 | t_val=12.20 | mem=383.9 | psnr_b100=27.103, psnr_set14=27.556, psnr_set5=31.326, psnr_urban100=24.865, ssim_b100=0.721, ssim_set14=0.848, ssim_set5=0.897, ssim_urban100=0.950 |
   296 | train=0.006428 | val=nan | lr=0.0017645 | t_train=12.93 | t_val=12.27 | mem=383.9 | psnr_b100=27.037, psnr_set14=27.476, psnr_set5=31.222, psnr_urban100=24.771, ssim_b100=0.719, ssim_set14=0.847, ssim_set5=0.895, ssim_urban100=0.949 |
   297 | train=0.006607 | val=nan | lr=0.0017611 | t_train=12.86 | t_val=12.19 | mem=383.9 | psnr_b100=27.037, psnr_set14=27.484, psnr_set5=31.233, psnr_urban100=24.776, ssim_b100=0.720, ssim_set14=0.847, ssim_set5=0.896, ssim_urban100=0.949 |
   298 | train=0.007332 | val=nan | lr=0.0017578 | t_train=12.93 | t_val=12.27 | mem=383.9 | psnr_b100=27.075, psnr_set14=27.535, psnr_set5=31.279, psnr_urban100=24.783, ssim_b100=0.721, ssim_set14=0.848, ssim_set5=0.897, ssim_urban100=0.949 |
   299 | train=0.005229 | val=nan | lr=0.0017544 | t_train=12.88 | t_val=12.22 | mem=383.9 | psnr_b100=27.091, psnr_set14=27.572, psnr_set5=31.265, psnr_urban100=24.867, ssim_b100=0.722, ssim_set14=0.849, ssim_set5=0.897, ssim_urban100=0.950 |
   300 | train=0.006219 | val=nan | lr=0.0017511 | t_train=12.90 | t_val=12.24 | mem=383.9 | psnr_b100=27.098, psnr_set14=27.605, psnr_set5=31.336, psnr_urban100=24.859, ssim_b100=0.721, ssim_set14=0.848, ssim_set5=0.898, ssim_urban100=0.950 |
   301 | train=0.007569 | val=nan | lr=0.0017478 | t_train=12.87 | t_val=12.21 | mem=383.9 | psnr_b100=27.093, psnr_set14=27.581, psnr_set5=31.358, psnr_urban100=24.842, ssim_b100=0.721, ssim_set14=0.848, ssim_set5=0.898, ssim_urban100=0.950 |
   302 | train=0.005329 | val=nan | lr=0.0017445 | t_train=12.93 | t_val=12.27 | mem=383.9 | psnr_b100=27.067, psnr_set14=27.547, psnr_set5=31.263, psnr_urban100=24.826, ssim_b100=0.720, ssim_set14=0.847, ssim_set5=0.896, ssim_urban100=0.949 |
   303 | train=0.006614 | val=nan | lr=0.0017411 | t_train=12.90 | t_val=12.24 | mem=383.9 | psnr_b100=27.039, psnr_set14=27.500, psnr_set5=31.227, psnr_urban100=24.793, ssim_b100=0.719, ssim_set14=0.847, ssim_set5=0.895, ssim_urban100=0.949 |
   304 | train=0.006951 | val=nan | lr=0.0017378 | t_train=12.91 | t_val=12.23 | mem=383.9 | psnr_b100=27.059, psnr_set14=27.537, psnr_set5=31.317, psnr_urban100=24.850, ssim_b100=0.720, ssim_set14=0.847, ssim_set5=0.897, ssim_urban100=0.949 |
   305 | train=0.006038 | val=nan | lr=0.0017345 | t_train=12.90 | t_val=12.23 | mem=383.9 | psnr_b100=26.959, psnr_set14=27.378, psnr_set5=31.081, psnr_urban100=24.658, ssim_b100=0.717, ssim_set14=0.845, ssim_set5=0.893, ssim_urban100=0.947 |
   306 | train=0.007494 | val=nan | lr=0.0017312 | t_train=12.88 | t_val=12.23 | mem=383.9 | psnr_b100=27.061, psnr_set14=27.536, psnr_set5=31.280, psnr_urban100=24.820, ssim_b100=0.721, ssim_set14=0.848, ssim_set5=0.897, ssim_urban100=0.949 |
   307 | train=0.006457 | val=nan | lr=0.001728 | t_train=12.90 | t_val=12.25 | mem=383.9 | psnr_b100=27.044, psnr_set14=27.496, psnr_set5=31.218, psnr_urban100=24.806, ssim_b100=0.720, ssim_set14=0.847, ssim_set5=0.894, ssim_urban100=0.949 |
   308 | train=0.004688 | val=nan | lr=0.0017247 | t_train=12.85 | t_val=12.20 | mem=383.9 | psnr_b100=27.045, psnr_set14=27.503, psnr_set5=31.261, psnr_urban100=24.793, ssim_b100=0.719, ssim_set14=0.846, ssim_set5=0.896, ssim_urban100=0.949 |
   309 | train=0.005817 | val=nan | lr=0.0017214 | t_train=12.90 | t_val=12.25 | mem=383.9 | psnr_b100=27.149, psnr_set14=27.613, psnr_set5=31.444, psnr_urban100=24.942, ssim_b100=0.723, ssim_set14=0.850, ssim_set5=0.899, ssim_urban100=0.951 |
   310 | train=0.004694 | val=nan | lr=0.0017181 | t_train=12.90 | t_val=12.25 | mem=383.9 | psnr_b100=27.055, psnr_set14=27.496, psnr_set5=31.297, psnr_urban100=24.826, ssim_b100=0.720, ssim_set14=0.847, ssim_set5=0.897, ssim_urban100=0.949 |
   311 | train=0.006202 | val=nan | lr=0.0017149 | t_train=12.88 | t_val=12.22 | mem=383.9 | psnr_b100=27.032, psnr_set14=27.465, psnr_set5=31.262, psnr_urban100=24.768, ssim_b100=0.719, ssim_set14=0.846, ssim_set5=0.895, ssim_urban100=0.948 |
   312 | train=0.007101 | val=nan | lr=0.0017116 | t_train=12.86 | t_val=12.21 | mem=383.9 | psnr_b100=27.069, psnr_set14=27.517, psnr_set5=31.276, psnr_urban100=24.827, ssim_b100=0.720, ssim_set14=0.848, ssim_set5=0.897, ssim_urban100=0.949 |
   313 | train=0.005630 | val=nan | lr=0.0017084 | t_train=12.95 | t_val=12.20 | mem=383.9 | psnr_b100=27.050, psnr_set14=27.508, psnr_set5=31.260, psnr_urban100=24.812, ssim_b100=0.720, ssim_set14=0.848, ssim_set5=0.895, ssim_urban100=0.949 |
   314 | train=0.006295 | val=nan | lr=0.0017051 | t_train=13.00 | t_val=12.24 | mem=383.9 | psnr_b100=27.057, psnr_set14=27.498, psnr_set5=31.264, psnr_urban100=24.833, ssim_b100=0.720, ssim_set14=0.848, ssim_set5=0.896, ssim_urban100=0.950 |
   315 | train=0.005692 | val=nan | lr=0.0017019 | t_train=12.84 | t_val=12.18 | mem=383.9 | psnr_b100=27.014, psnr_set14=27.445, psnr_set5=31.214, psnr_urban100=24.754, ssim_b100=0.719, ssim_set14=0.846, ssim_set5=0.895, ssim_urban100=0.948 |
   316 | train=0.006852 | val=nan | lr=0.0016987 | t_train=12.86 | t_val=12.21 | mem=383.9 | psnr_b100=27.039, psnr_set14=27.471, psnr_set5=31.245, psnr_urban100=24.806, ssim_b100=0.719, ssim_set14=0.846, ssim_set5=0.895, ssim_urban100=0.949 |
   317 | train=0.006450 | val=nan | lr=0.0016954 | t_train=12.87 | t_val=12.22 | mem=383.9 | psnr_b100=27.018, psnr_set14=27.479, psnr_set5=31.261, psnr_urban100=24.759, ssim_b100=0.719, ssim_set14=0.847, ssim_set5=0.896, ssim_urban100=0.948 |
   318 | train=0.006186 | val=nan | lr=0.0016922 | t_train=12.78 | t_val=12.13 | mem=383.9 | psnr_b100=27.084, psnr_set14=27.583, psnr_set5=31.329, psnr_urban100=24.882, ssim_b100=0.720, ssim_set14=0.848, ssim_set5=0.897, ssim_urban100=0.950 |
   319 | train=0.005120 | val=nan | lr=0.001689 | t_train=12.89 | t_val=12.24 | mem=383.9 | psnr_b100=27.026, psnr_set14=27.504, psnr_set5=31.224, psnr_urban100=24.783, ssim_b100=0.719, ssim_set14=0.847, ssim_set5=0.895, ssim_urban100=0.949 |
   320 | train=0.005846 | val=nan | lr=0.0016858 | t_train=12.86 | t_val=12.20 | mem=383.9 | psnr_b100=27.050, psnr_set14=27.527, psnr_set5=31.284, psnr_urban100=24.783, ssim_b100=0.720, ssim_set14=0.848, ssim_set5=0.896, ssim_urban100=0.949 |
   321 | train=0.006813 | val=nan | lr=0.0016826 | t_train=12.87 | t_val=12.22 | mem=383.9 | psnr_b100=27.042, psnr_set14=27.481, psnr_set5=31.187, psnr_urban100=24.790, ssim_b100=0.720, ssim_set14=0.847, ssim_set5=0.894, ssim_urban100=0.949 |
   322 | train=0.006810 | val=nan | lr=0.0016794 | t_train=12.88 | t_val=12.23 | mem=383.9 | psnr_b100=27.040, psnr_set14=27.540, psnr_set5=31.261, psnr_urban100=24.823, ssim_b100=0.720, ssim_set14=0.847, ssim_set5=0.896, ssim_urban100=0.949 |
   323 | train=0.009064 | val=nan | lr=0.0016762 | t_train=12.88 | t_val=12.22 | mem=383.9 | psnr_b100=27.017, psnr_set14=27.468, psnr_set5=31.145, psnr_urban100=24.790, ssim_b100=0.719, ssim_set14=0.847, ssim_set5=0.895, ssim_urban100=0.949 |
   324 | train=0.007835 | val=nan | lr=0.001673 | t_train=12.92 | t_val=12.26 | mem=383.9 | psnr_b100=27.028, psnr_set14=27.464, psnr_set5=31.204, psnr_urban100=24.780, ssim_b100=0.719, ssim_set14=0.846, ssim_set5=0.894, ssim_urban100=0.948 |
   325 | train=0.006192 | val=nan | lr=0.0016699 | t_train=12.88 | t_val=12.23 | mem=383.9 | psnr_b100=27.067, psnr_set14=27.553, psnr_set5=31.228, psnr_urban100=24.832, ssim_b100=0.720, ssim_set14=0.848, ssim_set5=0.894, ssim_urban100=0.950 |
   326 | train=0.007256 | val=nan | lr=0.0016667 | t_train=12.92 | t_val=12.27 | mem=383.9 | psnr_b100=27.062, psnr_set14=27.526, psnr_set5=31.209, psnr_urban100=24.865, ssim_b100=0.720, ssim_set14=0.848, ssim_set5=0.896, ssim_urban100=0.950 |
   327 | train=0.006842 | val=nan | lr=0.0016635 | t_train=12.89 | t_val=12.23 | mem=383.9 | psnr_b100=27.138, psnr_set14=27.666, psnr_set5=31.412, psnr_urban100=24.959, ssim_b100=0.722, ssim_set14=0.850, ssim_set5=0.898, ssim_urban100=0.951 |
   328 | train=0.005841 | val=nan | lr=0.0016604 | t_train=12.82 | t_val=12.17 | mem=383.9 | psnr_b100=27.090, psnr_set14=27.606, psnr_set5=31.360, psnr_urban100=24.894, ssim_b100=0.721, ssim_set14=0.849, ssim_set5=0.898, ssim_urban100=0.950 |
   329 | train=0.005571 | val=nan | lr=0.0016572 | t_train=12.86 | t_val=12.20 | mem=383.9 | psnr_b100=27.081, psnr_set14=27.568, psnr_set5=31.349, psnr_urban100=24.877, ssim_b100=0.721, ssim_set14=0.848, ssim_set5=0.897, ssim_urban100=0.950 |
   330 | train=0.006683 | val=nan | lr=0.0016541 | t_train=12.94 | t_val=12.27 | mem=383.9 | psnr_b100=27.015, psnr_set14=27.459, psnr_set5=31.206, psnr_urban100=24.738, ssim_b100=0.719, ssim_set14=0.847, ssim_set5=0.895, ssim_urban100=0.948 |
   331 | train=0.006596 | val=nan | lr=0.0016509 | t_train=12.95 | t_val=12.30 | mem=383.9 | psnr_b100=27.076, psnr_set14=27.559, psnr_set5=31.295, psnr_urban100=24.870, ssim_b100=0.720, ssim_set14=0.848, ssim_set5=0.896, ssim_urban100=0.950 |
   332 | train=0.005799 | val=nan | lr=0.0016478 | t_train=12.94 | t_val=12.29 | mem=383.9 | psnr_b100=27.007, psnr_set14=27.487, psnr_set5=31.193, psnr_urban100=24.763, ssim_b100=0.718, ssim_set14=0.846, ssim_set5=0.894, ssim_urban100=0.948 |
   333 | train=0.006954 | val=nan | lr=0.0016447 | t_train=12.95 | t_val=12.29 | mem=383.9 | psnr_b100=27.046, psnr_set14=27.518, psnr_set5=31.190, psnr_urban100=24.812, ssim_b100=0.721, ssim_set14=0.848, ssim_set5=0.895, ssim_urban100=0.949 |
   334 | train=0.006015 | val=nan | lr=0.0016415 | t_train=12.92 | t_val=12.27 | mem=383.9 | psnr_b100=27.057, psnr_set14=27.470, psnr_set5=31.234, psnr_urban100=24.804, ssim_b100=0.720, ssim_set14=0.847, ssim_set5=0.896, ssim_urban100=0.949 |
   335 | train=0.008765 | val=nan | lr=0.0016384 | t_train=12.93 | t_val=12.27 | mem=383.9 | psnr_b100=27.070, psnr_set14=27.567, psnr_set5=31.314, psnr_urban100=24.879, ssim_b100=0.720, ssim_set14=0.848, ssim_set5=0.896, ssim_urban100=0.950 |
   336 | train=0.007160 | val=nan | lr=0.0016353 | t_train=12.88 | t_val=12.22 | mem=383.9 | psnr_b100=26.972, psnr_set14=27.339, psnr_set5=31.014, psnr_urban100=24.685, ssim_b100=0.718, ssim_set14=0.844, ssim_set5=0.892, ssim_urban100=0.948 |
   337 | train=0.008397 | val=nan | lr=0.0016322 | t_train=12.86 | t_val=12.20 | mem=383.9 | psnr_b100=27.029, psnr_set14=27.482, psnr_set5=31.260, psnr_urban100=24.843, ssim_b100=0.719, ssim_set14=0.846, ssim_set5=0.896, ssim_urban100=0.949 |
   338 | train=0.006303 | val=nan | lr=0.0016291 | t_train=12.86 | t_val=12.21 | mem=383.9 | psnr_b100=27.064, psnr_set14=27.512, psnr_set5=31.214, psnr_urban100=24.863, ssim_b100=0.720, ssim_set14=0.847, ssim_set5=0.895, ssim_urban100=0.950 |
   339 | train=0.006168 | val=nan | lr=0.001626 | t_train=12.90 | t_val=12.25 | mem=383.9 | psnr_b100=27.081, psnr_set14=27.580, psnr_set5=31.269, psnr_urban100=24.882, ssim_b100=0.720, ssim_set14=0.848, ssim_set5=0.896, ssim_urban100=0.950 |
   340 | train=0.007234 | val=nan | lr=0.0016229 | t_train=12.92 | t_val=12.25 | mem=383.9 | psnr_b100=27.008, psnr_set14=27.439, psnr_set5=31.112, psnr_urban100=24.814, ssim_b100=0.718, ssim_set14=0.846, ssim_set5=0.893, ssim_urban100=0.949 |
   341 | train=0.006684 | val=nan | lr=0.0016199 | t_train=12.87 | t_val=12.19 | mem=383.9 | psnr_b100=27.075, psnr_set14=27.534, psnr_set5=31.290, psnr_urban100=24.855, ssim_b100=0.720, ssim_set14=0.848, ssim_set5=0.896, ssim_urban100=0.949 |
   342 | train=0.006442 | val=nan | lr=0.0016168 | t_train=12.88 | t_val=12.23 | mem=383.9 | psnr_b100=27.076, psnr_set14=27.527, psnr_set5=31.291, psnr_urban100=24.868, ssim_b100=0.720, ssim_set14=0.848, ssim_set5=0.896, ssim_urban100=0.950 |
   343 | train=0.006021 | val=nan | lr=0.0016137 | t_train=12.86 | t_val=12.20 | mem=383.9 | psnr_b100=27.086, psnr_set14=27.574, psnr_set5=31.334, psnr_urban100=24.901, ssim_b100=0.720, ssim_set14=0.848, ssim_set5=0.897, ssim_urban100=0.950 |
   344 | train=0.006025 | val=nan | lr=0.0016106 | t_train=12.88 | t_val=12.22 | mem=383.9 | psnr_b100=27.044, psnr_set14=27.461, psnr_set5=31.235, psnr_urban100=24.827, ssim_b100=0.719, ssim_set14=0.846, ssim_set5=0.895, ssim_urban100=0.949 |
   345 | train=0.006880 | val=nan | lr=0.0016076 | t_train=12.86 | t_val=12.21 | mem=383.9 | psnr_b100=27.059, psnr_set14=27.515, psnr_set5=31.278, psnr_urban100=24.814, ssim_b100=0.720, ssim_set14=0.847, ssim_set5=0.896, ssim_urban100=0.949 |
   346 | train=0.006380 | val=nan | lr=0.0016045 | t_train=12.99 | t_val=12.25 | mem=383.9 | psnr_b100=27.051, psnr_set14=27.515, psnr_set5=31.316, psnr_urban100=24.849, ssim_b100=0.719, ssim_set14=0.847, ssim_set5=0.896, ssim_urban100=0.949 |
   347 | train=0.006793 | val=nan | lr=0.0016015 | t_train=13.04 | t_val=12.28 | mem=383.9 | psnr_b100=27.131, psnr_set14=27.660, psnr_set5=31.412, psnr_urban100=24.945, ssim_b100=0.722, ssim_set14=0.850, ssim_set5=0.899, ssim_urban100=0.951 |
   348 | train=0.006244 | val=nan | lr=0.0015985 | t_train=12.92 | t_val=12.27 | mem=383.9 | psnr_b100=27.055, psnr_set14=27.534, psnr_set5=31.277, psnr_urban100=24.865, ssim_b100=0.719, ssim_set14=0.847, ssim_set5=0.896, ssim_urban100=0.950 |
   349 | train=0.006351 | val=nan | lr=0.0015954 | t_train=12.87 | t_val=12.23 | mem=383.9 | psnr_b100=27.090, psnr_set14=27.605, psnr_set5=31.339, psnr_urban100=24.924, ssim_b100=0.721, ssim_set14=0.849, ssim_set5=0.899, ssim_urban100=0.951 |
   350 | train=0.005855 | val=nan | lr=0.0015924 | t_train=12.94 | t_val=12.28 | mem=383.9 | psnr_b100=27.044, psnr_set14=27.552, psnr_set5=31.283, psnr_urban100=24.871, ssim_b100=0.719, ssim_set14=0.848, ssim_set5=0.897, ssim_urban100=0.950 |
   351 | train=0.007061 | val=nan | lr=0.0015894 | t_train=12.93 | t_val=12.27 | mem=383.9 | psnr_b100=27.054, psnr_set14=27.572, psnr_set5=31.245, psnr_urban100=24.852, ssim_b100=0.719, ssim_set14=0.847, ssim_set5=0.895, ssim_urban100=0.949 |
   352 | train=0.005376 | val=nan | lr=0.0015863 | t_train=12.87 | t_val=12.22 | mem=383.9 | psnr_b100=27.053, psnr_set14=27.551, psnr_set5=31.241, psnr_urban100=24.819, ssim_b100=0.720, ssim_set14=0.848, ssim_set5=0.895, ssim_urban100=0.949 |
   353 | train=0.006516 | val=nan | lr=0.0015833 | t_train=12.92 | t_val=12.27 | mem=383.9 | psnr_b100=27.042, psnr_set14=27.503, psnr_set5=31.230, psnr_urban100=24.801, ssim_b100=0.720, ssim_set14=0.847, ssim_set5=0.895, ssim_urban100=0.949 |
   354 | train=0.006566 | val=nan | lr=0.0015803 | t_train=12.99 | t_val=12.34 | mem=383.9 | psnr_b100=26.990, psnr_set14=27.428, psnr_set5=31.192, psnr_urban100=24.737, ssim_b100=0.718, ssim_set14=0.845, ssim_set5=0.894, ssim_urban100=0.948 |
   355 | train=0.007766 | val=nan | lr=0.0015773 | t_train=12.94 | t_val=12.28 | mem=383.9 | psnr_b100=27.100, psnr_set14=27.563, psnr_set5=31.330, psnr_urban100=24.882, ssim_b100=0.721, ssim_set14=0.848, ssim_set5=0.897, ssim_urban100=0.950 |
   356 | train=0.006812 | val=nan | lr=0.0015743 | t_train=12.88 | t_val=12.23 | mem=383.9 | psnr_b100=27.060, psnr_set14=27.515, psnr_set5=31.255, psnr_urban100=24.828, ssim_b100=0.720, ssim_set14=0.848, ssim_set5=0.896, ssim_urban100=0.949 |
   357 | train=0.006096 | val=nan | lr=0.0015714 | t_train=12.94 | t_val=12.28 | mem=383.9 | psnr_b100=27.087, psnr_set14=27.570, psnr_set5=31.319, psnr_urban100=24.869, ssim_b100=0.721, ssim_set14=0.848, ssim_set5=0.897, ssim_urban100=0.950 |
   358 | train=0.005481 | val=nan | lr=0.0015684 | t_train=12.89 | t_val=12.24 | mem=383.9 | psnr_b100=27.066, psnr_set14=27.559, psnr_set5=31.293, psnr_urban100=24.864, ssim_b100=0.720, ssim_set14=0.848, ssim_set5=0.897, ssim_urban100=0.950 |
   359 | train=0.006792 | val=nan | lr=0.0015654 | t_train=12.88 | t_val=12.22 | mem=383.9 | psnr_b100=27.132, psnr_set14=27.620, psnr_set5=31.444, psnr_urban100=24.958, ssim_b100=0.722, ssim_set14=0.850, ssim_set5=0.900, ssim_urban100=0.951 |
   360 | train=0.006373 | val=nan | lr=0.0015624 | t_train=12.90 | t_val=12.25 | mem=383.9 | psnr_b100=27.038, psnr_set14=27.509, psnr_set5=31.266, psnr_urban100=24.843, ssim_b100=0.719, ssim_set14=0.848, ssim_set5=0.897, ssim_urban100=0.950 |
   361 | train=0.005616 | val=nan | lr=0.0015595 | t_train=12.88 | t_val=12.22 | mem=383.9 | psnr_b100=27.072, psnr_set14=27.555, psnr_set5=31.253, psnr_urban100=24.919, ssim_b100=0.720, ssim_set14=0.848, ssim_set5=0.896, ssim_urban100=0.951 |
   362 | train=0.005162 | val=nan | lr=0.0015565 | t_train=12.89 | t_val=12.23 | mem=383.9 | psnr_b100=27.063, psnr_set14=27.537, psnr_set5=31.282, psnr_urban100=24.889, ssim_b100=0.720, ssim_set14=0.848, ssim_set5=0.897, ssim_urban100=0.950 |
   363 | train=0.005367 | val=nan | lr=0.0015535 | t_train=12.91 | t_val=12.26 | mem=383.9 | psnr_b100=27.008, psnr_set14=27.437, psnr_set5=31.161, psnr_urban100=24.777, ssim_b100=0.718, ssim_set14=0.846, ssim_set5=0.894, ssim_urban100=0.949 |
   364 | train=0.006463 | val=nan | lr=0.0015506 | t_train=12.89 | t_val=12.23 | mem=383.9 | psnr_b100=27.043, psnr_set14=27.548, psnr_set5=31.283, psnr_urban100=24.845, ssim_b100=0.719, ssim_set14=0.847, ssim_set5=0.896, ssim_urban100=0.950 |
   365 | train=0.004843 | val=nan | lr=0.0015476 | t_train=12.87 | t_val=12.22 | mem=383.9 | psnr_b100=27.041, psnr_set14=27.485, psnr_set5=31.201, psnr_urban100=24.832, ssim_b100=0.720, ssim_set14=0.847, ssim_set5=0.895, ssim_urban100=0.950 |
   366 | train=0.005854 | val=nan | lr=0.0015447 | t_train=12.94 | t_val=12.29 | mem=383.9 | psnr_b100=27.055, psnr_set14=27.518, psnr_set5=31.264, psnr_urban100=24.816, ssim_b100=0.719, ssim_set14=0.847, ssim_set5=0.896, ssim_urban100=0.949 |
   367 | train=0.005361 | val=nan | lr=0.0015418 | t_train=12.89 | t_val=12.23 | mem=383.9 | psnr_b100=27.048, psnr_set14=27.501, psnr_set5=31.192, psnr_urban100=24.830, ssim_b100=0.720, ssim_set14=0.848, ssim_set5=0.894, ssim_urban100=0.950 |
   368 | train=0.008518 | val=nan | lr=0.0015388 | t_train=12.95 | t_val=12.30 | mem=383.9 | psnr_b100=27.114, psnr_set14=27.633, psnr_set5=31.385, psnr_urban100=24.928, ssim_b100=0.722, ssim_set14=0.849, ssim_set5=0.898, ssim_urban100=0.950 |
   369 | train=0.005354 | val=nan | lr=0.0015359 | t_train=12.93 | t_val=12.26 | mem=383.9 | psnr_b100=27.104, psnr_set14=27.611, psnr_set5=31.367, psnr_urban100=24.925, ssim_b100=0.722, ssim_set14=0.849, ssim_set5=0.897, ssim_urban100=0.951 |
