# callback_metrics keys:
# PSNR/B100
# PSNR/Set14
# PSNR/Set5
# PSNR/Urban100
# SSIM/B100
# SSIM/Set14
# SSIM/Set5
# SSIM/Urban100
# Val_loss/B100
# Val_loss/B100_epoch
# Val_loss/Set14
# Val_loss/Set14_epoch
# Val_loss/Set5
# Val_loss/Set5_epoch
# Val_loss/Urban100
# Val_loss/Urban100_epoch
     0 | train=nan | val=nan | psnr=nan | ssim=nan | lpips=nan | best=nan | lr=nan | gnorm=nan | Wμ=nan | Aμ=nan | t_train=nan | t_val=1.76 | mem=248.9 | psnr_b100=27.621, psnr_set14=28.302, psnr_set5=32.057, psnr_urban100=26.141, ssim_b100=0.738, ssim_set14=0.861, ssim_set5=0.906, ssim_urban100=0.963 |
     0 | train=nan | val=nan | psnr=nan | ssim=nan | lpips=nan | best=nan | lr=nan | gnorm=nan | Wμ=nan | Aμ=nan | t_train=nan | t_val=11.81 | mem=250.8 | psnr_b100=27.621, psnr_set14=28.302, psnr_set5=32.056, psnr_urban100=26.140, ssim_b100=0.738, ssim_set14=0.861, ssim_set5=0.906, ssim_urban100=0.963 |
     0 | train=nan | val=nan | psnr=nan | ssim=nan | lpips=nan | best=nan | lr=nan | gnorm=nan | Wμ=nan | Aμ=nan | t_train=nan | t_val=12.03 | mem=250.8 | psnr_b100=27.621, psnr_set14=28.303, psnr_set5=32.056, psnr_urban100=26.140, ssim_b100=0.738, ssim_set14=0.861, ssim_set5=0.906, ssim_urban100=0.963 |
     0 | train=nan | val=nan | psnr=nan | ssim=nan | lpips=nan | best=nan | lr=nan | gnorm=nan | Wμ=nan | Aμ=nan | t_train=nan | t_val=11.80 | mem=250.8 | psnr_b100=27.618, psnr_set14=28.302, psnr_set5=32.055, psnr_urban100=26.139, ssim_b100=0.738, ssim_set14=0.861, ssim_set5=0.906, ssim_urban100=0.963 |
# epoch | train_loss | val_loss | PSNR | SSIM | LPIPS | BestPSNR | LR | GradNorm | Wμbits | Aμbits | t_train(s) | t_val(s) | gpu_mem(MB) | SRBench(psnr/ssim...)
# callback_metrics keys:
#
     0 | train=nan | val=nan | psnr=nan | ssim=nan | lpips=nan | best=nan | lr=nan | gnorm=nan | Wμ=nan | Aμ=nan | t_train=nan | t_val=1.16 | mem=250.8 |
     0 | train=0.000775 | val=nan | psnr=nan | ssim=nan | lpips=nan | best=nan | lr=0.00072 | gnorm=nan | Wμ=nan | Aμ=nan | t_train=7.72 | t_val=6.94 | mem=383.8 | psnr_b100=27.617, psnr_set14=28.294, psnr_set5=32.342, psnr_urban100=26.136, ssim_b100=0.738, ssim_set14=0.861, ssim_set5=0.914, ssim_urban100=0.963 |
     1 | train=0.000979 | val=nan | psnr=nan | ssim=nan | lpips=nan | best=nan | lr=0.00148 | gnorm=nan | Wμ=nan | Aμ=nan | t_train=7.47 | t_val=6.82 | mem=383.9 | psnr_b100=27.618, psnr_set14=28.292, psnr_set5=32.343, psnr_urban100=26.132, ssim_b100=0.738, ssim_set14=0.861, ssim_set5=0.914, ssim_urban100=0.963 |
     2 | train=0.001307 | val=nan | psnr=nan | ssim=nan | lpips=nan | best=nan | lr=0.00224 | gnorm=nan | Wμ=nan | Aμ=nan | t_train=7.49 | t_val=6.84 | mem=383.9 | psnr_b100=27.608, psnr_set14=28.284, psnr_set5=32.331, psnr_urban100=26.115, ssim_b100=0.737, ssim_set14=0.861, ssim_set5=0.914, ssim_urban100=0.963 |
     3 | train=0.001942 | val=nan | psnr=nan | ssim=nan | lpips=nan | best=nan | lr=0.003 | gnorm=nan | Wμ=nan | Aμ=nan | t_train=7.48 | t_val=6.83 | mem=383.9 | psnr_b100=27.601, psnr_set14=28.273, psnr_set5=32.335, psnr_urban100=26.076, ssim_b100=0.737, ssim_set14=0.860, ssim_set5=0.914, ssim_urban100=0.962 |
     4 | train=0.001945 | val=nan | psnr=nan | ssim=nan | lpips=nan | best=nan | lr=0.00376 | gnorm=nan | Wμ=nan | Aμ=nan | t_train=7.58 | t_val=6.84 | mem=383.9 | psnr_b100=27.572, psnr_set14=28.227, psnr_set5=32.281, psnr_urban100=26.025, ssim_b100=0.737, ssim_set14=0.860, ssim_set5=0.914, ssim_urban100=0.962 |
     5 | train=0.002516 | val=nan | psnr=nan | ssim=nan | lpips=nan | best=nan | lr=0.00452 | gnorm=nan | Wμ=nan | Aμ=nan | t_train=7.50 | t_val=6.84 | mem=383.9 | psnr_b100=27.561, psnr_set14=28.237, psnr_set5=32.216, psnr_urban100=26.007, ssim_b100=0.736, ssim_set14=0.860, ssim_set5=0.913, ssim_urban100=0.962 |
     6 | train=0.003225 | val=nan | psnr=nan | ssim=nan | lpips=nan | best=nan | lr=0.00528 | gnorm=nan | Wμ=nan | Aμ=nan | t_train=7.52 | t_val=6.87 | mem=383.9 | psnr_b100=27.529, psnr_set14=28.191, psnr_set5=32.196, psnr_urban100=25.899, ssim_b100=0.735, ssim_set14=0.859, ssim_set5=0.912, ssim_urban100=0.961 |
     7 | train=0.003986 | val=nan | psnr=nan | ssim=nan | lpips=nan | best=nan | lr=0.00604 | gnorm=nan | Wμ=nan | Aμ=nan | t_train=7.49 | t_val=6.84 | mem=383.9 | psnr_b100=27.503, psnr_set14=28.218, psnr_set5=32.243, psnr_urban100=25.904, ssim_b100=0.734, ssim_set14=0.859, ssim_set5=0.913, ssim_urban100=0.960 |
     8 | train=0.004330 | val=nan | psnr=nan | ssim=nan | lpips=nan | best=nan | lr=0.0068 | gnorm=nan | Wμ=nan | Aμ=nan | t_train=7.48 | t_val=6.83 | mem=383.9 | psnr_b100=27.443, psnr_set14=28.129, psnr_set5=32.162, psnr_urban100=25.795, ssim_b100=0.732, ssim_set14=0.857, ssim_set5=0.911, ssim_urban100=0.958 |
     9 | train=0.005951 | val=nan | psnr=nan | ssim=nan | lpips=nan | best=nan | lr=0.00756 | gnorm=nan | Wμ=nan | Aμ=nan | t_train=7.48 | t_val=6.84 | mem=383.9 | psnr_b100=27.344, psnr_set14=27.957, psnr_set5=31.961, psnr_urban100=25.563, ssim_b100=0.729, ssim_set14=0.855, ssim_set5=0.909, ssim_urban100=0.957 |
    10 | train=0.004674 | val=nan | psnr=nan | ssim=nan | lpips=nan | best=nan | lr=0.00832 | gnorm=nan | Wμ=nan | Aμ=nan | t_train=7.48 | t_val=6.84 | mem=383.9 | psnr_b100=27.358, psnr_set14=27.992, psnr_set5=32.012, psnr_urban100=25.594, ssim_b100=0.730, ssim_set14=0.856, ssim_set5=0.910, ssim_urban100=0.957 |
    11 | train=0.006259 | val=nan | psnr=nan | ssim=nan | lpips=nan | best=nan | lr=0.00908 | gnorm=nan | Wμ=nan | Aμ=nan | t_train=7.49 | t_val=6.85 | mem=383.9 | psnr_b100=27.419, psnr_set14=28.018, psnr_set5=32.009, psnr_urban100=25.669, ssim_b100=0.732, ssim_set14=0.857, ssim_set5=0.910, ssim_urban100=0.958 |
    12 | train=0.006868 | val=nan | psnr=nan | ssim=nan | lpips=nan | best=nan | lr=0.00984 | gnorm=nan | Wμ=nan | Aμ=nan | t_train=7.49 | t_val=6.85 | mem=383.9 | psnr_b100=27.401, psnr_set14=28.006, psnr_set5=32.002, psnr_urban100=25.636, ssim_b100=0.730, ssim_set14=0.856, ssim_set5=0.908, ssim_urban100=0.958 |
    13 | train=0.012989 | val=nan | psnr=nan | ssim=nan | lpips=nan | best=nan | lr=0.0106 | gnorm=nan | Wμ=nan | Aμ=nan | t_train=7.52 | t_val=6.87 | mem=383.9 | psnr_b100=27.052, psnr_set14=27.530, psnr_set5=31.197, psnr_urban100=25.034, ssim_b100=0.710, ssim_set14=0.844, ssim_set5=0.891, ssim_urban100=0.952 |
    14 | train=0.010652 | val=nan | psnr=nan | ssim=nan | lpips=nan | best=nan | lr=0.01136 | gnorm=nan | Wμ=nan | Aμ=nan | t_train=7.53 | t_val=6.88 | mem=383.9 | psnr_b100=27.069, psnr_set14=27.469, psnr_set5=31.070, psnr_urban100=25.137, ssim_b100=0.710, ssim_set14=0.832, ssim_set5=0.875, ssim_urban100=0.953 |
    15 | train=0.012537 | val=nan | psnr=nan | ssim=nan | lpips=nan | best=nan | lr=0.01212 | gnorm=nan | Wμ=nan | Aμ=nan | t_train=7.45 | t_val=6.80 | mem=383.9 | psnr_b100=27.078, psnr_set14=27.516, psnr_set5=31.040, psnr_urban100=25.171, ssim_b100=0.715, ssim_set14=0.844, ssim_set5=0.888, ssim_urban100=0.955 |
    16 | train=0.012342 | val=nan | psnr=nan | ssim=nan | lpips=nan | best=nan | lr=0.01288 | gnorm=nan | Wμ=nan | Aμ=nan | t_train=7.50 | t_val=6.86 | mem=383.9 | psnr_b100=26.999, psnr_set14=27.403, psnr_set5=31.061, psnr_urban100=24.939, ssim_b100=0.711, ssim_set14=0.841, ssim_set5=0.886, ssim_urban100=0.952 |
    17 | train=0.011518 | val=nan | psnr=nan | ssim=nan | lpips=nan | best=nan | lr=0.01364 | gnorm=nan | Wμ=nan | Aμ=nan | t_train=7.50 | t_val=6.84 | mem=383.9 | psnr_b100=27.103, psnr_set14=27.505, psnr_set5=31.173, psnr_urban100=25.027, ssim_b100=0.715, ssim_set14=0.843, ssim_set5=0.886, ssim_urban100=0.952 |
    18 | train=0.013690 | val=nan | psnr=nan | ssim=nan | lpips=nan | best=nan | lr=0.0144 | gnorm=nan | Wμ=nan | Aμ=nan | t_train=7.53 | t_val=6.87 | mem=383.9 | psnr_b100=26.967, psnr_set14=27.375, psnr_set5=30.790, psnr_urban100=24.935, ssim_b100=0.712, ssim_set14=0.841, ssim_set5=0.885, ssim_urban100=0.952 |
    19 | train=0.013035 | val=nan | psnr=nan | ssim=nan | lpips=nan | best=nan | lr=0.01516 | gnorm=nan | Wμ=nan | Aμ=nan | t_train=7.48 | t_val=6.83 | mem=383.9 | psnr_b100=27.007, psnr_set14=27.484, psnr_set5=31.084, psnr_urban100=24.950, ssim_b100=0.707, ssim_set14=0.839, ssim_set5=0.883, ssim_urban100=0.951 |
    20 | train=0.021793 | val=nan | psnr=nan | ssim=nan | lpips=nan | best=nan | lr=0.01592 | gnorm=nan | Wμ=nan | Aμ=nan | t_train=7.53 | t_val=6.88 | mem=383.9 | psnr_b100=26.513, psnr_set14=26.936, psnr_set5=30.222, psnr_urban100=24.475, ssim_b100=0.692, ssim_set14=0.833, ssim_set5=0.867, ssim_urban100=0.949 |
    21 | train=0.024890 | val=nan | psnr=nan | ssim=nan | lpips=nan | best=nan | lr=0.01668 | gnorm=nan | Wμ=nan | Aμ=nan | t_train=7.50 | t_val=6.85 | mem=383.9 | psnr_b100=26.260, psnr_set14=26.601, psnr_set5=29.752, psnr_urban100=24.245, ssim_b100=0.639, ssim_set14=0.811, ssim_set5=0.840, ssim_urban100=0.943 |
    22 | train=3.035383 | val=nan | psnr=nan | ssim=nan | lpips=nan | best=nan | lr=0.01744 | gnorm=nan | Wμ=nan | Aμ=nan | t_train=7.53 | t_val=6.88 | mem=383.9 | psnr_b100=11.271, psnr_set14=11.017, psnr_set5=11.199, psnr_urban100=10.876, ssim_b100=0.027, ssim_set14=0.100, ssim_set5=0.070, ssim_urban100=0.399 |
    23 | train=3.772705 | val=nan | psnr=nan | ssim=nan | lpips=nan | best=nan | lr=0.0182 | gnorm=nan | Wμ=nan | Aμ=nan | t_train=7.49 | t_val=6.83 | mem=383.9 | psnr_b100=9.413, psnr_set14=8.702, psnr_set5=8.817, psnr_urban100=8.685, ssim_b100=0.018, ssim_set14=0.057, ssim_set5=0.043, ssim_urban100=0.135 |
    24 | train=3.482482 | val=nan | psnr=nan | ssim=nan | lpips=nan | best=nan | lr=0.01896 | gnorm=nan | Wμ=nan | Aμ=nan | t_train=7.50 | t_val=6.86 | mem=383.9 | psnr_b100=9.960, psnr_set14=9.626, psnr_set5=9.250, psnr_urban100=9.302, ssim_b100=0.015, ssim_set14=0.042, ssim_set5=0.026, ssim_urban100=0.168 |
    25 | train=1.868508 | val=nan | psnr=nan | ssim=nan | lpips=nan | best=nan | lr=0.01972 | gnorm=nan | Wμ=nan | Aμ=nan | t_train=7.48 | t_val=6.83 | mem=383.9 | psnr_b100=9.329, psnr_set14=8.990, psnr_set5=8.521, psnr_urban100=8.746, ssim_b100=0.014, ssim_set14=0.032, ssim_set5=0.024, ssim_urban100=0.146 |
    26 | train=2.188514 | val=nan | psnr=nan | ssim=nan | lpips=nan | best=nan | lr=0.02 | gnorm=nan | Wμ=nan | Aμ=nan | t_train=7.48 | t_val=6.84 | mem=383.9 | psnr_b100=13.786, psnr_set14=13.269, psnr_set5=12.756, psnr_urban100=13.001, ssim_b100=0.075, ssim_set14=0.229, ssim_set5=0.148, ssim_urban100=0.582 |
    27 | train=3.734383 | val=nan | psnr=nan | ssim=nan | lpips=nan | best=nan | lr=0.02 | gnorm=nan | Wμ=nan | Aμ=nan | t_train=7.49 | t_val=6.85 | mem=383.9 | psnr_b100=14.023, psnr_set14=13.616, psnr_set5=13.404, psnr_urban100=13.179, ssim_b100=0.088, ssim_set14=0.331, ssim_set5=0.265, ssim_urban100=0.620 |
    28 | train=4.420914 | val=nan | psnr=nan | ssim=nan | lpips=nan | best=nan | lr=0.02 | gnorm=nan | Wμ=nan | Aμ=nan | t_train=7.48 | t_val=6.83 | mem=383.9 | psnr_b100=15.311, psnr_set14=15.356, psnr_set5=15.357, psnr_urban100=15.046, ssim_b100=0.157, ssim_set14=0.398, ssim_set5=0.305, ssim_urban100=0.695 |
    29 | train=4.331109 | val=nan | psnr=nan | ssim=nan | lpips=nan | best=nan | lr=0.02 | gnorm=nan | Wμ=nan | Aμ=nan | t_train=7.48 | t_val=6.83 | mem=383.9 | psnr_b100=18.603, psnr_set14=18.284, psnr_set5=18.009, psnr_urban100=17.414, ssim_b100=0.247, ssim_set14=0.535, ssim_set5=0.396, ssim_urban100=0.797 |
    30 | train=3.669798 | val=nan | psnr=nan | ssim=nan | lpips=nan | best=nan | lr=0.02 | gnorm=nan | Wμ=nan | Aμ=nan | t_train=7.59 | t_val=6.82 | mem=383.9 | psnr_b100=17.389, psnr_set14=16.809, psnr_set5=16.325, psnr_urban100=15.967, ssim_b100=0.188, ssim_set14=0.453, ssim_set5=0.321, ssim_urban100=0.718 |
    31 | train=2.625474 | val=nan | psnr=nan | ssim=nan | lpips=nan | best=nan | lr=0.02 | gnorm=nan | Wμ=nan | Aμ=nan | t_train=7.51 | t_val=6.86 | mem=383.9 | psnr_b100=15.331, psnr_set14=15.343, psnr_set5=14.960, psnr_urban100=14.640, ssim_b100=0.130, ssim_set14=0.331, ssim_set5=0.240, ssim_urban100=0.660 |
    32 | train=1.602062 | val=nan | psnr=nan | ssim=nan | lpips=nan | best=nan | lr=0.02 | gnorm=nan | Wμ=nan | Aμ=nan | t_train=7.49 | t_val=6.84 | mem=383.9 | psnr_b100=17.799, psnr_set14=17.644, psnr_set5=16.760, psnr_urban100=16.565, ssim_b100=0.234, ssim_set14=0.443, ssim_set5=0.331, ssim_urban100=0.728 |
    33 | train=1.051468 | val=nan | psnr=nan | ssim=nan | lpips=nan | best=nan | lr=0.02 | gnorm=nan | Wμ=nan | Aμ=nan | t_train=7.49 | t_val=6.84 | mem=383.9 | psnr_b100=15.421, psnr_set14=15.452, psnr_set5=15.210, psnr_urban100=14.896, ssim_b100=0.126, ssim_set14=0.402, ssim_set5=0.307, ssim_urban100=0.708 |
    34 | train=0.742866 | val=nan | psnr=nan | ssim=nan | lpips=nan | best=nan | lr=0.02 | gnorm=nan | Wμ=nan | Aμ=nan | t_train=7.50 | t_val=6.85 | mem=383.9 | psnr_b100=16.008, psnr_set14=15.737, psnr_set5=15.440, psnr_urban100=15.037, ssim_b100=0.119, ssim_set14=0.388, ssim_set5=0.243, ssim_urban100=0.699 |
    35 | train=0.470609 | val=nan | psnr=nan | ssim=nan | lpips=nan | best=nan | lr=0.02 | gnorm=nan | Wμ=nan | Aμ=nan | t_train=7.48 | t_val=6.83 | mem=383.9 | psnr_b100=16.422, psnr_set14=16.180, psnr_set5=15.791, psnr_urban100=15.370, ssim_b100=0.143, ssim_set14=0.439, ssim_set5=0.308, ssim_urban100=0.737 |
    36 | train=0.379744 | val=nan | psnr=nan | ssim=nan | lpips=nan | best=nan | lr=0.02 | gnorm=nan | Wμ=nan | Aμ=nan | t_train=7.48 | t_val=6.84 | mem=383.9 | psnr_b100=16.982, psnr_set14=16.589, psnr_set5=17.093, psnr_urban100=16.019, ssim_b100=0.147, ssim_set14=0.336, ssim_set5=0.270, ssim_urban100=0.735 |
    37 | train=0.236365 | val=nan | psnr=nan | ssim=nan | lpips=nan | best=nan | lr=0.02 | gnorm=nan | Wμ=nan | Aμ=nan | t_train=7.49 | t_val=6.85 | mem=383.9 | psnr_b100=17.265, psnr_set14=17.105, psnr_set5=16.163, psnr_urban100=16.082, ssim_b100=0.179, ssim_set14=0.414, ssim_set5=0.287, ssim_urban100=0.711 |
    38 | train=0.201768 | val=nan | psnr=nan | ssim=nan | lpips=nan | best=nan | lr=0.02 | gnorm=nan | Wμ=nan | Aμ=nan | t_train=7.50 | t_val=6.84 | mem=383.9 | psnr_b100=19.315, psnr_set14=18.992, psnr_set5=18.193, psnr_urban100=17.736, ssim_b100=0.243, ssim_set14=0.452, ssim_set5=0.338, ssim_urban100=0.787 |
    39 | train=0.151985 | val=nan | psnr=nan | ssim=nan | lpips=nan | best=nan | lr=0.02 | gnorm=nan | Wμ=nan | Aμ=nan | t_train=7.48 | t_val=6.83 | mem=383.9 | psnr_b100=20.330, psnr_set14=20.101, psnr_set5=19.610, psnr_urban100=18.710, ssim_b100=0.291, ssim_set14=0.520, ssim_set5=0.398, ssim_urban100=0.815 |
    40 | train=0.147012 | val=nan | psnr=nan | ssim=nan | lpips=nan | best=nan | lr=0.02 | gnorm=nan | Wμ=nan | Aμ=nan | t_train=7.56 | t_val=6.91 | mem=383.9 | psnr_b100=20.544, psnr_set14=20.505, psnr_set5=19.988, psnr_urban100=19.031, ssim_b100=0.280, ssim_set14=0.575, ssim_set5=0.430, ssim_urban100=0.829 |
    41 | train=0.185368 | val=nan | psnr=nan | ssim=nan | lpips=nan | best=nan | lr=0.019964 | gnorm=nan | Wμ=nan | Aμ=nan | t_train=7.61 | t_val=6.93 | mem=383.9 | psnr_b100=17.749, psnr_set14=17.386, psnr_set5=16.758, psnr_urban100=16.309, ssim_b100=0.231, ssim_set14=0.467, ssim_set5=0.359, ssim_urban100=0.732 |
    42 | train=0.133699 | val=nan | psnr=nan | ssim=nan | lpips=nan | best=nan | lr=0.019926 | gnorm=nan | Wμ=nan | Aμ=nan | t_train=7.65 | t_val=6.92 | mem=383.9 | psnr_b100=20.134, psnr_set14=19.815, psnr_set5=19.625, psnr_urban100=18.524, ssim_b100=0.274, ssim_set14=0.465, ssim_set5=0.376, ssim_urban100=0.814 |
    43 | train=0.130627 | val=nan | psnr=nan | ssim=nan | lpips=nan | best=nan | lr=0.019888 | gnorm=nan | Wμ=nan | Aμ=nan | t_train=7.57 | t_val=6.92 | mem=383.9 | psnr_b100=19.801, psnr_set14=19.601, psnr_set5=19.315, psnr_urban100=18.368, ssim_b100=0.281, ssim_set14=0.522, ssim_set5=0.412, ssim_urban100=0.789 |
    44 | train=0.166421 | val=nan | psnr=nan | ssim=nan | lpips=nan | best=nan | lr=0.019851 | gnorm=nan | Wμ=nan | Aμ=nan | t_train=7.59 | t_val=6.94 | mem=383.9 | psnr_b100=18.100, psnr_set14=17.935, psnr_set5=16.983, psnr_urban100=16.671, ssim_b100=0.231, ssim_set14=0.537, ssim_set5=0.388, ssim_urban100=0.772 |
    45 | train=0.108742 | val=nan | psnr=nan | ssim=nan | lpips=nan | best=nan | lr=0.019813 | gnorm=nan | Wμ=nan | Aμ=nan | t_train=7.59 | t_val=6.95 | mem=383.9 | psnr_b100=19.874, psnr_set14=19.470, psnr_set5=19.168, psnr_urban100=18.235, ssim_b100=0.285, ssim_set14=0.542, ssim_set5=0.415, ssim_urban100=0.812 |
    46 | train=0.118853 | val=nan | psnr=nan | ssim=nan | lpips=nan | best=nan | lr=0.019775 | gnorm=nan | Wμ=nan | Aμ=nan | t_train=7.55 | t_val=6.91 | mem=383.9 | psnr_b100=22.244, psnr_set14=22.285, psnr_set5=22.723, psnr_urban100=20.669, ssim_b100=0.358, ssim_set14=0.583, ssim_set5=0.488, ssim_urban100=0.872 |
    47 | train=0.132320 | val=nan | psnr=nan | ssim=nan | lpips=nan | best=nan | lr=0.019738 | gnorm=nan | Wμ=nan | Aμ=nan | t_train=7.56 | t_val=6.91 | mem=383.9 | psnr_b100=22.007, psnr_set14=21.957, psnr_set5=22.234, psnr_urban100=20.437, ssim_b100=0.344, ssim_set14=0.588, ssim_set5=0.487, ssim_urban100=0.859 |
    48 | train=0.090065 | val=nan | psnr=nan | ssim=nan | lpips=nan | best=nan | lr=0.0197 | gnorm=nan | Wμ=nan | Aμ=nan | t_train=7.56 | t_val=6.92 | mem=383.9 | psnr_b100=20.872, psnr_set14=20.703, psnr_set5=21.205, psnr_urban100=19.594, ssim_b100=0.323, ssim_set14=0.586, ssim_set5=0.505, ssim_urban100=0.853 |
    49 | train=0.106189 | val=nan | psnr=nan | ssim=nan | lpips=nan | best=nan | lr=0.019663 | gnorm=nan | Wμ=nan | Aμ=nan | t_train=7.59 | t_val=6.95 | mem=383.9 | psnr_b100=22.463, psnr_set14=22.158, psnr_set5=22.404, psnr_urban100=20.552, ssim_b100=0.386, ssim_set14=0.636, ssim_set5=0.534, ssim_urban100=0.872 |
    50 | train=0.110364 | val=nan | psnr=nan | ssim=nan | lpips=nan | best=nan | lr=0.019626 | gnorm=nan | Wμ=nan | Aμ=nan | t_train=7.57 | t_val=6.93 | mem=383.9 | psnr_b100=22.472, psnr_set14=22.390, psnr_set5=22.609, psnr_urban100=20.682, ssim_b100=0.379, ssim_set14=0.625, ssim_set5=0.520, ssim_urban100=0.871 |
    51 | train=0.113032 | val=nan | psnr=nan | ssim=nan | lpips=nan | best=nan | lr=0.019588 | gnorm=nan | Wμ=nan | Aμ=nan | t_train=7.56 | t_val=6.92 | mem=383.9 | psnr_b100=22.074, psnr_set14=21.957, psnr_set5=21.691, psnr_urban100=20.222, ssim_b100=0.361, ssim_set14=0.611, ssim_set5=0.508, ssim_urban100=0.845 |
    52 | train=0.103999 | val=nan | psnr=nan | ssim=nan | lpips=nan | best=nan | lr=0.019551 | gnorm=nan | Wμ=nan | Aμ=nan | t_train=7.62 | t_val=6.97 | mem=383.9 | psnr_b100=21.261, psnr_set14=21.025, psnr_set5=20.963, psnr_urban100=19.490, ssim_b100=0.312, ssim_set14=0.534, ssim_set5=0.424, ssim_urban100=0.837 |
