     0 | train=nan | val=nan | lr=nan | t_train=nan | t_val=1.78 | mem=248.9 | psnr_b100=27.621, psnr_set14=28.302, psnr_set5=32.057, psnr_urban100=26.141, ssim_b100=0.738, ssim_set14=0.861, ssim_set5=0.906, ssim_urban100=0.963 |
     0 | train=nan | val=nan | lr=nan | t_train=nan | t_val=20.91 | mem=250.8 | psnr_b100=27.621, psnr_set14=28.302, psnr_set5=32.056, psnr_urban100=26.140, ssim_b100=0.738, ssim_set14=0.861, ssim_set5=0.906, ssim_urban100=0.963 |
     0 | train=nan | val=nan | lr=nan | t_train=nan | t_val=20.95 | mem=250.9 | psnr_b100=27.621, psnr_set14=28.303, psnr_set5=32.056, psnr_urban100=26.140, ssim_b100=0.738, ssim_set14=0.861, ssim_set5=0.906, ssim_urban100=0.963 |
     0 | train=nan | val=nan | lr=nan | t_train=nan | t_val=20.78 | mem=250.9 | psnr_b100=27.618, psnr_set14=28.302, psnr_set5=32.055, psnr_urban100=26.139, ssim_b100=0.738, ssim_set14=0.861, ssim_set5=0.906, ssim_urban100=0.963 |
# epoch | train_loss | val_loss | LR | t_train(s) | t_val(s) | gpu_mem(MB) | SRBench(psnr/ssim...)
     0 | train=nan | val=nan | lr=nan | t_train=nan | t_val=1.46 | mem=250.9 |
     0 | train=0.000665 | val=nan | lr=7.2e-05 | t_train=12.96 | t_val=12.18 | mem=383.9 | psnr_b100=27.619, psnr_set14=28.301, psnr_set5=32.346, psnr_urban100=26.139, ssim_b100=0.738, ssim_set14=0.861, ssim_set5=0.914, ssim_urban100=0.963 |
     1 | train=0.000749 | val=nan | lr=0.000148 | t_train=12.76 | t_val=12.11 | mem=383.9 | psnr_b100=27.618, psnr_set14=28.297, psnr_set5=32.344, psnr_urban100=26.137, ssim_b100=0.738, ssim_set14=0.861, ssim_set5=0.914, ssim_urban100=0.963 |
     2 | train=0.000685 | val=nan | lr=0.000224 | t_train=12.90 | t_val=12.14 | mem=383.9 | psnr_b100=27.618, psnr_set14=28.301, psnr_set5=32.341, psnr_urban100=26.133, ssim_b100=0.738, ssim_set14=0.861, ssim_set5=0.914, ssim_urban100=0.963 |
     3 | train=0.000809 | val=nan | lr=0.0003 | t_train=12.76 | t_val=12.11 | mem=383.9 | psnr_b100=27.617, psnr_set14=28.296, psnr_set5=32.341, psnr_urban100=26.137, ssim_b100=0.738, ssim_set14=0.861, ssim_set5=0.914, ssim_urban100=0.963 |
     4 | train=0.000899 | val=nan | lr=0.000376 | t_train=12.79 | t_val=12.14 | mem=383.9 | psnr_b100=27.616, psnr_set14=28.301, psnr_set5=32.338, psnr_urban100=26.130, ssim_b100=0.738, ssim_set14=0.861, ssim_set5=0.914, ssim_urban100=0.963 |
     5 | train=0.000961 | val=nan | lr=0.000452 | t_train=12.78 | t_val=12.12 | mem=383.9 | psnr_b100=27.616, psnr_set14=28.303, psnr_set5=32.339, psnr_urban100=26.141, ssim_b100=0.738, ssim_set14=0.861, ssim_set5=0.914, ssim_urban100=0.963 |
     6 | train=0.000960 | val=nan | lr=0.000528 | t_train=12.72 | t_val=12.07 | mem=383.9 | psnr_b100=27.617, psnr_set14=28.291, psnr_set5=32.346, psnr_urban100=26.136, ssim_b100=0.738, ssim_set14=0.861, ssim_set5=0.914, ssim_urban100=0.963 |
     7 | train=0.001121 | val=nan | lr=0.000604 | t_train=12.78 | t_val=12.13 | mem=383.9 | psnr_b100=27.613, psnr_set14=28.291, psnr_set5=32.332, psnr_urban100=26.130, ssim_b100=0.737, ssim_set14=0.861, ssim_set5=0.914, ssim_urban100=0.963 |
     8 | train=0.001106 | val=nan | lr=0.00068 | t_train=12.77 | t_val=12.12 | mem=383.9 | psnr_b100=27.615, psnr_set14=28.292, psnr_set5=32.342, psnr_urban100=26.121, ssim_b100=0.738, ssim_set14=0.861, ssim_set5=0.914, ssim_urban100=0.963 |
     9 | train=0.001161 | val=nan | lr=0.000756 | t_train=12.78 | t_val=12.12 | mem=383.9 | psnr_b100=27.608, psnr_set14=28.279, psnr_set5=32.317, psnr_urban100=26.117, ssim_b100=0.738, ssim_set14=0.861, ssim_set5=0.914, ssim_urban100=0.963 |
    10 | train=0.001117 | val=nan | lr=0.000832 | t_train=12.74 | t_val=12.09 | mem=383.9 | psnr_b100=27.613, psnr_set14=28.310, psnr_set5=32.345, psnr_urban100=26.128, ssim_b100=0.737, ssim_set14=0.861, ssim_set5=0.914, ssim_urban100=0.963 |
    11 | train=0.001806 | val=nan | lr=0.000908 | t_train=12.77 | t_val=12.11 | mem=383.9 | psnr_b100=27.593, psnr_set14=28.287, psnr_set5=32.315, psnr_urban100=26.094, ssim_b100=0.737, ssim_set14=0.861, ssim_set5=0.914, ssim_urban100=0.963 |
    12 | train=0.001992 | val=nan | lr=0.000984 | t_train=12.80 | t_val=12.14 | mem=383.9 | psnr_b100=27.584, psnr_set14=28.251, psnr_set5=32.283, psnr_urban100=26.084, ssim_b100=0.737, ssim_set14=0.860, ssim_set5=0.914, ssim_urban100=0.962 |
    13 | train=0.001757 | val=nan | lr=0.00106 | t_train=12.74 | t_val=12.07 | mem=383.9 | psnr_b100=27.593, psnr_set14=28.297, psnr_set5=32.316, psnr_urban100=26.076, ssim_b100=0.737, ssim_set14=0.861, ssim_set5=0.914, ssim_urban100=0.962 |
    14 | train=0.001708 | val=nan | lr=0.001136 | t_train=12.72 | t_val=12.07 | mem=383.9 | psnr_b100=27.599, psnr_set14=28.311, psnr_set5=32.353, psnr_urban100=26.089, ssim_b100=0.737, ssim_set14=0.861, ssim_set5=0.914, ssim_urban100=0.962 |
    15 | train=0.001721 | val=nan | lr=0.001212 | t_train=12.69 | t_val=12.05 | mem=383.9 | psnr_b100=27.607, psnr_set14=28.284, psnr_set5=32.331, psnr_urban100=26.091, ssim_b100=0.737, ssim_set14=0.861, ssim_set5=0.914, ssim_urban100=0.962 |
    16 | train=0.001970 | val=nan | lr=0.001288 | t_train=12.70 | t_val=12.04 | mem=383.9 | psnr_b100=27.587, psnr_set14=28.250, psnr_set5=32.301, psnr_urban100=26.051, ssim_b100=0.737, ssim_set14=0.860, ssim_set5=0.914, ssim_urban100=0.961 |
    17 | train=0.001964 | val=nan | lr=0.001364 | t_train=12.74 | t_val=12.09 | mem=383.9 | psnr_b100=27.586, psnr_set14=28.252, psnr_set5=32.308, psnr_urban100=26.072, ssim_b100=0.737, ssim_set14=0.860, ssim_set5=0.914, ssim_urban100=0.962 |
    18 | train=0.001600 | val=nan | lr=0.00144 | t_train=12.72 | t_val=12.07 | mem=383.9 | psnr_b100=27.578, psnr_set14=28.274, psnr_set5=32.315, psnr_urban100=26.036, ssim_b100=0.736, ssim_set14=0.860, ssim_set5=0.914, ssim_urban100=0.962 |
    19 | train=0.002218 | val=nan | lr=0.001516 | t_train=12.74 | t_val=12.08 | mem=383.9 | psnr_b100=27.582, psnr_set14=28.253, psnr_set5=32.340, psnr_urban100=26.057, ssim_b100=0.737, ssim_set14=0.860, ssim_set5=0.914, ssim_urban100=0.962 |
    20 | train=0.001991 | val=nan | lr=0.001592 | t_train=12.73 | t_val=12.09 | mem=383.9 | psnr_b100=27.584, psnr_set14=28.273, psnr_set5=32.340, psnr_urban100=26.043, ssim_b100=0.736, ssim_set14=0.860, ssim_set5=0.914, ssim_urban100=0.962 |
    21 | train=0.002745 | val=nan | lr=0.001668 | t_train=12.70 | t_val=12.05 | mem=383.9 | psnr_b100=27.557, psnr_set14=28.252, psnr_set5=32.308, psnr_urban100=25.996, ssim_b100=0.736, ssim_set14=0.860, ssim_set5=0.914, ssim_urban100=0.961 |
    22 | train=0.002425 | val=nan | lr=0.001744 | t_train=12.73 | t_val=12.08 | mem=383.9 | psnr_b100=27.567, psnr_set14=28.204, psnr_set5=32.289, psnr_urban100=26.052, ssim_b100=0.736, ssim_set14=0.860, ssim_set5=0.914, ssim_urban100=0.962 |
    23 | train=0.002832 | val=nan | lr=0.00182 | t_train=12.86 | t_val=12.11 | mem=383.9 | psnr_b100=27.566, psnr_set14=28.231, psnr_set5=32.275, psnr_urban100=26.030, ssim_b100=0.736, ssim_set14=0.860, ssim_set5=0.914, ssim_urban100=0.962 |
    24 | train=0.003841 | val=nan | lr=0.001896 | t_train=12.84 | t_val=12.18 | mem=383.9 | psnr_b100=27.563, psnr_set14=28.239, psnr_set5=32.293, psnr_urban100=25.987, ssim_b100=0.736, ssim_set14=0.860, ssim_set5=0.914, ssim_urban100=0.961 |
    25 | train=0.002241 | val=nan | lr=0.001972 | t_train=12.77 | t_val=12.11 | mem=383.9 | psnr_b100=27.561, psnr_set14=28.246, psnr_set5=32.296, psnr_urban100=26.026, ssim_b100=0.735, ssim_set14=0.860, ssim_set5=0.914, ssim_urban100=0.961 |
    26 | train=0.003375 | val=nan | lr=0.002 | t_train=12.78 | t_val=12.13 | mem=383.9 | psnr_b100=27.561, psnr_set14=28.223, psnr_set5=32.239, psnr_urban100=26.023, ssim_b100=0.736, ssim_set14=0.860, ssim_set5=0.913, ssim_urban100=0.961 |
    27 | train=0.004144 | val=nan | lr=0.002 | t_train=12.76 | t_val=12.11 | mem=383.9 | psnr_b100=27.516, psnr_set14=28.152, psnr_set5=32.243, psnr_urban100=25.919, ssim_b100=0.735, ssim_set14=0.859, ssim_set5=0.913, ssim_urban100=0.961 |
    28 | train=0.004736 | val=nan | lr=0.002 | t_train=12.79 | t_val=12.11 | mem=383.9 | psnr_b100=27.500, psnr_set14=28.180, psnr_set5=32.200, psnr_urban100=25.918, ssim_b100=0.734, ssim_set14=0.859, ssim_set5=0.912, ssim_urban100=0.961 |
    29 | train=0.005848 | val=nan | lr=0.002 | t_train=12.77 | t_val=12.10 | mem=383.9 | psnr_b100=27.545, psnr_set14=28.220, psnr_set5=32.293, psnr_urban100=25.962, ssim_b100=0.735, ssim_set14=0.859, ssim_set5=0.914, ssim_urban100=0.961 |
    30 | train=0.006594 | val=nan | lr=0.002 | t_train=12.69 | t_val=12.03 | mem=383.9 | psnr_b100=27.527, psnr_set14=28.199, psnr_set5=32.211, psnr_urban100=25.923, ssim_b100=0.735, ssim_set14=0.859, ssim_set5=0.913, ssim_urban100=0.961 |
    31 | train=0.008032 | val=nan | lr=0.002 | t_train=12.76 | t_val=12.10 | mem=383.9 | psnr_b100=27.509, psnr_set14=28.141, psnr_set5=32.211, psnr_urban100=25.857, ssim_b100=0.734, ssim_set14=0.859, ssim_set5=0.913, ssim_urban100=0.960 |
    32 | train=0.009810 | val=nan | lr=0.002 | t_train=12.73 | t_val=12.09 | mem=383.9 | psnr_b100=27.512, psnr_set14=28.162, psnr_set5=32.248, psnr_urban100=25.848, ssim_b100=0.735, ssim_set14=0.859, ssim_set5=0.913, ssim_urban100=0.960 |
    33 | train=0.008807 | val=nan | lr=0.002 | t_train=12.79 | t_val=12.13 | mem=383.9 | psnr_b100=27.534, psnr_set14=28.181, psnr_set5=32.256, psnr_urban100=25.886, ssim_b100=0.735, ssim_set14=0.859, ssim_set5=0.913, ssim_urban100=0.961 |
    34 | train=0.011816 | val=nan | lr=0.002 | t_train=12.81 | t_val=12.08 | mem=383.9 | psnr_b100=27.494, psnr_set14=28.152, psnr_set5=32.254, psnr_urban100=25.889, ssim_b100=0.734, ssim_set14=0.858, ssim_set5=0.913, ssim_urban100=0.960 |
    35 | train=0.012824 | val=nan | lr=0.002 | t_train=12.80 | t_val=12.15 | mem=383.9 | psnr_b100=27.473, psnr_set14=28.137, psnr_set5=32.175, psnr_urban100=25.826, ssim_b100=0.734, ssim_set14=0.859, ssim_set5=0.912, ssim_urban100=0.960 |
    36 | train=0.012418 | val=nan | lr=0.002 | t_train=12.77 | t_val=12.12 | mem=383.9 | psnr_b100=27.509, psnr_set14=28.191, psnr_set5=32.192, psnr_urban100=25.905, ssim_b100=0.735, ssim_set14=0.859, ssim_set5=0.913, ssim_urban100=0.961 |
    37 | train=0.013806 | val=nan | lr=0.002 | t_train=12.76 | t_val=12.10 | mem=383.9 | psnr_b100=27.466, psnr_set14=28.117, psnr_set5=32.147, psnr_urban100=25.839, ssim_b100=0.734, ssim_set14=0.858, ssim_set5=0.912, ssim_urban100=0.960 |
    38 | train=0.013723 | val=nan | lr=0.002 | t_train=12.74 | t_val=12.09 | mem=383.9 | psnr_b100=27.493, psnr_set14=28.185, psnr_set5=32.146, psnr_urban100=25.879, ssim_b100=0.733, ssim_set14=0.859, ssim_set5=0.912, ssim_urban100=0.960 |
    39 | train=0.014606 | val=nan | lr=0.002 | t_train=12.77 | t_val=12.11 | mem=383.9 | psnr_b100=27.494, psnr_set14=28.153, psnr_set5=32.199, psnr_urban100=25.875, ssim_b100=0.734, ssim_set14=0.858, ssim_set5=0.912, ssim_urban100=0.960 |
    40 | train=0.016208 | val=nan | lr=0.002 | t_train=12.78 | t_val=12.12 | mem=383.9 | psnr_b100=27.467, psnr_set14=28.145, psnr_set5=32.231, psnr_urban100=25.773, ssim_b100=0.733, ssim_set14=0.858, ssim_set5=0.913, ssim_urban100=0.960 |
    41 | train=0.017702 | val=nan | lr=0.002 | t_train=12.75 | t_val=12.09 | mem=383.9 | psnr_b100=27.487, psnr_set14=28.166, psnr_set5=32.131, psnr_urban100=25.813, ssim_b100=0.733, ssim_set14=0.858, ssim_set5=0.911, ssim_urban100=0.959 |
    42 | train=0.016745 | val=nan | lr=0.002 | t_train=12.78 | t_val=12.13 | mem=383.9 | psnr_b100=27.457, psnr_set14=28.116, psnr_set5=32.140, psnr_urban100=25.769, ssim_b100=0.733, ssim_set14=0.858, ssim_set5=0.912, ssim_urban100=0.959 |
    43 | train=0.017826 | val=nan | lr=0.002 | t_train=12.74 | t_val=12.09 | mem=383.9 | psnr_b100=27.442, psnr_set14=28.087, psnr_set5=32.205, psnr_urban100=25.713, ssim_b100=0.733, ssim_set14=0.858, ssim_set5=0.912, ssim_urban100=0.959 |
    44 | train=0.019442 | val=nan | lr=0.002 | t_train=12.87 | t_val=12.16 | mem=383.9 | psnr_b100=27.414, psnr_set14=28.047, psnr_set5=32.099, psnr_urban100=25.699, ssim_b100=0.732, ssim_set14=0.857, ssim_set5=0.911, ssim_urban100=0.958 |
    45 | train=0.019328 | val=nan | lr=0.002 | t_train=12.80 | t_val=12.15 | mem=383.9 | psnr_b100=27.455, psnr_set14=28.139, psnr_set5=32.184, psnr_urban100=25.765, ssim_b100=0.733, ssim_set14=0.858, ssim_set5=0.912, ssim_urban100=0.959 |
    46 | train=0.020097 | val=nan | lr=0.002 | t_train=12.75 | t_val=12.09 | mem=383.9 | psnr_b100=27.408, psnr_set14=28.069, psnr_set5=32.120, psnr_urban100=25.685, ssim_b100=0.732, ssim_set14=0.857, ssim_set5=0.911, ssim_urban100=0.958 |
    47 | train=0.021452 | val=nan | lr=0.002 | t_train=12.70 | t_val=12.04 | mem=383.9 | psnr_b100=27.418, psnr_set14=28.038, psnr_set5=32.114, psnr_urban100=25.621, ssim_b100=0.732, ssim_set14=0.857, ssim_set5=0.911, ssim_urban100=0.957 |
    48 | train=0.022280 | val=nan | lr=0.002 | t_train=12.80 | t_val=12.14 | mem=383.9 | psnr_b100=27.399, psnr_set14=28.071, psnr_set5=32.074, psnr_urban100=25.677, ssim_b100=0.731, ssim_set14=0.857, ssim_set5=0.910, ssim_urban100=0.958 |
    49 | train=0.022140 | val=nan | lr=0.002 | t_train=12.77 | t_val=12.11 | mem=383.9 | psnr_b100=27.399, psnr_set14=28.064, psnr_set5=32.121, psnr_urban100=25.661, ssim_b100=0.732, ssim_set14=0.857, ssim_set5=0.911, ssim_urban100=0.958 |
    50 | train=0.022855 | val=nan | lr=0.002 | t_train=12.79 | t_val=12.13 | mem=383.9 | psnr_b100=27.368, psnr_set14=27.992, psnr_set5=32.063, psnr_urban100=25.558, ssim_b100=0.731, ssim_set14=0.856, ssim_set5=0.911, ssim_urban100=0.957 |
    51 | train=0.023473 | val=nan | lr=0.002 | t_train=12.77 | t_val=12.11 | mem=383.9 | psnr_b100=27.424, psnr_set14=28.056, psnr_set5=32.149, psnr_urban100=25.679, ssim_b100=0.732, ssim_set14=0.857, ssim_set5=0.911, ssim_urban100=0.958 |
    52 | train=0.026435 | val=nan | lr=0.002 | t_train=12.74 | t_val=12.09 | mem=383.9 | psnr_b100=27.383, psnr_set14=27.995, psnr_set5=32.091, psnr_urban100=25.575, ssim_b100=0.731, ssim_set14=0.856, ssim_set5=0.910, ssim_urban100=0.957 |
    53 | train=0.024993 | val=nan | lr=0.002 | t_train=12.78 | t_val=12.13 | mem=383.9 | psnr_b100=27.390, psnr_set14=28.017, psnr_set5=32.113, psnr_urban100=25.652, ssim_b100=0.731, ssim_set14=0.857, ssim_set5=0.911, ssim_urban100=0.958 |
    54 | train=0.025519 | val=nan | lr=0.002 | t_train=12.83 | t_val=12.09 | mem=383.9 | psnr_b100=27.373, psnr_set14=28.002, psnr_set5=32.068, psnr_urban100=25.583, ssim_b100=0.730, ssim_set14=0.856, ssim_set5=0.910, ssim_urban100=0.957 |
    55 | train=0.026607 | val=nan | lr=0.002 | t_train=12.75 | t_val=12.10 | mem=383.9 | psnr_b100=27.302, psnr_set14=27.967, psnr_set5=31.972, psnr_urban100=25.522, ssim_b100=0.729, ssim_set14=0.856, ssim_set5=0.910, ssim_urban100=0.956 |
    56 | train=0.026745 | val=nan | lr=0.002 | t_train=12.71 | t_val=12.06 | mem=383.9 | psnr_b100=27.344, psnr_set14=27.997, psnr_set5=32.065, psnr_urban100=25.551, ssim_b100=0.730, ssim_set14=0.856, ssim_set5=0.911, ssim_urban100=0.957 |
    57 | train=0.027811 | val=nan | lr=0.002 | t_train=12.76 | t_val=12.10 | mem=383.9 | psnr_b100=27.355, psnr_set14=28.037, psnr_set5=32.066, psnr_urban100=25.566, ssim_b100=0.730, ssim_set14=0.856, ssim_set5=0.910, ssim_urban100=0.957 |
    58 | train=0.027587 | val=nan | lr=0.002 | t_train=12.72 | t_val=12.05 | mem=383.9 | psnr_b100=27.342, psnr_set14=28.020, psnr_set5=32.014, psnr_urban100=25.501, ssim_b100=0.730, ssim_set14=0.856, ssim_set5=0.910, ssim_urban100=0.957 |
    59 | train=0.027545 | val=nan | lr=0.002 | t_train=12.73 | t_val=12.08 | mem=383.9 | psnr_b100=27.391, psnr_set14=28.033, psnr_set5=32.102, psnr_urban100=25.597, ssim_b100=0.731, ssim_set14=0.857, ssim_set5=0.911, ssim_urban100=0.957 |
    60 | train=0.028667 | val=nan | lr=0.002 | t_train=12.73 | t_val=12.09 | mem=383.9 | psnr_b100=27.374, psnr_set14=28.017, psnr_set5=32.002, psnr_urban100=25.561, ssim_b100=0.731, ssim_set14=0.857, ssim_set5=0.909, ssim_urban100=0.957 |
    61 | train=0.029175 | val=nan | lr=0.002 | t_train=12.77 | t_val=12.11 | mem=383.9 | psnr_b100=27.315, psnr_set14=27.926, psnr_set5=31.887, psnr_urban100=25.480, ssim_b100=0.729, ssim_set14=0.856, ssim_set5=0.908, ssim_urban100=0.957 |
    62 | train=0.029577 | val=nan | lr=0.002 | t_train=12.80 | t_val=12.15 | mem=383.9 | psnr_b100=27.361, psnr_set14=27.980, psnr_set5=31.987, psnr_urban100=25.521, ssim_b100=0.730, ssim_set14=0.856, ssim_set5=0.909, ssim_urban100=0.957 |
    63 | train=0.030075 | val=nan | lr=0.002 | t_train=12.76 | t_val=12.10 | mem=383.9 | psnr_b100=27.352, psnr_set14=28.024, psnr_set5=31.982, psnr_urban100=25.524, ssim_b100=0.729, ssim_set14=0.856, ssim_set5=0.909, ssim_urban100=0.957 |
    64 | train=0.031300 | val=nan | lr=0.002 | t_train=12.75 | t_val=12.10 | mem=383.9 | psnr_b100=27.382, psnr_set14=28.050, psnr_set5=32.003, psnr_urban100=25.572, ssim_b100=0.731, ssim_set14=0.857, ssim_set5=0.909, ssim_urban100=0.957 |
    65 | train=0.030847 | val=nan | lr=0.002 | t_train=12.85 | t_val=12.11 | mem=383.9 | psnr_b100=27.397, psnr_set14=28.059, psnr_set5=32.069, psnr_urban100=25.638, ssim_b100=0.730, ssim_set14=0.857, ssim_set5=0.910, ssim_urban100=0.958 |
    66 | train=0.030723 | val=nan | lr=0.002 | t_train=12.79 | t_val=12.14 | mem=383.9 | psnr_b100=27.395, psnr_set14=28.013, psnr_set5=32.036, psnr_urban100=25.600, ssim_b100=0.731, ssim_set14=0.857, ssim_set5=0.910, ssim_urban100=0.958 |
    67 | train=0.030279 | val=nan | lr=0.002 | t_train=12.77 | t_val=12.12 | mem=383.9 | psnr_b100=27.383, psnr_set14=28.046, psnr_set5=32.009, psnr_urban100=25.580, ssim_b100=0.730, ssim_set14=0.857, ssim_set5=0.909, ssim_urban100=0.958 |
    68 | train=0.030613 | val=nan | lr=0.002 | t_train=12.76 | t_val=12.11 | mem=383.9 | psnr_b100=27.354, psnr_set14=28.001, psnr_set5=31.959, psnr_urban100=25.516, ssim_b100=0.729, ssim_set14=0.856, ssim_set5=0.908, ssim_urban100=0.957 |
    69 | train=0.031762 | val=nan | lr=0.002 | t_train=12.71 | t_val=12.07 | mem=383.9 | psnr_b100=27.356, psnr_set14=27.963, psnr_set5=31.921, psnr_urban100=25.531, ssim_b100=0.729, ssim_set14=0.856, ssim_set5=0.908, ssim_urban100=0.957 |
    70 | train=0.030441 | val=nan | lr=0.002 | t_train=12.76 | t_val=12.10 | mem=383.9 | psnr_b100=27.361, psnr_set14=28.035, psnr_set5=31.972, psnr_urban100=25.549, ssim_b100=0.730, ssim_set14=0.856, ssim_set5=0.909, ssim_urban100=0.957 |
    71 | train=0.030760 | val=nan | lr=0.002 | t_train=12.71 | t_val=12.06 | mem=383.9 | psnr_b100=27.393, psnr_set14=28.075, psnr_set5=32.012, psnr_urban100=25.586, ssim_b100=0.731, ssim_set14=0.857, ssim_set5=0.909, ssim_urban100=0.958 |
    72 | train=0.031004 | val=nan | lr=0.002 | t_train=12.74 | t_val=12.09 | mem=383.9 | psnr_b100=27.311, psnr_set14=27.984, psnr_set5=31.834, psnr_urban100=25.437, ssim_b100=0.729, ssim_set14=0.855, ssim_set5=0.907, ssim_urban100=0.956 |
    73 | train=0.030955 | val=nan | lr=0.002 | t_train=12.77 | t_val=12.12 | mem=383.9 | psnr_b100=27.333, psnr_set14=27.969, psnr_set5=31.864, psnr_urban100=25.431, ssim_b100=0.729, ssim_set14=0.855, ssim_set5=0.907, ssim_urban100=0.956 |
    74 | train=0.030160 | val=nan | lr=0.002 | t_train=12.76 | t_val=12.11 | mem=383.9 | psnr_b100=27.337, psnr_set14=27.962, psnr_set5=31.832, psnr_urban100=25.454, ssim_b100=0.729, ssim_set14=0.855, ssim_set5=0.907, ssim_urban100=0.957 |
    75 | train=0.030300 | val=nan | lr=0.002 | t_train=12.72 | t_val=12.07 | mem=383.9 | psnr_b100=27.325, psnr_set14=27.959, psnr_set5=31.828, psnr_urban100=25.427, ssim_b100=0.729, ssim_set14=0.855, ssim_set5=0.907, ssim_urban100=0.956 |
    76 | train=0.029878 | val=nan | lr=0.002 | t_train=12.76 | t_val=12.10 | mem=383.9 | psnr_b100=27.372, psnr_set14=28.016, psnr_set5=31.876, psnr_urban100=25.484, ssim_b100=0.730, ssim_set14=0.856, ssim_set5=0.908, ssim_urban100=0.956 |
    77 | train=0.029950 | val=nan | lr=0.002 | t_train=12.73 | t_val=12.08 | mem=383.9 | psnr_b100=27.407, psnr_set14=28.088, psnr_set5=32.001, psnr_urban100=25.551, ssim_b100=0.731, ssim_set14=0.857, ssim_set5=0.909, ssim_urban100=0.957 |
    78 | train=0.029072 | val=nan | lr=0.002 | t_train=12.75 | t_val=12.08 | mem=383.9 | psnr_b100=27.357, psnr_set14=27.970, psnr_set5=31.909, psnr_urban100=25.473, ssim_b100=0.730, ssim_set14=0.855, ssim_set5=0.908, ssim_urban100=0.956 |
    79 | train=0.028530 | val=nan | lr=0.002 | t_train=12.73 | t_val=12.08 | mem=383.9 | psnr_b100=27.307, psnr_set14=27.912, psnr_set5=31.734, psnr_urban100=25.357, ssim_b100=0.728, ssim_set14=0.854, ssim_set5=0.905, ssim_urban100=0.955 |
    80 | train=0.030217 | val=nan | lr=0.002 | t_train=12.73 | t_val=12.08 | mem=383.9 | psnr_b100=27.293, psnr_set14=27.908, psnr_set5=31.768, psnr_urban100=25.316, ssim_b100=0.728, ssim_set14=0.854, ssim_set5=0.906, ssim_urban100=0.955 |
    81 | train=0.030122 | val=nan | lr=0.002 | t_train=12.72 | t_val=12.07 | mem=383.9 | psnr_b100=27.266, psnr_set14=27.822, psnr_set5=31.685, psnr_urban100=25.280, ssim_b100=0.727, ssim_set14=0.853, ssim_set5=0.904, ssim_urban100=0.955 |
    82 | train=0.028679 | val=nan | lr=0.002 | t_train=12.76 | t_val=12.10 | mem=383.9 | psnr_b100=27.326, psnr_set14=27.975, psnr_set5=31.812, psnr_urban100=25.386, ssim_b100=0.728, ssim_set14=0.855, ssim_set5=0.906, ssim_urban100=0.955 |
    83 | train=0.027935 | val=nan | lr=0.002 | t_train=12.76 | t_val=12.10 | mem=383.9 | psnr_b100=27.314, psnr_set14=27.939, psnr_set5=31.790, psnr_urban100=25.410, ssim_b100=0.728, ssim_set14=0.854, ssim_set5=0.906, ssim_urban100=0.956 |
    84 | train=0.027522 | val=nan | lr=0.002 | t_train=12.72 | t_val=12.08 | mem=383.9 | psnr_b100=27.292, psnr_set14=27.896, psnr_set5=31.720, psnr_urban100=25.329, ssim_b100=0.728, ssim_set14=0.854, ssim_set5=0.905, ssim_urban100=0.955 |
    85 | train=0.025938 | val=nan | lr=0.002 | t_train=12.84 | t_val=12.11 | mem=383.9 | psnr_b100=27.313, psnr_set14=27.913, psnr_set5=31.716, psnr_urban100=25.352, ssim_b100=0.728, ssim_set14=0.855, ssim_set5=0.906, ssim_urban100=0.955 |
    86 | train=0.026410 | val=nan | lr=0.002 | t_train=12.78 | t_val=12.12 | mem=383.9 | psnr_b100=27.270, psnr_set14=27.823, psnr_set5=31.630, psnr_urban100=25.314, ssim_b100=0.727, ssim_set14=0.853, ssim_set5=0.904, ssim_urban100=0.955 |
    87 | train=0.025633 | val=nan | lr=0.002 | t_train=12.82 | t_val=12.12 | mem=383.9 | psnr_b100=27.214, psnr_set14=27.764, psnr_set5=31.341, psnr_urban100=25.213, ssim_b100=0.725, ssim_set14=0.852, ssim_set5=0.898, ssim_urban100=0.954 |
    88 | train=0.025057 | val=nan | lr=0.002 | t_train=12.70 | t_val=12.05 | mem=383.9 | psnr_b100=27.255, psnr_set14=27.831, psnr_set5=31.593, psnr_urban100=25.235, ssim_b100=0.726, ssim_set14=0.853, ssim_set5=0.904, ssim_urban100=0.954 |
    89 | train=0.023590 | val=nan | lr=0.002 | t_train=12.76 | t_val=12.10 | mem=383.9 | psnr_b100=27.186, psnr_set14=27.730, psnr_set5=31.490, psnr_urban100=25.150, ssim_b100=0.725, ssim_set14=0.851, ssim_set5=0.901, ssim_urban100=0.953 |
    90 | train=0.023274 | val=nan | lr=0.002 | t_train=12.74 | t_val=12.08 | mem=383.9 | psnr_b100=27.226, psnr_set14=27.761, psnr_set5=31.527, psnr_urban100=25.160, ssim_b100=0.725, ssim_set14=0.852, ssim_set5=0.902, ssim_urban100=0.952 |
    91 | train=0.023010 | val=nan | lr=0.002 | t_train=12.74 | t_val=12.09 | mem=383.9 | psnr_b100=27.122, psnr_set14=27.655, psnr_set5=31.375, psnr_urban100=24.988, ssim_b100=0.722, ssim_set14=0.849, ssim_set5=0.900, ssim_urban100=0.950 |
    92 | train=0.023174 | val=nan | lr=0.002 | t_train=12.77 | t_val=12.12 | mem=383.9 | psnr_b100=27.277, psnr_set14=27.899, psnr_set5=31.736, psnr_urban100=25.250, ssim_b100=0.727, ssim_set14=0.853, ssim_set5=0.905, ssim_urban100=0.954 |
    93 | train=0.020743 | val=nan | lr=0.002 | t_train=12.95 | t_val=12.30 | mem=383.9 | psnr_b100=27.153, psnr_set14=27.738, psnr_set5=31.434, psnr_urban100=25.065, ssim_b100=0.723, ssim_set14=0.851, ssim_set5=0.902, ssim_urban100=0.950 |
    94 | train=0.021155 | val=nan | lr=0.002 | t_train=12.86 | t_val=12.13 | mem=383.9 | psnr_b100=27.022, psnr_set14=27.478, psnr_set5=31.071, psnr_urban100=24.800, ssim_b100=0.720, ssim_set14=0.848, ssim_set5=0.897, ssim_urban100=0.948 |
    95 | train=0.020561 | val=nan | lr=0.002 | t_train=12.74 | t_val=12.09 | mem=383.9 | psnr_b100=27.154, psnr_set14=27.713, psnr_set5=31.475, psnr_urban100=25.032, ssim_b100=0.724, ssim_set14=0.851, ssim_set5=0.902, ssim_urban100=0.951 |
    96 | train=0.018976 | val=nan | lr=0.002 | t_train=12.80 | t_val=12.13 | mem=383.9 | psnr_b100=27.194, psnr_set14=27.781, psnr_set5=31.530, psnr_urban100=25.082, ssim_b100=0.724, ssim_set14=0.852, ssim_set5=0.903, ssim_urban100=0.952 |
    97 | train=0.017912 | val=nan | lr=0.002 | t_train=12.89 | t_val=12.17 | mem=383.9 | psnr_b100=27.122, psnr_set14=27.686, psnr_set5=31.338, psnr_urban100=24.998, ssim_b100=0.722, ssim_set14=0.850, ssim_set5=0.900, ssim_urban100=0.951 |
    98 | train=0.016905 | val=nan | lr=0.002 | t_train=12.76 | t_val=12.11 | mem=383.9 | psnr_b100=27.116, psnr_set14=27.614, psnr_set5=31.349, psnr_urban100=24.998, ssim_b100=0.722, ssim_set14=0.850, ssim_set5=0.901, ssim_urban100=0.950 |
    99 | train=0.017659 | val=nan | lr=0.002 | t_train=12.76 | t_val=12.11 | mem=383.9 | psnr_b100=27.012, psnr_set14=27.465, psnr_set5=31.116, psnr_urban100=24.775, ssim_b100=0.719, ssim_set14=0.847, ssim_set5=0.897, ssim_urban100=0.948 |
   100 | train=0.014971 | val=nan | lr=0.002 | t_train=12.79 | t_val=12.14 | mem=383.9 | psnr_b100=27.131, psnr_set14=27.699, psnr_set5=31.373, psnr_urban100=24.992, ssim_b100=0.723, ssim_set14=0.850, ssim_set5=0.901, ssim_urban100=0.949 |
   101 | train=0.015293 | val=nan | lr=0.002 | t_train=12.77 | t_val=12.11 | mem=383.9 | psnr_b100=27.076, psnr_set14=27.613, psnr_set5=31.388, psnr_urban100=24.944, ssim_b100=0.721, ssim_set14=0.850, ssim_set5=0.901, ssim_urban100=0.949 |
   102 | train=0.015265 | val=nan | lr=0.002 | t_train=12.79 | t_val=12.14 | mem=383.9 | psnr_b100=27.041, psnr_set14=27.558, psnr_set5=31.263, psnr_urban100=24.935, ssim_b100=0.720, ssim_set14=0.848, ssim_set5=0.898, ssim_urban100=0.949 |
   103 | train=0.013053 | val=nan | lr=0.002 | t_train=12.82 | t_val=12.17 | mem=383.9 | psnr_b100=27.050, psnr_set14=27.511, psnr_set5=31.385, psnr_urban100=24.902, ssim_b100=0.720, ssim_set14=0.847, ssim_set5=0.900, ssim_urban100=0.948 |
   104 | train=0.012978 | val=nan | lr=0.002 | t_train=12.74 | t_val=12.09 | mem=383.9 | psnr_b100=27.013, psnr_set14=27.495, psnr_set5=31.327, psnr_urban100=24.833, ssim_b100=0.719, ssim_set14=0.847, ssim_set5=0.899, ssim_urban100=0.948 |
   105 | train=0.012194 | val=nan | lr=0.002 | t_train=12.72 | t_val=12.07 | mem=383.9 | psnr_b100=27.007, psnr_set14=27.481, psnr_set5=31.241, psnr_urban100=24.850, ssim_b100=0.718, ssim_set14=0.847, ssim_set5=0.898, ssim_urban100=0.948 |
   106 | train=0.012709 | val=nan | lr=0.002 | t_train=12.76 | t_val=12.10 | mem=383.9 | psnr_b100=26.740, psnr_set14=27.138, psnr_set5=30.921, psnr_urban100=24.478, ssim_b100=0.712, ssim_set14=0.840, ssim_set5=0.896, ssim_urban100=0.943 |
   107 | train=0.011379 | val=nan | lr=0.002 | t_train=12.78 | t_val=12.13 | mem=383.9 | psnr_b100=26.849, psnr_set14=27.263, psnr_set5=30.914, psnr_urban100=24.458, ssim_b100=0.715, ssim_set14=0.841, ssim_set5=0.893, ssim_urban100=0.943 |
   108 | train=0.011405 | val=nan | lr=0.002 | t_train=12.79 | t_val=12.13 | mem=383.9 | psnr_b100=26.926, psnr_set14=27.379, psnr_set5=31.084, psnr_urban100=24.660, ssim_b100=0.715, ssim_set14=0.844, ssim_set5=0.895, ssim_urban100=0.945 |
   109 | train=0.010069 | val=nan | lr=0.002 | t_train=12.74 | t_val=12.07 | mem=383.9 | psnr_b100=26.642, psnr_set14=27.077, psnr_set5=30.749, psnr_urban100=24.335, ssim_b100=0.708, ssim_set14=0.836, ssim_set5=0.890, ssim_urban100=0.940 |
   110 | train=0.010939 | val=nan | lr=0.002 | t_train=12.75 | t_val=12.09 | mem=383.9 | psnr_b100=26.833, psnr_set14=27.315, psnr_set5=31.141, psnr_urban100=24.553, ssim_b100=0.713, ssim_set14=0.842, ssim_set5=0.896, ssim_urban100=0.943 |
   111 | train=0.009771 | val=nan | lr=0.002 | t_train=12.68 | t_val=12.02 | mem=383.9 | psnr_b100=26.994, psnr_set14=27.552, psnr_set5=31.334, psnr_urban100=24.757, ssim_b100=0.718, ssim_set14=0.848, ssim_set5=0.901, ssim_urban100=0.947 |
   112 | train=0.010512 | val=nan | lr=0.002 | t_train=12.87 | t_val=12.22 | mem=383.9 | psnr_b100=27.017, psnr_set14=27.597, psnr_set5=31.339, psnr_urban100=24.882, ssim_b100=0.719, ssim_set14=0.848, ssim_set5=0.900, ssim_urban100=0.948 |
   113 | train=0.010781 | val=nan | lr=0.002 | t_train=12.75 | t_val=12.10 | mem=383.9 | psnr_b100=26.872, psnr_set14=27.293, psnr_set5=31.071, psnr_urban100=24.615, ssim_b100=0.714, ssim_set14=0.841, ssim_set5=0.894, ssim_urban100=0.944 |
   114 | train=0.007453 | val=nan | lr=0.002 | t_train=12.75 | t_val=12.11 | mem=383.9 | psnr_b100=26.864, psnr_set14=27.213, psnr_set5=30.970, psnr_urban100=24.470, ssim_b100=0.714, ssim_set14=0.840, ssim_set5=0.893, ssim_urban100=0.942 |
   115 | train=0.009102 | val=nan | lr=0.002 | t_train=12.77 | t_val=12.11 | mem=383.9 | psnr_b100=26.822, psnr_set14=27.166, psnr_set5=30.756, psnr_urban100=24.426, ssim_b100=0.713, ssim_set14=0.841, ssim_set5=0.890, ssim_urban100=0.943 |
   116 | train=0.008075 | val=nan | lr=0.002 | t_train=12.79 | t_val=12.12 | mem=383.9 | psnr_b100=27.000, psnr_set14=27.443, psnr_set5=31.255, psnr_urban100=24.776, ssim_b100=0.719, ssim_set14=0.847, ssim_set5=0.899, ssim_urban100=0.947 |
   117 | train=0.010306 | val=nan | lr=0.002 | t_train=12.88 | t_val=12.11 | mem=383.9 | psnr_b100=26.870, psnr_set14=27.193, psnr_set5=30.818, psnr_urban100=24.546, ssim_b100=0.715, ssim_set14=0.842, ssim_set5=0.891, ssim_urban100=0.944 |
   118 | train=0.007759 | val=nan | lr=0.002 | t_train=12.69 | t_val=12.04 | mem=383.9 | psnr_b100=26.828, psnr_set14=27.191, psnr_set5=31.016, psnr_urban100=24.521, ssim_b100=0.713, ssim_set14=0.841, ssim_set5=0.897, ssim_urban100=0.944 |
   119 | train=0.009578 | val=nan | lr=0.002 | t_train=12.72 | t_val=12.07 | mem=383.9 | psnr_b100=26.937, psnr_set14=27.368, psnr_set5=31.065, psnr_urban100=24.623, ssim_b100=0.717, ssim_set14=0.844, ssim_set5=0.893, ssim_urban100=0.945 |
   120 | train=0.008612 | val=nan | lr=0.002 | t_train=12.73 | t_val=12.09 | mem=383.9 | psnr_b100=26.884, psnr_set14=27.270, psnr_set5=30.998, psnr_urban100=24.512, ssim_b100=0.715, ssim_set14=0.842, ssim_set5=0.891, ssim_urban100=0.943 |
   121 | train=0.009282 | val=nan | lr=0.002 | t_train=12.71 | t_val=12.07 | mem=383.9 | psnr_b100=26.807, psnr_set14=27.243, psnr_set5=30.967, psnr_urban100=24.501, ssim_b100=0.712, ssim_set14=0.842, ssim_set5=0.893, ssim_urban100=0.943 |
   122 | train=0.007538 | val=nan | lr=0.002 | t_train=12.77 | t_val=12.11 | mem=383.9 | psnr_b100=26.929, psnr_set14=27.370, psnr_set5=31.051, psnr_urban100=24.639, ssim_b100=0.717, ssim_set14=0.844, ssim_set5=0.893, ssim_urban100=0.946 |
   123 | train=0.009038 | val=nan | lr=0.002 | t_train=12.75 | t_val=12.09 | mem=383.9 | psnr_b100=26.874, psnr_set14=27.269, psnr_set5=31.038, psnr_urban100=24.584, ssim_b100=0.715, ssim_set14=0.842, ssim_set5=0.892, ssim_urban100=0.944 |
   124 | train=0.007331 | val=nan | lr=0.002 | t_train=12.79 | t_val=12.12 | mem=383.9 | psnr_b100=26.904, psnr_set14=27.357, psnr_set5=31.088, psnr_urban100=24.668, ssim_b100=0.716, ssim_set14=0.843, ssim_set5=0.894, ssim_urban100=0.946 |
   125 | train=0.007006 | val=nan | lr=0.002 | t_train=12.71 | t_val=12.07 | mem=383.9 | psnr_b100=26.785, psnr_set14=27.223, psnr_set5=31.053, psnr_urban100=24.570, ssim_b100=0.712, ssim_set14=0.841, ssim_set5=0.893, ssim_urban100=0.944 |
   126 | train=0.008044 | val=nan | lr=0.002 | t_train=12.80 | t_val=12.16 | mem=383.9 | psnr_b100=26.913, psnr_set14=27.272, psnr_set5=31.004, psnr_urban100=24.610, ssim_b100=0.716, ssim_set14=0.843, ssim_set5=0.894, ssim_urban100=0.945 |
   127 | train=0.008360 | val=nan | lr=0.002 | t_train=12.72 | t_val=12.06 | mem=383.9 | psnr_b100=26.938, psnr_set14=27.385, psnr_set5=31.048, psnr_urban100=24.643, ssim_b100=0.716, ssim_set14=0.844, ssim_set5=0.893, ssim_urban100=0.945 |
   128 | train=0.006923 | val=nan | lr=0.002 | t_train=12.78 | t_val=12.06 | mem=383.9 | psnr_b100=26.882, psnr_set14=27.331, psnr_set5=31.042, psnr_urban100=24.596, ssim_b100=0.715, ssim_set14=0.843, ssim_set5=0.893, ssim_urban100=0.944 |
   129 | train=0.007349 | val=nan | lr=0.002 | t_train=12.78 | t_val=12.12 | mem=383.9 | psnr_b100=26.957, psnr_set14=27.427, psnr_set5=31.117, psnr_urban100=24.659, ssim_b100=0.717, ssim_set14=0.845, ssim_set5=0.894, ssim_urban100=0.946 |
   130 | train=0.009498 | val=nan | lr=0.002 | t_train=12.75 | t_val=12.10 | mem=383.9 | psnr_b100=26.895, psnr_set14=27.386, psnr_set5=30.929, psnr_urban100=24.714, ssim_b100=0.714, ssim_set14=0.844, ssim_set5=0.890, ssim_urban100=0.946 |
   131 | train=0.008544 | val=nan | lr=0.002 | t_train=12.77 | t_val=12.11 | mem=383.9 | psnr_b100=27.006, psnr_set14=27.559, psnr_set5=31.246, psnr_urban100=24.873, ssim_b100=0.718, ssim_set14=0.848, ssim_set5=0.896, ssim_urban100=0.949 |
   132 | train=0.007919 | val=nan | lr=0.002 | t_train=12.83 | t_val=12.16 | mem=383.9 | psnr_b100=26.930, psnr_set14=27.436, psnr_set5=31.092, psnr_urban100=24.665, ssim_b100=0.716, ssim_set14=0.846, ssim_set5=0.894, ssim_urban100=0.946 |
   133 | train=0.007046 | val=nan | lr=0.002 | t_train=12.78 | t_val=12.12 | mem=383.9 | psnr_b100=26.869, psnr_set14=27.292, psnr_set5=30.963, psnr_urban100=24.536, ssim_b100=0.715, ssim_set14=0.844, ssim_set5=0.891, ssim_urban100=0.945 |
   134 | train=0.008117 | val=nan | lr=0.002 | t_train=12.71 | t_val=12.06 | mem=383.9 | psnr_b100=26.995, psnr_set14=27.490, psnr_set5=31.294, psnr_urban100=24.742, ssim_b100=0.719, ssim_set14=0.847, ssim_set5=0.898, ssim_urban100=0.948 |
   135 | train=0.009332 | val=nan | lr=0.002 | t_train=12.73 | t_val=12.07 | mem=383.9 | psnr_b100=26.904, psnr_set14=27.311, psnr_set5=31.004, psnr_urban100=24.538, ssim_b100=0.716, ssim_set14=0.844, ssim_set5=0.891, ssim_urban100=0.945 |
   136 | train=0.009594 | val=nan | lr=0.002 | t_train=12.79 | t_val=12.13 | mem=383.9 | psnr_b100=26.839, psnr_set14=27.193, psnr_set5=30.870, psnr_urban100=24.434, ssim_b100=0.714, ssim_set14=0.841, ssim_set5=0.888, ssim_urban100=0.943 |
   137 | train=0.008350 | val=nan | lr=0.002 | t_train=12.80 | t_val=12.15 | mem=383.9 | psnr_b100=26.953, psnr_set14=27.394, psnr_set5=31.202, psnr_urban100=24.632, ssim_b100=0.717, ssim_set14=0.844, ssim_set5=0.895, ssim_urban100=0.945 |
   138 | train=0.009386 | val=nan | lr=0.002 | t_train=12.79 | t_val=12.13 | mem=383.9 | psnr_b100=26.928, psnr_set14=27.359, psnr_set5=31.166, psnr_urban100=24.558, ssim_b100=0.716, ssim_set14=0.843, ssim_set5=0.894, ssim_urban100=0.944 |
   139 | train=0.009161 | val=nan | lr=0.002 | t_train=12.77 | t_val=12.12 | mem=383.9 | psnr_b100=26.983, psnr_set14=27.464, psnr_set5=31.204, psnr_urban100=24.667, ssim_b100=0.718, ssim_set14=0.845, ssim_set5=0.897, ssim_urban100=0.946 |
   140 | train=0.008705 | val=nan | lr=0.002 | t_train=12.79 | t_val=12.13 | mem=383.9 | psnr_b100=26.893, psnr_set14=27.337, psnr_set5=31.147, psnr_urban100=24.564, ssim_b100=0.715, ssim_set14=0.844, ssim_set5=0.894, ssim_urban100=0.945 |
   141 | train=0.008384 | val=nan | lr=0.002 | t_train=12.83 | t_val=12.17 | mem=383.9 | psnr_b100=26.908, psnr_set14=27.289, psnr_set5=31.136, psnr_urban100=24.548, ssim_b100=0.715, ssim_set14=0.843, ssim_set5=0.894, ssim_urban100=0.944 |
   142 | train=0.009123 | val=nan | lr=0.002 | t_train=12.77 | t_val=12.12 | mem=383.9 | psnr_b100=26.971, psnr_set14=27.402, psnr_set5=31.178, psnr_urban100=24.625, ssim_b100=0.717, ssim_set14=0.845, ssim_set5=0.895, ssim_urban100=0.946 |
   143 | train=0.008116 | val=nan | lr=0.002 | t_train=12.78 | t_val=12.13 | mem=383.9 | psnr_b100=26.932, psnr_set14=27.364, psnr_set5=31.142, psnr_urban100=24.645, ssim_b100=0.716, ssim_set14=0.844, ssim_set5=0.894, ssim_urban100=0.946 |
   144 | train=0.007456 | val=nan | lr=0.002 | t_train=12.79 | t_val=12.13 | mem=383.9 | psnr_b100=26.966, psnr_set14=27.402, psnr_set5=31.174, psnr_urban100=24.622, ssim_b100=0.717, ssim_set14=0.844, ssim_set5=0.894, ssim_urban100=0.946 |
   145 | train=0.006827 | val=nan | lr=0.002 | t_train=12.80 | t_val=12.12 | mem=383.9 | psnr_b100=26.948, psnr_set14=27.360, psnr_set5=31.132, psnr_urban100=24.589, ssim_b100=0.717, ssim_set14=0.844, ssim_set5=0.893, ssim_urban100=0.945 |
   146 | train=0.008404 | val=nan | lr=0.002 | t_train=12.72 | t_val=12.07 | mem=383.9 | psnr_b100=26.912, psnr_set14=27.310, psnr_set5=31.090, psnr_urban100=24.542, ssim_b100=0.715, ssim_set14=0.843, ssim_set5=0.892, ssim_urban100=0.945 |
   147 | train=0.006764 | val=nan | lr=0.002 | t_train=12.71 | t_val=12.06 | mem=383.9 | psnr_b100=27.024, psnr_set14=27.473, psnr_set5=31.252, psnr_urban100=24.700, ssim_b100=0.719, ssim_set14=0.847, ssim_set5=0.895, ssim_urban100=0.947 |
   148 | train=0.008626 | val=nan | lr=0.002 | t_train=12.76 | t_val=12.11 | mem=383.9 | psnr_b100=26.996, psnr_set14=27.443, psnr_set5=31.221, psnr_urban100=24.675, ssim_b100=0.718, ssim_set14=0.846, ssim_set5=0.895, ssim_urban100=0.947 |
   149 | train=0.010289 | val=nan | lr=0.002 | t_train=12.84 | t_val=12.09 | mem=383.9 | psnr_b100=26.909, psnr_set14=27.296, psnr_set5=31.015, psnr_urban100=24.544, ssim_b100=0.715, ssim_set14=0.843, ssim_set5=0.890, ssim_urban100=0.945 |
   150 | train=0.008165 | val=nan | lr=0.002 | t_train=12.85 | t_val=12.18 | mem=383.9 | psnr_b100=26.971, psnr_set14=27.401, psnr_set5=31.158, psnr_urban100=24.641, ssim_b100=0.717, ssim_set14=0.844, ssim_set5=0.894, ssim_urban100=0.946 |
   151 | train=0.006486 | val=nan | lr=0.002 | t_train=12.76 | t_val=12.11 | mem=383.9 | psnr_b100=26.899, psnr_set14=27.275, psnr_set5=31.038, psnr_urban100=24.528, ssim_b100=0.716, ssim_set14=0.843, ssim_set5=0.891, ssim_urban100=0.945 |
   152 | train=0.007711 | val=nan | lr=0.002 | t_train=12.70 | t_val=12.04 | mem=383.9 | psnr_b100=26.961, psnr_set14=27.348, psnr_set5=31.097, psnr_urban100=24.634, ssim_b100=0.717, ssim_set14=0.844, ssim_set5=0.892, ssim_urban100=0.946 |
   153 | train=0.008590 | val=nan | lr=0.002 | t_train=12.76 | t_val=12.11 | mem=383.9 | psnr_b100=26.983, psnr_set14=27.451, psnr_set5=31.300, psnr_urban100=24.715, ssim_b100=0.718, ssim_set14=0.846, ssim_set5=0.897, ssim_urban100=0.947 |
   154 | train=0.010480 | val=nan | lr=0.002 | t_train=12.78 | t_val=12.11 | mem=383.9 | psnr_b100=27.024, psnr_set14=27.469, psnr_set5=31.286, psnr_urban100=24.666, ssim_b100=0.719, ssim_set14=0.846, ssim_set5=0.897, ssim_urban100=0.947 |
   155 | train=0.008760 | val=nan | lr=0.002 | t_train=12.80 | t_val=12.15 | mem=383.9 | psnr_b100=26.962, psnr_set14=27.424, psnr_set5=31.167, psnr_urban100=24.648, ssim_b100=0.717, ssim_set14=0.846, ssim_set5=0.894, ssim_urban100=0.947 |
   156 | train=0.008581 | val=nan | lr=0.002 | t_train=12.84 | t_val=12.18 | mem=383.9 | psnr_b100=26.988, psnr_set14=27.381, psnr_set5=31.229, psnr_urban100=24.611, ssim_b100=0.718, ssim_set14=0.844, ssim_set5=0.895, ssim_urban100=0.945 |
   157 | train=0.007833 | val=nan | lr=0.002 | t_train=12.76 | t_val=12.10 | mem=383.9 | psnr_b100=26.979, psnr_set14=27.462, psnr_set5=31.290, psnr_urban100=24.687, ssim_b100=0.717, ssim_set14=0.846, ssim_set5=0.896, ssim_urban100=0.947 |
   158 | train=0.007318 | val=nan | lr=0.002 | t_train=12.77 | t_val=12.11 | mem=383.9 | psnr_b100=26.972, psnr_set14=27.408, psnr_set5=31.218, psnr_urban100=24.696, ssim_b100=0.717, ssim_set14=0.845, ssim_set5=0.895, ssim_urban100=0.947 |
   159 | train=0.006665 | val=nan | lr=0.002 | t_train=12.77 | t_val=12.12 | mem=383.9 | psnr_b100=26.873, psnr_set14=27.239, psnr_set5=30.976, psnr_urban100=24.508, ssim_b100=0.714, ssim_set14=0.842, ssim_set5=0.890, ssim_urban100=0.944 |
   160 | train=0.007750 | val=nan | lr=0.002 | t_train=12.87 | t_val=12.14 | mem=383.9 | psnr_b100=26.943, psnr_set14=27.366, psnr_set5=31.100, psnr_urban100=24.577, ssim_b100=0.716, ssim_set14=0.844, ssim_set5=0.892, ssim_urban100=0.946 |
   161 | train=0.006675 | val=nan | lr=0.002 | t_train=12.77 | t_val=12.11 | mem=383.9 | psnr_b100=26.937, psnr_set14=27.394, psnr_set5=31.165, psnr_urban100=24.611, ssim_b100=0.716, ssim_set14=0.845, ssim_set5=0.894, ssim_urban100=0.946 |
   162 | train=0.007674 | val=nan | lr=0.002 | t_train=12.74 | t_val=12.09 | mem=383.9 | psnr_b100=26.948, psnr_set14=27.401, psnr_set5=31.256, psnr_urban100=24.588, ssim_b100=0.717, ssim_set14=0.845, ssim_set5=0.897, ssim_urban100=0.946 |
   163 | train=0.008268 | val=nan | lr=0.002 | t_train=12.79 | t_val=12.14 | mem=383.9 | psnr_b100=27.017, psnr_set14=27.451, psnr_set5=31.190, psnr_urban100=24.656, ssim_b100=0.719, ssim_set14=0.845, ssim_set5=0.894, ssim_urban100=0.947 |
   164 | train=0.007727 | val=nan | lr=0.002 | t_train=12.74 | t_val=12.09 | mem=383.9 | psnr_b100=27.002, psnr_set14=27.505, psnr_set5=31.199, psnr_urban100=24.713, ssim_b100=0.718, ssim_set14=0.846, ssim_set5=0.894, ssim_urban100=0.948 |
   165 | train=0.007262 | val=nan | lr=0.002 | t_train=13.25 | t_val=12.60 | mem=383.9 | psnr_b100=27.038, psnr_set14=27.522, psnr_set5=31.294, psnr_urban100=24.733, ssim_b100=0.719, ssim_set14=0.847, ssim_set5=0.897, ssim_urban100=0.948 |
   166 | train=0.005827 | val=nan | lr=0.002 | t_train=12.84 | t_val=12.18 | mem=383.9 | psnr_b100=26.928, psnr_set14=27.336, psnr_set5=31.100, psnr_urban100=24.625, ssim_b100=0.716, ssim_set14=0.844, ssim_set5=0.893, ssim_urban100=0.946 |
   167 | train=0.006387 | val=nan | lr=0.002 | t_train=12.84 | t_val=12.19 | mem=383.9 | psnr_b100=27.007, psnr_set14=27.495, psnr_set5=31.296, psnr_urban100=24.735, ssim_b100=0.718, ssim_set14=0.846, ssim_set5=0.897, ssim_urban100=0.947 |
   168 | train=0.009275 | val=nan | lr=0.002 | t_train=12.76 | t_val=12.10 | mem=383.9 | psnr_b100=27.037, psnr_set14=27.554, psnr_set5=31.313, psnr_urban100=24.764, ssim_b100=0.719, ssim_set14=0.847, ssim_set5=0.897, ssim_urban100=0.948 |
   169 | train=0.007045 | val=nan | lr=0.002 | t_train=12.91 | t_val=12.26 | mem=383.9 | psnr_b100=27.041, psnr_set14=27.524, psnr_set5=31.337, psnr_urban100=24.814, ssim_b100=0.721, ssim_set14=0.848, ssim_set5=0.900, ssim_urban100=0.949 |
   170 | train=0.007175 | val=nan | lr=0.002 | t_train=12.71 | t_val=12.07 | mem=383.9 | psnr_b100=27.011, psnr_set14=27.485, psnr_set5=31.268, psnr_urban100=24.735, ssim_b100=0.718, ssim_set14=0.846, ssim_set5=0.897, ssim_urban100=0.948 |
   171 | train=0.007045 | val=nan | lr=0.002 | t_train=12.78 | t_val=12.12 | mem=383.9 | psnr_b100=26.968, psnr_set14=27.431, psnr_set5=31.169, psnr_urban100=24.715, ssim_b100=0.717, ssim_set14=0.845, ssim_set5=0.894, ssim_urban100=0.947 |
   172 | train=0.006358 | val=nan | lr=0.002 | t_train=12.82 | t_val=12.17 | mem=383.9 | psnr_b100=26.838, psnr_set14=27.182, psnr_set5=30.787, psnr_urban100=24.498, ssim_b100=0.715, ssim_set14=0.843, ssim_set5=0.889, ssim_urban100=0.945 |
   173 | train=0.007223 | val=nan | lr=0.002 | t_train=12.85 | t_val=12.20 | mem=383.9 | psnr_b100=26.976, psnr_set14=27.387, psnr_set5=31.168, psnr_urban100=24.667, ssim_b100=0.718, ssim_set14=0.845, ssim_set5=0.893, ssim_urban100=0.947 |
   174 | train=0.007406 | val=nan | lr=0.002 | t_train=12.85 | t_val=12.20 | mem=383.9 | psnr_b100=27.015, psnr_set14=27.446, psnr_set5=31.231, psnr_urban100=24.746, ssim_b100=0.718, ssim_set14=0.846, ssim_set5=0.895, ssim_urban100=0.948 |
   175 | train=0.008324 | val=nan | lr=0.002 | t_train=12.84 | t_val=12.19 | mem=383.9 | psnr_b100=27.012, psnr_set14=27.481, psnr_set5=31.220, psnr_urban100=24.761, ssim_b100=0.719, ssim_set14=0.846, ssim_set5=0.895, ssim_urban100=0.948 |
   176 | train=0.007611 | val=nan | lr=0.002 | t_train=12.78 | t_val=12.13 | mem=383.9 | psnr_b100=26.965, psnr_set14=27.450, psnr_set5=31.203, psnr_urban100=24.723, ssim_b100=0.717, ssim_set14=0.845, ssim_set5=0.894, ssim_urban100=0.947 |
   177 | train=0.006746 | val=nan | lr=0.002 | t_train=12.86 | t_val=12.21 | mem=383.9 | psnr_b100=26.967, psnr_set14=27.436, psnr_set5=31.165, psnr_urban100=24.648, ssim_b100=0.717, ssim_set14=0.845, ssim_set5=0.894, ssim_urban100=0.947 |
   178 | train=0.007435 | val=nan | lr=0.002 | t_train=12.84 | t_val=12.18 | mem=383.9 | psnr_b100=26.998, psnr_set14=27.495, psnr_set5=31.259, psnr_urban100=24.743, ssim_b100=0.718, ssim_set14=0.846, ssim_set5=0.896, ssim_urban100=0.948 |
   179 | train=0.009280 | val=nan | lr=0.002 | t_train=12.84 | t_val=12.19 | mem=383.9 | psnr_b100=26.996, psnr_set14=27.441, psnr_set5=31.207, psnr_urban100=24.679, ssim_b100=0.718, ssim_set14=0.846, ssim_set5=0.895, ssim_urban100=0.947 |
   180 | train=0.006181 | val=nan | lr=0.002 | t_train=12.91 | t_val=12.25 | mem=383.9 | psnr_b100=27.053, psnr_set14=27.555, psnr_set5=31.385, psnr_urban100=24.828, ssim_b100=0.720, ssim_set14=0.847, ssim_set5=0.898, ssim_urban100=0.949 |
   181 | train=0.006790 | val=nan | lr=0.002 | t_train=12.87 | t_val=12.22 | mem=383.9 | psnr_b100=26.941, psnr_set14=27.349, psnr_set5=31.061, psnr_urban100=24.623, ssim_b100=0.716, ssim_set14=0.843, ssim_set5=0.891, ssim_urban100=0.946 |
   182 | train=0.007099 | val=nan | lr=0.002 | t_train=12.85 | t_val=12.10 | mem=383.9 | psnr_b100=26.887, psnr_set14=27.244, psnr_set5=30.935, psnr_urban100=24.514, ssim_b100=0.715, ssim_set14=0.841, ssim_set5=0.889, ssim_urban100=0.945 |
   183 | train=0.008028 | val=nan | lr=0.002 | t_train=12.85 | t_val=12.20 | mem=383.9 | psnr_b100=27.008, psnr_set14=27.395, psnr_set5=31.153, psnr_urban100=24.680, ssim_b100=0.719, ssim_set14=0.845, ssim_set5=0.895, ssim_urban100=0.947 |
   184 | train=0.006849 | val=nan | lr=0.002 | t_train=12.75 | t_val=12.11 | mem=383.9 | psnr_b100=27.053, psnr_set14=27.517, psnr_set5=31.207, psnr_urban100=24.769, ssim_b100=0.720, ssim_set14=0.847, ssim_set5=0.894, ssim_urban100=0.948 |
   185 | train=0.007951 | val=nan | lr=0.002 | t_train=12.87 | t_val=12.21 | mem=383.9 | psnr_b100=27.007, psnr_set14=27.436, psnr_set5=31.226, psnr_urban100=24.648, ssim_b100=0.719, ssim_set14=0.845, ssim_set5=0.896, ssim_urban100=0.946 |
   186 | train=0.008513 | val=nan | lr=0.002 | t_train=13.10 | t_val=12.45 | mem=383.9 | psnr_b100=26.987, psnr_set14=27.427, psnr_set5=31.211, psnr_urban100=24.673, ssim_b100=0.718, ssim_set14=0.846, ssim_set5=0.896, ssim_urban100=0.947 |
   187 | train=0.006908 | val=nan | lr=0.002 | t_train=12.88 | t_val=12.23 | mem=383.9 | psnr_b100=26.967, psnr_set14=27.372, psnr_set5=31.028, psnr_urban100=24.628, ssim_b100=0.718, ssim_set14=0.844, ssim_set5=0.890, ssim_urban100=0.947 |
   188 | train=0.009597 | val=nan | lr=0.002 | t_train=12.77 | t_val=12.11 | mem=383.9 | psnr_b100=26.931, psnr_set14=27.297, psnr_set5=31.006, psnr_urban100=24.560, ssim_b100=0.716, ssim_set14=0.843, ssim_set5=0.890, ssim_urban100=0.946 |
   189 | train=0.008241 | val=nan | lr=0.002 | t_train=12.89 | t_val=12.24 | mem=383.9 | psnr_b100=26.920, psnr_set14=27.278, psnr_set5=30.977, psnr_urban100=24.578, ssim_b100=0.717, ssim_set14=0.843, ssim_set5=0.892, ssim_urban100=0.946 |
   190 | train=0.007174 | val=nan | lr=0.002 | t_train=12.89 | t_val=12.22 | mem=383.9 | psnr_b100=26.881, psnr_set14=27.229, psnr_set5=30.972, psnr_urban100=24.471, ssim_b100=0.714, ssim_set14=0.842, ssim_set5=0.889, ssim_urban100=0.944 |
   191 | train=0.007146 | val=nan | lr=0.002 | t_train=12.94 | t_val=12.21 | mem=383.9 | psnr_b100=26.912, psnr_set14=27.287, psnr_set5=31.042, psnr_urban100=24.542, ssim_b100=0.716, ssim_set14=0.843, ssim_set5=0.892, ssim_urban100=0.945 |
   192 | train=0.008349 | val=nan | lr=0.002 | t_train=12.88 | t_val=12.22 | mem=383.9 | psnr_b100=26.919, psnr_set14=27.298, psnr_set5=30.921, psnr_urban100=24.583, ssim_b100=0.716, ssim_set14=0.844, ssim_set5=0.891, ssim_urban100=0.946 |
   193 | train=0.007380 | val=nan | lr=0.002 | t_train=12.90 | t_val=12.25 | mem=383.9 | psnr_b100=26.878, psnr_set14=27.184, psnr_set5=30.872, psnr_urban100=24.454, ssim_b100=0.714, ssim_set14=0.841, ssim_set5=0.888, ssim_urban100=0.943 |
   194 | train=0.005591 | val=nan | lr=0.002 | t_train=12.76 | t_val=12.10 | mem=383.9 | psnr_b100=26.994, psnr_set14=27.396, psnr_set5=31.176, psnr_urban100=24.683, ssim_b100=0.718, ssim_set14=0.844, ssim_set5=0.892, ssim_urban100=0.946 |
   195 | train=0.006199 | val=nan | lr=0.002 | t_train=12.82 | t_val=12.17 | mem=383.9 | psnr_b100=27.038, psnr_set14=27.494, psnr_set5=31.297, psnr_urban100=24.797, ssim_b100=0.719, ssim_set14=0.846, ssim_set5=0.896, ssim_urban100=0.949 |
   196 | train=0.007617 | val=nan | lr=0.002 | t_train=12.84 | t_val=12.19 | mem=383.9 | psnr_b100=27.049, psnr_set14=27.517, psnr_set5=31.325, psnr_urban100=24.809, ssim_b100=0.719, ssim_set14=0.847, ssim_set5=0.896, ssim_urban100=0.949 |
   197 | train=0.006753 | val=nan | lr=0.002 | t_train=12.74 | t_val=12.08 | mem=383.9 | psnr_b100=27.005, psnr_set14=27.394, psnr_set5=31.208, psnr_urban100=24.697, ssim_b100=0.718, ssim_set14=0.845, ssim_set5=0.894, ssim_urban100=0.947 |
   198 | train=0.007568 | val=nan | lr=0.002 | t_train=12.77 | t_val=12.12 | mem=383.9 | psnr_b100=27.013, psnr_set14=27.439, psnr_set5=31.151, psnr_urban100=24.687, ssim_b100=0.719, ssim_set14=0.846, ssim_set5=0.893, ssim_urban100=0.947 |
   199 | train=0.005238 | val=nan | lr=0.002 | t_train=12.84 | t_val=12.19 | mem=383.9 | psnr_b100=27.042, psnr_set14=27.478, psnr_set5=31.238, psnr_urban100=24.712, ssim_b100=0.720, ssim_set14=0.847, ssim_set5=0.896, ssim_urban100=0.948 |
   200 | train=0.007895 | val=nan | lr=0.002 | t_train=12.86 | t_val=12.20 | mem=383.9 | psnr_b100=26.994, psnr_set14=27.391, psnr_set5=31.153, psnr_urban100=24.656, ssim_b100=0.718, ssim_set14=0.845, ssim_set5=0.893, ssim_urban100=0.947 |
   201 | train=0.008368 | val=nan | lr=0.002 | t_train=12.83 | t_val=12.18 | mem=383.9 | psnr_b100=27.064, psnr_set14=27.551, psnr_set5=31.322, psnr_urban100=24.815, ssim_b100=0.721, ssim_set14=0.848, ssim_set5=0.897, ssim_urban100=0.949 |
   202 | train=0.007419 | val=nan | lr=0.002 | t_train=12.87 | t_val=12.22 | mem=383.9 | psnr_b100=26.996, psnr_set14=27.423, psnr_set5=31.170, psnr_urban100=24.723, ssim_b100=0.719, ssim_set14=0.846, ssim_set5=0.894, ssim_urban100=0.948 |
   203 | train=0.007220 | val=nan | lr=0.002 | t_train=12.78 | t_val=12.13 | mem=383.9 | psnr_b100=27.005, psnr_set14=27.396, psnr_set5=31.169, psnr_urban100=24.681, ssim_b100=0.719, ssim_set14=0.846, ssim_set5=0.895, ssim_urban100=0.948 |
   204 | train=0.006839 | val=nan | lr=0.002 | t_train=12.74 | t_val=12.09 | mem=383.9 | psnr_b100=27.028, psnr_set14=27.459, psnr_set5=31.238, psnr_urban100=24.786, ssim_b100=0.720, ssim_set14=0.847, ssim_set5=0.897, ssim_urban100=0.949 |
   205 | train=0.006220 | val=nan | lr=0.002 | t_train=12.78 | t_val=12.12 | mem=383.9 | psnr_b100=27.061, psnr_set14=27.525, psnr_set5=31.349, psnr_urban100=24.764, ssim_b100=0.720, ssim_set14=0.847, ssim_set5=0.898, ssim_urban100=0.948 |
   206 | train=0.007019 | val=nan | lr=0.002 | t_train=12.75 | t_val=12.10 | mem=383.9 | psnr_b100=26.971, psnr_set14=27.407, psnr_set5=31.039, psnr_urban100=24.665, ssim_b100=0.717, ssim_set14=0.845, ssim_set5=0.891, ssim_urban100=0.947 |
   207 | train=0.007187 | val=nan | lr=0.002 | t_train=12.78 | t_val=12.13 | mem=383.9 | psnr_b100=26.924, psnr_set14=27.320, psnr_set5=30.969, psnr_urban100=24.600, ssim_b100=0.717, ssim_set14=0.843, ssim_set5=0.892, ssim_urban100=0.946 |
   208 | train=0.006294 | val=nan | lr=0.002 | t_train=12.84 | t_val=12.17 | mem=383.9 | psnr_b100=26.978, psnr_set14=27.380, psnr_set5=31.115, psnr_urban100=24.662, ssim_b100=0.718, ssim_set14=0.845, ssim_set5=0.893, ssim_urban100=0.947 |
   209 | train=0.007638 | val=nan | lr=0.002 | t_train=12.85 | t_val=12.19 | mem=383.9 | psnr_b100=27.025, psnr_set14=27.467, psnr_set5=31.291, psnr_urban100=24.765, ssim_b100=0.720, ssim_set14=0.847, ssim_set5=0.897, ssim_urban100=0.949 |
   210 | train=0.007265 | val=nan | lr=0.002 | t_train=12.89 | t_val=12.24 | mem=383.9 | psnr_b100=27.068, psnr_set14=27.511, psnr_set5=31.224, psnr_urban100=24.773, ssim_b100=0.721, ssim_set14=0.847, ssim_set5=0.895, ssim_urban100=0.949 |
   211 | train=0.007448 | val=nan | lr=0.002 | t_train=12.82 | t_val=12.16 | mem=383.9 | psnr_b100=27.017, psnr_set14=27.449, psnr_set5=31.175, psnr_urban100=24.701, ssim_b100=0.719, ssim_set14=0.845, ssim_set5=0.894, ssim_urban100=0.948 |
   212 | train=0.007670 | val=nan | lr=0.002 | t_train=12.90 | t_val=12.24 | mem=383.9 | psnr_b100=26.996, psnr_set14=27.427, psnr_set5=31.094, psnr_urban100=24.706, ssim_b100=0.719, ssim_set14=0.846, ssim_set5=0.893, ssim_urban100=0.948 |
   213 | train=0.005809 | val=nan | lr=0.002 | t_train=12.83 | t_val=12.17 | mem=383.9 | psnr_b100=27.001, psnr_set14=27.445, psnr_set5=31.146, psnr_urban100=24.733, ssim_b100=0.719, ssim_set14=0.846, ssim_set5=0.895, ssim_urban100=0.948 |
   214 | train=0.006024 | val=nan | lr=0.002 | t_train=12.84 | t_val=12.18 | mem=383.9 | psnr_b100=27.019, psnr_set14=27.393, psnr_set5=31.175, psnr_urban100=24.718, ssim_b100=0.719, ssim_set14=0.845, ssim_set5=0.894, ssim_urban100=0.948 |
   215 | train=0.006383 | val=nan | lr=0.002 | t_train=12.90 | t_val=12.16 | mem=383.9 | psnr_b100=27.042, psnr_set14=27.520, psnr_set5=31.247, psnr_urban100=24.800, ssim_b100=0.720, ssim_set14=0.847, ssim_set5=0.896, ssim_urban100=0.949 |
   216 | train=0.007054 | val=nan | lr=0.002 | t_train=12.75 | t_val=12.10 | mem=383.9 | psnr_b100=26.948, psnr_set14=27.339, psnr_set5=31.061, psnr_urban100=24.615, ssim_b100=0.717, ssim_set14=0.844, ssim_set5=0.892, ssim_urban100=0.947 |
   217 | train=0.007230 | val=nan | lr=0.002 | t_train=12.73 | t_val=12.07 | mem=383.9 | psnr_b100=27.057, psnr_set14=27.540, psnr_set5=31.307, psnr_urban100=24.804, ssim_b100=0.720, ssim_set14=0.847, ssim_set5=0.897, ssim_urban100=0.949 |
   218 | train=0.007121 | val=nan | lr=0.002 | t_train=12.78 | t_val=12.12 | mem=383.9 | psnr_b100=27.060, psnr_set14=27.503, psnr_set5=31.295, psnr_urban100=24.775, ssim_b100=0.720, ssim_set14=0.847, ssim_set5=0.896, ssim_urban100=0.948 |
   219 | train=0.007331 | val=nan | lr=0.002 | t_train=12.84 | t_val=12.18 | mem=383.9 | psnr_b100=27.034, psnr_set14=27.461, psnr_set5=31.210, psnr_urban100=24.747, ssim_b100=0.720, ssim_set14=0.846, ssim_set5=0.895, ssim_urban100=0.948 |
   220 | train=0.007283 | val=nan | lr=0.0019964 | t_train=12.84 | t_val=12.19 | mem=383.9 | psnr_b100=27.033, psnr_set14=27.477, psnr_set5=31.212, psnr_urban100=24.751, ssim_b100=0.720, ssim_set14=0.847, ssim_set5=0.895, ssim_urban100=0.949 |
   221 | train=0.007416 | val=nan | lr=0.0019926 | t_train=12.96 | t_val=12.24 | mem=383.9 | psnr_b100=27.033, psnr_set14=27.441, psnr_set5=31.191, psnr_urban100=24.706, ssim_b100=0.720, ssim_set14=0.846, ssim_set5=0.895, ssim_urban100=0.948 |
   222 | train=0.005732 | val=nan | lr=0.0019888 | t_train=12.85 | t_val=12.19 | mem=383.9 | psnr_b100=26.952, psnr_set14=27.345, psnr_set5=31.108, psnr_urban100=24.596, ssim_b100=0.717, ssim_set14=0.844, ssim_set5=0.893, ssim_urban100=0.946 |
   223 | train=0.006426 | val=nan | lr=0.0019851 | t_train=12.91 | t_val=12.27 | mem=383.9 | psnr_b100=27.037, psnr_set14=27.475, psnr_set5=31.138, psnr_urban100=24.741, ssim_b100=0.720, ssim_set14=0.847, ssim_set5=0.895, ssim_urban100=0.948 |
   224 | train=0.007910 | val=nan | lr=0.0019813 | t_train=12.89 | t_val=12.24 | mem=383.9 | psnr_b100=27.056, psnr_set14=27.517, psnr_set5=31.278, psnr_urban100=24.797, ssim_b100=0.720, ssim_set14=0.847, ssim_set5=0.896, ssim_urban100=0.948 |
   225 | train=0.006534 | val=nan | lr=0.0019775 | t_train=12.88 | t_val=12.22 | mem=383.9 | psnr_b100=27.104, psnr_set14=27.584, psnr_set5=31.337, psnr_urban100=24.888, ssim_b100=0.722, ssim_set14=0.849, ssim_set5=0.897, ssim_urban100=0.950 |
   226 | train=0.007991 | val=nan | lr=0.0019738 | t_train=12.81 | t_val=12.16 | mem=383.9 | psnr_b100=27.054, psnr_set14=27.452, psnr_set5=31.161, psnr_urban100=24.760, ssim_b100=0.720, ssim_set14=0.846, ssim_set5=0.894, ssim_urban100=0.949 |
   227 | train=0.006561 | val=nan | lr=0.00197 | t_train=12.85 | t_val=12.19 | mem=383.9 | psnr_b100=27.045, psnr_set14=27.471, psnr_set5=31.216, psnr_urban100=24.749, ssim_b100=0.720, ssim_set14=0.846, ssim_set5=0.895, ssim_urban100=0.948 |
   228 | train=0.008357 | val=nan | lr=0.0019663 | t_train=12.87 | t_val=12.21 | mem=383.9 | psnr_b100=27.038, psnr_set14=27.497, psnr_set5=31.250, psnr_urban100=24.727, ssim_b100=0.720, ssim_set14=0.847, ssim_set5=0.895, ssim_urban100=0.948 |
   229 | train=0.007106 | val=nan | lr=0.0019626 | t_train=12.73 | t_val=12.08 | mem=383.9 | psnr_b100=27.039, psnr_set14=27.488, psnr_set5=31.239, psnr_urban100=24.755, ssim_b100=0.719, ssim_set14=0.847, ssim_set5=0.895, ssim_urban100=0.948 |
   230 | train=0.006679 | val=nan | lr=0.0019624 | t_train=12.85 | t_val=12.20 | mem=383.9 | psnr_b100=27.000, psnr_set14=27.411, psnr_set5=31.149, psnr_urban100=24.689, ssim_b100=0.718, ssim_set14=0.845, ssim_set5=0.894, ssim_urban100=0.947 |
   231 | train=0.006445 | val=nan | lr=0.0019588 | t_train=12.85 | t_val=12.20 | mem=383.9 | psnr_b100=27.049, psnr_set14=27.527, psnr_set5=31.272, psnr_urban100=24.788, ssim_b100=0.720, ssim_set14=0.848, ssim_set5=0.897, ssim_urban100=0.949 |
   232 | train=0.007481 | val=nan | lr=0.0019551 | t_train=12.80 | t_val=12.14 | mem=383.9 | psnr_b100=27.030, psnr_set14=27.447, psnr_set5=31.198, psnr_urban100=24.724, ssim_b100=0.719, ssim_set14=0.845, ssim_set5=0.894, ssim_urban100=0.948 |
   233 | train=0.006529 | val=nan | lr=0.0019514 | t_train=12.84 | t_val=12.19 | mem=383.9 | psnr_b100=26.965, psnr_set14=27.397, psnr_set5=31.081, psnr_urban100=24.640, ssim_b100=0.718, ssim_set14=0.845, ssim_set5=0.893, ssim_urban100=0.947 |
   234 | train=0.006354 | val=nan | lr=0.0019477 | t_train=12.87 | t_val=12.22 | mem=383.9 | psnr_b100=27.084, psnr_set14=27.562, psnr_set5=31.372, psnr_urban100=24.808, ssim_b100=0.721, ssim_set14=0.848, ssim_set5=0.898, ssim_urban100=0.949 |
   235 | train=0.007116 | val=nan | lr=0.001944 | t_train=12.82 | t_val=12.17 | mem=383.9 | psnr_b100=27.074, psnr_set14=27.582, psnr_set5=31.327, psnr_urban100=24.845, ssim_b100=0.721, ssim_set14=0.848, ssim_set5=0.897, ssim_urban100=0.950 |
   236 | train=0.007314 | val=nan | lr=0.0019403 | t_train=12.87 | t_val=12.22 | mem=383.9 | psnr_b100=26.956, psnr_set14=27.378, psnr_set5=31.017, psnr_urban100=24.658, ssim_b100=0.718, ssim_set14=0.846, ssim_set5=0.893, ssim_urban100=0.947 |
   237 | train=0.008350 | val=nan | lr=0.0019366 | t_train=12.72 | t_val=12.08 | mem=383.9 | psnr_b100=27.014, psnr_set14=27.423, psnr_set5=31.137, psnr_urban100=24.682, ssim_b100=0.719, ssim_set14=0.846, ssim_set5=0.894, ssim_urban100=0.948 |
   238 | train=0.006407 | val=nan | lr=0.0019364 | t_train=12.87 | t_val=12.22 | mem=383.9 | psnr_b100=27.053, psnr_set14=27.531, psnr_set5=31.337, psnr_urban100=24.787, ssim_b100=0.720, ssim_set14=0.847, ssim_set5=0.898, ssim_urban100=0.949 |
   239 | train=0.006689 | val=nan | lr=0.0019329 | t_train=12.82 | t_val=12.17 | mem=383.9 | psnr_b100=27.012, psnr_set14=27.438, psnr_set5=31.215, psnr_urban100=24.728, ssim_b100=0.720, ssim_set14=0.846, ssim_set5=0.896, ssim_urban100=0.948 |
   240 | train=0.005280 | val=nan | lr=0.0019293 | t_train=12.87 | t_val=12.21 | mem=383.9 | psnr_b100=26.859, psnr_set14=27.207, psnr_set5=30.854, psnr_urban100=24.491, ssim_b100=0.715, ssim_set14=0.842, ssim_set5=0.890, ssim_urban100=0.945 |
   241 | train=0.006266 | val=nan | lr=0.0019256 | t_train=12.85 | t_val=12.19 | mem=383.9 | psnr_b100=26.956, psnr_set14=27.354, psnr_set5=30.963, psnr_urban100=24.672, ssim_b100=0.719, ssim_set14=0.846, ssim_set5=0.893, ssim_urban100=0.948 |
   242 | train=0.006503 | val=nan | lr=0.001922 | t_train=12.85 | t_val=12.20 | mem=383.9 | psnr_b100=26.975, psnr_set14=27.371, psnr_set5=31.101, psnr_urban100=24.672, ssim_b100=0.718, ssim_set14=0.845, ssim_set5=0.892, ssim_urban100=0.947 |
   243 | train=0.005190 | val=nan | lr=0.0019183 | t_train=12.90 | t_val=12.22 | mem=383.9 | psnr_b100=27.037, psnr_set14=27.470, psnr_set5=31.213, psnr_urban100=24.737, ssim_b100=0.719, ssim_set14=0.846, ssim_set5=0.894, ssim_urban100=0.948 |
   244 | train=0.006468 | val=nan | lr=0.0019147 | t_train=12.82 | t_val=12.19 | mem=383.9 | psnr_b100=27.042, psnr_set14=27.436, psnr_set5=31.272, psnr_urban100=24.742, ssim_b100=0.720, ssim_set14=0.846, ssim_set5=0.896, ssim_urban100=0.948 |
   245 | train=0.006819 | val=nan | lr=0.001911 | t_train=12.94 | t_val=12.21 | mem=383.9 | psnr_b100=27.006, psnr_set14=27.409, psnr_set5=31.191, psnr_urban100=24.683, ssim_b100=0.719, ssim_set14=0.845, ssim_set5=0.895, ssim_urban100=0.947 |
   246 | train=0.006702 | val=nan | lr=0.0019074 | t_train=12.89 | t_val=12.23 | mem=383.9 | psnr_b100=27.047, psnr_set14=27.498, psnr_set5=31.223, psnr_urban100=24.763, ssim_b100=0.720, ssim_set14=0.847, ssim_set5=0.895, ssim_urban100=0.949 |
   247 | train=0.006534 | val=nan | lr=0.0019038 | t_train=12.88 | t_val=12.22 | mem=383.9 | psnr_b100=27.040, psnr_set14=27.486, psnr_set5=31.251, psnr_urban100=24.770, ssim_b100=0.720, ssim_set14=0.846, ssim_set5=0.896, ssim_urban100=0.948 |
   248 | train=0.006494 | val=nan | lr=0.0019002 | t_train=12.80 | t_val=12.14 | mem=383.9 | psnr_b100=26.947, psnr_set14=27.348, psnr_set5=31.025, psnr_urban100=24.665, ssim_b100=0.719, ssim_set14=0.845, ssim_set5=0.894, ssim_urban100=0.947 |
   249 | train=0.007190 | val=nan | lr=0.0018966 | t_train=12.90 | t_val=12.25 | mem=383.9 | psnr_b100=27.031, psnr_set14=27.472, psnr_set5=31.236, psnr_urban100=24.756, ssim_b100=0.719, ssim_set14=0.846, ssim_set5=0.896, ssim_urban100=0.948 |
   250 | train=0.006828 | val=nan | lr=0.001893 | t_train=12.78 | t_val=12.13 | mem=383.9 | psnr_b100=27.056, psnr_set14=27.516, psnr_set5=31.260, psnr_urban100=24.819, ssim_b100=0.720, ssim_set14=0.848, ssim_set5=0.896, ssim_urban100=0.949 |
   251 | train=0.006553 | val=nan | lr=0.0018894 | t_train=12.81 | t_val=12.16 | mem=383.9 | psnr_b100=27.095, psnr_set14=27.533, psnr_set5=31.356, psnr_urban100=24.830, ssim_b100=0.722, ssim_set14=0.848, ssim_set5=0.898, ssim_urban100=0.949 |
   252 | train=0.005147 | val=nan | lr=0.0018858 | t_train=12.94 | t_val=12.21 | mem=383.9 | psnr_b100=27.037, psnr_set14=27.485, psnr_set5=31.228, psnr_urban100=24.766, ssim_b100=0.720, ssim_set14=0.847, ssim_set5=0.896, ssim_urban100=0.947 |
   253 | train=0.005242 | val=nan | lr=0.0018822 | t_train=12.86 | t_val=12.21 | mem=383.9 | psnr_b100=27.005, psnr_set14=27.416, psnr_set5=31.157, psnr_urban100=24.711, ssim_b100=0.719, ssim_set14=0.846, ssim_set5=0.895, ssim_urban100=0.948 |
   254 | train=0.006589 | val=nan | lr=0.0018786 | t_train=12.87 | t_val=12.21 | mem=383.9 | psnr_b100=27.086, psnr_set14=27.534, psnr_set5=31.331, psnr_urban100=24.849, ssim_b100=0.721, ssim_set14=0.848, ssim_set5=0.898, ssim_urban100=0.949 |
   255 | train=0.006222 | val=nan | lr=0.0018751 | t_train=12.86 | t_val=12.20 | mem=383.9 | psnr_b100=27.024, psnr_set14=27.448, psnr_set5=31.155, psnr_urban100=24.765, ssim_b100=0.719, ssim_set14=0.846, ssim_set5=0.893, ssim_urban100=0.948 |
   256 | train=0.005677 | val=nan | lr=0.0018715 | t_train=12.86 | t_val=12.21 | mem=383.9 | psnr_b100=27.084, psnr_set14=27.592, psnr_set5=31.352, psnr_urban100=24.885, ssim_b100=0.720, ssim_set14=0.848, ssim_set5=0.897, ssim_urban100=0.950 |
   257 | train=0.007040 | val=nan | lr=0.001868 | t_train=12.82 | t_val=12.17 | mem=383.9 | psnr_b100=27.035, psnr_set14=27.460, psnr_set5=31.228, psnr_urban100=24.748, ssim_b100=0.720, ssim_set14=0.847, ssim_set5=0.896, ssim_urban100=0.948 |
   258 | train=0.006489 | val=nan | lr=0.0018644 | t_train=12.89 | t_val=12.24 | mem=383.9 | psnr_b100=26.974, psnr_set14=27.395, psnr_set5=31.126, psnr_urban100=24.694, ssim_b100=0.718, ssim_set14=0.845, ssim_set5=0.893, ssim_urban100=0.947 |
   259 | train=0.007467 | val=nan | lr=0.0018609 | t_train=12.72 | t_val=12.07 | mem=383.9 | psnr_b100=27.046, psnr_set14=27.446, psnr_set5=31.199, psnr_urban100=24.763, ssim_b100=0.720, ssim_set14=0.846, ssim_set5=0.895, ssim_urban100=0.948 |
   260 | train=0.008081 | val=nan | lr=0.0018607 | t_train=12.81 | t_val=12.14 | mem=383.9 | psnr_b100=27.037, psnr_set14=27.448, psnr_set5=31.163, psnr_urban100=24.748, ssim_b100=0.720, ssim_set14=0.847, ssim_set5=0.895, ssim_urban100=0.948 |
   261 | train=0.008411 | val=nan | lr=0.0018573 | t_train=12.91 | t_val=12.26 | mem=383.9 | psnr_b100=26.954, psnr_set14=27.331, psnr_set5=31.101, psnr_urban100=24.634, ssim_b100=0.717, ssim_set14=0.844, ssim_set5=0.893, ssim_urban100=0.947 |
   262 | train=0.006481 | val=nan | lr=0.0018538 | t_train=12.86 | t_val=12.21 | mem=383.9 | psnr_b100=27.039, psnr_set14=27.488, psnr_set5=31.311, psnr_urban100=24.793, ssim_b100=0.720, ssim_set14=0.847, ssim_set5=0.897, ssim_urban100=0.949 |
   263 | train=0.006143 | val=nan | lr=0.0018503 | t_train=12.83 | t_val=12.17 | mem=383.9 | psnr_b100=26.984, psnr_set14=27.361, psnr_set5=31.115, psnr_urban100=24.658, ssim_b100=0.718, ssim_set14=0.845, ssim_set5=0.893, ssim_urban100=0.947 |
   264 | train=0.005721 | val=nan | lr=0.0018468 | t_train=12.84 | t_val=12.18 | mem=383.9 | psnr_b100=27.024, psnr_set14=27.462, psnr_set5=31.219, psnr_urban100=24.740, ssim_b100=0.719, ssim_set14=0.846, ssim_set5=0.895, ssim_urban100=0.948 |
   265 | train=0.005202 | val=nan | lr=0.0018433 | t_train=12.81 | t_val=12.15 | mem=383.9 | psnr_b100=27.019, psnr_set14=27.405, psnr_set5=31.140, psnr_urban100=24.739, ssim_b100=0.719, ssim_set14=0.846, ssim_set5=0.894, ssim_urban100=0.948 |
   266 | train=0.004809 | val=nan | lr=0.0018398 | t_train=12.88 | t_val=12.22 | mem=383.9 | psnr_b100=27.065, psnr_set14=27.546, psnr_set5=31.310, psnr_urban100=24.858, ssim_b100=0.721, ssim_set14=0.848, ssim_set5=0.897, ssim_urban100=0.950 |
   267 | train=0.005984 | val=nan | lr=0.0018363 | t_train=12.86 | t_val=12.21 | mem=383.9 | psnr_b100=27.071, psnr_set14=27.523, psnr_set5=31.275, psnr_urban100=24.822, ssim_b100=0.721, ssim_set14=0.847, ssim_set5=0.896, ssim_urban100=0.949 |
   268 | train=0.006077 | val=nan | lr=0.0018328 | t_train=12.83 | t_val=12.18 | mem=383.9 | psnr_b100=27.046, psnr_set14=27.445, psnr_set5=31.229, psnr_urban100=24.755, ssim_b100=0.720, ssim_set14=0.846, ssim_set5=0.895, ssim_urban100=0.949 |
   269 | train=0.007291 | val=nan | lr=0.0018293 | t_train=12.89 | t_val=12.24 | mem=383.9 | psnr_b100=27.031, psnr_set14=27.452, psnr_set5=31.183, psnr_urban100=24.764, ssim_b100=0.719, ssim_set14=0.846, ssim_set5=0.894, ssim_urban100=0.948 |
   270 | train=0.005813 | val=nan | lr=0.0018258 | t_train=12.84 | t_val=12.20 | mem=383.9 | psnr_b100=27.050, psnr_set14=27.463, psnr_set5=31.207, psnr_urban100=24.792, ssim_b100=0.720, ssim_set14=0.847, ssim_set5=0.895, ssim_urban100=0.949 |
   271 | train=0.005711 | val=nan | lr=0.0018224 | t_train=12.81 | t_val=12.15 | mem=383.9 | psnr_b100=27.002, psnr_set14=27.467, psnr_set5=31.204, psnr_urban100=24.771, ssim_b100=0.718, ssim_set14=0.846, ssim_set5=0.895, ssim_urban100=0.949 |
   272 | train=0.006916 | val=nan | lr=0.0018189 | t_train=12.83 | t_val=12.18 | mem=383.9 | psnr_b100=26.886, psnr_set14=27.295, psnr_set5=30.916, psnr_urban100=24.641, ssim_b100=0.716, ssim_set14=0.844, ssim_set5=0.890, ssim_urban100=0.947 |
   273 | train=0.006393 | val=nan | lr=0.0018155 | t_train=12.83 | t_val=12.18 | mem=383.9 | psnr_b100=26.998, psnr_set14=27.431, psnr_set5=31.171, psnr_urban100=24.734, ssim_b100=0.718, ssim_set14=0.846, ssim_set5=0.893, ssim_urban100=0.948 |
   274 | train=0.006194 | val=nan | lr=0.001812 | t_train=12.84 | t_val=12.18 | mem=383.9 | psnr_b100=27.008, psnr_set14=27.440, psnr_set5=31.155, psnr_urban100=24.707, ssim_b100=0.718, ssim_set14=0.846, ssim_set5=0.893, ssim_urban100=0.948 |
   275 | train=0.007529 | val=nan | lr=0.0018086 | t_train=12.91 | t_val=12.25 | mem=383.9 | psnr_b100=27.054, psnr_set14=27.498, psnr_set5=31.266, psnr_urban100=24.747, ssim_b100=0.720, ssim_set14=0.847, ssim_set5=0.895, ssim_urban100=0.947 |
   276 | train=0.007764 | val=nan | lr=0.0018051 | t_train=12.96 | t_val=12.30 | mem=383.9 | psnr_b100=27.079, psnr_set14=27.530, psnr_set5=31.247, psnr_urban100=24.835, ssim_b100=0.721, ssim_set14=0.848, ssim_set5=0.895, ssim_urban100=0.949 |
   277 | train=0.007536 | val=nan | lr=0.0018017 | t_train=13.36 | t_val=12.70 | mem=383.9 | psnr_b100=27.026, psnr_set14=27.456, psnr_set5=31.154, psnr_urban100=24.777, ssim_b100=0.719, ssim_set14=0.846, ssim_set5=0.893, ssim_urban100=0.949 |
   278 | train=0.005660 | val=nan | lr=0.0017983 | t_train=12.90 | t_val=12.14 | mem=383.9 | psnr_b100=27.050, psnr_set14=27.491, psnr_set5=31.244, psnr_urban100=24.842, ssim_b100=0.720, ssim_set14=0.847, ssim_set5=0.896, ssim_urban100=0.950 |
   279 | train=0.005509 | val=nan | lr=0.0017949 | t_train=12.87 | t_val=12.22 | mem=383.9 | psnr_b100=27.064, psnr_set14=27.530, psnr_set5=31.247, psnr_urban100=24.842, ssim_b100=0.720, ssim_set14=0.847, ssim_set5=0.895, ssim_urban100=0.950 |
   280 | train=0.007193 | val=nan | lr=0.0017915 | t_train=12.78 | t_val=12.13 | mem=383.9 | psnr_b100=26.957, psnr_set14=27.344, psnr_set5=31.090, psnr_urban100=24.632, ssim_b100=0.717, ssim_set14=0.844, ssim_set5=0.893, ssim_urban100=0.947 |
   281 | train=0.005756 | val=nan | lr=0.0017881 | t_train=12.89 | t_val=12.23 | mem=383.9 | psnr_b100=27.041, psnr_set14=27.484, psnr_set5=31.171, psnr_urban100=24.799, ssim_b100=0.719, ssim_set14=0.847, ssim_set5=0.894, ssim_urban100=0.949 |
   282 | train=0.005446 | val=nan | lr=0.0017847 | t_train=12.80 | t_val=12.14 | mem=383.9 | psnr_b100=26.991, psnr_set14=27.454, psnr_set5=31.162, psnr_urban100=24.760, ssim_b100=0.718, ssim_set14=0.846, ssim_set5=0.894, ssim_urban100=0.949 |
   283 | train=0.006659 | val=nan | lr=0.0017813 | t_train=12.87 | t_val=12.22 | mem=383.9 | psnr_b100=27.030, psnr_set14=27.468, psnr_set5=31.249, psnr_urban100=24.792, ssim_b100=0.719, ssim_set14=0.846, ssim_set5=0.895, ssim_urban100=0.948 |
   284 | train=0.006847 | val=nan | lr=0.0017779 | t_train=12.91 | t_val=12.18 | mem=383.9 | psnr_b100=27.091, psnr_set14=27.535, psnr_set5=31.340, psnr_urban100=24.808, ssim_b100=0.721, ssim_set14=0.848, ssim_set5=0.897, ssim_urban100=0.949 |
   285 | train=0.006097 | val=nan | lr=0.0017745 | t_train=12.85 | t_val=12.20 | mem=383.9 | psnr_b100=27.019, psnr_set14=27.501, psnr_set5=31.216, psnr_urban100=24.752, ssim_b100=0.719, ssim_set14=0.847, ssim_set5=0.895, ssim_urban100=0.949 |
   286 | train=0.006722 | val=nan | lr=0.0017712 | t_train=12.86 | t_val=12.21 | mem=383.9 | psnr_b100=26.963, psnr_set14=27.353, psnr_set5=31.095, psnr_urban100=24.660, ssim_b100=0.718, ssim_set14=0.844, ssim_set5=0.893, ssim_urban100=0.947 |
   287 | train=0.005042 | val=nan | lr=0.0017678 | t_train=12.83 | t_val=12.18 | mem=383.9 | psnr_b100=27.011, psnr_set14=27.469, psnr_set5=31.175, psnr_urban100=24.759, ssim_b100=0.718, ssim_set14=0.846, ssim_set5=0.893, ssim_urban100=0.949 |
   288 | train=0.006039 | val=nan | lr=0.0017645 | t_train=12.84 | t_val=12.18 | mem=383.9 | psnr_b100=27.030, psnr_set14=27.445, psnr_set5=31.209, psnr_urban100=24.754, ssim_b100=0.719, ssim_set14=0.847, ssim_set5=0.894, ssim_urban100=0.948 |
   289 | train=0.006461 | val=nan | lr=0.0017611 | t_train=12.81 | t_val=12.16 | mem=383.9 | psnr_b100=27.083, psnr_set14=27.576, psnr_set5=31.292, psnr_urban100=24.899, ssim_b100=0.721, ssim_set14=0.849, ssim_set5=0.897, ssim_urban100=0.950 |
   290 | train=0.006989 | val=nan | lr=0.0017578 | t_train=12.84 | t_val=12.19 | mem=383.9 | psnr_b100=26.942, psnr_set14=27.328, psnr_set5=31.020, psnr_urban100=24.657, ssim_b100=0.717, ssim_set14=0.844, ssim_set5=0.891, ssim_urban100=0.947 |
   291 | train=0.006350 | val=nan | lr=0.0017544 | t_train=12.80 | t_val=12.14 | mem=383.9 | psnr_b100=27.002, psnr_set14=27.432, psnr_set5=31.132, psnr_urban100=24.761, ssim_b100=0.719, ssim_set14=0.846, ssim_set5=0.894, ssim_urban100=0.949 |
   292 | train=0.006798 | val=nan | lr=0.0017511 | t_train=12.84 | t_val=12.20 | mem=383.9 | psnr_b100=27.048, psnr_set14=27.453, psnr_set5=31.170, psnr_urban100=24.691, ssim_b100=0.720, ssim_set14=0.847, ssim_set5=0.894, ssim_urban100=0.947 |
   293 | train=0.007630 | val=nan | lr=0.0017478 | t_train=12.75 | t_val=12.09 | mem=383.9 | psnr_b100=27.028, psnr_set14=27.458, psnr_set5=31.200, psnr_urban100=24.788, ssim_b100=0.719, ssim_set14=0.847, ssim_set5=0.894, ssim_urban100=0.949 |
   294 | train=0.006728 | val=nan | lr=0.0017476 | t_train=12.89 | t_val=12.23 | mem=383.9 | psnr_b100=27.076, psnr_set14=27.516, psnr_set5=31.315, psnr_urban100=24.820, ssim_b100=0.721, ssim_set14=0.848, ssim_set5=0.897, ssim_urban100=0.950 |
   295 | train=0.005514 | val=nan | lr=0.0017445 | t_train=12.90 | t_val=12.23 | mem=383.9 | psnr_b100=27.016, psnr_set14=27.444, psnr_set5=31.203, psnr_urban100=24.811, ssim_b100=0.719, ssim_set14=0.846, ssim_set5=0.896, ssim_urban100=0.949 |
   296 | train=0.005132 | val=nan | lr=0.0017411 | t_train=12.87 | t_val=12.14 | mem=383.9 | psnr_b100=27.071, psnr_set14=27.533, psnr_set5=31.269, psnr_urban100=24.856, ssim_b100=0.721, ssim_set14=0.848, ssim_set5=0.897, ssim_urban100=0.950 |
   297 | train=0.005990 | val=nan | lr=0.0017378 | t_train=12.87 | t_val=12.22 | mem=383.9 | psnr_b100=27.017, psnr_set14=27.445, psnr_set5=31.150, psnr_urban100=24.757, ssim_b100=0.719, ssim_set14=0.846, ssim_set5=0.894, ssim_urban100=0.948 |
   298 | train=0.006923 | val=nan | lr=0.0017345 | t_train=12.83 | t_val=12.18 | mem=383.9 | psnr_b100=27.022, psnr_set14=27.458, psnr_set5=31.174, psnr_urban100=24.757, ssim_b100=0.719, ssim_set14=0.846, ssim_set5=0.895, ssim_urban100=0.948 |
   299 | train=0.006390 | val=nan | lr=0.0017312 | t_train=12.87 | t_val=12.21 | mem=383.9 | psnr_b100=27.071, psnr_set14=27.555, psnr_set5=31.371, psnr_urban100=24.871, ssim_b100=0.720, ssim_set14=0.848, ssim_set5=0.898, ssim_urban100=0.949 |
   300 | train=0.005866 | val=nan | lr=0.001728 | t_train=12.87 | t_val=12.20 | mem=383.9 | psnr_b100=27.035, psnr_set14=27.496, psnr_set5=31.257, psnr_urban100=24.824, ssim_b100=0.719, ssim_set14=0.847, ssim_set5=0.896, ssim_urban100=0.949 |
   301 | train=0.007769 | val=nan | lr=0.0017247 | t_train=12.86 | t_val=12.18 | mem=383.9 | psnr_b100=26.990, psnr_set14=27.423, psnr_set5=31.204, psnr_urban100=24.739, ssim_b100=0.718, ssim_set14=0.846, ssim_set5=0.896, ssim_urban100=0.948 |
   302 | train=0.006432 | val=nan | lr=0.0017214 | t_train=12.84 | t_val=12.18 | mem=383.9 | psnr_b100=27.099, psnr_set14=27.602, psnr_set5=31.369, psnr_urban100=24.910, ssim_b100=0.721, ssim_set14=0.848, ssim_set5=0.898, ssim_urban100=0.950 |
   303 | train=0.005266 | val=nan | lr=0.0017181 | t_train=12.85 | t_val=12.20 | mem=383.9 | psnr_b100=27.062, psnr_set14=27.582, psnr_set5=31.362, psnr_urban100=24.875, ssim_b100=0.722, ssim_set14=0.849, ssim_set5=0.899, ssim_urban100=0.950 |
   304 | train=0.005971 | val=nan | lr=0.0017149 | t_train=12.87 | t_val=12.22 | mem=383.9 | psnr_b100=27.025, psnr_set14=27.467, psnr_set5=31.215, psnr_urban100=24.805, ssim_b100=0.719, ssim_set14=0.847, ssim_set5=0.895, ssim_urban100=0.949 |
   305 | train=0.005665 | val=nan | lr=0.0017116 | t_train=12.84 | t_val=12.18 | mem=383.9 | psnr_b100=27.024, psnr_set14=27.457, psnr_set5=31.207, psnr_urban100=24.777, ssim_b100=0.719, ssim_set14=0.847, ssim_set5=0.895, ssim_urban100=0.949 |
   306 | train=0.006118 | val=nan | lr=0.0017084 | t_train=12.86 | t_val=12.19 | mem=383.9 | psnr_b100=27.005, psnr_set14=27.425, psnr_set5=31.152, psnr_urban100=24.735, ssim_b100=0.719, ssim_set14=0.846, ssim_set5=0.895, ssim_urban100=0.948 |
   307 | train=0.007484 | val=nan | lr=0.0017051 | t_train=12.90 | t_val=12.25 | mem=383.9 | psnr_b100=26.998, psnr_set14=27.428, psnr_set5=31.126, psnr_urban100=24.750, ssim_b100=0.718, ssim_set14=0.846, ssim_set5=0.893, ssim_urban100=0.948 |
   308 | train=0.005601 | val=nan | lr=0.0017019 | t_train=12.90 | t_val=12.23 | mem=383.9 | psnr_b100=27.021, psnr_set14=27.435, psnr_set5=31.220, psnr_urban100=24.799, ssim_b100=0.719, ssim_set14=0.847, ssim_set5=0.896, ssim_urban100=0.949 |
   309 | train=0.006299 | val=nan | lr=0.0016987 | t_train=12.81 | t_val=12.16 | mem=383.9 | psnr_b100=27.061, psnr_set14=27.488, psnr_set5=31.209, psnr_urban100=24.807, ssim_b100=0.720, ssim_set14=0.848, ssim_set5=0.895, ssim_urban100=0.949 |
   310 | train=0.004670 | val=nan | lr=0.0016954 | t_train=12.97 | t_val=12.21 | mem=383.9 | psnr_b100=26.998, psnr_set14=27.437, psnr_set5=31.134, psnr_urban100=24.728, ssim_b100=0.719, ssim_set14=0.846, ssim_set5=0.894, ssim_urban100=0.948 |
   311 | train=0.004658 | val=nan | lr=0.0016922 | t_train=12.87 | t_val=12.22 | mem=383.9 | psnr_b100=27.068, psnr_set14=27.564, psnr_set5=31.291, psnr_urban100=24.888, ssim_b100=0.720, ssim_set14=0.848, ssim_set5=0.896, ssim_urban100=0.950 |
   312 | train=0.007237 | val=nan | lr=0.001689 | t_train=12.86 | t_val=12.21 | mem=383.9 | psnr_b100=26.995, psnr_set14=27.431, psnr_set5=31.155, psnr_urban100=24.705, ssim_b100=0.718, ssim_set14=0.846, ssim_set5=0.894, ssim_urban100=0.948 |
   313 | train=0.005940 | val=nan | lr=0.0016858 | t_train=12.83 | t_val=12.18 | mem=383.9 | psnr_b100=27.017, psnr_set14=27.465, psnr_set5=31.162, psnr_urban100=24.788, ssim_b100=0.719, ssim_set14=0.847, ssim_set5=0.895, ssim_urban100=0.949 |
   314 | train=0.007229 | val=nan | lr=0.0016826 | t_train=12.94 | t_val=12.29 | mem=383.9 | psnr_b100=27.077, psnr_set14=27.539, psnr_set5=31.295, psnr_urban100=24.848, ssim_b100=0.721, ssim_set14=0.848, ssim_set5=0.897, ssim_urban100=0.950 |
   315 | train=0.006803 | val=nan | lr=0.0016794 | t_train=12.94 | t_val=12.21 | mem=383.9 | psnr_b100=27.049, psnr_set14=27.498, psnr_set5=31.194, psnr_urban100=24.793, ssim_b100=0.720, ssim_set14=0.847, ssim_set5=0.895, ssim_urban100=0.949 |
   316 | train=0.007512 | val=nan | lr=0.0016762 | t_train=12.86 | t_val=12.21 | mem=383.9 | psnr_b100=27.083, psnr_set14=27.576, psnr_set5=31.286, psnr_urban100=24.890, ssim_b100=0.721, ssim_set14=0.849, ssim_set5=0.896, ssim_urban100=0.950 |
   317 | train=0.004744 | val=nan | lr=0.001673 | t_train=12.83 | t_val=12.17 | mem=383.9 | psnr_b100=26.975, psnr_set14=27.385, psnr_set5=31.046, psnr_urban100=24.686, ssim_b100=0.718, ssim_set14=0.845, ssim_set5=0.892, ssim_urban100=0.947 |
   318 | train=0.006088 | val=nan | lr=0.0016699 | t_train=12.87 | t_val=12.21 | mem=383.9 | psnr_b100=27.140, psnr_set14=27.604, psnr_set5=31.425, psnr_urban100=24.983, ssim_b100=0.723, ssim_set14=0.850, ssim_set5=0.900, ssim_urban100=0.951 |
   319 | train=0.005537 | val=nan | lr=0.0016667 | t_train=12.79 | t_val=12.14 | mem=383.9 | psnr_b100=27.063, psnr_set14=27.510, psnr_set5=31.251, psnr_urban100=24.871, ssim_b100=0.720, ssim_set14=0.848, ssim_set5=0.896, ssim_urban100=0.950 |
   320 | train=0.006328 | val=nan | lr=0.0016635 | t_train=12.85 | t_val=12.19 | mem=383.9 | psnr_b100=26.992, psnr_set14=27.385, psnr_set5=31.166, psnr_urban100=24.744, ssim_b100=0.718, ssim_set14=0.845, ssim_set5=0.894, ssim_urban100=0.948 |
   321 | train=0.006208 | val=nan | lr=0.0016604 | t_train=12.87 | t_val=12.21 | mem=383.9 | psnr_b100=27.049, psnr_set14=27.479, psnr_set5=31.268, psnr_urban100=24.840, ssim_b100=0.720, ssim_set14=0.847, ssim_set5=0.896, ssim_urban100=0.950 |
   322 | train=0.009289 | val=nan | lr=0.0016572 | t_train=12.81 | t_val=12.16 | mem=383.9 | psnr_b100=27.068, psnr_set14=27.545, psnr_set5=31.354, psnr_urban100=24.881, ssim_b100=0.721, ssim_set14=0.848, ssim_set5=0.898, ssim_urban100=0.950 |
   323 | train=0.008747 | val=nan | lr=0.0016541 | t_train=12.80 | t_val=12.15 | mem=383.9 | psnr_b100=27.090, psnr_set14=27.585, psnr_set5=31.385, psnr_urban100=24.916, ssim_b100=0.721, ssim_set14=0.848, ssim_set5=0.898, ssim_urban100=0.951 |
   324 | train=0.006071 | val=nan | lr=0.0016509 | t_train=12.83 | t_val=12.17 | mem=383.9 | psnr_b100=27.072, psnr_set14=27.491, psnr_set5=31.275, psnr_urban100=24.833, ssim_b100=0.720, ssim_set14=0.847, ssim_set5=0.896, ssim_urban100=0.950 |
   325 | train=0.005994 | val=nan | lr=0.0016478 | t_train=12.87 | t_val=12.21 | mem=383.9 | psnr_b100=27.099, psnr_set14=27.579, psnr_set5=31.397, psnr_urban100=24.882, ssim_b100=0.721, ssim_set14=0.848, ssim_set5=0.899, ssim_urban100=0.950 |
   326 | train=0.009180 | val=nan | lr=0.0016447 | t_train=12.86 | t_val=12.21 | mem=383.9 | psnr_b100=26.999, psnr_set14=27.437, psnr_set5=31.180, psnr_urban100=24.813, ssim_b100=0.718, ssim_set14=0.845, ssim_set5=0.895, ssim_urban100=0.949 |
   327 | train=0.006618 | val=nan | lr=0.0016415 | t_train=12.89 | t_val=12.24 | mem=383.9 | psnr_b100=26.958, psnr_set14=27.376, psnr_set5=31.054, psnr_urban100=24.710, ssim_b100=0.717, ssim_set14=0.845, ssim_set5=0.892, ssim_urban100=0.948 |
   328 | train=0.006238 | val=nan | lr=0.0016384 | t_train=12.90 | t_val=12.25 | mem=383.9 | psnr_b100=27.055, psnr_set14=27.555, psnr_set5=31.263, psnr_urban100=24.899, ssim_b100=0.720, ssim_set14=0.848, ssim_set5=0.896, ssim_urban100=0.950 |
   329 | train=0.006525 | val=nan | lr=0.0016353 | t_train=12.82 | t_val=12.17 | mem=383.9 | psnr_b100=27.015, psnr_set14=27.481, psnr_set5=31.150, psnr_urban100=24.789, ssim_b100=0.719, ssim_set14=0.847, ssim_set5=0.894, ssim_urban100=0.949 |
   330 | train=0.005733 | val=nan | lr=0.0016322 | t_train=12.89 | t_val=12.25 | mem=383.9 | psnr_b100=27.074, psnr_set14=27.563, psnr_set5=31.297, psnr_urban100=24.847, ssim_b100=0.721, ssim_set14=0.848, ssim_set5=0.897, ssim_urban100=0.950 |
   331 | train=0.007222 | val=nan | lr=0.0016291 | t_train=12.87 | t_val=12.21 | mem=383.9 | psnr_b100=27.073, psnr_set14=27.516, psnr_set5=31.217, psnr_urban100=24.856, ssim_b100=0.722, ssim_set14=0.849, ssim_set5=0.898, ssim_urban100=0.950 |
   332 | train=0.006168 | val=nan | lr=0.001626 | t_train=12.84 | t_val=12.19 | mem=383.9 | psnr_b100=26.978, psnr_set14=27.429, psnr_set5=31.065, psnr_urban100=24.757, ssim_b100=0.718, ssim_set14=0.846, ssim_set5=0.895, ssim_urban100=0.949 |
   333 | train=0.007004 | val=nan | lr=0.0016229 | t_train=12.82 | t_val=12.17 | mem=383.9 | psnr_b100=27.038, psnr_set14=27.493, psnr_set5=31.189, psnr_urban100=24.843, ssim_b100=0.720, ssim_set14=0.847, ssim_set5=0.895, ssim_urban100=0.950 |
   334 | train=0.007007 | val=nan | lr=0.0016199 | t_train=12.85 | t_val=12.20 | mem=383.9 | psnr_b100=26.976, psnr_set14=27.367, psnr_set5=31.100, psnr_urban100=24.701, ssim_b100=0.718, ssim_set14=0.844, ssim_set5=0.894, ssim_urban100=0.948 |
   335 | train=0.007304 | val=nan | lr=0.0016168 | t_train=12.78 | t_val=12.12 | mem=383.9 | psnr_b100=27.125, psnr_set14=27.608, psnr_set5=31.393, psnr_urban100=24.940, ssim_b100=0.722, ssim_set14=0.849, ssim_set5=0.898, ssim_urban100=0.951 |
   336 | train=0.005122 | val=nan | lr=0.0016137 | t_train=12.86 | t_val=12.21 | mem=383.9 | psnr_b100=26.987, psnr_set14=27.388, psnr_set5=31.087, psnr_urban100=24.758, ssim_b100=0.718, ssim_set14=0.845, ssim_set5=0.894, ssim_urban100=0.948 |
   337 | train=0.006896 | val=nan | lr=0.0016106 | t_train=12.87 | t_val=12.21 | mem=383.9 | psnr_b100=27.041, psnr_set14=27.469, psnr_set5=31.165, psnr_urban100=24.825, ssim_b100=0.719, ssim_set14=0.847, ssim_set5=0.894, ssim_urban100=0.950 |
   338 | train=0.006500 | val=nan | lr=0.0016076 | t_train=12.87 | t_val=12.22 | mem=383.9 | psnr_b100=27.060, psnr_set14=27.501, psnr_set5=31.272, psnr_urban100=24.840, ssim_b100=0.720, ssim_set14=0.847, ssim_set5=0.896, ssim_urban100=0.949 |
   339 | train=0.005084 | val=nan | lr=0.0016045 | t_train=12.85 | t_val=12.19 | mem=383.9 | psnr_b100=27.053, psnr_set14=27.520, psnr_set5=31.244, psnr_urban100=24.840, ssim_b100=0.720, ssim_set14=0.847, ssim_set5=0.896, ssim_urban100=0.950 |
   340 | train=0.008597 | val=nan | lr=0.0016015 | t_train=12.84 | t_val=12.18 | mem=383.9 | psnr_b100=27.000, psnr_set14=27.452, psnr_set5=31.166, psnr_urban100=24.766, ssim_b100=0.718, ssim_set14=0.846, ssim_set5=0.894, ssim_urban100=0.949 |
   341 | train=0.005911 | val=nan | lr=0.0015985 | t_train=12.85 | t_val=12.18 | mem=383.9 | psnr_b100=27.095, psnr_set14=27.588, psnr_set5=31.330, psnr_urban100=24.851, ssim_b100=0.721, ssim_set14=0.849, ssim_set5=0.898, ssim_urban100=0.950 |
   342 | train=0.006352 | val=nan | lr=0.0015954 | t_train=12.83 | t_val=12.17 | mem=383.9 | psnr_b100=27.069, psnr_set14=27.546, psnr_set5=31.293, psnr_urban100=24.910, ssim_b100=0.720, ssim_set14=0.848, ssim_set5=0.897, ssim_urban100=0.950 |
   343 | train=0.006041 | val=nan | lr=0.0015924 | t_train=12.84 | t_val=12.17 | mem=383.9 | psnr_b100=27.004, psnr_set14=27.445, psnr_set5=31.181, psnr_urban100=24.818, ssim_b100=0.718, ssim_set14=0.846, ssim_set5=0.895, ssim_urban100=0.949 |
   344 | train=0.007780 | val=nan | lr=0.0015894 | t_train=12.96 | t_val=12.20 | mem=383.9 | psnr_b100=27.018, psnr_set14=27.508, psnr_set5=31.288, psnr_urban100=24.790, ssim_b100=0.719, ssim_set14=0.847, ssim_set5=0.896, ssim_urban100=0.949 |
   345 | train=0.006649 | val=nan | lr=0.0015863 | t_train=12.81 | t_val=12.16 | mem=383.9 | psnr_b100=27.080, psnr_set14=27.584, psnr_set5=31.382, psnr_urban100=24.851, ssim_b100=0.721, ssim_set14=0.848, ssim_set5=0.898, ssim_urban100=0.950 |
   346 | train=0.006731 | val=nan | lr=0.0015833 | t_train=12.86 | t_val=12.21 | mem=383.9 | psnr_b100=27.018, psnr_set14=27.449, psnr_set5=31.144, psnr_urban100=24.771, ssim_b100=0.718, ssim_set14=0.846, ssim_set5=0.894, ssim_urban100=0.949 |
   347 | train=0.005355 | val=nan | lr=0.0015803 | t_train=12.92 | t_val=12.17 | mem=383.9 | psnr_b100=27.101, psnr_set14=27.570, psnr_set5=31.330, psnr_urban100=24.900, ssim_b100=0.721, ssim_set14=0.849, ssim_set5=0.897, ssim_urban100=0.950 |
   348 | train=0.004747 | val=nan | lr=0.0015773 | t_train=12.86 | t_val=12.21 | mem=383.9 | psnr_b100=27.082, psnr_set14=27.591, psnr_set5=31.332, psnr_urban100=24.909, ssim_b100=0.721, ssim_set14=0.848, ssim_set5=0.898, ssim_urban100=0.950 |
   349 | train=0.006536 | val=nan | lr=0.0015743 | t_train=12.82 | t_val=12.17 | mem=383.9 | psnr_b100=27.123, psnr_set14=27.612, psnr_set5=31.391, psnr_urban100=24.945, ssim_b100=0.722, ssim_set14=0.850, ssim_set5=0.899, ssim_urban100=0.951 |
   350 | train=0.005831 | val=nan | lr=0.0015714 | t_train=12.88 | t_val=12.21 | mem=383.9 | psnr_b100=27.046, psnr_set14=27.516, psnr_set5=31.225, psnr_urban100=24.855, ssim_b100=0.719, ssim_set14=0.847, ssim_set5=0.895, ssim_urban100=0.950 |
   351 | train=0.004941 | val=nan | lr=0.0015684 | t_train=12.86 | t_val=12.21 | mem=383.9 | psnr_b100=27.074, psnr_set14=27.571, psnr_set5=31.362, psnr_urban100=24.905, ssim_b100=0.721, ssim_set14=0.849, ssim_set5=0.898, ssim_urban100=0.950 |
   352 | train=0.005535 | val=nan | lr=0.0015654 | t_train=12.81 | t_val=12.15 | mem=383.9 | psnr_b100=27.044, psnr_set14=27.504, psnr_set5=31.251, psnr_urban100=24.813, ssim_b100=0.720, ssim_set14=0.848, ssim_set5=0.896, ssim_urban100=0.949 |
   353 | train=0.006622 | val=nan | lr=0.0015624 | t_train=12.84 | t_val=12.18 | mem=383.9 | psnr_b100=27.029, psnr_set14=27.475, psnr_set5=31.180, psnr_urban100=24.830, ssim_b100=0.719, ssim_set14=0.847, ssim_set5=0.895, ssim_urban100=0.949 |
   354 | train=0.007202 | val=nan | lr=0.0015595 | t_train=12.89 | t_val=12.24 | mem=383.9 | psnr_b100=26.987, psnr_set14=27.446, psnr_set5=31.138, psnr_urban100=24.710, ssim_b100=0.718, ssim_set14=0.846, ssim_set5=0.895, ssim_urban100=0.948 |
   355 | train=0.006975 | val=nan | lr=0.0015565 | t_train=12.83 | t_val=12.18 | mem=383.9 | psnr_b100=27.076, psnr_set14=27.552, psnr_set5=31.330, psnr_urban100=24.884, ssim_b100=0.721, ssim_set14=0.849, ssim_set5=0.898, ssim_urban100=0.950 |
   356 | train=0.007163 | val=nan | lr=0.0015535 | t_train=12.87 | t_val=12.22 | mem=383.9 | psnr_b100=27.002, psnr_set14=27.465, psnr_set5=31.177, psnr_urban100=24.810, ssim_b100=0.719, ssim_set14=0.847, ssim_set5=0.894, ssim_urban100=0.949 |
   357 | train=0.006297 | val=nan | lr=0.0015506 | t_train=12.82 | t_val=12.18 | mem=383.9 | psnr_b100=27.119, psnr_set14=27.631, psnr_set5=31.396, psnr_urban100=24.991, ssim_b100=0.722, ssim_set14=0.850, ssim_set5=0.898, ssim_urban100=0.951 |
   358 | train=0.004921 | val=nan | lr=0.0015476 | t_train=12.86 | t_val=12.20 | mem=383.9 | psnr_b100=27.012, psnr_set14=27.500, psnr_set5=31.247, psnr_urban100=24.788, ssim_b100=0.718, ssim_set14=0.847, ssim_set5=0.895, ssim_urban100=0.949 |
   359 | train=0.006916 | val=nan | lr=0.0015447 | t_train=12.91 | t_val=12.27 | mem=383.9 | psnr_b100=27.052, psnr_set14=27.592, psnr_set5=31.363, psnr_urban100=24.900, ssim_b100=0.720, ssim_set14=0.848, ssim_set5=0.898, ssim_urban100=0.950 |
   360 | train=0.005530 | val=nan | lr=0.0015418 | t_train=12.88 | t_val=12.23 | mem=383.9 | psnr_b100=27.041, psnr_set14=27.498, psnr_set5=31.297, psnr_urban100=24.845, ssim_b100=0.720, ssim_set14=0.847, ssim_set5=0.896, ssim_urban100=0.950 |
   361 | train=0.005506 | val=nan | lr=0.0015388 | t_train=12.82 | t_val=12.16 | mem=383.9 | psnr_b100=27.076, psnr_set14=27.548, psnr_set5=31.310, psnr_urban100=24.876, ssim_b100=0.720, ssim_set14=0.847, ssim_set5=0.896, ssim_urban100=0.950 |
   362 | train=0.005907 | val=nan | lr=0.0015359 | t_train=12.86 | t_val=12.21 | mem=383.9 | psnr_b100=27.135, psnr_set14=27.650, psnr_set5=31.399, psnr_urban100=24.945, ssim_b100=0.722, ssim_set14=0.850, ssim_set5=0.899, ssim_urban100=0.951 |
   363 | train=0.006246 | val=nan | lr=0.001533 | t_train=12.80 | t_val=12.15 | mem=383.9 | psnr_b100=27.111, psnr_set14=27.631, psnr_set5=31.420, psnr_urban100=24.954, ssim_b100=0.721, ssim_set14=0.849, ssim_set5=0.898, ssim_urban100=0.951 |
   364 | train=0.005607 | val=nan | lr=0.0015301 | t_train=12.80 | t_val=12.16 | mem=383.9 | psnr_b100=27.013, psnr_set14=27.464, psnr_set5=31.202, psnr_urban100=24.788, ssim_b100=0.719, ssim_set14=0.847, ssim_set5=0.895, ssim_urban100=0.949 |
   365 | train=0.006422 | val=nan | lr=0.0015272 | t_train=12.79 | t_val=12.13 | mem=383.9 | psnr_b100=27.068, psnr_set14=27.553, psnr_set5=31.310, psnr_urban100=24.857, ssim_b100=0.720, ssim_set14=0.848, ssim_set5=0.896, ssim_urban100=0.950 |
   366 | train=0.005088 | val=nan | lr=0.0015243 | t_train=12.79 | t_val=12.14 | mem=383.9 | psnr_b100=27.034, psnr_set14=27.491, psnr_set5=31.299, psnr_urban100=24.821, ssim_b100=0.719, ssim_set14=0.847, ssim_set5=0.897, ssim_urban100=0.949 |
   367 | train=0.005375 | val=nan | lr=0.0015214 | t_train=12.86 | t_val=12.21 | mem=383.9 | psnr_b100=27.007, psnr_set14=27.448, psnr_set5=31.206, psnr_urban100=24.778, ssim_b100=0.718, ssim_set14=0.846, ssim_set5=0.895, ssim_urban100=0.949 |
   368 | train=0.008285 | val=nan | lr=0.0015185 | t_train=12.91 | t_val=12.25 | mem=383.9 | psnr_b100=27.116, psnr_set14=27.631, psnr_set5=31.466, psnr_urban100=24.965, ssim_b100=0.721, ssim_set14=0.850, ssim_set5=0.899, ssim_urban100=0.951 |
   369 | train=0.006083 | val=nan | lr=0.0015156 | t_train=12.81 | t_val=12.14 | mem=383.9 | psnr_b100=27.022, psnr_set14=27.463, psnr_set5=31.189, psnr_urban100=24.772, ssim_b100=0.719, ssim_set14=0.847, ssim_set5=0.895, ssim_urban100=0.948 |
