     0 | base=nan | val=nan | acc1=0.7031 | Wμ=nan | Aμ=nan | Wmax=nan | Amax=nan |LR=nan | t=nans
     0 | base=nan | val=1.104401 | acc1=0.7032 | Wμ=11.367 | Aμ=20.000 | Wmax=12.587 | Amax=14.104 |LR=nan | t=nans
     0 | base=nan | val=1.104483 | acc1=0.7030 | Wμ=10.000 | Aμ=20.000 | Wmax=10.000 | Amax=14.105 |LR=nan | t=nans
     0 | base=nan | val=1.104656 | acc1=0.7024 | Wμ=10.000 | Aμ=10.000 | Wmax=10.000 | Amax=9.987 |LR=nan | t=nans
# epoch | BaseLoss | ValLoss | Acc@1 | MeanWBits | MeanABits | MaxWBits | MaxABits | LR | EpochTime(s)
     0 | base=nan | val=1.111653 | acc1=0.7025 | Wμ=10.000 | Aμ=10.000 | Wmax=10.000 | Amax=9.976 |LR=nan | t=nans
     0 | base=0.101674 | val=1.133664 | acc1=0.6957 | Wμ=10.000 | Aμ=10.001 | Wmax=10.010 | Amax=10.001 |LR=0.00098 | t=10.68s
     1 | base=0.058327 | val=1.120285 | acc1=0.6969 | Wμ=10.001 | Aμ=10.004 | Wmax=10.029 | Amax=10.007 |LR=0.00198 | t=9.50s
     2 | base=0.046432 | val=1.132320 | acc1=0.6950 | Wμ=10.002 | Aμ=10.013 | Wmax=10.059 | Amax=10.021 |LR=0.00298 | t=9.49s
     3 | base=0.043656 | val=1.147765 | acc1=0.6891 | Wμ=10.005 | Aμ=10.026 | Wmax=10.069 | Amax=10.051 |LR=0.00398 | t=9.44s
     4 | base=0.055392 | val=1.167501 | acc1=0.6872 | Wμ=10.011 | Aμ=10.049 | Wmax=10.087 | Amax=10.090 |LR=0.00498 | t=9.47s
     5 | base=0.074036 | val=1.165243 | acc1=0.6791 | Wμ=10.020 | Aμ=10.083 | Wmax=10.142 | Amax=10.161 |LR=0.00598 | t=9.48s
     6 | base=0.110186 | val=1.317495 | acc1=0.6460 | Wμ=10.037 | Aμ=10.133 | Wmax=10.179 | Amax=10.252 |LR=0.00698 | t=9.44s
     7 | base=0.206690 | val=1.337912 | acc1=0.6371 | Wμ=10.065 | Aμ=10.172 | Wmax=10.247 | Amax=10.316 |LR=0.00798 | t=9.48s
     8 | base=0.248871 | val=1.351937 | acc1=0.6387 | Wμ=10.111 | Aμ=10.221 | Wmax=10.375 | Amax=10.416 |LR=0.00898 | t=9.47s
     9 | base=0.289437 | val=1.427789 | acc1=0.6153 | Wμ=10.171 | Aμ=10.267 | Wmax=10.547 | Amax=10.471 |LR=0.00998 | t=9.48s
    10 | base=0.288173 | val=1.443314 | acc1=0.6138 | Wμ=10.231 | Aμ=10.308 | Wmax=10.651 | Amax=10.502 |LR=0.01098 | t=9.54s
    11 | base=0.292172 | val=1.429295 | acc1=0.6128 | Wμ=10.289 | Aμ=10.340 | Wmax=10.751 | Amax=10.580 |LR=0.01198 | t=9.45s
    12 | base=0.317379 | val=1.403178 | acc1=0.6248 | Wμ=10.353 | Aμ=10.360 | Wmax=10.952 | Amax=10.676 |LR=0.01298 | t=9.47s
    13 | base=0.308740 | val=1.464724 | acc1=0.6083 | Wμ=10.425 | Aμ=10.396 | Wmax=11.147 | Amax=10.817 |LR=0.01398 | t=9.47s
    14 | base=0.304515 | val=1.472619 | acc1=0.6013 | Wμ=10.489 | Aμ=10.407 | Wmax=11.231 | Amax=10.898 |LR=0.01498 | t=9.46s
    15 | base=0.351532 | val=1.579893 | acc1=0.5921 | Wμ=10.563 | Aμ=10.439 | Wmax=11.306 | Amax=10.907 |LR=0.01598 | t=9.46s
    16 | base=0.358158 | val=1.496060 | acc1=0.6034 | Wμ=10.634 | Aμ=10.517 | Wmax=11.405 | Amax=11.114 |LR=0.01698 | t=9.45s
    17 | base=0.334169 | val=1.648028 | acc1=0.5680 | Wμ=10.707 | Aμ=10.590 | Wmax=11.540 | Amax=11.212 |LR=0.01798 | t=9.49s
    18 | base=0.327517 | val=1.400438 | acc1=0.6235 | Wμ=10.772 | Aμ=10.637 | Wmax=11.578 | Amax=11.327 |LR=0.01898 | t=9.48s
    19 | base=0.326617 | val=1.476986 | acc1=0.6024 | Wμ=10.840 | Aμ=10.672 | Wmax=11.740 | Amax=11.316 |LR=0.01998 | t=9.52s
    20 | base=0.345345 | val=1.451044 | acc1=0.6182 | Wμ=7.356 | Aμ=7.436 | Wmax=8.114 | Amax=8.983 |LR=0.02 | t=9.50s
    21 | base=0.471925 | val=2.242875 | acc1=0.4562 | Wμ=4.041 | Aμ=5.078 | Wmax=4.858 | Amax=6.570 |LR=0.02 | t=9.49s
    22 | base=1.428372 | val=4.245764 | acc1=0.1801 | Wμ=2.031 | Aμ=4.590 | Wmax=3.585 | Amax=5.977 |LR=0.02 | t=9.48s
    23 | base=1.879915 | val=5.573049 | acc1=0.0886 | Wμ=1.327 | Aμ=3.894 | Wmax=3.000 | Amax=5.044 |LR=0.02 | t=9.46s
    24 | base=1.779732 | val=4.662214 | acc1=0.2133 | Wμ=1.102 | Aμ=2.919 | Wmax=2.322 | Amax=4.087 |LR=0.02 | t=9.60s
    25 | base=1.822981 | val=4.900865 | acc1=0.1314 | Wμ=1.022 | Aμ=2.026 | Wmax=2.000 | Amax=2.807 |LR=0.02 | t=9.51s
    26 | base=1.850936 | val=2.581187 | acc1=0.3597 | Wμ=0.998 | Aμ=1.648 | Wmax=1.585 | Amax=2.000 |LR=0.02 | t=9.50s
    27 | base=1.916034 | val=4.369479 | acc1=0.1633 | Wμ=0.988 | Aμ=1.441 | Wmax=1.585 | Amax=2.000 |LR=0.02 | t=9.52s
    28 | base=2.055038 | val=3.806671 | acc1=0.2430 | Wμ=0.986 | Aμ=1.252 | Wmax=1.000 | Amax=1.585 |LR=0.02 | t=9.52s
    29 | base=2.328958 | val=4.029969 | acc1=0.1783 | Wμ=0.982 | Aμ=1.122 | Wmax=1.000 | Amax=1.585 |LR=0.02 | t=9.53s
    30 | base=2.229848 | val=4.079653 | acc1=0.1687 | Wμ=0.979 | Aμ=1.095 | Wmax=1.000 | Amax=1.585 |LR=0.02 | t=9.53s
    31 | base=2.116080 | val=4.954928 | acc1=0.1858 | Wμ=0.977 | Aμ=1.075 | Wmax=1.000 | Amax=1.585 |LR=0.02 | t=9.52s
    32 | base=2.222276 | val=4.151346 | acc1=0.1857 | Wμ=0.975 | Aμ=1.054 | Wmax=1.000 | Amax=1.000 |LR=0.02 | t=9.51s
    33 | base=2.119601 | val=3.241143 | acc1=0.2487 | Wμ=0.971 | Aμ=0.981 | Wmax=1.000 | Amax=1.000 |LR=0.018582 | t=9.53s
    34 | base=2.016768 | val=3.910720 | acc1=0.1748 | Wμ=0.971 | Aμ=0.983 | Wmax=1.000 | Amax=1.000 |LR=0.017238 | t=9.55s
    35 | base=2.021602 | val=3.899220 | acc1=0.2140 | Wμ=0.970 | Aμ=0.966 | Wmax=1.000 | Amax=1.000 |LR=0.015992 | t=9.55s
    36 | base=1.986386 | val=5.857818 | acc1=0.0822 | Wμ=0.967 | Aμ=0.965 | Wmax=1.000 | Amax=1.000 |LR=0.014835 | t=9.52s
    37 | base=1.990664 | val=4.549957 | acc1=0.1642 | Wμ=0.966 | Aμ=0.967 | Wmax=1.000 | Amax=1.000 |LR=0.013763 | t=9.53s
    38 | base=1.864706 | val=3.305500 | acc1=0.2557 | Wμ=0.966 | Aμ=0.944 | Wmax=1.000 | Amax=1.000 |LR=0.012767 | t=9.52s
    39 | base=1.923646 | val=4.347354 | acc1=0.1740 | Wμ=0.966 | Aμ=0.960 | Wmax=1.000 | Amax=1.000 |LR=0.011844 | t=9.51s
    40 | base=1.795778 | val=3.706980 | acc1=0.2379 | Wμ=0.966 | Aμ=0.965 | Wmax=1.000 | Amax=1.000 |LR=0.010988 | t=9.56s
    41 | base=1.780896 | val=3.745701 | acc1=0.2038 | Wμ=0.966 | Aμ=0.957 | Wmax=1.000 | Amax=1.000 |LR=0.010193 | t=9.52s
    42 | base=1.844443 | val=4.172643 | acc1=0.1948 | Wμ=0.967 | Aμ=0.964 | Wmax=1.000 | Amax=1.000 |LR=0.0094562 | t=9.55s
    43 | base=1.816660 | val=3.351516 | acc1=0.2719 | Wμ=0.969 | Aμ=0.975 | Wmax=1.000 | Amax=1.000 |LR=0.0087724 | t=9.52s
    44 | base=1.829052 | val=3.477614 | acc1=0.2555 | Wμ=0.969 | Aμ=0.962 | Wmax=1.000 | Amax=1.000 |LR=0.0081381 | t=9.51s
    45 | base=1.786850 | val=3.138614 | acc1=0.2780 | Wμ=0.969 | Aμ=0.958 | Wmax=1.000 | Amax=1.000 |LR=0.0075497 | t=9.57s
    46 | base=1.726028 | val=3.108956 | acc1=0.2758 | Wμ=0.969 | Aμ=0.966 | Wmax=1.000 | Amax=1.000 |LR=0.0070037 | t=9.53s
    47 | base=1.772988 | val=3.875850 | acc1=0.1874 | Wμ=0.969 | Aμ=0.969 | Wmax=1.000 | Amax=1.000 |LR=0.0064973 | t=9.56s
    48 | base=1.715067 | val=3.302877 | acc1=0.2474 | Wμ=0.968 | Aμ=0.964 | Wmax=1.000 | Amax=1.000 |LR=0.0060275 | t=9.53s
    49 | base=1.771394 | val=2.996160 | acc1=0.2909 | Wμ=0.969 | Aμ=0.972 | Wmax=1.000 | Amax=1.000 |LR=0.0055917 | t=9.52s
