     0 | base=nan | val=1.104183 | acc1=nan | Wμ=nan | Aμ=nan | Wmax=nan | Amax=nan |LR=nan | t=nans
     0 | base=nan | val=1.104352 | acc1=0.7034 | Wμ=11.367 | Aμ=20.000 | Wmax=12.587 | Amax=14.104 |LR=nan | t=nans
     0 | base=nan | val=1.104495 | acc1=0.7028 | Wμ=10.000 | Aμ=20.000 | Wmax=10.000 | Amax=14.105 |LR=nan | t=nans
     0 | base=nan | val=1.104728 | acc1=0.7024 | Wμ=10.000 | Aμ=10.000 | Wmax=10.000 | Amax=9.988 |LR=nan | t=nans
# epoch | BaseLoss | ValLoss | Acc@1 | MeanWBits | MeanABits | MaxWBits | MaxABits | LR | GradNorm | WSat | ASat | NoiseMean | NoiseVar | NoiseCorr | Temp | EpochTime(s)
     0 | base=nan | val=1.111712 | acc1=0.7035 | Wμ=10.000 | Aμ=10.000 | Wmax=10.000 | Amax=9.976 |LR=nan | t=nans
     0 | base=0.092500 | val=1.133813 | acc1=0.6950 | Wμ=10.000 | Aμ=10.001 | Wmax=10.010 | Amax=10.001 |LR=0.00098 | t=11.46s
     1 | base=0.056195 | val=1.123843 | acc1=0.6973 | Wμ=10.001 | Aμ=10.006 | Wmax=10.025 | Amax=10.010 |LR=0.00198 | t=9.60s
     2 | base=0.045936 | val=1.131079 | acc1=0.6946 | Wμ=10.002 | Aμ=10.017 | Wmax=10.057 | Amax=10.027 |LR=0.00298 | t=9.62s
     3 | base=0.046696 | val=1.177076 | acc1=0.6808 | Wμ=10.005 | Aμ=10.035 | Wmax=10.086 | Amax=10.050 |LR=0.00398 | t=9.59s
     4 | base=0.055865 | val=1.169182 | acc1=0.6833 | Wμ=10.010 | Aμ=10.065 | Wmax=10.101 | Amax=10.106 |LR=0.00498 | t=9.63s
     5 | base=0.063822 | val=1.176364 | acc1=0.6810 | Wμ=10.019 | Aμ=10.101 | Wmax=10.099 | Amax=10.153 |LR=0.00598 | t=9.59s
     6 | base=0.123965 | val=1.261512 | acc1=0.6574 | Wμ=10.035 | Aμ=10.142 | Wmax=10.157 | Amax=10.233 |LR=0.00698 | t=9.61s
     7 | base=0.181511 | val=1.351721 | acc1=0.6359 | Wμ=10.067 | Aμ=10.186 | Wmax=10.301 | Amax=10.292 |LR=0.00798 | t=9.68s
     8 | base=0.226418 | val=1.611639 | acc1=0.5847 | Wμ=10.114 | Aμ=10.242 | Wmax=10.384 | Amax=10.363 |LR=0.00898 | t=9.59s
     9 | base=0.256410 | val=1.463907 | acc1=0.6097 | Wμ=10.172 | Aμ=10.292 | Wmax=10.461 | Amax=10.468 |LR=0.00998 | t=9.63s
    10 | base=0.326102 | val=1.369306 | acc1=0.6309 | Wμ=10.230 | Aμ=10.348 | Wmax=10.637 | Amax=10.546 |LR=0.01098 | t=9.60s
    11 | base=0.295219 | val=1.356956 | acc1=0.6292 | Wμ=10.296 | Aμ=10.385 | Wmax=10.768 | Amax=10.598 |LR=0.01198 | t=9.63s
    12 | base=0.323996 | val=1.553510 | acc1=0.5846 | Wμ=10.362 | Aμ=10.440 | Wmax=10.900 | Amax=10.695 |LR=0.01298 | t=9.69s
    13 | base=0.320106 | val=1.414984 | acc1=0.6210 | Wμ=10.426 | Aμ=10.492 | Wmax=10.989 | Amax=10.718 |LR=0.01398 | t=9.69s
    14 | base=0.323305 | val=1.355297 | acc1=0.6296 | Wμ=10.494 | Aμ=10.571 | Wmax=11.131 | Amax=10.810 |LR=0.01498 | t=9.65s
    15 | base=0.323517 | val=1.493820 | acc1=0.6082 | Wμ=10.565 | Aμ=10.616 | Wmax=11.256 | Amax=10.896 |LR=0.01598 | t=9.65s
    16 | base=0.340491 | val=1.710501 | acc1=0.5558 | Wμ=10.628 | Aμ=10.693 | Wmax=11.409 | Amax=10.964 |LR=0.01698 | t=9.64s
    17 | base=0.320465 | val=1.430358 | acc1=0.6182 | Wμ=10.695 | Aμ=10.767 | Wmax=11.519 | Amax=11.120 |LR=0.01798 | t=9.56s
    18 | base=0.349818 | val=1.574900 | acc1=0.5838 | Wμ=10.764 | Aμ=10.829 | Wmax=11.518 | Amax=11.291 |LR=0.01898 | t=9.60s
    19 | base=0.363524 | val=1.500628 | acc1=0.6032 | Wμ=10.837 | Aμ=10.893 | Wmax=11.719 | Amax=11.351 |LR=0.01998 | t=9.66s
    20 | base=0.310802 | val=1.556684 | acc1=0.5831 | Wμ=7.356 | Aμ=7.336 | Wmax=8.205 | Amax=8.607 |LR=0.02 | t=9.71s
    21 | base=0.433327 | val=1.675744 | acc1=0.5526 | Wμ=4.033 | Aμ=4.785 | Wmax=4.954 | Amax=6.267 |LR=0.02 | t=9.69s
    22 | base=1.370419 | val=4.863447 | acc1=0.1528 | Wμ=2.043 | Aμ=4.369 | Wmax=3.700 | Amax=5.858 |LR=0.02 | t=9.68s
    23 | base=1.845881 | val=13.412423 | acc1=0.0133 | Wμ=1.341 | Aμ=3.670 | Wmax=2.807 | Amax=4.858 |LR=0.02 | t=9.71s
    24 | base=1.735734 | val=4.011702 | acc1=0.2150 | Wμ=1.112 | Aμ=2.823 | Wmax=2.322 | Amax=4.087 |LR=0.02 | t=9.66s
    25 | base=1.726555 | val=5.793357 | acc1=0.1333 | Wμ=1.024 | Aμ=2.073 | Wmax=2.000 | Amax=2.807 |LR=0.02 | t=9.63s
    26 | base=1.771214 | val=9.739033 | acc1=0.0311 | Wμ=1.001 | Aμ=1.709 | Wmax=2.000 | Amax=2.322 |LR=0.02 | t=9.62s
    27 | base=2.032304 | val=3.689984 | acc1=0.2072 | Wμ=0.987 | Aμ=1.500 | Wmax=1.000 | Amax=2.000 |LR=0.02 | t=9.69s
    28 | base=1.976388 | val=3.553534 | acc1=0.2295 | Wμ=0.985 | Aμ=1.288 | Wmax=1.000 | Amax=1.585 |LR=0.02 | t=9.68s
    29 | base=2.083071 | val=3.978931 | acc1=0.2185 | Wμ=0.983 | Aμ=1.153 | Wmax=1.000 | Amax=1.585 |LR=0.02 | t=9.67s
    30 | base=2.172398 | val=4.632058 | acc1=0.1630 | Wμ=0.977 | Aμ=1.091 | Wmax=1.000 | Amax=1.585 |LR=0.02 | t=9.72s
    31 | base=2.178405 | val=3.371020 | acc1=0.2472 | Wμ=0.979 | Aμ=1.064 | Wmax=1.000 | Amax=1.585 |LR=0.02 | t=9.68s
    32 | base=2.185475 | val=3.728946 | acc1=0.2460 | Wμ=0.976 | Aμ=1.059 | Wmax=1.000 | Amax=1.585 |LR=0.02 | t=9.75s
    33 | base=2.131732 | val=4.433102 | acc1=0.1885 | Wμ=0.972 | Aμ=1.001 | Wmax=1.000 | Amax=1.000 |LR=0.02 | t=9.75s
    34 | base=1.981970 | val=3.272649 | acc1=0.2523 | Wμ=0.967 | Aμ=0.981 | Wmax=1.000 | Amax=1.000 |LR=0.018582 | t=9.70s
    35 | base=1.965278 | val=2.931307 | acc1=0.3027 | Wμ=0.965 | Aμ=0.964 | Wmax=1.000 | Amax=1.000 |LR=0.017238 | t=9.73s
    36 | base=2.003644 | val=3.338389 | acc1=0.2538 | Wμ=0.967 | Aμ=0.958 | Wmax=1.000 | Amax=1.000 |LR=0.015992 | t=9.74s
    37 | base=1.905644 | val=2.982826 | acc1=0.2881 | Wμ=0.964 | Aμ=0.953 | Wmax=1.000 | Amax=1.000 |LR=0.014835 | t=9.74s
    38 | base=1.901578 | val=3.617053 | acc1=0.2287 | Wμ=0.966 | Aμ=0.965 | Wmax=1.000 | Amax=1.000 |LR=0.013763 | t=9.70s
    39 | base=1.970543 | val=4.920483 | acc1=0.1539 | Wμ=0.966 | Aμ=0.968 | Wmax=1.000 | Amax=1.000 |LR=0.012767 | t=9.71s
