     0 | base=nan | val=nan | acc1=0.7031 | Wμ=nan | Aμ=nan | Wmax=nan | Amax=nan |LR=nan | t=nans
     0 | base=nan | val=1.104401 | acc1=0.7032 | Wμ=11.367 | Aμ=20.000 | Wmax=12.587 | Amax=14.104 |LR=nan | t=nans
     0 | base=nan | val=1.104483 | acc1=0.7030 | Wμ=10.000 | Aμ=20.000 | Wmax=10.000 | Amax=14.105 |LR=nan | t=nans
     0 | base=nan | val=1.104656 | acc1=0.7024 | Wμ=10.000 | Aμ=10.000 | Wmax=10.000 | Amax=9.987 |LR=nan | t=nans
# epoch | BaseLoss | ValLoss | Acc@1 | MeanWBits | MeanABits | MaxWBits | MaxABits | LR | EpochTime(s)
     0 | base=nan | val=1.111653 | acc1=0.7025 | Wμ=10.000 | Aμ=10.000 | Wmax=10.000 | Amax=9.976 |LR=nan | t=nans
     0 | base=0.195521 | val=1.152940 | acc1=0.6964 | Wμ=10.000 | Aμ=10.000 | Wmax=10.001 | Amax=10.000 |LR=9.8e-05 | t=10.69s
     1 | base=0.121630 | val=1.122464 | acc1=0.6996 | Wμ=10.000 | Aμ=10.000 | Wmax=10.007 | Amax=10.001 |LR=0.000198 | t=9.46s
     2 | base=0.081688 | val=1.117099 | acc1=0.7004 | Wμ=10.000 | Aμ=10.001 | Wmax=10.013 | Amax=10.002 |LR=0.000298 | t=9.39s
     3 | base=0.065738 | val=1.110826 | acc1=0.6985 | Wμ=10.000 | Aμ=10.002 | Wmax=10.020 | Amax=10.004 |LR=0.000398 | t=9.47s
     4 | base=0.052513 | val=1.113836 | acc1=0.7000 | Wμ=10.001 | Aμ=10.004 | Wmax=10.029 | Amax=10.007 |LR=0.000498 | t=9.45s
     5 | base=0.044884 | val=1.110444 | acc1=0.7001 | Wμ=10.001 | Aμ=10.007 | Wmax=10.040 | Amax=10.014 |LR=0.000598 | t=9.38s
     6 | base=0.039534 | val=1.111699 | acc1=0.7001 | Wμ=10.001 | Aμ=10.011 | Wmax=10.051 | Amax=10.022 |LR=0.000698 | t=9.42s
     7 | base=0.032982 | val=1.110729 | acc1=0.6991 | Wμ=10.002 | Aμ=10.015 | Wmax=10.059 | Amax=10.031 |LR=0.000798 | t=9.41s
     8 | base=0.034419 | val=1.115156 | acc1=0.6989 | Wμ=10.002 | Aμ=10.022 | Wmax=10.065 | Amax=10.039 |LR=0.000898 | t=9.41s
     9 | base=0.030329 | val=1.113879 | acc1=0.6971 | Wμ=10.003 | Aμ=10.031 | Wmax=10.071 | Amax=10.057 |LR=0.000998 | t=9.43s
    10 | base=0.027905 | val=1.123217 | acc1=0.6971 | Wμ=10.005 | Aμ=10.041 | Wmax=10.073 | Amax=10.082 |LR=0.001098 | t=9.38s
    11 | base=0.025525 | val=1.123412 | acc1=0.6972 | Wμ=10.006 | Aμ=10.052 | Wmax=10.074 | Amax=10.110 |LR=0.001198 | t=9.40s
    12 | base=0.023407 | val=1.120950 | acc1=0.6985 | Wμ=10.008 | Aμ=10.066 | Wmax=10.070 | Amax=10.137 |LR=0.001298 | t=9.40s
    13 | base=0.022706 | val=1.111652 | acc1=0.6971 | Wμ=10.010 | Aμ=10.080 | Wmax=10.074 | Amax=10.162 |LR=0.001398 | t=9.38s
    14 | base=0.022372 | val=1.122391 | acc1=0.6956 | Wμ=10.012 | Aμ=10.098 | Wmax=10.085 | Amax=10.197 |LR=0.001498 | t=9.40s
    15 | base=0.023947 | val=1.125120 | acc1=0.6939 | Wμ=10.014 | Aμ=10.115 | Wmax=10.093 | Amax=10.223 |LR=0.001598 | t=9.38s
    16 | base=0.025354 | val=1.128036 | acc1=0.6949 | Wμ=10.018 | Aμ=10.136 | Wmax=10.102 | Amax=10.258 |LR=0.001698 | t=9.39s
    17 | base=0.027971 | val=1.148170 | acc1=0.6893 | Wμ=10.021 | Aμ=10.157 | Wmax=10.110 | Amax=10.292 |LR=0.001798 | t=9.39s
    18 | base=0.027552 | val=1.137761 | acc1=0.6912 | Wμ=10.025 | Aμ=10.182 | Wmax=10.110 | Amax=10.334 |LR=0.001898 | t=9.40s
    19 | base=0.032566 | val=1.147075 | acc1=0.6894 | Wμ=10.030 | Aμ=10.206 | Wmax=10.112 | Amax=10.376 |LR=0.001998 | t=9.37s
    20 | base=0.032133 | val=1.141343 | acc1=0.6923 | Wμ=9.857 | Aμ=10.162 | Wmax=10.013 | Amax=10.401 |LR=0.002 | t=9.39s
    21 | base=0.037509 | val=1.159170 | acc1=0.6867 | Wμ=9.561 | Aμ=9.981 | Wmax=9.838 | Amax=10.383 |LR=0.002 | t=9.42s
    22 | base=0.033575 | val=1.165546 | acc1=0.6857 | Wμ=9.282 | Aμ=9.737 | Wmax=9.631 | Amax=10.305 |LR=0.002 | t=9.45s
    23 | base=0.041552 | val=1.150290 | acc1=0.6889 | Wμ=9.021 | Aμ=9.469 | Wmax=9.424 | Amax=10.164 |LR=0.002 | t=9.38s
    24 | base=0.043322 | val=1.184604 | acc1=0.6806 | Wμ=8.772 | Aμ=9.231 | Wmax=9.226 | Amax=10.025 |LR=0.002 | t=9.43s
    25 | base=0.044113 | val=1.138973 | acc1=0.6948 | Wμ=8.535 | Aμ=9.002 | Wmax=9.036 | Amax=9.861 |LR=0.002 | t=9.45s
    26 | base=0.048677 | val=1.144838 | acc1=0.6892 | Wμ=8.305 | Aμ=8.785 | Wmax=8.852 | Amax=9.728 |LR=0.002 | t=9.45s
    27 | base=0.049675 | val=1.176728 | acc1=0.6772 | Wμ=8.081 | Aμ=8.587 | Wmax=8.669 | Amax=9.618 |LR=0.002 | t=9.44s
    28 | base=0.047027 | val=1.161398 | acc1=0.6845 | Wμ=7.864 | Aμ=8.404 | Wmax=8.492 | Amax=9.531 |LR=0.002 | t=9.39s
    29 | base=0.051800 | val=1.166715 | acc1=0.6860 | Wμ=7.651 | Aμ=8.227 | Wmax=8.313 | Amax=9.390 |LR=0.002 | t=9.41s
    30 | base=0.056540 | val=1.170745 | acc1=0.6833 | Wμ=7.441 | Aμ=8.054 | Wmax=8.140 | Amax=9.278 |LR=0.002 | t=9.41s
    31 | base=0.065814 | val=1.200494 | acc1=0.6738 | Wμ=7.235 | Aμ=7.885 | Wmax=7.977 | Amax=9.119 |LR=0.002 | t=9.39s
    32 | base=0.058716 | val=1.181018 | acc1=0.6796 | Wμ=7.032 | Aμ=7.740 | Wmax=7.814 | Amax=9.022 |LR=0.002 | t=9.43s
    33 | base=0.068259 | val=1.171018 | acc1=0.6792 | Wμ=6.829 | Aμ=7.590 | Wmax=7.651 | Amax=8.907 |LR=0.002 | t=9.38s
    34 | base=0.078592 | val=1.202647 | acc1=0.6753 | Wμ=6.629 | Aμ=7.428 | Wmax=7.492 | Amax=8.778 |LR=0.002 | t=9.43s
    35 | base=0.077102 | val=1.176713 | acc1=0.6783 | Wμ=6.429 | Aμ=7.279 | Wmax=7.340 | Amax=8.662 |LR=0.002 | t=9.41s
    36 | base=0.094188 | val=1.192536 | acc1=0.6743 | Wμ=6.232 | Aμ=7.136 | Wmax=7.180 | Amax=8.524 |LR=0.002 | t=9.40s
    37 | base=0.098407 | val=1.213139 | acc1=0.6710 | Wμ=6.035 | Aμ=7.005 | Wmax=7.033 | Amax=8.447 |LR=0.002 | t=9.41s
    38 | base=0.107084 | val=1.226193 | acc1=0.6623 | Wμ=5.838 | Aμ=6.877 | Wmax=6.870 | Amax=8.358 |LR=0.002 | t=9.42s
    39 | base=0.111739 | val=1.215975 | acc1=0.6668 | Wμ=5.640 | Aμ=6.750 | Wmax=6.728 | Amax=8.234 |LR=0.002 | t=9.39s
    40 | base=0.118975 | val=1.234329 | acc1=0.6670 | Wμ=5.444 | Aμ=6.626 | Wmax=6.570 | Amax=8.140 |LR=0.002 | t=9.37s
    41 | base=0.133313 | val=1.236584 | acc1=0.6617 | Wμ=5.248 | Aμ=6.499 | Wmax=6.426 | Amax=7.994 |LR=0.002 | t=9.37s
    42 | base=0.130052 | val=1.282104 | acc1=0.6504 | Wμ=5.052 | Aμ=6.381 | Wmax=6.267 | Amax=7.907 |LR=0.002 | t=9.37s
    43 | base=0.145497 | val=1.289743 | acc1=0.6506 | Wμ=4.859 | Aμ=6.277 | Wmax=6.109 | Amax=7.839 |LR=0.002 | t=9.38s
    44 | base=0.166580 | val=1.319596 | acc1=0.6462 | Wμ=4.661 | Aμ=6.175 | Wmax=5.977 | Amax=7.748 |LR=0.002 | t=9.40s
    45 | base=0.174310 | val=1.281932 | acc1=0.6524 | Wμ=4.465 | Aμ=6.076 | Wmax=5.833 | Amax=7.622 |LR=0.002 | t=9.45s
    46 | base=0.179071 | val=1.271383 | acc1=0.6549 | Wμ=4.269 | Aμ=5.976 | Wmax=5.672 | Amax=7.547 |LR=0.002 | t=9.41s
    47 | base=0.200902 | val=1.328275 | acc1=0.6357 | Wμ=4.075 | Aμ=5.863 | Wmax=5.492 | Amax=7.476 |LR=0.002 | t=9.40s
    48 | base=0.197356 | val=1.301031 | acc1=0.6529 | Wμ=3.885 | Aμ=5.759 | Wmax=5.322 | Amax=7.366 |LR=0.002 | t=9.38s
    49 | base=0.235693 | val=1.439244 | acc1=0.6152 | Wμ=3.696 | Aμ=5.670 | Wmax=5.170 | Amax=7.257 |LR=0.002 | t=9.40s
    50 | base=0.262196 | val=1.439818 | acc1=0.6105 | Wμ=3.512 | Aμ=5.584 | Wmax=5.000 | Amax=7.190 |LR=0.002 | t=9.40s
    51 | base=0.275691 | val=1.448551 | acc1=0.6109 | Wμ=3.327 | Aμ=5.500 | Wmax=4.907 | Amax=7.098 |LR=0.002 | t=9.38s
    52 | base=0.302937 | val=1.443212 | acc1=0.6167 | Wμ=3.148 | Aμ=5.398 | Wmax=4.755 | Amax=6.966 |LR=0.002 | t=9.38s
    53 | base=0.329783 | val=1.483915 | acc1=0.6006 | Wμ=2.977 | Aμ=5.310 | Wmax=4.585 | Amax=6.907 |LR=0.002 | t=9.38s
    54 | base=0.377472 | val=1.618040 | acc1=0.5783 | Wμ=2.816 | Aμ=5.217 | Wmax=4.459 | Amax=6.794 |LR=0.002 | t=9.38s
    55 | base=0.365338 | val=1.457579 | acc1=0.6084 | Wμ=2.654 | Aμ=5.137 | Wmax=4.322 | Amax=6.700 |LR=0.002 | t=9.41s
    56 | base=0.373809 | val=1.927766 | acc1=0.5097 | Wμ=2.496 | Aμ=5.044 | Wmax=4.248 | Amax=6.615 |LR=0.002 | t=9.44s
    57 | base=0.436774 | val=1.792134 | acc1=0.5372 | Wμ=2.347 | Aμ=4.947 | Wmax=4.087 | Amax=6.539 |LR=0.002 | t=9.42s
    58 | base=0.459721 | val=1.795807 | acc1=0.5297 | Wμ=2.211 | Aμ=4.851 | Wmax=3.907 | Amax=6.426 |LR=0.002 | t=9.46s
    59 | base=0.517288 | val=2.141161 | acc1=0.4663 | Wμ=2.092 | Aμ=4.765 | Wmax=3.807 | Amax=6.322 |LR=0.002 | t=9.40s
    60 | base=0.576686 | val=2.633827 | acc1=0.3788 | Wμ=1.983 | Aμ=4.676 | Wmax=3.700 | Amax=6.209 |LR=0.002 | t=9.39s
    61 | base=0.606374 | val=3.192692 | acc1=0.3213 | Wμ=1.880 | Aμ=4.603 | Wmax=3.700 | Amax=6.087 |LR=0.002 | t=9.43s
    62 | base=0.667983 | val=3.428316 | acc1=0.2654 | Wμ=1.786 | Aμ=4.496 | Wmax=3.585 | Amax=5.954 |LR=0.002 | t=9.45s
    63 | base=0.694494 | val=2.585925 | acc1=0.3891 | Wμ=1.701 | Aμ=4.397 | Wmax=3.459 | Amax=5.858 |LR=0.002 | t=9.40s
    64 | base=0.808919 | val=2.886412 | acc1=0.3420 | Wμ=1.627 | Aμ=4.292 | Wmax=3.459 | Amax=5.728 |LR=0.002 | t=9.44s
    65 | base=0.824199 | val=3.774798 | acc1=0.2047 | Wμ=1.559 | Aμ=4.209 | Wmax=3.322 | Amax=5.585 |LR=0.002 | t=9.43s
    66 | base=0.854095 | val=5.122827 | acc1=0.1491 | Wμ=1.497 | Aμ=4.122 | Wmax=3.170 | Amax=5.426 |LR=0.002 | t=9.46s
    67 | base=0.896221 | val=4.968758 | acc1=0.1043 | Wμ=1.442 | Aμ=4.009 | Wmax=3.170 | Amax=5.285 |LR=0.002 | t=9.41s
    68 | base=1.032004 | val=3.859745 | acc1=0.2180 | Wμ=1.396 | Aμ=3.925 | Wmax=3.000 | Amax=5.129 |LR=0.002 | t=9.46s
    69 | base=1.044835 | val=5.661337 | acc1=0.0505 | Wμ=1.354 | Aμ=3.835 | Wmax=3.000 | Amax=5.044 |LR=0.002 | t=9.41s
    70 | base=1.108945 | val=4.030999 | acc1=0.1802 | Wμ=1.316 | Aμ=3.749 | Wmax=2.807 | Amax=4.954 |LR=0.002 | t=9.46s
    71 | base=1.068675 | val=3.495537 | acc1=0.2407 | Wμ=1.281 | Aμ=3.656 | Wmax=2.807 | Amax=4.807 |LR=0.002 | t=9.40s
    72 | base=1.227876 | val=6.738006 | acc1=0.0644 | Wμ=1.250 | Aμ=3.560 | Wmax=2.807 | Amax=4.700 |LR=0.002 | t=9.40s
    73 | base=1.155210 | val=5.408541 | acc1=0.1190 | Wμ=1.219 | Aμ=3.459 | Wmax=2.807 | Amax=4.585 |LR=0.002 | t=9.41s
    74 | base=1.200686 | val=4.752429 | acc1=0.1338 | Wμ=1.193 | Aμ=3.358 | Wmax=2.585 | Amax=4.392 |LR=0.002 | t=9.40s
    75 | base=1.159347 | val=4.873914 | acc1=0.1604 | Wμ=1.167 | Aμ=3.268 | Wmax=2.585 | Amax=4.248 |LR=0.002 | t=9.40s
    76 | base=1.158235 | val=4.224816 | acc1=0.2268 | Wμ=1.141 | Aμ=3.158 | Wmax=2.585 | Amax=4.170 |LR=0.002 | t=9.39s
    77 | base=1.040301 | val=4.156513 | acc1=0.1607 | Wμ=1.115 | Aμ=3.042 | Wmax=2.322 | Amax=4.000 |LR=0.002 | t=9.44s
    78 | base=1.135472 | val=3.310395 | acc1=0.3069 | Wμ=1.094 | Aμ=2.949 | Wmax=2.322 | Amax=3.907 |LR=0.002 | t=9.41s
    79 | base=1.096967 | val=3.324708 | acc1=0.2932 | Wμ=1.074 | Aμ=2.856 | Wmax=2.322 | Amax=3.700 |LR=0.002 | t=9.42s
    80 | base=1.122947 | val=6.179294 | acc1=0.0581 | Wμ=1.061 | Aμ=2.763 | Wmax=2.000 | Amax=3.585 |LR=0.002 | t=9.43s
    81 | base=1.121536 | val=6.673665 | acc1=0.0709 | Wμ=1.050 | Aμ=2.618 | Wmax=2.000 | Amax=3.459 |LR=0.002 | t=9.42s
    82 | base=1.141222 | val=2.531657 | acc1=0.3687 | Wμ=1.041 | Aμ=2.513 | Wmax=2.000 | Amax=3.170 |LR=0.002 | t=9.43s
    83 | base=1.167746 | val=6.540752 | acc1=0.0447 | Wμ=1.034 | Aμ=2.427 | Wmax=2.000 | Amax=3.170 |LR=0.002 | t=9.43s
    84 | base=1.156571 | val=5.106300 | acc1=0.1271 | Wμ=1.028 | Aμ=2.361 | Wmax=2.000 | Amax=3.000 |LR=0.002 | t=9.43s
    85 | base=1.173031 | val=2.951145 | acc1=0.3267 | Wμ=1.023 | Aμ=2.289 | Wmax=2.000 | Amax=3.000 |LR=0.002 | t=9.62s
    86 | base=1.257507 | val=2.304843 | acc1=0.4224 | Wμ=1.018 | Aμ=2.171 | Wmax=1.585 | Amax=2.807 |LR=0.002 | t=9.46s
    87 | base=1.298737 | val=4.165479 | acc1=0.1700 | Wμ=1.013 | Aμ=2.104 | Wmax=1.585 | Amax=2.807 |LR=0.002 | t=9.44s
    88 | base=1.255725 | val=2.691157 | acc1=0.3665 | Wμ=1.009 | Aμ=2.036 | Wmax=1.585 | Amax=2.807 |LR=0.002 | t=9.45s
    89 | base=1.285671 | val=4.612081 | acc1=0.1166 | Wμ=1.006 | Aμ=1.990 | Wmax=1.585 | Amax=2.807 |LR=0.002 | t=9.43s
    90 | base=1.303683 | val=4.437897 | acc1=0.1467 | Wμ=1.003 | Aμ=1.954 | Wmax=1.585 | Amax=2.585 |LR=0.002 | t=9.46s
    91 | base=1.294759 | val=2.874135 | acc1=0.3404 | Wμ=1.001 | Aμ=1.896 | Wmax=1.585 | Amax=2.585 |LR=0.002 | t=9.47s
    92 | base=1.329366 | val=3.435026 | acc1=0.2483 | Wμ=0.999 | Aμ=1.797 | Wmax=1.585 | Amax=2.585 |LR=0.002 | t=9.44s
    93 | base=1.411006 | val=3.154810 | acc1=0.2785 | Wμ=0.997 | Aμ=1.762 | Wmax=1.000 | Amax=2.585 |LR=0.002 | t=9.45s
    94 | base=1.364247 | val=3.251932 | acc1=0.2742 | Wμ=0.996 | Aμ=1.731 | Wmax=1.000 | Amax=2.322 |LR=0.002 | t=9.45s
    95 | base=1.436486 | val=2.936712 | acc1=0.3221 | Wμ=0.996 | Aμ=1.696 | Wmax=1.000 | Amax=2.322 |LR=0.002 | t=9.46s
    96 | base=1.494366 | val=2.437089 | acc1=0.3879 | Wμ=0.995 | Aμ=1.647 | Wmax=1.000 | Amax=2.322 |LR=0.002 | t=9.46s
    97 | base=1.463711 | val=3.111599 | acc1=0.3055 | Wμ=0.995 | Aμ=1.615 | Wmax=1.000 | Amax=2.322 |LR=0.002 | t=9.46s
    98 | base=1.467822 | val=3.615191 | acc1=0.2198 | Wμ=0.994 | Aμ=1.577 | Wmax=1.000 | Amax=2.322 |LR=0.002 | t=9.44s
    99 | base=1.563189 | val=3.979649 | acc1=0.2409 | Wμ=0.994 | Aμ=1.549 | Wmax=1.000 | Amax=2.000 |LR=0.002 | t=9.43s
   100 | base=1.509169 | val=3.339616 | acc1=0.2543 | Wμ=0.994 | Aμ=1.521 | Wmax=1.000 | Amax=2.000 |LR=0.002 | t=9.50s
   101 | base=1.460111 | val=5.206138 | acc1=0.1210 | Wμ=0.994 | Aμ=1.488 | Wmax=1.000 | Amax=2.000 |LR=0.002 | t=9.52s
   102 | base=1.578051 | val=2.794749 | acc1=0.3390 | Wμ=0.993 | Aμ=1.448 | Wmax=1.000 | Amax=2.000 |LR=0.002 | t=9.44s
   103 | base=1.648609 | val=2.791758 | acc1=0.3386 | Wμ=0.993 | Aμ=1.420 | Wmax=1.000 | Amax=2.000 |LR=0.002 | t=9.45s
   104 | base=1.628076 | val=3.478478 | acc1=0.2651 | Wμ=0.994 | Aμ=1.386 | Wmax=1.000 | Amax=2.000 |LR=0.002 | t=9.48s
   105 | base=1.629602 | val=2.941494 | acc1=0.3054 | Wμ=0.993 | Aμ=1.349 | Wmax=1.000 | Amax=2.000 |LR=0.002 | t=9.45s
   106 | base=1.708305 | val=2.436455 | acc1=0.4004 | Wμ=0.992 | Aμ=1.313 | Wmax=1.000 | Amax=2.000 |LR=0.002 | t=9.45s
   107 | base=1.585205 | val=4.055360 | acc1=0.1875 | Wμ=0.994 | Aμ=1.280 | Wmax=1.000 | Amax=1.585 |LR=0.002 | t=9.45s
   108 | base=1.586779 | val=3.338283 | acc1=0.2522 | Wμ=0.993 | Aμ=1.249 | Wmax=1.000 | Amax=1.585 |LR=0.002 | t=9.48s
   109 | base=1.713494 | val=3.005203 | acc1=0.3067 | Wμ=0.993 | Aμ=1.220 | Wmax=1.000 | Amax=2.000 |LR=0.002 | t=9.44s
   110 | base=1.674007 | val=3.620291 | acc1=0.2357 | Wμ=0.992 | Aμ=1.203 | Wmax=1.000 | Amax=2.000 |LR=0.002 | t=9.43s
   111 | base=1.653415 | val=3.663395 | acc1=0.2215 | Wμ=0.991 | Aμ=1.195 | Wmax=1.000 | Amax=1.585 |LR=0.002 | t=9.46s
   112 | base=1.684178 | val=3.124237 | acc1=0.2928 | Wμ=0.993 | Aμ=1.182 | Wmax=1.000 | Amax=2.000 |LR=0.002 | t=9.48s
   113 | base=1.607659 | val=2.758481 | acc1=0.3272 | Wμ=0.992 | Aμ=1.171 | Wmax=1.000 | Amax=1.585 |LR=0.002 | t=9.46s
   114 | base=1.761197 | val=3.273875 | acc1=0.2518 | Wμ=0.992 | Aμ=1.150 | Wmax=1.000 | Amax=1.585 |LR=0.002 | t=9.45s
   115 | base=1.703740 | val=3.999184 | acc1=0.1862 | Wμ=0.992 | Aμ=1.138 | Wmax=1.000 | Amax=1.585 |LR=0.002 | t=9.46s
   116 | base=1.698103 | val=3.091147 | acc1=0.2454 | Wμ=0.991 | Aμ=1.128 | Wmax=1.000 | Amax=1.585 |LR=0.002 | t=9.46s
   117 | base=1.613016 | val=2.725925 | acc1=0.3599 | Wμ=0.992 | Aμ=1.126 | Wmax=1.000 | Amax=1.585 |LR=0.002 | t=9.45s
   118 | base=1.714809 | val=4.241536 | acc1=0.1774 | Wμ=0.991 | Aμ=1.122 | Wmax=1.000 | Amax=1.585 |LR=0.002 | t=9.45s
   119 | base=1.577549 | val=3.079798 | acc1=0.3161 | Wμ=0.992 | Aμ=1.115 | Wmax=1.000 | Amax=1.585 |LR=0.002 | t=9.44s
   120 | base=1.692265 | val=4.180807 | acc1=0.1748 | Wμ=0.991 | Aμ=1.106 | Wmax=1.000 | Amax=1.585 |LR=0.002 | t=9.46s
   121 | base=1.744385 | val=3.444377 | acc1=0.2400 | Wμ=0.991 | Aμ=1.106 | Wmax=1.000 | Amax=1.585 |LR=0.002 | t=9.44s
   122 | base=1.719464 | val=3.026187 | acc1=0.2970 | Wμ=0.991 | Aμ=1.106 | Wmax=1.000 | Amax=1.585 |LR=0.002 | t=9.51s
   123 | base=1.624298 | val=3.402442 | acc1=0.2877 | Wμ=0.991 | Aμ=1.106 | Wmax=1.000 | Amax=1.585 |LR=0.002 | t=9.45s
   124 | base=1.801231 | val=3.137601 | acc1=0.2828 | Wμ=0.991 | Aμ=1.107 | Wmax=1.000 | Amax=1.585 |LR=0.002 | t=9.47s
   125 | base=1.664503 | val=3.469066 | acc1=0.2763 | Wμ=0.991 | Aμ=1.105 | Wmax=1.000 | Amax=1.585 |LR=0.002 | t=9.45s
   126 | base=1.804727 | val=2.938221 | acc1=0.2922 | Wμ=0.991 | Aμ=1.105 | Wmax=1.000 | Amax=1.585 |LR=0.002 | t=9.48s
   127 | base=1.789860 | val=3.094811 | acc1=0.3034 | Wμ=0.990 | Aμ=1.105 | Wmax=1.000 | Amax=1.585 |LR=0.002 | t=9.47s
   128 | base=1.704399 | val=3.709233 | acc1=0.2271 | Wμ=0.990 | Aμ=1.103 | Wmax=1.000 | Amax=1.585 |LR=0.002 | t=9.47s
   129 | base=1.779050 | val=3.383839 | acc1=0.2125 | Wμ=0.990 | Aμ=1.101 | Wmax=1.000 | Amax=1.585 |LR=0.002 | t=9.43s
   130 | base=1.856512 | val=3.421159 | acc1=0.2124 | Wμ=0.991 | Aμ=1.099 | Wmax=1.000 | Amax=1.585 |LR=0.002 | t=9.47s
   131 | base=1.629157 | val=3.038849 | acc1=0.3037 | Wμ=0.990 | Aμ=1.095 | Wmax=1.000 | Amax=1.585 |LR=0.002 | t=9.45s
   132 | base=1.754197 | val=2.874411 | acc1=0.3173 | Wμ=0.990 | Aμ=1.092 | Wmax=1.000 | Amax=1.585 |LR=0.002 | t=9.46s
   133 | base=1.822414 | val=2.596174 | acc1=0.3418 | Wμ=0.990 | Aμ=1.087 | Wmax=1.000 | Amax=1.585 |LR=0.002 | t=9.47s
   134 | base=1.916970 | val=2.705164 | acc1=0.3360 | Wμ=0.990 | Aμ=1.086 | Wmax=1.000 | Amax=1.585 |LR=0.002 | t=9.45s
   135 | base=1.831376 | val=3.603436 | acc1=0.2343 | Wμ=0.991 | Aμ=1.083 | Wmax=1.000 | Amax=1.585 |LR=0.002 | t=9.44s
   136 | base=1.812715 | val=3.514368 | acc1=0.2090 | Wμ=0.991 | Aμ=1.077 | Wmax=1.000 | Amax=1.585 |LR=0.002 | t=9.47s
   137 | base=1.773924 | val=2.798817 | acc1=0.3330 | Wμ=0.991 | Aμ=1.068 | Wmax=1.000 | Amax=1.585 |LR=0.002 | t=9.49s
   138 | base=1.830901 | val=4.324069 | acc1=0.1512 | Wμ=0.990 | Aμ=1.052 | Wmax=1.000 | Amax=1.585 |LR=0.002 | t=9.45s
   139 | base=1.708428 | val=2.984879 | acc1=0.2846 | Wμ=0.989 | Aμ=1.036 | Wmax=1.000 | Amax=1.585 |LR=0.002 | t=9.47s
   140 | base=1.781989 | val=3.267929 | acc1=0.2650 | Wμ=0.990 | Aμ=1.034 | Wmax=1.000 | Amax=1.585 |LR=0.002 | t=9.47s
   141 | base=1.706517 | val=3.215073 | acc1=0.2909 | Wμ=0.991 | Aμ=1.034 | Wmax=1.000 | Amax=1.585 |LR=0.002 | t=9.46s
   142 | base=1.768421 | val=3.047648 | acc1=0.2939 | Wμ=0.990 | Aμ=1.034 | Wmax=1.000 | Amax=1.585 |LR=0.002 | t=9.45s
   143 | base=1.645543 | val=3.144012 | acc1=0.2626 | Wμ=0.991 | Aμ=1.034 | Wmax=1.000 | Amax=1.585 |LR=0.002 | t=9.48s
   144 | base=1.776486 | val=3.133091 | acc1=0.2731 | Wμ=0.990 | Aμ=1.033 | Wmax=1.000 | Amax=1.585 |LR=0.002 | t=9.52s
   145 | base=1.705170 | val=3.562357 | acc1=0.2511 | Wμ=0.990 | Aμ=1.033 | Wmax=1.000 | Amax=1.585 |LR=0.002 | t=9.52s
   146 | base=1.842117 | val=3.311757 | acc1=0.2549 | Wμ=0.990 | Aμ=1.033 | Wmax=1.000 | Amax=1.000 |LR=0.002 | t=9.55s
   147 | base=1.695358 | val=2.848055 | acc1=0.3077 | Wμ=0.990 | Aμ=1.032 | Wmax=1.000 | Amax=1.000 |LR=0.0018582 | t=9.49s
   148 | base=1.777381 | val=3.072905 | acc1=0.2694 | Wμ=0.990 | Aμ=1.032 | Wmax=1.000 | Amax=1.000 |LR=0.0017238 | t=9.43s
   149 | base=1.647850 | val=2.680496 | acc1=0.3538 | Wμ=0.989 | Aμ=1.030 | Wmax=1.000 | Amax=1.585 |LR=0.0015992 | t=9.46s
   150 | base=1.710132 | val=2.754789 | acc1=0.3199 | Wμ=0.989 | Aμ=1.027 | Wmax=1.000 | Amax=1.000 |LR=0.0015968 | t=9.48s
   151 | base=1.756431 | val=3.041956 | acc1=0.2763 | Wμ=0.990 | Aμ=1.024 | Wmax=1.000 | Amax=1.000 |LR=0.0014835 | t=9.50s
   152 | base=1.698081 | val=2.996444 | acc1=0.2966 | Wμ=0.990 | Aμ=1.020 | Wmax=1.000 | Amax=1.000 |LR=0.0013763 | t=9.44s
   153 | base=1.700620 | val=3.486337 | acc1=0.2604 | Wμ=0.991 | Aμ=1.015 | Wmax=1.000 | Amax=1.000 |LR=0.0012767 | t=9.45s
   154 | base=1.644056 | val=2.546851 | acc1=0.3596 | Wμ=0.990 | Aμ=1.013 | Wmax=1.000 | Amax=1.000 |LR=0.0011844 | t=9.46s
   155 | base=1.673653 | val=3.215590 | acc1=0.2523 | Wμ=0.991 | Aμ=1.011 | Wmax=1.000 | Amax=1.000 |LR=0.0010988 | t=9.44s
   156 | base=1.569869 | val=3.016805 | acc1=0.3193 | Wμ=0.991 | Aμ=1.010 | Wmax=1.000 | Amax=1.000 |LR=0.0010193 | t=9.51s
   157 | base=1.665413 | val=2.786644 | acc1=0.3391 | Wμ=0.991 | Aμ=1.008 | Wmax=1.000 | Amax=1.000 |LR=0.00094562 | t=9.48s
   158 | base=1.611218 | val=2.174915 | acc1=0.4366 | Wμ=0.991 | Aμ=1.006 | Wmax=1.000 | Amax=1.000 |LR=0.00087724 | t=9.49s
   159 | base=1.548426 | val=2.958627 | acc1=0.3154 | Wμ=0.991 | Aμ=1.002 | Wmax=1.000 | Amax=1.000 |LR=0.00081381 | t=9.61s
   160 | base=1.573772 | val=2.527266 | acc1=0.3679 | Wμ=0.991 | Aμ=0.999 | Wmax=1.000 | Amax=1.000 |LR=0.00075497 | t=9.46s
   161 | base=1.611835 | val=2.765542 | acc1=0.3495 | Wμ=0.992 | Aμ=0.997 | Wmax=1.000 | Amax=1.000 |LR=0.00070037 | t=9.49s
   162 | base=1.577458 | val=2.326507 | acc1=0.4078 | Wμ=0.991 | Aμ=0.998 | Wmax=1.000 | Amax=1.000 |LR=0.00064973 | t=9.47s
   163 | base=1.569485 | val=2.502646 | acc1=0.3753 | Wμ=0.992 | Aμ=0.997 | Wmax=1.000 | Amax=1.000 |LR=0.00060275 | t=9.50s
   164 | base=1.554210 | val=2.329556 | acc1=0.4050 | Wμ=0.992 | Aμ=0.998 | Wmax=1.000 | Amax=1.000 |LR=0.00055917 | t=9.44s
   165 | base=1.622858 | val=2.660437 | acc1=0.3378 | Wμ=0.992 | Aμ=0.998 | Wmax=1.000 | Amax=1.000 |LR=0.00051873 | t=9.48s
   166 | base=1.555074 | val=2.285473 | acc1=0.4057 | Wμ=0.992 | Aμ=0.998 | Wmax=1.000 | Amax=1.000 |LR=0.00048122 | t=9.48s
   167 | base=1.543074 | val=2.406831 | acc1=0.3887 | Wμ=0.992 | Aμ=0.998 | Wmax=1.000 | Amax=1.000 |LR=0.00044643 | t=9.48s
   168 | base=1.524135 | val=2.493028 | acc1=0.3897 | Wμ=0.993 | Aμ=0.998 | Wmax=1.000 | Amax=1.000 |LR=0.00041415 | t=9.45s
   169 | base=1.568401 | val=2.461042 | acc1=0.3860 | Wμ=0.993 | Aμ=0.998 | Wmax=1.000 | Amax=1.000 |LR=0.0003842 | t=9.44s
   170 | base=1.512956 | val=2.796026 | acc1=0.3442 | Wμ=0.993 | Aμ=0.998 | Wmax=1.000 | Amax=1.000 |LR=0.00035642 | t=9.45s
   171 | base=1.549569 | val=2.966047 | acc1=0.3087 | Wμ=0.993 | Aμ=0.998 | Wmax=1.000 | Amax=1.000 |LR=0.00033065 | t=9.49s
   172 | base=1.607949 | val=2.370091 | acc1=0.4032 | Wμ=0.993 | Aμ=0.998 | Wmax=1.000 | Amax=1.000 |LR=0.00030674 | t=9.47s
   173 | base=1.551429 | val=2.516803 | acc1=0.3810 | Wμ=0.993 | Aμ=0.998 | Wmax=1.000 | Amax=1.000 |LR=0.00028456 | t=9.46s
   174 | base=1.570706 | val=2.264253 | acc1=0.4167 | Wμ=0.993 | Aμ=0.998 | Wmax=1.000 | Amax=1.000 |LR=0.00026398 | t=9.52s
   175 | base=1.489790 | val=3.082469 | acc1=0.2951 | Wμ=0.993 | Aμ=0.998 | Wmax=1.000 | Amax=1.000 |LR=0.00024489 | t=9.45s
   176 | base=1.533051 | val=2.388640 | acc1=0.4011 | Wμ=0.994 | Aμ=0.998 | Wmax=1.000 | Amax=1.000 |LR=0.00022719 | t=9.47s
   177 | base=1.611302 | val=2.254744 | acc1=0.4240 | Wμ=0.994 | Aμ=0.998 | Wmax=1.000 | Amax=1.000 |LR=0.00021076 | t=9.45s
   178 | base=1.620616 | val=2.568916 | acc1=0.3684 | Wμ=0.994 | Aμ=0.999 | Wmax=1.000 | Amax=1.000 |LR=0.00019552 | t=9.45s
   179 | base=1.510824 | val=2.439485 | acc1=0.3865 | Wμ=0.994 | Aμ=0.998 | Wmax=1.000 | Amax=1.000 |LR=0.00018138 | t=9.47s
   180 | base=1.489312 | val=2.666028 | acc1=0.3598 | Wμ=0.995 | Aμ=0.998 | Wmax=1.000 | Amax=1.000 |LR=0.00016827 | t=9.43s
   181 | base=1.575285 | val=2.207674 | acc1=0.4229 | Wμ=0.995 | Aμ=0.998 | Wmax=1.000 | Amax=1.000 |LR=0.0001561 | t=9.45s
   182 | base=1.510715 | val=2.911120 | acc1=0.3113 | Wμ=0.995 | Aμ=0.998 | Wmax=1.000 | Amax=1.000 |LR=0.00014481 | t=9.44s
   183 | base=1.522672 | val=2.670998 | acc1=0.3622 | Wμ=0.995 | Aμ=0.999 | Wmax=1.000 | Amax=1.000 |LR=0.00013434 | t=9.46s
   184 | base=1.486472 | val=1.983663 | acc1=0.4718 | Wμ=0.995 | Aμ=0.999 | Wmax=1.000 | Amax=1.000 |LR=0.00012463 | t=9.49s
   185 | base=1.510783 | val=2.543450 | acc1=0.3720 | Wμ=0.995 | Aμ=0.998 | Wmax=1.000 | Amax=1.000 |LR=0.00011561 | t=9.45s
   186 | base=1.499535 | val=2.434287 | acc1=0.3855 | Wμ=0.995 | Aμ=0.999 | Wmax=1.000 | Amax=1.000 |LR=0.00010725 | t=9.43s
   187 | base=1.544058 | val=2.545486 | acc1=0.3599 | Wμ=0.995 | Aμ=0.999 | Wmax=1.000 | Amax=1.000 |LR=9.9499e-05 | t=9.50s
   188 | base=1.468432 | val=2.452879 | acc1=0.3819 | Wμ=0.995 | Aμ=0.999 | Wmax=1.000 | Amax=1.000 |LR=9.2305e-05 | t=9.43s
   189 | base=1.449631 | val=2.362654 | acc1=0.4088 | Wμ=0.996 | Aμ=0.999 | Wmax=1.000 | Amax=1.000 |LR=8.563e-05 | t=9.44s
   190 | base=1.428844 | val=2.265507 | acc1=0.4240 | Wμ=0.996 | Aμ=0.999 | Wmax=1.000 | Amax=1.000 |LR=7.9438e-05 | t=9.46s
   191 | base=1.503681 | val=2.350277 | acc1=0.4051 | Wμ=0.996 | Aμ=0.999 | Wmax=1.000 | Amax=1.000 |LR=7.3694e-05 | t=9.48s
   192 | base=1.480552 | val=1.984033 | acc1=0.4844 | Wμ=0.996 | Aμ=0.999 | Wmax=1.000 | Amax=1.000 |LR=6.8366e-05 | t=9.43s
   193 | base=1.448502 | val=2.469708 | acc1=0.3836 | Wμ=0.996 | Aμ=0.999 | Wmax=1.000 | Amax=1.000 |LR=6.3422e-05 | t=9.43s
   194 | base=1.488365 | val=1.991729 | acc1=0.4794 | Wμ=0.996 | Aμ=0.999 | Wmax=1.000 | Amax=1.000 |LR=5.8836e-05 | t=9.43s
   195 | base=1.517747 | val=2.042584 | acc1=0.4648 | Wμ=0.996 | Aμ=0.999 | Wmax=1.000 | Amax=1.000 |LR=5.4582e-05 | t=9.45s
   196 | base=1.476622 | val=2.458545 | acc1=0.3917 | Wμ=0.996 | Aμ=0.999 | Wmax=1.000 | Amax=1.000 |LR=5.0635e-05 | t=9.44s
   197 | base=1.465345 | val=2.540690 | acc1=0.3724 | Wμ=0.997 | Aμ=0.999 | Wmax=1.000 | Amax=1.000 |LR=4.6974e-05 | t=9.45s
   198 | base=1.484945 | val=2.451021 | acc1=0.3975 | Wμ=0.997 | Aμ=0.999 | Wmax=1.000 | Amax=1.000 |LR=4.3577e-05 | t=9.44s
   199 | base=1.430059 | val=2.006791 | acc1=0.4770 | Wμ=0.997 | Aμ=0.999 | Wmax=1.000 | Amax=1.000 |LR=4.0426e-05 | t=9.45s
   200 | base=1.464889 | val=2.233474 | acc1=0.4215 | Wμ=0.997 | Aμ=0.999 | Wmax=1.000 | Amax=1.000 |LR=3.7503e-05 | t=9.44s
   201 | base=1.486446 | val=2.170255 | acc1=0.4385 | Wμ=0.997 | Aμ=0.999 | Wmax=1.000 | Amax=1.000 |LR=3.4791e-05 | t=9.46s
   202 | base=1.433705 | val=2.193919 | acc1=0.4413 | Wμ=0.997 | Aμ=0.999 | Wmax=1.000 | Amax=1.000 |LR=3.2275e-05 | t=9.50s
   203 | base=1.475563 | val=1.876982 | acc1=0.5045 | Wμ=0.997 | Aμ=0.999 | Wmax=1.000 | Amax=1.000 |LR=2.9942e-05 | t=9.42s
   204 | base=1.462137 | val=1.995171 | acc1=0.4802 | Wμ=0.997 | Aμ=0.999 | Wmax=1.000 | Amax=1.000 |LR=2.7777e-05 | t=9.46s
   205 | base=1.415626 | val=1.928149 | acc1=0.4901 | Wμ=0.997 | Aμ=0.999 | Wmax=1.000 | Amax=1.000 |LR=2.5768e-05 | t=9.45s
   206 | base=1.475995 | val=2.204084 | acc1=0.4344 | Wμ=0.997 | Aμ=0.999 | Wmax=1.000 | Amax=1.000 |LR=2.3905e-05 | t=9.45s
   207 | base=1.458417 | val=2.074820 | acc1=0.4675 | Wμ=0.997 | Aμ=0.999 | Wmax=1.000 | Amax=1.000 |LR=2.2176e-05 | t=9.49s
   208 | base=1.478211 | val=2.500577 | acc1=0.3893 | Wμ=0.997 | Aμ=0.999 | Wmax=1.000 | Amax=1.000 |LR=2.0573e-05 | t=9.49s
   209 | base=1.504922 | val=1.982617 | acc1=0.4828 | Wμ=0.998 | Aμ=0.999 | Wmax=1.000 | Amax=1.000 |LR=1.9085e-05 | t=9.44s
   210 | base=1.473446 | val=2.175889 | acc1=0.4463 | Wμ=0.998 | Aμ=0.999 | Wmax=1.000 | Amax=1.000 |LR=1.7705e-05 | t=9.44s
   211 | base=1.508554 | val=2.053026 | acc1=0.4605 | Wμ=0.998 | Aμ=0.999 | Wmax=1.000 | Amax=1.000 |LR=1.6425e-05 | t=9.42s
   212 | base=1.500073 | val=2.212312 | acc1=0.4365 | Wμ=0.998 | Aμ=0.999 | Wmax=1.000 | Amax=1.000 |LR=1.5237e-05 | t=9.47s
   213 | base=1.452227 | val=1.885864 | acc1=0.4971 | Wμ=0.998 | Aμ=0.999 | Wmax=1.000 | Amax=1.000 |LR=1.4135e-05 | t=9.45s
   214 | base=1.421784 | val=2.043468 | acc1=0.4621 | Wμ=0.998 | Aμ=0.999 | Wmax=1.000 | Amax=1.000 |LR=1.3113e-05 | t=9.45s
   215 | base=1.444992 | val=2.146967 | acc1=0.4532 | Wμ=0.998 | Aμ=0.999 | Wmax=1.000 | Amax=1.000 |LR=1.2165e-05 | t=9.47s
   216 | base=1.412522 | val=2.067274 | acc1=0.4602 | Wμ=0.998 | Aμ=0.999 | Wmax=1.000 | Amax=1.000 |LR=1.1285e-05 | t=9.45s
   217 | base=1.384640 | val=2.101240 | acc1=0.4598 | Wμ=0.998 | Aμ=0.999 | Wmax=1.000 | Amax=1.000 |LR=1.0469e-05 | t=9.44s
   218 | base=1.395556 | val=2.035291 | acc1=0.4688 | Wμ=0.998 | Aμ=0.999 | Wmax=1.000 | Amax=1.000 |LR=9.7124e-06 | t=9.46s
   219 | base=1.482889 | val=1.900736 | acc1=0.4987 | Wμ=0.998 | Aμ=0.999 | Wmax=1.000 | Amax=1.000 |LR=9.0101e-06 | t=9.44s
   220 | base=1.493739 | val=1.876342 | acc1=0.5033 | Wμ=0.998 | Aμ=0.999 | Wmax=1.000 | Amax=1.000 |LR=8.3586e-06 | t=9.45s
   221 | base=1.470653 | val=1.927809 | acc1=0.4865 | Wμ=0.998 | Aμ=0.999 | Wmax=1.000 | Amax=1.000 |LR=7.7542e-06 | t=9.51s
   222 | base=1.399055 | val=2.146422 | acc1=0.4467 | Wμ=0.998 | Aμ=0.999 | Wmax=1.000 | Amax=1.000 |LR=7.1935e-06 | t=9.46s
   223 | base=1.407300 | val=1.933735 | acc1=0.4854 | Wμ=0.998 | Aμ=0.999 | Wmax=1.000 | Amax=1.000 |LR=6.6734e-06 | t=9.50s
   224 | base=1.400382 | val=1.998019 | acc1=0.4777 | Wμ=0.998 | Aμ=0.999 | Wmax=1.000 | Amax=1.000 |LR=6.1908e-06 | t=9.53s
   225 | base=1.430894 | val=1.975361 | acc1=0.4797 | Wμ=0.998 | Aμ=0.999 | Wmax=1.000 | Amax=1.000 |LR=5.7432e-06 | t=9.45s
   226 | base=1.448006 | val=1.861214 | acc1=0.5022 | Wμ=0.998 | Aμ=0.999 | Wmax=1.000 | Amax=1.000 |LR=5.3279e-06 | t=9.50s
   227 | base=1.362762 | val=2.285304 | acc1=0.4170 | Wμ=0.998 | Aμ=0.999 | Wmax=1.000 | Amax=1.000 |LR=4.9426e-06 | t=9.45s
   228 | base=1.398021 | val=1.849551 | acc1=0.5066 | Wμ=0.998 | Aμ=0.999 | Wmax=1.000 | Amax=1.000 |LR=4.5852e-06 | t=9.46s
   229 | base=1.407679 | val=1.824312 | acc1=0.5108 | Wμ=0.998 | Aμ=0.999 | Wmax=1.000 | Amax=1.000 |LR=4.2537e-06 | t=9.51s
