     0 | base=nan | val=nan | acc1=0.7031 | Wμ=nan | Aμ=nan | Wmax=nan | Amax=nan |LR=nan | t=nans
     0 | base=nan | val=1.104401 | acc1=0.7032 | Wμ=11.367 | Aμ=20.000 | Wmax=12.587 | Amax=14.104 |LR=nan | t=nans
     0 | base=nan | val=1.104483 | acc1=0.7030 | Wμ=10.000 | Aμ=20.000 | Wmax=10.000 | Amax=14.105 |LR=nan | t=nans
     0 | base=nan | val=1.104656 | acc1=0.7024 | Wμ=10.000 | Aμ=10.000 | Wmax=10.000 | Amax=9.987 |LR=nan | t=nans
# epoch | BaseLoss | ValLoss | Acc@1 | MeanWBits | MeanABits | MaxWBits | MaxABits | LR | EpochTime(s)
     0 | base=nan | val=1.111653 | acc1=0.7025 | Wμ=10.000 | Aμ=10.000 | Wmax=10.000 | Amax=9.976 |LR=nan | t=nans
     0 | base=0.189325 | val=1.152750 | acc1=0.6962 | Wμ=10.000 | Aμ=10.000 | Wmax=10.001 | Amax=10.000 |LR=9.8e-05 | t=10.65s
     1 | base=0.114564 | val=1.123297 | acc1=0.7001 | Wμ=10.000 | Aμ=10.000 | Wmax=10.007 | Amax=10.001 |LR=0.000198 | t=9.40s
     2 | base=0.081136 | val=1.115754 | acc1=0.6998 | Wμ=10.000 | Aμ=10.001 | Wmax=10.013 | Amax=10.003 |LR=0.000298 | t=9.44s
     3 | base=0.064852 | val=1.113194 | acc1=0.6988 | Wμ=10.000 | Aμ=10.003 | Wmax=10.020 | Amax=10.004 |LR=0.000398 | t=9.40s
     4 | base=0.051682 | val=1.112031 | acc1=0.6999 | Wμ=10.001 | Aμ=10.004 | Wmax=10.029 | Amax=10.008 |LR=0.000498 | t=9.44s
     5 | base=0.043977 | val=1.119279 | acc1=0.6993 | Wμ=10.001 | Aμ=10.007 | Wmax=10.040 | Amax=10.014 |LR=0.000598 | t=9.45s
     6 | base=0.038724 | val=1.116768 | acc1=0.6997 | Wμ=10.001 | Aμ=10.010 | Wmax=10.048 | Amax=10.022 |LR=0.000698 | t=9.48s
     7 | base=0.035187 | val=1.118127 | acc1=0.7004 | Wμ=10.002 | Aμ=10.013 | Wmax=10.058 | Amax=10.033 |LR=0.000798 | t=9.40s
     8 | base=0.031517 | val=1.112291 | acc1=0.6979 | Wμ=10.003 | Aμ=10.018 | Wmax=10.061 | Amax=10.048 |LR=0.000898 | t=9.39s
     9 | base=0.026473 | val=1.116934 | acc1=0.6970 | Wμ=10.004 | Aμ=10.025 | Wmax=10.070 | Amax=10.067 |LR=0.000998 | t=9.42s
    10 | base=0.027982 | val=1.125560 | acc1=0.6964 | Wμ=10.005 | Aμ=10.033 | Wmax=10.077 | Amax=10.089 |LR=0.001098 | t=9.48s
    11 | base=0.025233 | val=1.117126 | acc1=0.7014 | Wμ=10.007 | Aμ=10.042 | Wmax=10.070 | Amax=10.109 |LR=0.001198 | t=9.41s
    12 | base=0.024718 | val=1.127091 | acc1=0.6947 | Wμ=10.008 | Aμ=10.054 | Wmax=10.081 | Amax=10.129 |LR=0.001298 | t=9.40s
    13 | base=0.024549 | val=1.126226 | acc1=0.6942 | Wμ=10.010 | Aμ=10.066 | Wmax=10.082 | Amax=10.158 |LR=0.001398 | t=9.40s
    14 | base=0.022055 | val=1.133359 | acc1=0.6961 | Wμ=10.012 | Aμ=10.081 | Wmax=10.082 | Amax=10.182 |LR=0.001498 | t=9.38s
    15 | base=0.023434 | val=1.134365 | acc1=0.6936 | Wμ=10.015 | Aμ=10.099 | Wmax=10.091 | Amax=10.212 |LR=0.001598 | t=9.42s
    16 | base=0.026524 | val=1.130133 | acc1=0.6933 | Wμ=10.018 | Aμ=10.120 | Wmax=10.097 | Amax=10.246 |LR=0.001698 | t=9.44s
    17 | base=0.029537 | val=1.135062 | acc1=0.6921 | Wμ=10.022 | Aμ=10.140 | Wmax=10.106 | Amax=10.279 |LR=0.001798 | t=9.40s
    18 | base=0.028405 | val=1.123529 | acc1=0.6987 | Wμ=10.026 | Aμ=10.166 | Wmax=10.111 | Amax=10.321 |LR=0.001898 | t=9.41s
    19 | base=0.031956 | val=1.154290 | acc1=0.6893 | Wμ=10.029 | Aμ=10.191 | Wmax=10.119 | Amax=10.367 |LR=0.001998 | t=9.44s
    20 | base=0.034855 | val=1.150756 | acc1=0.6870 | Wμ=9.857 | Aμ=10.137 | Wmax=9.997 | Amax=10.385 |LR=0.002 | t=9.47s
    21 | base=0.035238 | val=1.139632 | acc1=0.6923 | Wμ=9.561 | Aμ=9.961 | Wmax=9.819 | Amax=10.369 |LR=0.002 | t=9.41s
    22 | base=0.039927 | val=1.144753 | acc1=0.6881 | Wμ=9.282 | Aμ=9.726 | Wmax=9.609 | Amax=10.322 |LR=0.002 | t=9.42s
    23 | base=0.039161 | val=1.142453 | acc1=0.6923 | Wμ=9.020 | Aμ=9.472 | Wmax=9.401 | Amax=10.197 |LR=0.002 | t=9.47s
    24 | base=0.043809 | val=1.148892 | acc1=0.6913 | Wμ=8.771 | Aμ=9.228 | Wmax=9.200 | Amax=10.048 |LR=0.002 | t=9.49s
    25 | base=0.040109 | val=1.174609 | acc1=0.6850 | Wμ=8.532 | Aμ=8.996 | Wmax=9.006 | Amax=9.893 |LR=0.002 | t=9.45s
    26 | base=0.043813 | val=1.174551 | acc1=0.6806 | Wμ=8.303 | Aμ=8.786 | Wmax=8.817 | Amax=9.755 |LR=0.002 | t=9.45s
    27 | base=0.047658 | val=1.168243 | acc1=0.6825 | Wμ=8.080 | Aμ=8.592 | Wmax=8.633 | Amax=9.629 |LR=0.002 | t=9.40s
    28 | base=0.048883 | val=1.184551 | acc1=0.6798 | Wμ=7.862 | Aμ=8.406 | Wmax=8.459 | Amax=9.496 |LR=0.002 | t=9.43s
    29 | base=0.054804 | val=1.162519 | acc1=0.6851 | Wμ=7.650 | Aμ=8.240 | Wmax=8.290 | Amax=9.416 |LR=0.002 | t=9.42s
    30 | base=0.053204 | val=1.152374 | acc1=0.6850 | Wμ=7.441 | Aμ=8.073 | Wmax=8.119 | Amax=9.301 |LR=0.002 | t=9.47s
    31 | base=0.056319 | val=1.141810 | acc1=0.6898 | Wμ=7.234 | Aμ=7.906 | Wmax=7.954 | Amax=9.150 |LR=0.002 | t=9.41s
    32 | base=0.066009 | val=1.198107 | acc1=0.6734 | Wμ=7.031 | Aμ=7.739 | Wmax=7.794 | Amax=9.020 |LR=0.002 | t=9.40s
    33 | base=0.069700 | val=1.214108 | acc1=0.6762 | Wμ=6.829 | Aμ=7.583 | Wmax=7.637 | Amax=8.898 |LR=0.002 | t=9.40s
    34 | base=0.080047 | val=1.198202 | acc1=0.6722 | Wμ=6.629 | Aμ=7.439 | Wmax=7.476 | Amax=8.771 |LR=0.002 | t=9.42s
    35 | base=0.086593 | val=1.172173 | acc1=0.6805 | Wμ=6.431 | Aμ=7.308 | Wmax=7.331 | Amax=8.644 |LR=0.002 | t=9.39s
    36 | base=0.092862 | val=1.229526 | acc1=0.6670 | Wμ=6.233 | Aμ=7.166 | Wmax=7.180 | Amax=8.516 |LR=0.002 | t=9.46s
    37 | base=0.093430 | val=1.220430 | acc1=0.6646 | Wμ=6.037 | Aμ=7.026 | Wmax=7.022 | Amax=8.379 |LR=0.002 | t=9.43s
    38 | base=0.100720 | val=1.195749 | acc1=0.6745 | Wμ=5.838 | Aμ=6.895 | Wmax=6.883 | Amax=8.253 |LR=0.002 | t=9.41s
    39 | base=0.114625 | val=1.221035 | acc1=0.6657 | Wμ=5.642 | Aμ=6.774 | Wmax=6.714 | Amax=8.160 |LR=0.002 | t=9.46s
    40 | base=0.116913 | val=1.179444 | acc1=0.6801 | Wμ=5.447 | Aμ=6.649 | Wmax=6.555 | Amax=8.050 |LR=0.002 | t=9.41s
    41 | base=0.130174 | val=1.247048 | acc1=0.6625 | Wμ=5.249 | Aμ=6.546 | Wmax=6.392 | Amax=7.977 |LR=0.002 | t=9.43s
    42 | base=0.126049 | val=1.271207 | acc1=0.6566 | Wμ=5.051 | Aμ=6.423 | Wmax=6.248 | Amax=7.858 |LR=0.002 | t=9.44s
    43 | base=0.140427 | val=1.244335 | acc1=0.6577 | Wμ=4.856 | Aμ=6.303 | Wmax=6.109 | Amax=7.801 |LR=0.002 | t=9.44s
    44 | base=0.163119 | val=1.243097 | acc1=0.6634 | Wμ=4.660 | Aμ=6.198 | Wmax=6.000 | Amax=7.748 |LR=0.002 | t=9.45s
    45 | base=0.180874 | val=1.344980 | acc1=0.6356 | Wμ=4.466 | Aμ=6.093 | Wmax=5.858 | Amax=7.644 |LR=0.002 | t=9.47s
    46 | base=0.169695 | val=1.371087 | acc1=0.6309 | Wμ=4.272 | Aμ=5.994 | Wmax=5.700 | Amax=7.555 |LR=0.002 | t=9.40s
    47 | base=0.206682 | val=1.299139 | acc1=0.6466 | Wμ=4.083 | Aμ=5.894 | Wmax=5.555 | Amax=7.451 |LR=0.002 | t=9.42s
    48 | base=0.220892 | val=1.374382 | acc1=0.6369 | Wμ=3.889 | Aμ=5.792 | Wmax=5.392 | Amax=7.358 |LR=0.002 | t=9.42s
    49 | base=0.230517 | val=1.367375 | acc1=0.6318 | Wμ=3.701 | Aμ=5.683 | Wmax=5.248 | Amax=7.257 |LR=0.002 | t=9.44s
    50 | base=0.248289 | val=1.457042 | acc1=0.6085 | Wμ=3.516 | Aμ=5.585 | Wmax=5.087 | Amax=7.140 |LR=0.002 | t=9.45s
    51 | base=0.291021 | val=1.460701 | acc1=0.6150 | Wμ=3.332 | Aμ=5.489 | Wmax=4.954 | Amax=7.066 |LR=0.002 | t=9.43s
    52 | base=0.306558 | val=1.474069 | acc1=0.6092 | Wμ=3.159 | Aμ=5.400 | Wmax=4.755 | Amax=6.977 |LR=0.002 | t=9.42s
    53 | base=0.318795 | val=1.527083 | acc1=0.6017 | Wμ=2.978 | Aμ=5.314 | Wmax=4.644 | Amax=6.895 |LR=0.002 | t=9.41s
    54 | base=0.340272 | val=1.702143 | acc1=0.5487 | Wμ=2.810 | Aμ=5.226 | Wmax=4.524 | Amax=6.820 |LR=0.002 | t=9.43s
    55 | base=0.363209 | val=1.683155 | acc1=0.5614 | Wμ=2.648 | Aμ=5.127 | Wmax=4.392 | Amax=6.728 |LR=0.002 | t=9.43s
    56 | base=0.411591 | val=1.751442 | acc1=0.5496 | Wμ=2.500 | Aμ=5.033 | Wmax=4.248 | Amax=6.600 |LR=0.002 | t=9.42s
    57 | base=0.462622 | val=2.020547 | acc1=0.4789 | Wμ=2.355 | Aμ=4.949 | Wmax=4.087 | Amax=6.524 |LR=0.002 | t=9.47s
    58 | base=0.484629 | val=1.880360 | acc1=0.5176 | Wμ=2.222 | Aμ=4.853 | Wmax=4.000 | Amax=6.392 |LR=0.002 | t=9.39s
    59 | base=0.518293 | val=1.854720 | acc1=0.5214 | Wμ=2.095 | Aμ=4.763 | Wmax=3.907 | Amax=6.285 |LR=0.002 | t=9.41s
    60 | base=0.548619 | val=1.997613 | acc1=0.4838 | Wμ=1.976 | Aμ=4.667 | Wmax=3.700 | Amax=6.150 |LR=0.002 | t=9.41s
    61 | base=0.614523 | val=2.706607 | acc1=0.3740 | Wμ=1.876 | Aμ=4.584 | Wmax=3.700 | Amax=6.066 |LR=0.002 | t=9.41s
    62 | base=0.624290 | val=2.758372 | acc1=0.3581 | Wμ=1.780 | Aμ=4.502 | Wmax=3.585 | Amax=5.977 |LR=0.002 | t=9.43s
    63 | base=0.708966 | val=2.923755 | acc1=0.3296 | Wμ=1.701 | Aμ=4.412 | Wmax=3.459 | Amax=5.883 |LR=0.002 | t=9.45s
    64 | base=0.764462 | val=3.054267 | acc1=0.2943 | Wμ=1.629 | Aμ=4.318 | Wmax=3.459 | Amax=5.755 |LR=0.002 | t=9.43s
    65 | base=0.838595 | val=3.739495 | acc1=0.2278 | Wμ=1.567 | Aμ=4.231 | Wmax=3.322 | Amax=5.672 |LR=0.002 | t=9.48s
    66 | base=0.872906 | val=4.380987 | acc1=0.1875 | Wμ=1.502 | Aμ=4.136 | Wmax=3.322 | Amax=5.524 |LR=0.002 | t=9.45s
    67 | base=0.875473 | val=4.035380 | acc1=0.1481 | Wμ=1.447 | Aμ=4.034 | Wmax=3.170 | Amax=5.392 |LR=0.002 | t=9.47s
    68 | base=0.976031 | val=4.700897 | acc1=0.1222 | Wμ=1.398 | Aμ=3.936 | Wmax=3.000 | Amax=5.248 |LR=0.002 | t=9.46s
    69 | base=0.974750 | val=4.155108 | acc1=0.1683 | Wμ=1.354 | Aμ=3.850 | Wmax=3.000 | Amax=5.087 |LR=0.002 | t=9.44s
    70 | base=1.081488 | val=3.909670 | acc1=0.1447 | Wμ=1.316 | Aμ=3.748 | Wmax=3.000 | Amax=5.000 |LR=0.002 | t=9.47s
    71 | base=1.042793 | val=6.443982 | acc1=0.0735 | Wμ=1.281 | Aμ=3.660 | Wmax=2.807 | Amax=4.858 |LR=0.002 | t=9.46s
    72 | base=1.143252 | val=4.492586 | acc1=0.1586 | Wμ=1.248 | Aμ=3.568 | Wmax=2.807 | Amax=4.700 |LR=0.002 | t=9.43s
    73 | base=1.083137 | val=5.061694 | acc1=0.1439 | Wμ=1.221 | Aμ=3.473 | Wmax=2.807 | Amax=4.585 |LR=0.002 | t=9.49s
    74 | base=1.125459 | val=4.644331 | acc1=0.1582 | Wμ=1.194 | Aμ=3.369 | Wmax=2.807 | Amax=4.459 |LR=0.002 | t=9.49s
    75 | base=1.095374 | val=3.564274 | acc1=0.2866 | Wμ=1.167 | Aμ=3.277 | Wmax=2.585 | Amax=4.322 |LR=0.002 | t=9.46s
    76 | base=1.070304 | val=5.190199 | acc1=0.1142 | Wμ=1.141 | Aμ=3.190 | Wmax=2.585 | Amax=4.170 |LR=0.002 | t=9.42s
    77 | base=1.026684 | val=2.987589 | acc1=0.2941 | Wμ=1.118 | Aμ=3.077 | Wmax=2.585 | Amax=4.000 |LR=0.002 | t=9.44s
    78 | base=1.139386 | val=5.322703 | acc1=0.1371 | Wμ=1.096 | Aμ=2.968 | Wmax=2.322 | Amax=3.907 |LR=0.002 | t=9.42s
    79 | base=1.107590 | val=5.269083 | acc1=0.1316 | Wμ=1.078 | Aμ=2.836 | Wmax=2.322 | Amax=3.807 |LR=0.002 | t=9.54s
    80 | base=1.093685 | val=3.839894 | acc1=0.2067 | Wμ=1.063 | Aμ=2.767 | Wmax=2.322 | Amax=3.585 |LR=0.002 | t=9.52s
    81 | base=1.125189 | val=3.094205 | acc1=0.3018 | Wμ=1.052 | Aμ=2.655 | Wmax=2.000 | Amax=3.459 |LR=0.002 | t=9.47s
    82 | base=1.125632 | val=3.783152 | acc1=0.1936 | Wμ=1.043 | Aμ=2.523 | Wmax=2.000 | Amax=3.170 |LR=0.002 | t=9.45s
    83 | base=1.140591 | val=5.790669 | acc1=0.1304 | Wμ=1.036 | Aμ=2.439 | Wmax=2.000 | Amax=3.170 |LR=0.002 | t=9.48s
    84 | base=1.179348 | val=6.018341 | acc1=0.0658 | Wμ=1.030 | Aμ=2.371 | Wmax=2.000 | Amax=3.000 |LR=0.002 | t=9.45s
    85 | base=1.179674 | val=3.942518 | acc1=0.2060 | Wμ=1.025 | Aμ=2.312 | Wmax=2.000 | Amax=3.000 |LR=0.002 | t=9.64s
    86 | base=1.252061 | val=3.895961 | acc1=0.1827 | Wμ=1.019 | Aμ=2.217 | Wmax=1.585 | Amax=2.807 |LR=0.002 | t=9.47s
    87 | base=1.180193 | val=3.513665 | acc1=0.2224 | Wμ=1.014 | Aμ=2.132 | Wmax=1.585 | Amax=2.807 |LR=0.002 | t=9.48s
    88 | base=1.268161 | val=2.531754 | acc1=0.3775 | Wμ=1.009 | Aμ=2.052 | Wmax=1.585 | Amax=2.807 |LR=0.002 | t=9.49s
    89 | base=1.331854 | val=3.718368 | acc1=0.2255 | Wμ=1.005 | Aμ=1.995 | Wmax=1.585 | Amax=2.585 |LR=0.002 | t=9.48s
    90 | base=1.337610 | val=3.267177 | acc1=0.2732 | Wμ=1.002 | Aμ=1.955 | Wmax=1.585 | Amax=2.585 |LR=0.002 | t=9.49s
    91 | base=1.325091 | val=3.172393 | acc1=0.2840 | Wμ=1.000 | Aμ=1.902 | Wmax=1.585 | Amax=2.585 |LR=0.002 | t=9.46s
    92 | base=1.376632 | val=3.060603 | acc1=0.3036 | Wμ=0.999 | Aμ=1.812 | Wmax=1.000 | Amax=2.585 |LR=0.002 | t=9.47s
    93 | base=1.384457 | val=3.210963 | acc1=0.2546 | Wμ=0.997 | Aμ=1.761 | Wmax=1.000 | Amax=2.322 |LR=0.002 | t=9.50s
    94 | base=1.413340 | val=3.177769 | acc1=0.2599 | Wμ=0.996 | Aμ=1.729 | Wmax=1.000 | Amax=2.322 |LR=0.002 | t=9.49s
    95 | base=1.486238 | val=3.497346 | acc1=0.2324 | Wμ=0.996 | Aμ=1.694 | Wmax=1.000 | Amax=2.322 |LR=0.002 | t=9.52s
    96 | base=1.575075 | val=3.114758 | acc1=0.2578 | Wμ=0.995 | Aμ=1.647 | Wmax=1.000 | Amax=2.322 |LR=0.002 | t=9.52s
    97 | base=1.418736 | val=3.749264 | acc1=0.2183 | Wμ=0.995 | Aμ=1.607 | Wmax=1.000 | Amax=2.322 |LR=0.002 | t=9.49s
    98 | base=1.520955 | val=3.577446 | acc1=0.2333 | Wμ=0.994 | Aμ=1.571 | Wmax=1.000 | Amax=2.000 |LR=0.002 | t=9.43s
    99 | base=1.472420 | val=3.831751 | acc1=0.2068 | Wμ=0.995 | Aμ=1.554 | Wmax=1.000 | Amax=2.322 |LR=0.002 | t=9.49s
   100 | base=1.578708 | val=3.613135 | acc1=0.2370 | Wμ=0.995 | Aμ=1.531 | Wmax=1.000 | Amax=2.322 |LR=0.002 | t=9.44s
   101 | base=1.615296 | val=3.118140 | acc1=0.2707 | Wμ=0.994 | Aμ=1.496 | Wmax=1.000 | Amax=2.000 |LR=0.002 | t=9.48s
   102 | base=1.475018 | val=3.757173 | acc1=0.2013 | Wμ=0.994 | Aμ=1.450 | Wmax=1.000 | Amax=2.000 |LR=0.002 | t=9.46s
   103 | base=1.635533 | val=2.970404 | acc1=0.3172 | Wμ=0.994 | Aμ=1.421 | Wmax=1.000 | Amax=2.000 |LR=0.002 | t=9.48s
   104 | base=1.700914 | val=3.024192 | acc1=0.2916 | Wμ=0.993 | Aμ=1.388 | Wmax=1.000 | Amax=2.000 |LR=0.002 | t=9.49s
   105 | base=1.537366 | val=4.140613 | acc1=0.1639 | Wμ=0.994 | Aμ=1.361 | Wmax=1.000 | Amax=2.000 |LR=0.002 | t=9.55s
   106 | base=1.726923 | val=4.360649 | acc1=0.1726 | Wμ=0.993 | Aμ=1.327 | Wmax=1.000 | Amax=2.000 |LR=0.002 | t=9.50s
   107 | base=1.566816 | val=2.988545 | acc1=0.3166 | Wμ=0.993 | Aμ=1.291 | Wmax=1.000 | Amax=1.585 |LR=0.002 | t=9.46s
   108 | base=1.653600 | val=2.598582 | acc1=0.3691 | Wμ=0.993 | Aμ=1.261 | Wmax=1.000 | Amax=2.000 |LR=0.002 | t=9.52s
   109 | base=1.557007 | val=2.524681 | acc1=0.3685 | Wμ=0.992 | Aμ=1.232 | Wmax=1.000 | Amax=1.585 |LR=0.002 | t=9.50s
   110 | base=1.701884 | val=3.195292 | acc1=0.2941 | Wμ=0.992 | Aμ=1.209 | Wmax=1.000 | Amax=2.000 |LR=0.002 | t=9.51s
   111 | base=1.778099 | val=3.124276 | acc1=0.2885 | Wμ=0.992 | Aμ=1.197 | Wmax=1.000 | Amax=1.585 |LR=0.002 | t=9.48s
   112 | base=1.765022 | val=4.032768 | acc1=0.1814 | Wμ=0.992 | Aμ=1.190 | Wmax=1.000 | Amax=2.000 |LR=0.002 | t=9.51s
   113 | base=1.741648 | val=3.244248 | acc1=0.2575 | Wμ=0.992 | Aμ=1.180 | Wmax=1.000 | Amax=1.585 |LR=0.002 | t=9.45s
   114 | base=1.665066 | val=3.620842 | acc1=0.1984 | Wμ=0.992 | Aμ=1.163 | Wmax=1.000 | Amax=1.585 |LR=0.002 | t=9.49s
   115 | base=1.903851 | val=3.067748 | acc1=0.2827 | Wμ=0.992 | Aμ=1.141 | Wmax=1.000 | Amax=1.585 |LR=0.002 | t=9.52s
   116 | base=1.636443 | val=3.674894 | acc1=0.2327 | Wμ=0.992 | Aμ=1.131 | Wmax=1.000 | Amax=1.585 |LR=0.002 | t=9.46s
   117 | base=1.700424 | val=2.544293 | acc1=0.3552 | Wμ=0.991 | Aμ=1.127 | Wmax=1.000 | Amax=1.585 |LR=0.002 | t=9.45s
   118 | base=1.778064 | val=3.001257 | acc1=0.3010 | Wμ=0.992 | Aμ=1.122 | Wmax=1.000 | Amax=1.585 |LR=0.002 | t=9.47s
   119 | base=1.589793 | val=3.181395 | acc1=0.3164 | Wμ=0.991 | Aμ=1.115 | Wmax=1.000 | Amax=1.585 |LR=0.002 | t=9.49s
   120 | base=1.888202 | val=3.051364 | acc1=0.2430 | Wμ=0.991 | Aμ=1.106 | Wmax=1.000 | Amax=1.585 |LR=0.002 | t=9.46s
   121 | base=1.640726 | val=2.742962 | acc1=0.3438 | Wμ=0.990 | Aμ=1.108 | Wmax=1.000 | Amax=1.585 |LR=0.002 | t=9.48s
   122 | base=1.610118 | val=2.713948 | acc1=0.3480 | Wμ=0.991 | Aμ=1.106 | Wmax=1.000 | Amax=1.585 |LR=0.002 | t=9.45s
   123 | base=1.741814 | val=3.716467 | acc1=0.2304 | Wμ=0.992 | Aμ=1.107 | Wmax=1.000 | Amax=1.585 |LR=0.002 | t=9.46s
   124 | base=1.593926 | val=2.635894 | acc1=0.3570 | Wμ=0.991 | Aμ=1.106 | Wmax=1.000 | Amax=1.585 |LR=0.002 | t=9.43s
   125 | base=1.658879 | val=3.496250 | acc1=0.2468 | Wμ=0.992 | Aμ=1.106 | Wmax=1.000 | Amax=1.585 |LR=0.002 | t=9.44s
   126 | base=1.795051 | val=3.504675 | acc1=0.2811 | Wμ=0.991 | Aμ=1.106 | Wmax=1.000 | Amax=1.585 |LR=0.002 | t=9.46s
   127 | base=1.718700 | val=3.376350 | acc1=0.2398 | Wμ=0.991 | Aμ=1.106 | Wmax=1.000 | Amax=1.585 |LR=0.002 | t=9.53s
   128 | base=1.800052 | val=3.547451 | acc1=0.2371 | Wμ=0.991 | Aμ=1.106 | Wmax=1.000 | Amax=1.585 |LR=0.002 | t=9.49s
   129 | base=1.784589 | val=2.719187 | acc1=0.3696 | Wμ=0.991 | Aμ=1.105 | Wmax=1.000 | Amax=1.585 |LR=0.002 | t=9.47s
   130 | base=1.749673 | val=3.808193 | acc1=0.2801 | Wμ=0.991 | Aμ=1.104 | Wmax=1.000 | Amax=1.585 |LR=0.002 | t=9.45s
   131 | base=1.779962 | val=2.385303 | acc1=0.3976 | Wμ=0.990 | Aμ=1.101 | Wmax=1.000 | Amax=1.585 |LR=0.002 | t=9.50s
   132 | base=1.728780 | val=3.345062 | acc1=0.2485 | Wμ=0.990 | Aμ=1.097 | Wmax=1.000 | Amax=1.585 |LR=0.002 | t=9.48s
   133 | base=1.939055 | val=3.049525 | acc1=0.2993 | Wμ=0.991 | Aμ=1.093 | Wmax=1.000 | Amax=1.585 |LR=0.002 | t=9.50s
   134 | base=1.857228 | val=2.555769 | acc1=0.3553 | Wμ=0.991 | Aμ=1.087 | Wmax=1.000 | Amax=1.585 |LR=0.002 | t=9.44s
   135 | base=1.756085 | val=3.315729 | acc1=0.2665 | Wμ=0.991 | Aμ=1.085 | Wmax=1.000 | Amax=1.585 |LR=0.002 | t=9.50s
   136 | base=1.760532 | val=3.128612 | acc1=0.2693 | Wμ=0.990 | Aμ=1.082 | Wmax=1.000 | Amax=1.585 |LR=0.002 | t=9.67s
   137 | base=1.746067 | val=3.125239 | acc1=0.2828 | Wμ=0.991 | Aμ=1.075 | Wmax=1.000 | Amax=1.585 |LR=0.002 | t=9.52s
   138 | base=1.828244 | val=3.111165 | acc1=0.2802 | Wμ=0.990 | Aμ=1.067 | Wmax=1.000 | Amax=1.585 |LR=0.002 | t=9.45s
   139 | base=1.672374 | val=2.711067 | acc1=0.3557 | Wμ=0.990 | Aμ=1.052 | Wmax=1.000 | Amax=1.585 |LR=0.002 | t=9.45s
   140 | base=1.768496 | val=2.670187 | acc1=0.3663 | Wμ=0.991 | Aμ=1.035 | Wmax=1.000 | Amax=1.585 |LR=0.002 | t=9.45s
   141 | base=1.700817 | val=3.368008 | acc1=0.2444 | Wμ=0.989 | Aμ=1.034 | Wmax=1.000 | Amax=1.000 |LR=0.002 | t=9.47s
   142 | base=1.748693 | val=3.732415 | acc1=0.2286 | Wμ=0.990 | Aμ=1.034 | Wmax=1.000 | Amax=1.585 |LR=0.0018582 | t=9.49s
   143 | base=1.618014 | val=2.501348 | acc1=0.3697 | Wμ=0.990 | Aμ=1.034 | Wmax=1.000 | Amax=1.000 |LR=0.0018554 | t=9.45s
   144 | base=1.683882 | val=3.460723 | acc1=0.2621 | Wμ=0.990 | Aμ=1.034 | Wmax=1.000 | Amax=1.585 |LR=0.0017238 | t=9.49s
   145 | base=1.816723 | val=3.432416 | acc1=0.2276 | Wμ=0.991 | Aμ=1.034 | Wmax=1.000 | Amax=1.000 |LR=0.0017212 | t=9.45s
   146 | base=1.695552 | val=2.922433 | acc1=0.3039 | Wμ=0.990 | Aμ=1.033 | Wmax=1.000 | Amax=1.000 |LR=0.0015992 | t=9.64s
   147 | base=1.671591 | val=4.152146 | acc1=0.2155 | Wμ=0.991 | Aμ=1.032 | Wmax=1.000 | Amax=1.585 |LR=0.0014835 | t=9.61s
   148 | base=1.804659 | val=2.785549 | acc1=0.3264 | Wμ=0.990 | Aμ=1.030 | Wmax=1.000 | Amax=1.000 |LR=0.0014813 | t=9.56s
   149 | base=1.659524 | val=3.434792 | acc1=0.2260 | Wμ=0.990 | Aμ=1.028 | Wmax=1.000 | Amax=1.000 |LR=0.0013763 | t=9.49s
   150 | base=1.687305 | val=2.568983 | acc1=0.3647 | Wμ=0.990 | Aμ=1.025 | Wmax=1.000 | Amax=1.000 |LR=0.0012767 | t=9.53s
   151 | base=1.663916 | val=4.297392 | acc1=0.1948 | Wμ=0.990 | Aμ=1.021 | Wmax=1.000 | Amax=1.585 |LR=0.0011844 | t=9.54s
   152 | base=1.687719 | val=2.542178 | acc1=0.3739 | Wμ=0.991 | Aμ=1.016 | Wmax=1.000 | Amax=1.000 |LR=0.0011826 | t=9.49s
   153 | base=1.665345 | val=3.250276 | acc1=0.2707 | Wμ=0.991 | Aμ=1.015 | Wmax=1.000 | Amax=1.000 |LR=0.0010988 | t=9.52s
   154 | base=1.678572 | val=2.751312 | acc1=0.3462 | Wμ=0.991 | Aμ=1.014 | Wmax=1.000 | Amax=1.000 |LR=0.0010193 | t=9.50s
   155 | base=1.685695 | val=2.766356 | acc1=0.3405 | Wμ=0.991 | Aμ=1.013 | Wmax=1.000 | Amax=1.000 |LR=0.00094562 | t=9.47s
   156 | base=1.561273 | val=2.414435 | acc1=0.3903 | Wμ=0.991 | Aμ=1.011 | Wmax=1.000 | Amax=1.000 |LR=0.00087724 | t=9.45s
   157 | base=1.622282 | val=2.355017 | acc1=0.3909 | Wμ=0.992 | Aμ=1.009 | Wmax=1.000 | Amax=1.000 |LR=0.00081381 | t=9.51s
   158 | base=1.589038 | val=2.359778 | acc1=0.3894 | Wμ=0.992 | Aμ=1.007 | Wmax=1.000 | Amax=1.000 |LR=0.00075497 | t=9.50s
   159 | base=1.628413 | val=2.876268 | acc1=0.3249 | Wμ=0.992 | Aμ=1.004 | Wmax=1.000 | Amax=1.000 |LR=0.00070037 | t=9.63s
   160 | base=1.627967 | val=2.413533 | acc1=0.3842 | Wμ=0.992 | Aμ=1.002 | Wmax=1.000 | Amax=1.000 |LR=0.00064973 | t=9.49s
   161 | base=1.621762 | val=2.259676 | acc1=0.4231 | Wμ=0.993 | Aμ=0.999 | Wmax=1.000 | Amax=1.000 |LR=0.00060275 | t=9.50s
   162 | base=1.604220 | val=2.575708 | acc1=0.3768 | Wμ=0.992 | Aμ=0.998 | Wmax=1.000 | Amax=1.000 |LR=0.00055917 | t=9.43s
   163 | base=1.581949 | val=3.012689 | acc1=0.2931 | Wμ=0.993 | Aμ=0.998 | Wmax=1.000 | Amax=1.000 |LR=0.00051873 | t=9.50s
   164 | base=1.522432 | val=3.809668 | acc1=0.2178 | Wμ=0.993 | Aμ=0.998 | Wmax=1.000 | Amax=1.000 |LR=0.00048122 | t=9.46s
   165 | base=1.626188 | val=2.305611 | acc1=0.4154 | Wμ=0.993 | Aμ=0.998 | Wmax=1.000 | Amax=1.000 |LR=0.00044643 | t=9.47s
   166 | base=1.619421 | val=2.642560 | acc1=0.3534 | Wμ=0.993 | Aμ=0.998 | Wmax=1.000 | Amax=1.000 |LR=0.00041415 | t=9.54s
   167 | base=1.567087 | val=2.318945 | acc1=0.4075 | Wμ=0.993 | Aμ=0.998 | Wmax=1.000 | Amax=1.000 |LR=0.0003842 | t=9.51s
   168 | base=1.531821 | val=2.355208 | acc1=0.4077 | Wμ=0.993 | Aμ=0.998 | Wmax=1.000 | Amax=1.000 |LR=0.00035642 | t=9.64s
   169 | base=1.580827 | val=2.157352 | acc1=0.4317 | Wμ=0.993 | Aμ=0.998 | Wmax=1.000 | Amax=1.000 |LR=0.00033065 | t=9.50s
   170 | base=1.513736 | val=2.267488 | acc1=0.4151 | Wμ=0.993 | Aμ=0.998 | Wmax=1.000 | Amax=1.000 |LR=0.00030674 | t=9.47s
   171 | base=1.530747 | val=2.696692 | acc1=0.3474 | Wμ=0.993 | Aμ=0.998 | Wmax=1.000 | Amax=1.000 |LR=0.00028456 | t=9.43s
   172 | base=1.537981 | val=2.419352 | acc1=0.3983 | Wμ=0.993 | Aμ=0.998 | Wmax=1.000 | Amax=1.000 |LR=0.00026398 | t=9.47s
   173 | base=1.524660 | val=2.582676 | acc1=0.3633 | Wμ=0.994 | Aμ=0.998 | Wmax=1.000 | Amax=1.000 |LR=0.00024489 | t=9.47s
   174 | base=1.540084 | val=2.328495 | acc1=0.4113 | Wμ=0.994 | Aμ=0.998 | Wmax=1.000 | Amax=1.000 |LR=0.00022719 | t=9.45s
   175 | base=1.538495 | val=2.299251 | acc1=0.4175 | Wμ=0.994 | Aμ=0.998 | Wmax=1.000 | Amax=1.000 |LR=0.00021076 | t=9.46s
   176 | base=1.549265 | val=2.394424 | acc1=0.3941 | Wμ=0.994 | Aμ=0.998 | Wmax=1.000 | Amax=1.000 |LR=0.00019552 | t=9.47s
   177 | base=1.542696 | val=2.191701 | acc1=0.4374 | Wμ=0.994 | Aμ=0.998 | Wmax=1.000 | Amax=1.000 |LR=0.00018138 | t=9.55s
   178 | base=1.512498 | val=2.549084 | acc1=0.3681 | Wμ=0.994 | Aμ=0.998 | Wmax=1.000 | Amax=1.000 |LR=0.00016827 | t=9.46s
   179 | base=1.529974 | val=2.386540 | acc1=0.4027 | Wμ=0.995 | Aμ=0.999 | Wmax=1.000 | Amax=1.000 |LR=0.0001561 | t=9.47s
   180 | base=1.535715 | val=2.533762 | acc1=0.3814 | Wμ=0.995 | Aμ=0.998 | Wmax=1.000 | Amax=1.000 |LR=0.00014481 | t=9.53s
   181 | base=1.533115 | val=2.250318 | acc1=0.4188 | Wμ=0.995 | Aμ=0.999 | Wmax=1.000 | Amax=1.000 |LR=0.00013434 | t=9.52s
   182 | base=1.534903 | val=2.080477 | acc1=0.4555 | Wμ=0.995 | Aμ=0.999 | Wmax=1.000 | Amax=1.000 |LR=0.00012463 | t=9.53s
   183 | base=1.543503 | val=2.376787 | acc1=0.4110 | Wμ=0.995 | Aμ=0.998 | Wmax=1.000 | Amax=1.000 |LR=0.00011561 | t=9.54s
   184 | base=1.505417 | val=2.439084 | acc1=0.3970 | Wμ=0.995 | Aμ=0.999 | Wmax=1.000 | Amax=1.000 |LR=0.00010725 | t=9.53s
   185 | base=1.531702 | val=2.259714 | acc1=0.4286 | Wμ=0.995 | Aμ=0.999 | Wmax=1.000 | Amax=1.000 |LR=9.9499e-05 | t=9.49s
   186 | base=1.547124 | val=2.814626 | acc1=0.3302 | Wμ=0.996 | Aμ=0.999 | Wmax=1.000 | Amax=1.000 |LR=9.2305e-05 | t=9.51s
   187 | base=1.488798 | val=2.033793 | acc1=0.4686 | Wμ=0.996 | Aμ=0.999 | Wmax=1.000 | Amax=1.000 |LR=8.563e-05 | t=9.48s
   188 | base=1.500988 | val=2.736481 | acc1=0.3508 | Wμ=0.996 | Aμ=0.999 | Wmax=1.000 | Amax=1.000 |LR=7.9438e-05 | t=9.46s
   189 | base=1.558328 | val=2.418750 | acc1=0.4020 | Wμ=0.996 | Aμ=0.999 | Wmax=1.000 | Amax=1.000 |LR=7.3694e-05 | t=9.46s
   190 | base=1.542106 | val=2.148000 | acc1=0.4507 | Wμ=0.996 | Aμ=0.999 | Wmax=1.000 | Amax=1.000 |LR=6.8366e-05 | t=9.44s
   191 | base=1.483064 | val=2.244063 | acc1=0.4301 | Wμ=0.996 | Aμ=0.999 | Wmax=1.000 | Amax=1.000 |LR=6.3422e-05 | t=9.44s
   192 | base=1.502710 | val=2.127425 | acc1=0.4531 | Wμ=0.996 | Aμ=0.999 | Wmax=1.000 | Amax=1.000 |LR=5.8836e-05 | t=9.45s
   193 | base=1.495426 | val=2.226968 | acc1=0.4253 | Wμ=0.996 | Aμ=0.999 | Wmax=1.000 | Amax=1.000 |LR=5.4582e-05 | t=9.48s
   194 | base=1.468508 | val=2.189421 | acc1=0.4362 | Wμ=0.996 | Aμ=0.999 | Wmax=1.000 | Amax=1.000 |LR=5.0635e-05 | t=9.45s
   195 | base=1.477779 | val=2.088384 | acc1=0.4550 | Wμ=0.997 | Aμ=0.999 | Wmax=1.000 | Amax=1.000 |LR=4.6974e-05 | t=9.46s
   196 | base=1.470269 | val=2.095222 | acc1=0.4523 | Wμ=0.997 | Aμ=0.999 | Wmax=1.000 | Amax=1.000 |LR=4.3577e-05 | t=9.48s
   197 | base=1.497025 | val=1.957585 | acc1=0.4847 | Wμ=0.997 | Aμ=0.999 | Wmax=1.000 | Amax=1.000 |LR=4.0426e-05 | t=9.46s
   198 | base=1.469870 | val=1.987801 | acc1=0.4778 | Wμ=0.997 | Aμ=0.999 | Wmax=1.000 | Amax=1.000 |LR=3.7503e-05 | t=9.47s
   199 | base=1.445138 | val=1.848084 | acc1=0.5071 | Wμ=0.997 | Aμ=0.999 | Wmax=1.000 | Amax=1.000 |LR=3.4791e-05 | t=9.46s
   200 | base=1.512018 | val=2.151503 | acc1=0.4442 | Wμ=0.997 | Aμ=0.999 | Wmax=1.000 | Amax=1.000 |LR=3.2275e-05 | t=9.47s
   201 | base=1.416368 | val=2.015720 | acc1=0.4718 | Wμ=0.997 | Aμ=0.999 | Wmax=1.000 | Amax=1.000 |LR=2.9942e-05 | t=9.45s
   202 | base=1.475127 | val=2.202886 | acc1=0.4355 | Wμ=0.997 | Aμ=0.999 | Wmax=1.000 | Amax=1.000 |LR=2.7777e-05 | t=9.51s
   203 | base=1.476397 | val=2.372050 | acc1=0.3954 | Wμ=0.997 | Aμ=0.999 | Wmax=1.000 | Amax=1.000 |LR=2.5768e-05 | t=9.46s
   204 | base=1.555994 | val=2.077693 | acc1=0.4584 | Wμ=0.997 | Aμ=0.999 | Wmax=1.000 | Amax=1.000 |LR=2.3905e-05 | t=9.49s
   205 | base=1.426793 | val=1.857856 | acc1=0.5031 | Wμ=0.997 | Aμ=0.999 | Wmax=1.000 | Amax=1.000 |LR=2.2176e-05 | t=9.47s
   206 | base=1.513300 | val=2.461017 | acc1=0.3948 | Wμ=0.997 | Aμ=0.999 | Wmax=1.000 | Amax=1.000 |LR=2.0573e-05 | t=9.46s
   207 | base=1.467443 | val=1.895747 | acc1=0.4899 | Wμ=0.997 | Aμ=0.999 | Wmax=1.000 | Amax=1.000 |LR=1.9085e-05 | t=9.48s
   208 | base=1.456382 | val=1.825970 | acc1=0.5086 | Wμ=0.997 | Aμ=0.999 | Wmax=1.000 | Amax=1.000 |LR=1.7705e-05 | t=9.46s
   209 | base=1.499822 | val=1.979178 | acc1=0.4754 | Wμ=0.998 | Aμ=0.999 | Wmax=1.000 | Amax=1.000 |LR=1.6425e-05 | t=9.52s
   210 | base=1.455654 | val=1.846555 | acc1=0.5117 | Wμ=0.998 | Aμ=0.999 | Wmax=1.000 | Amax=1.000 |LR=1.5237e-05 | t=9.46s
   211 | base=1.450136 | val=1.922629 | acc1=0.4898 | Wμ=0.998 | Aμ=0.999 | Wmax=1.000 | Amax=1.000 |LR=1.4135e-05 | t=9.45s
   212 | base=1.473322 | val=1.861405 | acc1=0.4960 | Wμ=0.998 | Aμ=0.999 | Wmax=1.000 | Amax=1.000 |LR=1.3113e-05 | t=9.46s
   213 | base=1.468721 | val=2.228714 | acc1=0.4350 | Wμ=0.998 | Aμ=0.999 | Wmax=1.000 | Amax=1.000 |LR=1.2165e-05 | t=9.51s
   214 | base=1.455855 | val=2.077574 | acc1=0.4590 | Wμ=0.998 | Aμ=0.999 | Wmax=1.000 | Amax=1.000 |LR=1.1285e-05 | t=9.44s
   215 | base=1.441226 | val=2.022340 | acc1=0.4661 | Wμ=0.998 | Aμ=0.999 | Wmax=1.000 | Amax=1.000 |LR=1.0469e-05 | t=9.46s
   216 | base=1.476598 | val=1.951768 | acc1=0.4868 | Wμ=0.998 | Aμ=0.999 | Wmax=1.000 | Amax=1.000 |LR=9.7124e-06 | t=9.43s
   217 | base=1.453675 | val=1.948469 | acc1=0.4847 | Wμ=0.998 | Aμ=0.999 | Wmax=1.000 | Amax=1.000 |LR=9.0101e-06 | t=9.47s
   218 | base=1.477716 | val=1.872708 | acc1=0.5058 | Wμ=0.998 | Aμ=0.999 | Wmax=1.000 | Amax=1.000 |LR=8.3586e-06 | t=9.46s
   219 | base=1.486156 | val=1.896622 | acc1=0.4994 | Wμ=0.998 | Aμ=0.999 | Wmax=1.000 | Amax=1.000 |LR=7.7542e-06 | t=9.44s
   220 | base=1.474721 | val=1.915124 | acc1=0.4984 | Wμ=0.998 | Aμ=0.999 | Wmax=1.000 | Amax=1.000 |LR=7.1935e-06 | t=9.45s
   221 | base=1.456213 | val=2.017350 | acc1=0.4772 | Wμ=0.998 | Aμ=0.999 | Wmax=1.000 | Amax=1.000 |LR=6.6734e-06 | t=9.44s
   222 | base=1.450868 | val=1.979814 | acc1=0.4753 | Wμ=0.998 | Aμ=0.999 | Wmax=1.000 | Amax=1.000 |LR=6.1908e-06 | t=9.45s
   223 | base=1.445872 | val=2.406513 | acc1=0.4080 | Wμ=0.998 | Aμ=0.999 | Wmax=1.000 | Amax=1.000 |LR=5.7432e-06 | t=9.44s
   224 | base=1.470175 | val=1.986662 | acc1=0.4803 | Wμ=0.998 | Aμ=0.999 | Wmax=1.000 | Amax=1.000 |LR=5.3279e-06 | t=9.45s
   225 | base=1.427061 | val=2.098619 | acc1=0.4589 | Wμ=0.998 | Aμ=0.999 | Wmax=1.000 | Amax=1.000 |LR=4.9426e-06 | t=9.45s
   226 | base=1.406590 | val=1.788611 | acc1=0.5184 | Wμ=0.998 | Aμ=0.999 | Wmax=1.000 | Amax=1.000 |LR=4.5852e-06 | t=9.42s
   227 | base=1.430874 | val=1.992722 | acc1=0.4780 | Wμ=0.998 | Aμ=0.999 | Wmax=1.000 | Amax=1.000 |LR=4.2537e-06 | t=9.45s
   228 | base=1.473532 | val=1.979660 | acc1=0.4759 | Wμ=0.998 | Aμ=0.999 | Wmax=1.000 | Amax=1.000 |LR=3.9461e-06 | t=9.51s
   229 | base=1.401205 | val=1.969961 | acc1=0.4803 | Wμ=0.998 | Aμ=0.999 | Wmax=1.000 | Amax=1.000 |LR=3.6608e-06 | t=9.47s
