     0 | base=nan | val=1.104183 | acc1=nan | Wμ=nan | Aμ=nan | Wmax=nan | Amax=nan |LR=nan | t=nans
     0 | base=nan | val=1.104352 | acc1=0.7034 | Wμ=11.367 | Aμ=20.000 | Wmax=12.587 | Amax=14.104 |LR=nan | t=nans
     0 | base=nan | val=1.104495 | acc1=0.7028 | Wμ=10.000 | Aμ=20.000 | Wmax=10.000 | Amax=14.105 |LR=nan | t=nans
     0 | base=nan | val=1.104728 | acc1=0.7024 | Wμ=10.000 | Aμ=10.000 | Wmax=10.000 | Amax=9.988 |LR=nan | t=nans
# epoch | BaseLoss | ValLoss | Acc@1 | MeanWBits | MeanABits | MaxWBits | MaxABits | LR | GradNorm | WSat | ASat | NoiseMean | NoiseVar | NoiseCorr | Temp | EpochTime(s)
     0 | base=nan | val=1.111712 | acc1=0.7035 | Wμ=10.000 | Aμ=10.000 | Wmax=10.000 | Amax=9.976 |LR=nan | t=nans
     0 | base=0.098764 | val=1.133521 | acc1=0.6966 | Wμ=10.000 | Aμ=10.001 | Wmax=10.010 | Amax=10.001 |LR=0.00098 | t=11.30s
     1 | base=0.053700 | val=1.120874 | acc1=0.6992 | Wμ=10.001 | Aμ=10.006 | Wmax=10.033 | Amax=10.011 |LR=0.00198 | t=9.44s
     2 | base=0.046850 | val=1.130183 | acc1=0.6952 | Wμ=10.002 | Aμ=10.016 | Wmax=10.062 | Amax=10.031 |LR=0.00298 | t=9.38s
     3 | base=0.041614 | val=1.131915 | acc1=0.6943 | Wμ=10.005 | Aμ=10.035 | Wmax=10.067 | Amax=10.065 |LR=0.00398 | t=9.45s
     4 | base=0.048051 | val=1.168813 | acc1=0.6844 | Wμ=10.010 | Aμ=10.062 | Wmax=10.091 | Amax=10.115 |LR=0.00498 | t=9.40s
     5 | base=0.070659 | val=1.184737 | acc1=0.6798 | Wμ=10.021 | Aμ=10.094 | Wmax=10.119 | Amax=10.177 |LR=0.00598 | t=9.41s
     6 | base=0.113706 | val=1.261625 | acc1=0.6565 | Wμ=10.038 | Aμ=10.142 | Wmax=10.157 | Amax=10.247 |LR=0.00698 | t=9.48s
     7 | base=0.177832 | val=1.392530 | acc1=0.6203 | Wμ=10.069 | Aμ=10.204 | Wmax=10.267 | Amax=10.334 |LR=0.00798 | t=9.54s
     8 | base=0.242002 | val=1.381157 | acc1=0.6294 | Wμ=10.118 | Aμ=10.254 | Wmax=10.397 | Amax=10.447 |LR=0.00898 | t=9.43s
     9 | base=0.291287 | val=1.433327 | acc1=0.6148 | Wμ=10.174 | Aμ=10.281 | Wmax=10.559 | Amax=10.517 |LR=0.00998 | t=9.51s
    10 | base=0.316788 | val=1.570918 | acc1=0.5906 | Wμ=10.237 | Aμ=10.322 | Wmax=10.646 | Amax=10.653 |LR=0.01098 | t=9.55s
    11 | base=0.263819 | val=1.375930 | acc1=0.6317 | Wμ=10.295 | Aμ=10.372 | Wmax=10.733 | Amax=10.760 |LR=0.01198 | t=9.48s
    12 | base=0.294504 | val=1.388105 | acc1=0.6218 | Wμ=10.356 | Aμ=10.415 | Wmax=10.888 | Amax=10.947 |LR=0.01298 | t=9.47s
    13 | base=0.310526 | val=1.374851 | acc1=0.6239 | Wμ=10.420 | Aμ=10.437 | Wmax=10.950 | Amax=11.027 |LR=0.01398 | t=9.49s
    14 | base=0.325036 | val=1.391118 | acc1=0.6266 | Wμ=10.488 | Aμ=10.523 | Wmax=10.982 | Amax=11.122 |LR=0.01498 | t=9.56s
    15 | base=0.357578 | val=1.490177 | acc1=0.6005 | Wμ=10.558 | Aμ=10.610 | Wmax=11.164 | Amax=11.146 |LR=0.01598 | t=9.54s
    16 | base=0.320367 | val=1.528811 | acc1=0.5965 | Wμ=10.628 | Aμ=10.626 | Wmax=11.305 | Amax=11.194 |LR=0.01698 | t=9.49s
    17 | base=0.346658 | val=1.489516 | acc1=0.6019 | Wμ=10.704 | Aμ=10.667 | Wmax=11.364 | Amax=11.289 |LR=0.01798 | t=9.59s
    18 | base=0.347652 | val=1.448140 | acc1=0.6138 | Wμ=10.776 | Aμ=10.766 | Wmax=11.488 | Amax=11.460 |LR=0.01898 | t=9.60s
    19 | base=0.342091 | val=1.573766 | acc1=0.5806 | Wμ=10.845 | Aμ=10.826 | Wmax=11.623 | Amax=11.570 |LR=0.01998 | t=9.56s
    20 | base=0.328054 | val=1.591499 | acc1=0.5842 | Wμ=7.364 | Aμ=7.310 | Wmax=7.989 | Amax=8.852 |LR=0.02 | t=9.63s
    21 | base=0.468613 | val=1.670195 | acc1=0.5591 | Wμ=4.043 | Aμ=4.790 | Wmax=4.700 | Amax=6.555 |LR=0.02 | t=9.52s
    22 | base=1.399246 | val=3.575254 | acc1=0.2546 | Wμ=2.031 | Aμ=4.329 | Wmax=3.585 | Amax=5.883 |LR=0.02 | t=9.44s
    23 | base=1.895951 | val=5.235929 | acc1=0.1133 | Wμ=1.344 | Aμ=3.741 | Wmax=2.585 | Amax=4.700 |LR=0.02 | t=9.50s
    24 | base=1.784278 | val=11.503703 | acc1=0.0313 | Wμ=1.116 | Aμ=2.822 | Wmax=2.322 | Amax=3.907 |LR=0.02 | t=9.60s
    25 | base=1.651292 | val=4.326521 | acc1=0.1960 | Wμ=1.026 | Aμ=2.109 | Wmax=2.000 | Amax=2.807 |LR=0.02 | t=9.60s
    26 | base=1.794909 | val=4.114183 | acc1=0.1712 | Wμ=1.004 | Aμ=1.699 | Wmax=1.585 | Amax=2.322 |LR=0.02 | t=9.55s
    27 | base=2.001829 | val=2.980119 | acc1=0.2809 | Wμ=0.990 | Aμ=1.472 | Wmax=1.585 | Amax=2.000 |LR=0.02 | t=9.56s
    28 | base=2.071723 | val=3.549364 | acc1=0.2324 | Wμ=0.986 | Aμ=1.328 | Wmax=1.000 | Amax=2.000 |LR=0.02 | t=9.55s
    29 | base=2.194200 | val=3.723304 | acc1=0.1829 | Wμ=0.982 | Aμ=1.134 | Wmax=1.000 | Amax=1.585 |LR=0.02 | t=9.62s
    30 | base=2.122863 | val=6.385476 | acc1=0.1079 | Wμ=0.980 | Aμ=1.087 | Wmax=1.000 | Amax=1.585 |LR=0.02 | t=9.57s
    31 | base=2.137295 | val=3.797071 | acc1=0.2308 | Wμ=0.978 | Aμ=1.067 | Wmax=1.000 | Amax=1.585 |LR=0.02 | t=9.54s
    32 | base=2.243553 | val=4.407111 | acc1=0.1381 | Wμ=0.976 | Aμ=1.048 | Wmax=1.000 | Amax=1.000 |LR=0.02 | t=9.60s
