     0 | base=nan | val=1.104183 | acc1=nan | Wμ=nan | Aμ=nan | Wmax=nan | Amax=nan |LR=nan | t=nans
     0 | base=nan | val=1.104352 | acc1=0.7034 | Wμ=11.367 | Aμ=20.000 | Wmax=12.587 | Amax=14.104 |LR=nan | t=nans
     0 | base=nan | val=1.104495 | acc1=0.7028 | Wμ=10.000 | Aμ=20.000 | Wmax=10.000 | Amax=14.105 |LR=nan | t=nans
     0 | base=nan | val=1.104728 | acc1=0.7024 | Wμ=10.000 | Aμ=10.000 | Wmax=10.000 | Amax=9.988 |LR=nan | t=nans
# epoch | BaseLoss | ValLoss | Acc@1 | MeanWBits | MeanABits | MaxWBits | MaxABits | LR | GradNorm | WSat | ASat | NoiseMean | NoiseVar | NoiseCorr | Temp | EpochTime(s)
     0 | base=nan | val=1.111712 | acc1=0.7035 | Wμ=10.000 | Aμ=10.000 | Wmax=10.000 | Amax=9.976 |LR=nan | t=nans
     0 | base=0.096548 | val=1.130750 | acc1=0.6954 | Wμ=10.000 | Aμ=10.001 | Wmax=10.011 | Amax=10.001 |LR=0.00098 | t=11.11s
     1 | base=0.055118 | val=1.118494 | acc1=0.7000 | Wμ=10.001 | Aμ=10.004 | Wmax=10.032 | Amax=10.009 |LR=0.00198 | t=9.38s
     2 | base=0.047585 | val=1.134327 | acc1=0.6911 | Wμ=10.002 | Aμ=10.015 | Wmax=10.063 | Amax=10.031 |LR=0.00298 | t=9.23s
     3 | base=0.043066 | val=1.167149 | acc1=0.6833 | Wμ=10.005 | Aμ=10.030 | Wmax=10.067 | Amax=10.065 |LR=0.00398 | t=9.23s
     4 | base=0.049556 | val=1.168669 | acc1=0.6828 | Wμ=10.009 | Aμ=10.054 | Wmax=10.082 | Amax=10.116 |LR=0.00498 | t=9.24s
     5 | base=0.068183 | val=1.202312 | acc1=0.6759 | Wμ=10.018 | Aμ=10.091 | Wmax=10.103 | Amax=10.162 |LR=0.00598 | t=9.28s
     6 | base=0.107217 | val=1.249317 | acc1=0.6639 | Wμ=10.036 | Aμ=10.145 | Wmax=10.169 | Amax=10.226 |LR=0.00698 | t=9.22s
     7 | base=0.184875 | val=1.301333 | acc1=0.6450 | Wμ=10.068 | Aμ=10.209 | Wmax=10.270 | Amax=10.315 |LR=0.00798 | t=9.26s
     8 | base=0.283648 | val=1.403811 | acc1=0.6299 | Wμ=10.114 | Aμ=10.245 | Wmax=10.407 | Amax=10.406 |LR=0.00898 | t=9.25s
     9 | base=0.276098 | val=1.433081 | acc1=0.6196 | Wμ=10.170 | Aμ=10.298 | Wmax=10.667 | Amax=10.475 |LR=0.00998 | t=9.22s
    10 | base=0.285951 | val=1.373815 | acc1=0.6261 | Wμ=10.235 | Aμ=10.331 | Wmax=10.686 | Amax=10.658 |LR=0.01098 | t=9.25s
    11 | base=0.290201 | val=1.304409 | acc1=0.6427 | Wμ=10.297 | Aμ=10.375 | Wmax=10.841 | Amax=10.818 |LR=0.01198 | t=9.26s
    12 | base=0.319522 | val=1.460842 | acc1=0.6094 | Wμ=10.360 | Aμ=10.416 | Wmax=10.914 | Amax=10.979 |LR=0.01298 | t=9.24s
    13 | base=0.291124 | val=1.432628 | acc1=0.6164 | Wμ=10.428 | Aμ=10.424 | Wmax=11.025 | Amax=10.996 |LR=0.01398 | t=9.26s
    14 | base=0.324545 | val=1.494353 | acc1=0.6046 | Wμ=10.493 | Aμ=10.459 | Wmax=11.083 | Amax=11.079 |LR=0.01498 | t=9.26s
    15 | base=0.331488 | val=1.608351 | acc1=0.5748 | Wμ=10.557 | Aμ=10.520 | Wmax=11.190 | Amax=10.974 |LR=0.01598 | t=9.24s
    16 | base=0.324169 | val=1.400147 | acc1=0.6227 | Wμ=10.625 | Aμ=10.568 | Wmax=11.411 | Amax=11.040 |LR=0.01698 | t=9.29s
    17 | base=0.333528 | val=1.450483 | acc1=0.6082 | Wμ=10.693 | Aμ=10.614 | Wmax=11.442 | Amax=11.148 |LR=0.01798 | t=9.26s
    18 | base=0.347778 | val=1.552868 | acc1=0.5882 | Wμ=10.755 | Aμ=10.683 | Wmax=11.529 | Amax=11.373 |LR=0.01898 | t=9.26s
    19 | base=0.332290 | val=1.402341 | acc1=0.6257 | Wμ=10.820 | Aμ=10.725 | Wmax=11.552 | Amax=11.560 |LR=0.01998 | t=9.24s
    20 | base=0.316385 | val=1.418225 | acc1=0.6185 | Wμ=7.338 | Aμ=7.324 | Wmax=8.039 | Amax=8.910 |LR=0.02 | t=9.24s
    21 | base=0.481013 | val=1.743526 | acc1=0.5419 | Wμ=4.026 | Aμ=4.794 | Wmax=4.807 | Amax=6.524 |LR=0.02 | t=9.31s
    22 | base=1.454751 | val=5.072669 | acc1=0.1338 | Wμ=2.047 | Aμ=4.355 | Wmax=3.700 | Amax=6.170 |LR=0.02 | t=9.28s
    23 | base=1.965901 | val=6.566006 | acc1=0.0684 | Wμ=1.333 | Aμ=3.717 | Wmax=2.807 | Amax=5.285 |LR=0.02 | t=9.28s
    24 | base=1.754506 | val=5.098074 | acc1=0.1375 | Wμ=1.115 | Aμ=2.764 | Wmax=2.000 | Amax=3.700 |LR=0.02 | t=9.28s
    25 | base=1.747615 | val=4.989750 | acc1=0.1638 | Wμ=1.027 | Aμ=2.121 | Wmax=2.000 | Amax=2.807 |LR=0.02 | t=9.30s
    26 | base=1.681292 | val=3.980490 | acc1=0.2249 | Wμ=0.998 | Aμ=1.700 | Wmax=2.000 | Amax=2.322 |LR=0.02 | t=9.27s
    27 | base=1.877204 | val=5.143713 | acc1=0.1688 | Wμ=0.990 | Aμ=1.425 | Wmax=1.585 | Amax=2.000 |LR=0.02 | t=9.27s
    28 | base=2.207977 | val=4.922202 | acc1=0.1207 | Wμ=0.985 | Aμ=1.266 | Wmax=1.000 | Amax=1.585 |LR=0.02 | t=9.30s
    29 | base=2.162134 | val=3.400751 | acc1=0.2460 | Wμ=0.982 | Aμ=1.165 | Wmax=1.000 | Amax=1.585 |LR=0.02 | t=9.29s
    30 | base=2.153522 | val=3.700679 | acc1=0.2158 | Wμ=0.978 | Aμ=1.081 | Wmax=1.000 | Amax=1.585 |LR=0.02 | t=9.31s
    31 | base=2.181861 | val=3.320522 | acc1=0.2263 | Wμ=0.976 | Aμ=1.061 | Wmax=1.000 | Amax=1.585 |LR=0.02 | t=9.28s
    32 | base=2.103735 | val=3.127661 | acc1=0.2661 | Wμ=0.973 | Aμ=1.029 | Wmax=1.000 | Amax=1.000 |LR=0.02 | t=9.34s
    33 | base=2.133354 | val=2.937278 | acc1=0.2784 | Wμ=0.972 | Aμ=0.994 | Wmax=1.000 | Amax=1.000 |LR=0.018582 | t=9.32s
    34 | base=2.090843 | val=3.078517 | acc1=0.2700 | Wμ=0.970 | Aμ=0.974 | Wmax=1.000 | Amax=1.000 |LR=0.017238 | t=9.27s
    35 | base=2.006843 | val=3.151796 | acc1=0.2639 | Wμ=0.968 | Aμ=0.966 | Wmax=1.000 | Amax=1.000 |LR=0.015992 | t=9.32s
    36 | base=1.926742 | val=3.153933 | acc1=0.2742 | Wμ=0.969 | Aμ=0.960 | Wmax=1.000 | Amax=1.000 |LR=0.014835 | t=9.33s
    37 | base=1.939940 | val=3.261959 | acc1=0.2719 | Wμ=0.969 | Aμ=0.944 | Wmax=1.000 | Amax=1.000 |LR=0.013763 | t=9.32s
    38 | base=1.946471 | val=3.936756 | acc1=0.1809 | Wμ=0.968 | Aμ=0.972 | Wmax=1.000 | Amax=1.000 |LR=0.012767 | t=9.31s
    39 | base=1.847520 | val=3.732888 | acc1=0.2230 | Wμ=0.969 | Aμ=0.953 | Wmax=1.000 | Amax=1.000 |LR=0.011844 | t=9.31s
