     0 | base=nan | val=nan | acc1=0.7031 | Wμ=nan | Aμ=nan | Wmax=nan | Amax=nan |LR=nan | t=nans
     0 | base=nan | val=1.104401 | acc1=0.7032 | Wμ=11.367 | Aμ=20.000 | Wmax=12.587 | Amax=14.104 |LR=nan | t=nans
     0 | base=nan | val=1.104483 | acc1=0.7030 | Wμ=10.000 | Aμ=20.000 | Wmax=10.000 | Amax=14.105 |LR=nan | t=nans
     0 | base=nan | val=1.104656 | acc1=0.7024 | Wμ=10.000 | Aμ=10.000 | Wmax=10.000 | Amax=9.987 |LR=nan | t=nans
# epoch | BaseLoss | ValLoss | Acc@1 | MeanWBits | MeanABits | MaxWBits | MaxABits | LR | EpochTime(s)
     0 | base=nan | val=1.111653 | acc1=0.7025 | Wμ=10.000 | Aμ=10.000 | Wmax=10.000 | Amax=9.976 |LR=nan | t=nans
     0 | base=0.121774 | val=1.129330 | acc1=0.6975 | Wμ=10.000 | Aμ=10.000 | Wmax=10.007 | Amax=10.001 |LR=0.00049 | t=10.69s
     1 | base=0.066108 | val=1.119278 | acc1=0.6970 | Wμ=10.001 | Aμ=10.002 | Wmax=10.020 | Amax=10.004 |LR=0.00099 | t=9.45s
     2 | base=0.048177 | val=1.113489 | acc1=0.6998 | Wμ=10.001 | Aμ=10.006 | Wmax=10.035 | Amax=10.013 |LR=0.00149 | t=9.46s
     3 | base=0.043295 | val=1.126914 | acc1=0.6976 | Wμ=10.002 | Aμ=10.014 | Wmax=10.055 | Amax=10.028 |LR=0.00199 | t=9.45s
     4 | base=0.040238 | val=1.126439 | acc1=0.6971 | Wμ=10.004 | Aμ=10.026 | Wmax=10.074 | Amax=10.053 |LR=0.00249 | t=9.45s
     5 | base=0.036518 | val=1.134230 | acc1=0.6933 | Wμ=10.007 | Aμ=10.040 | Wmax=10.086 | Amax=10.089 |LR=0.00299 | t=9.42s
     6 | base=0.039803 | val=1.148126 | acc1=0.6903 | Wμ=10.011 | Aμ=10.062 | Wmax=10.095 | Amax=10.126 |LR=0.00349 | t=9.43s
     7 | base=0.048000 | val=1.164681 | acc1=0.6866 | Wμ=10.017 | Aμ=10.089 | Wmax=10.091 | Amax=10.182 |LR=0.00399 | t=9.40s
     8 | base=0.060640 | val=1.181616 | acc1=0.6777 | Wμ=10.026 | Aμ=10.127 | Wmax=10.109 | Amax=10.235 |LR=0.00449 | t=9.40s
     9 | base=0.086351 | val=1.193496 | acc1=0.6741 | Wμ=10.042 | Aμ=10.164 | Wmax=10.148 | Amax=10.313 |LR=0.00499 | t=9.46s
    10 | base=0.142682 | val=1.308512 | acc1=0.6479 | Wμ=10.064 | Aμ=10.210 | Wmax=10.224 | Amax=10.398 |LR=0.00549 | t=9.41s
    11 | base=0.175295 | val=1.367325 | acc1=0.6330 | Wμ=10.090 | Aμ=10.240 | Wmax=10.372 | Amax=10.495 |LR=0.00599 | t=9.40s
    12 | base=0.201405 | val=1.334942 | acc1=0.6412 | Wμ=10.125 | Aμ=10.286 | Wmax=10.484 | Amax=10.569 |LR=0.00649 | t=9.46s
    13 | base=0.205986 | val=1.364979 | acc1=0.6309 | Wμ=10.163 | Aμ=10.335 | Wmax=10.518 | Amax=10.671 |LR=0.00699 | t=9.40s
    14 | base=0.198785 | val=1.355413 | acc1=0.6376 | Wμ=10.204 | Aμ=10.386 | Wmax=10.722 | Amax=10.780 |LR=0.00749 | t=9.43s
    15 | base=0.220630 | val=1.381726 | acc1=0.6257 | Wμ=10.245 | Aμ=10.442 | Wmax=10.742 | Amax=10.894 |LR=0.00799 | t=9.39s
    16 | base=0.225534 | val=1.450306 | acc1=0.6093 | Wμ=10.289 | Aμ=10.469 | Wmax=10.847 | Amax=10.914 |LR=0.00849 | t=9.46s
    17 | base=0.222552 | val=1.334279 | acc1=0.6407 | Wμ=10.340 | Aμ=10.518 | Wmax=10.839 | Amax=10.963 |LR=0.00899 | t=9.41s
    18 | base=0.231394 | val=1.319596 | acc1=0.6420 | Wμ=10.387 | Aμ=10.567 | Wmax=10.934 | Amax=10.971 |LR=0.00949 | t=9.44s
    19 | base=0.247878 | val=1.355875 | acc1=0.6353 | Wμ=10.430 | Aμ=10.584 | Wmax=11.010 | Amax=11.010 |LR=0.00999 | t=9.44s
    20 | base=0.245606 | val=1.326350 | acc1=0.6425 | Wμ=8.852 | Aμ=9.186 | Wmax=9.384 | Amax=10.267 |LR=0.01 | t=9.40s
    21 | base=0.257052 | val=1.330983 | acc1=0.6397 | Wμ=7.139 | Aμ=7.566 | Wmax=7.748 | Amax=8.811 |LR=0.01 | t=9.41s
    22 | base=0.270485 | val=1.373226 | acc1=0.6253 | Wμ=5.651 | Aμ=6.358 | Wmax=6.322 | Amax=7.693 |LR=0.01 | t=9.40s
    23 | base=0.419578 | val=1.606139 | acc1=0.5702 | Wμ=4.364 | Aμ=5.590 | Wmax=5.285 | Amax=6.954 |LR=0.01 | t=9.41s
    24 | base=0.591946 | val=2.060763 | acc1=0.4688 | Wμ=3.289 | Aμ=5.176 | Wmax=4.585 | Amax=6.807 |LR=0.01 | t=9.39s
    25 | base=0.932625 | val=2.512175 | acc1=0.4013 | Wμ=2.459 | Aμ=4.750 | Wmax=3.907 | Amax=6.190 |LR=0.01 | t=9.46s
    26 | base=1.101520 | val=4.716656 | acc1=0.1772 | Wμ=1.835 | Aμ=4.488 | Wmax=3.459 | Amax=5.781 |LR=0.01 | t=9.46s
    27 | base=1.391868 | val=4.419800 | acc1=0.1562 | Wμ=1.462 | Aμ=4.119 | Wmax=3.170 | Amax=5.358 |LR=0.01 | t=9.45s
    28 | base=1.527707 | val=5.173299 | acc1=0.1252 | Wμ=1.274 | Aμ=3.694 | Wmax=2.807 | Amax=4.807 |LR=0.01 | t=9.41s
    29 | base=1.448580 | val=3.337193 | acc1=0.2567 | Wμ=1.150 | Aμ=3.170 | Wmax=2.322 | Amax=4.322 |LR=0.01 | t=9.42s
    30 | base=1.404363 | val=6.142583 | acc1=0.1151 | Wμ=1.066 | Aμ=2.650 | Wmax=2.000 | Amax=3.459 |LR=0.01 | t=9.43s
    31 | base=1.547619 | val=11.045031 | acc1=0.0142 | Wμ=1.031 | Aμ=2.208 | Wmax=2.000 | Amax=3.000 |LR=0.01 | t=9.42s
    32 | base=1.537771 | val=3.863961 | acc1=0.2222 | Wμ=1.010 | Aμ=1.967 | Wmax=1.585 | Amax=2.585 |LR=0.01 | t=9.42s
    33 | base=1.653437 | val=3.583390 | acc1=0.2539 | Wμ=0.999 | Aμ=1.735 | Wmax=1.585 | Amax=2.322 |LR=0.01 | t=9.48s
    34 | base=1.899354 | val=3.729232 | acc1=0.2348 | Wμ=0.994 | Aμ=1.590 | Wmax=1.585 | Amax=2.000 |LR=0.01 | t=9.50s
    35 | base=1.753252 | val=3.414667 | acc1=0.2719 | Wμ=0.992 | Aμ=1.478 | Wmax=1.585 | Amax=2.000 |LR=0.01 | t=9.43s
    36 | base=1.844738 | val=3.002017 | acc1=0.2997 | Wμ=0.990 | Aμ=1.347 | Wmax=1.000 | Amax=2.000 |LR=0.01 | t=9.48s
    37 | base=2.022074 | val=3.977870 | acc1=0.2063 | Wμ=0.988 | Aμ=1.257 | Wmax=1.000 | Amax=2.000 |LR=0.01 | t=9.49s
    38 | base=1.945389 | val=4.529199 | acc1=0.1918 | Wμ=0.987 | Aμ=1.169 | Wmax=1.000 | Amax=1.585 |LR=0.01 | t=9.50s
    39 | base=1.906513 | val=4.230038 | acc1=0.2050 | Wμ=0.985 | Aμ=1.120 | Wmax=1.000 | Amax=1.585 |LR=0.01 | t=9.47s
    40 | base=2.038563 | val=3.407537 | acc1=0.2662 | Wμ=0.985 | Aμ=1.101 | Wmax=1.000 | Amax=1.585 |LR=0.01 | t=9.47s
    41 | base=1.967980 | val=3.775162 | acc1=0.2353 | Wμ=0.985 | Aμ=1.101 | Wmax=1.000 | Amax=1.585 |LR=0.01 | t=9.48s
    42 | base=1.914976 | val=4.321034 | acc1=0.2128 | Wμ=0.983 | Aμ=1.083 | Wmax=1.000 | Amax=1.585 |LR=0.01 | t=9.48s
    43 | base=1.946608 | val=3.439663 | acc1=0.2682 | Wμ=0.984 | Aμ=1.065 | Wmax=1.000 | Amax=1.585 |LR=0.01 | t=9.51s
    44 | base=1.860973 | val=4.037497 | acc1=0.1928 | Wμ=0.984 | Aμ=1.051 | Wmax=1.000 | Amax=1.585 |LR=0.01 | t=9.43s
    45 | base=1.984762 | val=4.489202 | acc1=0.1649 | Wμ=0.982 | Aμ=1.024 | Wmax=1.000 | Amax=1.000 |LR=0.01 | t=9.42s
    46 | base=1.910776 | val=3.574646 | acc1=0.2345 | Wμ=0.980 | Aμ=1.009 | Wmax=1.000 | Amax=1.000 |LR=0.0092908 | t=9.49s
    47 | base=1.868392 | val=3.537025 | acc1=0.2573 | Wμ=0.980 | Aμ=1.003 | Wmax=1.000 | Amax=1.000 |LR=0.008619 | t=9.46s
    48 | base=1.889839 | val=3.549266 | acc1=0.2174 | Wμ=0.979 | Aμ=0.979 | Wmax=1.000 | Amax=1.000 |LR=0.0079958 | t=9.43s
    49 | base=1.880315 | val=3.100102 | acc1=0.2874 | Wμ=0.980 | Aμ=0.987 | Wmax=1.000 | Amax=1.000 |LR=0.0074176 | t=9.45s
    50 | base=1.909672 | val=3.604877 | acc1=0.2264 | Wμ=0.980 | Aμ=0.985 | Wmax=1.000 | Amax=1.000 |LR=0.0068813 | t=9.45s
    51 | base=1.830972 | val=3.680927 | acc1=0.2302 | Wμ=0.980 | Aμ=0.989 | Wmax=1.000 | Amax=1.000 |LR=0.0063837 | t=9.42s
    52 | base=1.696355 | val=3.269767 | acc1=0.2662 | Wμ=0.980 | Aμ=0.990 | Wmax=1.000 | Amax=1.000 |LR=0.0059221 | t=9.40s
    53 | base=1.753267 | val=4.357003 | acc1=0.1740 | Wμ=0.981 | Aμ=0.989 | Wmax=1.000 | Amax=1.000 |LR=0.0054939 | t=9.42s
    54 | base=1.785663 | val=3.018256 | acc1=0.2836 | Wμ=0.981 | Aμ=0.985 | Wmax=1.000 | Amax=1.000 |LR=0.0050966 | t=9.44s
    55 | base=1.711386 | val=2.754328 | acc1=0.3353 | Wμ=0.982 | Aμ=0.991 | Wmax=1.000 | Amax=1.000 |LR=0.0047281 | t=9.44s
    56 | base=1.747566 | val=4.392819 | acc1=0.1721 | Wμ=0.983 | Aμ=0.987 | Wmax=1.000 | Amax=1.000 |LR=0.0043862 | t=9.45s
    57 | base=1.781884 | val=3.005790 | acc1=0.2979 | Wμ=0.983 | Aμ=0.988 | Wmax=1.000 | Amax=1.000 |LR=0.0040691 | t=9.43s
    58 | base=1.745974 | val=2.730640 | acc1=0.3352 | Wμ=0.982 | Aμ=0.985 | Wmax=1.000 | Amax=1.000 |LR=0.0037748 | t=9.45s
    59 | base=1.709661 | val=3.311921 | acc1=0.2589 | Wμ=0.983 | Aμ=0.986 | Wmax=1.000 | Amax=1.000 |LR=0.0035019 | t=9.45s
    60 | base=1.683528 | val=2.324233 | acc1=0.3998 | Wμ=0.981 | Aμ=0.973 | Wmax=1.000 | Amax=1.000 |LR=0.0032487 | t=9.48s
    61 | base=1.745898 | val=2.702456 | acc1=0.3540 | Wμ=0.982 | Aμ=0.982 | Wmax=1.000 | Amax=1.000 |LR=0.0030138 | t=9.44s
    62 | base=1.670343 | val=2.725227 | acc1=0.3352 | Wμ=0.982 | Aμ=0.990 | Wmax=1.000 | Amax=1.000 |LR=0.0027958 | t=9.61s
    63 | base=1.667100 | val=3.641014 | acc1=0.2337 | Wμ=0.982 | Aμ=0.982 | Wmax=1.000 | Amax=1.000 |LR=0.0025937 | t=9.46s
    64 | base=1.655415 | val=2.488894 | acc1=0.3666 | Wμ=0.982 | Aμ=0.988 | Wmax=1.000 | Amax=1.000 |LR=0.0024061 | t=9.46s
    65 | base=1.673866 | val=2.685305 | acc1=0.3295 | Wμ=0.982 | Aμ=0.993 | Wmax=1.000 | Amax=1.000 |LR=0.0022321 | t=9.44s
    66 | base=1.662286 | val=2.789035 | acc1=0.3304 | Wμ=0.983 | Aμ=0.992 | Wmax=1.000 | Amax=1.000 |LR=0.0020707 | t=9.45s
    67 | base=1.667134 | val=2.686115 | acc1=0.3531 | Wμ=0.984 | Aμ=0.990 | Wmax=1.000 | Amax=1.000 |LR=0.001921 | t=9.54s
    68 | base=1.552056 | val=3.139035 | acc1=0.2709 | Wμ=0.985 | Aμ=0.986 | Wmax=1.000 | Amax=1.000 |LR=0.0017821 | t=9.52s
    69 | base=1.586669 | val=3.192314 | acc1=0.2786 | Wμ=0.984 | Aμ=0.989 | Wmax=1.000 | Amax=1.000 |LR=0.0016532 | t=9.55s
