     0 | base=nan | val=nan | acc1=0.9282 | Wμ=nan | Aμ=nan | Wmax=nan | Amax=nan |LR=nan | t=nans
     0 | base=nan | val=0.236706 | acc1=0.9282 | Wμ=11.186 | Aμ=20.000 | Wmax=12.916 | Amax=13.744 |LR=nan | t=nans
     0 | base=nan | val=0.236786 | acc1=0.9280 | Wμ=9.786 | Aμ=20.000 | Wmax=10.000 | Amax=13.743 |LR=nan | t=nans
     0 | base=nan | val=0.236885 | acc1=0.9282 | Wμ=9.786 | Aμ=10.000 | Wmax=10.000 | Amax=9.994 |LR=nan | t=nans
# epoch | BaseLoss | ValLoss | Acc@1 | MeanWBits | MeanABits | MaxWBits | MaxABits | LR | EpochTime(s)
     0 | base=nan | val=0.213740 | acc1=0.9350 | Wμ=9.786 | Aμ=10.000 | Wmax=10.000 | Amax=10.000 |LR=nan | t=nans
     0 | base=0.003045 | val=0.237270 | acc1=0.9276 | Wμ=9.786 | Aμ=10.001 | Wmax=10.004 | Amax=9.994 |LR=0.00098 | t=10.39s
     1 | base=0.005249 | val=0.237816 | acc1=0.9268 | Wμ=9.786 | Aμ=10.005 | Wmax=10.014 | Amax=9.997 |LR=0.00198 | t=9.25s
     2 | base=0.011797 | val=0.244016 | acc1=0.9230 | Wμ=9.788 | Aμ=10.011 | Wmax=10.042 | Amax=9.988 |LR=0.00298 | t=9.26s
     3 | base=0.033865 | val=0.283054 | acc1=0.9125 | Wμ=9.794 | Aμ=10.019 | Wmax=10.090 | Amax=10.006 |LR=0.00398 | t=9.26s
     4 | base=0.080920 | val=0.313659 | acc1=0.8991 | Wμ=9.812 | Aμ=10.042 | Wmax=10.190 | Amax=10.046 |LR=0.00498 | t=9.29s
     5 | base=0.144277 | val=0.302269 | acc1=0.9025 | Wμ=9.839 | Aμ=10.055 | Wmax=10.255 | Amax=10.076 |LR=0.00598 | t=9.27s
     6 | base=0.150372 | val=0.349071 | acc1=0.8936 | Wμ=9.877 | Aμ=10.065 | Wmax=10.419 | Amax=10.091 |LR=0.00698 | t=9.28s
     7 | base=0.174760 | val=0.337406 | acc1=0.8910 | Wμ=9.922 | Aμ=10.082 | Wmax=10.494 | Amax=10.122 |LR=0.00798 | t=9.26s
     8 | base=0.224252 | val=0.349953 | acc1=0.8903 | Wμ=9.971 | Aμ=10.089 | Wmax=10.713 | Amax=10.175 |LR=0.00898 | t=9.25s
     9 | base=0.250524 | val=0.424829 | acc1=0.8747 | Wμ=10.028 | Aμ=10.070 | Wmax=10.902 | Amax=10.260 |LR=0.00998 | t=9.30s
    10 | base=0.228549 | val=0.466576 | acc1=0.8604 | Wμ=10.088 | Aμ=10.093 | Wmax=10.951 | Amax=10.330 |LR=0.01098 | t=9.26s
    11 | base=0.330615 | val=0.447326 | acc1=0.8692 | Wμ=10.166 | Aμ=10.136 | Wmax=11.163 | Amax=10.398 |LR=0.01198 | t=9.25s
    12 | base=0.283628 | val=0.396222 | acc1=0.8773 | Wμ=10.234 | Aμ=10.156 | Wmax=11.763 | Amax=10.329 |LR=0.01298 | t=9.32s
    13 | base=0.256832 | val=0.344117 | acc1=0.8931 | Wμ=10.294 | Aμ=10.169 | Wmax=11.771 | Amax=10.468 |LR=0.01398 | t=9.28s
    14 | base=0.262484 | val=0.363153 | acc1=0.8878 | Wμ=10.363 | Aμ=10.211 | Wmax=11.771 | Amax=10.825 |LR=0.01498 | t=9.31s
    15 | base=0.268789 | val=0.512582 | acc1=0.8442 | Wμ=10.428 | Aμ=10.240 | Wmax=11.771 | Amax=10.657 |LR=0.01598 | t=9.32s
    16 | base=0.223507 | val=0.426361 | acc1=0.8674 | Wμ=10.497 | Aμ=10.272 | Wmax=11.802 | Amax=10.881 |LR=0.01698 | t=9.30s
    17 | base=0.288422 | val=0.445752 | acc1=0.8573 | Wμ=10.571 | Aμ=10.291 | Wmax=12.120 | Amax=10.970 |LR=0.01798 | t=9.29s
    18 | base=0.307363 | val=0.420060 | acc1=0.8722 | Wμ=10.636 | Aμ=10.311 | Wmax=12.201 | Amax=11.044 |LR=0.01898 | t=9.28s
    19 | base=0.348169 | val=0.517264 | acc1=0.8523 | Wμ=10.705 | Aμ=10.328 | Wmax=12.387 | Amax=11.114 |LR=0.01998 | t=9.26s
    20 | base=0.290181 | val=0.403410 | acc1=0.8759 | Wμ=7.580 | Aμ=7.953 | Wmax=9.195 | Amax=9.364 |LR=0.02 | t=9.25s
    21 | base=0.304425 | val=0.426912 | acc1=0.8647 | Wμ=4.343 | Aμ=5.429 | Wmax=5.858 | Amax=6.615 |LR=0.02 | t=9.26s
    22 | base=0.610598 | val=1.250196 | acc1=0.6805 | Wμ=2.168 | Aμ=4.730 | Wmax=3.459 | Amax=5.585 |LR=0.02 | t=9.32s
    23 | base=0.908361 | val=1.870547 | acc1=0.5767 | Wμ=1.436 | Aμ=4.436 | Wmax=3.322 | Amax=5.492 |LR=0.02 | t=9.26s
    24 | base=1.027984 | val=2.865492 | acc1=0.4321 | Wμ=1.221 | Aμ=3.706 | Wmax=2.807 | Amax=4.322 |LR=0.02 | t=9.27s
    25 | base=1.107231 | val=1.544773 | acc1=0.5107 | Wμ=1.092 | Aμ=2.797 | Wmax=2.322 | Amax=4.000 |LR=0.02 | t=9.27s
    26 | base=1.039956 | val=1.929324 | acc1=0.4294 | Wμ=1.028 | Aμ=2.051 | Wmax=2.000 | Amax=2.807 |LR=0.02 | t=9.27s
    27 | base=1.240254 | val=0.866110 | acc1=0.7232 | Wμ=1.008 | Aμ=1.678 | Wmax=2.000 | Amax=2.000 |LR=0.02 | t=9.29s
    28 | base=1.191219 | val=1.501869 | acc1=0.4956 | Wμ=0.998 | Aμ=1.528 | Wmax=2.000 | Amax=2.000 |LR=0.02 | t=9.31s
    29 | base=1.412503 | val=4.087780 | acc1=0.2635 | Wμ=0.993 | Aμ=1.384 | Wmax=2.000 | Amax=2.000 |LR=0.02 | t=9.27s
    30 | base=1.453295 | val=1.935289 | acc1=0.4681 | Wμ=0.987 | Aμ=1.236 | Wmax=1.585 | Amax=1.585 |LR=0.02 | t=9.33s
    31 | base=1.511507 | val=0.906984 | acc1=0.6914 | Wμ=0.979 | Aμ=1.180 | Wmax=1.585 | Amax=1.585 |LR=0.02 | t=9.29s
    32 | base=1.496403 | val=1.970489 | acc1=0.4823 | Wμ=0.976 | Aμ=1.124 | Wmax=1.585 | Amax=1.585 |LR=0.02 | t=9.31s
    33 | base=1.505019 | val=1.161031 | acc1=0.6471 | Wμ=0.972 | Aμ=1.071 | Wmax=1.585 | Amax=1.585 |LR=0.02 | t=9.31s
    34 | base=1.446701 | val=0.995569 | acc1=0.6716 | Wμ=0.968 | Aμ=1.044 | Wmax=1.000 | Amax=1.000 |LR=0.02 | t=9.31s
    35 | base=1.423305 | val=1.743017 | acc1=0.4991 | Wμ=0.966 | Aμ=0.986 | Wmax=1.000 | Amax=1.000 |LR=0.018582 | t=9.33s
    36 | base=1.447414 | val=1.018530 | acc1=0.6774 | Wμ=0.965 | Aμ=0.981 | Wmax=1.000 | Amax=1.000 |LR=0.017238 | t=9.35s
    37 | base=1.405484 | val=1.111957 | acc1=0.6459 | Wμ=0.965 | Aμ=0.973 | Wmax=1.000 | Amax=1.000 |LR=0.015992 | t=9.37s
    38 | base=1.252547 | val=1.195444 | acc1=0.6632 | Wμ=0.963 | Aμ=0.969 | Wmax=1.000 | Amax=1.000 |LR=0.014835 | t=9.34s
    39 | base=1.341464 | val=0.772790 | acc1=0.7453 | Wμ=0.965 | Aμ=0.968 | Wmax=1.000 | Amax=1.000 |LR=0.013763 | t=9.35s
    40 | base=1.318905 | val=1.063479 | acc1=0.6827 | Wμ=0.965 | Aμ=0.980 | Wmax=1.000 | Amax=1.000 |LR=0.012767 | t=9.35s
    41 | base=1.201087 | val=0.850261 | acc1=0.7259 | Wμ=0.964 | Aμ=0.973 | Wmax=1.000 | Amax=1.000 |LR=0.011844 | t=9.33s
    42 | base=1.266705 | val=0.855477 | acc1=0.7285 | Wμ=0.964 | Aμ=0.960 | Wmax=1.000 | Amax=1.000 |LR=0.010988 | t=9.33s
    43 | base=1.200269 | val=1.190840 | acc1=0.6285 | Wμ=0.964 | Aμ=0.971 | Wmax=1.000 | Amax=1.000 |LR=0.010193 | t=9.33s
    44 | base=1.210215 | val=2.041950 | acc1=0.5060 | Wμ=0.963 | Aμ=0.955 | Wmax=1.000 | Amax=1.000 |LR=0.0094562 | t=9.37s
    45 | base=1.253496 | val=1.053657 | acc1=0.6738 | Wμ=0.966 | Aμ=0.976 | Wmax=1.000 | Amax=1.000 |LR=0.0087724 | t=9.33s
    46 | base=1.281108 | val=1.087919 | acc1=0.6747 | Wμ=0.965 | Aμ=0.965 | Wmax=1.000 | Amax=1.000 |LR=0.0081381 | t=9.30s
    47 | base=1.219929 | val=0.721755 | acc1=0.7557 | Wμ=0.965 | Aμ=0.983 | Wmax=1.000 | Amax=1.000 |LR=0.0075497 | t=9.29s
    48 | base=1.230857 | val=1.174051 | acc1=0.6621 | Wμ=0.964 | Aμ=0.961 | Wmax=1.000 | Amax=1.000 |LR=0.0070037 | t=9.35s
    49 | base=1.174352 | val=0.786650 | acc1=0.7367 | Wμ=0.965 | Aμ=0.974 | Wmax=1.000 | Amax=1.000 |LR=0.0064973 | t=9.28s
