     0 | base=nan | val=nan | acc1=0.9282 | Wμ=nan | Aμ=nan | Wmax=nan | Amax=nan |LR=nan | t=nans
     0 | base=nan | val=0.236706 | acc1=0.9282 | Wμ=11.186 | Aμ=20.000 | Wmax=12.916 | Amax=13.744 |LR=nan | t=nans
     0 | base=nan | val=0.236786 | acc1=0.9280 | Wμ=9.786 | Aμ=20.000 | Wmax=10.000 | Amax=13.743 |LR=nan | t=nans
     0 | base=nan | val=0.236885 | acc1=0.9282 | Wμ=9.786 | Aμ=10.000 | Wmax=10.000 | Amax=9.994 |LR=nan | t=nans
# epoch | BaseLoss | ValLoss | Acc@1 | MeanWBits | MeanABits | MaxWBits | MaxABits | LR | EpochTime(s)
     0 | base=nan | val=0.213740 | acc1=0.9350 | Wμ=9.786 | Aμ=10.000 | Wmax=10.000 | Amax=10.000 |LR=nan | t=nans
     0 | base=0.003560 | val=0.236212 | acc1=0.9278 | Wμ=9.786 | Aμ=10.000 | Wmax=10.001 | Amax=9.994 |LR=9.8e-05 | t=10.43s
     1 | base=0.003650 | val=0.236558 | acc1=0.9279 | Wμ=9.786 | Aμ=10.001 | Wmax=10.003 | Amax=9.995 |LR=0.000198 | t=9.33s
     2 | base=0.003439 | val=0.236451 | acc1=0.9272 | Wμ=9.786 | Aμ=10.001 | Wmax=10.004 | Amax=9.996 |LR=0.000298 | t=9.32s
     3 | base=0.003321 | val=0.237601 | acc1=0.9273 | Wμ=9.786 | Aμ=10.003 | Wmax=10.007 | Amax=9.996 |LR=0.000398 | t=9.33s
     4 | base=0.002955 | val=0.238223 | acc1=0.9255 | Wμ=9.786 | Aμ=10.005 | Wmax=10.015 | Amax=9.998 |LR=0.000498 | t=9.37s
     5 | base=0.003865 | val=0.238951 | acc1=0.9261 | Wμ=9.786 | Aμ=10.008 | Wmax=10.022 | Amax=9.999 |LR=0.000598 | t=9.36s
     6 | base=0.003776 | val=0.238227 | acc1=0.9270 | Wμ=9.787 | Aμ=10.012 | Wmax=10.021 | Amax=10.005 |LR=0.000698 | t=9.33s
     7 | base=0.004588 | val=0.237753 | acc1=0.9270 | Wμ=9.787 | Aμ=10.017 | Wmax=10.033 | Amax=10.008 |LR=0.000798 | t=9.35s
     8 | base=0.006020 | val=0.239445 | acc1=0.9272 | Wμ=9.788 | Aμ=10.022 | Wmax=10.035 | Amax=10.013 |LR=0.000898 | t=9.33s
     9 | base=0.006805 | val=0.244681 | acc1=0.9231 | Wμ=9.790 | Aμ=10.028 | Wmax=10.043 | Amax=10.021 |LR=0.000998 | t=9.30s
    10 | base=0.008125 | val=0.239546 | acc1=0.9238 | Wμ=9.792 | Aμ=10.034 | Wmax=10.053 | Amax=10.028 |LR=0.001098 | t=9.36s
    11 | base=0.011846 | val=0.246101 | acc1=0.9235 | Wμ=9.795 | Aμ=10.041 | Wmax=10.065 | Amax=10.030 |LR=0.001198 | t=9.29s
    12 | base=0.013354 | val=0.244117 | acc1=0.9236 | Wμ=9.799 | Aμ=10.048 | Wmax=10.082 | Amax=10.033 |LR=0.001298 | t=9.32s
    13 | base=0.034260 | val=0.260630 | acc1=0.9175 | Wμ=9.803 | Aμ=10.059 | Wmax=10.110 | Amax=10.049 |LR=0.001398 | t=9.31s
    14 | base=0.024866 | val=0.247725 | acc1=0.9226 | Wμ=9.810 | Aμ=10.066 | Wmax=10.147 | Amax=10.053 |LR=0.001498 | t=9.34s
    15 | base=0.042045 | val=0.266246 | acc1=0.9143 | Wμ=9.815 | Aμ=10.070 | Wmax=10.186 | Amax=10.074 |LR=0.001598 | t=9.36s
    16 | base=0.042127 | val=0.266992 | acc1=0.9155 | Wμ=9.824 | Aμ=10.064 | Wmax=10.237 | Amax=10.063 |LR=0.001698 | t=9.35s
    17 | base=0.041730 | val=0.266082 | acc1=0.9175 | Wμ=9.834 | Aμ=10.070 | Wmax=10.241 | Amax=10.073 |LR=0.001798 | t=9.34s
    18 | base=0.054041 | val=0.264006 | acc1=0.9169 | Wμ=9.842 | Aμ=10.076 | Wmax=10.249 | Amax=10.078 |LR=0.001898 | t=9.31s
    19 | base=0.046886 | val=0.268253 | acc1=0.9169 | Wμ=9.851 | Aμ=10.082 | Wmax=10.283 | Amax=10.081 |LR=0.001998 | t=9.29s
    20 | base=0.041865 | val=0.270498 | acc1=0.9141 | Wμ=9.831 | Aμ=10.005 | Wmax=10.166 | Amax=10.075 |LR=0.002 | t=9.37s
    21 | base=0.046934 | val=0.262899 | acc1=0.9172 | Wμ=9.582 | Aμ=9.887 | Wmax=9.987 | Amax=10.073 |LR=0.002 | t=9.34s
    22 | base=0.045834 | val=0.266395 | acc1=0.9163 | Wμ=9.333 | Aμ=9.754 | Wmax=9.783 | Amax=10.030 |LR=0.002 | t=9.29s
    23 | base=0.042563 | val=0.275207 | acc1=0.9125 | Wμ=9.078 | Aμ=9.610 | Wmax=9.618 | Amax=9.981 |LR=0.002 | t=9.33s
    24 | base=0.041467 | val=0.290624 | acc1=0.9092 | Wμ=8.833 | Aμ=9.454 | Wmax=9.455 | Amax=9.974 |LR=0.002 | t=9.34s
    25 | base=0.038246 | val=0.258080 | acc1=0.9190 | Wμ=8.599 | Aμ=9.290 | Wmax=9.267 | Amax=9.946 |LR=0.002 | t=9.32s
    26 | base=0.036000 | val=0.285601 | acc1=0.9137 | Wμ=8.379 | Aμ=9.125 | Wmax=9.087 | Amax=9.903 |LR=0.002 | t=9.33s
    27 | base=0.036941 | val=0.260873 | acc1=0.9197 | Wμ=8.150 | Aμ=8.959 | Wmax=8.889 | Amax=9.874 |LR=0.002 | t=9.32s
    28 | base=0.032299 | val=0.257782 | acc1=0.9189 | Wμ=7.937 | Aμ=8.802 | Wmax=8.711 | Amax=9.798 |LR=0.002 | t=9.30s
    29 | base=0.044846 | val=0.257366 | acc1=0.9192 | Wμ=7.730 | Aμ=8.651 | Wmax=8.531 | Amax=9.711 |LR=0.002 | t=9.36s
    30 | base=0.035943 | val=0.258073 | acc1=0.9193 | Wμ=7.516 | Aμ=8.487 | Wmax=8.362 | Amax=9.619 |LR=0.002 | t=9.31s
    31 | base=0.040810 | val=0.255464 | acc1=0.9222 | Wμ=7.314 | Aμ=8.337 | Wmax=8.195 | Amax=9.526 |LR=0.002 | t=9.34s
    32 | base=0.042208 | val=0.257272 | acc1=0.9192 | Wμ=7.111 | Aμ=8.180 | Wmax=8.033 | Amax=9.465 |LR=0.002 | t=9.34s
    33 | base=0.042312 | val=0.263349 | acc1=0.9142 | Wμ=6.907 | Aμ=8.022 | Wmax=7.864 | Amax=9.366 |LR=0.002 | t=9.34s
    34 | base=0.048145 | val=0.250596 | acc1=0.9218 | Wμ=6.717 | Aμ=7.874 | Wmax=7.707 | Amax=9.257 |LR=0.002 | t=9.32s
    35 | base=0.044089 | val=0.269373 | acc1=0.9167 | Wμ=6.540 | Aμ=7.734 | Wmax=7.555 | Amax=9.138 |LR=0.002 | t=9.29s
    36 | base=0.048423 | val=0.262210 | acc1=0.9227 | Wμ=6.338 | Aμ=7.596 | Wmax=7.384 | Amax=8.996 |LR=0.002 | t=9.33s
    37 | base=0.044527 | val=0.251305 | acc1=0.9235 | Wμ=6.150 | Aμ=7.454 | Wmax=7.248 | Amax=8.846 |LR=0.002 | t=9.30s
    38 | base=0.050079 | val=0.259840 | acc1=0.9189 | Wμ=5.963 | Aμ=7.309 | Wmax=7.077 | Amax=8.711 |LR=0.002 | t=9.33s
    39 | base=0.053204 | val=0.266733 | acc1=0.9145 | Wμ=5.770 | Aμ=7.176 | Wmax=6.931 | Amax=8.574 |LR=0.002 | t=9.34s
    40 | base=0.059766 | val=0.276255 | acc1=0.9157 | Wμ=5.594 | Aμ=7.034 | Wmax=6.768 | Amax=8.418 |LR=0.002 | t=9.32s
    41 | base=0.065290 | val=0.271882 | acc1=0.9120 | Wμ=5.413 | Aμ=6.905 | Wmax=6.600 | Amax=8.262 |LR=0.002 | t=9.31s
    42 | base=0.056280 | val=0.284049 | acc1=0.9170 | Wμ=5.231 | Aμ=6.786 | Wmax=6.459 | Amax=8.150 |LR=0.002 | t=9.34s
    43 | base=0.068565 | val=0.277092 | acc1=0.9133 | Wμ=5.060 | Aμ=6.672 | Wmax=6.322 | Amax=8.066 |LR=0.002 | t=9.33s
    44 | base=0.061381 | val=0.284956 | acc1=0.9114 | Wμ=4.882 | Aμ=6.568 | Wmax=6.170 | Amax=7.943 |LR=0.002 | t=9.33s
    45 | base=0.075420 | val=0.279968 | acc1=0.9126 | Wμ=4.706 | Aμ=6.451 | Wmax=6.000 | Amax=7.788 |LR=0.002 | t=9.32s
    46 | base=0.063443 | val=0.269855 | acc1=0.9153 | Wμ=4.528 | Aμ=6.341 | Wmax=5.858 | Amax=7.644 |LR=0.002 | t=9.32s
    47 | base=0.077577 | val=0.287106 | acc1=0.9082 | Wμ=4.364 | Aμ=6.243 | Wmax=5.728 | Amax=7.555 |LR=0.002 | t=9.33s
    48 | base=0.082870 | val=0.270111 | acc1=0.9157 | Wμ=4.199 | Aμ=6.151 | Wmax=5.585 | Amax=7.451 |LR=0.002 | t=9.31s
    49 | base=0.098581 | val=0.286902 | acc1=0.9091 | Wμ=4.033 | Aμ=6.049 | Wmax=5.459 | Amax=7.322 |LR=0.002 | t=9.29s
    50 | base=0.083009 | val=0.286183 | acc1=0.9089 | Wμ=3.874 | Aμ=5.948 | Wmax=5.322 | Amax=7.200 |LR=0.002 | t=9.32s
    51 | base=0.094108 | val=0.285689 | acc1=0.9118 | Wμ=3.710 | Aμ=5.858 | Wmax=5.209 | Amax=7.098 |LR=0.002 | t=9.33s
    52 | base=0.087300 | val=0.289905 | acc1=0.9106 | Wμ=3.557 | Aμ=5.777 | Wmax=5.087 | Amax=7.055 |LR=0.002 | t=9.31s
    53 | base=0.084581 | val=0.308628 | acc1=0.9017 | Wμ=3.402 | Aμ=5.687 | Wmax=4.954 | Amax=6.966 |LR=0.002 | t=9.35s
    54 | base=0.132812 | val=0.316227 | acc1=0.9006 | Wμ=3.256 | Aμ=5.611 | Wmax=4.807 | Amax=6.895 |LR=0.002 | t=9.35s
    55 | base=0.112339 | val=0.353535 | acc1=0.8902 | Wμ=3.120 | Aμ=5.533 | Wmax=4.700 | Amax=6.833 |LR=0.002 | t=9.35s
    56 | base=0.149560 | val=0.413876 | acc1=0.8912 | Wμ=2.993 | Aμ=5.468 | Wmax=4.524 | Amax=6.755 |LR=0.002 | t=9.32s
    57 | base=0.098499 | val=0.314614 | acc1=0.9000 | Wμ=2.864 | Aμ=5.399 | Wmax=4.459 | Amax=6.700 |LR=0.002 | t=9.32s
    58 | base=0.165301 | val=0.305816 | acc1=0.9047 | Wμ=2.745 | Aμ=5.336 | Wmax=4.322 | Amax=6.615 |LR=0.002 | t=9.35s
    59 | base=0.126351 | val=0.315462 | acc1=0.9005 | Wμ=2.621 | Aμ=5.272 | Wmax=4.248 | Amax=6.508 |LR=0.002 | t=9.31s
    60 | base=0.160946 | val=0.342038 | acc1=0.8958 | Wμ=2.503 | Aμ=5.225 | Wmax=4.170 | Amax=6.476 |LR=0.002 | t=9.30s
    61 | base=0.142393 | val=0.351693 | acc1=0.8884 | Wμ=2.397 | Aμ=5.162 | Wmax=4.087 | Amax=6.375 |LR=0.002 | t=9.33s
    62 | base=0.166146 | val=0.362038 | acc1=0.8860 | Wμ=2.291 | Aμ=5.106 | Wmax=4.000 | Amax=6.340 |LR=0.002 | t=9.32s
    63 | base=0.191158 | val=0.369989 | acc1=0.8845 | Wμ=2.197 | Aμ=5.051 | Wmax=3.907 | Amax=6.267 |LR=0.002 | t=9.33s
    64 | base=0.168729 | val=0.415874 | acc1=0.8700 | Wμ=2.109 | Aμ=4.996 | Wmax=3.807 | Amax=6.170 |LR=0.002 | t=9.33s
    65 | base=0.195113 | val=0.476231 | acc1=0.8546 | Wμ=2.028 | Aμ=4.929 | Wmax=3.700 | Amax=6.087 |LR=0.002 | t=9.35s
    66 | base=0.227711 | val=0.475604 | acc1=0.8556 | Wμ=1.960 | Aμ=4.873 | Wmax=3.700 | Amax=6.022 |LR=0.002 | t=9.36s
    67 | base=0.239041 | val=0.464530 | acc1=0.8578 | Wμ=1.892 | Aμ=4.818 | Wmax=3.585 | Amax=5.954 |LR=0.002 | t=9.44s
    68 | base=0.221267 | val=0.446097 | acc1=0.8611 | Wμ=1.836 | Aμ=4.758 | Wmax=3.459 | Amax=5.883 |LR=0.002 | t=9.33s
    69 | base=0.245070 | val=0.405635 | acc1=0.8778 | Wμ=1.784 | Aμ=4.727 | Wmax=3.459 | Amax=5.833 |LR=0.002 | t=9.32s
    70 | base=0.282941 | val=0.427373 | acc1=0.8671 | Wμ=1.726 | Aμ=4.662 | Wmax=3.322 | Amax=5.781 |LR=0.002 | t=9.34s
    71 | base=0.282368 | val=0.492844 | acc1=0.8486 | Wμ=1.673 | Aμ=4.596 | Wmax=3.322 | Amax=5.672 |LR=0.002 | t=9.36s
    72 | base=0.302659 | val=0.542474 | acc1=0.8372 | Wμ=1.630 | Aμ=4.556 | Wmax=3.322 | Amax=5.644 |LR=0.002 | t=9.33s
    73 | base=0.304386 | val=0.626282 | acc1=0.8146 | Wμ=1.584 | Aμ=4.487 | Wmax=3.170 | Amax=5.555 |LR=0.002 | t=9.33s
    74 | base=0.350139 | val=0.530713 | acc1=0.8317 | Wμ=1.550 | Aμ=4.426 | Wmax=3.170 | Amax=5.426 |LR=0.002 | t=9.31s
    75 | base=0.368413 | val=0.730301 | acc1=0.7802 | Wμ=1.520 | Aμ=4.377 | Wmax=3.000 | Amax=5.392 |LR=0.002 | t=9.34s
    76 | base=0.420006 | val=0.659944 | acc1=0.8019 | Wμ=1.489 | Aμ=4.311 | Wmax=3.000 | Amax=5.322 |LR=0.002 | t=9.34s
    77 | base=0.427507 | val=0.488798 | acc1=0.8368 | Wμ=1.462 | Aμ=4.236 | Wmax=3.000 | Amax=5.285 |LR=0.002 | t=9.30s
    78 | base=0.419509 | val=0.832852 | acc1=0.7573 | Wμ=1.438 | Aμ=4.176 | Wmax=3.000 | Amax=5.248 |LR=0.002 | t=9.30s
    79 | base=0.447269 | val=0.819381 | acc1=0.7618 | Wμ=1.413 | Aμ=4.115 | Wmax=2.807 | Amax=5.170 |LR=0.002 | t=9.30s
    80 | base=0.398831 | val=0.526956 | acc1=0.8352 | Wμ=1.388 | Aμ=4.063 | Wmax=2.807 | Amax=5.087 |LR=0.002 | t=9.29s
    81 | base=0.393880 | val=0.683269 | acc1=0.7811 | Wμ=1.365 | Aμ=4.002 | Wmax=2.807 | Amax=5.044 |LR=0.002 | t=9.35s
    82 | base=0.442529 | val=0.963108 | acc1=0.7112 | Wμ=1.339 | Aμ=3.929 | Wmax=2.807 | Amax=4.954 |LR=0.002 | t=9.33s
    83 | base=0.445386 | val=0.959761 | acc1=0.7372 | Wμ=1.317 | Aμ=3.857 | Wmax=2.585 | Amax=4.858 |LR=0.002 | t=9.30s
    84 | base=0.466096 | val=0.588776 | acc1=0.8130 | Wμ=1.297 | Aμ=3.800 | Wmax=2.585 | Amax=4.755 |LR=0.002 | t=9.35s
    85 | base=0.478491 | val=1.400942 | acc1=0.6122 | Wμ=1.279 | Aμ=3.732 | Wmax=2.585 | Amax=4.700 |LR=0.002 | t=9.43s
    86 | base=0.564654 | val=0.883052 | acc1=0.7329 | Wμ=1.261 | Aμ=3.673 | Wmax=2.585 | Amax=4.644 |LR=0.002 | t=9.31s
    87 | base=0.459305 | val=0.898993 | acc1=0.7401 | Wμ=1.244 | Aμ=3.620 | Wmax=2.585 | Amax=4.585 |LR=0.002 | t=9.31s
    88 | base=0.597015 | val=2.049060 | acc1=0.5077 | Wμ=1.229 | Aμ=3.539 | Wmax=2.585 | Amax=4.459 |LR=0.002 | t=9.34s
    89 | base=0.498310 | val=0.943933 | acc1=0.7149 | Wμ=1.213 | Aμ=3.482 | Wmax=2.322 | Amax=4.392 |LR=0.002 | t=9.35s
    90 | base=0.504029 | val=1.286164 | acc1=0.6553 | Wμ=1.198 | Aμ=3.418 | Wmax=2.322 | Amax=4.322 |LR=0.002 | t=9.36s
    91 | base=0.492251 | val=1.044277 | acc1=0.7035 | Wμ=1.183 | Aμ=3.330 | Wmax=2.322 | Amax=4.170 |LR=0.002 | t=9.33s
    92 | base=0.554163 | val=0.827620 | acc1=0.7510 | Wμ=1.169 | Aμ=3.272 | Wmax=2.322 | Amax=4.000 |LR=0.002 | t=9.33s
    93 | base=0.541445 | val=0.770321 | acc1=0.7674 | Wμ=1.156 | Aμ=3.187 | Wmax=2.322 | Amax=3.907 |LR=0.002 | t=9.34s
    94 | base=0.542972 | val=1.116558 | acc1=0.7065 | Wμ=1.143 | Aμ=3.107 | Wmax=2.322 | Amax=3.907 |LR=0.002 | t=9.35s
    95 | base=0.473405 | val=0.849374 | acc1=0.7520 | Wμ=1.132 | Aμ=3.041 | Wmax=2.322 | Amax=3.807 |LR=0.002 | t=9.35s
    96 | base=0.481601 | val=0.535505 | acc1=0.8380 | Wμ=1.120 | Aμ=2.964 | Wmax=2.322 | Amax=3.585 |LR=0.002 | t=9.41s
    97 | base=0.535479 | val=1.484139 | acc1=0.6041 | Wμ=1.109 | Aμ=2.913 | Wmax=2.000 | Amax=3.459 |LR=0.002 | t=9.37s
    98 | base=0.492911 | val=0.530469 | acc1=0.8340 | Wμ=1.098 | Aμ=2.862 | Wmax=2.000 | Amax=3.459 |LR=0.002 | t=9.41s
    99 | base=0.514677 | val=0.662897 | acc1=0.7915 | Wμ=1.088 | Aμ=2.796 | Wmax=2.000 | Amax=3.322 |LR=0.002 | t=9.38s
   100 | base=0.497550 | val=0.994179 | acc1=0.6978 | Wμ=1.078 | Aμ=2.717 | Wmax=2.000 | Amax=3.170 |LR=0.002 | t=9.35s
   101 | base=0.663628 | val=2.107980 | acc1=0.4551 | Wμ=1.070 | Aμ=2.667 | Wmax=2.000 | Amax=3.170 |LR=0.002 | t=9.32s
   102 | base=0.511785 | val=0.851163 | acc1=0.7295 | Wμ=1.062 | Aμ=2.645 | Wmax=2.000 | Amax=3.170 |LR=0.002 | t=9.32s
   103 | base=0.607317 | val=1.063326 | acc1=0.7043 | Wμ=1.054 | Aμ=2.609 | Wmax=2.000 | Amax=3.000 |LR=0.002 | t=9.34s
   104 | base=0.507099 | val=0.645548 | acc1=0.7975 | Wμ=1.048 | Aμ=2.531 | Wmax=2.000 | Amax=3.000 |LR=0.002 | t=9.36s
   105 | base=0.607216 | val=1.139621 | acc1=0.6762 | Wμ=1.043 | Aμ=2.466 | Wmax=2.000 | Amax=3.000 |LR=0.002 | t=9.35s
   106 | base=0.593502 | val=1.812049 | acc1=0.5453 | Wμ=1.039 | Aμ=2.413 | Wmax=2.000 | Amax=2.807 |LR=0.002 | t=9.32s
   107 | base=0.577920 | val=0.892247 | acc1=0.7132 | Wμ=1.036 | Aμ=2.337 | Wmax=2.000 | Amax=2.807 |LR=0.002 | t=9.29s
   108 | base=0.597754 | val=0.981023 | acc1=0.6949 | Wμ=1.033 | Aμ=2.270 | Wmax=2.000 | Amax=2.585 |LR=0.002 | t=9.43s
   109 | base=0.700125 | val=1.277572 | acc1=0.6407 | Wμ=1.030 | Aμ=2.242 | Wmax=2.000 | Amax=2.585 |LR=0.002 | t=9.35s
   110 | base=0.608388 | val=0.655056 | acc1=0.7858 | Wμ=1.027 | Aμ=2.210 | Wmax=2.000 | Amax=2.585 |LR=0.002 | t=9.33s
   111 | base=0.684952 | val=0.674709 | acc1=0.7881 | Wμ=1.025 | Aμ=2.194 | Wmax=2.000 | Amax=2.585 |LR=0.002 | t=9.33s
   112 | base=0.610919 | val=0.989396 | acc1=0.7015 | Wμ=1.023 | Aμ=2.143 | Wmax=2.000 | Amax=2.585 |LR=0.002 | t=9.32s
   113 | base=0.735668 | val=0.760799 | acc1=0.7631 | Wμ=1.021 | Aμ=2.073 | Wmax=1.585 | Amax=2.322 |LR=0.002 | t=9.32s
   114 | base=0.775856 | val=0.706982 | acc1=0.7893 | Wμ=1.018 | Aμ=2.002 | Wmax=1.585 | Amax=2.322 |LR=0.002 | t=9.34s
   115 | base=0.757927 | val=0.821627 | acc1=0.7418 | Wμ=1.017 | Aμ=1.961 | Wmax=1.585 | Amax=2.322 |LR=0.002 | t=9.31s
   116 | base=0.661763 | val=0.792076 | acc1=0.7496 | Wμ=1.016 | Aμ=1.931 | Wmax=1.585 | Amax=2.322 |LR=0.002 | t=9.37s
   117 | base=0.770121 | val=0.834660 | acc1=0.7465 | Wμ=1.014 | Aμ=1.899 | Wmax=1.585 | Amax=2.322 |LR=0.002 | t=9.34s
   118 | base=0.719357 | val=0.579438 | acc1=0.8175 | Wμ=1.012 | Aμ=1.858 | Wmax=1.585 | Amax=2.322 |LR=0.002 | t=9.34s
   119 | base=0.850727 | val=0.684500 | acc1=0.7820 | Wμ=1.010 | Aμ=1.825 | Wmax=1.585 | Amax=2.322 |LR=0.002 | t=9.37s
   120 | base=0.766900 | val=0.787449 | acc1=0.7509 | Wμ=1.008 | Aμ=1.794 | Wmax=1.585 | Amax=2.322 |LR=0.002 | t=9.33s
   121 | base=0.770589 | val=0.555666 | acc1=0.8164 | Wμ=1.007 | Aμ=1.782 | Wmax=1.585 | Amax=2.322 |LR=0.002 | t=9.32s
   122 | base=0.778184 | val=1.188012 | acc1=0.6514 | Wμ=1.006 | Aμ=1.771 | Wmax=1.585 | Amax=2.322 |LR=0.002 | t=9.35s
   123 | base=0.812047 | val=1.265825 | acc1=0.6122 | Wμ=1.005 | Aμ=1.750 | Wmax=1.585 | Amax=2.322 |LR=0.002 | t=9.38s
   124 | base=0.805529 | val=0.684353 | acc1=0.7852 | Wμ=1.004 | Aμ=1.723 | Wmax=1.585 | Amax=2.000 |LR=0.002 | t=9.34s
   125 | base=0.792350 | val=0.824422 | acc1=0.7379 | Wμ=1.003 | Aμ=1.684 | Wmax=1.585 | Amax=2.000 |LR=0.002 | t=9.39s
   126 | base=0.807590 | val=2.482015 | acc1=0.4163 | Wμ=1.003 | Aμ=1.624 | Wmax=1.585 | Amax=2.000 |LR=0.002 | t=9.37s
   127 | base=0.778622 | val=1.346744 | acc1=0.6352 | Wμ=1.002 | Aμ=1.582 | Wmax=1.585 | Amax=2.000 |LR=0.002 | t=9.37s
   128 | base=0.861232 | val=0.771750 | acc1=0.7443 | Wμ=1.001 | Aμ=1.543 | Wmax=1.585 | Amax=2.000 |LR=0.002 | t=9.36s
   129 | base=0.887934 | val=0.668178 | acc1=0.7763 | Wμ=1.001 | Aμ=1.511 | Wmax=1.585 | Amax=2.000 |LR=0.002 | t=9.37s
   130 | base=0.959816 | val=1.114387 | acc1=0.6433 | Wμ=1.000 | Aμ=1.502 | Wmax=1.585 | Amax=2.000 |LR=0.002 | t=9.37s
   131 | base=0.967500 | val=1.668940 | acc1=0.5467 | Wμ=1.000 | Aμ=1.497 | Wmax=1.585 | Amax=2.000 |LR=0.002 | t=9.36s
   132 | base=0.884819 | val=0.854118 | acc1=0.7342 | Wμ=1.000 | Aμ=1.492 | Wmax=1.585 | Amax=2.000 |LR=0.002 | t=9.34s
   133 | base=0.937959 | val=1.078658 | acc1=0.6754 | Wμ=1.000 | Aμ=1.486 | Wmax=1.585 | Amax=2.000 |LR=0.002 | t=9.41s
   134 | base=0.833815 | val=0.950213 | acc1=0.7040 | Wμ=0.999 | Aμ=1.473 | Wmax=1.585 | Amax=2.000 |LR=0.002 | t=9.39s
   135 | base=0.896825 | val=0.967555 | acc1=0.6874 | Wμ=0.999 | Aμ=1.460 | Wmax=1.585 | Amax=2.000 |LR=0.002 | t=9.35s
   136 | base=1.000383 | val=0.765382 | acc1=0.7435 | Wμ=0.999 | Aμ=1.452 | Wmax=1.585 | Amax=2.000 |LR=0.002 | t=9.43s
   137 | base=0.911414 | val=0.851763 | acc1=0.7237 | Wμ=0.998 | Aμ=1.446 | Wmax=1.585 | Amax=2.000 |LR=0.002 | t=9.36s
   138 | base=1.006518 | val=1.328163 | acc1=0.5913 | Wμ=0.998 | Aμ=1.443 | Wmax=1.585 | Amax=2.000 |LR=0.002 | t=9.39s
   139 | base=0.874548 | val=0.683981 | acc1=0.7835 | Wμ=0.998 | Aμ=1.433 | Wmax=1.585 | Amax=2.000 |LR=0.002 | t=9.37s
   140 | base=0.852795 | val=0.825289 | acc1=0.7498 | Wμ=0.997 | Aμ=1.416 | Wmax=1.585 | Amax=2.000 |LR=0.002 | t=9.43s
   141 | base=0.932000 | val=1.079684 | acc1=0.6961 | Wμ=0.996 | Aμ=1.393 | Wmax=1.585 | Amax=2.000 |LR=0.002 | t=9.39s
   142 | base=0.916739 | val=1.145058 | acc1=0.6956 | Wμ=0.996 | Aμ=1.368 | Wmax=1.585 | Amax=2.000 |LR=0.002 | t=9.39s
   143 | base=0.998004 | val=0.722246 | acc1=0.7619 | Wμ=0.995 | Aμ=1.336 | Wmax=1.585 | Amax=2.000 |LR=0.002 | t=9.43s
   144 | base=0.943993 | val=1.487319 | acc1=0.5497 | Wμ=0.994 | Aμ=1.315 | Wmax=1.585 | Amax=1.585 |LR=0.002 | t=9.47s
   145 | base=0.910449 | val=0.980591 | acc1=0.7111 | Wμ=0.994 | Aμ=1.302 | Wmax=1.585 | Amax=1.585 |LR=0.002 | t=9.34s
   146 | base=0.954354 | val=0.789853 | acc1=0.7420 | Wμ=0.994 | Aμ=1.289 | Wmax=1.585 | Amax=1.585 |LR=0.002 | t=9.37s
   147 | base=1.221018 | val=0.697606 | acc1=0.7694 | Wμ=0.993 | Aμ=1.268 | Wmax=1.000 | Amax=1.585 |LR=0.002 | t=9.40s
   148 | base=1.075647 | val=0.750582 | acc1=0.7694 | Wμ=0.993 | Aμ=1.253 | Wmax=1.585 | Amax=1.585 |LR=0.002 | t=9.31s
   149 | base=1.102598 | val=0.747105 | acc1=0.7486 | Wμ=0.993 | Aμ=1.232 | Wmax=1.000 | Amax=1.585 |LR=0.002 | t=9.41s
   150 | base=1.183740 | val=1.419009 | acc1=0.5391 | Wμ=0.993 | Aμ=1.222 | Wmax=1.000 | Amax=1.585 |LR=0.002 | t=9.37s
   151 | base=0.975770 | val=1.269282 | acc1=0.6115 | Wμ=0.992 | Aμ=1.206 | Wmax=1.585 | Amax=1.585 |LR=0.002 | t=9.38s
   152 | base=1.080541 | val=1.086864 | acc1=0.6646 | Wμ=0.992 | Aμ=1.182 | Wmax=1.000 | Amax=1.585 |LR=0.002 | t=9.38s
   153 | base=0.930303 | val=0.941696 | acc1=0.6944 | Wμ=0.992 | Aμ=1.169 | Wmax=1.000 | Amax=1.585 |LR=0.002 | t=9.40s
   154 | base=1.058821 | val=0.974388 | acc1=0.6979 | Wμ=0.992 | Aμ=1.164 | Wmax=1.000 | Amax=1.585 |LR=0.002 | t=9.36s
   155 | base=1.193818 | val=0.884356 | acc1=0.7151 | Wμ=0.992 | Aμ=1.160 | Wmax=1.000 | Amax=1.585 |LR=0.002 | t=9.35s
   156 | base=1.014543 | val=0.695174 | acc1=0.7701 | Wμ=0.992 | Aμ=1.159 | Wmax=1.000 | Amax=1.585 |LR=0.002 | t=9.39s
   157 | base=1.099220 | val=0.884012 | acc1=0.7154 | Wμ=0.991 | Aμ=1.157 | Wmax=1.000 | Amax=1.585 |LR=0.002 | t=9.35s
   158 | base=1.273635 | val=1.013625 | acc1=0.6861 | Wμ=0.991 | Aμ=1.154 | Wmax=1.000 | Amax=1.585 |LR=0.002 | t=9.34s
   159 | base=0.998985 | val=0.684040 | acc1=0.7814 | Wμ=0.991 | Aμ=1.151 | Wmax=1.000 | Amax=1.585 |LR=0.002 | t=9.38s
   160 | base=1.119888 | val=0.849146 | acc1=0.7332 | Wμ=0.991 | Aμ=1.146 | Wmax=1.000 | Amax=1.585 |LR=0.002 | t=9.42s
   161 | base=1.087413 | val=1.016992 | acc1=0.6641 | Wμ=0.991 | Aμ=1.138 | Wmax=1.000 | Amax=1.585 |LR=0.002 | t=9.35s
   162 | base=1.074506 | val=1.265315 | acc1=0.5814 | Wμ=0.990 | Aμ=1.132 | Wmax=1.000 | Amax=1.585 |LR=0.002 | t=9.39s
   163 | base=1.066891 | val=0.739459 | acc1=0.7506 | Wμ=0.990 | Aμ=1.126 | Wmax=1.000 | Amax=1.585 |LR=0.002 | t=9.38s
   164 | base=1.172784 | val=0.657149 | acc1=0.7753 | Wμ=0.991 | Aμ=1.124 | Wmax=1.000 | Amax=1.585 |LR=0.002 | t=9.37s
   165 | base=1.124701 | val=0.932835 | acc1=0.6869 | Wμ=0.991 | Aμ=1.124 | Wmax=1.000 | Amax=1.585 |LR=0.002 | t=9.34s
   166 | base=1.272905 | val=0.857796 | acc1=0.7235 | Wμ=0.991 | Aμ=1.124 | Wmax=1.000 | Amax=1.585 |LR=0.002 | t=9.37s
   167 | base=1.137811 | val=1.210114 | acc1=0.6458 | Wμ=0.991 | Aμ=1.125 | Wmax=1.000 | Amax=1.585 |LR=0.002 | t=9.40s
   168 | base=1.057363 | val=0.851283 | acc1=0.7427 | Wμ=0.991 | Aμ=1.125 | Wmax=1.000 | Amax=1.585 |LR=0.002 | t=9.35s
   169 | base=1.200780 | val=0.783659 | acc1=0.7598 | Wμ=0.990 | Aμ=1.124 | Wmax=1.000 | Amax=1.585 |LR=0.002 | t=9.41s
   170 | base=1.113279 | val=0.808626 | acc1=0.7339 | Wμ=0.990 | Aμ=1.123 | Wmax=1.000 | Amax=1.585 |LR=0.002 | t=9.41s
   171 | base=1.164443 | val=0.737545 | acc1=0.7530 | Wμ=0.990 | Aμ=1.121 | Wmax=1.000 | Amax=1.585 |LR=0.002 | t=9.36s
   172 | base=1.077888 | val=1.141048 | acc1=0.6674 | Wμ=0.991 | Aμ=1.120 | Wmax=1.000 | Amax=1.585 |LR=0.002 | t=9.39s
   173 | base=1.141826 | val=1.072724 | acc1=0.6749 | Wμ=0.990 | Aμ=1.116 | Wmax=1.000 | Amax=1.585 |LR=0.002 | t=9.39s
   174 | base=1.068933 | val=0.722377 | acc1=0.7560 | Wμ=0.991 | Aμ=1.112 | Wmax=1.000 | Amax=1.585 |LR=0.002 | t=9.37s
   175 | base=1.114624 | val=0.820496 | acc1=0.7281 | Wμ=0.991 | Aμ=1.107 | Wmax=1.000 | Amax=1.585 |LR=0.002 | t=9.39s
   176 | base=1.230312 | val=0.992047 | acc1=0.6848 | Wμ=0.991 | Aμ=1.100 | Wmax=1.000 | Amax=1.585 |LR=0.002 | t=9.36s
   177 | base=1.181609 | val=0.678083 | acc1=0.7809 | Wμ=0.990 | Aμ=1.094 | Wmax=1.000 | Amax=1.585 |LR=0.002 | t=9.37s
   178 | base=1.146880 | val=0.784455 | acc1=0.7520 | Wμ=0.990 | Aμ=1.090 | Wmax=1.000 | Amax=1.585 |LR=0.002 | t=9.39s
   179 | base=1.220715 | val=0.866679 | acc1=0.7235 | Wμ=0.991 | Aμ=1.081 | Wmax=1.000 | Amax=1.000 |LR=0.002 | t=9.38s
   180 | base=1.142907 | val=0.737620 | acc1=0.7565 | Wμ=0.990 | Aμ=1.076 | Wmax=1.000 | Amax=1.585 |LR=0.0018582 | t=9.48s
   181 | base=1.081790 | val=0.806942 | acc1=0.7482 | Wμ=0.991 | Aμ=1.070 | Wmax=1.000 | Amax=1.000 |LR=0.0018554 | t=9.37s
   182 | base=1.139358 | val=0.729161 | acc1=0.7538 | Wμ=0.990 | Aμ=1.061 | Wmax=1.000 | Amax=1.000 |LR=0.0017238 | t=9.35s
   183 | base=1.153315 | val=0.708541 | acc1=0.7708 | Wμ=0.991 | Aμ=1.051 | Wmax=1.000 | Amax=1.000 |LR=0.0015992 | t=9.37s
   184 | base=1.151611 | val=0.964590 | acc1=0.6977 | Wμ=0.991 | Aμ=1.049 | Wmax=1.000 | Amax=1.000 |LR=0.0014835 | t=9.40s
   185 | base=1.052724 | val=0.977582 | acc1=0.7152 | Wμ=0.991 | Aμ=1.045 | Wmax=1.000 | Amax=1.000 |LR=0.0013763 | t=9.34s
   186 | base=1.041785 | val=0.841243 | acc1=0.7273 | Wμ=0.991 | Aμ=1.040 | Wmax=1.000 | Amax=1.000 |LR=0.0012767 | t=9.41s
   187 | base=1.032468 | val=0.734663 | acc1=0.7589 | Wμ=0.991 | Aμ=1.033 | Wmax=1.000 | Amax=1.000 |LR=0.0011844 | t=9.41s
   188 | base=0.976547 | val=0.661045 | acc1=0.7884 | Wμ=0.991 | Aμ=1.024 | Wmax=1.000 | Amax=1.000 |LR=0.0010988 | t=9.38s
   189 | base=1.020102 | val=0.672685 | acc1=0.7771 | Wμ=0.991 | Aμ=1.009 | Wmax=1.000 | Amax=1.000 |LR=0.0010193 | t=9.40s
   190 | base=1.030950 | val=1.067887 | acc1=0.6907 | Wμ=0.991 | Aμ=0.999 | Wmax=1.000 | Amax=1.000 |LR=0.00094562 | t=9.45s
   191 | base=1.039214 | val=0.639062 | acc1=0.7878 | Wμ=0.991 | Aμ=0.998 | Wmax=1.000 | Amax=1.000 |LR=0.00087724 | t=9.42s
   192 | base=1.022078 | val=0.700860 | acc1=0.7776 | Wμ=0.992 | Aμ=0.998 | Wmax=1.000 | Amax=1.000 |LR=0.00081381 | t=9.41s
   193 | base=1.037908 | val=0.828942 | acc1=0.7440 | Wμ=0.992 | Aμ=0.998 | Wmax=1.000 | Amax=1.000 |LR=0.00075497 | t=9.43s
   194 | base=0.978152 | val=0.617308 | acc1=0.7960 | Wμ=0.992 | Aμ=0.998 | Wmax=1.000 | Amax=1.000 |LR=0.00070037 | t=9.44s
   195 | base=0.957672 | val=0.652215 | acc1=0.7884 | Wμ=0.992 | Aμ=0.998 | Wmax=1.000 | Amax=1.000 |LR=0.00064973 | t=9.39s
   196 | base=0.972709 | val=0.631409 | acc1=0.7917 | Wμ=0.992 | Aμ=0.998 | Wmax=1.000 | Amax=1.000 |LR=0.00060275 | t=9.36s
   197 | base=1.027315 | val=0.776852 | acc1=0.7501 | Wμ=0.992 | Aμ=0.998 | Wmax=1.000 | Amax=1.000 |LR=0.00055917 | t=9.50s
   198 | base=1.083701 | val=0.683617 | acc1=0.7801 | Wμ=0.992 | Aμ=0.998 | Wmax=1.000 | Amax=1.000 |LR=0.00051873 | t=9.35s
   199 | base=0.988523 | val=0.820569 | acc1=0.7371 | Wμ=0.992 | Aμ=0.999 | Wmax=1.000 | Amax=1.000 |LR=0.00048122 | t=9.39s
   200 | base=1.073945 | val=0.677490 | acc1=0.7802 | Wμ=0.993 | Aμ=0.998 | Wmax=1.000 | Amax=1.000 |LR=0.00044643 | t=9.50s
   201 | base=0.996986 | val=0.625433 | acc1=0.7914 | Wμ=0.993 | Aμ=0.998 | Wmax=1.000 | Amax=1.000 |LR=0.00041415 | t=9.37s
   202 | base=1.015628 | val=0.687155 | acc1=0.7739 | Wμ=0.993 | Aμ=0.998 | Wmax=1.000 | Amax=1.000 |LR=0.0003842 | t=9.38s
   203 | base=1.008105 | val=0.742890 | acc1=0.7641 | Wμ=0.993 | Aμ=0.998 | Wmax=1.000 | Amax=1.000 |LR=0.00035642 | t=9.41s
   204 | base=0.982336 | val=0.661641 | acc1=0.7839 | Wμ=0.993 | Aμ=0.999 | Wmax=1.000 | Amax=1.000 |LR=0.00033065 | t=9.40s
   205 | base=0.995216 | val=0.858167 | acc1=0.7453 | Wμ=0.993 | Aμ=0.999 | Wmax=1.000 | Amax=1.000 |LR=0.00030674 | t=9.35s
   206 | base=1.018437 | val=0.735844 | acc1=0.7652 | Wμ=0.993 | Aμ=0.998 | Wmax=1.000 | Amax=1.000 |LR=0.00028456 | t=9.36s
   207 | base=1.039919 | val=0.697456 | acc1=0.7717 | Wμ=0.993 | Aμ=0.998 | Wmax=1.000 | Amax=1.000 |LR=0.00026398 | t=9.39s
   208 | base=0.964656 | val=0.984888 | acc1=0.6936 | Wμ=0.994 | Aμ=0.998 | Wmax=1.000 | Amax=1.000 |LR=0.00024489 | t=9.36s
   209 | base=0.945896 | val=0.687097 | acc1=0.7772 | Wμ=0.993 | Aμ=0.999 | Wmax=1.000 | Amax=1.000 |LR=0.00022719 | t=9.39s
   210 | base=0.955399 | val=0.650596 | acc1=0.7800 | Wμ=0.994 | Aμ=0.999 | Wmax=1.000 | Amax=1.000 |LR=0.00021076 | t=9.41s
   211 | base=0.979222 | val=0.909497 | acc1=0.7155 | Wμ=0.994 | Aμ=0.999 | Wmax=1.000 | Amax=1.000 |LR=0.00019552 | t=9.33s
   212 | base=0.926473 | val=0.889603 | acc1=0.7227 | Wμ=0.994 | Aμ=0.999 | Wmax=1.000 | Amax=1.000 |LR=0.00018138 | t=9.36s
   213 | base=0.924558 | val=0.710316 | acc1=0.7717 | Wμ=0.994 | Aμ=0.999 | Wmax=1.000 | Amax=1.000 |LR=0.00016827 | t=9.39s
   214 | base=0.984364 | val=0.682279 | acc1=0.7796 | Wμ=0.994 | Aμ=0.999 | Wmax=1.000 | Amax=1.000 |LR=0.0001561 | t=9.37s
   215 | base=0.964711 | val=0.590117 | acc1=0.8027 | Wμ=0.994 | Aμ=0.999 | Wmax=1.000 | Amax=1.000 |LR=0.00014481 | t=9.43s
   216 | base=0.971413 | val=0.874968 | acc1=0.7314 | Wμ=0.994 | Aμ=0.999 | Wmax=1.000 | Amax=1.000 |LR=0.00013434 | t=9.36s
   217 | base=0.982186 | val=0.733905 | acc1=0.7729 | Wμ=0.994 | Aμ=0.999 | Wmax=1.000 | Amax=1.000 |LR=0.00012463 | t=9.51s
   218 | base=0.891627 | val=0.626078 | acc1=0.8005 | Wμ=0.995 | Aμ=0.999 | Wmax=1.000 | Amax=1.000 |LR=0.00011561 | t=9.43s
   219 | base=0.958598 | val=0.698539 | acc1=0.7759 | Wμ=0.995 | Aμ=0.999 | Wmax=1.000 | Amax=1.000 |LR=0.00010725 | t=9.40s
   220 | base=0.878863 | val=0.727599 | acc1=0.7699 | Wμ=0.995 | Aμ=0.999 | Wmax=1.000 | Amax=1.000 |LR=9.9499e-05 | t=9.42s
   221 | base=1.003908 | val=0.931770 | acc1=0.7139 | Wμ=0.995 | Aμ=0.999 | Wmax=1.000 | Amax=1.000 |LR=9.2305e-05 | t=9.37s
   222 | base=0.943492 | val=0.725923 | acc1=0.7670 | Wμ=0.995 | Aμ=0.999 | Wmax=1.000 | Amax=1.000 |LR=8.563e-05 | t=9.41s
   223 | base=0.873545 | val=0.674466 | acc1=0.7813 | Wμ=0.995 | Aμ=0.999 | Wmax=1.000 | Amax=1.000 |LR=7.9438e-05 | t=9.42s
   224 | base=0.895463 | val=0.618141 | acc1=0.7953 | Wμ=0.995 | Aμ=0.999 | Wmax=1.000 | Amax=1.000 |LR=7.3694e-05 | t=9.41s
   225 | base=0.987963 | val=1.035415 | acc1=0.6771 | Wμ=0.995 | Aμ=0.999 | Wmax=1.000 | Amax=1.000 |LR=6.8366e-05 | t=9.41s
   226 | base=0.924108 | val=0.718510 | acc1=0.7719 | Wμ=0.995 | Aμ=0.999 | Wmax=1.000 | Amax=1.000 |LR=6.3422e-05 | t=9.42s
   227 | base=0.909172 | val=0.623915 | acc1=0.7967 | Wμ=0.995 | Aμ=0.999 | Wmax=1.000 | Amax=1.000 |LR=5.8836e-05 | t=9.40s
   228 | base=0.971131 | val=0.665024 | acc1=0.7845 | Wμ=0.995 | Aμ=0.999 | Wmax=1.000 | Amax=1.000 |LR=5.4582e-05 | t=9.39s
   229 | base=0.873075 | val=0.552501 | acc1=0.8196 | Wμ=0.995 | Aμ=0.999 | Wmax=1.000 | Amax=1.000 |LR=5.0635e-05 | t=9.41s
