     0 | base=nan | val=0.236715 | acc1=nan | Wμ=nan | Aμ=nan | Wmax=nan | Amax=nan |LR=nan | t=nans
     0 | base=nan | val=0.236732 | acc1=0.9282 | Wμ=11.186 | Aμ=20.000 | Wmax=12.916 | Amax=13.744 |LR=nan | t=nans
     0 | base=nan | val=0.236786 | acc1=0.9281 | Wμ=9.786 | Aμ=20.000 | Wmax=10.000 | Amax=13.743 |LR=nan | t=nans
     0 | base=nan | val=0.236878 | acc1=0.9281 | Wμ=9.786 | Aμ=10.000 | Wmax=10.000 | Amax=9.994 |LR=nan | t=nans
# epoch | BaseLoss | ValLoss | Acc@1 | MeanWBits | MeanABits | MaxWBits | MaxABits | LR | GradNorm | WSat | ASat | NoiseMean | NoiseVar | NoiseCorr | Temp | EpochTime(s)
     0 | base=nan | val=0.213726 | acc1=0.9335 | Wμ=9.786 | Aμ=10.000 | Wmax=10.000 | Amax=10.000 |LR=nan | t=nans
     0 | base=0.003252 | val=0.236282 | acc1=0.9280 | Wμ=9.786 | Aμ=10.000 | Wmax=10.001 | Amax=9.995 |LR=9.8e-05 | t=9.92s
     1 | base=0.003360 | val=0.236774 | acc1=0.9281 | Wμ=9.786 | Aμ=10.000 | Wmax=10.004 | Amax=9.994 |LR=0.000198 | t=8.95s
     2 | base=0.003643 | val=0.236695 | acc1=0.9273 | Wμ=9.786 | Aμ=10.001 | Wmax=10.004 | Amax=9.995 |LR=0.000298 | t=8.95s
     3 | base=0.002830 | val=0.237569 | acc1=0.9278 | Wμ=9.786 | Aμ=10.003 | Wmax=10.008 | Amax=9.994 |LR=0.000398 | t=8.91s
     4 | base=0.003074 | val=0.240039 | acc1=0.9267 | Wμ=9.786 | Aμ=10.005 | Wmax=10.011 | Amax=9.996 |LR=0.000498 | t=9.10s
     5 | base=0.003690 | val=0.237750 | acc1=0.9269 | Wμ=9.787 | Aμ=10.008 | Wmax=10.015 | Amax=10.001 |LR=0.000598 | t=8.94s
     6 | base=0.004688 | val=0.238116 | acc1=0.9267 | Wμ=9.787 | Aμ=10.013 | Wmax=10.021 | Amax=10.008 |LR=0.000698 | t=8.88s
     7 | base=0.004763 | val=0.238503 | acc1=0.9259 | Wμ=9.788 | Aμ=10.019 | Wmax=10.025 | Amax=10.008 |LR=0.000798 | t=8.88s
     8 | base=0.004173 | val=0.240529 | acc1=0.9258 | Wμ=9.789 | Aμ=10.024 | Wmax=10.032 | Amax=10.011 |LR=0.000898 | t=8.90s
     9 | base=0.006668 | val=0.242167 | acc1=0.9238 | Wμ=9.790 | Aμ=10.030 | Wmax=10.038 | Amax=10.015 |LR=0.000998 | t=8.93s
    10 | base=0.007976 | val=0.246581 | acc1=0.9232 | Wμ=9.791 | Aμ=10.037 | Wmax=10.065 | Amax=10.014 |LR=0.001098 | t=8.88s
    11 | base=0.013383 | val=0.244828 | acc1=0.9232 | Wμ=9.793 | Aμ=10.046 | Wmax=10.083 | Amax=10.028 |LR=0.001198 | t=8.94s
    12 | base=0.016333 | val=0.250774 | acc1=0.9200 | Wμ=9.797 | Aμ=10.053 | Wmax=10.106 | Amax=10.045 |LR=0.001298 | t=8.88s
    13 | base=0.017986 | val=0.247896 | acc1=0.9230 | Wμ=9.801 | Aμ=10.061 | Wmax=10.110 | Amax=10.064 |LR=0.001398 | t=8.86s
    14 | base=0.027571 | val=0.252178 | acc1=0.9236 | Wμ=9.806 | Aμ=10.069 | Wmax=10.132 | Amax=10.058 |LR=0.001498 | t=8.88s
    15 | base=0.034998 | val=0.262337 | acc1=0.9178 | Wμ=9.813 | Aμ=10.077 | Wmax=10.161 | Amax=10.080 |LR=0.001598 | t=8.86s
    16 | base=0.036495 | val=0.255700 | acc1=0.9190 | Wμ=9.818 | Aμ=10.085 | Wmax=10.190 | Amax=10.081 |LR=0.001698 | t=8.90s
    17 | base=0.046819 | val=0.262282 | acc1=0.9162 | Wμ=9.828 | Aμ=10.093 | Wmax=10.205 | Amax=10.130 |LR=0.001798 | t=8.86s
    18 | base=0.040565 | val=0.248978 | acc1=0.9223 | Wμ=9.837 | Aμ=10.101 | Wmax=10.240 | Amax=10.138 |LR=0.001898 | t=8.86s
    19 | base=0.038239 | val=0.280282 | acc1=0.9136 | Wμ=9.853 | Aμ=10.109 | Wmax=10.246 | Amax=10.106 |LR=0.001998 | t=8.86s
    20 | base=0.055785 | val=0.276647 | acc1=0.9094 | Wμ=9.839 | Aμ=10.023 | Wmax=10.150 | Amax=10.088 |LR=0.002 | t=8.92s
    21 | base=0.052944 | val=0.270919 | acc1=0.9156 | Wμ=9.605 | Aμ=9.884 | Wmax=9.935 | Amax=10.051 |LR=0.002 | t=8.88s
    22 | base=0.050193 | val=0.262133 | acc1=0.9180 | Wμ=9.334 | Aμ=9.731 | Wmax=9.753 | Amax=10.017 |LR=0.002 | t=8.91s
    23 | base=0.046374 | val=0.262681 | acc1=0.9178 | Wμ=9.074 | Aμ=9.574 | Wmax=9.579 | Amax=10.014 |LR=0.002 | t=8.86s
    24 | base=0.043463 | val=0.262514 | acc1=0.9200 | Wμ=8.845 | Aμ=9.404 | Wmax=9.403 | Amax=9.991 |LR=0.002 | t=8.90s
    25 | base=0.039087 | val=0.273302 | acc1=0.9154 | Wμ=8.602 | Aμ=9.226 | Wmax=9.222 | Amax=9.951 |LR=0.002 | t=8.99s
    26 | base=0.041252 | val=0.258022 | acc1=0.9181 | Wμ=8.377 | Aμ=9.050 | Wmax=9.042 | Amax=9.901 |LR=0.002 | t=8.87s
    27 | base=0.044358 | val=0.264675 | acc1=0.9191 | Wμ=8.148 | Aμ=8.870 | Wmax=8.864 | Amax=9.838 |LR=0.002 | t=8.84s
    28 | base=0.038763 | val=0.253702 | acc1=0.9188 | Wμ=7.931 | Aμ=8.699 | Wmax=8.690 | Amax=9.784 |LR=0.002 | t=8.88s
    29 | base=0.044493 | val=0.258579 | acc1=0.9197 | Wμ=7.722 | Aμ=8.525 | Wmax=8.520 | Amax=9.692 |LR=0.002 | t=8.90s
    30 | base=0.035186 | val=0.253159 | acc1=0.9193 | Wμ=7.524 | Aμ=8.350 | Wmax=8.353 | Amax=9.596 |LR=0.002 | t=8.87s
    31 | base=0.034280 | val=0.261359 | acc1=0.9195 | Wμ=7.308 | Aμ=8.180 | Wmax=8.180 | Amax=9.472 |LR=0.002 | t=8.86s
    32 | base=0.037719 | val=0.249444 | acc1=0.9222 | Wμ=7.110 | Aμ=8.003 | Wmax=8.000 | Amax=9.326 |LR=0.002 | t=8.87s
    33 | base=0.034592 | val=0.248316 | acc1=0.9218 | Wμ=6.909 | Aμ=7.834 | Wmax=7.845 | Amax=9.208 |LR=0.002 | t=8.87s
    34 | base=0.035633 | val=0.254538 | acc1=0.9215 | Wμ=6.711 | Aμ=7.671 | Wmax=7.687 | Amax=9.077 |LR=0.002 | t=8.96s
    35 | base=0.043451 | val=0.256215 | acc1=0.9203 | Wμ=6.516 | Aμ=7.502 | Wmax=7.524 | Amax=8.940 |LR=0.002 | t=8.87s
    36 | base=0.039137 | val=0.253658 | acc1=0.9206 | Wμ=6.323 | Aμ=7.343 | Wmax=7.375 | Amax=8.758 |LR=0.002 | t=8.92s
    37 | base=0.057265 | val=0.252502 | acc1=0.9219 | Wμ=6.144 | Aμ=7.183 | Wmax=7.229 | Amax=8.574 |LR=0.002 | t=8.90s
    38 | base=0.042966 | val=0.261372 | acc1=0.9178 | Wμ=5.952 | Aμ=7.040 | Wmax=7.077 | Amax=8.459 |LR=0.002 | t=8.90s
    39 | base=0.046404 | val=0.255545 | acc1=0.9216 | Wμ=5.773 | Aμ=6.898 | Wmax=6.907 | Amax=8.344 |LR=0.002 | t=8.90s
    40 | base=0.056850 | val=0.265541 | acc1=0.9168 | Wμ=5.592 | Aμ=6.767 | Wmax=6.755 | Amax=8.214 |LR=0.002 | t=8.90s
    41 | base=0.064425 | val=0.269874 | acc1=0.9177 | Wμ=5.412 | Aμ=6.634 | Wmax=6.615 | Amax=8.087 |LR=0.002 | t=8.85s
    42 | base=0.072003 | val=0.271940 | acc1=0.9136 | Wμ=5.236 | Aμ=6.518 | Wmax=6.476 | Amax=8.006 |LR=0.002 | t=8.88s
    43 | base=0.062740 | val=0.272449 | acc1=0.9159 | Wμ=5.066 | Aμ=6.393 | Wmax=6.322 | Amax=7.901 |LR=0.002 | t=8.88s
    44 | base=0.080275 | val=0.280793 | acc1=0.9123 | Wμ=4.888 | Aμ=6.277 | Wmax=6.150 | Amax=7.781 |LR=0.002 | t=8.91s
    45 | base=0.068076 | val=0.274984 | acc1=0.9131 | Wμ=4.712 | Aμ=6.177 | Wmax=6.022 | Amax=7.700 |LR=0.002 | t=8.89s
    46 | base=0.077413 | val=0.312600 | acc1=0.9024 | Wμ=4.545 | Aμ=6.072 | Wmax=5.883 | Amax=7.577 |LR=0.002 | t=8.90s
    47 | base=0.093283 | val=0.269903 | acc1=0.9175 | Wμ=4.379 | Aμ=5.983 | Wmax=5.755 | Amax=7.459 |LR=0.002 | t=8.86s
    48 | base=0.082085 | val=0.282131 | acc1=0.9126 | Wμ=4.211 | Aμ=5.883 | Wmax=5.615 | Amax=7.375 |LR=0.002 | t=8.90s
    49 | base=0.097944 | val=0.277285 | acc1=0.9129 | Wμ=4.048 | Aμ=5.789 | Wmax=5.459 | Amax=7.267 |LR=0.002 | t=8.86s
    50 | base=0.082975 | val=0.293749 | acc1=0.9073 | Wμ=3.888 | Aμ=5.700 | Wmax=5.322 | Amax=7.180 |LR=0.002 | t=8.92s
    51 | base=0.095018 | val=0.288323 | acc1=0.9098 | Wμ=3.730 | Aμ=5.624 | Wmax=5.209 | Amax=7.119 |LR=0.002 | t=8.86s
    52 | base=0.092643 | val=0.297190 | acc1=0.9062 | Wμ=3.581 | Aμ=5.546 | Wmax=5.044 | Amax=7.022 |LR=0.002 | t=8.86s
    53 | base=0.096116 | val=0.296091 | acc1=0.9081 | Wμ=3.428 | Aμ=5.466 | Wmax=4.907 | Amax=6.919 |LR=0.002 | t=8.90s
    54 | base=0.095390 | val=0.291624 | acc1=0.9080 | Wμ=3.279 | Aμ=5.394 | Wmax=4.807 | Amax=6.781 |LR=0.002 | t=8.93s
    55 | base=0.119360 | val=0.275257 | acc1=0.9131 | Wμ=3.139 | Aμ=5.321 | Wmax=4.700 | Amax=6.714 |LR=0.002 | t=8.88s
    56 | base=0.128850 | val=0.305262 | acc1=0.9051 | Wμ=3.010 | Aμ=5.262 | Wmax=4.524 | Amax=6.700 |LR=0.002 | t=8.91s
    57 | base=0.122763 | val=0.316667 | acc1=0.8989 | Wμ=2.877 | Aμ=5.202 | Wmax=4.459 | Amax=6.658 |LR=0.002 | t=8.94s
    58 | base=0.153676 | val=0.358394 | acc1=0.8867 | Wμ=2.751 | Aμ=5.150 | Wmax=4.322 | Amax=6.600 |LR=0.002 | t=8.90s
    59 | base=0.166074 | val=0.302748 | acc1=0.9080 | Wμ=2.627 | Aμ=5.083 | Wmax=4.248 | Amax=6.508 |LR=0.002 | t=8.88s
    60 | base=0.146896 | val=0.359281 | acc1=0.8866 | Wμ=2.518 | Aμ=5.024 | Wmax=4.170 | Amax=6.443 |LR=0.002 | t=8.90s
    61 | base=0.157903 | val=0.339768 | acc1=0.8931 | Wμ=2.407 | Aμ=4.971 | Wmax=4.000 | Amax=6.358 |LR=0.002 | t=8.93s
    62 | base=0.158291 | val=0.338709 | acc1=0.8914 | Wμ=2.301 | Aμ=4.919 | Wmax=4.000 | Amax=6.322 |LR=0.002 | t=8.93s
    63 | base=0.169227 | val=0.401601 | acc1=0.8771 | Wμ=2.211 | Aμ=4.873 | Wmax=3.907 | Amax=6.248 |LR=0.002 | t=8.92s
    64 | base=0.182312 | val=0.338483 | acc1=0.8934 | Wμ=2.125 | Aμ=4.816 | Wmax=3.807 | Amax=6.190 |LR=0.002 | t=8.90s
    65 | base=0.194020 | val=0.574138 | acc1=0.8337 | Wμ=2.046 | Aμ=4.762 | Wmax=3.700 | Amax=6.109 |LR=0.002 | t=8.91s
    66 | base=0.208703 | val=0.375364 | acc1=0.8802 | Wμ=1.971 | Aμ=4.722 | Wmax=3.585 | Amax=6.022 |LR=0.002 | t=8.87s
    67 | base=0.251722 | val=0.388095 | acc1=0.8775 | Wμ=1.907 | Aμ=4.688 | Wmax=3.585 | Amax=5.977 |LR=0.002 | t=8.91s
    68 | base=0.219556 | val=0.400829 | acc1=0.8734 | Wμ=1.848 | Aμ=4.644 | Wmax=3.459 | Amax=5.931 |LR=0.002 | t=8.89s
    69 | base=0.234901 | val=0.383204 | acc1=0.8838 | Wμ=1.798 | Aμ=4.609 | Wmax=3.459 | Amax=5.858 |LR=0.002 | t=8.88s
    70 | base=0.307689 | val=0.503091 | acc1=0.8425 | Wμ=1.749 | Aμ=4.565 | Wmax=3.322 | Amax=5.781 |LR=0.002 | t=8.92s
    71 | base=0.275020 | val=0.378655 | acc1=0.8797 | Wμ=1.703 | Aμ=4.524 | Wmax=3.322 | Amax=5.755 |LR=0.002 | t=8.91s
    72 | base=0.268234 | val=0.627413 | acc1=0.8121 | Wμ=1.656 | Aμ=4.474 | Wmax=3.170 | Amax=5.700 |LR=0.002 | t=8.90s
    73 | base=0.305266 | val=0.580408 | acc1=0.8377 | Wμ=1.613 | Aμ=4.418 | Wmax=3.170 | Amax=5.615 |LR=0.002 | t=8.91s
    74 | base=0.277789 | val=0.767614 | acc1=0.7819 | Wμ=1.576 | Aμ=4.369 | Wmax=3.000 | Amax=5.555 |LR=0.002 | t=8.94s
    75 | base=0.322523 | val=0.648242 | acc1=0.8010 | Wμ=1.541 | Aμ=4.321 | Wmax=3.000 | Amax=5.492 |LR=0.002 | t=8.93s
    76 | base=0.374926 | val=0.782121 | acc1=0.7676 | Wμ=1.509 | Aμ=4.284 | Wmax=3.000 | Amax=5.492 |LR=0.002 | t=8.91s
    77 | base=0.363697 | val=0.526562 | acc1=0.8367 | Wμ=1.480 | Aμ=4.235 | Wmax=3.000 | Amax=5.392 |LR=0.002 | t=8.93s
    78 | base=0.411746 | val=0.899476 | acc1=0.7223 | Wμ=1.457 | Aμ=4.194 | Wmax=2.807 | Amax=5.322 |LR=0.002 | t=8.88s
    79 | base=0.391754 | val=0.665643 | acc1=0.7927 | Wμ=1.431 | Aμ=4.134 | Wmax=2.807 | Amax=5.209 |LR=0.002 | t=8.93s
    80 | base=0.425102 | val=0.835253 | acc1=0.7476 | Wμ=1.409 | Aμ=4.070 | Wmax=2.807 | Amax=5.129 |LR=0.002 | t=8.91s
    81 | base=0.425224 | val=0.725945 | acc1=0.7699 | Wμ=1.388 | Aμ=4.008 | Wmax=2.807 | Amax=5.044 |LR=0.002 | t=8.94s
    82 | base=0.373912 | val=0.476203 | acc1=0.8442 | Wμ=1.368 | Aμ=3.956 | Wmax=2.807 | Amax=4.954 |LR=0.002 | t=8.88s
    83 | base=0.503005 | val=0.753221 | acc1=0.7825 | Wμ=1.346 | Aμ=3.904 | Wmax=2.585 | Amax=4.858 |LR=0.002 | t=8.90s
    84 | base=0.513866 | val=0.713290 | acc1=0.7738 | Wμ=1.326 | Aμ=3.856 | Wmax=2.585 | Amax=4.807 |LR=0.002 | t=8.91s
    85 | base=0.466741 | val=0.861198 | acc1=0.7292 | Wμ=1.306 | Aμ=3.792 | Wmax=2.585 | Amax=4.700 |LR=0.002 | t=8.92s
    86 | base=0.454507 | val=0.956788 | acc1=0.7199 | Wμ=1.287 | Aμ=3.725 | Wmax=2.585 | Amax=4.644 |LR=0.002 | t=8.93s
    87 | base=0.458555 | val=0.819061 | acc1=0.7630 | Wμ=1.268 | Aμ=3.671 | Wmax=2.585 | Amax=4.644 |LR=0.002 | t=8.92s
    88 | base=0.490996 | val=0.634689 | acc1=0.8030 | Wμ=1.249 | Aμ=3.594 | Wmax=2.585 | Amax=4.524 |LR=0.002 | t=8.90s
    89 | base=0.495184 | val=1.342818 | acc1=0.6435 | Wμ=1.231 | Aμ=3.540 | Wmax=2.585 | Amax=4.459 |LR=0.002 | t=8.91s
    90 | base=0.542702 | val=0.952363 | acc1=0.7016 | Wμ=1.212 | Aμ=3.474 | Wmax=2.322 | Amax=4.392 |LR=0.002 | t=8.89s
    91 | base=0.561091 | val=0.986431 | acc1=0.7144 | Wμ=1.195 | Aμ=3.410 | Wmax=2.322 | Amax=4.322 |LR=0.002 | t=8.91s
    92 | base=0.547204 | val=0.730856 | acc1=0.7746 | Wμ=1.180 | Aμ=3.333 | Wmax=2.322 | Amax=4.170 |LR=0.002 | t=8.89s
    93 | base=0.508896 | val=0.884018 | acc1=0.7429 | Wμ=1.166 | Aμ=3.261 | Wmax=2.322 | Amax=4.087 |LR=0.002 | t=8.91s
    94 | base=0.482998 | val=1.174224 | acc1=0.6636 | Wμ=1.152 | Aμ=3.183 | Wmax=2.322 | Amax=4.000 |LR=0.002 | t=8.90s
    95 | base=0.541429 | val=1.218003 | acc1=0.6627 | Wμ=1.141 | Aμ=3.109 | Wmax=2.322 | Amax=3.907 |LR=0.002 | t=8.91s
    96 | base=0.550061 | val=0.769903 | acc1=0.7566 | Wμ=1.130 | Aμ=3.061 | Wmax=2.322 | Amax=3.807 |LR=0.002 | t=8.87s
    97 | base=0.474703 | val=1.775979 | acc1=0.5292 | Wμ=1.120 | Aμ=2.969 | Wmax=2.000 | Amax=3.700 |LR=0.002 | t=8.89s
    98 | base=0.527144 | val=0.617531 | acc1=0.8058 | Wμ=1.111 | Aμ=2.925 | Wmax=2.000 | Amax=3.585 |LR=0.002 | t=8.90s
    99 | base=0.541893 | val=0.749564 | acc1=0.7735 | Wμ=1.101 | Aμ=2.883 | Wmax=2.000 | Amax=3.459 |LR=0.002 | t=8.91s
   100 | base=0.537762 | val=0.723470 | acc1=0.7692 | Wμ=1.092 | Aμ=2.805 | Wmax=2.000 | Amax=3.322 |LR=0.002 | t=8.90s
   101 | base=0.601700 | val=1.078872 | acc1=0.6782 | Wμ=1.084 | Aμ=2.725 | Wmax=2.000 | Amax=3.322 |LR=0.002 | t=8.88s
   102 | base=0.575647 | val=1.497511 | acc1=0.6216 | Wμ=1.077 | Aμ=2.697 | Wmax=2.000 | Amax=3.170 |LR=0.002 | t=8.90s
   103 | base=0.545464 | val=0.980781 | acc1=0.6971 | Wμ=1.068 | Aμ=2.638 | Wmax=2.000 | Amax=3.000 |LR=0.002 | t=8.89s
   104 | base=0.558876 | val=2.208009 | acc1=0.4388 | Wμ=1.062 | Aμ=2.580 | Wmax=2.000 | Amax=3.000 |LR=0.002 | t=8.87s
   105 | base=0.548221 | val=1.445185 | acc1=0.5807 | Wμ=1.054 | Aμ=2.537 | Wmax=2.000 | Amax=3.000 |LR=0.002 | t=8.92s
   106 | base=0.554605 | val=0.605762 | acc1=0.8084 | Wμ=1.049 | Aμ=2.487 | Wmax=2.000 | Amax=2.807 |LR=0.002 | t=8.96s
   107 | base=0.555713 | val=0.585790 | acc1=0.8200 | Wμ=1.044 | Aμ=2.431 | Wmax=2.000 | Amax=2.807 |LR=0.002 | t=8.93s
   108 | base=0.658868 | val=0.721345 | acc1=0.7761 | Wμ=1.040 | Aμ=2.368 | Wmax=2.000 | Amax=2.807 |LR=0.002 | t=8.89s
   109 | base=0.646461 | val=0.775932 | acc1=0.7636 | Wμ=1.037 | Aμ=2.309 | Wmax=2.000 | Amax=2.585 |LR=0.002 | t=8.91s
   110 | base=0.634853 | val=0.627216 | acc1=0.7929 | Wμ=1.035 | Aμ=2.270 | Wmax=2.000 | Amax=2.585 |LR=0.002 | t=8.88s
   111 | base=0.673624 | val=0.917163 | acc1=0.7098 | Wμ=1.031 | Aμ=2.239 | Wmax=2.000 | Amax=2.585 |LR=0.002 | t=8.93s
   112 | base=0.639135 | val=1.308434 | acc1=0.6553 | Wμ=1.029 | Aμ=2.210 | Wmax=2.000 | Amax=2.585 |LR=0.002 | t=8.88s
   113 | base=0.627021 | val=0.896675 | acc1=0.7327 | Wμ=1.026 | Aμ=2.154 | Wmax=2.000 | Amax=2.585 |LR=0.002 | t=8.90s
   114 | base=0.728781 | val=0.705615 | acc1=0.7749 | Wμ=1.023 | Aμ=2.085 | Wmax=2.000 | Amax=2.585 |LR=0.002 | t=8.90s
   115 | base=0.677376 | val=0.554216 | acc1=0.8174 | Wμ=1.022 | Aμ=2.038 | Wmax=1.585 | Amax=2.585 |LR=0.002 | t=8.91s
   116 | base=0.675248 | val=0.686383 | acc1=0.7906 | Wμ=1.020 | Aμ=1.982 | Wmax=2.000 | Amax=2.585 |LR=0.002 | t=8.92s
   117 | base=0.673117 | val=0.858613 | acc1=0.7312 | Wμ=1.018 | Aμ=1.941 | Wmax=1.585 | Amax=2.322 |LR=0.002 | t=8.92s
   118 | base=0.809270 | val=0.996607 | acc1=0.6921 | Wμ=1.016 | Aμ=1.889 | Wmax=1.585 | Amax=2.322 |LR=0.002 | t=8.94s
   119 | base=0.687117 | val=1.542452 | acc1=0.5653 | Wμ=1.015 | Aμ=1.846 | Wmax=1.585 | Amax=2.322 |LR=0.002 | t=8.90s
   120 | base=0.735668 | val=0.970047 | acc1=0.7046 | Wμ=1.014 | Aμ=1.825 | Wmax=1.585 | Amax=2.322 |LR=0.002 | t=8.89s
   121 | base=0.801357 | val=0.811979 | acc1=0.7397 | Wμ=1.013 | Aμ=1.808 | Wmax=1.585 | Amax=2.322 |LR=0.002 | t=8.92s
   122 | base=0.787376 | val=0.875746 | acc1=0.7167 | Wμ=1.011 | Aμ=1.786 | Wmax=1.585 | Amax=2.322 |LR=0.002 | t=8.91s
   123 | base=0.754547 | val=0.903252 | acc1=0.7459 | Wμ=1.010 | Aμ=1.777 | Wmax=1.585 | Amax=2.322 |LR=0.002 | t=8.97s
   124 | base=0.739737 | val=1.325194 | acc1=0.6437 | Wμ=1.009 | Aμ=1.771 | Wmax=1.585 | Amax=2.322 |LR=0.002 | t=8.87s
   125 | base=0.748837 | val=0.695431 | acc1=0.7729 | Wμ=1.007 | Aμ=1.745 | Wmax=1.585 | Amax=2.322 |LR=0.002 | t=8.90s
   126 | base=0.758374 | val=0.832377 | acc1=0.7446 | Wμ=1.006 | Aμ=1.713 | Wmax=1.585 | Amax=2.000 |LR=0.002 | t=8.91s
   127 | base=0.791454 | val=0.641560 | acc1=0.7921 | Wμ=1.005 | Aμ=1.660 | Wmax=1.585 | Amax=2.000 |LR=0.002 | t=8.93s
   128 | base=0.797626 | val=1.198098 | acc1=0.6616 | Wμ=1.004 | Aμ=1.608 | Wmax=1.585 | Amax=2.000 |LR=0.002 | t=8.91s
   129 | base=0.838429 | val=1.007559 | acc1=0.6966 | Wμ=1.004 | Aμ=1.563 | Wmax=1.585 | Amax=2.000 |LR=0.002 | t=8.95s
   130 | base=0.949159 | val=1.314641 | acc1=0.6306 | Wμ=1.002 | Aμ=1.530 | Wmax=1.585 | Amax=2.000 |LR=0.002 | t=8.90s
   131 | base=1.012564 | val=0.670003 | acc1=0.7793 | Wμ=1.002 | Aμ=1.514 | Wmax=1.585 | Amax=2.000 |LR=0.002 | t=8.91s
   132 | base=0.913421 | val=0.856709 | acc1=0.7271 | Wμ=1.001 | Aμ=1.506 | Wmax=1.585 | Amax=2.000 |LR=0.002 | t=8.94s
   133 | base=0.959410 | val=0.871229 | acc1=0.7219 | Wμ=1.001 | Aμ=1.497 | Wmax=1.585 | Amax=2.000 |LR=0.002 | t=8.92s
   134 | base=0.867373 | val=0.885404 | acc1=0.7378 | Wμ=1.001 | Aμ=1.482 | Wmax=1.585 | Amax=2.000 |LR=0.002 | t=8.88s
   135 | base=0.943585 | val=1.551516 | acc1=0.5606 | Wμ=1.001 | Aμ=1.468 | Wmax=1.585 | Amax=2.000 |LR=0.002 | t=8.89s
   136 | base=1.027709 | val=0.661349 | acc1=0.7929 | Wμ=1.000 | Aμ=1.458 | Wmax=1.585 | Amax=2.000 |LR=0.002 | t=8.91s
   137 | base=0.951177 | val=0.806645 | acc1=0.7474 | Wμ=1.003 | Aμ=1.453 | Wmax=2.807 | Amax=2.000 |LR=0.002 | t=8.89s
   138 | base=0.963587 | val=1.148314 | acc1=0.6667 | Wμ=1.002 | Aμ=1.455 | Wmax=2.322 | Amax=1.585 |LR=0.002 | t=8.91s
   139 | base=0.915434 | val=0.736171 | acc1=0.7548 | Wμ=1.000 | Aμ=1.448 | Wmax=1.585 | Amax=2.000 |LR=0.002 | t=8.89s
   140 | base=0.992242 | val=1.072009 | acc1=0.6549 | Wμ=0.999 | Aμ=1.441 | Wmax=1.585 | Amax=2.000 |LR=0.002 | t=8.91s
   141 | base=1.079155 | val=1.041505 | acc1=0.6643 | Wμ=0.999 | Aμ=1.428 | Wmax=1.585 | Amax=1.585 |LR=0.002 | t=8.92s
   142 | base=1.054354 | val=1.080747 | acc1=0.6618 | Wμ=0.998 | Aμ=1.406 | Wmax=1.585 | Amax=2.000 |LR=0.002 | t=8.91s
   143 | base=1.046107 | val=0.808227 | acc1=0.7495 | Wμ=0.998 | Aμ=1.374 | Wmax=1.585 | Amax=2.000 |LR=0.002 | t=8.93s
   144 | base=0.936948 | val=0.841936 | acc1=0.7488 | Wμ=0.997 | Aμ=1.337 | Wmax=1.585 | Amax=2.000 |LR=0.002 | t=8.93s
   145 | base=1.092037 | val=0.769116 | acc1=0.7660 | Wμ=0.996 | Aμ=1.316 | Wmax=1.585 | Amax=1.585 |LR=0.002 | t=8.88s
   146 | base=1.144922 | val=0.900071 | acc1=0.7068 | Wμ=0.996 | Aμ=1.307 | Wmax=1.585 | Amax=1.585 |LR=0.002 | t=8.91s
   147 | base=1.003805 | val=0.705280 | acc1=0.7803 | Wμ=0.995 | Aμ=1.302 | Wmax=1.585 | Amax=1.585 |LR=0.002 | t=8.94s
   148 | base=1.026929 | val=0.846167 | acc1=0.7300 | Wμ=0.994 | Aμ=1.286 | Wmax=1.000 | Amax=1.585 |LR=0.002 | t=8.93s
   149 | base=1.029396 | val=0.789864 | acc1=0.7502 | Wμ=0.994 | Aμ=1.260 | Wmax=1.000 | Amax=1.585 |LR=0.002 | t=8.99s
   150 | base=1.050965 | val=0.687390 | acc1=0.7701 | Wμ=0.993 | Aμ=1.233 | Wmax=1.000 | Amax=1.585 |LR=0.002 | t=8.88s
   151 | base=0.983186 | val=0.604432 | acc1=0.8124 | Wμ=0.993 | Aμ=1.209 | Wmax=1.000 | Amax=1.585 |LR=0.002 | t=8.93s
   152 | base=1.437684 | val=1.070696 | acc1=0.6820 | Wμ=0.993 | Aμ=1.185 | Wmax=1.000 | Amax=1.585 |LR=0.002 | t=8.91s
   153 | base=1.020153 | val=1.339730 | acc1=0.6166 | Wμ=0.992 | Aμ=1.170 | Wmax=1.000 | Amax=1.585 |LR=0.002 | t=8.91s
   154 | base=0.996945 | val=0.695266 | acc1=0.7682 | Wμ=0.992 | Aμ=1.160 | Wmax=1.000 | Amax=1.585 |LR=0.002 | t=8.95s
   155 | base=1.062538 | val=0.968180 | acc1=0.7080 | Wμ=0.992 | Aμ=1.159 | Wmax=1.000 | Amax=1.585 |LR=0.002 | t=8.90s
   156 | base=1.161750 | val=0.850314 | acc1=0.7278 | Wμ=0.992 | Aμ=1.158 | Wmax=1.000 | Amax=1.585 |LR=0.002 | t=8.89s
   157 | base=1.184464 | val=0.754015 | acc1=0.7451 | Wμ=0.991 | Aμ=1.156 | Wmax=1.000 | Amax=1.585 |LR=0.002 | t=8.93s
   158 | base=1.115293 | val=1.069608 | acc1=0.6912 | Wμ=0.991 | Aμ=1.155 | Wmax=1.000 | Amax=1.585 |LR=0.002 | t=8.98s
   159 | base=1.222288 | val=0.685800 | acc1=0.7671 | Wμ=0.991 | Aμ=1.151 | Wmax=1.000 | Amax=1.585 |LR=0.002 | t=8.97s
   160 | base=1.042094 | val=0.714856 | acc1=0.7708 | Wμ=0.991 | Aμ=1.147 | Wmax=1.000 | Amax=1.585 |LR=0.002 | t=8.96s
   161 | base=1.014167 | val=0.659399 | acc1=0.7889 | Wμ=0.991 | Aμ=1.138 | Wmax=1.000 | Amax=1.585 |LR=0.002 | t=8.94s
   162 | base=1.032424 | val=0.905806 | acc1=0.7243 | Wμ=0.991 | Aμ=1.134 | Wmax=1.000 | Amax=1.585 |LR=0.002 | t=8.96s
   163 | base=1.073092 | val=0.693370 | acc1=0.7710 | Wμ=0.991 | Aμ=1.131 | Wmax=1.000 | Amax=1.585 |LR=0.002 | t=8.97s
   164 | base=1.175750 | val=0.780731 | acc1=0.7364 | Wμ=0.991 | Aμ=1.124 | Wmax=1.000 | Amax=1.585 |LR=0.002 | t=8.96s
   165 | base=1.068349 | val=1.047935 | acc1=0.6808 | Wμ=0.991 | Aμ=1.124 | Wmax=1.000 | Amax=1.585 |LR=0.002 | t=8.96s
   166 | base=1.029652 | val=1.024253 | acc1=0.6854 | Wμ=0.992 | Aμ=1.124 | Wmax=1.000 | Amax=1.585 |LR=0.002 | t=8.94s
   167 | base=1.267381 | val=0.883865 | acc1=0.7116 | Wμ=0.991 | Aμ=1.124 | Wmax=1.000 | Amax=1.585 |LR=0.002 | t=8.92s
   168 | base=1.101172 | val=0.780989 | acc1=0.7582 | Wμ=0.991 | Aμ=1.124 | Wmax=1.000 | Amax=1.585 |LR=0.002 | t=8.94s
   169 | base=1.055641 | val=0.938025 | acc1=0.6987 | Wμ=0.991 | Aμ=1.124 | Wmax=1.000 | Amax=1.585 |LR=0.002 | t=8.93s
   170 | base=1.249805 | val=0.794046 | acc1=0.7293 | Wμ=0.991 | Aμ=1.123 | Wmax=1.000 | Amax=1.585 |LR=0.002 | t=8.93s
   171 | base=1.187432 | val=0.779224 | acc1=0.7363 | Wμ=0.991 | Aμ=1.121 | Wmax=1.000 | Amax=1.585 |LR=0.002 | t=8.90s
   172 | base=1.208755 | val=1.635163 | acc1=0.5248 | Wμ=0.991 | Aμ=1.119 | Wmax=1.000 | Amax=1.585 |LR=0.002 | t=8.96s
   173 | base=1.093632 | val=0.775409 | acc1=0.7397 | Wμ=0.991 | Aμ=1.117 | Wmax=1.000 | Amax=1.585 |LR=0.002 | t=8.94s
   174 | base=1.093352 | val=1.046083 | acc1=0.6679 | Wμ=0.991 | Aμ=1.114 | Wmax=1.000 | Amax=1.000 |LR=0.002 | t=9.00s
   175 | base=1.109797 | val=0.694634 | acc1=0.7700 | Wμ=0.991 | Aμ=1.110 | Wmax=1.000 | Amax=1.585 |LR=0.0018582 | t=8.93s
   176 | base=1.161833 | val=0.799079 | acc1=0.7274 | Wμ=0.991 | Aμ=1.102 | Wmax=1.000 | Amax=1.585 |LR=0.0018554 | t=8.95s
   177 | base=1.132181 | val=0.717111 | acc1=0.7649 | Wμ=0.991 | Aμ=1.096 | Wmax=1.000 | Amax=1.585 |LR=0.0018554 | t=8.92s
   178 | base=1.202576 | val=0.771569 | acc1=0.7561 | Wμ=0.990 | Aμ=1.090 | Wmax=1.000 | Amax=1.585 |LR=0.0018554 | t=8.95s
   179 | base=1.171724 | val=0.729051 | acc1=0.7607 | Wμ=0.991 | Aμ=1.084 | Wmax=1.000 | Amax=1.585 |LR=0.0018554 | t=8.94s
   180 | base=1.235983 | val=0.874903 | acc1=0.7256 | Wμ=0.991 | Aμ=1.080 | Wmax=1.000 | Amax=1.585 |LR=0.0018554 | t=8.97s
   181 | base=1.140304 | val=0.863407 | acc1=0.7269 | Wμ=0.991 | Aμ=1.075 | Wmax=1.000 | Amax=1.585 |LR=0.0018554 | t=8.95s
   182 | base=1.223678 | val=0.793808 | acc1=0.7372 | Wμ=0.991 | Aμ=1.069 | Wmax=1.000 | Amax=1.000 |LR=0.0018554 | t=8.98s
   183 | base=1.144111 | val=0.898358 | acc1=0.7224 | Wμ=0.991 | Aμ=1.061 | Wmax=1.000 | Amax=1.585 |LR=0.0017238 | t=8.90s
   184 | base=1.180563 | val=0.830538 | acc1=0.7281 | Wμ=0.991 | Aμ=1.052 | Wmax=1.000 | Amax=1.585 |LR=0.0017212 | t=8.92s
   185 | base=1.195269 | val=0.987680 | acc1=0.7116 | Wμ=0.991 | Aμ=1.051 | Wmax=1.000 | Amax=1.000 |LR=0.0017212 | t=8.97s
   186 | base=1.104845 | val=0.750471 | acc1=0.7682 | Wμ=0.992 | Aμ=1.050 | Wmax=1.000 | Amax=1.000 |LR=0.0015992 | t=8.96s
   187 | base=1.102447 | val=0.771984 | acc1=0.7554 | Wμ=0.992 | Aμ=1.048 | Wmax=1.000 | Amax=1.000 |LR=0.0014835 | t=8.92s
   188 | base=1.131972 | val=1.013832 | acc1=0.6934 | Wμ=0.991 | Aμ=1.045 | Wmax=1.000 | Amax=1.000 |LR=0.0013763 | t=8.93s
   189 | base=1.143017 | val=0.932160 | acc1=0.7215 | Wμ=0.991 | Aμ=1.038 | Wmax=1.000 | Amax=1.000 |LR=0.0012767 | t=8.95s
   190 | base=1.054054 | val=0.587290 | acc1=0.8075 | Wμ=0.991 | Aμ=1.028 | Wmax=1.000 | Amax=1.000 |LR=0.0011844 | t=8.88s
   191 | base=1.096143 | val=0.738698 | acc1=0.7498 | Wμ=0.991 | Aμ=1.017 | Wmax=1.000 | Amax=1.000 |LR=0.0010988 | t=8.93s
   192 | base=1.034659 | val=0.722937 | acc1=0.7681 | Wμ=0.992 | Aμ=1.007 | Wmax=1.000 | Amax=1.000 |LR=0.0010193 | t=8.92s
   193 | base=1.060491 | val=0.783468 | acc1=0.7568 | Wμ=0.992 | Aμ=0.998 | Wmax=1.000 | Amax=1.000 |LR=0.00094562 | t=8.90s
   194 | base=1.052380 | val=0.588505 | acc1=0.8053 | Wμ=0.992 | Aμ=0.998 | Wmax=1.000 | Amax=1.000 |LR=0.00087724 | t=8.90s
   195 | base=1.000522 | val=0.637787 | acc1=0.7892 | Wμ=0.992 | Aμ=0.998 | Wmax=1.000 | Amax=1.000 |LR=0.00081381 | t=8.91s
   196 | base=0.954487 | val=0.749502 | acc1=0.7529 | Wμ=0.992 | Aμ=0.998 | Wmax=1.000 | Amax=1.000 |LR=0.00075497 | t=8.92s
   197 | base=1.055221 | val=0.694982 | acc1=0.7726 | Wμ=0.992 | Aμ=0.998 | Wmax=1.000 | Amax=1.000 |LR=0.00070037 | t=8.95s
   198 | base=0.987611 | val=0.749336 | acc1=0.7630 | Wμ=0.992 | Aμ=0.999 | Wmax=1.000 | Amax=1.000 |LR=0.00064973 | t=8.98s
   199 | base=1.017913 | val=0.888246 | acc1=0.7294 | Wμ=0.993 | Aμ=0.998 | Wmax=1.000 | Amax=1.000 |LR=0.00060275 | t=8.91s
   200 | base=1.004041 | val=0.686048 | acc1=0.7847 | Wμ=0.993 | Aμ=0.998 | Wmax=1.000 | Amax=1.000 |LR=0.00055917 | t=8.94s
   201 | base=0.989488 | val=0.706523 | acc1=0.7776 | Wμ=0.993 | Aμ=0.998 | Wmax=1.000 | Amax=1.000 |LR=0.00051873 | t=8.92s
   202 | base=1.042022 | val=0.695372 | acc1=0.7844 | Wμ=0.993 | Aμ=0.998 | Wmax=1.000 | Amax=1.000 |LR=0.00048122 | t=8.92s
   203 | base=0.971710 | val=0.608827 | acc1=0.8001 | Wμ=0.993 | Aμ=0.998 | Wmax=1.000 | Amax=1.000 |LR=0.00044643 | t=8.90s
   204 | base=0.968972 | val=0.748279 | acc1=0.7608 | Wμ=0.993 | Aμ=0.998 | Wmax=1.000 | Amax=1.000 |LR=0.00041415 | t=8.92s
   205 | base=0.994551 | val=0.634926 | acc1=0.7954 | Wμ=0.993 | Aμ=0.999 | Wmax=1.000 | Amax=1.000 |LR=0.0003842 | t=8.92s
   206 | base=1.015483 | val=0.728881 | acc1=0.7716 | Wμ=0.993 | Aμ=0.998 | Wmax=1.000 | Amax=1.000 |LR=0.00035642 | t=8.93s
   207 | base=0.988856 | val=0.675362 | acc1=0.7868 | Wμ=0.994 | Aμ=0.999 | Wmax=1.000 | Amax=1.000 |LR=0.00033065 | t=8.95s
   208 | base=1.010644 | val=0.584981 | acc1=0.8084 | Wμ=0.993 | Aμ=0.999 | Wmax=1.000 | Amax=1.000 |LR=0.00030674 | t=8.97s
   209 | base=0.918772 | val=0.951415 | acc1=0.7009 | Wμ=0.994 | Aμ=0.999 | Wmax=1.000 | Amax=1.000 |LR=0.00028456 | t=8.97s
   210 | base=1.014218 | val=0.714696 | acc1=0.7698 | Wμ=0.994 | Aμ=0.999 | Wmax=1.000 | Amax=1.000 |LR=0.00026398 | t=8.95s
   211 | base=1.004321 | val=0.812291 | acc1=0.7427 | Wμ=0.994 | Aμ=0.998 | Wmax=1.000 | Amax=1.000 |LR=0.00024489 | t=8.95s
   212 | base=0.913323 | val=1.026328 | acc1=0.6839 | Wμ=0.994 | Aμ=0.999 | Wmax=1.000 | Amax=1.000 |LR=0.00022719 | t=8.94s
   213 | base=0.992553 | val=0.646966 | acc1=0.7881 | Wμ=0.994 | Aμ=0.999 | Wmax=1.000 | Amax=1.000 |LR=0.00021076 | t=8.92s
   214 | base=0.979876 | val=0.702569 | acc1=0.7759 | Wμ=0.994 | Aμ=0.999 | Wmax=1.000 | Amax=1.000 |LR=0.00019552 | t=8.94s
   215 | base=0.952011 | val=0.553943 | acc1=0.8177 | Wμ=0.994 | Aμ=0.999 | Wmax=1.000 | Amax=1.000 |LR=0.00018138 | t=8.94s
   216 | base=0.996502 | val=0.726752 | acc1=0.7689 | Wμ=0.994 | Aμ=0.999 | Wmax=1.000 | Amax=1.000 |LR=0.00016827 | t=8.93s
   217 | base=0.890109 | val=0.651275 | acc1=0.7852 | Wμ=0.994 | Aμ=0.999 | Wmax=1.000 | Amax=1.000 |LR=0.0001561 | t=8.90s
   218 | base=0.931762 | val=0.630594 | acc1=0.7950 | Wμ=0.994 | Aμ=0.999 | Wmax=1.000 | Amax=1.000 |LR=0.00014481 | t=8.91s
   219 | base=0.948527 | val=0.819148 | acc1=0.7383 | Wμ=0.995 | Aμ=0.999 | Wmax=1.000 | Amax=1.000 |LR=0.00013434 | t=8.89s
   220 | base=0.960028 | val=0.597210 | acc1=0.8053 | Wμ=0.995 | Aμ=0.999 | Wmax=1.000 | Amax=1.000 |LR=0.00012463 | t=8.90s
   221 | base=1.003802 | val=0.612958 | acc1=0.7989 | Wμ=0.995 | Aμ=0.999 | Wmax=1.000 | Amax=1.000 |LR=0.00011561 | t=8.91s
   222 | base=0.951417 | val=0.662602 | acc1=0.7847 | Wμ=0.995 | Aμ=0.999 | Wmax=1.000 | Amax=1.000 |LR=0.00010725 | t=8.88s
   223 | base=1.033275 | val=0.618033 | acc1=0.8056 | Wμ=0.995 | Aμ=0.999 | Wmax=1.000 | Amax=1.000 |LR=9.9499e-05 | t=8.92s
   224 | base=0.935754 | val=0.599792 | acc1=0.8052 | Wμ=0.995 | Aμ=0.999 | Wmax=1.000 | Amax=1.000 |LR=9.2305e-05 | t=8.88s
   225 | base=1.010141 | val=0.780866 | acc1=0.7553 | Wμ=0.995 | Aμ=0.999 | Wmax=1.000 | Amax=1.000 |LR=8.563e-05 | t=8.92s
   226 | base=0.979810 | val=0.742531 | acc1=0.7622 | Wμ=0.995 | Aμ=0.999 | Wmax=1.000 | Amax=1.000 |LR=7.9438e-05 | t=8.89s
   227 | base=0.960729 | val=0.589598 | acc1=0.8090 | Wμ=0.995 | Aμ=0.999 | Wmax=1.000 | Amax=1.000 |LR=7.3694e-05 | t=8.88s
   228 | base=0.880964 | val=0.623350 | acc1=0.7947 | Wμ=0.995 | Aμ=0.999 | Wmax=1.000 | Amax=1.000 |LR=6.8366e-05 | t=8.91s
   229 | base=0.936053 | val=0.539319 | acc1=0.8190 | Wμ=0.995 | Aμ=0.999 | Wmax=1.000 | Amax=1.000 |LR=6.3422e-05 | t=8.94s
