     0 | base=nan | val=nan | acc1=0.9282 | Wμ=nan | Aμ=nan | Wmax=nan | Amax=nan |LR=nan | t=nans
     0 | base=nan | val=0.236706 | acc1=0.9282 | Wμ=11.186 | Aμ=20.000 | Wmax=12.916 | Amax=13.744 |LR=nan | t=nans
     0 | base=nan | val=0.236786 | acc1=0.9280 | Wμ=9.786 | Aμ=20.000 | Wmax=10.000 | Amax=13.743 |LR=nan | t=nans
     0 | base=nan | val=0.236885 | acc1=0.9282 | Wμ=9.786 | Aμ=10.000 | Wmax=10.000 | Amax=9.994 |LR=nan | t=nans
# epoch | BaseLoss | ValLoss | Acc@1 | MeanWBits | MeanABits | MaxWBits | MaxABits | LR | EpochTime(s)
     0 | base=nan | val=0.213740 | acc1=0.9350 | Wμ=9.786 | Aμ=10.000 | Wmax=10.000 | Amax=10.000 |LR=nan | t=nans
     0 | base=0.003495 | val=0.237268 | acc1=0.9272 | Wμ=9.786 | Aμ=10.001 | Wmax=10.006 | Amax=9.993 |LR=0.00098 | t=10.36s
     1 | base=0.004173 | val=0.238682 | acc1=0.9267 | Wμ=9.786 | Aμ=10.005 | Wmax=10.018 | Amax=9.995 |LR=0.00198 | t=9.24s
     2 | base=0.015535 | val=0.242813 | acc1=0.9249 | Wμ=9.788 | Aμ=10.013 | Wmax=10.051 | Amax=10.000 |LR=0.00298 | t=9.23s
     3 | base=0.040837 | val=0.258192 | acc1=0.9192 | Wμ=9.796 | Aμ=10.025 | Wmax=10.091 | Amax=10.018 |LR=0.00398 | t=9.25s
     4 | base=0.104816 | val=0.282611 | acc1=0.9123 | Wμ=9.821 | Aμ=10.047 | Wmax=10.255 | Amax=10.044 |LR=0.00498 | t=9.23s
     5 | base=0.133765 | val=0.324988 | acc1=0.9009 | Wμ=9.853 | Aμ=10.066 | Wmax=10.398 | Amax=10.060 |LR=0.00598 | t=9.24s
     6 | base=0.150185 | val=0.360511 | acc1=0.8859 | Wμ=9.890 | Aμ=10.080 | Wmax=10.379 | Amax=10.127 |LR=0.00698 | t=9.24s
     7 | base=0.191237 | val=0.351275 | acc1=0.8941 | Wμ=9.933 | Aμ=10.096 | Wmax=10.543 | Amax=10.113 |LR=0.00798 | t=9.27s
     8 | base=0.177650 | val=0.326515 | acc1=0.8940 | Wμ=9.979 | Aμ=10.111 | Wmax=10.677 | Amax=10.123 |LR=0.00898 | t=9.26s
     9 | base=0.232384 | val=0.419307 | acc1=0.8743 | Wμ=10.037 | Aμ=10.091 | Wmax=10.854 | Amax=10.162 |LR=0.00998 | t=9.29s
    10 | base=0.242183 | val=0.394711 | acc1=0.8745 | Wμ=10.096 | Aμ=10.116 | Wmax=10.890 | Amax=10.225 |LR=0.01098 | t=9.28s
    11 | base=0.341347 | val=0.362095 | acc1=0.8910 | Wμ=10.162 | Aμ=10.127 | Wmax=11.212 | Amax=10.271 |LR=0.01198 | t=9.25s
    12 | base=0.291060 | val=0.430597 | acc1=0.8730 | Wμ=10.226 | Aμ=10.173 | Wmax=11.240 | Amax=10.303 |LR=0.01298 | t=9.27s
    13 | base=0.285087 | val=0.480424 | acc1=0.8539 | Wμ=10.289 | Aμ=10.221 | Wmax=11.331 | Amax=10.357 |LR=0.01398 | t=9.26s
    14 | base=0.296915 | val=0.451451 | acc1=0.8581 | Wμ=10.362 | Aμ=10.235 | Wmax=11.540 | Amax=10.433 |LR=0.01498 | t=9.26s
    15 | base=0.293024 | val=0.426681 | acc1=0.8666 | Wμ=10.432 | Aμ=10.244 | Wmax=11.612 | Amax=10.516 |LR=0.01598 | t=9.26s
    16 | base=0.262869 | val=0.453674 | acc1=0.8619 | Wμ=10.499 | Aμ=10.251 | Wmax=11.753 | Amax=10.566 |LR=0.01698 | t=9.27s
    17 | base=0.276366 | val=0.392497 | acc1=0.8781 | Wμ=10.565 | Aμ=10.290 | Wmax=11.822 | Amax=10.692 |LR=0.01798 | t=9.29s
    18 | base=0.334041 | val=0.484175 | acc1=0.8613 | Wμ=10.628 | Aμ=10.336 | Wmax=12.090 | Amax=10.744 |LR=0.01898 | t=9.27s
    19 | base=0.266709 | val=0.386324 | acc1=0.8769 | Wμ=10.690 | Aμ=10.384 | Wmax=12.342 | Amax=10.792 |LR=0.01998 | t=9.28s
    20 | base=0.301347 | val=0.419137 | acc1=0.8702 | Wμ=7.547 | Aμ=7.923 | Wmax=9.197 | Amax=9.522 |LR=0.02 | t=9.25s
    21 | base=0.329329 | val=0.465623 | acc1=0.8604 | Wμ=4.320 | Aμ=5.401 | Wmax=5.807 | Amax=6.600 |LR=0.02 | t=9.23s
    22 | base=0.629082 | val=1.301601 | acc1=0.6231 | Wμ=2.186 | Aμ=4.788 | Wmax=3.807 | Amax=5.728 |LR=0.02 | t=9.25s
    23 | base=1.010429 | val=1.935523 | acc1=0.4846 | Wμ=1.439 | Aμ=4.458 | Wmax=3.000 | Amax=5.524 |LR=0.02 | t=9.24s
    24 | base=0.981211 | val=2.877536 | acc1=0.5355 | Wμ=1.227 | Aμ=3.711 | Wmax=2.807 | Amax=4.755 |LR=0.02 | t=9.27s
    25 | base=1.029788 | val=1.548151 | acc1=0.5093 | Wμ=1.096 | Aμ=2.651 | Wmax=2.322 | Amax=3.700 |LR=0.02 | t=9.27s
    26 | base=1.016365 | val=1.110504 | acc1=0.6592 | Wμ=1.038 | Aμ=2.044 | Wmax=2.322 | Amax=2.585 |LR=0.02 | t=9.27s
    27 | base=1.071123 | val=1.786094 | acc1=0.5103 | Wμ=1.013 | Aμ=1.809 | Wmax=2.000 | Amax=2.322 |LR=0.02 | t=9.26s
    28 | base=1.339294 | val=2.323235 | acc1=0.4424 | Wμ=1.002 | Aμ=1.567 | Wmax=2.000 | Amax=2.000 |LR=0.02 | t=9.26s
    29 | base=1.391960 | val=1.243912 | acc1=0.6214 | Wμ=0.997 | Aμ=1.386 | Wmax=1.585 | Amax=2.000 |LR=0.02 | t=9.27s
    30 | base=1.371821 | val=1.634487 | acc1=0.4963 | Wμ=0.989 | Aμ=1.240 | Wmax=1.585 | Amax=1.585 |LR=0.02 | t=9.30s
    31 | base=1.364640 | val=1.791358 | acc1=0.4874 | Wμ=0.982 | Aμ=1.178 | Wmax=1.585 | Amax=1.585 |LR=0.02 | t=9.31s
    32 | base=1.445376 | val=1.261033 | acc1=0.6345 | Wμ=0.978 | Aμ=1.163 | Wmax=1.585 | Amax=1.585 |LR=0.02 | t=9.26s
    33 | base=1.507272 | val=4.425858 | acc1=0.3190 | Wμ=0.975 | Aμ=1.096 | Wmax=1.585 | Amax=1.585 |LR=0.02 | t=9.29s
    34 | base=1.584526 | val=1.126649 | acc1=0.6580 | Wμ=0.975 | Aμ=1.045 | Wmax=1.000 | Amax=1.000 |LR=0.02 | t=9.31s
    35 | base=1.553542 | val=1.200408 | acc1=0.6376 | Wμ=0.973 | Aμ=0.991 | Wmax=1.000 | Amax=1.000 |LR=0.018582 | t=9.36s
    36 | base=1.342966 | val=0.849664 | acc1=0.7288 | Wμ=0.971 | Aμ=0.977 | Wmax=1.000 | Amax=1.000 |LR=0.017238 | t=9.30s
    37 | base=1.350511 | val=0.811581 | acc1=0.7424 | Wμ=0.970 | Aμ=0.972 | Wmax=1.000 | Amax=1.000 |LR=0.015992 | t=9.34s
    38 | base=1.260493 | val=1.030114 | acc1=0.6752 | Wμ=0.968 | Aμ=0.983 | Wmax=1.000 | Amax=1.000 |LR=0.014835 | t=9.35s
    39 | base=1.406127 | val=1.018566 | acc1=0.6745 | Wμ=0.967 | Aμ=0.973 | Wmax=1.000 | Amax=1.000 |LR=0.013763 | t=9.44s
    40 | base=1.423663 | val=0.951195 | acc1=0.7006 | Wμ=0.967 | Aμ=0.965 | Wmax=1.000 | Amax=1.000 |LR=0.012767 | t=9.41s
    41 | base=1.290156 | val=0.813336 | acc1=0.7368 | Wμ=0.968 | Aμ=0.970 | Wmax=1.000 | Amax=1.000 |LR=0.011844 | t=9.39s
    42 | base=1.253003 | val=1.626397 | acc1=0.5870 | Wμ=0.969 | Aμ=0.971 | Wmax=1.000 | Amax=1.000 |LR=0.010988 | t=9.41s
    43 | base=1.169783 | val=0.936740 | acc1=0.6895 | Wμ=0.969 | Aμ=0.968 | Wmax=1.000 | Amax=1.000 |LR=0.010193 | t=9.45s
    44 | base=1.291526 | val=1.451451 | acc1=0.6344 | Wμ=0.969 | Aμ=0.970 | Wmax=1.000 | Amax=1.000 |LR=0.0094562 | t=9.38s
    45 | base=1.242629 | val=0.887436 | acc1=0.7139 | Wμ=0.968 | Aμ=0.976 | Wmax=1.000 | Amax=1.000 |LR=0.0087724 | t=9.33s
    46 | base=1.266665 | val=0.886248 | acc1=0.7128 | Wμ=0.969 | Aμ=0.966 | Wmax=1.000 | Amax=1.000 |LR=0.0081381 | t=9.29s
    47 | base=1.281044 | val=1.027324 | acc1=0.6788 | Wμ=0.968 | Aμ=0.965 | Wmax=1.000 | Amax=1.000 |LR=0.0075497 | t=9.33s
    48 | base=1.194470 | val=0.810328 | acc1=0.7318 | Wμ=0.969 | Aμ=0.976 | Wmax=1.000 | Amax=1.000 |LR=0.0070037 | t=9.36s
    49 | base=1.174131 | val=0.743163 | acc1=0.7588 | Wμ=0.969 | Aμ=0.953 | Wmax=1.000 | Amax=1.000 |LR=0.0064973 | t=9.32s
