     0 | base=nan | val=0.236715 | acc1=nan | Wμ=nan | Aμ=nan | Wmax=nan | Amax=nan |LR=nan | t=nans
     0 | base=nan | val=0.236732 | acc1=0.9282 | Wμ=11.186 | Aμ=20.000 | Wmax=12.916 | Amax=13.744 |LR=nan | t=nans
     0 | base=nan | val=0.236786 | acc1=0.9281 | Wμ=9.786 | Aμ=20.000 | Wmax=10.000 | Amax=13.743 |LR=nan | t=nans
     0 | base=nan | val=0.236878 | acc1=0.9281 | Wμ=9.786 | Aμ=10.000 | Wmax=10.000 | Amax=9.994 |LR=nan | t=nans
# epoch | BaseLoss | ValLoss | Acc@1 | MeanWBits | MeanABits | MaxWBits | MaxABits | LR | GradNorm | WSat | ASat | NoiseMean | NoiseVar | NoiseCorr | Temp | EpochTime(s)
     0 | base=nan | val=0.213726 | acc1=0.9335 | Wμ=9.786 | Aμ=10.000 | Wmax=10.000 | Amax=10.000 |LR=nan | t=nans
     0 | base=0.003186 | val=0.236846 | acc1=0.9274 | Wμ=9.786 | Aμ=10.001 | Wmax=10.004 | Amax=9.992 |LR=0.00098 | t=9.87s
     1 | base=0.005221 | val=0.240153 | acc1=0.9252 | Wμ=9.786 | Aμ=10.005 | Wmax=10.015 | Amax=9.994 |LR=0.00198 | t=8.90s
     2 | base=0.013512 | val=0.245339 | acc1=0.9254 | Wμ=9.788 | Aμ=10.013 | Wmax=10.038 | Amax=10.003 |LR=0.00298 | t=8.98s
     3 | base=0.042294 | val=0.267236 | acc1=0.9165 | Wμ=9.793 | Aμ=10.025 | Wmax=10.089 | Amax=10.019 |LR=0.00398 | t=8.95s
     4 | base=0.080956 | val=0.282723 | acc1=0.9107 | Wμ=9.814 | Aμ=10.030 | Wmax=10.177 | Amax=10.035 |LR=0.00498 | t=9.18s
     5 | base=0.142385 | val=0.311853 | acc1=0.9006 | Wμ=9.842 | Aμ=10.048 | Wmax=10.324 | Amax=10.081 |LR=0.00598 | t=8.97s
     6 | base=0.139503 | val=0.315201 | acc1=0.9008 | Wμ=9.880 | Aμ=10.073 | Wmax=10.461 | Amax=10.098 |LR=0.00698 | t=8.98s
     7 | base=0.242166 | val=0.386263 | acc1=0.8827 | Wμ=9.922 | Aμ=10.066 | Wmax=10.647 | Amax=10.105 |LR=0.00798 | t=8.93s
     8 | base=0.234360 | val=0.385569 | acc1=0.8824 | Wμ=9.972 | Aμ=10.066 | Wmax=10.726 | Amax=10.130 |LR=0.00898 | t=8.94s
     9 | base=0.235608 | val=0.361946 | acc1=0.8859 | Wμ=10.035 | Aμ=10.068 | Wmax=10.859 | Amax=10.169 |LR=0.00998 | t=9.00s
    10 | base=0.257635 | val=0.445876 | acc1=0.8644 | Wμ=10.092 | Aμ=10.081 | Wmax=10.988 | Amax=10.260 |LR=0.01098 | t=8.98s
    11 | base=0.280656 | val=0.482200 | acc1=0.8566 | Wμ=10.151 | Aμ=10.076 | Wmax=11.015 | Amax=10.271 |LR=0.01198 | t=8.98s
    12 | base=0.234903 | val=0.469089 | acc1=0.8595 | Wμ=10.220 | Aμ=10.073 | Wmax=11.174 | Amax=10.380 |LR=0.01298 | t=9.00s
    13 | base=0.253096 | val=0.468546 | acc1=0.8532 | Wμ=10.290 | Aμ=10.128 | Wmax=11.296 | Amax=10.466 |LR=0.01398 | t=8.96s
    14 | base=0.250943 | val=0.360768 | acc1=0.8853 | Wμ=10.394 | Aμ=10.194 | Wmax=11.921 | Amax=10.539 |LR=0.01498 | t=9.01s
    15 | base=0.292744 | val=0.372828 | acc1=0.8885 | Wμ=10.468 | Aμ=10.219 | Wmax=12.794 | Amax=10.547 |LR=0.01598 | t=8.98s
    16 | base=0.281993 | val=0.483508 | acc1=0.8525 | Wμ=10.542 | Aμ=10.273 | Wmax=12.820 | Amax=10.635 |LR=0.01698 | t=8.95s
    17 | base=0.271036 | val=0.359503 | acc1=0.8851 | Wμ=10.609 | Aμ=10.291 | Wmax=12.817 | Amax=10.733 |LR=0.01798 | t=8.97s
    18 | base=0.307813 | val=0.371723 | acc1=0.8808 | Wμ=10.671 | Aμ=10.320 | Wmax=12.837 | Amax=10.676 |LR=0.01898 | t=8.95s
    19 | base=0.266640 | val=0.394188 | acc1=0.8769 | Wμ=10.734 | Aμ=10.368 | Wmax=12.837 | Amax=10.701 |LR=0.01998 | t=8.94s
    20 | base=0.296861 | val=0.415865 | acc1=0.8705 | Wμ=7.597 | Aμ=7.637 | Wmax=9.278 | Amax=9.733 |LR=0.02 | t=8.96s
    21 | base=0.270666 | val=0.501240 | acc1=0.8496 | Wμ=4.332 | Aμ=4.934 | Wmax=5.931 | Amax=6.600 |LR=0.02 | t=8.93s
    22 | base=0.670955 | val=0.830019 | acc1=0.7357 | Wμ=2.174 | Aμ=4.241 | Wmax=3.459 | Amax=6.044 |LR=0.02 | t=8.96s
    23 | base=0.918798 | val=1.551662 | acc1=0.5971 | Wμ=1.447 | Aμ=4.068 | Wmax=3.170 | Amax=5.285 |LR=0.02 | t=8.94s
    24 | base=1.138408 | val=2.866074 | acc1=0.3082 | Wμ=1.226 | Aμ=3.345 | Wmax=3.000 | Amax=4.248 |LR=0.02 | t=8.95s
    25 | base=0.955192 | val=2.377153 | acc1=0.5217 | Wμ=1.108 | Aμ=2.725 | Wmax=2.807 | Amax=3.585 |LR=0.02 | t=8.99s
    26 | base=1.103430 | val=1.644987 | acc1=0.5888 | Wμ=1.042 | Aμ=2.198 | Wmax=2.322 | Amax=2.807 |LR=0.02 | t=8.96s
    27 | base=1.112254 | val=1.740196 | acc1=0.5915 | Wμ=1.015 | Aμ=1.812 | Wmax=2.000 | Amax=2.322 |LR=0.02 | t=8.95s
    28 | base=1.289409 | val=1.459858 | acc1=0.5506 | Wμ=1.005 | Aμ=1.610 | Wmax=2.000 | Amax=2.000 |LR=0.02 | t=8.95s
    29 | base=1.404105 | val=1.283044 | acc1=0.6124 | Wμ=0.997 | Aμ=1.417 | Wmax=2.000 | Amax=2.000 |LR=0.02 | t=8.96s
    30 | base=1.351800 | val=1.158663 | acc1=0.6357 | Wμ=0.991 | Aμ=1.289 | Wmax=2.000 | Amax=1.585 |LR=0.02 | t=9.00s
    31 | base=1.422384 | val=1.428571 | acc1=0.5934 | Wμ=0.983 | Aμ=1.184 | Wmax=1.585 | Amax=1.585 |LR=0.02 | t=8.95s
    32 | base=1.592174 | val=1.468096 | acc1=0.5454 | Wμ=0.976 | Aμ=1.143 | Wmax=1.585 | Amax=1.585 |LR=0.02 | t=8.97s
    33 | base=1.669824 | val=1.913758 | acc1=0.5089 | Wμ=0.973 | Aμ=1.107 | Wmax=1.000 | Amax=1.585 |LR=0.02 | t=9.01s
    34 | base=1.450580 | val=0.948885 | acc1=0.6888 | Wμ=0.969 | Aμ=1.059 | Wmax=1.000 | Amax=1.000 |LR=0.02 | t=8.98s
    35 | base=1.596051 | val=1.030212 | acc1=0.6672 | Wμ=0.967 | Aμ=0.977 | Wmax=1.000 | Amax=1.000 |LR=0.018582 | t=8.99s
    36 | base=1.371045 | val=0.965844 | acc1=0.6973 | Wμ=0.967 | Aμ=0.971 | Wmax=1.000 | Amax=1.000 |LR=0.017238 | t=8.98s
    37 | base=1.378336 | val=0.964241 | acc1=0.6936 | Wμ=0.965 | Aμ=0.985 | Wmax=1.000 | Amax=1.000 |LR=0.015992 | t=8.97s
    38 | base=1.321244 | val=0.889622 | acc1=0.7241 | Wμ=0.967 | Aμ=0.978 | Wmax=1.000 | Amax=1.000 |LR=0.014835 | t=8.98s
    39 | base=1.385856 | val=1.806341 | acc1=0.5387 | Wμ=0.964 | Aμ=0.981 | Wmax=1.000 | Amax=1.000 |LR=0.013763 | t=8.97s
    40 | base=1.232876 | val=0.982533 | acc1=0.6903 | Wμ=0.965 | Aμ=0.975 | Wmax=1.000 | Amax=1.000 |LR=0.012767 | t=8.96s
    41 | base=1.258419 | val=1.203920 | acc1=0.6444 | Wμ=0.966 | Aμ=0.953 | Wmax=1.000 | Amax=1.000 |LR=0.011844 | t=8.96s
    42 | base=1.270162 | val=0.828674 | acc1=0.7351 | Wμ=0.965 | Aμ=0.960 | Wmax=1.000 | Amax=1.000 |LR=0.010988 | t=8.97s
    43 | base=1.228236 | val=0.714766 | acc1=0.7702 | Wμ=0.963 | Aμ=0.963 | Wmax=1.000 | Amax=1.000 |LR=0.010193 | t=8.97s
    44 | base=1.333187 | val=0.929481 | acc1=0.6862 | Wμ=0.965 | Aμ=0.969 | Wmax=1.000 | Amax=1.000 |LR=0.0094562 | t=8.98s
    45 | base=1.334017 | val=0.906081 | acc1=0.7040 | Wμ=0.966 | Aμ=0.959 | Wmax=1.000 | Amax=1.000 |LR=0.0087724 | t=9.01s
    46 | base=1.276470 | val=0.920828 | acc1=0.6905 | Wμ=0.965 | Aμ=0.976 | Wmax=1.000 | Amax=1.000 |LR=0.0081381 | t=8.96s
    47 | base=1.173163 | val=1.180392 | acc1=0.6443 | Wμ=0.966 | Aμ=0.984 | Wmax=1.000 | Amax=1.000 |LR=0.0075497 | t=9.03s
    48 | base=1.178610 | val=1.018438 | acc1=0.6948 | Wμ=0.966 | Aμ=0.967 | Wmax=1.000 | Amax=1.000 |LR=0.0070037 | t=8.96s
    49 | base=1.209704 | val=1.102237 | acc1=0.6710 | Wμ=0.966 | Aμ=0.959 | Wmax=1.000 | Amax=1.000 |LR=0.0064973 | t=8.96s
