     0 | base=nan | val=nan | acc1=0.9282 | Wμ=nan | Aμ=nan | Wmax=nan | Amax=nan |LR=nan | t=nans
     0 | base=nan | val=0.236706 | acc1=0.9282 | Wμ=11.186 | Aμ=20.000 | Wmax=12.916 | Amax=13.744 |LR=nan | t=nans
     0 | base=nan | val=0.236786 | acc1=0.9280 | Wμ=9.786 | Aμ=20.000 | Wmax=10.000 | Amax=13.743 |LR=nan | t=nans
     0 | base=nan | val=0.236885 | acc1=0.9282 | Wμ=9.786 | Aμ=10.000 | Wmax=10.000 | Amax=9.994 |LR=nan | t=nans
# epoch | BaseLoss | ValLoss | Acc@1 | MeanWBits | MeanABits | MaxWBits | MaxABits | LR | EpochTime(s)
     0 | base=nan | val=0.213740 | acc1=0.9350 | Wμ=9.786 | Aμ=10.000 | Wmax=10.000 | Amax=10.000 |LR=nan | t=nans
     0 | base=0.002825 | val=0.236961 | acc1=0.9279 | Wμ=9.786 | Aμ=10.000 | Wmax=10.003 | Amax=9.994 |LR=0.00049 | t=10.42s
     1 | base=0.003020 | val=0.238415 | acc1=0.9271 | Wμ=9.786 | Aμ=10.003 | Wmax=10.007 | Amax=9.996 |LR=0.00099 | t=9.33s
     2 | base=0.004078 | val=0.239293 | acc1=0.9254 | Wμ=9.786 | Aμ=10.007 | Wmax=10.021 | Amax=9.999 |LR=0.00149 | t=9.32s
     3 | base=0.008847 | val=0.244383 | acc1=0.9242 | Wμ=9.788 | Aμ=10.014 | Wmax=10.055 | Amax=10.001 |LR=0.00199 | t=9.32s
     4 | base=0.023187 | val=0.248024 | acc1=0.9245 | Wμ=9.793 | Aμ=10.024 | Wmax=10.074 | Amax=10.010 |LR=0.00249 | t=9.32s
     5 | base=0.040481 | val=0.264583 | acc1=0.9173 | Wμ=9.803 | Aμ=10.037 | Wmax=10.125 | Amax=10.016 |LR=0.00299 | t=9.26s
     6 | base=0.057678 | val=0.307703 | acc1=0.9023 | Wμ=9.813 | Aμ=10.049 | Wmax=10.191 | Amax=10.047 |LR=0.00349 | t=9.31s
     7 | base=0.091821 | val=0.288314 | acc1=0.9083 | Wμ=9.833 | Aμ=10.061 | Wmax=10.259 | Amax=10.072 |LR=0.00399 | t=9.33s
     8 | base=0.094923 | val=0.294697 | acc1=0.9095 | Wμ=9.856 | Aμ=10.073 | Wmax=10.349 | Amax=10.091 |LR=0.00449 | t=9.35s
     9 | base=0.116003 | val=0.321535 | acc1=0.9008 | Wμ=9.881 | Aμ=10.087 | Wmax=10.398 | Amax=10.103 |LR=0.00499 | t=9.32s
    10 | base=0.121928 | val=0.331263 | acc1=0.8961 | Wμ=9.909 | Aμ=10.082 | Wmax=10.461 | Amax=10.137 |LR=0.00549 | t=9.34s
    11 | base=0.138461 | val=0.320634 | acc1=0.8998 | Wμ=9.939 | Aμ=10.089 | Wmax=10.532 | Amax=10.191 |LR=0.00599 | t=9.29s
    12 | base=0.163085 | val=0.318041 | acc1=0.9028 | Wμ=9.978 | Aμ=10.092 | Wmax=10.619 | Amax=10.224 |LR=0.00649 | t=9.34s
    13 | base=0.197908 | val=0.371470 | acc1=0.8808 | Wμ=10.021 | Aμ=10.082 | Wmax=10.841 | Amax=10.240 |LR=0.00699 | t=9.36s
    14 | base=0.215222 | val=0.394960 | acc1=0.8780 | Wμ=10.066 | Aμ=10.090 | Wmax=10.871 | Amax=10.243 |LR=0.00749 | t=9.38s
    15 | base=0.245106 | val=0.362248 | acc1=0.8898 | Wμ=10.114 | Aμ=10.107 | Wmax=10.881 | Amax=10.237 |LR=0.00799 | t=9.32s
    16 | base=0.212988 | val=0.346930 | acc1=0.8911 | Wμ=10.184 | Aμ=10.110 | Wmax=11.083 | Amax=10.259 |LR=0.00849 | t=9.37s
    17 | base=0.190733 | val=0.361187 | acc1=0.8847 | Wμ=10.230 | Aμ=10.130 | Wmax=11.132 | Amax=10.341 |LR=0.00899 | t=9.37s
    18 | base=0.193069 | val=0.357473 | acc1=0.8884 | Wμ=10.277 | Aμ=10.130 | Wmax=11.214 | Amax=10.360 |LR=0.00949 | t=9.33s
    19 | base=0.180641 | val=0.334716 | acc1=0.8931 | Wμ=10.328 | Aμ=10.144 | Wmax=11.350 | Amax=10.347 |LR=0.00999 | t=9.31s
    20 | base=0.219982 | val=0.363186 | acc1=0.8845 | Wμ=8.997 | Aμ=9.208 | Wmax=9.943 | Amax=10.095 |LR=0.01 | t=9.35s
    21 | base=0.201570 | val=0.302284 | acc1=0.9023 | Wμ=7.319 | Aμ=7.952 | Wmax=8.006 | Amax=9.377 |LR=0.01 | t=9.36s
    22 | base=0.234924 | val=0.471104 | acc1=0.8555 | Wμ=5.895 | Aμ=6.837 | Wmax=6.714 | Amax=8.109 |LR=0.01 | t=9.32s
    23 | base=0.195401 | val=0.364705 | acc1=0.8907 | Wμ=4.627 | Aμ=5.868 | Wmax=5.555 | Amax=7.022 |LR=0.01 | t=9.31s
    24 | base=0.271147 | val=0.560728 | acc1=0.8285 | Wμ=3.536 | Aμ=5.322 | Wmax=4.644 | Amax=6.190 |LR=0.01 | t=9.34s
    25 | base=0.425960 | val=0.590406 | acc1=0.8277 | Wμ=2.680 | Aμ=4.967 | Wmax=4.170 | Amax=5.954 |LR=0.01 | t=9.34s
    26 | base=0.573078 | val=0.765227 | acc1=0.7639 | Wμ=2.077 | Aμ=4.818 | Wmax=3.700 | Amax=5.977 |LR=0.01 | t=9.30s
    27 | base=0.651687 | val=1.224570 | acc1=0.6891 | Wμ=1.684 | Aμ=4.679 | Wmax=3.322 | Amax=5.555 |LR=0.01 | t=9.34s
    28 | base=0.812824 | val=1.221201 | acc1=0.6742 | Wμ=1.445 | Aμ=4.352 | Wmax=3.000 | Amax=5.285 |LR=0.01 | t=9.32s
    29 | base=0.846571 | val=1.364172 | acc1=0.5589 | Wμ=1.293 | Aμ=3.849 | Wmax=2.807 | Amax=4.954 |LR=0.01 | t=9.31s
    30 | base=0.795818 | val=1.744211 | acc1=0.5927 | Wμ=1.194 | Aμ=3.447 | Wmax=2.585 | Amax=4.248 |LR=0.01 | t=9.30s
    31 | base=0.825653 | val=1.074613 | acc1=0.6999 | Wμ=1.134 | Aμ=3.042 | Wmax=2.322 | Amax=4.000 |LR=0.01 | t=9.32s
    32 | base=0.849106 | val=0.661839 | acc1=0.7861 | Wμ=1.087 | Aμ=2.634 | Wmax=2.322 | Amax=3.170 |LR=0.01 | t=9.30s
    33 | base=0.872256 | val=1.058833 | acc1=0.7047 | Wμ=1.050 | Aμ=2.287 | Wmax=2.000 | Amax=3.000 |LR=0.01 | t=9.32s
    34 | base=0.959022 | val=1.089610 | acc1=0.6738 | Wμ=1.032 | Aμ=2.137 | Wmax=2.000 | Amax=2.585 |LR=0.01 | t=9.34s
    35 | base=0.973244 | val=1.309759 | acc1=0.6415 | Wμ=1.023 | Aμ=1.908 | Wmax=2.000 | Amax=2.322 |LR=0.01 | t=9.32s
    36 | base=1.006500 | val=1.227253 | acc1=0.6245 | Wμ=1.016 | Aμ=1.774 | Wmax=2.000 | Amax=2.322 |LR=0.01 | t=9.36s
    37 | base=1.073217 | val=1.500423 | acc1=0.5833 | Wμ=1.011 | Aμ=1.675 | Wmax=2.000 | Amax=2.322 |LR=0.01 | t=9.37s
    38 | base=1.130731 | val=1.871871 | acc1=0.5371 | Wμ=1.006 | Aμ=1.545 | Wmax=2.000 | Amax=2.000 |LR=0.01 | t=9.36s
    39 | base=1.210928 | val=1.193543 | acc1=0.6762 | Wμ=1.002 | Aμ=1.436 | Wmax=1.585 | Amax=2.000 |LR=0.01 | t=9.36s
    40 | base=1.380698 | val=0.921518 | acc1=0.7066 | Wμ=0.999 | Aμ=1.367 | Wmax=1.585 | Amax=2.000 |LR=0.01 | t=9.37s
    41 | base=1.265181 | val=1.531623 | acc1=0.5454 | Wμ=0.994 | Aμ=1.299 | Wmax=1.585 | Amax=1.585 |LR=0.01 | t=9.35s
    42 | base=1.365978 | val=1.343039 | acc1=0.6118 | Wμ=0.991 | Aμ=1.247 | Wmax=1.585 | Amax=1.585 |LR=0.01 | t=9.36s
    43 | base=1.428030 | val=2.151771 | acc1=0.4562 | Wμ=0.989 | Aμ=1.176 | Wmax=1.585 | Amax=1.585 |LR=0.01 | t=9.33s
    44 | base=1.400491 | val=2.091709 | acc1=0.5010 | Wμ=0.987 | Aμ=1.157 | Wmax=1.585 | Amax=1.585 |LR=0.01 | t=9.36s
    45 | base=1.386739 | val=1.104933 | acc1=0.6848 | Wμ=0.985 | Aμ=1.147 | Wmax=1.000 | Amax=1.585 |LR=0.01 | t=9.38s
    46 | base=1.451584 | val=2.049266 | acc1=0.4951 | Wμ=0.984 | Aμ=1.123 | Wmax=1.000 | Amax=1.585 |LR=0.01 | t=9.41s
    47 | base=1.298346 | val=1.664766 | acc1=0.5630 | Wμ=0.983 | Aμ=1.082 | Wmax=1.000 | Amax=1.585 |LR=0.01 | t=9.35s
    48 | base=1.335909 | val=1.050727 | acc1=0.6762 | Wμ=0.982 | Aμ=1.050 | Wmax=1.000 | Amax=1.000 |LR=0.01 | t=9.32s
    49 | base=1.196593 | val=1.267350 | acc1=0.6285 | Wμ=0.981 | Aμ=1.045 | Wmax=1.000 | Amax=1.000 |LR=0.0092908 | t=9.36s
    50 | base=1.315111 | val=0.939428 | acc1=0.7004 | Wμ=0.981 | Aμ=1.018 | Wmax=1.000 | Amax=1.000 |LR=0.008619 | t=9.39s
    51 | base=1.336217 | val=0.936964 | acc1=0.6964 | Wμ=0.980 | Aμ=0.996 | Wmax=1.000 | Amax=1.000 |LR=0.0079958 | t=9.36s
    52 | base=1.235870 | val=1.040934 | acc1=0.6653 | Wμ=0.981 | Aμ=0.989 | Wmax=1.000 | Amax=1.000 |LR=0.0074176 | t=9.52s
    53 | base=1.252437 | val=0.858995 | acc1=0.7210 | Wμ=0.980 | Aμ=0.992 | Wmax=1.000 | Amax=1.000 |LR=0.0068813 | t=9.42s
    54 | base=1.221837 | val=1.285358 | acc1=0.6072 | Wμ=0.981 | Aμ=0.991 | Wmax=1.000 | Amax=1.000 |LR=0.0063837 | t=9.39s
    55 | base=1.259389 | val=1.458132 | acc1=0.5896 | Wμ=0.981 | Aμ=0.984 | Wmax=1.000 | Amax=1.000 |LR=0.0059221 | t=9.34s
    56 | base=1.212449 | val=0.966699 | acc1=0.7009 | Wμ=0.981 | Aμ=0.993 | Wmax=1.000 | Amax=1.000 |LR=0.0054939 | t=9.32s
    57 | base=1.245268 | val=0.748905 | acc1=0.7538 | Wμ=0.982 | Aμ=0.988 | Wmax=1.000 | Amax=1.000 |LR=0.0050966 | t=9.38s
    58 | base=1.180630 | val=0.896216 | acc1=0.7203 | Wμ=0.982 | Aμ=0.993 | Wmax=1.000 | Amax=1.000 |LR=0.0047281 | t=9.40s
    59 | base=1.240197 | val=0.894921 | acc1=0.7331 | Wμ=0.981 | Aμ=0.993 | Wmax=1.000 | Amax=1.000 |LR=0.0043862 | t=9.37s
    60 | base=1.085110 | val=0.920597 | acc1=0.7254 | Wμ=0.982 | Aμ=0.991 | Wmax=1.000 | Amax=1.000 |LR=0.0040691 | t=9.37s
    61 | base=1.088222 | val=0.965578 | acc1=0.7113 | Wμ=0.982 | Aμ=0.990 | Wmax=1.000 | Amax=1.000 |LR=0.0037748 | t=9.41s
    62 | base=1.143298 | val=0.782454 | acc1=0.7484 | Wμ=0.983 | Aμ=0.991 | Wmax=1.000 | Amax=1.000 |LR=0.0035019 | t=9.35s
    63 | base=1.133034 | val=1.106773 | acc1=0.6505 | Wμ=0.984 | Aμ=0.992 | Wmax=1.000 | Amax=1.000 |LR=0.0032487 | t=9.44s
    64 | base=1.151914 | val=1.861942 | acc1=0.5036 | Wμ=0.984 | Aμ=0.990 | Wmax=1.000 | Amax=1.000 |LR=0.0030138 | t=9.39s
    65 | base=1.121534 | val=0.841905 | acc1=0.7348 | Wμ=0.984 | Aμ=0.992 | Wmax=1.000 | Amax=1.000 |LR=0.0027958 | t=9.35s
    66 | base=1.100851 | val=1.033762 | acc1=0.6737 | Wμ=0.984 | Aμ=0.990 | Wmax=1.000 | Amax=1.000 |LR=0.0025937 | t=9.37s
    67 | base=1.127557 | val=0.909019 | acc1=0.7231 | Wμ=0.983 | Aμ=0.990 | Wmax=1.000 | Amax=1.000 |LR=0.0024061 | t=9.33s
    68 | base=1.130721 | val=2.333660 | acc1=0.4409 | Wμ=0.984 | Aμ=0.990 | Wmax=1.000 | Amax=1.000 |LR=0.0022321 | t=9.36s
    69 | base=1.108463 | val=0.847559 | acc1=0.7113 | Wμ=0.984 | Aμ=0.989 | Wmax=1.000 | Amax=1.000 |LR=0.0020707 | t=9.38s
