     0 | base=nan | val=nan | acc1=0.9282 | Wμ=nan | Aμ=nan | Wmax=nan | Amax=nan |LR=nan | t=nans
     0 | base=nan | val=0.236706 | acc1=0.9282 | Wμ=11.186 | Aμ=20.000 | Wmax=12.916 | Amax=13.744 |LR=nan | t=nans
     0 | base=nan | val=0.236786 | acc1=0.9280 | Wμ=9.786 | Aμ=20.000 | Wmax=10.000 | Amax=13.743 |LR=nan | t=nans
     0 | base=nan | val=0.236885 | acc1=0.9282 | Wμ=9.786 | Aμ=10.000 | Wmax=10.000 | Amax=9.994 |LR=nan | t=nans
# epoch | BaseLoss | ValLoss | Acc@1 | MeanWBits | MeanABits | MaxWBits | MaxABits | LR | EpochTime(s)
     0 | base=nan | val=0.213740 | acc1=0.9350 | Wμ=9.786 | Aμ=10.000 | Wmax=10.000 | Amax=10.000 |LR=nan | t=nans
     0 | base=0.003822 | val=0.236278 | acc1=0.9274 | Wμ=9.786 | Aμ=10.000 | Wmax=10.001 | Amax=9.995 |LR=9.8e-05 | t=10.32s
     1 | base=0.003207 | val=0.236587 | acc1=0.9278 | Wμ=9.786 | Aμ=10.000 | Wmax=10.003 | Amax=9.994 |LR=0.000198 | t=9.33s
     2 | base=0.003661 | val=0.237216 | acc1=0.9279 | Wμ=9.786 | Aμ=10.001 | Wmax=10.004 | Amax=9.995 |LR=0.000298 | t=9.26s
     3 | base=0.002640 | val=0.239036 | acc1=0.9257 | Wμ=9.786 | Aμ=10.003 | Wmax=10.007 | Amax=9.996 |LR=0.000398 | t=9.27s
     4 | base=0.003577 | val=0.238479 | acc1=0.9275 | Wμ=9.786 | Aμ=10.005 | Wmax=10.011 | Amax=9.998 |LR=0.000498 | t=9.31s
     5 | base=0.003981 | val=0.238225 | acc1=0.9264 | Wμ=9.786 | Aμ=10.008 | Wmax=10.014 | Amax=9.999 |LR=0.000598 | t=9.29s
     6 | base=0.003688 | val=0.237138 | acc1=0.9266 | Wμ=9.787 | Aμ=10.011 | Wmax=10.021 | Amax=10.007 |LR=0.000698 | t=9.31s
     7 | base=0.004546 | val=0.238264 | acc1=0.9270 | Wμ=9.788 | Aμ=10.016 | Wmax=10.028 | Amax=10.007 |LR=0.000798 | t=9.33s
     8 | base=0.005007 | val=0.238993 | acc1=0.9264 | Wμ=9.788 | Aμ=10.022 | Wmax=10.033 | Amax=10.013 |LR=0.000898 | t=9.33s
     9 | base=0.007207 | val=0.241037 | acc1=0.9253 | Wμ=9.790 | Aμ=10.028 | Wmax=10.047 | Amax=10.017 |LR=0.000998 | t=9.48s
    10 | base=0.007616 | val=0.240630 | acc1=0.9236 | Wμ=9.792 | Aμ=10.034 | Wmax=10.050 | Amax=10.031 |LR=0.001098 | t=9.32s
    11 | base=0.012964 | val=0.245351 | acc1=0.9222 | Wμ=9.793 | Aμ=10.039 | Wmax=10.069 | Amax=10.031 |LR=0.001198 | t=9.26s
    12 | base=0.018926 | val=0.247403 | acc1=0.9229 | Wμ=9.796 | Aμ=10.048 | Wmax=10.094 | Amax=10.043 |LR=0.001298 | t=9.30s
    13 | base=0.018050 | val=0.252278 | acc1=0.9210 | Wμ=9.802 | Aμ=10.058 | Wmax=10.131 | Amax=10.037 |LR=0.001398 | t=9.30s
    14 | base=0.031445 | val=0.254128 | acc1=0.9217 | Wμ=9.808 | Aμ=10.064 | Wmax=10.129 | Amax=10.059 |LR=0.001498 | t=9.27s
    15 | base=0.047919 | val=0.274842 | acc1=0.9135 | Wμ=9.814 | Aμ=10.075 | Wmax=10.174 | Amax=10.099 |LR=0.001598 | t=9.32s
    16 | base=0.035341 | val=0.252669 | acc1=0.9201 | Wμ=9.823 | Aμ=10.081 | Wmax=10.197 | Amax=10.079 |LR=0.001698 | t=9.32s
    17 | base=0.043121 | val=0.261957 | acc1=0.9178 | Wμ=9.831 | Aμ=10.083 | Wmax=10.203 | Amax=10.087 |LR=0.001798 | t=9.28s
    18 | base=0.040602 | val=0.263797 | acc1=0.9189 | Wμ=9.841 | Aμ=10.093 | Wmax=10.229 | Amax=10.092 |LR=0.001898 | t=9.28s
    19 | base=0.035510 | val=0.256742 | acc1=0.9188 | Wμ=9.849 | Aμ=10.103 | Wmax=10.253 | Amax=10.138 |LR=0.001998 | t=9.27s
    20 | base=0.039136 | val=0.263987 | acc1=0.9133 | Wμ=9.851 | Aμ=10.009 | Wmax=10.194 | Amax=10.122 |LR=0.002 | t=9.32s
    21 | base=0.049734 | val=0.256127 | acc1=0.9179 | Wμ=9.617 | Aμ=9.867 | Wmax=9.964 | Amax=10.086 |LR=0.002 | t=9.34s
    22 | base=0.041731 | val=0.273097 | acc1=0.9159 | Wμ=9.356 | Aμ=9.723 | Wmax=9.796 | Amax=10.034 |LR=0.002 | t=9.32s
    23 | base=0.046803 | val=0.269015 | acc1=0.9158 | Wμ=9.093 | Aμ=9.580 | Wmax=9.624 | Amax=10.025 |LR=0.002 | t=9.31s
    24 | base=0.049565 | val=0.261552 | acc1=0.9188 | Wμ=8.862 | Aμ=9.435 | Wmax=9.447 | Amax=10.015 |LR=0.002 | t=9.33s
    25 | base=0.052186 | val=0.271940 | acc1=0.9175 | Wμ=8.623 | Aμ=9.285 | Wmax=9.250 | Amax=9.980 |LR=0.002 | t=9.31s
    26 | base=0.042469 | val=0.268366 | acc1=0.9158 | Wμ=8.386 | Aμ=9.117 | Wmax=9.063 | Amax=9.924 |LR=0.002 | t=9.27s
    27 | base=0.044151 | val=0.265252 | acc1=0.9189 | Wμ=8.168 | Aμ=8.954 | Wmax=8.883 | Amax=9.855 |LR=0.002 | t=9.29s
    28 | base=0.044086 | val=0.260783 | acc1=0.9188 | Wμ=7.944 | Aμ=8.792 | Wmax=8.693 | Amax=9.774 |LR=0.002 | t=9.29s
    29 | base=0.031337 | val=0.270548 | acc1=0.9163 | Wμ=7.728 | Aμ=8.631 | Wmax=8.520 | Amax=9.700 |LR=0.002 | t=9.33s
    30 | base=0.031628 | val=0.261016 | acc1=0.9193 | Wμ=7.510 | Aμ=8.473 | Wmax=8.353 | Amax=9.617 |LR=0.002 | t=9.28s
    31 | base=0.035267 | val=0.271353 | acc1=0.9148 | Wμ=7.304 | Aμ=8.321 | Wmax=8.170 | Amax=9.518 |LR=0.002 | t=9.38s
    32 | base=0.033862 | val=0.252493 | acc1=0.9206 | Wμ=7.104 | Aμ=8.178 | Wmax=8.000 | Amax=9.427 |LR=0.002 | t=9.29s
    33 | base=0.035649 | val=0.264888 | acc1=0.9183 | Wμ=6.908 | Aμ=8.016 | Wmax=7.833 | Amax=9.332 |LR=0.002 | t=9.27s
    34 | base=0.035999 | val=0.251798 | acc1=0.9215 | Wμ=6.712 | Aμ=7.869 | Wmax=7.679 | Amax=9.227 |LR=0.002 | t=9.33s
    35 | base=0.044876 | val=0.263825 | acc1=0.9191 | Wμ=6.514 | Aμ=7.716 | Wmax=7.531 | Amax=9.092 |LR=0.002 | t=9.32s
    36 | base=0.036162 | val=0.259914 | acc1=0.9194 | Wμ=6.329 | Aμ=7.563 | Wmax=7.375 | Amax=8.937 |LR=0.002 | t=9.26s
    37 | base=0.041855 | val=0.262418 | acc1=0.9184 | Wμ=6.138 | Aμ=7.424 | Wmax=7.209 | Amax=8.817 |LR=0.002 | t=9.27s
    38 | base=0.048354 | val=0.260561 | acc1=0.9183 | Wμ=5.946 | Aμ=7.283 | Wmax=7.066 | Amax=8.725 |LR=0.002 | t=9.27s
    39 | base=0.060340 | val=0.255562 | acc1=0.9203 | Wμ=5.774 | Aμ=7.158 | Wmax=6.907 | Amax=8.629 |LR=0.002 | t=9.27s
    40 | base=0.064786 | val=0.264123 | acc1=0.9187 | Wμ=5.590 | Aμ=7.036 | Wmax=6.741 | Amax=8.531 |LR=0.002 | t=9.32s
    41 | base=0.061425 | val=0.278437 | acc1=0.9165 | Wμ=5.410 | Aμ=6.917 | Wmax=6.585 | Amax=8.414 |LR=0.002 | t=9.30s
    42 | base=0.056118 | val=0.269221 | acc1=0.9184 | Wμ=5.234 | Aμ=6.793 | Wmax=6.443 | Amax=8.313 |LR=0.002 | t=9.29s
    43 | base=0.069902 | val=0.287975 | acc1=0.9115 | Wμ=5.060 | Aμ=6.679 | Wmax=6.285 | Amax=8.180 |LR=0.002 | t=9.29s
    44 | base=0.070627 | val=0.270232 | acc1=0.9140 | Wμ=4.890 | Aμ=6.582 | Wmax=6.129 | Amax=8.114 |LR=0.002 | t=9.32s
    45 | base=0.061031 | val=0.271058 | acc1=0.9159 | Wμ=4.703 | Aμ=6.468 | Wmax=6.000 | Amax=7.994 |LR=0.002 | t=9.27s
    46 | base=0.070310 | val=0.297688 | acc1=0.9096 | Wμ=4.526 | Aμ=6.350 | Wmax=5.883 | Amax=7.858 |LR=0.002 | t=9.31s
    47 | base=0.092913 | val=0.293380 | acc1=0.9152 | Wμ=4.357 | Aμ=6.245 | Wmax=5.728 | Amax=7.768 |LR=0.002 | t=9.27s
    48 | base=0.066037 | val=0.307738 | acc1=0.9029 | Wμ=4.188 | Aμ=6.134 | Wmax=5.555 | Amax=7.665 |LR=0.002 | t=9.32s
    49 | base=0.094822 | val=0.298835 | acc1=0.9062 | Wμ=4.033 | Aμ=6.031 | Wmax=5.459 | Amax=7.555 |LR=0.002 | t=9.29s
    50 | base=0.095985 | val=0.301123 | acc1=0.9035 | Wμ=3.881 | Aμ=5.951 | Wmax=5.322 | Amax=7.468 |LR=0.002 | t=9.29s
    51 | base=0.111360 | val=0.333862 | acc1=0.9067 | Wμ=3.725 | Aμ=5.871 | Wmax=5.209 | Amax=7.349 |LR=0.002 | t=9.30s
    52 | base=0.108460 | val=0.328725 | acc1=0.8984 | Wμ=3.577 | Aμ=5.795 | Wmax=5.087 | Amax=7.257 |LR=0.002 | t=9.30s
    53 | base=0.104462 | val=0.296908 | acc1=0.9047 | Wμ=3.423 | Aμ=5.735 | Wmax=4.954 | Amax=7.180 |LR=0.002 | t=9.27s
    54 | base=0.093034 | val=0.335879 | acc1=0.8959 | Wμ=3.266 | Aμ=5.658 | Wmax=4.807 | Amax=7.109 |LR=0.002 | t=9.28s
    55 | base=0.098551 | val=0.288792 | acc1=0.9092 | Wμ=3.122 | Aμ=5.579 | Wmax=4.700 | Amax=7.000 |LR=0.002 | t=9.30s
    56 | base=0.147287 | val=0.346815 | acc1=0.8920 | Wμ=2.985 | Aμ=5.497 | Wmax=4.585 | Amax=6.895 |LR=0.002 | t=9.27s
    57 | base=0.119133 | val=0.372672 | acc1=0.8888 | Wμ=2.857 | Aμ=5.428 | Wmax=4.392 | Amax=6.807 |LR=0.002 | t=9.27s
    58 | base=0.146513 | val=0.341098 | acc1=0.8921 | Wμ=2.731 | Aμ=5.354 | Wmax=4.248 | Amax=6.755 |LR=0.002 | t=9.28s
    59 | base=0.142256 | val=0.299374 | acc1=0.9046 | Wμ=2.604 | Aμ=5.283 | Wmax=4.170 | Amax=6.644 |LR=0.002 | t=9.27s
    60 | base=0.141578 | val=0.361744 | acc1=0.8865 | Wμ=2.489 | Aμ=5.219 | Wmax=4.087 | Amax=6.555 |LR=0.002 | t=9.27s
    61 | base=0.173178 | val=0.376982 | acc1=0.8804 | Wμ=2.390 | Aμ=5.160 | Wmax=4.000 | Amax=6.459 |LR=0.002 | t=9.26s
    62 | base=0.191198 | val=0.464926 | acc1=0.8775 | Wμ=2.300 | Aμ=5.106 | Wmax=3.907 | Amax=6.340 |LR=0.002 | t=9.28s
    63 | base=0.165734 | val=0.343823 | acc1=0.8907 | Wμ=2.198 | Aμ=5.047 | Wmax=3.807 | Amax=6.285 |LR=0.002 | t=9.38s
    64 | base=0.201419 | val=0.570772 | acc1=0.8663 | Wμ=2.111 | Aμ=4.988 | Wmax=3.700 | Amax=6.229 |LR=0.002 | t=9.28s
    65 | base=0.184115 | val=0.385946 | acc1=0.8754 | Wμ=2.031 | Aμ=4.946 | Wmax=3.700 | Amax=6.109 |LR=0.002 | t=9.33s
    66 | base=0.223549 | val=0.388945 | acc1=0.8770 | Wμ=1.963 | Aμ=4.883 | Wmax=3.585 | Amax=6.044 |LR=0.002 | t=9.28s
    67 | base=0.232263 | val=0.404142 | acc1=0.8799 | Wμ=1.904 | Aμ=4.840 | Wmax=3.459 | Amax=5.977 |LR=0.002 | t=9.31s
    68 | base=0.308185 | val=0.432857 | acc1=0.8588 | Wμ=1.840 | Aμ=4.792 | Wmax=3.459 | Amax=5.907 |LR=0.002 | t=9.29s
    69 | base=0.245814 | val=0.437382 | acc1=0.8637 | Wμ=1.781 | Aμ=4.740 | Wmax=3.322 | Amax=5.833 |LR=0.002 | t=9.31s
    70 | base=0.248631 | val=0.456785 | acc1=0.8606 | Wμ=1.722 | Aμ=4.688 | Wmax=3.322 | Amax=5.781 |LR=0.002 | t=9.28s
    71 | base=0.321290 | val=0.426764 | acc1=0.8671 | Wμ=1.674 | Aμ=4.622 | Wmax=3.322 | Amax=5.728 |LR=0.002 | t=9.28s
    72 | base=0.259364 | val=0.459590 | acc1=0.8575 | Wμ=1.625 | Aμ=4.562 | Wmax=3.170 | Amax=5.672 |LR=0.002 | t=9.29s
    73 | base=0.330076 | val=0.441267 | acc1=0.8592 | Wμ=1.586 | Aμ=4.501 | Wmax=3.170 | Amax=5.585 |LR=0.002 | t=9.28s
    74 | base=0.395378 | val=0.528048 | acc1=0.8277 | Wμ=1.551 | Aμ=4.432 | Wmax=3.170 | Amax=5.524 |LR=0.002 | t=9.34s
    75 | base=0.371817 | val=0.525794 | acc1=0.8356 | Wμ=1.522 | Aμ=4.378 | Wmax=3.170 | Amax=5.459 |LR=0.002 | t=9.26s
    76 | base=0.335841 | val=0.696800 | acc1=0.7885 | Wμ=1.496 | Aμ=4.341 | Wmax=3.000 | Amax=5.426 |LR=0.002 | t=9.29s
    77 | base=0.417427 | val=0.569817 | acc1=0.8253 | Wμ=1.471 | Aμ=4.282 | Wmax=3.000 | Amax=5.358 |LR=0.002 | t=9.28s
    78 | base=0.420390 | val=0.718073 | acc1=0.7922 | Wμ=1.445 | Aμ=4.219 | Wmax=3.000 | Amax=5.285 |LR=0.002 | t=9.29s
    79 | base=0.409272 | val=1.044147 | acc1=0.6988 | Wμ=1.415 | Aμ=4.153 | Wmax=2.807 | Amax=5.129 |LR=0.002 | t=9.28s
    80 | base=0.480440 | val=0.782657 | acc1=0.7584 | Wμ=1.392 | Aμ=4.085 | Wmax=2.807 | Amax=5.000 |LR=0.002 | t=9.29s
    81 | base=0.469491 | val=0.849594 | acc1=0.7275 | Wμ=1.369 | Aμ=4.018 | Wmax=2.807 | Amax=4.954 |LR=0.002 | t=9.30s
    82 | base=0.449207 | val=0.659172 | acc1=0.7831 | Wμ=1.347 | Aμ=3.955 | Wmax=2.807 | Amax=4.907 |LR=0.002 | t=9.30s
    83 | base=0.408588 | val=1.088838 | acc1=0.6759 | Wμ=1.325 | Aμ=3.895 | Wmax=2.585 | Amax=4.858 |LR=0.002 | t=9.29s
    84 | base=0.456408 | val=1.013491 | acc1=0.6904 | Wμ=1.302 | Aμ=3.822 | Wmax=2.585 | Amax=4.700 |LR=0.002 | t=9.31s
    85 | base=0.459199 | val=0.799386 | acc1=0.7471 | Wμ=1.283 | Aμ=3.761 | Wmax=2.585 | Amax=4.644 |LR=0.002 | t=9.29s
    86 | base=0.432993 | val=0.667430 | acc1=0.7967 | Wμ=1.263 | Aμ=3.693 | Wmax=2.585 | Amax=4.585 |LR=0.002 | t=9.32s
    87 | base=0.461134 | val=0.963509 | acc1=0.7222 | Wμ=1.246 | Aμ=3.616 | Wmax=2.585 | Amax=4.459 |LR=0.002 | t=9.34s
    88 | base=0.491267 | val=0.634358 | acc1=0.7999 | Wμ=1.229 | Aμ=3.546 | Wmax=2.585 | Amax=4.392 |LR=0.002 | t=9.28s
    89 | base=0.531933 | val=0.827573 | acc1=0.7512 | Wμ=1.213 | Aμ=3.476 | Wmax=2.322 | Amax=4.322 |LR=0.002 | t=9.29s
    90 | base=0.545749 | val=1.055027 | acc1=0.7131 | Wμ=1.199 | Aμ=3.430 | Wmax=2.585 | Amax=4.248 |LR=0.002 | t=9.34s
    91 | base=0.527552 | val=1.102954 | acc1=0.6690 | Wμ=1.184 | Aμ=3.350 | Wmax=2.322 | Amax=4.170 |LR=0.002 | t=9.30s
    92 | base=0.511153 | val=0.616814 | acc1=0.8052 | Wμ=1.171 | Aμ=3.268 | Wmax=2.322 | Amax=4.087 |LR=0.002 | t=9.28s
    93 | base=0.499374 | val=0.816003 | acc1=0.7552 | Wμ=1.159 | Aμ=3.201 | Wmax=2.322 | Amax=4.000 |LR=0.002 | t=9.33s
    94 | base=0.471401 | val=1.074809 | acc1=0.7224 | Wμ=1.146 | Aμ=3.125 | Wmax=2.322 | Amax=3.807 |LR=0.002 | t=9.33s
    95 | base=0.453045 | val=0.577779 | acc1=0.8157 | Wμ=1.135 | Aμ=3.057 | Wmax=2.322 | Amax=3.700 |LR=0.002 | t=9.30s
    96 | base=0.508336 | val=0.738522 | acc1=0.7818 | Wμ=1.123 | Aμ=2.985 | Wmax=2.000 | Amax=3.700 |LR=0.002 | t=9.30s
    97 | base=0.449843 | val=0.527737 | acc1=0.8297 | Wμ=1.111 | Aμ=2.921 | Wmax=2.322 | Amax=3.585 |LR=0.002 | t=9.30s
    98 | base=0.473338 | val=1.139144 | acc1=0.6590 | Wμ=1.101 | Aμ=2.869 | Wmax=2.000 | Amax=3.459 |LR=0.002 | t=9.29s
    99 | base=0.502612 | val=0.596947 | acc1=0.8112 | Wμ=1.089 | Aμ=2.818 | Wmax=2.000 | Amax=3.322 |LR=0.002 | t=9.30s
   100 | base=0.527737 | val=1.496707 | acc1=0.6172 | Wμ=1.080 | Aμ=2.739 | Wmax=2.000 | Amax=3.170 |LR=0.002 | t=9.32s
   101 | base=0.517703 | val=0.868837 | acc1=0.7468 | Wμ=1.072 | Aμ=2.693 | Wmax=2.000 | Amax=3.170 |LR=0.002 | t=9.32s
   102 | base=0.501006 | val=0.729956 | acc1=0.7714 | Wμ=1.065 | Aμ=2.650 | Wmax=2.000 | Amax=3.000 |LR=0.002 | t=9.32s
   103 | base=0.598141 | val=0.607805 | acc1=0.8111 | Wμ=1.058 | Aμ=2.586 | Wmax=2.000 | Amax=3.000 |LR=0.002 | t=9.29s
   104 | base=0.576389 | val=1.659942 | acc1=0.5549 | Wμ=1.052 | Aμ=2.528 | Wmax=2.000 | Amax=2.807 |LR=0.002 | t=9.36s
   105 | base=0.519947 | val=0.989037 | acc1=0.7152 | Wμ=1.047 | Aμ=2.491 | Wmax=2.000 | Amax=2.807 |LR=0.002 | t=9.33s
   106 | base=0.615758 | val=0.895712 | acc1=0.7259 | Wμ=1.044 | Aμ=2.430 | Wmax=2.000 | Amax=2.807 |LR=0.002 | t=9.36s
   107 | base=0.599381 | val=0.660264 | acc1=0.8011 | Wμ=1.040 | Aμ=2.375 | Wmax=2.000 | Amax=2.807 |LR=0.002 | t=9.29s
   108 | base=0.653351 | val=1.058529 | acc1=0.6771 | Wμ=1.037 | Aμ=2.272 | Wmax=2.000 | Amax=2.807 |LR=0.002 | t=9.30s
   109 | base=0.640524 | val=0.735542 | acc1=0.7861 | Wμ=1.033 | Aμ=2.241 | Wmax=2.000 | Amax=2.585 |LR=0.002 | t=9.32s
   110 | base=0.643158 | val=1.230112 | acc1=0.6489 | Wμ=1.031 | Aμ=2.224 | Wmax=2.000 | Amax=2.585 |LR=0.002 | t=9.36s
   111 | base=0.653536 | val=0.757551 | acc1=0.7690 | Wμ=1.029 | Aμ=2.191 | Wmax=2.000 | Amax=2.585 |LR=0.002 | t=9.32s
   112 | base=0.679348 | val=1.027100 | acc1=0.6809 | Wμ=1.026 | Aμ=2.156 | Wmax=2.000 | Amax=2.585 |LR=0.002 | t=9.32s
   113 | base=0.694605 | val=1.412534 | acc1=0.6001 | Wμ=1.023 | Aμ=2.099 | Wmax=2.000 | Amax=2.322 |LR=0.002 | t=9.36s
   114 | base=0.635792 | val=0.810089 | acc1=0.7354 | Wμ=1.022 | Aμ=2.035 | Wmax=1.585 | Amax=2.322 |LR=0.002 | t=9.32s
   115 | base=0.686790 | val=0.647584 | acc1=0.7910 | Wμ=1.020 | Aμ=1.995 | Wmax=1.585 | Amax=2.322 |LR=0.002 | t=9.33s
   116 | base=0.736566 | val=0.834901 | acc1=0.7587 | Wμ=1.018 | Aμ=1.955 | Wmax=1.585 | Amax=2.322 |LR=0.002 | t=9.37s
   117 | base=0.747862 | val=0.666945 | acc1=0.8028 | Wμ=1.016 | Aμ=1.916 | Wmax=1.585 | Amax=2.322 |LR=0.002 | t=9.53s
   118 | base=0.721871 | val=1.229802 | acc1=0.6146 | Wμ=1.014 | Aμ=1.876 | Wmax=1.585 | Amax=2.322 |LR=0.002 | t=9.42s
   119 | base=0.804521 | val=1.247414 | acc1=0.6368 | Wμ=1.013 | Aμ=1.837 | Wmax=1.585 | Amax=2.322 |LR=0.002 | t=9.43s
   120 | base=0.744840 | val=0.780554 | acc1=0.7581 | Wμ=1.011 | Aμ=1.803 | Wmax=1.585 | Amax=2.322 |LR=0.002 | t=9.35s
   121 | base=0.729312 | val=1.032603 | acc1=0.7006 | Wμ=1.009 | Aμ=1.783 | Wmax=1.585 | Amax=2.322 |LR=0.002 | t=9.29s
   122 | base=0.813946 | val=0.713189 | acc1=0.7694 | Wμ=1.008 | Aμ=1.759 | Wmax=1.585 | Amax=2.000 |LR=0.002 | t=9.36s
   123 | base=0.785560 | val=0.969529 | acc1=0.7157 | Wμ=1.007 | Aμ=1.742 | Wmax=1.585 | Amax=2.322 |LR=0.002 | t=9.30s
   124 | base=0.782201 | val=0.611198 | acc1=0.8024 | Wμ=1.006 | Aμ=1.718 | Wmax=1.585 | Amax=2.000 |LR=0.002 | t=9.36s
   125 | base=0.782840 | val=1.015253 | acc1=0.6908 | Wμ=1.005 | Aμ=1.683 | Wmax=1.585 | Amax=2.322 |LR=0.002 | t=9.35s
   126 | base=0.862202 | val=0.980870 | acc1=0.7069 | Wμ=1.004 | Aμ=1.639 | Wmax=1.585 | Amax=2.000 |LR=0.002 | t=9.35s
   127 | base=0.813801 | val=1.136720 | acc1=0.6679 | Wμ=1.003 | Aμ=1.618 | Wmax=1.585 | Amax=2.000 |LR=0.002 | t=9.37s
   128 | base=0.856269 | val=0.729149 | acc1=0.7644 | Wμ=1.003 | Aμ=1.587 | Wmax=1.585 | Amax=2.000 |LR=0.002 | t=9.36s
   129 | base=0.792622 | val=1.237943 | acc1=0.6719 | Wμ=1.002 | Aμ=1.546 | Wmax=1.585 | Amax=2.000 |LR=0.002 | t=9.29s
   130 | base=0.961163 | val=1.253618 | acc1=0.6291 | Wμ=1.001 | Aμ=1.508 | Wmax=1.585 | Amax=2.000 |LR=0.002 | t=9.35s
   131 | base=0.971696 | val=1.878406 | acc1=0.5171 | Wμ=1.001 | Aμ=1.494 | Wmax=1.585 | Amax=2.000 |LR=0.002 | t=9.35s
   132 | base=0.845297 | val=0.904509 | acc1=0.7299 | Wμ=1.000 | Aμ=1.490 | Wmax=1.585 | Amax=2.000 |LR=0.002 | t=9.38s
   133 | base=0.990329 | val=0.929442 | acc1=0.7248 | Wμ=1.000 | Aμ=1.484 | Wmax=1.585 | Amax=2.000 |LR=0.002 | t=9.33s
   134 | base=0.957607 | val=0.851565 | acc1=0.7444 | Wμ=0.999 | Aμ=1.470 | Wmax=1.585 | Amax=2.000 |LR=0.002 | t=9.35s
   135 | base=1.025223 | val=0.871901 | acc1=0.7199 | Wμ=0.999 | Aμ=1.463 | Wmax=1.585 | Amax=2.000 |LR=0.002 | t=9.35s
   136 | base=0.900955 | val=1.247651 | acc1=0.6149 | Wμ=0.999 | Aμ=1.458 | Wmax=1.585 | Amax=2.000 |LR=0.002 | t=9.34s
   137 | base=0.855078 | val=0.981002 | acc1=0.7201 | Wμ=0.998 | Aμ=1.452 | Wmax=1.585 | Amax=2.000 |LR=0.002 | t=9.37s
   138 | base=0.920715 | val=0.663678 | acc1=0.7931 | Wμ=0.998 | Aμ=1.445 | Wmax=1.585 | Amax=2.000 |LR=0.002 | t=9.36s
   139 | base=0.920170 | val=1.330552 | acc1=0.6012 | Wμ=0.997 | Aμ=1.435 | Wmax=1.585 | Amax=1.585 |LR=0.002 | t=9.38s
   140 | base=1.025776 | val=0.655918 | acc1=0.7791 | Wμ=0.997 | Aμ=1.416 | Wmax=1.585 | Amax=2.000 |LR=0.002 | t=9.35s
   141 | base=0.884902 | val=1.795180 | acc1=0.4802 | Wμ=0.996 | Aμ=1.387 | Wmax=1.585 | Amax=1.585 |LR=0.002 | t=9.34s
   142 | base=0.952361 | val=0.927940 | acc1=0.7010 | Wμ=0.996 | Aμ=1.359 | Wmax=1.585 | Amax=1.585 |LR=0.002 | t=9.31s
   143 | base=1.006920 | val=0.938798 | acc1=0.6870 | Wμ=0.995 | Aμ=1.327 | Wmax=1.585 | Amax=1.585 |LR=0.002 | t=9.37s
   144 | base=0.939449 | val=0.745386 | acc1=0.7554 | Wμ=0.995 | Aμ=1.323 | Wmax=1.585 | Amax=1.585 |LR=0.002 | t=9.34s
   145 | base=1.116881 | val=0.852891 | acc1=0.7158 | Wμ=0.995 | Aμ=1.307 | Wmax=1.585 | Amax=1.585 |LR=0.002 | t=9.30s
   146 | base=1.006879 | val=1.439625 | acc1=0.5648 | Wμ=0.994 | Aμ=1.292 | Wmax=1.585 | Amax=1.585 |LR=0.002 | t=9.31s
   147 | base=1.037039 | val=1.315210 | acc1=0.5790 | Wμ=0.994 | Aμ=1.273 | Wmax=1.585 | Amax=1.585 |LR=0.002 | t=9.33s
   148 | base=1.060824 | val=0.653220 | acc1=0.7859 | Wμ=0.994 | Aμ=1.255 | Wmax=1.585 | Amax=1.585 |LR=0.002 | t=9.31s
   149 | base=0.962109 | val=1.313761 | acc1=0.6376 | Wμ=0.994 | Aμ=1.239 | Wmax=1.585 | Amax=1.585 |LR=0.002 | t=9.33s
   150 | base=0.989488 | val=0.938472 | acc1=0.6934 | Wμ=0.993 | Aμ=1.218 | Wmax=1.585 | Amax=1.585 |LR=0.002 | t=9.33s
   151 | base=1.139603 | val=1.088688 | acc1=0.6937 | Wμ=0.993 | Aμ=1.203 | Wmax=1.000 | Amax=1.585 |LR=0.002 | t=9.41s
   152 | base=1.224427 | val=1.054707 | acc1=0.6655 | Wμ=0.992 | Aμ=1.188 | Wmax=1.000 | Amax=1.585 |LR=0.002 | t=9.38s
   153 | base=1.099920 | val=1.376032 | acc1=0.5866 | Wμ=0.992 | Aμ=1.176 | Wmax=1.000 | Amax=1.585 |LR=0.002 | t=9.33s
   154 | base=0.950182 | val=0.776335 | acc1=0.7616 | Wμ=0.992 | Aμ=1.165 | Wmax=1.585 | Amax=1.585 |LR=0.002 | t=9.31s
   155 | base=1.045547 | val=0.854667 | acc1=0.7249 | Wμ=0.992 | Aμ=1.162 | Wmax=1.000 | Amax=1.585 |LR=0.002 | t=9.31s
   156 | base=1.063987 | val=0.757729 | acc1=0.7654 | Wμ=0.992 | Aμ=1.161 | Wmax=1.000 | Amax=1.585 |LR=0.002 | t=9.33s
   157 | base=1.137573 | val=0.758405 | acc1=0.7478 | Wμ=0.991 | Aμ=1.158 | Wmax=1.000 | Amax=1.585 |LR=0.002 | t=9.35s
   158 | base=1.181513 | val=0.775030 | acc1=0.7440 | Wμ=0.991 | Aμ=1.157 | Wmax=1.000 | Amax=1.585 |LR=0.002 | t=9.35s
   159 | base=1.074093 | val=0.763001 | acc1=0.7549 | Wμ=0.991 | Aμ=1.154 | Wmax=1.000 | Amax=1.585 |LR=0.002 | t=9.40s
   160 | base=0.975851 | val=1.013996 | acc1=0.6878 | Wμ=0.991 | Aμ=1.152 | Wmax=1.000 | Amax=1.585 |LR=0.002 | t=9.37s
   161 | base=1.117808 | val=0.787112 | acc1=0.7456 | Wμ=0.991 | Aμ=1.147 | Wmax=1.000 | Amax=1.585 |LR=0.002 | t=9.35s
   162 | base=0.988730 | val=1.121635 | acc1=0.6865 | Wμ=0.990 | Aμ=1.141 | Wmax=1.000 | Amax=1.585 |LR=0.002 | t=9.35s
   163 | base=1.172352 | val=1.238895 | acc1=0.6660 | Wμ=0.990 | Aμ=1.133 | Wmax=1.000 | Amax=1.585 |LR=0.002 | t=9.36s
   164 | base=1.079694 | val=1.035180 | acc1=0.6660 | Wμ=0.990 | Aμ=1.129 | Wmax=1.000 | Amax=1.585 |LR=0.002 | t=9.34s
   165 | base=1.072182 | val=1.151711 | acc1=0.6411 | Wμ=0.991 | Aμ=1.124 | Wmax=1.000 | Amax=1.585 |LR=0.002 | t=9.36s
   166 | base=1.156740 | val=0.861144 | acc1=0.7127 | Wμ=0.990 | Aμ=1.124 | Wmax=1.000 | Amax=1.585 |LR=0.002 | t=9.31s
   167 | base=1.057279 | val=0.666126 | acc1=0.7831 | Wμ=0.991 | Aμ=1.124 | Wmax=1.000 | Amax=1.585 |LR=0.002 | t=9.34s
   168 | base=1.198782 | val=1.381782 | acc1=0.6027 | Wμ=0.990 | Aμ=1.123 | Wmax=1.000 | Amax=1.585 |LR=0.002 | t=9.41s
   169 | base=1.022513 | val=0.829103 | acc1=0.7258 | Wμ=0.991 | Aμ=1.123 | Wmax=1.000 | Amax=1.585 |LR=0.002 | t=9.34s
   170 | base=1.092369 | val=0.997787 | acc1=0.6762 | Wμ=0.990 | Aμ=1.122 | Wmax=1.000 | Amax=1.585 |LR=0.002 | t=9.32s
   171 | base=1.116961 | val=0.913184 | acc1=0.7242 | Wμ=0.990 | Aμ=1.120 | Wmax=1.000 | Amax=1.585 |LR=0.002 | t=9.43s
   172 | base=1.168904 | val=1.113137 | acc1=0.6605 | Wμ=0.990 | Aμ=1.119 | Wmax=1.000 | Amax=1.585 |LR=0.002 | t=9.32s
   173 | base=1.154921 | val=1.606934 | acc1=0.4593 | Wμ=0.990 | Aμ=1.114 | Wmax=1.000 | Amax=1.000 |LR=0.002 | t=9.32s
   174 | base=1.333954 | val=1.064136 | acc1=0.6750 | Wμ=0.991 | Aμ=1.110 | Wmax=1.000 | Amax=1.585 |LR=0.0018582 | t=9.34s
   175 | base=1.137949 | val=0.735705 | acc1=0.7558 | Wμ=0.990 | Aμ=1.104 | Wmax=1.000 | Amax=1.000 |LR=0.0018554 | t=9.34s
   176 | base=1.097836 | val=1.035105 | acc1=0.6850 | Wμ=0.991 | Aμ=1.097 | Wmax=1.000 | Amax=1.585 |LR=0.0017238 | t=9.34s
   177 | base=1.171458 | val=0.867344 | acc1=0.7285 | Wμ=0.990 | Aμ=1.091 | Wmax=1.000 | Amax=1.585 |LR=0.0017212 | t=9.31s
   178 | base=1.102975 | val=0.696390 | acc1=0.7714 | Wμ=0.990 | Aμ=1.084 | Wmax=1.000 | Amax=1.585 |LR=0.0017212 | t=9.34s
   179 | base=1.214713 | val=1.235273 | acc1=0.6371 | Wμ=0.991 | Aμ=1.077 | Wmax=1.000 | Amax=1.000 |LR=0.0017212 | t=9.30s
   180 | base=1.002288 | val=0.973996 | acc1=0.6949 | Wμ=0.991 | Aμ=1.070 | Wmax=1.000 | Amax=1.000 |LR=0.0015992 | t=9.36s
   181 | base=1.177101 | val=0.928622 | acc1=0.7123 | Wμ=0.991 | Aμ=1.063 | Wmax=1.000 | Amax=1.000 |LR=0.0014835 | t=9.32s
   182 | base=1.179197 | val=0.736938 | acc1=0.7592 | Wμ=0.991 | Aμ=1.053 | Wmax=1.000 | Amax=1.000 |LR=0.0013763 | t=9.36s
   183 | base=1.135466 | val=0.854659 | acc1=0.7230 | Wμ=0.991 | Aμ=1.049 | Wmax=1.000 | Amax=1.000 |LR=0.0012767 | t=9.38s
   184 | base=1.135664 | val=0.940459 | acc1=0.7173 | Wμ=0.991 | Aμ=1.047 | Wmax=1.000 | Amax=1.000 |LR=0.0011844 | t=9.34s
   185 | base=1.065518 | val=0.977089 | acc1=0.6950 | Wμ=0.991 | Aμ=1.043 | Wmax=1.000 | Amax=1.000 |LR=0.0010988 | t=9.38s
   186 | base=1.118150 | val=0.803222 | acc1=0.7484 | Wμ=0.991 | Aμ=1.038 | Wmax=1.000 | Amax=1.000 |LR=0.0010193 | t=9.34s
   187 | base=1.081258 | val=0.728456 | acc1=0.7705 | Wμ=0.991 | Aμ=1.031 | Wmax=1.000 | Amax=1.000 |LR=0.00094562 | t=9.36s
   188 | base=1.051888 | val=0.769169 | acc1=0.7569 | Wμ=0.991 | Aμ=1.021 | Wmax=1.000 | Amax=1.000 |LR=0.00087724 | t=9.34s
   189 | base=1.077012 | val=0.669551 | acc1=0.7856 | Wμ=0.992 | Aμ=1.012 | Wmax=1.000 | Amax=1.000 |LR=0.00081381 | t=9.35s
   190 | base=0.998725 | val=0.597702 | acc1=0.8016 | Wμ=0.992 | Aμ=1.004 | Wmax=1.000 | Amax=1.000 |LR=0.00075497 | t=9.34s
   191 | base=0.989329 | val=0.810358 | acc1=0.7472 | Wμ=0.992 | Aμ=0.998 | Wmax=1.000 | Amax=1.000 |LR=0.00070037 | t=9.35s
   192 | base=1.068144 | val=0.657877 | acc1=0.7807 | Wμ=0.992 | Aμ=0.998 | Wmax=1.000 | Amax=1.000 |LR=0.00064973 | t=9.34s
   193 | base=0.974830 | val=0.839549 | acc1=0.7312 | Wμ=0.992 | Aμ=0.998 | Wmax=1.000 | Amax=1.000 |LR=0.00060275 | t=9.35s
   194 | base=0.992378 | val=0.778974 | acc1=0.7487 | Wμ=0.992 | Aμ=0.998 | Wmax=1.000 | Amax=1.000 |LR=0.00055917 | t=9.33s
   195 | base=0.962370 | val=0.792595 | acc1=0.7449 | Wμ=0.992 | Aμ=0.998 | Wmax=1.000 | Amax=1.000 |LR=0.00051873 | t=9.34s
   196 | base=1.024641 | val=0.712632 | acc1=0.7722 | Wμ=0.993 | Aμ=0.998 | Wmax=1.000 | Amax=1.000 |LR=0.00048122 | t=9.37s
   197 | base=1.007701 | val=0.934390 | acc1=0.7217 | Wμ=0.993 | Aμ=0.998 | Wmax=1.000 | Amax=1.000 |LR=0.00044643 | t=9.33s
   198 | base=1.012922 | val=0.737118 | acc1=0.7652 | Wμ=0.993 | Aμ=0.998 | Wmax=1.000 | Amax=1.000 |LR=0.00041415 | t=9.35s
   199 | base=1.026648 | val=0.580072 | acc1=0.8038 | Wμ=0.993 | Aμ=0.999 | Wmax=1.000 | Amax=1.000 |LR=0.0003842 | t=9.40s
   200 | base=1.051794 | val=1.227970 | acc1=0.6463 | Wμ=0.993 | Aμ=0.999 | Wmax=1.000 | Amax=1.000 |LR=0.00035642 | t=9.39s
   201 | base=1.020259 | val=0.719841 | acc1=0.7673 | Wμ=0.993 | Aμ=0.999 | Wmax=1.000 | Amax=1.000 |LR=0.00033065 | t=9.37s
   202 | base=1.000259 | val=0.670482 | acc1=0.7845 | Wμ=0.993 | Aμ=0.998 | Wmax=1.000 | Amax=1.000 |LR=0.00030674 | t=9.36s
   203 | base=0.993961 | val=0.809930 | acc1=0.7350 | Wμ=0.993 | Aμ=0.999 | Wmax=1.000 | Amax=1.000 |LR=0.00028456 | t=9.37s
   204 | base=1.010432 | val=0.756206 | acc1=0.7647 | Wμ=0.993 | Aμ=0.999 | Wmax=1.000 | Amax=1.000 |LR=0.00026398 | t=9.37s
   205 | base=0.979661 | val=0.704245 | acc1=0.7705 | Wμ=0.993 | Aμ=0.999 | Wmax=1.000 | Amax=1.000 |LR=0.00024489 | t=9.32s
   206 | base=0.949389 | val=0.788276 | acc1=0.7551 | Wμ=0.994 | Aμ=0.999 | Wmax=1.000 | Amax=1.000 |LR=0.00022719 | t=9.32s
   207 | base=0.949806 | val=1.071290 | acc1=0.6767 | Wμ=0.994 | Aμ=0.999 | Wmax=1.000 | Amax=1.000 |LR=0.00021076 | t=9.36s
   208 | base=0.998524 | val=0.764905 | acc1=0.7517 | Wμ=0.994 | Aμ=0.999 | Wmax=1.000 | Amax=1.000 |LR=0.00019552 | t=9.35s
   209 | base=0.946677 | val=0.800517 | acc1=0.7482 | Wμ=0.994 | Aμ=0.999 | Wmax=1.000 | Amax=1.000 |LR=0.00018138 | t=9.31s
   210 | base=0.945002 | val=0.622558 | acc1=0.7967 | Wμ=0.994 | Aμ=0.999 | Wmax=1.000 | Amax=1.000 |LR=0.00016827 | t=9.34s
   211 | base=0.971663 | val=0.744992 | acc1=0.7705 | Wμ=0.994 | Aμ=0.999 | Wmax=1.000 | Amax=1.000 |LR=0.0001561 | t=9.36s
   212 | base=0.906526 | val=0.721813 | acc1=0.7778 | Wμ=0.994 | Aμ=0.999 | Wmax=1.000 | Amax=1.000 |LR=0.00014481 | t=9.37s
   213 | base=0.924234 | val=0.754671 | acc1=0.7564 | Wμ=0.994 | Aμ=0.999 | Wmax=1.000 | Amax=1.000 |LR=0.00013434 | t=9.32s
   214 | base=1.037208 | val=0.697453 | acc1=0.7746 | Wμ=0.994 | Aμ=0.999 | Wmax=1.000 | Amax=1.000 |LR=0.00012463 | t=9.36s
   215 | base=1.010459 | val=0.636332 | acc1=0.7901 | Wμ=0.994 | Aμ=0.999 | Wmax=1.000 | Amax=1.000 |LR=0.00011561 | t=9.35s
   216 | base=0.981650 | val=0.731707 | acc1=0.7680 | Wμ=0.995 | Aμ=0.999 | Wmax=1.000 | Amax=1.000 |LR=0.00010725 | t=9.37s
   217 | base=0.941794 | val=0.532248 | acc1=0.8192 | Wμ=0.994 | Aμ=0.999 | Wmax=1.000 | Amax=1.000 |LR=9.9499e-05 | t=9.42s
   218 | base=0.964085 | val=0.547372 | acc1=0.8200 | Wμ=0.995 | Aμ=0.999 | Wmax=1.000 | Amax=1.000 |LR=9.2305e-05 | t=9.35s
   219 | base=0.877713 | val=0.664119 | acc1=0.7881 | Wμ=0.995 | Aμ=0.999 | Wmax=1.000 | Amax=1.000 |LR=8.563e-05 | t=9.37s
   220 | base=0.985776 | val=0.629271 | acc1=0.8024 | Wμ=0.995 | Aμ=0.999 | Wmax=1.000 | Amax=1.000 |LR=7.9438e-05 | t=9.34s
   221 | base=0.898123 | val=0.680503 | acc1=0.7774 | Wμ=0.995 | Aμ=0.999 | Wmax=1.000 | Amax=1.000 |LR=7.3694e-05 | t=9.37s
   222 | base=0.917090 | val=0.659228 | acc1=0.7877 | Wμ=0.995 | Aμ=0.999 | Wmax=1.000 | Amax=1.000 |LR=6.8366e-05 | t=9.32s
   223 | base=0.872556 | val=0.604781 | acc1=0.7989 | Wμ=0.995 | Aμ=0.999 | Wmax=1.000 | Amax=1.000 |LR=6.3422e-05 | t=9.35s
   224 | base=0.989012 | val=0.673443 | acc1=0.7779 | Wμ=0.995 | Aμ=0.999 | Wmax=1.000 | Amax=1.000 |LR=5.8836e-05 | t=9.47s
   225 | base=0.952339 | val=0.602907 | acc1=0.8021 | Wμ=0.995 | Aμ=0.999 | Wmax=1.000 | Amax=1.000 |LR=5.4582e-05 | t=9.34s
   226 | base=0.863377 | val=0.785547 | acc1=0.7460 | Wμ=0.995 | Aμ=0.999 | Wmax=1.000 | Amax=1.000 |LR=5.0635e-05 | t=9.35s
   227 | base=0.839950 | val=0.885512 | acc1=0.7289 | Wμ=0.995 | Aμ=0.999 | Wmax=1.000 | Amax=1.000 |LR=4.6974e-05 | t=9.35s
   228 | base=1.018306 | val=0.572078 | acc1=0.8153 | Wμ=0.995 | Aμ=0.999 | Wmax=1.000 | Amax=1.000 |LR=4.3577e-05 | t=9.35s
   229 | base=0.902214 | val=0.601245 | acc1=0.8027 | Wμ=0.995 | Aμ=0.999 | Wmax=1.000 | Amax=1.000 |LR=4.0426e-05 | t=9.32s
