     0 | base=nan | val=0.236715 | acc1=nan | Wμ=nan | Aμ=nan | Wmax=nan | Amax=nan |LR=nan | t=nans
     0 | base=nan | val=0.236732 | acc1=0.9282 | Wμ=11.186 | Aμ=20.000 | Wmax=12.916 | Amax=13.744 |LR=nan | t=nans
     0 | base=nan | val=0.236786 | acc1=0.9281 | Wμ=9.786 | Aμ=20.000 | Wmax=10.000 | Amax=13.743 |LR=nan | t=nans
     0 | base=nan | val=0.236878 | acc1=0.9281 | Wμ=9.786 | Aμ=10.000 | Wmax=10.000 | Amax=9.994 |LR=nan | t=nans
# epoch | BaseLoss | ValLoss | Acc@1 | MeanWBits | MeanABits | MaxWBits | MaxABits | LR | GradNorm | WSat | ASat | NoiseMean | NoiseVar | NoiseCorr | Temp | EpochTime(s)
     0 | base=nan | val=0.213726 | acc1=0.9335 | Wμ=9.786 | Aμ=10.000 | Wmax=10.000 | Amax=10.000 |LR=nan | t=nans
     0 | base=0.004108 | val=0.237057 | acc1=0.9280 | Wμ=9.786 | Aμ=10.001 | Wmax=10.004 | Amax=9.991 |LR=0.00098 | t=9.79s
     1 | base=0.005479 | val=0.238855 | acc1=0.9266 | Wμ=9.786 | Aμ=10.005 | Wmax=10.017 | Amax=9.994 |LR=0.00198 | t=8.81s
     2 | base=0.013917 | val=0.246311 | acc1=0.9248 | Wμ=9.788 | Aμ=10.016 | Wmax=10.044 | Amax=9.994 |LR=0.00298 | t=8.87s
     3 | base=0.053746 | val=0.278234 | acc1=0.9127 | Wμ=9.796 | Aμ=10.032 | Wmax=10.102 | Amax=10.018 |LR=0.00398 | t=8.89s
     4 | base=0.084528 | val=0.302324 | acc1=0.9067 | Wμ=9.814 | Aμ=10.046 | Wmax=10.167 | Amax=10.046 |LR=0.00498 | t=9.04s
     5 | base=0.112749 | val=0.305497 | acc1=0.9018 | Wμ=9.840 | Aμ=10.042 | Wmax=10.304 | Amax=10.080 |LR=0.00598 | t=8.87s
     6 | base=0.148427 | val=0.365120 | acc1=0.8859 | Wμ=9.878 | Aμ=10.065 | Wmax=10.356 | Amax=10.119 |LR=0.00698 | t=8.91s
     7 | base=0.185531 | val=0.386388 | acc1=0.8805 | Wμ=9.927 | Aμ=10.065 | Wmax=10.482 | Amax=10.096 |LR=0.00798 | t=8.87s
     8 | base=0.219100 | val=0.373387 | acc1=0.8827 | Wμ=9.976 | Aμ=10.066 | Wmax=10.659 | Amax=10.136 |LR=0.00898 | t=8.88s
     9 | base=0.232651 | val=0.358755 | acc1=0.8893 | Wμ=10.029 | Aμ=10.059 | Wmax=10.786 | Amax=10.175 |LR=0.00998 | t=8.87s
    10 | base=0.304543 | val=0.371171 | acc1=0.8828 | Wμ=10.088 | Aμ=10.062 | Wmax=10.794 | Amax=10.176 |LR=0.01098 | t=8.85s
    11 | base=0.290657 | val=0.437262 | acc1=0.8666 | Wμ=10.159 | Aμ=10.085 | Wmax=10.962 | Amax=10.208 |LR=0.01198 | t=8.89s
    12 | base=0.346255 | val=0.368373 | acc1=0.8862 | Wμ=10.229 | Aμ=10.104 | Wmax=11.087 | Amax=10.247 |LR=0.01298 | t=8.89s
    13 | base=0.311519 | val=0.333367 | acc1=0.8948 | Wμ=10.304 | Aμ=10.120 | Wmax=11.369 | Amax=10.344 |LR=0.01398 | t=8.88s
    14 | base=0.337985 | val=0.430216 | acc1=0.8709 | Wμ=10.371 | Aμ=10.115 | Wmax=11.360 | Amax=10.350 |LR=0.01498 | t=8.91s
    15 | base=0.259684 | val=0.370073 | acc1=0.8860 | Wμ=10.438 | Aμ=10.158 | Wmax=11.529 | Amax=10.429 |LR=0.01598 | t=8.89s
    16 | base=0.273314 | val=0.394031 | acc1=0.8763 | Wμ=10.532 | Aμ=10.160 | Wmax=12.737 | Amax=10.441 |LR=0.01698 | t=8.90s
    17 | base=0.300035 | val=0.449317 | acc1=0.8635 | Wμ=10.596 | Aμ=10.204 | Wmax=13.159 | Amax=10.562 |LR=0.01798 | t=8.91s
    18 | base=0.301567 | val=0.369471 | acc1=0.8824 | Wμ=10.665 | Aμ=10.283 | Wmax=13.162 | Amax=10.645 |LR=0.01898 | t=8.84s
    19 | base=0.251397 | val=0.411114 | acc1=0.8740 | Wμ=10.726 | Aμ=10.276 | Wmax=13.162 | Amax=10.722 |LR=0.01998 | t=8.88s
    20 | base=0.245419 | val=0.346131 | acc1=0.8896 | Wμ=7.563 | Aμ=7.598 | Wmax=9.185 | Amax=9.533 |LR=0.02 | t=8.91s
    21 | base=0.294530 | val=0.522358 | acc1=0.8400 | Wμ=4.320 | Aμ=4.937 | Wmax=5.858 | Amax=6.741 |LR=0.02 | t=8.87s
    22 | base=0.652677 | val=0.899864 | acc1=0.7482 | Wμ=2.165 | Aμ=4.399 | Wmax=3.700 | Amax=5.883 |LR=0.02 | t=8.86s
    23 | base=0.986151 | val=2.016818 | acc1=0.5455 | Wμ=1.442 | Aμ=4.167 | Wmax=3.322 | Amax=5.322 |LR=0.02 | t=8.87s
    24 | base=1.110947 | val=1.955619 | acc1=0.5253 | Wμ=1.216 | Aμ=3.314 | Wmax=3.000 | Amax=4.322 |LR=0.02 | t=8.86s
    25 | base=1.104187 | val=1.503725 | acc1=0.5793 | Wμ=1.110 | Aμ=2.610 | Wmax=2.585 | Amax=3.459 |LR=0.02 | t=8.85s
    26 | base=1.088067 | val=1.719723 | acc1=0.5466 | Wμ=1.042 | Aμ=2.123 | Wmax=2.322 | Amax=2.585 |LR=0.02 | t=8.83s
    27 | base=1.110020 | val=1.657512 | acc1=0.5808 | Wμ=1.020 | Aμ=1.796 | Wmax=2.000 | Amax=2.322 |LR=0.02 | t=8.89s
    28 | base=1.105063 | val=1.077384 | acc1=0.6624 | Wμ=1.009 | Aμ=1.614 | Wmax=2.000 | Amax=2.000 |LR=0.02 | t=8.90s
    29 | base=1.319769 | val=1.237892 | acc1=0.6174 | Wμ=1.000 | Aμ=1.424 | Wmax=2.000 | Amax=2.000 |LR=0.02 | t=8.87s
    30 | base=1.445968 | val=1.523934 | acc1=0.5347 | Wμ=0.995 | Aμ=1.257 | Wmax=1.585 | Amax=1.585 |LR=0.02 | t=8.87s
    31 | base=1.615251 | val=1.711496 | acc1=0.5034 | Wμ=0.986 | Aμ=1.201 | Wmax=1.585 | Amax=1.585 |LR=0.02 | t=8.85s
    32 | base=1.651478 | val=1.947064 | acc1=0.4693 | Wμ=0.981 | Aμ=1.150 | Wmax=1.585 | Amax=1.585 |LR=0.02 | t=8.85s
    33 | base=1.584381 | val=2.228648 | acc1=0.4621 | Wμ=0.977 | Aμ=1.128 | Wmax=1.000 | Amax=1.585 |LR=0.02 | t=8.87s
    34 | base=1.461438 | val=1.426163 | acc1=0.6073 | Wμ=0.973 | Aμ=1.052 | Wmax=1.000 | Amax=1.000 |LR=0.02 | t=8.94s
    35 | base=1.441849 | val=2.172854 | acc1=0.4820 | Wμ=0.970 | Aμ=0.977 | Wmax=1.000 | Amax=1.000 |LR=0.018582 | t=8.87s
    36 | base=1.349298 | val=1.009903 | acc1=0.6939 | Wμ=0.970 | Aμ=0.968 | Wmax=1.000 | Amax=1.000 |LR=0.017238 | t=8.89s
    37 | base=1.409510 | val=1.014304 | acc1=0.6815 | Wμ=0.970 | Aμ=0.979 | Wmax=1.000 | Amax=1.000 |LR=0.015992 | t=8.87s
    38 | base=1.304096 | val=0.954155 | acc1=0.6983 | Wμ=0.970 | Aμ=0.977 | Wmax=1.000 | Amax=1.000 |LR=0.014835 | t=8.88s
    39 | base=1.219116 | val=1.011456 | acc1=0.6897 | Wμ=0.970 | Aμ=0.964 | Wmax=1.000 | Amax=1.000 |LR=0.013763 | t=8.87s
    40 | base=1.258417 | val=1.387776 | acc1=0.6129 | Wμ=0.969 | Aμ=0.979 | Wmax=1.000 | Amax=1.000 |LR=0.012767 | t=8.90s
    41 | base=1.330929 | val=0.972686 | acc1=0.6892 | Wμ=0.967 | Aμ=0.974 | Wmax=1.000 | Amax=1.000 |LR=0.011844 | t=8.91s
    42 | base=1.288867 | val=0.995881 | acc1=0.6859 | Wμ=0.968 | Aμ=0.969 | Wmax=1.000 | Amax=1.000 |LR=0.010988 | t=8.88s
    43 | base=1.259958 | val=1.236694 | acc1=0.6168 | Wμ=0.968 | Aμ=0.984 | Wmax=1.000 | Amax=1.000 |LR=0.010193 | t=8.87s
    44 | base=1.280717 | val=0.883562 | acc1=0.7101 | Wμ=0.968 | Aμ=0.956 | Wmax=1.000 | Amax=1.000 |LR=0.0094562 | t=8.89s
    45 | base=1.223021 | val=0.790368 | acc1=0.7451 | Wμ=0.969 | Aμ=0.968 | Wmax=1.000 | Amax=1.000 |LR=0.0087724 | t=8.92s
    46 | base=1.238549 | val=1.122831 | acc1=0.6241 | Wμ=0.969 | Aμ=0.967 | Wmax=1.000 | Amax=1.000 |LR=0.0081381 | t=8.93s
    47 | base=1.177209 | val=1.135633 | acc1=0.6651 | Wμ=0.970 | Aμ=0.970 | Wmax=1.000 | Amax=1.000 |LR=0.0075497 | t=8.91s
    48 | base=1.257660 | val=0.878894 | acc1=0.7203 | Wμ=0.970 | Aμ=0.956 | Wmax=1.000 | Amax=1.000 |LR=0.0070037 | t=8.92s
    49 | base=1.187742 | val=1.104106 | acc1=0.6626 | Wμ=0.970 | Aμ=0.964 | Wmax=1.000 | Amax=1.000 |LR=0.0064973 | t=8.90s
