     0 | base=nan | val=0.236715 | acc1=nan | Wμ=nan | Aμ=nan | Wmax=nan | Amax=nan |LR=nan | ‖g‖=nan | satA=nan | satW=nan | εμ=nan | εvar=nan | corr(ε,x)=nan | t=nans
     0 | base=nan | val=0.236732 | acc1=0.9282 | Wμ=11.186 | Aμ=20.000 | Wmax=12.916 | Amax=13.744 |LR=nan | ‖g‖=nan | satA=nan | satW=nan | εμ=nan | εvar=nan | corr(ε,x)=nan | t=nans
     0 | base=nan | val=0.236786 | acc1=0.9281 | Wμ=9.786 | Aμ=20.000 | Wmax=10.000 | Amax=13.743 |LR=nan | ‖g‖=nan | satA=nan | satW=nan | εμ=nan | εvar=nan | corr(ε,x)=nan | t=nans
     0 | base=nan | val=0.236878 | acc1=0.9281 | Wμ=9.786 | Aμ=10.000 | Wmax=10.000 | Amax=9.994 |LR=nan | ‖g‖=nan | satA=nan | satW=nan | εμ=nan | εvar=nan | corr(ε,x)=nan | t=nans
# epoch | BaseLoss | ValLoss | Acc@1 | MeanWBits | MeanABits | MaxWBits | MaxABits | LR | GradNorm | WSat | ASat | NoiseMean | NoiseVar | NoiseCorr | Temp | EpochTime(s)
     0 | base=nan | val=0.213726 | acc1=0.9335 | Wμ=9.786 | Aμ=10.000 | Wmax=10.000 | Amax=10.000 |LR=nan | ‖g‖=nan | satA=nan | satW=nan | εμ=nan | εvar=nan | corr(ε,x)=nan | t=nans
     1 | base=0.004874 | val=0.240269 | acc1=0.9259 | Wμ=9.786 | Aμ=10.003 | Wmax=10.008 | Amax=9.997 |LR=0.00099 | ‖g‖=nan | satA=nan | satW=nan | εμ=nan | εvar=nan | corr(ε,x)=nan | t=nans
     3 | base=0.006551 | val=0.241996 | acc1=0.9236 | Wμ=9.789 | Aμ=10.015 | Wmax=10.051 | Amax=10.003 |LR=0.00199 | ‖g‖=nan | satA=nan | satW=nan | εμ=nan | εvar=nan | corr(ε,x)=nan | t=nans
     5 | base=0.047670 | val=0.288021 | acc1=0.9107 | Wμ=9.799 | Aμ=10.039 | Wmax=10.128 | Amax=10.021 |LR=0.00299 | ‖g‖=nan | satA=nan | satW=nan | εμ=nan | εvar=nan | corr(ε,x)=nan | t=nans
     7 | base=0.064301 | val=0.276612 | acc1=0.9127 | Wμ=9.828 | Aμ=10.060 | Wmax=10.219 | Amax=10.045 |LR=0.00399 | ‖g‖=nan | satA=nan | satW=nan | εμ=nan | εvar=nan | corr(ε,x)=nan | t=nans
     9 | base=0.124904 | val=0.318025 | acc1=0.9002 | Wμ=9.873 | Aμ=10.075 | Wmax=10.410 | Amax=10.098 |LR=0.00499 | ‖g‖=nan | satA=nan | satW=nan | εμ=nan | εvar=nan | corr(ε,x)=nan | t=nans
    11 | base=0.148557 | val=0.317744 | acc1=0.8991 | Wμ=9.944 | Aμ=10.063 | Wmax=10.660 | Amax=10.119 |LR=0.00599 | ‖g‖=nan | satA=nan | satW=nan | εμ=nan | εvar=nan | corr(ε,x)=nan | t=nans
    13 | base=0.175060 | val=0.308175 | acc1=0.9040 | Wμ=10.021 | Aμ=10.080 | Wmax=10.894 | Amax=10.131 |LR=0.00699 | ‖g‖=nan | satA=nan | satW=nan | εμ=nan | εvar=nan | corr(ε,x)=nan | t=nans
    15 | base=0.195382 | val=0.379749 | acc1=0.8839 | Wμ=10.115 | Aμ=10.103 | Wmax=11.060 | Amax=10.243 |LR=0.00799 | ‖g‖=nan | satA=nan | satW=nan | εμ=nan | εvar=nan | corr(ε,x)=nan | t=nans
    17 | base=0.227173 | val=0.357489 | acc1=0.8894 | Wμ=10.205 | Aμ=10.112 | Wmax=11.245 | Amax=10.366 |LR=0.00899 | ‖g‖=nan | satA=nan | satW=nan | εμ=nan | εvar=nan | corr(ε,x)=nan | t=nans
    19 | base=0.183133 | val=0.356695 | acc1=0.8893 | Wμ=10.303 | Aμ=10.149 | Wmax=11.386 | Amax=10.396 |LR=0.00999 | ‖g‖=nan | satA=nan | satW=nan | εμ=nan | εvar=nan | corr(ε,x)=nan | t=nans
    21 | base=0.235139 | val=0.345121 | acc1=0.8904 | Wμ=7.342 | Aμ=7.803 | Wmax=7.994 | Amax=9.534 |LR=0.01 | ‖g‖=nan | satA=nan | satW=nan | εμ=nan | εvar=nan | corr(ε,x)=nan | t=nans
    23 | base=0.219143 | val=0.329060 | acc1=0.8961 | Wμ=4.606 | Aμ=5.566 | Wmax=5.555 | Amax=7.180 |LR=0.01 | ‖g‖=nan | satA=nan | satW=nan | εμ=nan | εvar=nan | corr(ε,x)=nan | t=nans
    25 | base=0.334679 | val=0.453651 | acc1=0.8605 | Wμ=2.683 | Aμ=4.645 | Wmax=4.000 | Amax=6.170 |LR=0.01 | ‖g‖=nan | satA=nan | satW=nan | εμ=nan | εvar=nan | corr(ε,x)=nan | t=nans
    27 | base=0.642372 | val=0.906169 | acc1=0.7488 | Wμ=1.664 | Aμ=4.299 | Wmax=3.322 | Amax=5.700 |LR=0.01 | ‖g‖=nan | satA=nan | satW=nan | εμ=nan | εvar=nan | corr(ε,x)=nan | t=nans
    29 | base=0.754043 | val=3.561143 | acc1=0.4094 | Wμ=1.330 | Aμ=3.738 | Wmax=2.807 | Amax=4.907 |LR=0.01 | ‖g‖=nan | satA=nan | satW=nan | εμ=nan | εvar=nan | corr(ε,x)=nan | t=nans
    31 | base=0.770974 | val=0.751272 | acc1=0.7757 | Wμ=1.151 | Aμ=3.078 | Wmax=2.322 | Amax=3.907 |LR=0.01 | ‖g‖=nan | satA=nan | satW=nan | εμ=nan | εvar=nan | corr(ε,x)=nan | t=nans
    33 | base=0.854987 | val=1.897994 | acc1=0.4910 | Wμ=1.065 | Aμ=2.464 | Wmax=2.000 | Amax=3.000 |LR=0.01 | ‖g‖=nan | satA=nan | satW=nan | εμ=nan | εvar=nan | corr(ε,x)=nan | t=nans
    35 | base=0.869251 | val=0.885909 | acc1=0.7169 | Wμ=1.021 | Aμ=1.976 | Wmax=2.000 | Amax=2.322 |LR=0.01 | ‖g‖=nan | satA=nan | satW=nan | εμ=nan | εvar=nan | corr(ε,x)=nan | t=nans
    37 | base=1.080517 | val=1.208735 | acc1=0.6399 | Wμ=1.010 | Aμ=1.709 | Wmax=2.000 | Amax=2.322 |LR=0.01 | ‖g‖=nan | satA=nan | satW=nan | εμ=nan | εvar=nan | corr(ε,x)=nan | t=nans
    39 | base=1.163406 | val=0.880263 | acc1=0.7336 | Wμ=1.000 | Aμ=1.439 | Wmax=1.585 | Amax=2.000 |LR=0.01 | ‖g‖=nan | satA=nan | satW=nan | εμ=nan | εvar=nan | corr(ε,x)=nan | t=nans
    41 | base=1.047137 | val=1.288294 | acc1=0.6263 | Wμ=0.994 | Aμ=1.289 | Wmax=1.585 | Amax=1.585 |LR=0.01 | ‖g‖=nan | satA=nan | satW=nan | εμ=nan | εvar=nan | corr(ε,x)=nan | t=nans
    43 | base=1.466119 | val=0.720876 | acc1=0.7698 | Wμ=0.988 | Aμ=1.179 | Wmax=1.585 | Amax=1.585 |LR=0.01 | ‖g‖=nan | satA=nan | satW=nan | εμ=nan | εvar=nan | corr(ε,x)=nan | t=nans
    45 | base=1.343209 | val=0.866848 | acc1=0.7395 | Wμ=0.984 | Aμ=1.155 | Wmax=1.000 | Amax=1.585 |LR=0.01 | ‖g‖=nan | satA=nan | satW=nan | εμ=nan | εvar=nan | corr(ε,x)=nan | t=nans
    47 | base=1.510953 | val=0.976600 | acc1=0.6880 | Wμ=0.982 | Aμ=1.108 | Wmax=1.000 | Amax=1.000 |LR=0.01 | ‖g‖=nan | satA=nan | satW=nan | εμ=nan | εvar=nan | corr(ε,x)=nan | t=nans
    49 | base=1.358568 | val=1.047857 | acc1=0.6649 | Wμ=0.980 | Aμ=1.047 | Wmax=1.000 | Amax=1.585 |LR=0.008619 | ‖g‖=nan | satA=nan | satW=nan | εμ=nan | εvar=nan | corr(ε,x)=nan | t=nans
    51 | base=1.266854 | val=0.781015 | acc1=0.7449 | Wμ=0.979 | Aμ=1.019 | Wmax=1.000 | Amax=1.000 |LR=0.0086061 | ‖g‖=nan | satA=nan | satW=nan | εμ=nan | εvar=nan | corr(ε,x)=nan | t=nans
    53 | base=1.245801 | val=0.788321 | acc1=0.7462 | Wμ=0.979 | Aμ=0.987 | Wmax=1.000 | Amax=1.000 |LR=0.0074176 | ‖g‖=nan | satA=nan | satW=nan | εμ=nan | εvar=nan | corr(ε,x)=nan | t=nans
    55 | base=1.153837 | val=1.304417 | acc1=0.6092 | Wμ=0.980 | Aμ=0.992 | Wmax=1.000 | Amax=1.000 |LR=0.0063837 | ‖g‖=nan | satA=nan | satW=nan | εμ=nan | εvar=nan | corr(ε,x)=nan | t=nans
    57 | base=1.207241 | val=0.887825 | acc1=0.7160 | Wμ=0.980 | Aμ=0.994 | Wmax=1.000 | Amax=1.000 |LR=0.0054939 | ‖g‖=nan | satA=nan | satW=nan | εμ=nan | εvar=nan | corr(ε,x)=nan | t=nans
    59 | base=1.165092 | val=0.965135 | acc1=0.7089 | Wμ=0.980 | Aμ=0.992 | Wmax=1.000 | Amax=1.000 |LR=0.0047281 | ‖g‖=nan | satA=nan | satW=nan | εμ=nan | εvar=nan | corr(ε,x)=nan | t=nans
    61 | base=1.081841 | val=0.912575 | acc1=0.7109 | Wμ=0.980 | Aμ=0.982 | Wmax=1.000 | Amax=1.000 |LR=0.0040691 | ‖g‖=nan | satA=nan | satW=nan | εμ=nan | εvar=nan | corr(ε,x)=nan | t=nans
    63 | base=1.137994 | val=0.674578 | acc1=0.7764 | Wμ=0.980 | Aμ=0.992 | Wmax=1.000 | Amax=1.000 |LR=0.0035019 | ‖g‖=nan | satA=nan | satW=nan | εμ=nan | εvar=nan | corr(ε,x)=nan | t=nans
    65 | base=1.115404 | val=0.978927 | acc1=0.6942 | Wμ=0.982 | Aμ=0.987 | Wmax=1.000 | Amax=1.000 |LR=0.0030138 | ‖g‖=nan | satA=nan | satW=nan | εμ=nan | εvar=nan | corr(ε,x)=nan | t=nans
    67 | base=1.075103 | val=0.821206 | acc1=0.7325 | Wμ=0.982 | Aμ=0.990 | Wmax=1.000 | Amax=1.000 |LR=0.0025937 | ‖g‖=nan | satA=nan | satW=nan | εμ=nan | εvar=nan | corr(ε,x)=nan | t=nans
    69 | base=1.088335 | val=0.697341 | acc1=0.7734 | Wμ=0.983 | Aμ=0.988 | Wmax=1.000 | Amax=1.000 |LR=0.0022321 | ‖g‖=nan | satA=nan | satW=nan | εμ=nan | εvar=nan | corr(ε,x)=nan | t=nans
    71 | base=1.100503 | val=0.735907 | acc1=0.7671 | Wμ=0.983 | Aμ=0.993 | Wmax=1.000 | Amax=1.000 |LR=0.001921 | ‖g‖=nan | satA=nan | satW=nan | εμ=nan | εvar=nan | corr(ε,x)=nan | t=nans
    73 | base=1.088619 | val=0.846522 | acc1=0.7225 | Wμ=0.984 | Aμ=0.992 | Wmax=1.000 | Amax=1.000 |LR=0.0016532 | ‖g‖=nan | satA=nan | satW=nan | εμ=nan | εvar=nan | corr(ε,x)=nan | t=nans
    75 | base=1.032712 | val=0.719561 | acc1=0.7716 | Wμ=0.984 | Aμ=0.992 | Wmax=1.000 | Amax=1.000 |LR=0.0014228 | ‖g‖=nan | satA=nan | satW=nan | εμ=nan | εvar=nan | corr(ε,x)=nan | t=nans
    77 | base=1.114745 | val=0.676640 | acc1=0.7766 | Wμ=0.985 | Aμ=0.994 | Wmax=1.000 | Amax=1.000 |LR=0.0012245 | ‖g‖=nan | satA=nan | satW=nan | εμ=nan | εvar=nan | corr(ε,x)=nan | t=nans
    79 | base=0.999676 | val=1.003391 | acc1=0.6891 | Wμ=0.986 | Aμ=0.995 | Wmax=1.000 | Amax=1.000 |LR=0.0010538 | ‖g‖=nan | satA=nan | satW=nan | εμ=nan | εvar=nan | corr(ε,x)=nan | t=nans
    81 | base=1.095135 | val=0.814382 | acc1=0.7453 | Wμ=0.986 | Aμ=0.993 | Wmax=1.000 | Amax=1.000 |LR=0.00090691 | ‖g‖=nan | satA=nan | satW=nan | εμ=nan | εvar=nan | corr(ε,x)=nan | t=nans
    83 | base=1.086804 | val=0.751095 | acc1=0.7555 | Wμ=0.986 | Aμ=0.994 | Wmax=1.000 | Amax=1.000 |LR=0.00078049 | ‖g‖=nan | satA=nan | satW=nan | εμ=nan | εvar=nan | corr(ε,x)=nan | t=nans
    85 | base=0.985410 | val=1.110200 | acc1=0.6734 | Wμ=0.987 | Aμ=0.993 | Wmax=1.000 | Amax=1.000 |LR=0.0006717 | ‖g‖=nan | satA=nan | satW=nan | εμ=nan | εvar=nan | corr(ε,x)=nan | t=nans
    87 | base=1.020994 | val=0.977425 | acc1=0.7070 | Wμ=0.987 | Aμ=0.995 | Wmax=1.000 | Amax=1.000 |LR=0.00057807 | ‖g‖=nan | satA=nan | satW=nan | εμ=nan | εvar=nan | corr(ε,x)=nan | t=nans
    89 | base=1.018265 | val=0.743996 | acc1=0.7623 | Wμ=0.987 | Aμ=0.993 | Wmax=1.000 | Amax=1.000 |LR=0.0004975 | ‖g‖=nan | satA=nan | satW=nan | εμ=nan | εvar=nan | corr(ε,x)=nan | t=nans
    91 | base=0.989738 | val=0.634526 | acc1=0.7919 | Wμ=0.988 | Aμ=0.996 | Wmax=1.000 | Amax=1.000 |LR=0.00042815 | ‖g‖=nan | satA=nan | satW=nan | εμ=nan | εvar=nan | corr(ε,x)=nan | t=nans
    93 | base=0.954177 | val=0.626798 | acc1=0.7921 | Wμ=0.988 | Aμ=0.996 | Wmax=1.000 | Amax=1.000 |LR=0.00036847 | ‖g‖=nan | satA=nan | satW=nan | εμ=nan | εvar=nan | corr(ε,x)=nan | t=nans
    95 | base=0.911552 | val=0.699377 | acc1=0.7764 | Wμ=0.988 | Aμ=0.997 | Wmax=1.000 | Amax=1.000 |LR=0.00031711 | ‖g‖=nan | satA=nan | satW=nan | εμ=nan | εvar=nan | corr(ε,x)=nan | t=nans
    97 | base=1.041068 | val=0.659493 | acc1=0.7855 | Wμ=0.988 | Aμ=0.996 | Wmax=1.000 | Amax=1.000 |LR=0.00027291 | ‖g‖=nan | satA=nan | satW=nan | εμ=nan | εvar=nan | corr(ε,x)=nan | t=nans
    99 | base=0.942688 | val=0.609743 | acc1=0.8041 | Wμ=0.989 | Aμ=0.997 | Wmax=1.000 | Amax=1.000 |LR=0.00023487 | ‖g‖=nan | satA=nan | satW=nan | εμ=nan | εvar=nan | corr(ε,x)=nan | t=nans
   101 | base=0.871133 | val=0.551664 | acc1=0.8181 | Wμ=0.989 | Aμ=0.996 | Wmax=1.000 | Amax=1.000 |LR=0.00020213 | ‖g‖=nan | satA=nan | satW=nan | εμ=nan | εvar=nan | corr(ε,x)=nan | t=nans
   103 | base=0.923905 | val=0.542299 | acc1=0.8180 | Wμ=0.990 | Aμ=0.997 | Wmax=1.000 | Amax=1.000 |LR=0.00017396 | ‖g‖=nan | satA=nan | satW=nan | εμ=nan | εvar=nan | corr(ε,x)=nan | t=nans
   105 | base=0.889034 | val=0.627613 | acc1=0.8008 | Wμ=0.990 | Aμ=0.998 | Wmax=1.000 | Amax=1.000 |LR=0.00014971 | ‖g‖=nan | satA=nan | satW=nan | εμ=nan | εvar=nan | corr(ε,x)=nan | t=nans
   107 | base=0.946558 | val=0.550439 | acc1=0.8223 | Wμ=0.990 | Aμ=0.998 | Wmax=1.000 | Amax=1.000 |LR=0.00012884 | ‖g‖=nan | satA=nan | satW=nan | εμ=nan | εvar=nan | corr(ε,x)=nan | t=nans
   109 | base=0.981044 | val=0.617780 | acc1=0.7998 | Wμ=0.991 | Aμ=0.998 | Wmax=1.000 | Amax=1.000 |LR=0.00011088 | ‖g‖=nan | satA=nan | satW=nan | εμ=nan | εvar=nan | corr(ε,x)=nan | t=nans
   111 | base=0.958846 | val=0.601357 | acc1=0.8017 | Wμ=0.991 | Aμ=0.998 | Wmax=1.000 | Amax=1.000 |LR=9.5426e-05 | ‖g‖=nan | satA=nan | satW=nan | εμ=nan | εvar=nan | corr(ε,x)=nan | t=nans
   113 | base=0.864729 | val=0.617064 | acc1=0.7989 | Wμ=0.991 | Aμ=0.998 | Wmax=1.000 | Amax=1.000 |LR=8.2125e-05 | ‖g‖=nan | satA=nan | satW=nan | εμ=nan | εvar=nan | corr(ε,x)=nan | t=nans
   115 | base=0.937582 | val=0.635691 | acc1=0.7996 | Wμ=0.991 | Aμ=0.998 | Wmax=1.000 | Amax=1.000 |LR=7.0677e-05 | ‖g‖=nan | satA=nan | satW=nan | εμ=nan | εvar=nan | corr(ε,x)=nan | t=nans
   117 | base=0.921459 | val=0.597994 | acc1=0.8039 | Wμ=0.992 | Aμ=0.998 | Wmax=1.000 | Amax=1.000 |LR=6.0826e-05 | ‖g‖=nan | satA=nan | satW=nan | εμ=nan | εvar=nan | corr(ε,x)=nan | t=nans
   119 | base=0.976892 | val=0.535474 | acc1=0.8210 | Wμ=0.992 | Aμ=0.999 | Wmax=1.000 | Amax=1.000 |LR=5.2347e-05 | ‖g‖=nan | satA=nan | satW=nan | εμ=nan | εvar=nan | corr(ε,x)=nan | t=nans
   121 | base=0.936842 | val=0.524381 | acc1=0.8277 | Wμ=0.992 | Aμ=0.998 | Wmax=1.000 | Amax=1.000 |LR=4.5051e-05 | ‖g‖=nan | satA=nan | satW=nan | εμ=nan | εvar=nan | corr(ε,x)=nan | t=nans
   123 | base=0.964523 | val=0.505236 | acc1=0.8303 | Wμ=0.992 | Aμ=0.999 | Wmax=1.000 | Amax=1.000 |LR=3.8771e-05 | ‖g‖=nan | satA=nan | satW=nan | εμ=nan | εvar=nan | corr(ε,x)=nan | t=nans
   125 | base=0.915318 | val=0.608957 | acc1=0.8068 | Wμ=0.992 | Aμ=0.999 | Wmax=1.000 | Amax=1.000 |LR=3.3367e-05 | ‖g‖=nan | satA=nan | satW=nan | εμ=nan | εvar=nan | corr(ε,x)=nan | t=nans
   127 | base=0.941229 | val=0.569459 | acc1=0.8136 | Wμ=0.992 | Aμ=0.999 | Wmax=1.000 | Amax=1.000 |LR=2.8716e-05 | ‖g‖=nan | satA=nan | satW=nan | εμ=nan | εvar=nan | corr(ε,x)=nan | t=nans
   129 | base=0.926325 | val=0.512941 | acc1=0.8294 | Wμ=0.992 | Aμ=0.999 | Wmax=1.000 | Amax=1.000 |LR=2.4713e-05 | ‖g‖=nan | satA=nan | satW=nan | εμ=nan | εvar=nan | corr(ε,x)=nan | t=nans
   131 | base=0.949332 | val=0.573702 | acc1=0.8144 | Wμ=0.993 | Aμ=0.999 | Wmax=1.000 | Amax=1.000 |LR=2.1268e-05 | ‖g‖=nan | satA=nan | satW=nan | εμ=nan | εvar=nan | corr(ε,x)=nan | t=nans
   133 | base=0.870316 | val=0.514649 | acc1=0.8345 | Wμ=0.993 | Aμ=0.999 | Wmax=1.000 | Amax=1.000 |LR=1.8304e-05 | ‖g‖=nan | satA=nan | satW=nan | εμ=nan | εvar=nan | corr(ε,x)=nan | t=nans
   135 | base=0.952240 | val=0.502659 | acc1=0.8329 | Wμ=0.993 | Aμ=0.999 | Wmax=1.000 | Amax=1.000 |LR=1.5753e-05 | ‖g‖=nan | satA=nan | satW=nan | εμ=nan | εvar=nan | corr(ε,x)=nan | t=nans
   137 | base=0.890814 | val=0.577832 | acc1=0.8121 | Wμ=0.993 | Aμ=0.999 | Wmax=1.000 | Amax=1.000 |LR=1.3557e-05 | ‖g‖=nan | satA=nan | satW=nan | εμ=nan | εvar=nan | corr(ε,x)=nan | t=nans
   139 | base=0.899929 | val=0.543819 | acc1=0.8186 | Wμ=0.993 | Aμ=0.999 | Wmax=1.000 | Amax=1.000 |LR=1.1667e-05 | ‖g‖=nan | satA=nan | satW=nan | εμ=nan | εvar=nan | corr(ε,x)=nan | t=nans
   141 | base=0.973064 | val=0.590130 | acc1=0.8079 | Wμ=0.993 | Aμ=0.999 | Wmax=1.000 | Amax=1.000 |LR=1.0041e-05 | ‖g‖=nan | satA=nan | satW=nan | εμ=nan | εvar=nan | corr(ε,x)=nan | t=nans
   143 | base=0.949916 | val=0.661974 | acc1=0.7878 | Wμ=0.993 | Aμ=0.999 | Wmax=1.000 | Amax=1.000 |LR=8.6413e-06 | ‖g‖=nan | satA=nan | satW=nan | εμ=nan | εvar=nan | corr(ε,x)=nan | t=nans
   145 | base=0.953455 | val=0.524445 | acc1=0.8235 | Wμ=0.993 | Aμ=0.999 | Wmax=1.000 | Amax=1.000 |LR=7.4368e-06 | ‖g‖=nan | satA=nan | satW=nan | εμ=nan | εvar=nan | corr(ε,x)=nan | t=nans
   147 | base=0.977143 | val=0.531927 | acc1=0.8235 | Wμ=0.993 | Aμ=0.999 | Wmax=1.000 | Amax=1.000 |LR=6.4002e-06 | ‖g‖=nan | satA=nan | satW=nan | εμ=nan | εvar=nan | corr(ε,x)=nan | t=nans
   149 | base=0.901762 | val=0.547466 | acc1=0.8190 | Wμ=0.993 | Aμ=0.999 | Wmax=1.000 | Amax=1.000 |LR=5.5081e-06 | ‖g‖=nan | satA=nan | satW=nan | εμ=nan | εvar=nan | corr(ε,x)=nan | t=nans
   151 | base=0.965191 | val=0.530810 | acc1=0.8261 | Wμ=0.993 | Aμ=0.999 | Wmax=1.000 | Amax=1.000 |LR=4.7403e-06 | ‖g‖=nan | satA=nan | satW=nan | εμ=nan | εvar=nan | corr(ε,x)=nan | t=nans
   153 | base=0.905124 | val=0.524176 | acc1=0.8244 | Wμ=0.993 | Aμ=0.999 | Wmax=1.000 | Amax=1.000 |LR=4.0795e-06 | ‖g‖=nan | satA=nan | satW=nan | εμ=nan | εvar=nan | corr(ε,x)=nan | t=nans
   155 | base=0.984560 | val=0.508534 | acc1=0.8287 | Wμ=0.993 | Aμ=0.999 | Wmax=1.000 | Amax=1.000 |LR=3.5109e-06 | ‖g‖=nan | satA=nan | satW=nan | εμ=nan | εvar=nan | corr(ε,x)=nan | t=nans
   157 | base=0.960304 | val=0.510371 | acc1=0.8292 | Wμ=0.993 | Aμ=0.999 | Wmax=1.000 | Amax=1.000 |LR=3.0215e-06 | ‖g‖=nan | satA=nan | satW=nan | εμ=nan | εvar=nan | corr(ε,x)=nan | t=nans
   159 | base=0.965529 | val=0.561022 | acc1=0.8159 | Wμ=0.993 | Aμ=0.999 | Wmax=1.000 | Amax=1.000 |LR=2.6004e-06 | ‖g‖=nan | satA=nan | satW=nan | εμ=nan | εvar=nan | corr(ε,x)=nan | t=nans
   161 | base=0.926194 | val=0.542454 | acc1=0.8269 | Wμ=0.993 | Aμ=0.999 | Wmax=1.000 | Amax=1.000 |LR=2.2379e-06 | ‖g‖=nan | satA=nan | satW=nan | εμ=nan | εvar=nan | corr(ε,x)=nan | t=nans
   163 | base=0.886632 | val=0.484998 | acc1=0.8385 | Wμ=0.993 | Aμ=0.999 | Wmax=1.000 | Amax=1.000 |LR=1.926e-06 | ‖g‖=nan | satA=nan | satW=nan | εμ=nan | εvar=nan | corr(ε,x)=nan | t=nans
   165 | base=0.917796 | val=0.485838 | acc1=0.8396 | Wμ=0.993 | Aμ=0.999 | Wmax=1.000 | Amax=1.000 |LR=1.6575e-06 | ‖g‖=nan | satA=nan | satW=nan | εμ=nan | εvar=nan | corr(ε,x)=nan | t=nans
   167 | base=0.878295 | val=0.507248 | acc1=0.8313 | Wμ=0.993 | Aμ=0.999 | Wmax=1.000 | Amax=1.000 |LR=1.4265e-06 | ‖g‖=nan | satA=nan | satW=nan | εμ=nan | εvar=nan | corr(ε,x)=nan | t=nans
   169 | base=0.965209 | val=0.516442 | acc1=0.8287 | Wμ=0.993 | Aμ=0.999 | Wmax=1.000 | Amax=1.000 |LR=1.2276e-06 | ‖g‖=nan | satA=nan | satW=nan | εμ=nan | εvar=nan | corr(ε,x)=nan | t=nans
   171 | base=0.915571 | val=0.504962 | acc1=0.8307 | Wμ=0.993 | Aμ=0.999 | Wmax=1.000 | Amax=1.000 |LR=1.0565e-06 | ‖g‖=nan | satA=nan | satW=nan | εμ=nan | εvar=nan | corr(ε,x)=nan | t=nans
   173 | base=0.938159 | val=0.529280 | acc1=0.8259 | Wμ=0.993 | Aμ=0.999 | Wmax=1.000 | Amax=1.000 |LR=9.0925e-07 | ‖g‖=nan | satA=nan | satW=nan | εμ=nan | εvar=nan | corr(ε,x)=nan | t=nans
   175 | base=0.931192 | val=0.525866 | acc1=0.8277 | Wμ=0.993 | Aμ=0.999 | Wmax=1.000 | Amax=1.000 |LR=7.8251e-07 | ‖g‖=nan | satA=nan | satW=nan | εμ=nan | εvar=nan | corr(ε,x)=nan | t=nans
   177 | base=0.929149 | val=0.523949 | acc1=0.8288 | Wμ=0.993 | Aμ=0.999 | Wmax=1.000 | Amax=1.000 |LR=6.7343e-07 | ‖g‖=nan | satA=nan | satW=nan | εμ=nan | εvar=nan | corr(ε,x)=nan | t=nans
   179 | base=0.856387 | val=0.536950 | acc1=0.8260 | Wμ=0.993 | Aμ=0.999 | Wmax=1.000 | Amax=1.000 |LR=5.7956e-07 | ‖g‖=nan | satA=nan | satW=nan | εμ=nan | εvar=nan | corr(ε,x)=nan | t=nans
   181 | base=0.922578 | val=0.495064 | acc1=0.8348 | Wμ=0.993 | Aμ=0.999 | Wmax=1.000 | Amax=1.000 |LR=4.9878e-07 | ‖g‖=nan | satA=nan | satW=nan | εμ=nan | εvar=nan | corr(ε,x)=nan | t=nans
   183 | base=0.952092 | val=0.511293 | acc1=0.8290 | Wμ=0.993 | Aμ=0.999 | Wmax=1.000 | Amax=1.000 |LR=4.2926e-07 | ‖g‖=nan | satA=nan | satW=nan | εμ=nan | εvar=nan | corr(ε,x)=nan | t=nans
   185 | base=0.931244 | val=0.558901 | acc1=0.8145 | Wμ=0.993 | Aμ=0.999 | Wmax=1.000 | Amax=1.000 |LR=3.6942e-07 | ‖g‖=nan | satA=nan | satW=nan | εμ=nan | εvar=nan | corr(ε,x)=nan | t=nans
   187 | base=0.900172 | val=0.519430 | acc1=0.8298 | Wμ=0.993 | Aμ=0.999 | Wmax=1.000 | Amax=1.000 |LR=3.1793e-07 | ‖g‖=nan | satA=nan | satW=nan | εμ=nan | εvar=nan | corr(ε,x)=nan | t=nans
   189 | base=0.920880 | val=0.516425 | acc1=0.8306 | Wμ=0.993 | Aμ=0.999 | Wmax=1.000 | Amax=1.000 |LR=2.7361e-07 | ‖g‖=nan | satA=nan | satW=nan | εμ=nan | εvar=nan | corr(ε,x)=nan | t=nans
   191 | base=0.945036 | val=0.540913 | acc1=0.8232 | Wμ=0.993 | Aμ=0.999 | Wmax=1.000 | Amax=1.000 |LR=2.3547e-07 | ‖g‖=nan | satA=nan | satW=nan | εμ=nan | εvar=nan | corr(ε,x)=nan | t=nans
   193 | base=0.914188 | val=0.532106 | acc1=0.8249 | Wμ=0.993 | Aμ=0.999 | Wmax=1.000 | Amax=1.000 |LR=2.0265e-07 | ‖g‖=nan | satA=nan | satW=nan | εμ=nan | εvar=nan | corr(ε,x)=nan | t=nans
   195 | base=0.953772 | val=0.519382 | acc1=0.8304 | Wμ=0.993 | Aμ=0.999 | Wmax=1.000 | Amax=1.000 |LR=1.744e-07 | ‖g‖=nan | satA=nan | satW=nan | εμ=nan | εvar=nan | corr(ε,x)=nan | t=nans
   197 | base=0.881953 | val=0.500085 | acc1=0.8338 | Wμ=0.993 | Aμ=0.999 | Wmax=1.000 | Amax=1.000 |LR=1.5009e-07 | ‖g‖=nan | satA=nan | satW=nan | εμ=nan | εvar=nan | corr(ε,x)=nan | t=nans
   199 | base=1.014568 | val=0.499425 | acc1=0.8352 | Wμ=0.993 | Aμ=0.999 | Wmax=1.000 | Amax=1.000 |LR=1.2917e-07 | ‖g‖=nan | satA=nan | satW=nan | εμ=nan | εvar=nan | corr(ε,x)=nan | t=nans
   201 | base=0.962023 | val=0.540801 | acc1=0.8164 | Wμ=0.993 | Aμ=0.999 | Wmax=1.000 | Amax=1.000 |LR=1.1117e-07 | ‖g‖=nan | satA=nan | satW=nan | εμ=nan | εvar=nan | corr(ε,x)=nan | t=nans
   203 | base=0.906347 | val=0.509239 | acc1=0.8337 | Wμ=0.993 | Aμ=0.999 | Wmax=1.000 | Amax=1.000 |LR=9.5672e-08 | ‖g‖=nan | satA=nan | satW=nan | εμ=nan | εvar=nan | corr(ε,x)=nan | t=nans
   205 | base=0.928663 | val=0.491351 | acc1=0.8389 | Wμ=0.993 | Aμ=0.999 | Wmax=1.000 | Amax=1.000 |LR=8.2336e-08 | ‖g‖=nan | satA=nan | satW=nan | εμ=nan | εvar=nan | corr(ε,x)=nan | t=nans
   207 | base=0.880506 | val=0.526503 | acc1=0.8242 | Wμ=0.993 | Aμ=0.999 | Wmax=1.000 | Amax=1.000 |LR=7.086e-08 | ‖g‖=nan | satA=nan | satW=nan | εμ=nan | εvar=nan | corr(ε,x)=nan | t=nans
   209 | base=0.870831 | val=0.567072 | acc1=0.8141 | Wμ=0.993 | Aμ=0.999 | Wmax=1.000 | Amax=1.000 |LR=6.0983e-08 | ‖g‖=nan | satA=nan | satW=nan | εμ=nan | εvar=nan | corr(ε,x)=nan | t=nans
   211 | base=0.855826 | val=0.506549 | acc1=0.8339 | Wμ=0.993 | Aμ=0.999 | Wmax=1.000 | Amax=1.000 |LR=5.2482e-08 | ‖g‖=nan | satA=nan | satW=nan | εμ=nan | εvar=nan | corr(ε,x)=nan | t=nans
   213 | base=0.879994 | val=0.494413 | acc1=0.8372 | Wμ=0.993 | Aμ=0.999 | Wmax=1.000 | Amax=1.000 |LR=4.5167e-08 | ‖g‖=nan | satA=nan | satW=nan | εμ=nan | εvar=nan | corr(ε,x)=nan | t=nans
   215 | base=0.956789 | val=0.533352 | acc1=0.8256 | Wμ=0.993 | Aμ=0.999 | Wmax=1.000 | Amax=1.000 |LR=3.8871e-08 | ‖g‖=nan | satA=nan | satW=nan | εμ=nan | εvar=nan | corr(ε,x)=nan | t=nans
   217 | base=0.814800 | val=0.626844 | acc1=0.7962 | Wμ=0.993 | Aμ=0.999 | Wmax=1.000 | Amax=1.000 |LR=3.3453e-08 | ‖g‖=nan | satA=nan | satW=nan | εμ=nan | εvar=nan | corr(ε,x)=nan | t=nans
   219 | base=0.930541 | val=0.506958 | acc1=0.8331 | Wμ=0.993 | Aμ=0.999 | Wmax=1.000 | Amax=1.000 |LR=2.879e-08 | ‖g‖=nan | satA=nan | satW=nan | εμ=nan | εvar=nan | corr(ε,x)=nan | t=nans
   221 | base=0.880890 | val=0.530317 | acc1=0.8249 | Wμ=0.993 | Aμ=0.999 | Wmax=1.000 | Amax=1.000 |LR=2.4777e-08 | ‖g‖=nan | satA=nan | satW=nan | εμ=nan | εvar=nan | corr(ε,x)=nan | t=nans
   223 | base=0.975242 | val=0.535181 | acc1=0.8198 | Wμ=0.993 | Aμ=0.999 | Wmax=1.000 | Amax=1.000 |LR=2.1323e-08 | ‖g‖=nan | satA=nan | satW=nan | εμ=nan | εvar=nan | corr(ε,x)=nan | t=nans
   225 | base=0.907498 | val=0.575301 | acc1=0.8117 | Wμ=0.993 | Aμ=0.999 | Wmax=1.000 | Amax=1.000 |LR=1.8351e-08 | ‖g‖=nan | satA=nan | satW=nan | εμ=nan | εvar=nan | corr(ε,x)=nan | t=nans
   227 | base=0.906522 | val=0.501027 | acc1=0.8354 | Wμ=0.993 | Aμ=0.999 | Wmax=1.000 | Amax=1.000 |LR=1.5793e-08 | ‖g‖=nan | satA=nan | satW=nan | εμ=nan | εvar=nan | corr(ε,x)=nan | t=nans
   229 | base=0.833887 | val=0.501864 | acc1=0.8322 | Wμ=0.993 | Aμ=0.999 | Wmax=1.000 | Amax=1.000 |LR=1.3592e-08 | ‖g‖=nan | satA=nan | satW=nan | εμ=nan | εvar=nan | corr(ε,x)=nan | t=nans
   231 | base=0.923505 | val=0.508261 | acc1=0.8319 | Wμ=0.993 | Aμ=0.999 | Wmax=1.000 | Amax=1.000 |LR=1.1697e-08 | ‖g‖=nan | satA=nan | satW=nan | εμ=nan | εvar=nan | corr(ε,x)=nan | t=nans
   233 | base=0.856579 | val=0.504279 | acc1=0.8320 | Wμ=0.993 | Aμ=0.999 | Wmax=1.000 | Amax=1.000 |LR=1.0067e-08 | ‖g‖=nan | satA=nan | satW=nan | εμ=nan | εvar=nan | corr(ε,x)=nan | t=nans
   235 | base=0.882417 | val=0.528849 | acc1=0.8250 | Wμ=0.993 | Aμ=0.999 | Wmax=1.000 | Amax=1.000 |LR=8.6635e-09 | ‖g‖=nan | satA=nan | satW=nan | εμ=nan | εvar=nan | corr(ε,x)=nan | t=nans
   237 | base=0.967596 | val=0.492216 | acc1=0.8378 | Wμ=0.993 | Aμ=0.999 | Wmax=1.000 | Amax=1.000 |LR=7.4559e-09 | ‖g‖=nan | satA=nan | satW=nan | εμ=nan | εvar=nan | corr(ε,x)=nan | t=nans
   239 | base=0.848523 | val=0.502433 | acc1=0.8359 | Wμ=0.993 | Aμ=0.999 | Wmax=1.000 | Amax=1.000 |LR=6.4167e-09 | ‖g‖=nan | satA=nan | satW=nan | εμ=nan | εvar=nan | corr(ε,x)=nan | t=nans
   241 | base=0.879059 | val=0.496106 | acc1=0.8369 | Wμ=0.993 | Aμ=0.999 | Wmax=1.000 | Amax=1.000 |LR=5.5223e-09 | ‖g‖=nan | satA=nan | satW=nan | εμ=nan | εvar=nan | corr(ε,x)=nan | t=nans
   243 | base=0.908026 | val=0.492689 | acc1=0.8372 | Wμ=0.993 | Aμ=0.999 | Wmax=1.000 | Amax=1.000 |LR=4.7525e-09 | ‖g‖=nan | satA=nan | satW=nan | εμ=nan | εvar=nan | corr(ε,x)=nan | t=nans
   245 | base=0.903544 | val=0.473251 | acc1=0.8449 | Wμ=0.993 | Aμ=0.999 | Wmax=1.000 | Amax=1.000 |LR=4.0901e-09 | ‖g‖=nan | satA=nan | satW=nan | εμ=nan | εvar=nan | corr(ε,x)=nan | t=nans
   247 | base=0.920356 | val=0.475309 | acc1=0.8412 | Wμ=0.993 | Aμ=0.999 | Wmax=1.000 | Amax=1.000 |LR=3.52e-09 | ‖g‖=nan | satA=nan | satW=nan | εμ=nan | εvar=nan | corr(ε,x)=nan | t=nans
   249 | base=0.849968 | val=0.474685 | acc1=0.8446 | Wμ=0.993 | Aμ=0.999 | Wmax=1.000 | Amax=1.000 |LR=3.0293e-09 | ‖g‖=nan | satA=nan | satW=nan | εμ=nan | εvar=nan | corr(ε,x)=nan | t=nans
   251 | base=0.848368 | val=0.484019 | acc1=0.8398 | Wμ=0.993 | Aμ=0.999 | Wmax=1.000 | Amax=1.000 |LR=2.6071e-09 | ‖g‖=nan | satA=nan | satW=nan | εμ=nan | εvar=nan | corr(ε,x)=nan | t=nans
   253 | base=0.910698 | val=0.475163 | acc1=0.8416 | Wμ=0.993 | Aμ=0.999 | Wmax=1.000 | Amax=1.000 |LR=2.2437e-09 | ‖g‖=nan | satA=nan | satW=nan | εμ=nan | εvar=nan | corr(ε,x)=nan | t=nans
   255 | base=0.917500 | val=0.475578 | acc1=0.8455 | Wμ=0.993 | Aμ=0.999 | Wmax=1.000 | Amax=1.000 |LR=1.9309e-09 | ‖g‖=nan | satA=nan | satW=nan | εμ=nan | εvar=nan | corr(ε,x)=nan | t=nans
   257 | base=0.904900 | val=0.473908 | acc1=0.8450 | Wμ=0.993 | Aμ=0.999 | Wmax=1.000 | Amax=1.000 |LR=1.6618e-09 | ‖g‖=nan | satA=nan | satW=nan | εμ=nan | εvar=nan | corr(ε,x)=nan | t=nans
   259 | base=0.901336 | val=0.479835 | acc1=0.8383 | Wμ=0.993 | Aμ=0.999 | Wmax=1.000 | Amax=1.000 |LR=1.4301e-09 | ‖g‖=nan | satA=nan | satW=nan | εμ=nan | εvar=nan | corr(ε,x)=nan | t=nans
   261 | base=0.843346 | val=0.478077 | acc1=0.8447 | Wμ=0.993 | Aμ=0.999 | Wmax=1.000 | Amax=1.000 |LR=1.2308e-09 | ‖g‖=nan | satA=nan | satW=nan | εμ=nan | εvar=nan | corr(ε,x)=nan | t=nans
   263 | base=0.968481 | val=0.477466 | acc1=0.8400 | Wμ=0.993 | Aμ=0.999 | Wmax=1.000 | Amax=1.000 |LR=1.0592e-09 | ‖g‖=nan | satA=nan | satW=nan | εμ=nan | εvar=nan | corr(ε,x)=nan | t=nans
   265 | base=0.865217 | val=0.490519 | acc1=0.8358 | Wμ=0.993 | Aμ=0.999 | Wmax=1.000 | Amax=1.000 |LR=9.1159e-10 | ‖g‖=nan | satA=nan | satW=nan | εμ=nan | εvar=nan | corr(ε,x)=nan | t=nans
   267 | base=0.926985 | val=0.479112 | acc1=0.8445 | Wμ=0.993 | Aμ=0.999 | Wmax=1.000 | Amax=1.000 |LR=7.8452e-10 | ‖g‖=nan | satA=nan | satW=nan | εμ=nan | εvar=nan | corr(ε,x)=nan | t=nans
   269 | base=0.919214 | val=0.479065 | acc1=0.8427 | Wμ=0.993 | Aμ=0.999 | Wmax=1.000 | Amax=1.000 |LR=6.7517e-10 | ‖g‖=nan | satA=nan | satW=nan | εμ=nan | εvar=nan | corr(ε,x)=nan | t=nans
   271 | base=0.921414 | val=0.475840 | acc1=0.8419 | Wμ=0.993 | Aμ=0.999 | Wmax=1.000 | Amax=1.000 |LR=5.8106e-10 | ‖g‖=nan | satA=nan | satW=nan | εμ=nan | εvar=nan | corr(ε,x)=nan | t=nans
   273 | base=0.929185 | val=0.477701 | acc1=0.8417 | Wμ=0.993 | Aμ=0.999 | Wmax=1.000 | Amax=1.000 |LR=5.0007e-10 | ‖g‖=nan | satA=nan | satW=nan | εμ=nan | εvar=nan | corr(ε,x)=nan | t=nans
   275 | base=0.947163 | val=0.480680 | acc1=0.8410 | Wμ=0.993 | Aμ=0.999 | Wmax=1.000 | Amax=1.000 |LR=4.3036e-10 | ‖g‖=nan | satA=nan | satW=nan | εμ=nan | εvar=nan | corr(ε,x)=nan | t=nans
   277 | base=0.891196 | val=0.479820 | acc1=0.8406 | Wμ=0.993 | Aμ=0.999 | Wmax=1.000 | Amax=1.000 |LR=3.7037e-10 | ‖g‖=nan | satA=nan | satW=nan | εμ=nan | εvar=nan | corr(ε,x)=nan | t=nans
   279 | base=0.870030 | val=0.478259 | acc1=0.8443 | Wμ=0.993 | Aμ=0.999 | Wmax=1.000 | Amax=1.000 |LR=3.1875e-10 | ‖g‖=nan | satA=nan | satW=nan | εμ=nan | εvar=nan | corr(ε,x)=nan | t=nans
   281 | base=0.890595 | val=0.471666 | acc1=0.8446 | Wμ=0.993 | Aμ=0.999 | Wmax=1.000 | Amax=1.000 |LR=2.7432e-10 | ‖g‖=nan | satA=nan | satW=nan | εμ=nan | εvar=nan | corr(ε,x)=nan | t=nans
   283 | base=0.897239 | val=0.468560 | acc1=0.8458 | Wμ=0.993 | Aμ=0.999 | Wmax=1.000 | Amax=1.000 |LR=2.3608e-10 | ‖g‖=nan | satA=nan | satW=nan | εμ=nan | εvar=nan | corr(ε,x)=nan | t=nans
   285 | base=0.840034 | val=0.477784 | acc1=0.8422 | Wμ=0.993 | Aμ=0.999 | Wmax=1.000 | Amax=1.000 |LR=2.0317e-10 | ‖g‖=nan | satA=nan | satW=nan | εμ=nan | εvar=nan | corr(ε,x)=nan | t=nans
   287 | base=0.936174 | val=0.468276 | acc1=0.8431 | Wμ=0.993 | Aμ=0.999 | Wmax=1.000 | Amax=1.000 |LR=1.7485e-10 | ‖g‖=nan | satA=nan | satW=nan | εμ=nan | εvar=nan | corr(ε,x)=nan | t=nans
   289 | base=0.947244 | val=0.466665 | acc1=0.8460 | Wμ=0.993 | Aμ=0.999 | Wmax=1.000 | Amax=1.000 |LR=1.5048e-10 | ‖g‖=nan | satA=nan | satW=nan | εμ=nan | εvar=nan | corr(ε,x)=nan | t=nans
   291 | base=0.866148 | val=0.476917 | acc1=0.8421 | Wμ=0.993 | Aμ=0.999 | Wmax=1.000 | Amax=1.000 |LR=1.2951e-10 | ‖g‖=nan | satA=nan | satW=nan | εμ=nan | εvar=nan | corr(ε,x)=nan | t=nans
   293 | base=0.864379 | val=0.472172 | acc1=0.8439 | Wμ=0.993 | Aμ=0.999 | Wmax=1.000 | Amax=1.000 |LR=1.1145e-10 | ‖g‖=nan | satA=nan | satW=nan | εμ=nan | εvar=nan | corr(ε,x)=nan | t=nans
   295 | base=0.904601 | val=0.479179 | acc1=0.8409 | Wμ=0.993 | Aμ=0.999 | Wmax=1.000 | Amax=1.000 |LR=9.5919e-11 | ‖g‖=nan | satA=nan | satW=nan | εμ=nan | εvar=nan | corr(ε,x)=nan | t=nans
   297 | base=0.862851 | val=0.474710 | acc1=0.8437 | Wμ=0.993 | Aμ=0.999 | Wmax=1.000 | Amax=1.000 |LR=8.2549e-11 | ‖g‖=nan | satA=nan | satW=nan | εμ=nan | εvar=nan | corr(ε,x)=nan | t=nans
   299 | base=0.921676 | val=0.468573 | acc1=0.8420 | Wμ=0.993 | Aμ=0.999 | Wmax=1.000 | Amax=1.000 |LR=7.1042e-11 | ‖g‖=nan | satA=nan | satW=nan | εμ=nan | εvar=nan | corr(ε,x)=nan | t=nans
   301 | base=0.928937 | val=0.462298 | acc1=0.8457 | Wμ=0.993 | Aμ=0.999 | Wmax=1.000 | Amax=1.000 |LR=6.114e-11 | ‖g‖=nan | satA=nan | satW=nan | εμ=nan | εvar=nan | corr(ε,x)=nan | t=nans
   303 | base=0.900108 | val=0.474112 | acc1=0.8449 | Wμ=0.993 | Aμ=0.999 | Wmax=1.000 | Amax=1.000 |LR=5.2618e-11 | ‖g‖=nan | satA=nan | satW=nan | εμ=nan | εvar=nan | corr(ε,x)=nan | t=nans
   305 | base=0.877765 | val=0.479849 | acc1=0.8444 | Wμ=0.993 | Aμ=0.999 | Wmax=1.000 | Amax=1.000 |LR=4.5283e-11 | ‖g‖=nan | satA=nan | satW=nan | εμ=nan | εvar=nan | corr(ε,x)=nan | t=nans
   307 | base=0.922293 | val=0.473384 | acc1=0.8450 | Wμ=0.993 | Aμ=0.999 | Wmax=1.000 | Amax=1.000 |LR=3.8971e-11 | ‖g‖=nan | satA=nan | satW=nan | εμ=nan | εvar=nan | corr(ε,x)=nan | t=nans
   309 | base=0.927788 | val=0.477475 | acc1=0.8434 | Wμ=0.993 | Aμ=0.999 | Wmax=1.000 | Amax=1.000 |LR=3.3539e-11 | ‖g‖=nan | satA=nan | satW=nan | εμ=nan | εvar=nan | corr(ε,x)=nan | t=nans
   311 | base=0.932007 | val=0.475980 | acc1=0.8420 | Wμ=0.993 | Aμ=0.999 | Wmax=1.000 | Amax=1.000 |LR=2.8864e-11 | ‖g‖=nan | satA=nan | satW=nan | εμ=nan | εvar=nan | corr(ε,x)=nan | t=nans
   313 | base=0.875031 | val=0.472061 | acc1=0.8438 | Wμ=0.993 | Aμ=0.999 | Wmax=1.000 | Amax=1.000 |LR=2.4841e-11 | ‖g‖=nan | satA=nan | satW=nan | εμ=nan | εvar=nan | corr(ε,x)=nan | t=nans
   315 | base=0.880147 | val=0.469874 | acc1=0.8417 | Wμ=0.993 | Aμ=0.999 | Wmax=1.000 | Amax=1.000 |LR=2.1378e-11 | ‖g‖=nan | satA=nan | satW=nan | εμ=nan | εvar=nan | corr(ε,x)=nan | t=nans
   317 | base=0.911888 | val=0.469050 | acc1=0.8476 | Wμ=0.993 | Aμ=0.999 | Wmax=1.000 | Amax=1.000 |LR=1.8398e-11 | ‖g‖=nan | satA=nan | satW=nan | εμ=nan | εvar=nan | corr(ε,x)=nan | t=nans
   319 | base=0.844968 | val=0.463540 | acc1=0.8451 | Wμ=0.993 | Aμ=0.999 | Wmax=1.000 | Amax=1.000 |LR=1.5834e-11 | ‖g‖=nan | satA=nan | satW=nan | εμ=nan | εvar=nan | corr(ε,x)=nan | t=nans
   321 | base=0.965021 | val=0.471244 | acc1=0.8456 | Wμ=0.993 | Aμ=0.999 | Wmax=1.000 | Amax=1.000 |LR=1.3627e-11 | ‖g‖=nan | satA=nan | satW=nan | εμ=nan | εvar=nan | corr(ε,x)=nan | t=nans
   323 | base=1.007780 | val=0.471666 | acc1=0.8409 | Wμ=0.993 | Aμ=0.999 | Wmax=1.000 | Amax=1.000 |LR=1.1727e-11 | ‖g‖=nan | satA=nan | satW=nan | εμ=nan | εvar=nan | corr(ε,x)=nan | t=nans
   325 | base=0.950036 | val=0.470009 | acc1=0.8451 | Wμ=0.993 | Aμ=0.999 | Wmax=1.000 | Amax=1.000 |LR=1.0093e-11 | ‖g‖=nan | satA=nan | satW=nan | εμ=nan | εvar=nan | corr(ε,x)=nan | t=nans
   327 | base=0.853069 | val=0.477729 | acc1=0.8428 | Wμ=0.993 | Aμ=0.999 | Wmax=1.000 | Amax=1.000 |LR=8.6859e-12 | ‖g‖=nan | satA=nan | satW=nan | εμ=nan | εvar=nan | corr(ε,x)=nan | t=nans
   329 | base=0.953722 | val=0.467859 | acc1=0.8443 | Wμ=0.993 | Aμ=0.999 | Wmax=1.000 | Amax=1.000 |LR=7.4752e-12 | ‖g‖=nan | satA=nan | satW=nan | εμ=nan | εvar=nan | corr(ε,x)=nan | t=nans
   331 | base=0.934540 | val=0.470171 | acc1=0.8444 | Wμ=0.993 | Aμ=0.999 | Wmax=1.000 | Amax=1.000 |LR=6.4332e-12 | ‖g‖=nan | satA=nan | satW=nan | εμ=nan | εvar=nan | corr(ε,x)=nan | t=nans
   333 | base=0.919507 | val=0.471121 | acc1=0.8414 | Wμ=0.993 | Aμ=0.999 | Wmax=1.000 | Amax=1.000 |LR=5.5365e-12 | ‖g‖=nan | satA=nan | satW=nan | εμ=nan | εvar=nan | corr(ε,x)=nan | t=nans
   335 | base=0.817216 | val=0.468340 | acc1=0.8445 | Wμ=0.993 | Aμ=0.999 | Wmax=1.000 | Amax=1.000 |LR=4.7648e-12 | ‖g‖=nan | satA=nan | satW=nan | εμ=nan | εvar=nan | corr(ε,x)=nan | t=nans
   337 | base=0.877731 | val=0.473834 | acc1=0.8429 | Wμ=0.993 | Aμ=0.999 | Wmax=1.000 | Amax=1.000 |LR=4.1006e-12 | ‖g‖=nan | satA=nan | satW=nan | εμ=nan | εvar=nan | corr(ε,x)=nan | t=nans
   339 | base=0.897929 | val=0.479906 | acc1=0.8422 | Wμ=0.993 | Aμ=0.999 | Wmax=1.000 | Amax=1.000 |LR=3.529e-12 | ‖g‖=nan | satA=nan | satW=nan | εμ=nan | εvar=nan | corr(ε,x)=nan | t=nans
   341 | base=0.882064 | val=0.474529 | acc1=0.8428 | Wμ=0.993 | Aμ=0.999 | Wmax=1.000 | Amax=1.000 |LR=3.0371e-12 | ‖g‖=nan | satA=nan | satW=nan | εμ=nan | εvar=nan | corr(ε,x)=nan | t=nans
   343 | base=0.976804 | val=0.471863 | acc1=0.8454 | Wμ=0.993 | Aμ=0.999 | Wmax=1.000 | Amax=1.000 |LR=2.6138e-12 | ‖g‖=nan | satA=nan | satW=nan | εμ=nan | εvar=nan | corr(ε,x)=nan | t=nans
   345 | base=0.835500 | val=0.472405 | acc1=0.8437 | Wμ=0.993 | Aμ=0.999 | Wmax=1.000 | Amax=1.000 |LR=2.2494e-12 | ‖g‖=nan | satA=nan | satW=nan | εμ=nan | εvar=nan | corr(ε,x)=nan | t=nans
   347 | base=0.925576 | val=0.466034 | acc1=0.8445 | Wμ=0.993 | Aμ=0.999 | Wmax=1.000 | Amax=1.000 |LR=1.9359e-12 | ‖g‖=nan | satA=nan | satW=nan | εμ=nan | εvar=nan | corr(ε,x)=nan | t=nans
   349 | base=0.911009 | val=0.469037 | acc1=0.8470 | Wμ=0.993 | Aμ=0.999 | Wmax=1.000 | Amax=1.000 |LR=1.6661e-12 | ‖g‖=nan | satA=nan | satW=nan | εμ=nan | εvar=nan | corr(ε,x)=nan | t=nans
   351 | base=0.919465 | val=0.471040 | acc1=0.8411 | Wμ=0.993 | Aμ=0.999 | Wmax=1.000 | Amax=1.000 |LR=1.4338e-12 | ‖g‖=nan | satA=nan | satW=nan | εμ=nan | εvar=nan | corr(ε,x)=nan | t=nans
   353 | base=0.926367 | val=0.476643 | acc1=0.8409 | Wμ=0.993 | Aμ=0.999 | Wmax=1.000 | Amax=1.000 |LR=1.234e-12 | ‖g‖=nan | satA=nan | satW=nan | εμ=nan | εvar=nan | corr(ε,x)=nan | t=nans
   355 | base=0.886248 | val=0.465600 | acc1=0.8492 | Wμ=0.993 | Aμ=0.999 | Wmax=1.000 | Amax=1.000 |LR=1.062e-12 | ‖g‖=nan | satA=nan | satW=nan | εμ=nan | εvar=nan | corr(ε,x)=nan | t=nans
   357 | base=0.895240 | val=0.476039 | acc1=0.8440 | Wμ=0.993 | Aμ=0.999 | Wmax=1.000 | Amax=1.000 |LR=9.1394e-13 | ‖g‖=nan | satA=nan | satW=nan | εμ=nan | εvar=nan | corr(ε,x)=nan | t=nans
   359 | base=0.927331 | val=0.473672 | acc1=0.8422 | Wμ=0.993 | Aμ=0.999 | Wmax=1.000 | Amax=1.000 |LR=7.8655e-13 | ‖g‖=nan | satA=nan | satW=nan | εμ=nan | εvar=nan | corr(ε,x)=nan | t=nans
   361 | base=0.950886 | val=0.466971 | acc1=0.8459 | Wμ=0.993 | Aμ=0.999 | Wmax=1.000 | Amax=1.000 |LR=6.7691e-13 | ‖g‖=nan | satA=nan | satW=nan | εμ=nan | εvar=nan | corr(ε,x)=nan | t=nans
   363 | base=0.937601 | val=0.474132 | acc1=0.8407 | Wμ=0.993 | Aμ=0.999 | Wmax=1.000 | Amax=1.000 |LR=5.8256e-13 | ‖g‖=nan | satA=nan | satW=nan | εμ=nan | εvar=nan | corr(ε,x)=nan | t=nans
   365 | base=0.916270 | val=0.484480 | acc1=0.8404 | Wμ=0.993 | Aμ=0.999 | Wmax=1.000 | Amax=1.000 |LR=5.0136e-13 | ‖g‖=nan | satA=nan | satW=nan | εμ=nan | εvar=nan | corr(ε,x)=nan | t=nans
   367 | base=0.882636 | val=0.473607 | acc1=0.8431 | Wμ=0.993 | Aμ=0.999 | Wmax=1.000 | Amax=1.000 |LR=4.3147e-13 | ‖g‖=nan | satA=nan | satW=nan | εμ=nan | εvar=nan | corr(ε,x)=nan | t=nans
   369 | base=0.897277 | val=0.471808 | acc1=0.8439 | Wμ=0.993 | Aμ=0.999 | Wmax=1.000 | Amax=1.000 |LR=3.7133e-13 | ‖g‖=nan | satA=nan | satW=nan | εμ=nan | εvar=nan | corr(ε,x)=nan | t=nans
   371 | base=0.899652 | val=0.470983 | acc1=0.8433 | Wμ=0.993 | Aμ=0.999 | Wmax=1.000 | Amax=1.000 |LR=3.1957e-13 | ‖g‖=nan | satA=nan | satW=nan | εμ=nan | εvar=nan | corr(ε,x)=nan | t=nans
   373 | base=0.883342 | val=0.470816 | acc1=0.8404 | Wμ=0.993 | Aμ=0.999 | Wmax=1.000 | Amax=1.000 |LR=2.7503e-13 | ‖g‖=nan | satA=nan | satW=nan | εμ=nan | εvar=nan | corr(ε,x)=nan | t=nans
   375 | base=0.888466 | val=0.471286 | acc1=0.8458 | Wμ=0.993 | Aμ=0.999 | Wmax=1.000 | Amax=1.000 |LR=2.3669e-13 | ‖g‖=nan | satA=nan | satW=nan | εμ=nan | εvar=nan | corr(ε,x)=nan | t=nans
   377 | base=0.866419 | val=0.480212 | acc1=0.8401 | Wμ=0.993 | Aμ=0.999 | Wmax=1.000 | Amax=1.000 |LR=2.037e-13 | ‖g‖=nan | satA=nan | satW=nan | εμ=nan | εvar=nan | corr(ε,x)=nan | t=nans
   379 | base=0.890438 | val=0.471102 | acc1=0.8461 | Wμ=0.993 | Aμ=0.999 | Wmax=1.000 | Amax=1.000 |LR=1.753e-13 | ‖g‖=nan | satA=nan | satW=nan | εμ=nan | εvar=nan | corr(ε,x)=nan | t=nans
   381 | base=0.878205 | val=0.466038 | acc1=0.8473 | Wμ=0.993 | Aμ=0.999 | Wmax=1.000 | Amax=1.000 |LR=1.5087e-13 | ‖g‖=nan | satA=nan | satW=nan | εμ=nan | εvar=nan | corr(ε,x)=nan | t=nans
   383 | base=0.957943 | val=0.476079 | acc1=0.8414 | Wμ=0.993 | Aμ=0.999 | Wmax=1.000 | Amax=1.000 |LR=1.2984e-13 | ‖g‖=nan | satA=nan | satW=nan | εμ=nan | εvar=nan | corr(ε,x)=nan | t=nans
   385 | base=0.895517 | val=0.479474 | acc1=0.8450 | Wμ=0.993 | Aμ=0.999 | Wmax=1.000 | Amax=1.000 |LR=1.1174e-13 | ‖g‖=nan | satA=nan | satW=nan | εμ=nan | εvar=nan | corr(ε,x)=nan | t=nans
   387 | base=0.899773 | val=0.464670 | acc1=0.8447 | Wμ=0.993 | Aμ=0.999 | Wmax=1.000 | Amax=1.000 |LR=9.6166e-14 | ‖g‖=nan | satA=nan | satW=nan | εμ=nan | εvar=nan | corr(ε,x)=nan | t=nans
   389 | base=0.862026 | val=0.469769 | acc1=0.8450 | Wμ=0.993 | Aμ=0.999 | Wmax=1.000 | Amax=1.000 |LR=8.2762e-14 | ‖g‖=nan | satA=nan | satW=nan | εμ=nan | εvar=nan | corr(ε,x)=nan | t=nans
   391 | base=0.965188 | val=0.474554 | acc1=0.8423 | Wμ=0.993 | Aμ=0.999 | Wmax=1.000 | Amax=1.000 |LR=7.1225e-14 | ‖g‖=nan | satA=nan | satW=nan | εμ=nan | εvar=nan | corr(ε,x)=nan | t=nans
   393 | base=0.930419 | val=0.469089 | acc1=0.8413 | Wμ=0.993 | Aμ=0.999 | Wmax=1.000 | Amax=1.000 |LR=6.1297e-14 | ‖g‖=nan | satA=nan | satW=nan | εμ=nan | εvar=nan | corr(ε,x)=nan | t=nans
   395 | base=0.924184 | val=0.477747 | acc1=0.8420 | Wμ=0.993 | Aμ=0.999 | Wmax=1.000 | Amax=1.000 |LR=5.2753e-14 | ‖g‖=nan | satA=nan | satW=nan | εμ=nan | εvar=nan | corr(ε,x)=nan | t=nans
   397 | base=0.867978 | val=0.469721 | acc1=0.8409 | Wμ=0.993 | Aμ=0.999 | Wmax=1.000 | Amax=1.000 |LR=4.54e-14 | ‖g‖=nan | satA=nan | satW=nan | εμ=nan | εvar=nan | corr(ε,x)=nan | t=nans
   399 | base=0.869666 | val=0.476044 | acc1=0.8395 | Wμ=0.993 | Aμ=0.999 | Wmax=1.000 | Amax=1.000 |LR=3.9072e-14 | ‖g‖=nan | satA=nan | satW=nan | εμ=nan | εvar=nan | corr(ε,x)=nan | t=nans
   401 | base=0.882949 | val=0.473950 | acc1=0.8424 | Wμ=0.993 | Aμ=0.999 | Wmax=1.000 | Amax=1.000 |LR=3.3626e-14 | ‖g‖=nan | satA=nan | satW=nan | εμ=nan | εvar=nan | corr(ε,x)=nan | t=nans
   403 | base=0.917210 | val=0.466065 | acc1=0.8433 | Wμ=0.993 | Aμ=0.999 | Wmax=1.000 | Amax=1.000 |LR=2.8939e-14 | ‖g‖=nan | satA=nan | satW=nan | εμ=nan | εvar=nan | corr(ε,x)=nan | t=nans
   405 | base=0.923116 | val=0.472731 | acc1=0.8442 | Wμ=0.993 | Aμ=0.999 | Wmax=1.000 | Amax=1.000 |LR=2.4905e-14 | ‖g‖=nan | satA=nan | satW=nan | εμ=nan | εvar=nan | corr(ε,x)=nan | t=nans
   407 | base=0.778093 | val=0.467492 | acc1=0.8441 | Wμ=0.993 | Aμ=0.999 | Wmax=1.000 | Amax=1.000 |LR=2.1433e-14 | ‖g‖=nan | satA=nan | satW=nan | εμ=nan | εvar=nan | corr(ε,x)=nan | t=nans
   409 | base=0.895537 | val=0.476398 | acc1=0.8416 | Wμ=0.993 | Aμ=0.999 | Wmax=1.000 | Amax=1.000 |LR=1.8446e-14 | ‖g‖=nan | satA=nan | satW=nan | εμ=nan | εvar=nan | corr(ε,x)=nan | t=nans
   411 | base=0.890699 | val=0.470157 | acc1=0.8438 | Wμ=0.993 | Aμ=0.999 | Wmax=1.000 | Amax=1.000 |LR=1.5875e-14 | ‖g‖=nan | satA=nan | satW=nan | εμ=nan | εvar=nan | corr(ε,x)=nan | t=nans
   413 | base=0.928394 | val=0.476875 | acc1=0.8402 | Wμ=0.993 | Aμ=0.999 | Wmax=1.000 | Amax=1.000 |LR=1.3662e-14 | ‖g‖=nan | satA=nan | satW=nan | εμ=nan | εvar=nan | corr(ε,x)=nan | t=nans
   415 | base=0.919902 | val=0.478908 | acc1=0.8407 | Wμ=0.993 | Aμ=0.999 | Wmax=1.000 | Amax=1.000 |LR=1.1758e-14 | ‖g‖=nan | satA=nan | satW=nan | εμ=nan | εvar=nan | corr(ε,x)=nan | t=nans
   417 | base=0.881191 | val=0.469067 | acc1=0.8458 | Wμ=0.993 | Aμ=0.999 | Wmax=1.000 | Amax=1.000 |LR=1.0119e-14 | ‖g‖=nan | satA=nan | satW=nan | εμ=nan | εvar=nan | corr(ε,x)=nan | t=nans
   419 | base=0.977086 | val=0.474727 | acc1=0.8432 | Wμ=0.993 | Aμ=0.999 | Wmax=1.000 | Amax=1.000 |LR=8.7083e-15 | ‖g‖=nan | satA=nan | satW=nan | εμ=nan | εvar=nan | corr(ε,x)=nan | t=nans
   421 | base=0.881891 | val=0.472308 | acc1=0.8457 | Wμ=0.993 | Aμ=0.999 | Wmax=1.000 | Amax=1.000 |LR=7.4944e-15 | ‖g‖=nan | satA=nan | satW=nan | εμ=nan | εvar=nan | corr(ε,x)=nan | t=nans
   423 | base=0.860042 | val=0.472352 | acc1=0.8418 | Wμ=0.993 | Aμ=0.999 | Wmax=1.000 | Amax=1.000 |LR=6.4498e-15 | ‖g‖=nan | satA=nan | satW=nan | εμ=nan | εvar=nan | corr(ε,x)=nan | t=nans
   425 | base=0.918431 | val=0.479833 | acc1=0.8433 | Wμ=0.993 | Aμ=0.999 | Wmax=1.000 | Amax=1.000 |LR=5.5508e-15 | ‖g‖=nan | satA=nan | satW=nan | εμ=nan | εvar=nan | corr(ε,x)=nan | t=nans
   427 | base=0.911838 | val=0.477495 | acc1=0.8427 | Wμ=0.993 | Aμ=0.999 | Wmax=1.000 | Amax=1.000 |LR=4.7771e-15 | ‖g‖=nan | satA=nan | satW=nan | εμ=nan | εvar=nan | corr(ε,x)=nan | t=nans
   429 | base=0.949670 | val=0.471753 | acc1=0.8454 | Wμ=0.993 | Aμ=0.999 | Wmax=1.000 | Amax=1.000 |LR=4.1112e-15 | ‖g‖=nan | satA=nan | satW=nan | εμ=nan | εvar=nan | corr(ε,x)=nan | t=nans
   431 | base=0.930650 | val=0.469898 | acc1=0.8435 | Wμ=0.993 | Aμ=0.999 | Wmax=1.000 | Amax=1.000 |LR=3.5381e-15 | ‖g‖=nan | satA=nan | satW=nan | εμ=nan | εvar=nan | corr(ε,x)=nan | t=nans
   433 | base=0.869468 | val=0.463448 | acc1=0.8465 | Wμ=0.993 | Aμ=0.999 | Wmax=1.000 | Amax=1.000 |LR=3.045e-15 | ‖g‖=nan | satA=nan | satW=nan | εμ=nan | εvar=nan | corr(ε,x)=nan | t=nans
   435 | base=0.942439 | val=0.475146 | acc1=0.8477 | Wμ=0.993 | Aμ=0.999 | Wmax=1.000 | Amax=1.000 |LR=2.6205e-15 | ‖g‖=nan | satA=nan | satW=nan | εμ=nan | εvar=nan | corr(ε,x)=nan | t=nans
   437 | base=0.853751 | val=0.480977 | acc1=0.8400 | Wμ=0.993 | Aμ=0.999 | Wmax=1.000 | Amax=1.000 |LR=2.2552e-15 | ‖g‖=nan | satA=nan | satW=nan | εμ=nan | εvar=nan | corr(ε,x)=nan | t=nans
   439 | base=0.844047 | val=0.473975 | acc1=0.8438 | Wμ=0.993 | Aμ=0.999 | Wmax=1.000 | Amax=1.000 |LR=1.9409e-15 | ‖g‖=nan | satA=nan | satW=nan | εμ=nan | εvar=nan | corr(ε,x)=nan | t=nans
   441 | base=0.863023 | val=0.480729 | acc1=0.8414 | Wμ=0.993 | Aμ=0.999 | Wmax=1.000 | Amax=1.000 |LR=1.6704e-15 | ‖g‖=nan | satA=nan | satW=nan | εμ=nan | εvar=nan | corr(ε,x)=nan | t=nans
   443 | base=0.923773 | val=0.473817 | acc1=0.8436 | Wμ=0.993 | Aμ=0.999 | Wmax=1.000 | Amax=1.000 |LR=1.4375e-15 | ‖g‖=nan | satA=nan | satW=nan | εμ=nan | εvar=nan | corr(ε,x)=nan | t=nans
   445 | base=0.900267 | val=0.465557 | acc1=0.8433 | Wμ=0.993 | Aμ=0.999 | Wmax=1.000 | Amax=1.000 |LR=1.2371e-15 | ‖g‖=nan | satA=nan | satW=nan | εμ=nan | εvar=nan | corr(ε,x)=nan | t=nans
   447 | base=0.948973 | val=0.469046 | acc1=0.8451 | Wμ=0.993 | Aμ=0.999 | Wmax=1.000 | Amax=1.000 |LR=1.0647e-15 | ‖g‖=nan | satA=nan | satW=nan | εμ=nan | εvar=nan | corr(ε,x)=nan | t=nans
   449 | base=0.832621 | val=0.473633 | acc1=0.8438 | Wμ=0.993 | Aμ=0.999 | Wmax=1.000 | Amax=1.000 |LR=9.163e-16 | ‖g‖=nan | satA=nan | satW=nan | εμ=nan | εvar=nan | corr(ε,x)=nan | t=nans
   451 | base=0.901262 | val=0.469746 | acc1=0.8442 | Wμ=0.993 | Aμ=0.999 | Wmax=1.000 | Amax=1.000 |LR=7.8857e-16 | ‖g‖=nan | satA=nan | satW=nan | εμ=nan | εvar=nan | corr(ε,x)=nan | t=nans
   453 | base=0.976744 | val=0.477160 | acc1=0.8456 | Wμ=0.993 | Aμ=0.999 | Wmax=1.000 | Amax=1.000 |LR=6.7866e-16 | ‖g‖=nan | satA=nan | satW=nan | εμ=nan | εvar=nan | corr(ε,x)=nan | t=nans
   455 | base=0.866290 | val=0.467811 | acc1=0.8430 | Wμ=0.993 | Aμ=0.999 | Wmax=1.000 | Amax=1.000 |LR=5.8406e-16 | ‖g‖=nan | satA=nan | satW=nan | εμ=nan | εvar=nan | corr(ε,x)=nan | t=nans
