     0 | base=nan | val=nan | acc1=0.9282 | Wμ=nan | Aμ=nan | Wmax=nan | Amax=nan |LR=nan | t=nans
     0 | base=nan | val=0.236706 | acc1=0.9282 | Wμ=11.186 | Aμ=20.000 | Wmax=12.916 | Amax=13.744 |LR=nan | t=nans
     0 | base=nan | val=0.236786 | acc1=0.9280 | Wμ=9.786 | Aμ=20.000 | Wmax=10.000 | Amax=13.743 |LR=nan | t=nans
     0 | base=nan | val=0.236885 | acc1=0.9282 | Wμ=9.786 | Aμ=10.000 | Wmax=10.000 | Amax=9.994 |LR=nan | t=nans
# epoch | BaseLoss | ValLoss | Acc@1 | MeanWBits | MeanABits | MaxWBits | MaxABits | LR | EpochTime(s)
     0 | base=nan | val=0.213740 | acc1=0.9350 | Wμ=9.786 | Aμ=10.000 | Wmax=10.000 | Amax=10.000 |LR=nan | t=nans
     0 | base=0.003567 | val=0.236969 | acc1=0.9274 | Wμ=9.786 | Aμ=10.001 | Wmax=10.004 | Amax=9.993 |LR=0.00098 | t=10.33s
     1 | base=0.004250 | val=0.241870 | acc1=0.9237 | Wμ=9.787 | Aμ=10.004 | Wmax=10.024 | Amax=9.992 |LR=0.00198 | t=9.31s
     2 | base=0.014030 | val=0.243885 | acc1=0.9239 | Wμ=9.789 | Aμ=10.014 | Wmax=10.042 | Amax=9.999 |LR=0.00298 | t=9.29s
     3 | base=0.037952 | val=0.256821 | acc1=0.9205 | Wμ=9.796 | Aμ=10.022 | Wmax=10.091 | Amax=9.998 |LR=0.00398 | t=9.29s
     4 | base=0.085227 | val=0.285775 | acc1=0.9116 | Wμ=9.812 | Aμ=10.041 | Wmax=10.216 | Amax=10.038 |LR=0.00498 | t=9.26s
     5 | base=0.124406 | val=0.318627 | acc1=0.8991 | Wμ=9.842 | Aμ=10.064 | Wmax=10.339 | Amax=10.076 |LR=0.00598 | t=9.28s
     6 | base=0.163178 | val=0.317097 | acc1=0.8986 | Wμ=9.882 | Aμ=10.095 | Wmax=10.396 | Amax=10.135 |LR=0.00698 | t=9.30s
     7 | base=0.207188 | val=0.345530 | acc1=0.8913 | Wμ=9.943 | Aμ=10.112 | Wmax=10.576 | Amax=10.168 |LR=0.00798 | t=9.38s
     8 | base=0.244833 | val=0.372060 | acc1=0.8860 | Wμ=9.997 | Aμ=10.121 | Wmax=10.987 | Amax=10.200 |LR=0.00898 | t=9.31s
     9 | base=0.276547 | val=0.397867 | acc1=0.8810 | Wμ=10.055 | Aμ=10.120 | Wmax=11.082 | Amax=10.230 |LR=0.00998 | t=9.58s
    10 | base=0.226878 | val=0.401460 | acc1=0.8759 | Wμ=10.117 | Aμ=10.130 | Wmax=11.238 | Amax=10.222 |LR=0.01098 | t=9.44s
    11 | base=0.246642 | val=0.363422 | acc1=0.8899 | Wμ=10.177 | Aμ=10.130 | Wmax=11.234 | Amax=10.339 |LR=0.01198 | t=9.44s
    12 | base=0.257900 | val=0.485797 | acc1=0.8590 | Wμ=10.245 | Aμ=10.125 | Wmax=11.231 | Amax=10.396 |LR=0.01298 | t=9.39s
    13 | base=0.338887 | val=0.373274 | acc1=0.8835 | Wμ=10.316 | Aμ=10.121 | Wmax=11.400 | Amax=10.475 |LR=0.01398 | t=9.33s
    14 | base=0.276775 | val=0.401029 | acc1=0.8772 | Wμ=10.388 | Aμ=10.115 | Wmax=11.616 | Amax=10.432 |LR=0.01498 | t=9.37s
    15 | base=0.263599 | val=0.368597 | acc1=0.8836 | Wμ=10.453 | Aμ=10.169 | Wmax=11.798 | Amax=10.567 |LR=0.01598 | t=9.38s
    16 | base=0.249457 | val=0.372066 | acc1=0.8861 | Wμ=10.534 | Aμ=10.173 | Wmax=12.310 | Amax=10.572 |LR=0.01698 | t=9.35s
    17 | base=0.280070 | val=0.454535 | acc1=0.8645 | Wμ=10.596 | Aμ=10.212 | Wmax=12.418 | Amax=10.659 |LR=0.01798 | t=9.35s
    18 | base=0.379745 | val=0.524860 | acc1=0.8461 | Wμ=10.671 | Aμ=10.253 | Wmax=12.419 | Amax=10.663 |LR=0.01898 | t=9.28s
    19 | base=0.293406 | val=0.481420 | acc1=0.8558 | Wμ=10.759 | Aμ=10.245 | Wmax=12.792 | Amax=10.595 |LR=0.01998 | t=9.30s
    20 | base=0.297437 | val=0.520858 | acc1=0.8502 | Wμ=7.557 | Aμ=7.922 | Wmax=9.090 | Amax=9.233 |LR=0.02 | t=9.32s
    21 | base=0.331207 | val=0.459305 | acc1=0.8551 | Wμ=4.301 | Aμ=5.387 | Wmax=5.781 | Amax=6.392 |LR=0.02 | t=9.29s
    22 | base=0.779399 | val=1.040610 | acc1=0.7619 | Wμ=2.203 | Aμ=4.837 | Wmax=4.000 | Amax=5.807 |LR=0.02 | t=9.29s
    23 | base=0.985789 | val=0.760760 | acc1=0.7688 | Wμ=1.453 | Aμ=4.435 | Wmax=3.170 | Amax=5.492 |LR=0.02 | t=9.33s
    24 | base=1.055017 | val=1.550409 | acc1=0.5530 | Wμ=1.237 | Aμ=3.689 | Wmax=2.807 | Amax=4.644 |LR=0.02 | t=9.29s
    25 | base=1.091726 | val=2.067436 | acc1=0.5640 | Wμ=1.093 | Aμ=2.747 | Wmax=2.322 | Amax=3.322 |LR=0.02 | t=9.33s
    26 | base=1.092852 | val=1.336173 | acc1=0.5688 | Wμ=1.037 | Aμ=2.098 | Wmax=2.000 | Amax=2.585 |LR=0.02 | t=9.31s
    27 | base=1.082084 | val=1.310290 | acc1=0.6538 | Wμ=1.016 | Aμ=1.826 | Wmax=2.000 | Amax=2.322 |LR=0.02 | t=9.33s
    28 | base=1.241612 | val=0.973483 | acc1=0.6747 | Wμ=0.997 | Aμ=1.568 | Wmax=2.000 | Amax=2.000 |LR=0.02 | t=9.33s
    29 | base=1.267460 | val=1.352642 | acc1=0.6097 | Wμ=0.994 | Aμ=1.413 | Wmax=1.585 | Amax=2.000 |LR=0.02 | t=9.31s
    30 | base=1.476571 | val=2.340585 | acc1=0.3504 | Wμ=0.987 | Aμ=1.291 | Wmax=1.585 | Amax=2.000 |LR=0.02 | t=9.29s
    31 | base=1.444528 | val=2.078859 | acc1=0.3939 | Wμ=0.979 | Aμ=1.170 | Wmax=1.585 | Amax=1.585 |LR=0.02 | t=9.32s
    32 | base=1.663976 | val=1.451398 | acc1=0.5760 | Wμ=0.975 | Aμ=1.161 | Wmax=1.585 | Amax=1.585 |LR=0.02 | t=9.34s
    33 | base=1.694438 | val=5.534060 | acc1=0.2291 | Wμ=0.973 | Aμ=1.130 | Wmax=1.585 | Amax=1.585 |LR=0.02 | t=9.28s
    34 | base=1.529246 | val=2.329264 | acc1=0.4461 | Wμ=0.971 | Aμ=1.074 | Wmax=1.585 | Amax=1.585 |LR=0.02 | t=9.32s
    35 | base=1.642391 | val=0.904551 | acc1=0.7028 | Wμ=0.967 | Aμ=0.999 | Wmax=1.000 | Amax=1.000 |LR=0.02 | t=9.30s
    36 | base=1.381966 | val=1.515431 | acc1=0.5769 | Wμ=0.966 | Aμ=0.989 | Wmax=1.000 | Amax=1.000 |LR=0.018582 | t=9.33s
    37 | base=1.367562 | val=0.901577 | acc1=0.7141 | Wμ=0.965 | Aμ=0.974 | Wmax=1.000 | Amax=1.000 |LR=0.017238 | t=9.37s
    38 | base=1.389791 | val=1.028061 | acc1=0.6838 | Wμ=0.964 | Aμ=0.960 | Wmax=1.000 | Amax=1.000 |LR=0.015992 | t=9.32s
    39 | base=1.314528 | val=0.998713 | acc1=0.6947 | Wμ=0.964 | Aμ=0.963 | Wmax=1.000 | Amax=1.000 |LR=0.014835 | t=9.34s
    40 | base=1.365836 | val=0.925395 | acc1=0.7041 | Wμ=0.964 | Aμ=0.979 | Wmax=1.000 | Amax=1.000 |LR=0.013763 | t=9.32s
    41 | base=1.244353 | val=0.783089 | acc1=0.7504 | Wμ=0.964 | Aμ=0.969 | Wmax=1.000 | Amax=1.000 |LR=0.012767 | t=9.34s
    42 | base=1.304141 | val=1.115202 | acc1=0.6713 | Wμ=0.965 | Aμ=0.981 | Wmax=1.000 | Amax=1.000 |LR=0.011844 | t=9.31s
    43 | base=1.314342 | val=0.852967 | acc1=0.7202 | Wμ=0.964 | Aμ=0.975 | Wmax=1.000 | Amax=1.000 |LR=0.010988 | t=9.32s
    44 | base=1.237404 | val=1.059541 | acc1=0.6758 | Wμ=0.965 | Aμ=0.972 | Wmax=1.000 | Amax=1.000 |LR=0.010193 | t=9.36s
    45 | base=1.169815 | val=1.076268 | acc1=0.6804 | Wμ=0.965 | Aμ=0.968 | Wmax=1.000 | Amax=1.000 |LR=0.0094562 | t=9.33s
    46 | base=1.243426 | val=0.992450 | acc1=0.6906 | Wμ=0.965 | Aμ=0.962 | Wmax=1.000 | Amax=1.000 |LR=0.0087724 | t=9.36s
    47 | base=1.191091 | val=1.404514 | acc1=0.5948 | Wμ=0.966 | Aμ=0.969 | Wmax=1.000 | Amax=1.000 |LR=0.0081381 | t=9.38s
    48 | base=1.212632 | val=0.937104 | acc1=0.7074 | Wμ=0.966 | Aμ=0.973 | Wmax=1.000 | Amax=1.000 |LR=0.0075497 | t=9.32s
    49 | base=1.264627 | val=0.743812 | acc1=0.7587 | Wμ=0.967 | Aμ=0.964 | Wmax=1.000 | Amax=1.000 |LR=0.0070037 | t=9.35s
