     0 | base=nan | val=0.236715 | acc1=nan | Wμ=nan | Aμ=nan | Wmax=nan | LR=nan | ‖g‖=nan | satA=nan | satW=nan | εμ=nan | εvar=nan | corr(ε,x)=nan | t=nans
     0 | base=nan | val=0.236732 | acc1=0.9282 | Wμ=11.186 | Aμ=20.000 | Wmax=12.916 | LR=nan | ‖g‖=nan | satA=nan | satW=nan | εμ=nan | εvar=nan | corr(ε,x)=nan | t=nans
     0 | base=nan | val=0.236786 | acc1=0.9281 | Wμ=9.786 | Aμ=20.000 | Wmax=10.000 | LR=nan | ‖g‖=nan | satA=nan | satW=nan | εμ=nan | εvar=nan | corr(ε,x)=nan | t=nans
     0 | base=nan | val=0.236878 | acc1=0.9281 | Wμ=9.786 | Aμ=10.000 | Wmax=10.000 | LR=nan | ‖g‖=nan | satA=nan | satW=nan | εμ=nan | εvar=nan | corr(ε,x)=nan | t=nans
# epoch | BaseLoss | ValLoss | Acc@1 | MeanWBits | MeanABits | MaxWBits | MaxABits | LR | GradNorm | WSat | ASat | NoiseMean | NoiseVar | NoiseCorr | Temp | EpochTime(s)
     0 | base=nan | val=0.213726 | acc1=0.9335 | Wμ=9.786 | Aμ=10.000 | Wmax=10.000 | LR=nan | ‖g‖=nan | satA=nan | satW=nan | εμ=nan | εvar=nan | corr(ε,x)=nan | t=nans
     1 | base=0.003400 | val=0.236721 | acc1=0.9278 | Wμ=9.786 | Aμ=10.001 | Wmax=10.003 | LR=0.000198 | ‖g‖=nan | satA=nan | satW=nan | εμ=nan | εvar=nan | corr(ε,x)=nan | t=nans
     3 | base=0.002557 | val=0.238360 | acc1=0.9282 | Wμ=9.786 | Aμ=10.003 | Wmax=10.007 | LR=0.000398 | ‖g‖=nan | satA=nan | satW=nan | εμ=nan | εvar=nan | corr(ε,x)=nan | t=nans
     5 | base=0.003296 | val=0.238092 | acc1=0.9272 | Wμ=9.787 | Aμ=10.010 | Wmax=10.014 | LR=0.000598 | ‖g‖=nan | satA=nan | satW=nan | εμ=nan | εvar=nan | corr(ε,x)=nan | t=nans
     7 | base=0.004400 | val=0.239632 | acc1=0.9264 | Wμ=9.787 | Aμ=10.017 | Wmax=10.028 | LR=0.000798 | ‖g‖=nan | satA=nan | satW=nan | εμ=nan | εvar=nan | corr(ε,x)=nan | t=nans
     9 | base=0.006471 | val=0.242016 | acc1=0.9249 | Wμ=9.789 | Aμ=10.030 | Wmax=10.061 | LR=0.000998 | ‖g‖=nan | satA=nan | satW=nan | εμ=nan | εvar=nan | corr(ε,x)=nan | t=nans
    11 | base=0.015032 | val=0.253331 | acc1=0.9209 | Wμ=9.794 | Aμ=10.044 | Wmax=10.079 | LR=0.001198 | ‖g‖=nan | satA=nan | satW=nan | εμ=nan | εvar=nan | corr(ε,x)=nan | t=nans
    13 | base=0.026029 | val=0.250284 | acc1=0.9220 | Wμ=9.802 | Aμ=10.057 | Wmax=10.122 | LR=0.001398 | ‖g‖=nan | satA=nan | satW=nan | εμ=nan | εvar=nan | corr(ε,x)=nan | t=nans
    15 | base=0.033321 | val=0.254383 | acc1=0.9205 | Wμ=9.816 | Aμ=10.074 | Wmax=10.154 | LR=0.001598 | ‖g‖=nan | satA=nan | satW=nan | εμ=nan | εvar=nan | corr(ε,x)=nan | t=nans
    17 | base=0.038390 | val=0.256473 | acc1=0.9189 | Wμ=9.829 | Aμ=10.087 | Wmax=10.185 | LR=0.001798 | ‖g‖=nan | satA=nan | satW=nan | εμ=nan | εvar=nan | corr(ε,x)=nan | t=nans
    19 | base=0.040024 | val=0.258678 | acc1=0.9207 | Wμ=9.846 | Aμ=10.097 | Wmax=10.236 | LR=0.001998 | ‖g‖=nan | satA=nan | satW=nan | εμ=nan | εvar=nan | corr(ε,x)=nan | t=nans
    21 | base=0.041730 | val=0.261649 | acc1=0.9190 | Wμ=9.592 | Aμ=9.850 | Wmax=9.969 | LR=0.002 | ‖g‖=nan | satA=nan | satW=nan | εμ=nan | εvar=nan | corr(ε,x)=nan | t=nans
    23 | base=0.038096 | val=0.255597 | acc1=0.9207 | Wμ=9.070 | Aμ=9.545 | Wmax=9.638 | LR=0.002 | ‖g‖=nan | satA=nan | satW=nan | εμ=nan | εvar=nan | corr(ε,x)=nan | t=nans
    25 | base=0.048555 | val=0.272999 | acc1=0.9153 | Wμ=8.602 | Aμ=9.227 | Wmax=9.257 | LR=0.002 | ‖g‖=nan | satA=nan | satW=nan | εμ=nan | εvar=nan | corr(ε,x)=nan | t=nans
    27 | base=0.042638 | val=0.250316 | acc1=0.9222 | Wμ=8.160 | Aμ=8.886 | Wmax=8.913 | LR=0.002 | ‖g‖=nan | satA=nan | satW=nan | εμ=nan | εvar=nan | corr(ε,x)=nan | t=nans
    29 | base=0.043676 | val=0.269802 | acc1=0.9154 | Wμ=7.723 | Aμ=8.530 | Wmax=8.543 | LR=0.002 | ‖g‖=nan | satA=nan | satW=nan | εμ=nan | εvar=nan | corr(ε,x)=nan | t=nans
    31 | base=0.038321 | val=0.253387 | acc1=0.9199 | Wμ=7.314 | Aμ=8.192 | Wmax=8.195 | LR=0.002 | ‖g‖=nan | satA=nan | satW=nan | εμ=nan | εvar=nan | corr(ε,x)=nan | t=nans
    33 | base=0.045454 | val=0.247841 | acc1=0.9236 | Wμ=6.900 | Aμ=7.839 | Wmax=7.877 | LR=0.002 | ‖g‖=nan | satA=nan | satW=nan | εμ=nan | εvar=nan | corr(ε,x)=nan | t=nans
    35 | base=0.039987 | val=0.270761 | acc1=0.9137 | Wμ=6.510 | Aμ=7.509 | Wmax=7.531 | LR=0.002 | ‖g‖=nan | satA=nan | satW=nan | εμ=nan | εvar=nan | corr(ε,x)=nan | t=nans
    37 | base=0.044242 | val=0.254424 | acc1=0.9211 | Wμ=6.125 | Aμ=7.199 | Wmax=7.219 | LR=0.002 | ‖g‖=nan | satA=nan | satW=nan | εμ=nan | εvar=nan | corr(ε,x)=nan | t=nans
    39 | base=0.056430 | val=0.264054 | acc1=0.9165 | Wμ=5.760 | Aμ=6.910 | Wmax=6.907 | LR=0.002 | ‖g‖=nan | satA=nan | satW=nan | εμ=nan | εvar=nan | corr(ε,x)=nan | t=nans
    41 | base=0.047177 | val=0.270441 | acc1=0.9138 | Wμ=5.400 | Aμ=6.647 | Wmax=6.629 | LR=0.002 | ‖g‖=nan | satA=nan | satW=nan | εμ=nan | εvar=nan | corr(ε,x)=nan | t=nans
    43 | base=0.066322 | val=0.282831 | acc1=0.9129 | Wμ=5.040 | Aμ=6.392 | Wmax=6.322 | LR=0.002 | ‖g‖=nan | satA=nan | satW=nan | εμ=nan | εvar=nan | corr(ε,x)=nan | t=nans
    45 | base=0.077789 | val=0.293214 | acc1=0.9101 | Wμ=4.692 | Aμ=6.169 | Wmax=6.000 | LR=0.002 | ‖g‖=nan | satA=nan | satW=nan | εμ=nan | εvar=nan | corr(ε,x)=nan | t=nans
    47 | base=0.079493 | val=0.284263 | acc1=0.9093 | Wμ=4.357 | Aμ=5.970 | Wmax=5.728 | LR=0.002 | ‖g‖=nan | satA=nan | satW=nan | εμ=nan | εvar=nan | corr(ε,x)=nan | t=nans
    49 | base=0.097896 | val=0.292996 | acc1=0.9065 | Wμ=4.030 | Aμ=5.796 | Wmax=5.459 | LR=0.002 | ‖g‖=nan | satA=nan | satW=nan | εμ=nan | εvar=nan | corr(ε,x)=nan | t=nans
    51 | base=0.083140 | val=0.294788 | acc1=0.9072 | Wμ=3.714 | Aμ=5.628 | Wmax=5.209 | LR=0.002 | ‖g‖=nan | satA=nan | satW=nan | εμ=nan | εvar=nan | corr(ε,x)=nan | t=nans
    53 | base=0.116697 | val=0.307356 | acc1=0.9030 | Wμ=3.409 | Aμ=5.483 | Wmax=4.954 | LR=0.002 | ‖g‖=nan | satA=nan | satW=nan | εμ=nan | εvar=nan | corr(ε,x)=nan | t=nans
    55 | base=0.116361 | val=0.305765 | acc1=0.9070 | Wμ=3.129 | Aμ=5.345 | Wmax=4.755 | LR=0.002 | ‖g‖=nan | satA=nan | satW=nan | εμ=nan | εvar=nan | corr(ε,x)=nan | t=nans
    57 | base=0.137557 | val=0.297895 | acc1=0.9061 | Wμ=2.862 | Aμ=5.220 | Wmax=4.524 | LR=0.002 | ‖g‖=nan | satA=nan | satW=nan | εμ=nan | εvar=nan | corr(ε,x)=nan | t=nans
    59 | base=0.135393 | val=0.315961 | acc1=0.9029 | Wμ=2.617 | Aμ=5.108 | Wmax=4.322 | LR=0.002 | ‖g‖=nan | satA=nan | satW=nan | εμ=nan | εvar=nan | corr(ε,x)=nan | t=nans
    61 | base=0.181243 | val=0.424047 | acc1=0.8710 | Wμ=2.404 | Aμ=5.007 | Wmax=4.170 | LR=0.002 | ‖g‖=nan | satA=nan | satW=nan | εμ=nan | εvar=nan | corr(ε,x)=nan | t=nans
    63 | base=0.180337 | val=0.351985 | acc1=0.8902 | Wμ=2.212 | Aμ=4.916 | Wmax=4.000 | LR=0.002 | ‖g‖=nan | satA=nan | satW=nan | εμ=nan | εvar=nan | corr(ε,x)=nan | t=nans
    65 | base=0.170411 | val=0.379530 | acc1=0.8815 | Wμ=2.046 | Aμ=4.824 | Wmax=3.807 | LR=0.002 | ‖g‖=nan | satA=nan | satW=nan | εμ=nan | εvar=nan | corr(ε,x)=nan | t=nans
    67 | base=0.236557 | val=0.435005 | acc1=0.8661 | Wμ=1.901 | Aμ=4.738 | Wmax=3.700 | LR=0.002 | ‖g‖=nan | satA=nan | satW=nan | εμ=nan | εvar=nan | corr(ε,x)=nan | t=nans
    69 | base=0.286274 | val=0.413621 | acc1=0.8741 | Wμ=1.787 | Aμ=4.639 | Wmax=3.585 | LR=0.002 | ‖g‖=nan | satA=nan | satW=nan | εμ=nan | εvar=nan | corr(ε,x)=nan | t=nans
    71 | base=0.264930 | val=0.390395 | acc1=0.8761 | Wμ=1.687 | Aμ=4.566 | Wmax=3.459 | LR=0.002 | ‖g‖=nan | satA=nan | satW=nan | εμ=nan | εvar=nan | corr(ε,x)=nan | t=nans
    73 | base=0.309806 | val=0.446461 | acc1=0.8599 | Wμ=1.604 | Aμ=4.483 | Wmax=3.322 | LR=0.002 | ‖g‖=nan | satA=nan | satW=nan | εμ=nan | εvar=nan | corr(ε,x)=nan | t=nans
    75 | base=0.297552 | val=0.589843 | acc1=0.8268 | Wμ=1.532 | Aμ=4.396 | Wmax=3.170 | LR=0.002 | ‖g‖=nan | satA=nan | satW=nan | εμ=nan | εvar=nan | corr(ε,x)=nan | t=nans
    77 | base=0.341522 | val=0.683768 | acc1=0.8005 | Wμ=1.473 | Aμ=4.280 | Wmax=3.170 | LR=0.002 | ‖g‖=nan | satA=nan | satW=nan | εμ=nan | εvar=nan | corr(ε,x)=nan | t=nans
    79 | base=0.302609 | val=0.575077 | acc1=0.8224 | Wμ=1.423 | Aμ=4.183 | Wmax=3.000 | LR=0.002 | ‖g‖=nan | satA=nan | satW=nan | εμ=nan | εvar=nan | corr(ε,x)=nan | t=nans
    81 | base=0.421171 | val=0.516375 | acc1=0.8379 | Wμ=1.372 | Aμ=4.063 | Wmax=2.807 | LR=0.002 | ‖g‖=nan | satA=nan | satW=nan | εμ=nan | εvar=nan | corr(ε,x)=nan | t=nans
    83 | base=0.409606 | val=0.671762 | acc1=0.7809 | Wμ=1.326 | Aμ=3.973 | Wmax=2.807 | LR=0.002 | ‖g‖=nan | satA=nan | satW=nan | εμ=nan | εvar=nan | corr(ε,x)=nan | t=nans
    85 | base=0.420889 | val=0.774838 | acc1=0.7797 | Wμ=1.282 | Aμ=3.860 | Wmax=2.807 | LR=0.002 | ‖g‖=nan | satA=nan | satW=nan | εμ=nan | εvar=nan | corr(ε,x)=nan | t=nans
    87 | base=0.494268 | val=0.566491 | acc1=0.8150 | Wμ=1.247 | Aμ=3.736 | Wmax=2.585 | LR=0.002 | ‖g‖=nan | satA=nan | satW=nan | εμ=nan | εvar=nan | corr(ε,x)=nan | t=nans
    89 | base=0.423272 | val=0.584465 | acc1=0.8186 | Wμ=1.214 | Aμ=3.608 | Wmax=2.585 | LR=0.002 | ‖g‖=nan | satA=nan | satW=nan | εμ=nan | εvar=nan | corr(ε,x)=nan | t=nans
    91 | base=0.470509 | val=0.571562 | acc1=0.8256 | Wμ=1.187 | Aμ=3.483 | Wmax=2.585 | LR=0.002 | ‖g‖=nan | satA=nan | satW=nan | εμ=nan | εvar=nan | corr(ε,x)=nan | t=nans
    93 | base=0.531275 | val=1.038973 | acc1=0.6964 | Wμ=1.163 | Aμ=3.371 | Wmax=2.322 | LR=0.002 | ‖g‖=nan | satA=nan | satW=nan | εμ=nan | εvar=nan | corr(ε,x)=nan | t=nans
    95 | base=0.476674 | val=0.439429 | acc1=0.8575 | Wμ=1.139 | Aμ=3.241 | Wmax=2.322 | LR=0.002 | ‖g‖=nan | satA=nan | satW=nan | εμ=nan | εvar=nan | corr(ε,x)=nan | t=nans
    97 | base=0.450689 | val=0.984047 | acc1=0.7366 | Wμ=1.118 | Aμ=3.106 | Wmax=2.322 | LR=0.002 | ‖g‖=nan | satA=nan | satW=nan | εμ=nan | εvar=nan | corr(ε,x)=nan | t=nans
    99 | base=0.502532 | val=0.724349 | acc1=0.7812 | Wμ=1.097 | Aμ=2.968 | Wmax=2.322 | LR=0.002 | ‖g‖=nan | satA=nan | satW=nan | εμ=nan | εvar=nan | corr(ε,x)=nan | t=nans
   101 | base=0.506751 | val=0.710666 | acc1=0.7781 | Wμ=1.080 | Aμ=2.867 | Wmax=2.000 | LR=0.002 | ‖g‖=nan | satA=nan | satW=nan | εμ=nan | εvar=nan | corr(ε,x)=nan | t=nans
   103 | base=0.528078 | val=0.758021 | acc1=0.7799 | Wμ=1.065 | Aμ=2.761 | Wmax=2.000 | LR=0.002 | ‖g‖=nan | satA=nan | satW=nan | εμ=nan | εvar=nan | corr(ε,x)=nan | t=nans
   105 | base=0.513968 | val=0.848836 | acc1=0.7577 | Wμ=1.052 | Aμ=2.662 | Wmax=2.000 | LR=0.002 | ‖g‖=nan | satA=nan | satW=nan | εμ=nan | εvar=nan | corr(ε,x)=nan | t=nans
   107 | base=0.537278 | val=1.460552 | acc1=0.5783 | Wμ=1.043 | Aμ=2.576 | Wmax=2.000 | LR=0.002 | ‖g‖=nan | satA=nan | satW=nan | εμ=nan | εvar=nan | corr(ε,x)=nan | t=nans
   109 | base=0.537723 | val=1.200985 | acc1=0.6676 | Wμ=1.037 | Aμ=2.488 | Wmax=2.000 | LR=0.002 | ‖g‖=nan | satA=nan | satW=nan | εμ=nan | εvar=nan | corr(ε,x)=nan | t=nans
   111 | base=0.560258 | val=0.721387 | acc1=0.7850 | Wμ=1.031 | Aμ=2.340 | Wmax=2.000 | LR=0.002 | ‖g‖=nan | satA=nan | satW=nan | εμ=nan | εvar=nan | corr(ε,x)=nan | t=nans
   113 | base=0.648963 | val=1.004898 | acc1=0.7089 | Wμ=1.026 | Aμ=2.255 | Wmax=2.000 | LR=0.002 | ‖g‖=nan | satA=nan | satW=nan | εμ=nan | εvar=nan | corr(ε,x)=nan | t=nans
   115 | base=0.583425 | val=1.179278 | acc1=0.6668 | Wμ=1.022 | Aμ=2.221 | Wmax=1.585 | LR=0.002 | ‖g‖=nan | satA=nan | satW=nan | εμ=nan | εvar=nan | corr(ε,x)=nan | t=nans
   117 | base=0.690014 | val=0.694031 | acc1=0.7922 | Wμ=1.018 | Aμ=2.159 | Wmax=1.585 | LR=0.002 | ‖g‖=nan | satA=nan | satW=nan | εμ=nan | εvar=nan | corr(ε,x)=nan | t=nans
   119 | base=0.650329 | val=0.756792 | acc1=0.7789 | Wμ=1.015 | Aμ=2.050 | Wmax=2.000 | LR=0.002 | ‖g‖=nan | satA=nan | satW=nan | εμ=nan | εvar=nan | corr(ε,x)=nan | t=nans
   121 | base=0.745342 | val=1.054042 | acc1=0.6744 | Wμ=1.012 | Aμ=1.942 | Wmax=1.585 | LR=0.002 | ‖g‖=nan | satA=nan | satW=nan | εμ=nan | εvar=nan | corr(ε,x)=nan | t=nans
   123 | base=0.744902 | val=0.571542 | acc1=0.8162 | Wμ=1.009 | Aμ=1.889 | Wmax=1.585 | LR=0.002 | ‖g‖=nan | satA=nan | satW=nan | εμ=nan | εvar=nan | corr(ε,x)=nan | t=nans
   125 | base=0.790891 | val=0.551329 | acc1=0.8224 | Wμ=1.008 | Aμ=1.824 | Wmax=1.585 | LR=0.002 | ‖g‖=nan | satA=nan | satW=nan | εμ=nan | εvar=nan | corr(ε,x)=nan | t=nans
   127 | base=0.746817 | val=1.043574 | acc1=0.6859 | Wμ=1.006 | Aμ=1.786 | Wmax=1.585 | LR=0.002 | ‖g‖=nan | satA=nan | satW=nan | εμ=nan | εvar=nan | corr(ε,x)=nan | t=nans
   129 | base=0.768186 | val=0.907024 | acc1=0.7097 | Wμ=1.004 | Aμ=1.750 | Wmax=1.585 | LR=0.002 | ‖g‖=nan | satA=nan | satW=nan | εμ=nan | εvar=nan | corr(ε,x)=nan | t=nans
   131 | base=0.811421 | val=1.552582 | acc1=0.5286 | Wμ=1.003 | Aμ=1.682 | Wmax=1.585 | LR=0.002 | ‖g‖=nan | satA=nan | satW=nan | εμ=nan | εvar=nan | corr(ε,x)=nan | t=nans
   133 | base=0.915288 | val=0.868557 | acc1=0.7366 | Wμ=1.002 | Aμ=1.631 | Wmax=1.585 | LR=0.002 | ‖g‖=nan | satA=nan | satW=nan | εμ=nan | εvar=nan | corr(ε,x)=nan | t=nans
   135 | base=0.883586 | val=0.776636 | acc1=0.7616 | Wμ=1.000 | Aμ=1.576 | Wmax=1.585 | LR=0.002 | ‖g‖=nan | satA=nan | satW=nan | εμ=nan | εvar=nan | corr(ε,x)=nan | t=nans
   137 | base=0.917964 | val=0.648180 | acc1=0.7883 | Wμ=0.999 | Aμ=1.500 | Wmax=1.585 | LR=0.002 | ‖g‖=nan | satA=nan | satW=nan | εμ=nan | εvar=nan | corr(ε,x)=nan | t=nans
   139 | base=1.061306 | val=0.857387 | acc1=0.7168 | Wμ=0.998 | Aμ=1.470 | Wmax=1.585 | LR=0.002 | ‖g‖=nan | satA=nan | satW=nan | εμ=nan | εvar=nan | corr(ε,x)=nan | t=nans
   141 | base=0.865314 | val=0.766223 | acc1=0.7536 | Wμ=0.997 | Aμ=1.455 | Wmax=1.000 | LR=0.002 | ‖g‖=nan | satA=nan | satW=nan | εμ=nan | εvar=nan | corr(ε,x)=nan | t=nans
   143 | base=0.962130 | val=0.937824 | acc1=0.6841 | Wμ=0.997 | Aμ=1.453 | Wmax=1.585 | LR=0.002 | ‖g‖=nan | satA=nan | satW=nan | εμ=nan | εvar=nan | corr(ε,x)=nan | t=nans
   145 | base=0.964703 | val=1.193476 | acc1=0.6716 | Wμ=0.996 | Aμ=1.451 | Wmax=1.585 | LR=0.002 | ‖g‖=nan | satA=nan | satW=nan | εμ=nan | εvar=nan | corr(ε,x)=nan | t=nans
   147 | base=0.964465 | val=0.661164 | acc1=0.7815 | Wμ=0.995 | Aμ=1.426 | Wmax=1.000 | LR=0.002 | ‖g‖=nan | satA=nan | satW=nan | εμ=nan | εvar=nan | corr(ε,x)=nan | t=nans
   149 | base=1.027677 | val=0.919334 | acc1=0.7289 | Wμ=0.995 | Aμ=1.368 | Wmax=1.585 | LR=0.002 | ‖g‖=nan | satA=nan | satW=nan | εμ=nan | εvar=nan | corr(ε,x)=nan | t=nans
   151 | base=0.968113 | val=0.778906 | acc1=0.7531 | Wμ=0.994 | Aμ=1.310 | Wmax=1.585 | LR=0.002 | ‖g‖=nan | satA=nan | satW=nan | εμ=nan | εvar=nan | corr(ε,x)=nan | t=nans
   153 | base=1.031519 | val=0.610780 | acc1=0.7928 | Wμ=0.993 | Aμ=1.283 | Wmax=1.000 | LR=0.002 | ‖g‖=nan | satA=nan | satW=nan | εμ=nan | εvar=nan | corr(ε,x)=nan | t=nans
   155 | base=1.042627 | val=0.661945 | acc1=0.7904 | Wμ=0.993 | Aμ=1.250 | Wmax=1.000 | LR=0.002 | ‖g‖=nan | satA=nan | satW=nan | εμ=nan | εvar=nan | corr(ε,x)=nan | t=nans
   157 | base=1.034089 | val=0.820767 | acc1=0.7401 | Wμ=0.992 | Aμ=1.234 | Wmax=1.000 | LR=0.002 | ‖g‖=nan | satA=nan | satW=nan | εμ=nan | εvar=nan | corr(ε,x)=nan | t=nans
   159 | base=1.027552 | val=0.867964 | acc1=0.7474 | Wμ=0.992 | Aμ=1.212 | Wmax=1.000 | LR=0.002 | ‖g‖=nan | satA=nan | satW=nan | εμ=nan | εvar=nan | corr(ε,x)=nan | t=nans
   161 | base=0.996166 | val=0.741101 | acc1=0.7519 | Wμ=0.992 | Aμ=1.183 | Wmax=1.000 | LR=0.002 | ‖g‖=nan | satA=nan | satW=nan | εμ=nan | εvar=nan | corr(ε,x)=nan | t=nans
   163 | base=1.149003 | val=0.939361 | acc1=0.7453 | Wμ=0.991 | Aμ=1.162 | Wmax=1.000 | LR=0.002 | ‖g‖=nan | satA=nan | satW=nan | εμ=nan | εvar=nan | corr(ε,x)=nan | t=nans
   165 | base=1.090676 | val=1.035133 | acc1=0.6782 | Wμ=0.991 | Aμ=1.158 | Wmax=1.000 | LR=0.002 | ‖g‖=nan | satA=nan | satW=nan | εμ=nan | εvar=nan | corr(ε,x)=nan | t=nans
   167 | base=1.110325 | val=1.507332 | acc1=0.5948 | Wμ=0.991 | Aμ=1.152 | Wmax=1.000 | LR=0.002 | ‖g‖=nan | satA=nan | satW=nan | εμ=nan | εvar=nan | corr(ε,x)=nan | t=nans
   169 | base=1.118914 | val=0.937225 | acc1=0.6788 | Wμ=0.991 | Aμ=1.144 | Wmax=1.000 | LR=0.002 | ‖g‖=nan | satA=nan | satW=nan | εμ=nan | εvar=nan | corr(ε,x)=nan | t=nans
   171 | base=1.111916 | val=0.719773 | acc1=0.7689 | Wμ=0.991 | Aμ=1.139 | Wmax=1.000 | LR=0.002 | ‖g‖=nan | satA=nan | satW=nan | εμ=nan | εvar=nan | corr(ε,x)=nan | t=nans
   173 | base=1.242643 | val=0.869883 | acc1=0.7369 | Wμ=0.990 | Aμ=1.133 | Wmax=1.000 | LR=0.002 | ‖g‖=nan | satA=nan | satW=nan | εμ=nan | εvar=nan | corr(ε,x)=nan | t=nans
   175 | base=1.125478 | val=0.679231 | acc1=0.7753 | Wμ=0.990 | Aμ=1.124 | Wmax=1.000 | LR=0.002 | ‖g‖=nan | satA=nan | satW=nan | εμ=nan | εvar=nan | corr(ε,x)=nan | t=nans
   177 | base=1.246007 | val=0.903036 | acc1=0.7019 | Wμ=0.990 | Aμ=1.124 | Wmax=1.000 | LR=0.002 | ‖g‖=nan | satA=nan | satW=nan | εμ=nan | εvar=nan | corr(ε,x)=nan | t=nans
   179 | base=1.138367 | val=1.046146 | acc1=0.6668 | Wμ=0.990 | Aμ=1.123 | Wmax=1.000 | LR=0.002 | ‖g‖=nan | satA=nan | satW=nan | εμ=nan | εvar=nan | corr(ε,x)=nan | t=nans
   181 | base=1.049507 | val=0.854120 | acc1=0.7159 | Wμ=0.990 | Aμ=1.119 | Wmax=1.000 | LR=0.0017238 | ‖g‖=nan | satA=nan | satW=nan | εμ=nan | εvar=nan | corr(ε,x)=nan | t=nans
   183 | base=1.177997 | val=1.149112 | acc1=0.6691 | Wμ=0.991 | Aμ=1.109 | Wmax=1.000 | LR=0.0017212 | ‖g‖=nan | satA=nan | satW=nan | εμ=nan | εvar=nan | corr(ε,x)=nan | t=nans
   185 | base=1.206063 | val=0.804730 | acc1=0.7367 | Wμ=0.990 | Aμ=1.096 | Wmax=1.000 | LR=0.0017212 | ‖g‖=nan | satA=nan | satW=nan | εμ=nan | εvar=nan | corr(ε,x)=nan | t=nans
   187 | base=1.104326 | val=0.673937 | acc1=0.7691 | Wμ=0.991 | Aμ=1.088 | Wmax=1.000 | LR=0.0017212 | ‖g‖=nan | satA=nan | satW=nan | εμ=nan | εvar=nan | corr(ε,x)=nan | t=nans
   189 | base=1.064667 | val=0.965847 | acc1=0.6977 | Wμ=0.991 | Aμ=1.080 | Wmax=1.000 | LR=0.0014835 | ‖g‖=nan | satA=nan | satW=nan | εμ=nan | εvar=nan | corr(ε,x)=nan | t=nans
   191 | base=1.141512 | val=0.812580 | acc1=0.7429 | Wμ=0.991 | Aμ=1.069 | Wmax=1.000 | LR=0.0014813 | ‖g‖=nan | satA=nan | satW=nan | εμ=nan | εvar=nan | corr(ε,x)=nan | t=nans
   193 | base=1.000992 | val=0.976560 | acc1=0.6947 | Wμ=0.991 | Aμ=1.061 | Wmax=1.000 | LR=0.0014813 | ‖g‖=nan | satA=nan | satW=nan | εμ=nan | εvar=nan | corr(ε,x)=nan | t=nans
   195 | base=1.097718 | val=0.827470 | acc1=0.7477 | Wμ=0.991 | Aμ=1.051 | Wmax=1.000 | LR=0.0012767 | ‖g‖=nan | satA=nan | satW=nan | εμ=nan | εvar=nan | corr(ε,x)=nan | t=nans
   197 | base=1.097711 | val=0.900495 | acc1=0.7102 | Wμ=0.991 | Aμ=1.040 | Wmax=1.000 | LR=0.0010988 | ‖g‖=nan | satA=nan | satW=nan | εμ=nan | εvar=nan | corr(ε,x)=nan | t=nans
   199 | base=1.087242 | val=0.911922 | acc1=0.7150 | Wμ=0.991 | Aμ=1.021 | Wmax=1.000 | LR=0.00094562 | ‖g‖=nan | satA=nan | satW=nan | εμ=nan | εvar=nan | corr(ε,x)=nan | t=nans
   201 | base=1.031506 | val=0.740222 | acc1=0.7612 | Wμ=0.991 | Aμ=0.998 | Wmax=1.000 | LR=0.00081381 | ‖g‖=nan | satA=nan | satW=nan | εμ=nan | εvar=nan | corr(ε,x)=nan | t=nans
   203 | base=0.952645 | val=0.920481 | acc1=0.7138 | Wμ=0.991 | Aμ=0.999 | Wmax=1.000 | LR=0.00070037 | ‖g‖=nan | satA=nan | satW=nan | εμ=nan | εvar=nan | corr(ε,x)=nan | t=nans
   205 | base=1.079754 | val=0.815025 | acc1=0.7429 | Wμ=0.991 | Aμ=0.998 | Wmax=1.000 | LR=0.00060275 | ‖g‖=nan | satA=nan | satW=nan | εμ=nan | εvar=nan | corr(ε,x)=nan | t=nans
   207 | base=1.031452 | val=0.650970 | acc1=0.7860 | Wμ=0.991 | Aμ=0.998 | Wmax=1.000 | LR=0.00051873 | ‖g‖=nan | satA=nan | satW=nan | εμ=nan | εvar=nan | corr(ε,x)=nan | t=nans
   209 | base=0.976010 | val=0.634578 | acc1=0.7943 | Wμ=0.991 | Aμ=0.998 | Wmax=1.000 | LR=0.00044643 | ‖g‖=nan | satA=nan | satW=nan | εμ=nan | εvar=nan | corr(ε,x)=nan | t=nans
   211 | base=0.961392 | val=0.965749 | acc1=0.7085 | Wμ=0.992 | Aμ=0.999 | Wmax=1.000 | LR=0.0003842 | ‖g‖=nan | satA=nan | satW=nan | εμ=nan | εvar=nan | corr(ε,x)=nan | t=nans
   213 | base=1.053368 | val=0.620006 | acc1=0.7988 | Wμ=0.992 | Aμ=0.998 | Wmax=1.000 | LR=0.00033065 | ‖g‖=nan | satA=nan | satW=nan | εμ=nan | εvar=nan | corr(ε,x)=nan | t=nans
   215 | base=1.042030 | val=1.733922 | acc1=0.5514 | Wμ=0.992 | Aμ=0.999 | Wmax=1.000 | LR=0.00028456 | ‖g‖=nan | satA=nan | satW=nan | εμ=nan | εvar=nan | corr(ε,x)=nan | t=nans
   217 | base=1.013291 | val=0.673990 | acc1=0.7866 | Wμ=0.992 | Aμ=0.998 | Wmax=1.000 | LR=0.00024489 | ‖g‖=nan | satA=nan | satW=nan | εμ=nan | εvar=nan | corr(ε,x)=nan | t=nans
   219 | base=0.927156 | val=0.597427 | acc1=0.7961 | Wμ=0.992 | Aμ=0.998 | Wmax=1.000 | LR=0.00021076 | ‖g‖=nan | satA=nan | satW=nan | εμ=nan | εvar=nan | corr(ε,x)=nan | t=nans
   221 | base=1.007240 | val=0.724156 | acc1=0.7640 | Wμ=0.993 | Aμ=0.999 | Wmax=1.000 | LR=0.00018138 | ‖g‖=nan | satA=nan | satW=nan | εμ=nan | εvar=nan | corr(ε,x)=nan | t=nans
   223 | base=0.899443 | val=0.726911 | acc1=0.7614 | Wμ=0.993 | Aμ=0.999 | Wmax=1.000 | LR=0.0001561 | ‖g‖=nan | satA=nan | satW=nan | εμ=nan | εvar=nan | corr(ε,x)=nan | t=nans
   225 | base=0.956394 | val=0.690471 | acc1=0.7788 | Wμ=0.993 | Aμ=0.999 | Wmax=1.000 | LR=0.00013434 | ‖g‖=nan | satA=nan | satW=nan | εμ=nan | εvar=nan | corr(ε,x)=nan | t=nans
   227 | base=0.913327 | val=0.798490 | acc1=0.7514 | Wμ=0.993 | Aμ=0.999 | Wmax=1.000 | LR=0.00011561 | ‖g‖=nan | satA=nan | satW=nan | εμ=nan | εvar=nan | corr(ε,x)=nan | t=nans
   229 | base=0.934232 | val=0.657250 | acc1=0.7889 | Wμ=0.993 | Aμ=0.999 | Wmax=1.000 | LR=9.9499e-05 | ‖g‖=nan | satA=nan | satW=nan | εμ=nan | εvar=nan | corr(ε,x)=nan | t=nans
   231 | base=0.946679 | val=0.597321 | acc1=0.8046 | Wμ=0.993 | Aμ=0.999 | Wmax=1.000 | LR=8.563e-05 | ‖g‖=nan | satA=nan | satW=nan | εμ=nan | εvar=nan | corr(ε,x)=nan | t=nans
   233 | base=0.885934 | val=0.727042 | acc1=0.7658 | Wμ=0.994 | Aμ=0.999 | Wmax=1.000 | LR=7.3694e-05 | ‖g‖=nan | satA=nan | satW=nan | εμ=nan | εvar=nan | corr(ε,x)=nan | t=nans
   235 | base=0.962708 | val=0.682744 | acc1=0.7806 | Wμ=0.994 | Aμ=0.999 | Wmax=1.000 | LR=6.3422e-05 | ‖g‖=nan | satA=nan | satW=nan | εμ=nan | εvar=nan | corr(ε,x)=nan | t=nans
   237 | base=0.917640 | val=0.702678 | acc1=0.7783 | Wμ=0.994 | Aμ=0.999 | Wmax=1.000 | LR=5.4582e-05 | ‖g‖=nan | satA=nan | satW=nan | εμ=nan | εvar=nan | corr(ε,x)=nan | t=nans
   239 | base=0.938616 | val=0.599968 | acc1=0.8060 | Wμ=0.994 | Aμ=0.999 | Wmax=1.000 | LR=4.6974e-05 | ‖g‖=nan | satA=nan | satW=nan | εμ=nan | εvar=nan | corr(ε,x)=nan | t=nans
   241 | base=0.885938 | val=0.598068 | acc1=0.8028 | Wμ=0.994 | Aμ=0.999 | Wmax=1.000 | LR=4.0426e-05 | ‖g‖=nan | satA=nan | satW=nan | εμ=nan | εvar=nan | corr(ε,x)=nan | t=nans
   243 | base=0.924211 | val=0.552825 | acc1=0.8154 | Wμ=0.994 | Aμ=0.999 | Wmax=1.000 | LR=3.4791e-05 | ‖g‖=nan | satA=nan | satW=nan | εμ=nan | εvar=nan | corr(ε,x)=nan | t=nans
   245 | base=0.893997 | val=0.614959 | acc1=0.7974 | Wμ=0.994 | Aμ=0.999 | Wmax=1.000 | LR=2.9942e-05 | ‖g‖=nan | satA=nan | satW=nan | εμ=nan | εvar=nan | corr(ε,x)=nan | t=nans
   247 | base=0.915707 | val=0.575941 | acc1=0.8120 | Wμ=0.994 | Aμ=0.999 | Wmax=1.000 | LR=2.5768e-05 | ‖g‖=nan | satA=nan | satW=nan | εμ=nan | εvar=nan | corr(ε,x)=nan | t=nans
   249 | base=0.966959 | val=0.545712 | acc1=0.8196 | Wμ=0.994 | Aμ=0.999 | Wmax=1.000 | LR=2.2176e-05 | ‖g‖=nan | satA=nan | satW=nan | εμ=nan | εvar=nan | corr(ε,x)=nan | t=nans
   251 | base=0.914081 | val=0.625100 | acc1=0.8021 | Wμ=0.995 | Aμ=0.999 | Wmax=1.000 | LR=1.9085e-05 | ‖g‖=nan | satA=nan | satW=nan | εμ=nan | εvar=nan | corr(ε,x)=nan | t=nans
   253 | base=0.922952 | val=0.522927 | acc1=0.8279 | Wμ=0.995 | Aμ=0.999 | Wmax=1.000 | LR=1.6425e-05 | ‖g‖=nan | satA=nan | satW=nan | εμ=nan | εvar=nan | corr(ε,x)=nan | t=nans
   255 | base=0.821520 | val=0.575357 | acc1=0.8154 | Wμ=0.995 | Aμ=0.999 | Wmax=1.000 | LR=1.4135e-05 | ‖g‖=nan | satA=nan | satW=nan | εμ=nan | εvar=nan | corr(ε,x)=nan | t=nans
   257 | base=0.873609 | val=0.542338 | acc1=0.8223 | Wμ=0.995 | Aμ=0.999 | Wmax=1.000 | LR=1.2165e-05 | ‖g‖=nan | satA=nan | satW=nan | εμ=nan | εvar=nan | corr(ε,x)=nan | t=nans
   259 | base=0.984800 | val=0.538284 | acc1=0.8226 | Wμ=0.995 | Aμ=0.999 | Wmax=1.000 | LR=1.0469e-05 | ‖g‖=nan | satA=nan | satW=nan | εμ=nan | εvar=nan | corr(ε,x)=nan | t=nans
   261 | base=0.935697 | val=0.610213 | acc1=0.8023 | Wμ=0.995 | Aμ=0.999 | Wmax=1.000 | LR=9.0101e-06 | ‖g‖=nan | satA=nan | satW=nan | εμ=nan | εvar=nan | corr(ε,x)=nan | t=nans
   263 | base=0.854400 | val=0.627487 | acc1=0.7994 | Wμ=0.995 | Aμ=0.999 | Wmax=1.000 | LR=7.7542e-06 | ‖g‖=nan | satA=nan | satW=nan | εμ=nan | εvar=nan | corr(ε,x)=nan | t=nans
   265 | base=0.919865 | val=0.665559 | acc1=0.7795 | Wμ=0.995 | Aμ=0.999 | Wmax=1.000 | LR=6.6734e-06 | ‖g‖=nan | satA=nan | satW=nan | εμ=nan | εvar=nan | corr(ε,x)=nan | t=nans
   267 | base=0.925335 | val=0.626463 | acc1=0.7998 | Wμ=0.995 | Aμ=0.999 | Wmax=1.000 | LR=5.7432e-06 | ‖g‖=nan | satA=nan | satW=nan | εμ=nan | εvar=nan | corr(ε,x)=nan | t=nans
   269 | base=0.938386 | val=0.687417 | acc1=0.7738 | Wμ=0.995 | Aμ=0.999 | Wmax=1.000 | LR=4.9426e-06 | ‖g‖=nan | satA=nan | satW=nan | εμ=nan | εvar=nan | corr(ε,x)=nan | t=nans
   271 | base=0.883522 | val=0.558190 | acc1=0.8194 | Wμ=0.995 | Aμ=0.999 | Wmax=1.000 | LR=4.2537e-06 | ‖g‖=nan | satA=nan | satW=nan | εμ=nan | εvar=nan | corr(ε,x)=nan | t=nans
   273 | base=0.901417 | val=0.530494 | acc1=0.8257 | Wμ=0.995 | Aμ=0.999 | Wmax=1.000 | LR=3.6608e-06 | ‖g‖=nan | satA=nan | satW=nan | εμ=nan | εvar=nan | corr(ε,x)=nan | t=nans
   275 | base=0.908578 | val=0.565144 | acc1=0.8159 | Wμ=0.995 | Aμ=0.999 | Wmax=1.000 | LR=3.1505e-06 | ‖g‖=nan | satA=nan | satW=nan | εμ=nan | εvar=nan | corr(ε,x)=nan | t=nans
   277 | base=0.894858 | val=0.561306 | acc1=0.8160 | Wμ=0.995 | Aμ=0.999 | Wmax=1.000 | LR=2.7114e-06 | ‖g‖=nan | satA=nan | satW=nan | εμ=nan | εvar=nan | corr(ε,x)=nan | t=nans
   279 | base=0.875344 | val=0.619143 | acc1=0.8025 | Wμ=0.995 | Aμ=0.999 | Wmax=1.000 | LR=2.3334e-06 | ‖g‖=nan | satA=nan | satW=nan | εμ=nan | εvar=nan | corr(ε,x)=nan | t=nans
   281 | base=0.870279 | val=0.530487 | acc1=0.8230 | Wμ=0.995 | Aμ=0.999 | Wmax=1.000 | LR=2.0082e-06 | ‖g‖=nan | satA=nan | satW=nan | εμ=nan | εvar=nan | corr(ε,x)=nan | t=nans
   283 | base=0.956591 | val=0.583626 | acc1=0.8088 | Wμ=0.995 | Aμ=0.999 | Wmax=1.000 | LR=1.7283e-06 | ‖g‖=nan | satA=nan | satW=nan | εμ=nan | εvar=nan | corr(ε,x)=nan | t=nans
   285 | base=0.854003 | val=0.568622 | acc1=0.8153 | Wμ=0.995 | Aμ=0.999 | Wmax=1.000 | LR=1.4874e-06 | ‖g‖=nan | satA=nan | satW=nan | εμ=nan | εvar=nan | corr(ε,x)=nan | t=nans
   287 | base=0.881121 | val=0.505552 | acc1=0.8310 | Wμ=0.995 | Aμ=0.999 | Wmax=1.000 | LR=1.28e-06 | ‖g‖=nan | satA=nan | satW=nan | εμ=nan | εvar=nan | corr(ε,x)=nan | t=nans
   289 | base=0.870657 | val=0.543237 | acc1=0.8205 | Wμ=0.995 | Aμ=0.999 | Wmax=1.000 | LR=1.1016e-06 | ‖g‖=nan | satA=nan | satW=nan | εμ=nan | εvar=nan | corr(ε,x)=nan | t=nans
   291 | base=0.887205 | val=0.525404 | acc1=0.8262 | Wμ=0.995 | Aμ=0.999 | Wmax=1.000 | LR=9.4806e-07 | ‖g‖=nan | satA=nan | satW=nan | εμ=nan | εvar=nan | corr(ε,x)=nan | t=nans
   293 | base=0.863299 | val=0.636414 | acc1=0.7945 | Wμ=0.995 | Aμ=0.999 | Wmax=1.000 | LR=8.1591e-07 | ‖g‖=nan | satA=nan | satW=nan | εμ=nan | εvar=nan | corr(ε,x)=nan | t=nans
   295 | base=0.872589 | val=0.526329 | acc1=0.8298 | Wμ=0.995 | Aμ=0.999 | Wmax=1.000 | LR=7.0218e-07 | ‖g‖=nan | satA=nan | satW=nan | εμ=nan | εvar=nan | corr(ε,x)=nan | t=nans
   297 | base=0.836013 | val=0.548084 | acc1=0.8202 | Wμ=0.995 | Aμ=0.999 | Wmax=1.000 | LR=6.043e-07 | ‖g‖=nan | satA=nan | satW=nan | εμ=nan | εvar=nan | corr(ε,x)=nan | t=nans
   299 | base=0.893572 | val=0.582739 | acc1=0.8085 | Wμ=0.995 | Aμ=0.999 | Wmax=1.000 | LR=5.2007e-07 | ‖g‖=nan | satA=nan | satW=nan | εμ=nan | εvar=nan | corr(ε,x)=nan | t=nans
   301 | base=0.904469 | val=0.519372 | acc1=0.8297 | Wμ=0.995 | Aμ=0.999 | Wmax=1.000 | LR=4.4758e-07 | ‖g‖=nan | satA=nan | satW=nan | εμ=nan | εvar=nan | corr(ε,x)=nan | t=nans
   303 | base=0.786752 | val=0.650285 | acc1=0.7910 | Wμ=0.995 | Aμ=0.999 | Wmax=1.000 | LR=3.8519e-07 | ‖g‖=nan | satA=nan | satW=nan | εμ=nan | εvar=nan | corr(ε,x)=nan | t=nans
   305 | base=0.806395 | val=0.501252 | acc1=0.8330 | Wμ=0.995 | Aμ=0.999 | Wmax=1.000 | LR=3.315e-07 | ‖g‖=nan | satA=nan | satW=nan | εμ=nan | εvar=nan | corr(ε,x)=nan | t=nans
   307 | base=0.857396 | val=0.553398 | acc1=0.8183 | Wμ=0.995 | Aμ=0.999 | Wmax=1.000 | LR=2.8529e-07 | ‖g‖=nan | satA=nan | satW=nan | εμ=nan | εvar=nan | corr(ε,x)=nan | t=nans
   309 | base=0.896932 | val=0.628606 | acc1=0.7884 | Wμ=0.995 | Aμ=0.999 | Wmax=1.000 | LR=2.4553e-07 | ‖g‖=nan | satA=nan | satW=nan | εμ=nan | εvar=nan | corr(ε,x)=nan | t=nans
   311 | base=0.897099 | val=0.663632 | acc1=0.7855 | Wμ=0.995 | Aμ=0.999 | Wmax=1.000 | LR=2.113e-07 | ‖g‖=nan | satA=nan | satW=nan | εμ=nan | εvar=nan | corr(ε,x)=nan | t=nans
   313 | base=0.863907 | val=0.543397 | acc1=0.8161 | Wμ=0.995 | Aμ=0.999 | Wmax=1.000 | LR=1.8185e-07 | ‖g‖=nan | satA=nan | satW=nan | εμ=nan | εvar=nan | corr(ε,x)=nan | t=nans
   315 | base=0.774889 | val=0.497392 | acc1=0.8356 | Wμ=0.995 | Aμ=0.999 | Wmax=1.000 | LR=1.565e-07 | ‖g‖=nan | satA=nan | satW=nan | εμ=nan | εvar=nan | corr(ε,x)=nan | t=nans
   317 | base=0.788909 | val=0.574441 | acc1=0.8095 | Wμ=0.995 | Aμ=0.999 | Wmax=1.000 | LR=1.3469e-07 | ‖g‖=nan | satA=nan | satW=nan | εμ=nan | εvar=nan | corr(ε,x)=nan | t=nans
   319 | base=0.810016 | val=0.628785 | acc1=0.7981 | Wμ=0.995 | Aμ=0.999 | Wmax=1.000 | LR=1.1591e-07 | ‖g‖=nan | satA=nan | satW=nan | εμ=nan | εvar=nan | corr(ε,x)=nan | t=nans
   321 | base=0.881896 | val=0.639903 | acc1=0.7991 | Wμ=0.995 | Aμ=0.999 | Wmax=1.000 | LR=9.9756e-08 | ‖g‖=nan | satA=nan | satW=nan | εμ=nan | εvar=nan | corr(ε,x)=nan | t=nans
   323 | base=0.854906 | val=0.506252 | acc1=0.8341 | Wμ=0.995 | Aμ=0.999 | Wmax=1.000 | LR=8.5851e-08 | ‖g‖=nan | satA=nan | satW=nan | εμ=nan | εvar=nan | corr(ε,x)=nan | t=nans
   325 | base=0.896572 | val=0.576795 | acc1=0.8146 | Wμ=0.995 | Aμ=0.999 | Wmax=1.000 | LR=7.3884e-08 | ‖g‖=nan | satA=nan | satW=nan | εμ=nan | εvar=nan | corr(ε,x)=nan | t=nans
   327 | base=0.852600 | val=0.519322 | acc1=0.8264 | Wμ=0.995 | Aμ=0.999 | Wmax=1.000 | LR=6.3586e-08 | ‖g‖=nan | satA=nan | satW=nan | εμ=nan | εvar=nan | corr(ε,x)=nan | t=nans
   329 | base=0.854820 | val=0.515997 | acc1=0.8320 | Wμ=0.995 | Aμ=0.999 | Wmax=1.000 | LR=5.4723e-08 | ‖g‖=nan | satA=nan | satW=nan | εμ=nan | εvar=nan | corr(ε,x)=nan | t=nans
   331 | base=0.878162 | val=0.570540 | acc1=0.8149 | Wμ=0.995 | Aμ=0.999 | Wmax=1.000 | LR=4.7095e-08 | ‖g‖=nan | satA=nan | satW=nan | εμ=nan | εvar=nan | corr(ε,x)=nan | t=nans
   333 | base=0.895670 | val=0.499065 | acc1=0.8329 | Wμ=0.995 | Aμ=0.999 | Wmax=1.000 | LR=4.053e-08 | ‖g‖=nan | satA=nan | satW=nan | εμ=nan | εvar=nan | corr(ε,x)=nan | t=nans
   335 | base=0.809241 | val=0.498359 | acc1=0.8344 | Wμ=0.995 | Aμ=0.999 | Wmax=1.000 | LR=3.4881e-08 | ‖g‖=nan | satA=nan | satW=nan | εμ=nan | εvar=nan | corr(ε,x)=nan | t=nans
   337 | base=0.826656 | val=0.497593 | acc1=0.8332 | Wμ=0.995 | Aμ=0.999 | Wmax=1.000 | LR=3.0019e-08 | ‖g‖=nan | satA=nan | satW=nan | εμ=nan | εvar=nan | corr(ε,x)=nan | t=nans
   339 | base=0.921680 | val=0.602312 | acc1=0.8041 | Wμ=0.995 | Aμ=0.999 | Wmax=1.000 | LR=2.5835e-08 | ‖g‖=nan | satA=nan | satW=nan | εμ=nan | εvar=nan | corr(ε,x)=nan | t=nans
   341 | base=0.891007 | val=0.481125 | acc1=0.8413 | Wμ=0.995 | Aμ=0.999 | Wmax=1.000 | LR=2.2234e-08 | ‖g‖=nan | satA=nan | satW=nan | εμ=nan | εvar=nan | corr(ε,x)=nan | t=nans
   343 | base=0.813075 | val=0.545416 | acc1=0.8191 | Wμ=0.995 | Aμ=0.999 | Wmax=1.000 | LR=1.9134e-08 | ‖g‖=nan | satA=nan | satW=nan | εμ=nan | εvar=nan | corr(ε,x)=nan | t=nans
   345 | base=0.876201 | val=0.526710 | acc1=0.8255 | Wμ=0.995 | Aμ=0.999 | Wmax=1.000 | LR=1.6467e-08 | ‖g‖=nan | satA=nan | satW=nan | εμ=nan | εvar=nan | corr(ε,x)=nan | t=nans
   347 | base=0.880633 | val=0.586819 | acc1=0.8118 | Wμ=0.995 | Aμ=0.999 | Wmax=1.000 | LR=1.4172e-08 | ‖g‖=nan | satA=nan | satW=nan | εμ=nan | εvar=nan | corr(ε,x)=nan | t=nans
   349 | base=0.827557 | val=0.483295 | acc1=0.8365 | Wμ=0.995 | Aμ=0.999 | Wmax=1.000 | LR=1.2197e-08 | ‖g‖=nan | satA=nan | satW=nan | εμ=nan | εvar=nan | corr(ε,x)=nan | t=nans
   351 | base=0.871077 | val=0.496386 | acc1=0.8328 | Wμ=0.995 | Aμ=0.999 | Wmax=1.000 | LR=1.0496e-08 | ‖g‖=nan | satA=nan | satW=nan | εμ=nan | εvar=nan | corr(ε,x)=nan | t=nans
   353 | base=0.891572 | val=0.526298 | acc1=0.8259 | Wμ=0.995 | Aμ=0.999 | Wmax=1.000 | LR=9.0334e-09 | ‖g‖=nan | satA=nan | satW=nan | εμ=nan | εvar=nan | corr(ε,x)=nan | t=nans
   355 | base=0.894977 | val=0.493539 | acc1=0.8384 | Wμ=0.995 | Aμ=0.999 | Wmax=1.000 | LR=7.7742e-09 | ‖g‖=nan | satA=nan | satW=nan | εμ=nan | εvar=nan | corr(ε,x)=nan | t=nans
   357 | base=0.857013 | val=0.493886 | acc1=0.8347 | Wμ=0.995 | Aμ=0.999 | Wmax=1.000 | LR=6.6906e-09 | ‖g‖=nan | satA=nan | satW=nan | εμ=nan | εvar=nan | corr(ε,x)=nan | t=nans
   359 | base=0.848063 | val=0.508428 | acc1=0.8345 | Wμ=0.995 | Aμ=0.999 | Wmax=1.000 | LR=5.758e-09 | ‖g‖=nan | satA=nan | satW=nan | εμ=nan | εvar=nan | corr(ε,x)=nan | t=nans
   361 | base=0.823779 | val=0.499653 | acc1=0.8371 | Wμ=0.995 | Aμ=0.999 | Wmax=1.000 | LR=4.9554e-09 | ‖g‖=nan | satA=nan | satW=nan | εμ=nan | εvar=nan | corr(ε,x)=nan | t=nans
   363 | base=0.816206 | val=0.469967 | acc1=0.8435 | Wμ=0.995 | Aμ=0.999 | Wmax=1.000 | LR=4.2647e-09 | ‖g‖=nan | satA=nan | satW=nan | εμ=nan | εvar=nan | corr(ε,x)=nan | t=nans
   365 | base=0.864595 | val=0.501460 | acc1=0.8344 | Wμ=0.995 | Aμ=0.999 | Wmax=1.000 | LR=3.6702e-09 | ‖g‖=nan | satA=nan | satW=nan | εμ=nan | εvar=nan | corr(ε,x)=nan | t=nans
   367 | base=0.848289 | val=0.481734 | acc1=0.8441 | Wμ=0.995 | Aμ=0.999 | Wmax=1.000 | LR=3.1586e-09 | ‖g‖=nan | satA=nan | satW=nan | εμ=nan | εvar=nan | corr(ε,x)=nan | t=nans
   369 | base=0.818715 | val=0.477067 | acc1=0.8410 | Wμ=0.995 | Aμ=0.999 | Wmax=1.000 | LR=2.7183e-09 | ‖g‖=nan | satA=nan | satW=nan | εμ=nan | εvar=nan | corr(ε,x)=nan | t=nans
   371 | base=0.817548 | val=0.481377 | acc1=0.8384 | Wμ=0.995 | Aμ=0.999 | Wmax=1.000 | LR=2.3394e-09 | ‖g‖=nan | satA=nan | satW=nan | εμ=nan | εvar=nan | corr(ε,x)=nan | t=nans
   373 | base=0.873619 | val=0.479980 | acc1=0.8433 | Wμ=0.995 | Aμ=0.999 | Wmax=1.000 | LR=2.0133e-09 | ‖g‖=nan | satA=nan | satW=nan | εμ=nan | εvar=nan | corr(ε,x)=nan | t=nans
   375 | base=0.817544 | val=0.486453 | acc1=0.8393 | Wμ=0.995 | Aμ=0.999 | Wmax=1.000 | LR=1.7327e-09 | ‖g‖=nan | satA=nan | satW=nan | εμ=nan | εvar=nan | corr(ε,x)=nan | t=nans
   377 | base=0.836336 | val=0.477809 | acc1=0.8417 | Wμ=0.995 | Aμ=0.999 | Wmax=1.000 | LR=1.4912e-09 | ‖g‖=nan | satA=nan | satW=nan | εμ=nan | εvar=nan | corr(ε,x)=nan | t=nans
   379 | base=0.798822 | val=0.486380 | acc1=0.8397 | Wμ=0.995 | Aμ=0.999 | Wmax=1.000 | LR=1.2833e-09 | ‖g‖=nan | satA=nan | satW=nan | εμ=nan | εvar=nan | corr(ε,x)=nan | t=nans
   381 | base=0.817962 | val=0.496719 | acc1=0.8339 | Wμ=0.995 | Aμ=0.999 | Wmax=1.000 | LR=1.1045e-09 | ‖g‖=nan | satA=nan | satW=nan | εμ=nan | εvar=nan | corr(ε,x)=nan | t=nans
   383 | base=0.803386 | val=0.477486 | acc1=0.8430 | Wμ=0.995 | Aμ=0.999 | Wmax=1.000 | LR=9.505e-10 | ‖g‖=nan | satA=nan | satW=nan | εμ=nan | εvar=nan | corr(ε,x)=nan | t=nans
   385 | base=0.784904 | val=0.474194 | acc1=0.8436 | Wμ=0.995 | Aμ=0.999 | Wmax=1.000 | LR=8.1801e-10 | ‖g‖=nan | satA=nan | satW=nan | εμ=nan | εvar=nan | corr(ε,x)=nan | t=nans
   387 | base=0.866361 | val=0.467937 | acc1=0.8455 | Wμ=0.995 | Aμ=0.999 | Wmax=1.000 | LR=7.0399e-10 | ‖g‖=nan | satA=nan | satW=nan | εμ=nan | εvar=nan | corr(ε,x)=nan | t=nans
   389 | base=0.786326 | val=0.468226 | acc1=0.8444 | Wμ=0.995 | Aμ=0.999 | Wmax=1.000 | LR=6.0586e-10 | ‖g‖=nan | satA=nan | satW=nan | εμ=nan | εvar=nan | corr(ε,x)=nan | t=nans
   391 | base=0.872557 | val=0.475964 | acc1=0.8430 | Wμ=0.995 | Aμ=0.999 | Wmax=1.000 | LR=5.2141e-10 | ‖g‖=nan | satA=nan | satW=nan | εμ=nan | εvar=nan | corr(ε,x)=nan | t=nans
   393 | base=0.856066 | val=0.460682 | acc1=0.8445 | Wμ=0.995 | Aμ=0.999 | Wmax=1.000 | LR=4.4873e-10 | ‖g‖=nan | satA=nan | satW=nan | εμ=nan | εvar=nan | corr(ε,x)=nan | t=nans
   395 | base=0.886038 | val=0.476630 | acc1=0.8429 | Wμ=0.995 | Aμ=0.999 | Wmax=1.000 | LR=3.8618e-10 | ‖g‖=nan | satA=nan | satW=nan | εμ=nan | εvar=nan | corr(ε,x)=nan | t=nans
   397 | base=0.851428 | val=0.457765 | acc1=0.8469 | Wμ=0.995 | Aμ=0.999 | Wmax=1.000 | LR=3.3235e-10 | ‖g‖=nan | satA=nan | satW=nan | εμ=nan | εvar=nan | corr(ε,x)=nan | t=nans
   399 | base=0.902608 | val=0.460539 | acc1=0.8475 | Wμ=0.995 | Aμ=0.999 | Wmax=1.000 | LR=2.8603e-10 | ‖g‖=nan | satA=nan | satW=nan | εμ=nan | εvar=nan | corr(ε,x)=nan | t=nans
   401 | base=0.856483 | val=0.465837 | acc1=0.8473 | Wμ=0.995 | Aμ=0.999 | Wmax=1.000 | LR=2.4616e-10 | ‖g‖=nan | satA=nan | satW=nan | εμ=nan | εvar=nan | corr(ε,x)=nan | t=nans
   403 | base=0.797778 | val=0.458681 | acc1=0.8431 | Wμ=0.995 | Aμ=0.999 | Wmax=1.000 | LR=2.1185e-10 | ‖g‖=nan | satA=nan | satW=nan | εμ=nan | εvar=nan | corr(ε,x)=nan | t=nans
   405 | base=0.793232 | val=0.459592 | acc1=0.8435 | Wμ=0.995 | Aμ=0.999 | Wmax=1.000 | LR=1.8232e-10 | ‖g‖=nan | satA=nan | satW=nan | εμ=nan | εvar=nan | corr(ε,x)=nan | t=nans
   407 | base=0.881092 | val=0.452292 | acc1=0.8472 | Wμ=0.995 | Aμ=0.999 | Wmax=1.000 | LR=1.569e-10 | ‖g‖=nan | satA=nan | satW=nan | εμ=nan | εvar=nan | corr(ε,x)=nan | t=nans
   409 | base=0.831020 | val=0.456563 | acc1=0.8484 | Wμ=0.995 | Aμ=0.999 | Wmax=1.000 | LR=1.3503e-10 | ‖g‖=nan | satA=nan | satW=nan | εμ=nan | εvar=nan | corr(ε,x)=nan | t=nans
   411 | base=0.866947 | val=0.458855 | acc1=0.8488 | Wμ=0.995 | Aμ=0.999 | Wmax=1.000 | LR=1.1621e-10 | ‖g‖=nan | satA=nan | satW=nan | εμ=nan | εvar=nan | corr(ε,x)=nan | t=nans
   413 | base=0.813840 | val=0.462177 | acc1=0.8483 | Wμ=0.995 | Aμ=0.999 | Wmax=1.000 | LR=1.0001e-10 | ‖g‖=nan | satA=nan | satW=nan | εμ=nan | εvar=nan | corr(ε,x)=nan | t=nans
   415 | base=0.860633 | val=0.449133 | acc1=0.8510 | Wμ=0.995 | Aμ=0.999 | Wmax=1.000 | LR=8.6072e-11 | ‖g‖=nan | satA=nan | satW=nan | εμ=nan | εvar=nan | corr(ε,x)=nan | t=nans
   417 | base=0.786909 | val=0.456087 | acc1=0.8486 | Wμ=0.995 | Aμ=0.999 | Wmax=1.000 | LR=7.4075e-11 | ‖g‖=nan | satA=nan | satW=nan | εμ=nan | εvar=nan | corr(ε,x)=nan | t=nans
   419 | base=0.742711 | val=0.454211 | acc1=0.8486 | Wμ=0.995 | Aμ=0.999 | Wmax=1.000 | LR=6.375e-11 | ‖g‖=nan | satA=nan | satW=nan | εμ=nan | εvar=nan | corr(ε,x)=nan | t=nans
   421 | base=0.810802 | val=0.457846 | acc1=0.8466 | Wμ=0.995 | Aμ=0.999 | Wmax=1.000 | LR=5.4864e-11 | ‖g‖=nan | satA=nan | satW=nan | εμ=nan | εvar=nan | corr(ε,x)=nan | t=nans
   423 | base=0.816454 | val=0.453857 | acc1=0.8539 | Wμ=0.995 | Aμ=0.999 | Wmax=1.000 | LR=4.7216e-11 | ‖g‖=nan | satA=nan | satW=nan | εμ=nan | εvar=nan | corr(ε,x)=nan | t=nans
   425 | base=0.831825 | val=0.454416 | acc1=0.8477 | Wμ=0.995 | Aμ=0.999 | Wmax=1.000 | LR=4.0635e-11 | ‖g‖=nan | satA=nan | satW=nan | εμ=nan | εvar=nan | corr(ε,x)=nan | t=nans
   427 | base=0.785509 | val=0.456509 | acc1=0.8496 | Wμ=0.995 | Aμ=0.999 | Wmax=1.000 | LR=3.4971e-11 | ‖g‖=nan | satA=nan | satW=nan | εμ=nan | εvar=nan | corr(ε,x)=nan | t=nans
   429 | base=0.860444 | val=0.455253 | acc1=0.8489 | Wμ=0.995 | Aμ=0.999 | Wmax=1.000 | LR=3.0096e-11 | ‖g‖=nan | satA=nan | satW=nan | εμ=nan | εvar=nan | corr(ε,x)=nan | t=nans
   431 | base=0.858522 | val=0.460026 | acc1=0.8468 | Wμ=0.995 | Aμ=0.999 | Wmax=1.000 | LR=2.5901e-11 | ‖g‖=nan | satA=nan | satW=nan | εμ=nan | εvar=nan | corr(ε,x)=nan | t=nans
   433 | base=0.842872 | val=0.457701 | acc1=0.8484 | Wμ=0.995 | Aμ=0.999 | Wmax=1.000 | LR=2.2291e-11 | ‖g‖=nan | satA=nan | satW=nan | εμ=nan | εvar=nan | corr(ε,x)=nan | t=nans
   435 | base=0.849896 | val=0.455107 | acc1=0.8482 | Wμ=0.995 | Aμ=0.999 | Wmax=1.000 | LR=1.9184e-11 | ‖g‖=nan | satA=nan | satW=nan | εμ=nan | εvar=nan | corr(ε,x)=nan | t=nans
   437 | base=0.766805 | val=0.465380 | acc1=0.8500 | Wμ=0.995 | Aμ=0.999 | Wmax=1.000 | LR=1.651e-11 | ‖g‖=nan | satA=nan | satW=nan | εμ=nan | εvar=nan | corr(ε,x)=nan | t=nans
   439 | base=0.928752 | val=0.459816 | acc1=0.8489 | Wμ=0.995 | Aμ=0.999 | Wmax=1.000 | LR=1.4208e-11 | ‖g‖=nan | satA=nan | satW=nan | εμ=nan | εvar=nan | corr(ε,x)=nan | t=nans
   441 | base=0.791527 | val=0.453066 | acc1=0.8513 | Wμ=0.995 | Aμ=0.999 | Wmax=1.000 | LR=1.2228e-11 | ‖g‖=nan | satA=nan | satW=nan | εμ=nan | εvar=nan | corr(ε,x)=nan | t=nans
   443 | base=0.834067 | val=0.448956 | acc1=0.8552 | Wμ=0.995 | Aμ=0.999 | Wmax=1.000 | LR=1.0524e-11 | ‖g‖=nan | satA=nan | satW=nan | εμ=nan | εvar=nan | corr(ε,x)=nan | t=nans
   445 | base=0.749362 | val=0.458708 | acc1=0.8516 | Wμ=0.995 | Aμ=0.999 | Wmax=1.000 | LR=9.0567e-12 | ‖g‖=nan | satA=nan | satW=nan | εμ=nan | εvar=nan | corr(ε,x)=nan | t=nans
   447 | base=0.839929 | val=0.456363 | acc1=0.8485 | Wμ=0.995 | Aμ=0.999 | Wmax=1.000 | LR=7.7943e-12 | ‖g‖=nan | satA=nan | satW=nan | εμ=nan | εvar=nan | corr(ε,x)=nan | t=nans
   449 | base=0.818035 | val=0.458606 | acc1=0.8481 | Wμ=0.995 | Aμ=0.999 | Wmax=1.000 | LR=6.7078e-12 | ‖g‖=nan | satA=nan | satW=nan | εμ=nan | εvar=nan | corr(ε,x)=nan | t=nans
   451 | base=0.786177 | val=0.458102 | acc1=0.8476 | Wμ=0.995 | Aμ=0.999 | Wmax=1.000 | LR=5.7728e-12 | ‖g‖=nan | satA=nan | satW=nan | εμ=nan | εvar=nan | corr(ε,x)=nan | t=nans
   453 | base=0.851568 | val=0.460519 | acc1=0.8503 | Wμ=0.995 | Aμ=0.999 | Wmax=1.000 | LR=4.9682e-12 | ‖g‖=nan | satA=nan | satW=nan | εμ=nan | εvar=nan | corr(ε,x)=nan | t=nans
   455 | base=0.789284 | val=0.455387 | acc1=0.8508 | Wμ=0.995 | Aμ=0.999 | Wmax=1.000 | LR=4.2757e-12 | ‖g‖=nan | satA=nan | satW=nan | εμ=nan | εvar=nan | corr(ε,x)=nan | t=nans
   457 | base=0.798779 | val=0.450515 | acc1=0.8534 | Wμ=0.995 | Aμ=0.999 | Wmax=1.000 | LR=3.6797e-12 | ‖g‖=nan | satA=nan | satW=nan | εμ=nan | εvar=nan | corr(ε,x)=nan | t=nans
   459 | base=0.853565 | val=0.458258 | acc1=0.8502 | Wμ=0.995 | Aμ=0.999 | Wmax=1.000 | LR=3.1668e-12 | ‖g‖=nan | satA=nan | satW=nan | εμ=nan | εvar=nan | corr(ε,x)=nan | t=nans
   461 | base=0.855235 | val=0.458583 | acc1=0.8513 | Wμ=0.995 | Aμ=0.999 | Wmax=1.000 | LR=2.7254e-12 | ‖g‖=nan | satA=nan | satW=nan | εμ=nan | εvar=nan | corr(ε,x)=nan | t=nans
   463 | base=0.845069 | val=0.459670 | acc1=0.8494 | Wμ=0.995 | Aμ=0.999 | Wmax=1.000 | LR=2.3455e-12 | ‖g‖=nan | satA=nan | satW=nan | εμ=nan | εvar=nan | corr(ε,x)=nan | t=nans
   465 | base=0.830558 | val=0.454613 | acc1=0.8511 | Wμ=0.995 | Aμ=0.999 | Wmax=1.000 | LR=2.0185e-12 | ‖g‖=nan | satA=nan | satW=nan | εμ=nan | εvar=nan | corr(ε,x)=nan | t=nans
   467 | base=0.809239 | val=0.452896 | acc1=0.8517 | Wμ=0.995 | Aμ=0.999 | Wmax=1.000 | LR=1.7372e-12 | ‖g‖=nan | satA=nan | satW=nan | εμ=nan | εvar=nan | corr(ε,x)=nan | t=nans
   469 | base=0.853539 | val=0.457135 | acc1=0.8485 | Wμ=0.995 | Aμ=0.999 | Wmax=1.000 | LR=1.495e-12 | ‖g‖=nan | satA=nan | satW=nan | εμ=nan | εvar=nan | corr(ε,x)=nan | t=nans
   471 | base=0.830489 | val=0.462900 | acc1=0.8499 | Wμ=0.995 | Aμ=0.999 | Wmax=1.000 | LR=1.2866e-12 | ‖g‖=nan | satA=nan | satW=nan | εμ=nan | εvar=nan | corr(ε,x)=nan | t=nans
   473 | base=0.842484 | val=0.455943 | acc1=0.8480 | Wμ=0.995 | Aμ=0.999 | Wmax=1.000 | LR=1.1073e-12 | ‖g‖=nan | satA=nan | satW=nan | εμ=nan | εvar=nan | corr(ε,x)=nan | t=nans
   475 | base=0.842345 | val=0.454639 | acc1=0.8482 | Wμ=0.995 | Aμ=0.999 | Wmax=1.000 | LR=9.5295e-13 | ‖g‖=nan | satA=nan | satW=nan | εμ=nan | εvar=nan | corr(ε,x)=nan | t=nans
   477 | base=0.870375 | val=0.451632 | acc1=0.8505 | Wμ=0.995 | Aμ=0.999 | Wmax=1.000 | LR=8.2012e-13 | ‖g‖=nan | satA=nan | satW=nan | εμ=nan | εvar=nan | corr(ε,x)=nan | t=nans
   479 | base=0.850007 | val=0.444380 | acc1=0.8492 | Wμ=0.995 | Aμ=0.999 | Wmax=1.000 | LR=7.0581e-13 | ‖g‖=nan | satA=nan | satW=nan | εμ=nan | εvar=nan | corr(ε,x)=nan | t=nans
   481 | base=0.789824 | val=0.454157 | acc1=0.8491 | Wμ=0.995 | Aμ=0.999 | Wmax=1.000 | LR=6.0742e-13 | ‖g‖=nan | satA=nan | satW=nan | εμ=nan | εvar=nan | corr(ε,x)=nan | t=nans
   483 | base=0.796171 | val=0.457489 | acc1=0.8508 | Wμ=0.995 | Aμ=0.999 | Wmax=1.000 | LR=5.2276e-13 | ‖g‖=nan | satA=nan | satW=nan | εμ=nan | εvar=nan | corr(ε,x)=nan | t=nans
   485 | base=0.782265 | val=0.456453 | acc1=0.8466 | Wμ=0.995 | Aμ=0.999 | Wmax=1.000 | LR=4.4989e-13 | ‖g‖=nan | satA=nan | satW=nan | εμ=nan | εvar=nan | corr(ε,x)=nan | t=nans
   487 | base=0.827164 | val=0.456803 | acc1=0.8486 | Wμ=0.995 | Aμ=0.999 | Wmax=1.000 | LR=3.8718e-13 | ‖g‖=nan | satA=nan | satW=nan | εμ=nan | εvar=nan | corr(ε,x)=nan | t=nans
   489 | base=0.792976 | val=0.460188 | acc1=0.8482 | Wμ=0.995 | Aμ=0.999 | Wmax=1.000 | LR=3.3321e-13 | ‖g‖=nan | satA=nan | satW=nan | εμ=nan | εvar=nan | corr(ε,x)=nan | t=nans
   491 | base=0.845046 | val=0.457882 | acc1=0.8502 | Wμ=0.995 | Aμ=0.999 | Wmax=1.000 | LR=2.8677e-13 | ‖g‖=nan | satA=nan | satW=nan | εμ=nan | εvar=nan | corr(ε,x)=nan | t=nans
   493 | base=0.901326 | val=0.459990 | acc1=0.8481 | Wμ=0.995 | Aμ=0.999 | Wmax=1.000 | LR=2.4679e-13 | ‖g‖=nan | satA=nan | satW=nan | εμ=nan | εvar=nan | corr(ε,x)=nan | t=nans
   495 | base=0.798007 | val=0.450447 | acc1=0.8529 | Wμ=0.995 | Aμ=0.999 | Wmax=1.000 | LR=2.1239e-13 | ‖g‖=nan | satA=nan | satW=nan | εμ=nan | εvar=nan | corr(ε,x)=nan | t=nans
   497 | base=0.845152 | val=0.449711 | acc1=0.8518 | Wμ=0.995 | Aμ=0.999 | Wmax=1.000 | LR=1.8279e-13 | ‖g‖=nan | satA=nan | satW=nan | εμ=nan | εvar=nan | corr(ε,x)=nan | t=nans
   499 | base=0.764723 | val=0.452098 | acc1=0.8491 | Wμ=0.995 | Aμ=0.999 | Wmax=1.000 | LR=1.5731e-13 | ‖g‖=nan | satA=nan | satW=nan | εμ=nan | εvar=nan | corr(ε,x)=nan | t=nans
   501 | base=0.782095 | val=0.467072 | acc1=0.8446 | Wμ=0.995 | Aμ=0.999 | Wmax=1.000 | LR=1.3538e-13 | ‖g‖=nan | satA=nan | satW=nan | εμ=nan | εvar=nan | corr(ε,x)=nan | t=nans
   503 | base=0.799511 | val=0.454097 | acc1=0.8502 | Wμ=0.995 | Aμ=0.999 | Wmax=1.000 | LR=1.1651e-13 | ‖g‖=nan | satA=nan | satW=nan | εμ=nan | εvar=nan | corr(ε,x)=nan | t=nans
   505 | base=0.799860 | val=0.456144 | acc1=0.8436 | Wμ=0.995 | Aμ=0.999 | Wmax=1.000 | LR=1.0027e-13 | ‖g‖=nan | satA=nan | satW=nan | εμ=nan | εvar=nan | corr(ε,x)=nan | t=nans
   507 | base=0.872263 | val=0.453731 | acc1=0.8499 | Wμ=0.995 | Aμ=0.999 | Wmax=1.000 | LR=8.6294e-14 | ‖g‖=nan | satA=nan | satW=nan | εμ=nan | εvar=nan | corr(ε,x)=nan | t=nans
   509 | base=0.849235 | val=0.455698 | acc1=0.8490 | Wμ=0.995 | Aμ=0.999 | Wmax=1.000 | LR=7.4266e-14 | ‖g‖=nan | satA=nan | satW=nan | εμ=nan | εvar=nan | corr(ε,x)=nan | t=nans
   511 | base=0.810190 | val=0.450224 | acc1=0.8514 | Wμ=0.995 | Aμ=0.999 | Wmax=1.000 | LR=6.3914e-14 | ‖g‖=nan | satA=nan | satW=nan | εμ=nan | εvar=nan | corr(ε,x)=nan | t=nans
   513 | base=0.810409 | val=0.453562 | acc1=0.8500 | Wμ=0.995 | Aμ=0.999 | Wmax=1.000 | LR=5.5005e-14 | ‖g‖=nan | satA=nan | satW=nan | εμ=nan | εvar=nan | corr(ε,x)=nan | t=nans
   515 | base=0.820922 | val=0.457110 | acc1=0.8514 | Wμ=0.995 | Aμ=0.999 | Wmax=1.000 | LR=4.7338e-14 | ‖g‖=nan | satA=nan | satW=nan | εμ=nan | εvar=nan | corr(ε,x)=nan | t=nans
   517 | base=0.829010 | val=0.451292 | acc1=0.8511 | Wμ=0.995 | Aμ=0.999 | Wmax=1.000 | LR=4.074e-14 | ‖g‖=nan | satA=nan | satW=nan | εμ=nan | εvar=nan | corr(ε,x)=nan | t=nans
   519 | base=0.806966 | val=0.459513 | acc1=0.8482 | Wμ=0.995 | Aμ=0.999 | Wmax=1.000 | LR=3.5061e-14 | ‖g‖=nan | satA=nan | satW=nan | εμ=nan | εvar=nan | corr(ε,x)=nan | t=nans
   521 | base=0.859058 | val=0.448868 | acc1=0.8491 | Wμ=0.995 | Aμ=0.999 | Wmax=1.000 | LR=3.0174e-14 | ‖g‖=nan | satA=nan | satW=nan | εμ=nan | εvar=nan | corr(ε,x)=nan | t=nans
   523 | base=0.811532 | val=0.446829 | acc1=0.8520 | Wμ=0.995 | Aμ=0.999 | Wmax=1.000 | LR=2.5968e-14 | ‖g‖=nan | satA=nan | satW=nan | εμ=nan | εvar=nan | corr(ε,x)=nan | t=nans
   525 | base=0.812771 | val=0.464569 | acc1=0.8447 | Wμ=0.995 | Aμ=0.999 | Wmax=1.000 | LR=2.2348e-14 | ‖g‖=nan | satA=nan | satW=nan | εμ=nan | εvar=nan | corr(ε,x)=nan | t=nans
   527 | base=0.832648 | val=0.447610 | acc1=0.8500 | Wμ=0.995 | Aμ=0.999 | Wmax=1.000 | LR=1.9233e-14 | ‖g‖=nan | satA=nan | satW=nan | εμ=nan | εvar=nan | corr(ε,x)=nan | t=nans
   529 | base=0.820018 | val=0.448430 | acc1=0.8562 | Wμ=0.995 | Aμ=0.999 | Wmax=1.000 | LR=1.6552e-14 | ‖g‖=nan | satA=nan | satW=nan | εμ=nan | εvar=nan | corr(ε,x)=nan | t=nans
   531 | base=0.831714 | val=0.459209 | acc1=0.8477 | Wμ=0.995 | Aμ=0.999 | Wmax=1.000 | LR=1.4245e-14 | ‖g‖=nan | satA=nan | satW=nan | εμ=nan | εvar=nan | corr(ε,x)=nan | t=nans
   533 | base=0.850401 | val=0.461220 | acc1=0.8480 | Wμ=0.995 | Aμ=0.999 | Wmax=1.000 | LR=1.2259e-14 | ‖g‖=nan | satA=nan | satW=nan | εμ=nan | εvar=nan | corr(ε,x)=nan | t=nans
   535 | base=0.818837 | val=0.460050 | acc1=0.8465 | Wμ=0.995 | Aμ=0.999 | Wmax=1.000 | LR=1.0551e-14 | ‖g‖=nan | satA=nan | satW=nan | εμ=nan | εvar=nan | corr(ε,x)=nan | t=nans
   537 | base=0.820053 | val=0.460570 | acc1=0.8519 | Wμ=0.995 | Aμ=0.999 | Wmax=1.000 | LR=9.08e-15 | ‖g‖=nan | satA=nan | satW=nan | εμ=nan | εvar=nan | corr(ε,x)=nan | t=nans
   539 | base=0.809243 | val=0.457111 | acc1=0.8516 | Wμ=0.995 | Aμ=0.999 | Wmax=1.000 | LR=7.8144e-15 | ‖g‖=nan | satA=nan | satW=nan | εμ=nan | εvar=nan | corr(ε,x)=nan | t=nans
   541 | base=0.800552 | val=0.456111 | acc1=0.8470 | Wμ=0.995 | Aμ=0.999 | Wmax=1.000 | LR=6.7251e-15 | ‖g‖=nan | satA=nan | satW=nan | εμ=nan | εvar=nan | corr(ε,x)=nan | t=nans
   543 | base=0.807940 | val=0.458914 | acc1=0.8482 | Wμ=0.995 | Aμ=0.999 | Wmax=1.000 | LR=5.7877e-15 | ‖g‖=nan | satA=nan | satW=nan | εμ=nan | εvar=nan | corr(ε,x)=nan | t=nans
   545 | base=0.793741 | val=0.447455 | acc1=0.8554 | Wμ=0.995 | Aμ=0.999 | Wmax=1.000 | LR=4.981e-15 | ‖g‖=nan | satA=nan | satW=nan | εμ=nan | εvar=nan | corr(ε,x)=nan | t=nans
   547 | base=0.798022 | val=0.459204 | acc1=0.8459 | Wμ=0.995 | Aμ=0.999 | Wmax=1.000 | LR=4.2867e-15 | ‖g‖=nan | satA=nan | satW=nan | εμ=nan | εvar=nan | corr(ε,x)=nan | t=nans
   549 | base=0.808423 | val=0.456656 | acc1=0.8483 | Wμ=0.995 | Aμ=0.999 | Wmax=1.000 | LR=3.6892e-15 | ‖g‖=nan | satA=nan | satW=nan | εμ=nan | εvar=nan | corr(ε,x)=nan | t=nans
   551 | base=0.797653 | val=0.465028 | acc1=0.8456 | Wμ=0.995 | Aμ=0.999 | Wmax=1.000 | LR=3.1749e-15 | ‖g‖=nan | satA=nan | satW=nan | εμ=nan | εvar=nan | corr(ε,x)=nan | t=nans
   553 | base=0.815518 | val=0.457801 | acc1=0.8460 | Wμ=0.995 | Aμ=0.999 | Wmax=1.000 | LR=2.7324e-15 | ‖g‖=nan | satA=nan | satW=nan | εμ=nan | εvar=nan | corr(ε,x)=nan | t=nans
   555 | base=0.795089 | val=0.454464 | acc1=0.8509 | Wμ=0.995 | Aμ=0.999 | Wmax=1.000 | LR=2.3515e-15 | ‖g‖=nan | satA=nan | satW=nan | εμ=nan | εvar=nan | corr(ε,x)=nan | t=nans
   557 | base=0.799102 | val=0.456962 | acc1=0.8471 | Wμ=0.995 | Aμ=0.999 | Wmax=1.000 | LR=2.0237e-15 | ‖g‖=nan | satA=nan | satW=nan | εμ=nan | εvar=nan | corr(ε,x)=nan | t=nans
   559 | base=0.853688 | val=0.454777 | acc1=0.8472 | Wμ=0.995 | Aμ=0.999 | Wmax=1.000 | LR=1.7417e-15 | ‖g‖=nan | satA=nan | satW=nan | εμ=nan | εvar=nan | corr(ε,x)=nan | t=nans
   561 | base=0.805195 | val=0.453711 | acc1=0.8490 | Wμ=0.995 | Aμ=0.999 | Wmax=1.000 | LR=1.4989e-15 | ‖g‖=nan | satA=nan | satW=nan | εμ=nan | εvar=nan | corr(ε,x)=nan | t=nans
   563 | base=0.857292 | val=0.458435 | acc1=0.8470 | Wμ=0.995 | Aμ=0.999 | Wmax=1.000 | LR=1.29e-15 | ‖g‖=nan | satA=nan | satW=nan | εμ=nan | εvar=nan | corr(ε,x)=nan | t=nans
   565 | base=0.874838 | val=0.461699 | acc1=0.8462 | Wμ=0.995 | Aμ=0.999 | Wmax=1.000 | LR=1.1102e-15 | ‖g‖=nan | satA=nan | satW=nan | εμ=nan | εvar=nan | corr(ε,x)=nan | t=nans
   567 | base=0.801618 | val=0.448380 | acc1=0.8520 | Wμ=0.995 | Aμ=0.999 | Wmax=1.000 | LR=9.5541e-16 | ‖g‖=nan | satA=nan | satW=nan | εμ=nan | εvar=nan | corr(ε,x)=nan | t=nans
   569 | base=0.813222 | val=0.461103 | acc1=0.8463 | Wμ=0.995 | Aμ=0.999 | Wmax=1.000 | LR=8.2224e-16 | ‖g‖=nan | satA=nan | satW=nan | εμ=nan | εvar=nan | corr(ε,x)=nan | t=nans
   571 | base=0.841833 | val=0.456108 | acc1=0.8492 | Wμ=0.995 | Aμ=0.999 | Wmax=1.000 | LR=7.0763e-16 | ‖g‖=nan | satA=nan | satW=nan | εμ=nan | εvar=nan | corr(ε,x)=nan | t=nans
   573 | base=0.896267 | val=0.454461 | acc1=0.8487 | Wμ=0.995 | Aμ=0.999 | Wmax=1.000 | LR=6.0899e-16 | ‖g‖=nan | satA=nan | satW=nan | εμ=nan | εvar=nan | corr(ε,x)=nan | t=nans
   575 | base=0.790040 | val=0.456683 | acc1=0.8471 | Wμ=0.995 | Aμ=0.999 | Wmax=1.000 | LR=5.241e-16 | ‖g‖=nan | satA=nan | satW=nan | εμ=nan | εvar=nan | corr(ε,x)=nan | t=nans
   577 | base=0.873660 | val=0.457563 | acc1=0.8462 | Wμ=0.995 | Aμ=0.999 | Wmax=1.000 | LR=4.5105e-16 | ‖g‖=nan | satA=nan | satW=nan | εμ=nan | εvar=nan | corr(ε,x)=nan | t=nans
   579 | base=0.798445 | val=0.459078 | acc1=0.8510 | Wμ=0.995 | Aμ=0.999 | Wmax=1.000 | LR=3.8818e-16 | ‖g‖=nan | satA=nan | satW=nan | εμ=nan | εvar=nan | corr(ε,x)=nan | t=nans
   581 | base=0.799131 | val=0.457319 | acc1=0.8464 | Wμ=0.995 | Aμ=0.999 | Wmax=1.000 | LR=3.3407e-16 | ‖g‖=nan | satA=nan | satW=nan | εμ=nan | εvar=nan | corr(ε,x)=nan | t=nans
   583 | base=0.812417 | val=0.458610 | acc1=0.8479 | Wμ=0.995 | Aμ=0.999 | Wmax=1.000 | LR=2.875e-16 | ‖g‖=nan | satA=nan | satW=nan | εμ=nan | εvar=nan | corr(ε,x)=nan | t=nans
   585 | base=0.835217 | val=0.448255 | acc1=0.8508 | Wμ=0.995 | Aμ=0.999 | Wmax=1.000 | LR=2.4743e-16 | ‖g‖=nan | satA=nan | satW=nan | εμ=nan | εvar=nan | corr(ε,x)=nan | t=nans
   587 | base=0.743046 | val=0.457599 | acc1=0.8538 | Wμ=0.995 | Aμ=0.999 | Wmax=1.000 | LR=2.1294e-16 | ‖g‖=nan | satA=nan | satW=nan | εμ=nan | εvar=nan | corr(ε,x)=nan | t=nans
   589 | base=0.822630 | val=0.453924 | acc1=0.8490 | Wμ=0.995 | Aμ=0.999 | Wmax=1.000 | LR=1.8326e-16 | ‖g‖=nan | satA=nan | satW=nan | εμ=nan | εvar=nan | corr(ε,x)=nan | t=nans
   591 | base=0.822991 | val=0.450288 | acc1=0.8522 | Wμ=0.995 | Aμ=0.999 | Wmax=1.000 | LR=1.5771e-16 | ‖g‖=nan | satA=nan | satW=nan | εμ=nan | εvar=nan | corr(ε,x)=nan | t=nans
   593 | base=0.804366 | val=0.456071 | acc1=0.8484 | Wμ=0.995 | Aμ=0.999 | Wmax=1.000 | LR=1.3573e-16 | ‖g‖=nan | satA=nan | satW=nan | εμ=nan | εvar=nan | corr(ε,x)=nan | t=nans
   595 | base=0.857626 | val=0.457033 | acc1=0.8503 | Wμ=0.995 | Aμ=0.999 | Wmax=1.000 | LR=1.1681e-16 | ‖g‖=nan | satA=nan | satW=nan | εμ=nan | εvar=nan | corr(ε,x)=nan | t=nans
   597 | base=0.818314 | val=0.452939 | acc1=0.8473 | Wμ=0.995 | Aμ=0.999 | Wmax=1.000 | LR=1.0053e-16 | ‖g‖=nan | satA=nan | satW=nan | εμ=nan | εvar=nan | corr(ε,x)=nan | t=nans
   599 | base=0.802209 | val=0.464071 | acc1=0.8456 | Wμ=0.995 | Aμ=0.999 | Wmax=1.000 | LR=8.6517e-17 | ‖g‖=nan | satA=nan | satW=nan | εμ=nan | εvar=nan | corr(ε,x)=nan | t=nans
   601 | base=0.849974 | val=0.457525 | acc1=0.8487 | Wμ=0.995 | Aμ=0.999 | Wmax=1.000 | LR=7.4457e-17 | ‖g‖=nan | satA=nan | satW=nan | εμ=nan | εvar=nan | corr(ε,x)=nan | t=nans
   603 | base=0.849529 | val=0.456467 | acc1=0.8498 | Wμ=0.995 | Aμ=0.999 | Wmax=1.000 | LR=6.4079e-17 | ‖g‖=nan | satA=nan | satW=nan | εμ=nan | εvar=nan | corr(ε,x)=nan | t=nans
   605 | base=0.838729 | val=0.455312 | acc1=0.8499 | Wμ=0.995 | Aμ=0.999 | Wmax=1.000 | LR=5.5147e-17 | ‖g‖=nan | satA=nan | satW=nan | εμ=nan | εvar=nan | corr(ε,x)=nan | t=nans
   607 | base=0.856660 | val=0.452428 | acc1=0.8517 | Wμ=0.995 | Aμ=0.999 | Wmax=1.000 | LR=4.746e-17 | ‖g‖=nan | satA=nan | satW=nan | εμ=nan | εvar=nan | corr(ε,x)=nan | t=nans
   609 | base=0.856111 | val=0.460048 | acc1=0.8478 | Wμ=0.995 | Aμ=0.999 | Wmax=1.000 | LR=4.0845e-17 | ‖g‖=nan | satA=nan | satW=nan | εμ=nan | εvar=nan | corr(ε,x)=nan | t=nans
   611 | base=0.837263 | val=0.452800 | acc1=0.8524 | Wμ=0.995 | Aμ=0.999 | Wmax=1.000 | LR=3.5151e-17 | ‖g‖=nan | satA=nan | satW=nan | εμ=nan | εvar=nan | corr(ε,x)=nan | t=nans
   613 | base=0.824493 | val=0.458751 | acc1=0.8491 | Wμ=0.995 | Aμ=0.999 | Wmax=1.000 | LR=3.0252e-17 | ‖g‖=nan | satA=nan | satW=nan | εμ=nan | εvar=nan | corr(ε,x)=nan | t=nans
   615 | base=0.790466 | val=0.455376 | acc1=0.8514 | Wμ=0.995 | Aμ=0.999 | Wmax=1.000 | LR=2.6035e-17 | ‖g‖=nan | satA=nan | satW=nan | εμ=nan | εvar=nan | corr(ε,x)=nan | t=nans
   617 | base=0.857254 | val=0.453456 | acc1=0.8503 | Wμ=0.995 | Aμ=0.999 | Wmax=1.000 | LR=2.2406e-17 | ‖g‖=nan | satA=nan | satW=nan | εμ=nan | εvar=nan | corr(ε,x)=nan | t=nans
   619 | base=0.863818 | val=0.460358 | acc1=0.8477 | Wμ=0.995 | Aμ=0.999 | Wmax=1.000 | LR=1.9283e-17 | ‖g‖=nan | satA=nan | satW=nan | εμ=nan | εvar=nan | corr(ε,x)=nan | t=nans
   621 | base=0.828682 | val=0.456706 | acc1=0.8506 | Wμ=0.995 | Aμ=0.999 | Wmax=1.000 | LR=1.6595e-17 | ‖g‖=nan | satA=nan | satW=nan | εμ=nan | εvar=nan | corr(ε,x)=nan | t=nans
   623 | base=0.856132 | val=0.462484 | acc1=0.8465 | Wμ=0.995 | Aμ=0.999 | Wmax=1.000 | LR=1.4282e-17 | ‖g‖=nan | satA=nan | satW=nan | εμ=nan | εvar=nan | corr(ε,x)=nan | t=nans
   625 | base=0.862304 | val=0.457370 | acc1=0.8491 | Wμ=0.995 | Aμ=0.999 | Wmax=1.000 | LR=1.2291e-17 | ‖g‖=nan | satA=nan | satW=nan | εμ=nan | εvar=nan | corr(ε,x)=nan | t=nans
   627 | base=0.857651 | val=0.452046 | acc1=0.8530 | Wμ=0.995 | Aμ=0.999 | Wmax=1.000 | LR=1.0578e-17 | ‖g‖=nan | satA=nan | satW=nan | εμ=nan | εvar=nan | corr(ε,x)=nan | t=nans
   629 | base=0.819783 | val=0.467623 | acc1=0.8451 | Wμ=0.995 | Aμ=0.999 | Wmax=1.000 | LR=9.1034e-18 | ‖g‖=nan | satA=nan | satW=nan | εμ=nan | εvar=nan | corr(ε,x)=nan | t=nans
