     0 | base=nan | val=nan | acc1=0.9282 | Wμ=nan | Aμ=nan | Wmax=nan | Amax=nan |LR=nan | t=nans
     0 | base=nan | val=0.236706 | acc1=0.9282 | Wμ=11.186 | Aμ=20.000 | Wmax=12.916 | Amax=13.744 |LR=nan | t=nans
     0 | base=nan | val=0.236786 | acc1=0.9280 | Wμ=9.786 | Aμ=20.000 | Wmax=10.000 | Amax=13.743 |LR=nan | t=nans
     0 | base=nan | val=0.236885 | acc1=0.9282 | Wμ=9.786 | Aμ=10.000 | Wmax=10.000 | Amax=9.994 |LR=nan | t=nans
# epoch | BaseLoss | ValLoss | Acc@1 | MeanWBits | MeanABits | MaxWBits | MaxABits | LR | EpochTime(s)
     0 | base=nan | val=0.213740 | acc1=0.9350 | Wμ=9.786 | Aμ=10.000 | Wmax=10.000 | Amax=10.000 |LR=nan | t=nans
     0 | base=0.003547 | val=0.237751 | acc1=0.9273 | Wμ=9.786 | Aμ=10.001 | Wmax=10.004 | Amax=9.993 |LR=0.00098 | t=10.36s
     1 | base=0.004227 | val=0.236169 | acc1=0.9267 | Wμ=9.786 | Aμ=10.005 | Wmax=10.017 | Amax=9.994 |LR=0.00198 | t=9.28s
     2 | base=0.010384 | val=0.238806 | acc1=0.9250 | Wμ=9.788 | Aμ=10.014 | Wmax=10.043 | Amax=10.003 |LR=0.00298 | t=9.30s
     3 | base=0.044898 | val=0.255572 | acc1=0.9202 | Wμ=9.794 | Aμ=10.022 | Wmax=10.089 | Amax=10.000 |LR=0.00398 | t=9.24s
     4 | base=0.086278 | val=0.288407 | acc1=0.9088 | Wμ=9.814 | Aμ=10.032 | Wmax=10.225 | Amax=10.012 |LR=0.00498 | t=9.22s
     5 | base=0.120647 | val=0.333354 | acc1=0.8938 | Wμ=9.842 | Aμ=10.046 | Wmax=10.307 | Amax=10.042 |LR=0.00598 | t=9.29s
     6 | base=0.166242 | val=0.379349 | acc1=0.8841 | Wμ=9.880 | Aμ=10.060 | Wmax=10.414 | Amax=10.055 |LR=0.00698 | t=9.24s
     7 | base=0.218889 | val=0.336976 | acc1=0.8929 | Wμ=9.924 | Aμ=10.065 | Wmax=10.464 | Amax=10.126 |LR=0.00798 | t=9.42s
     8 | base=0.249979 | val=0.365495 | acc1=0.8887 | Wμ=9.980 | Aμ=10.061 | Wmax=10.601 | Amax=10.185 |LR=0.00898 | t=9.29s
     9 | base=0.227279 | val=0.417964 | acc1=0.8715 | Wμ=10.038 | Aμ=10.060 | Wmax=10.903 | Amax=10.199 |LR=0.00998 | t=9.22s
    10 | base=0.271950 | val=0.365227 | acc1=0.8855 | Wμ=10.103 | Aμ=10.070 | Wmax=11.423 | Amax=10.267 |LR=0.01098 | t=9.26s
    11 | base=0.244299 | val=0.483154 | acc1=0.8584 | Wμ=10.174 | Aμ=10.108 | Wmax=11.535 | Amax=10.271 |LR=0.01198 | t=9.27s
    12 | base=0.271899 | val=0.366723 | acc1=0.8842 | Wμ=10.240 | Aμ=10.100 | Wmax=11.568 | Amax=10.303 |LR=0.01298 | t=9.34s
    13 | base=0.326123 | val=0.420368 | acc1=0.8695 | Wμ=10.308 | Aμ=10.125 | Wmax=11.622 | Amax=10.397 |LR=0.01398 | t=9.31s
    14 | base=0.284503 | val=0.389913 | acc1=0.8811 | Wμ=10.374 | Aμ=10.139 | Wmax=11.812 | Amax=10.543 |LR=0.01498 | t=9.31s
    15 | base=0.285034 | val=0.389437 | acc1=0.8786 | Wμ=10.441 | Aμ=10.123 | Wmax=11.853 | Amax=10.606 |LR=0.01598 | t=9.36s
    16 | base=0.305149 | val=0.410482 | acc1=0.8703 | Wμ=10.509 | Aμ=10.109 | Wmax=12.012 | Amax=10.696 |LR=0.01698 | t=9.27s
    17 | base=0.301459 | val=0.485437 | acc1=0.8570 | Wμ=10.575 | Aμ=10.146 | Wmax=12.001 | Amax=10.635 |LR=0.01798 | t=9.31s
    18 | base=0.252851 | val=0.380952 | acc1=0.8787 | Wμ=10.642 | Aμ=10.160 | Wmax=12.012 | Amax=10.680 |LR=0.01898 | t=9.26s
    19 | base=0.277533 | val=0.374410 | acc1=0.8813 | Wμ=10.710 | Aμ=10.216 | Wmax=12.161 | Amax=10.673 |LR=0.01998 | t=9.26s
    20 | base=0.358837 | val=0.411879 | acc1=0.8713 | Wμ=7.576 | Aμ=7.871 | Wmax=9.006 | Amax=9.485 |LR=0.02 | t=9.29s
    21 | base=0.306561 | val=0.433628 | acc1=0.8639 | Wμ=4.333 | Aμ=5.418 | Wmax=5.524 | Amax=6.700 |LR=0.02 | t=9.30s
    22 | base=0.675756 | val=0.840971 | acc1=0.7467 | Wμ=2.180 | Aμ=4.722 | Wmax=3.585 | Amax=5.644 |LR=0.02 | t=9.26s
    23 | base=1.021288 | val=3.812630 | acc1=0.3360 | Wμ=1.448 | Aμ=4.363 | Wmax=3.170 | Amax=5.285 |LR=0.02 | t=9.32s
    24 | base=0.966664 | val=3.071968 | acc1=0.5219 | Wμ=1.255 | Aμ=3.853 | Wmax=2.807 | Amax=4.524 |LR=0.02 | t=9.27s
    25 | base=0.966438 | val=2.135347 | acc1=0.5146 | Wμ=1.102 | Aμ=2.683 | Wmax=2.585 | Amax=3.170 |LR=0.02 | t=9.34s
    26 | base=1.200477 | val=1.616562 | acc1=0.6352 | Wμ=1.041 | Aμ=2.091 | Wmax=2.000 | Amax=2.322 |LR=0.02 | t=9.31s
    27 | base=1.221459 | val=1.318630 | acc1=0.5970 | Wμ=1.010 | Aμ=1.730 | Wmax=2.000 | Amax=2.322 |LR=0.02 | t=9.30s
    28 | base=1.404664 | val=1.670174 | acc1=0.4191 | Wμ=0.997 | Aμ=1.552 | Wmax=1.585 | Amax=2.000 |LR=0.02 | t=9.27s
    29 | base=1.290758 | val=1.914112 | acc1=0.4642 | Wμ=0.992 | Aμ=1.403 | Wmax=1.585 | Amax=1.585 |LR=0.02 | t=9.27s
    30 | base=1.483432 | val=3.673500 | acc1=0.3199 | Wμ=0.986 | Aμ=1.302 | Wmax=1.585 | Amax=1.585 |LR=0.02 | t=9.28s
    31 | base=1.700741 | val=1.962151 | acc1=0.4941 | Wμ=0.983 | Aμ=1.215 | Wmax=1.585 | Amax=1.585 |LR=0.02 | t=9.35s
    32 | base=1.675838 | val=1.652614 | acc1=0.5590 | Wμ=0.975 | Aμ=1.164 | Wmax=1.585 | Amax=1.585 |LR=0.02 | t=9.33s
    33 | base=1.501079 | val=2.034685 | acc1=0.4690 | Wμ=0.973 | Aμ=1.128 | Wmax=1.585 | Amax=1.585 |LR=0.02 | t=9.31s
    34 | base=1.538126 | val=1.089595 | acc1=0.6624 | Wμ=0.969 | Aμ=1.047 | Wmax=1.000 | Amax=1.000 |LR=0.02 | t=9.36s
    35 | base=1.434399 | val=0.960893 | acc1=0.7059 | Wμ=0.965 | Aμ=0.984 | Wmax=1.000 | Amax=1.000 |LR=0.018582 | t=9.32s
    36 | base=1.435748 | val=0.970319 | acc1=0.7009 | Wμ=0.965 | Aμ=0.970 | Wmax=1.000 | Amax=1.000 |LR=0.017238 | t=9.34s
    37 | base=1.371461 | val=1.846251 | acc1=0.5060 | Wμ=0.966 | Aμ=0.978 | Wmax=1.000 | Amax=1.000 |LR=0.015992 | t=9.32s
    38 | base=1.355211 | val=0.996186 | acc1=0.6769 | Wμ=0.966 | Aμ=0.986 | Wmax=1.000 | Amax=1.000 |LR=0.014835 | t=9.30s
    39 | base=1.263901 | val=1.113806 | acc1=0.6603 | Wμ=0.964 | Aμ=0.977 | Wmax=1.000 | Amax=1.000 |LR=0.013763 | t=9.29s
    40 | base=1.350283 | val=0.825731 | acc1=0.7276 | Wμ=0.964 | Aμ=0.968 | Wmax=1.000 | Amax=1.000 |LR=0.012767 | t=9.29s
    41 | base=1.185202 | val=1.010432 | acc1=0.6777 | Wμ=0.964 | Aμ=0.967 | Wmax=1.000 | Amax=1.000 |LR=0.011844 | t=9.32s
    42 | base=1.259016 | val=1.111287 | acc1=0.6786 | Wμ=0.965 | Aμ=0.971 | Wmax=1.000 | Amax=1.000 |LR=0.010988 | t=9.33s
    43 | base=1.253434 | val=0.819698 | acc1=0.7268 | Wμ=0.964 | Aμ=0.967 | Wmax=1.000 | Amax=1.000 |LR=0.010193 | t=9.30s
    44 | base=1.205990 | val=1.045888 | acc1=0.6842 | Wμ=0.966 | Aμ=0.970 | Wmax=1.000 | Amax=1.000 |LR=0.0094562 | t=9.30s
    45 | base=1.141207 | val=1.050903 | acc1=0.6757 | Wμ=0.967 | Aμ=0.976 | Wmax=1.000 | Amax=1.000 |LR=0.0087724 | t=9.30s
    46 | base=1.157971 | val=1.143897 | acc1=0.6511 | Wμ=0.967 | Aμ=0.960 | Wmax=1.000 | Amax=1.000 |LR=0.0081381 | t=9.31s
    47 | base=1.306582 | val=0.860019 | acc1=0.7195 | Wμ=0.966 | Aμ=0.951 | Wmax=1.000 | Amax=1.000 |LR=0.0075497 | t=9.32s
    48 | base=1.156155 | val=0.790764 | acc1=0.7424 | Wμ=0.967 | Aμ=0.975 | Wmax=1.000 | Amax=1.000 |LR=0.0070037 | t=9.28s
    49 | base=1.054278 | val=1.335806 | acc1=0.6194 | Wμ=0.967 | Aμ=0.962 | Wmax=1.000 | Amax=1.000 |LR=0.0064973 | t=9.31s
