     0 | base=nan | val=0.236715 | acc1=nan | Wμ=nan | Aμ=nan | Wmax=nan | Amax=nan |LR=nan | ‖g‖=nan | satA=nan | satW=nan | εμ=nan | εvar=nan | corr(ε,x)=nan | t=nans
     0 | base=nan | val=0.236732 | acc1=0.9282 | Wμ=11.186 | Aμ=20.000 | Wmax=12.916 | Amax=13.744 |LR=nan | ‖g‖=nan | satA=nan | satW=nan | εμ=nan | εvar=nan | corr(ε,x)=nan | t=nans
     0 | base=nan | val=0.236786 | acc1=0.9281 | Wμ=9.786 | Aμ=20.000 | Wmax=10.000 | Amax=13.743 |LR=nan | ‖g‖=nan | satA=nan | satW=nan | εμ=nan | εvar=nan | corr(ε,x)=nan | t=nans
     0 | base=nan | val=0.236878 | acc1=0.9281 | Wμ=9.786 | Aμ=10.000 | Wmax=10.000 | Amax=9.994 |LR=nan | ‖g‖=nan | satA=nan | satW=nan | εμ=nan | εvar=nan | corr(ε,x)=nan | t=nans
# epoch | BaseLoss | ValLoss | Acc@1 | MeanWBits | MeanABits | MaxWBits | MaxABits | LR | GradNorm | WSat | ASat | NoiseMean | NoiseVar | NoiseCorr | Temp | EpochTime(s)
     0 | base=nan | val=0.213726 | acc1=0.9335 | Wμ=9.786 | Aμ=10.000 | Wmax=10.000 | Amax=10.000 |LR=nan | ‖g‖=nan | satA=nan | satW=nan | εμ=nan | εvar=nan | corr(ε,x)=nan | t=nans
     1 | base=0.004656 | val=0.240391 | acc1=0.9264 | Wμ=9.786 | Aμ=10.003 | Wmax=10.008 | Amax=9.996 |LR=0.00099 | ‖g‖=nan | satA=nan | satW=nan | εμ=nan | εvar=nan | corr(ε,x)=nan | t=nans
     3 | base=0.008905 | val=0.240775 | acc1=0.9265 | Wμ=9.788 | Aμ=10.014 | Wmax=10.032 | Amax=10.005 |LR=0.00199 | ‖g‖=nan | satA=nan | satW=nan | εμ=nan | εvar=nan | corr(ε,x)=nan | t=nans
     5 | base=0.034333 | val=0.258040 | acc1=0.9207 | Wμ=9.799 | Aμ=10.033 | Wmax=10.194 | Amax=10.004 |LR=0.00299 | ‖g‖=nan | satA=nan | satW=nan | εμ=nan | εvar=nan | corr(ε,x)=nan | t=nans
     7 | base=0.102292 | val=0.290171 | acc1=0.9108 | Wμ=9.834 | Aμ=10.047 | Wmax=10.408 | Amax=10.060 |LR=0.00399 | ‖g‖=nan | satA=nan | satW=nan | εμ=nan | εvar=nan | corr(ε,x)=nan | t=nans
     9 | base=0.121597 | val=0.302289 | acc1=0.9055 | Wμ=9.886 | Aμ=10.061 | Wmax=10.565 | Amax=10.063 |LR=0.00499 | ‖g‖=nan | satA=nan | satW=nan | εμ=nan | εvar=nan | corr(ε,x)=nan | t=nans
    11 | base=0.124760 | val=0.352790 | acc1=0.8919 | Wμ=9.945 | Aμ=10.062 | Wmax=10.551 | Amax=10.097 |LR=0.00599 | ‖g‖=nan | satA=nan | satW=nan | εμ=nan | εvar=nan | corr(ε,x)=nan | t=nans
    13 | base=0.162436 | val=0.329495 | acc1=0.8964 | Wμ=10.018 | Aμ=10.063 | Wmax=10.719 | Amax=10.115 |LR=0.00699 | ‖g‖=nan | satA=nan | satW=nan | εμ=nan | εvar=nan | corr(ε,x)=nan | t=nans
    15 | base=0.190259 | val=0.359609 | acc1=0.8882 | Wμ=10.103 | Aμ=10.055 | Wmax=10.944 | Amax=10.172 |LR=0.00799 | ‖g‖=nan | satA=nan | satW=nan | εμ=nan | εvar=nan | corr(ε,x)=nan | t=nans
    17 | base=0.220128 | val=0.372313 | acc1=0.8872 | Wμ=10.207 | Aμ=10.104 | Wmax=11.064 | Amax=10.273 |LR=0.00899 | ‖g‖=nan | satA=nan | satW=nan | εμ=nan | εvar=nan | corr(ε,x)=nan | t=nans
    19 | base=0.199107 | val=0.378282 | acc1=0.8803 | Wμ=10.298 | Aμ=10.148 | Wmax=11.345 | Amax=10.318 |LR=0.00999 | ‖g‖=nan | satA=nan | satW=nan | εμ=nan | εvar=nan | corr(ε,x)=nan | t=nans
    21 | base=0.211093 | val=0.331440 | acc1=0.8962 | Wμ=7.345 | Aμ=7.725 | Wmax=8.180 | Amax=9.478 |LR=0.01 | ‖g‖=nan | satA=nan | satW=nan | εμ=nan | εvar=nan | corr(ε,x)=nan | t=nans
    23 | base=0.179904 | val=0.313596 | acc1=0.8992 | Wμ=4.625 | Aμ=5.461 | Wmax=5.585 | Amax=7.000 |LR=0.01 | ‖g‖=nan | satA=nan | satW=nan | εμ=nan | εvar=nan | corr(ε,x)=nan | t=nans
    25 | base=0.367382 | val=0.463146 | acc1=0.8551 | Wμ=2.686 | Aμ=4.627 | Wmax=4.248 | Amax=5.755 |LR=0.01 | ‖g‖=nan | satA=nan | satW=nan | εμ=nan | εvar=nan | corr(ε,x)=nan | t=nans
    27 | base=0.623595 | val=0.644759 | acc1=0.7971 | Wμ=1.674 | Aμ=4.257 | Wmax=3.459 | Amax=5.392 |LR=0.01 | ‖g‖=nan | satA=nan | satW=nan | εμ=nan | εvar=nan | corr(ε,x)=nan | t=nans
    29 | base=0.862788 | val=1.028883 | acc1=0.7068 | Wμ=1.321 | Aμ=3.771 | Wmax=3.170 | Amax=4.524 |LR=0.01 | ‖g‖=nan | satA=nan | satW=nan | εμ=nan | εvar=nan | corr(ε,x)=nan | t=nans
    31 | base=0.845980 | val=1.305884 | acc1=0.6492 | Wμ=1.160 | Aμ=3.070 | Wmax=2.585 | Amax=4.000 |LR=0.01 | ‖g‖=nan | satA=nan | satW=nan | εμ=nan | εvar=nan | corr(ε,x)=nan | t=nans
    33 | base=0.870206 | val=0.802821 | acc1=0.7504 | Wμ=1.069 | Aμ=2.453 | Wmax=2.322 | Amax=2.807 |LR=0.01 | ‖g‖=nan | satA=nan | satW=nan | εμ=nan | εvar=nan | corr(ε,x)=nan | t=nans
    35 | base=0.966139 | val=1.012100 | acc1=0.7008 | Wμ=1.027 | Aμ=1.990 | Wmax=2.000 | Amax=2.322 |LR=0.01 | ‖g‖=nan | satA=nan | satW=nan | εμ=nan | εvar=nan | corr(ε,x)=nan | t=nans
    37 | base=0.969271 | val=1.696088 | acc1=0.5312 | Wμ=1.014 | Aμ=1.732 | Wmax=2.000 | Amax=2.322 |LR=0.01 | ‖g‖=nan | satA=nan | satW=nan | εμ=nan | εvar=nan | corr(ε,x)=nan | t=nans
    39 | base=1.051391 | val=1.076303 | acc1=0.6536 | Wμ=1.001 | Aμ=1.493 | Wmax=2.000 | Amax=2.000 |LR=0.01 | ‖g‖=nan | satA=nan | satW=nan | εμ=nan | εvar=nan | corr(ε,x)=nan | t=nans
    41 | base=1.134354 | val=1.078370 | acc1=0.6592 | Wμ=0.998 | Aμ=1.342 | Wmax=1.585 | Amax=2.000 |LR=0.01 | ‖g‖=nan | satA=nan | satW=nan | εμ=nan | εvar=nan | corr(ε,x)=nan | t=nans
    43 | base=1.369946 | val=1.266162 | acc1=0.6309 | Wμ=0.990 | Aμ=1.186 | Wmax=1.585 | Amax=1.585 |LR=0.01 | ‖g‖=nan | satA=nan | satW=nan | εμ=nan | εvar=nan | corr(ε,x)=nan | t=nans
    45 | base=1.302906 | val=1.227302 | acc1=0.5966 | Wμ=0.985 | Aμ=1.138 | Wmax=1.000 | Amax=1.585 |LR=0.01 | ‖g‖=nan | satA=nan | satW=nan | εμ=nan | εvar=nan | corr(ε,x)=nan | t=nans
    47 | base=1.515469 | val=1.307791 | acc1=0.6657 | Wμ=0.983 | Aμ=1.107 | Wmax=1.000 | Amax=1.585 |LR=0.01 | ‖g‖=nan | satA=nan | satW=nan | εμ=nan | εvar=nan | corr(ε,x)=nan | t=nans
    49 | base=1.327025 | val=0.900426 | acc1=0.7048 | Wμ=0.982 | Aμ=1.059 | Wmax=1.000 | Amax=1.000 |LR=0.01 | ‖g‖=nan | satA=nan | satW=nan | εμ=nan | εvar=nan | corr(ε,x)=nan | t=nans
    51 | base=1.275767 | val=0.952212 | acc1=0.7096 | Wμ=0.981 | Aμ=1.006 | Wmax=1.000 | Amax=1.000 |LR=0.008619 | ‖g‖=nan | satA=nan | satW=nan | εμ=nan | εvar=nan | corr(ε,x)=nan | t=nans
    53 | base=1.310817 | val=0.809578 | acc1=0.7359 | Wμ=0.981 | Aμ=0.989 | Wmax=1.000 | Amax=1.000 |LR=0.0074176 | ‖g‖=nan | satA=nan | satW=nan | εμ=nan | εvar=nan | corr(ε,x)=nan | t=nans
    55 | base=1.164203 | val=0.898004 | acc1=0.7196 | Wμ=0.981 | Aμ=0.992 | Wmax=1.000 | Amax=1.000 |LR=0.0063837 | ‖g‖=nan | satA=nan | satW=nan | εμ=nan | εvar=nan | corr(ε,x)=nan | t=nans
    57 | base=1.132441 | val=0.762201 | acc1=0.7529 | Wμ=0.981 | Aμ=0.993 | Wmax=1.000 | Amax=1.000 |LR=0.0054939 | ‖g‖=nan | satA=nan | satW=nan | εμ=nan | εvar=nan | corr(ε,x)=nan | t=nans
    59 | base=1.078026 | val=0.721349 | acc1=0.7669 | Wμ=0.982 | Aμ=0.993 | Wmax=1.000 | Amax=1.000 |LR=0.0047281 | ‖g‖=nan | satA=nan | satW=nan | εμ=nan | εvar=nan | corr(ε,x)=nan | t=nans
    61 | base=1.137965 | val=1.192940 | acc1=0.6597 | Wμ=0.982 | Aμ=0.991 | Wmax=1.000 | Amax=1.000 |LR=0.0040691 | ‖g‖=nan | satA=nan | satW=nan | εμ=nan | εvar=nan | corr(ε,x)=nan | t=nans
    63 | base=1.145292 | val=0.912564 | acc1=0.7148 | Wμ=0.983 | Aμ=0.994 | Wmax=1.000 | Amax=1.000 |LR=0.0035019 | ‖g‖=nan | satA=nan | satW=nan | εμ=nan | εvar=nan | corr(ε,x)=nan | t=nans
    65 | base=1.135705 | val=0.989521 | acc1=0.6953 | Wμ=0.983 | Aμ=0.994 | Wmax=1.000 | Amax=1.000 |LR=0.0030138 | ‖g‖=nan | satA=nan | satW=nan | εμ=nan | εvar=nan | corr(ε,x)=nan | t=nans
    67 | base=1.068209 | val=1.195515 | acc1=0.6720 | Wμ=0.985 | Aμ=0.990 | Wmax=1.000 | Amax=1.000 |LR=0.0025937 | ‖g‖=nan | satA=nan | satW=nan | εμ=nan | εvar=nan | corr(ε,x)=nan | t=nans
    69 | base=1.070915 | val=0.925677 | acc1=0.7250 | Wμ=0.985 | Aμ=0.993 | Wmax=1.000 | Amax=1.000 |LR=0.0022321 | ‖g‖=nan | satA=nan | satW=nan | εμ=nan | εvar=nan | corr(ε,x)=nan | t=nans
    71 | base=1.161969 | val=0.704848 | acc1=0.7669 | Wμ=0.985 | Aμ=0.993 | Wmax=1.000 | Amax=1.000 |LR=0.001921 | ‖g‖=nan | satA=nan | satW=nan | εμ=nan | εvar=nan | corr(ε,x)=nan | t=nans
    73 | base=1.031772 | val=1.019524 | acc1=0.6782 | Wμ=0.986 | Aμ=0.993 | Wmax=1.000 | Amax=1.000 |LR=0.0016532 | ‖g‖=nan | satA=nan | satW=nan | εμ=nan | εvar=nan | corr(ε,x)=nan | t=nans
    75 | base=0.997913 | val=0.739457 | acc1=0.7626 | Wμ=0.986 | Aμ=0.992 | Wmax=1.000 | Amax=1.000 |LR=0.0014228 | ‖g‖=nan | satA=nan | satW=nan | εμ=nan | εvar=nan | corr(ε,x)=nan | t=nans
    77 | base=1.073941 | val=0.803524 | acc1=0.7505 | Wμ=0.987 | Aμ=0.990 | Wmax=1.000 | Amax=1.000 |LR=0.0012245 | ‖g‖=nan | satA=nan | satW=nan | εμ=nan | εvar=nan | corr(ε,x)=nan | t=nans
    79 | base=1.060964 | val=0.854001 | acc1=0.7346 | Wμ=0.987 | Aμ=0.993 | Wmax=1.000 | Amax=1.000 |LR=0.0010538 | ‖g‖=nan | satA=nan | satW=nan | εμ=nan | εvar=nan | corr(ε,x)=nan | t=nans
    81 | base=0.993728 | val=0.769465 | acc1=0.7583 | Wμ=0.988 | Aμ=0.996 | Wmax=1.000 | Amax=1.000 |LR=0.00090691 | ‖g‖=nan | satA=nan | satW=nan | εμ=nan | εvar=nan | corr(ε,x)=nan | t=nans
    83 | base=0.986465 | val=0.731683 | acc1=0.7700 | Wμ=0.988 | Aμ=0.995 | Wmax=1.000 | Amax=1.000 |LR=0.00078049 | ‖g‖=nan | satA=nan | satW=nan | εμ=nan | εvar=nan | corr(ε,x)=nan | t=nans
    85 | base=1.089889 | val=0.646825 | acc1=0.7886 | Wμ=0.988 | Aμ=0.996 | Wmax=1.000 | Amax=1.000 |LR=0.0006717 | ‖g‖=nan | satA=nan | satW=nan | εμ=nan | εvar=nan | corr(ε,x)=nan | t=nans
    87 | base=0.972260 | val=0.654429 | acc1=0.7911 | Wμ=0.989 | Aμ=0.995 | Wmax=1.000 | Amax=1.000 |LR=0.00057807 | ‖g‖=nan | satA=nan | satW=nan | εμ=nan | εvar=nan | corr(ε,x)=nan | t=nans
    89 | base=0.973888 | val=0.653235 | acc1=0.7896 | Wμ=0.989 | Aμ=0.994 | Wmax=1.000 | Amax=1.000 |LR=0.0004975 | ‖g‖=nan | satA=nan | satW=nan | εμ=nan | εvar=nan | corr(ε,x)=nan | t=nans
    91 | base=0.993553 | val=0.611655 | acc1=0.7988 | Wμ=0.990 | Aμ=0.996 | Wmax=1.000 | Amax=1.000 |LR=0.00042815 | ‖g‖=nan | satA=nan | satW=nan | εμ=nan | εvar=nan | corr(ε,x)=nan | t=nans
    93 | base=0.920251 | val=0.733507 | acc1=0.7564 | Wμ=0.990 | Aμ=0.997 | Wmax=1.000 | Amax=1.000 |LR=0.00036847 | ‖g‖=nan | satA=nan | satW=nan | εμ=nan | εvar=nan | corr(ε,x)=nan | t=nans
    95 | base=1.005605 | val=0.675455 | acc1=0.7751 | Wμ=0.990 | Aμ=0.996 | Wmax=1.000 | Amax=1.000 |LR=0.00031711 | ‖g‖=nan | satA=nan | satW=nan | εμ=nan | εvar=nan | corr(ε,x)=nan | t=nans
    97 | base=1.038544 | val=0.633410 | acc1=0.7985 | Wμ=0.991 | Aμ=0.997 | Wmax=1.000 | Amax=1.000 |LR=0.00027291 | ‖g‖=nan | satA=nan | satW=nan | εμ=nan | εvar=nan | corr(ε,x)=nan | t=nans
    99 | base=1.020283 | val=0.675398 | acc1=0.7803 | Wμ=0.991 | Aμ=0.997 | Wmax=1.000 | Amax=1.000 |LR=0.00023487 | ‖g‖=nan | satA=nan | satW=nan | εμ=nan | εvar=nan | corr(ε,x)=nan | t=nans
   101 | base=0.918029 | val=0.705123 | acc1=0.7727 | Wμ=0.992 | Aμ=0.997 | Wmax=1.000 | Amax=1.000 |LR=0.00020213 | ‖g‖=nan | satA=nan | satW=nan | εμ=nan | εvar=nan | corr(ε,x)=nan | t=nans
   103 | base=0.911591 | val=0.626605 | acc1=0.7944 | Wμ=0.992 | Aμ=0.997 | Wmax=1.000 | Amax=1.000 |LR=0.00017396 | ‖g‖=nan | satA=nan | satW=nan | εμ=nan | εvar=nan | corr(ε,x)=nan | t=nans
   105 | base=1.011019 | val=0.610479 | acc1=0.7965 | Wμ=0.992 | Aμ=0.997 | Wmax=1.000 | Amax=1.000 |LR=0.00014971 | ‖g‖=nan | satA=nan | satW=nan | εμ=nan | εvar=nan | corr(ε,x)=nan | t=nans
   107 | base=0.976568 | val=0.561358 | acc1=0.8132 | Wμ=0.992 | Aμ=0.998 | Wmax=1.000 | Amax=1.000 |LR=0.00012884 | ‖g‖=nan | satA=nan | satW=nan | εμ=nan | εvar=nan | corr(ε,x)=nan | t=nans
   109 | base=1.060298 | val=0.682530 | acc1=0.7822 | Wμ=0.993 | Aμ=0.998 | Wmax=1.000 | Amax=1.000 |LR=0.00011088 | ‖g‖=nan | satA=nan | satW=nan | εμ=nan | εvar=nan | corr(ε,x)=nan | t=nans
   111 | base=0.982160 | val=0.562068 | acc1=0.8124 | Wμ=0.993 | Aμ=0.998 | Wmax=1.000 | Amax=1.000 |LR=9.5426e-05 | ‖g‖=nan | satA=nan | satW=nan | εμ=nan | εvar=nan | corr(ε,x)=nan | t=nans
   113 | base=0.957998 | val=0.568842 | acc1=0.8137 | Wμ=0.993 | Aμ=0.998 | Wmax=1.000 | Amax=1.000 |LR=8.2125e-05 | ‖g‖=nan | satA=nan | satW=nan | εμ=nan | εvar=nan | corr(ε,x)=nan | t=nans
   115 | base=1.014803 | val=0.513143 | acc1=0.8263 | Wμ=0.993 | Aμ=0.998 | Wmax=1.000 | Amax=1.000 |LR=7.0677e-05 | ‖g‖=nan | satA=nan | satW=nan | εμ=nan | εvar=nan | corr(ε,x)=nan | t=nans
   117 | base=0.892820 | val=0.538547 | acc1=0.8249 | Wμ=0.994 | Aμ=0.998 | Wmax=1.000 | Amax=1.000 |LR=6.0826e-05 | ‖g‖=nan | satA=nan | satW=nan | εμ=nan | εvar=nan | corr(ε,x)=nan | t=nans
   119 | base=0.910483 | val=0.530387 | acc1=0.8235 | Wμ=0.994 | Aμ=0.998 | Wmax=1.000 | Amax=1.000 |LR=5.2347e-05 | ‖g‖=nan | satA=nan | satW=nan | εμ=nan | εvar=nan | corr(ε,x)=nan | t=nans
   121 | base=0.967515 | val=0.542814 | acc1=0.8167 | Wμ=0.994 | Aμ=0.998 | Wmax=1.000 | Amax=1.000 |LR=4.5051e-05 | ‖g‖=nan | satA=nan | satW=nan | εμ=nan | εvar=nan | corr(ε,x)=nan | t=nans
   123 | base=0.958117 | val=0.546260 | acc1=0.8161 | Wμ=0.994 | Aμ=0.998 | Wmax=1.000 | Amax=1.000 |LR=3.8771e-05 | ‖g‖=nan | satA=nan | satW=nan | εμ=nan | εvar=nan | corr(ε,x)=nan | t=nans
   125 | base=0.941054 | val=0.558917 | acc1=0.8154 | Wμ=0.994 | Aμ=0.998 | Wmax=1.000 | Amax=1.000 |LR=3.3367e-05 | ‖g‖=nan | satA=nan | satW=nan | εμ=nan | εvar=nan | corr(ε,x)=nan | t=nans
   127 | base=0.884668 | val=0.553289 | acc1=0.8207 | Wμ=0.994 | Aμ=0.999 | Wmax=1.000 | Amax=1.000 |LR=2.8716e-05 | ‖g‖=nan | satA=nan | satW=nan | εμ=nan | εvar=nan | corr(ε,x)=nan | t=nans
   129 | base=0.920401 | val=0.551615 | acc1=0.8215 | Wμ=0.994 | Aμ=0.999 | Wmax=1.000 | Amax=1.000 |LR=2.4713e-05 | ‖g‖=nan | satA=nan | satW=nan | εμ=nan | εvar=nan | corr(ε,x)=nan | t=nans
   131 | base=0.941012 | val=0.576146 | acc1=0.8140 | Wμ=0.994 | Aμ=0.999 | Wmax=1.000 | Amax=1.000 |LR=2.1268e-05 | ‖g‖=nan | satA=nan | satW=nan | εμ=nan | εvar=nan | corr(ε,x)=nan | t=nans
   133 | base=0.966536 | val=0.578321 | acc1=0.8113 | Wμ=0.995 | Aμ=0.999 | Wmax=1.000 | Amax=1.000 |LR=1.8304e-05 | ‖g‖=nan | satA=nan | satW=nan | εμ=nan | εvar=nan | corr(ε,x)=nan | t=nans
   135 | base=0.942790 | val=0.503620 | acc1=0.8340 | Wμ=0.995 | Aμ=0.999 | Wmax=1.000 | Amax=1.000 |LR=1.5753e-05 | ‖g‖=nan | satA=nan | satW=nan | εμ=nan | εvar=nan | corr(ε,x)=nan | t=nans
   137 | base=0.988773 | val=0.504990 | acc1=0.8341 | Wμ=0.995 | Aμ=0.999 | Wmax=1.000 | Amax=1.000 |LR=1.3557e-05 | ‖g‖=nan | satA=nan | satW=nan | εμ=nan | εvar=nan | corr(ε,x)=nan | t=nans
   139 | base=0.940242 | val=0.535063 | acc1=0.8243 | Wμ=0.995 | Aμ=0.999 | Wmax=1.000 | Amax=1.000 |LR=1.1667e-05 | ‖g‖=nan | satA=nan | satW=nan | εμ=nan | εvar=nan | corr(ε,x)=nan | t=nans
   141 | base=0.905598 | val=0.566637 | acc1=0.8140 | Wμ=0.995 | Aμ=0.999 | Wmax=1.000 | Amax=1.000 |LR=1.0041e-05 | ‖g‖=nan | satA=nan | satW=nan | εμ=nan | εvar=nan | corr(ε,x)=nan | t=nans
   143 | base=0.920868 | val=0.522322 | acc1=0.8244 | Wμ=0.995 | Aμ=0.999 | Wmax=1.000 | Amax=1.000 |LR=8.6413e-06 | ‖g‖=nan | satA=nan | satW=nan | εμ=nan | εvar=nan | corr(ε,x)=nan | t=nans
   145 | base=0.920745 | val=0.540731 | acc1=0.8259 | Wμ=0.995 | Aμ=0.999 | Wmax=1.000 | Amax=1.000 |LR=7.4368e-06 | ‖g‖=nan | satA=nan | satW=nan | εμ=nan | εvar=nan | corr(ε,x)=nan | t=nans
   147 | base=0.887502 | val=0.510783 | acc1=0.8309 | Wμ=0.995 | Aμ=0.999 | Wmax=1.000 | Amax=1.000 |LR=6.4002e-06 | ‖g‖=nan | satA=nan | satW=nan | εμ=nan | εvar=nan | corr(ε,x)=nan | t=nans
   149 | base=0.972615 | val=0.559668 | acc1=0.8199 | Wμ=0.995 | Aμ=0.999 | Wmax=1.000 | Amax=1.000 |LR=5.5081e-06 | ‖g‖=nan | satA=nan | satW=nan | εμ=nan | εvar=nan | corr(ε,x)=nan | t=nans
   151 | base=0.892595 | val=0.555223 | acc1=0.8206 | Wμ=0.995 | Aμ=0.999 | Wmax=1.000 | Amax=1.000 |LR=4.7403e-06 | ‖g‖=nan | satA=nan | satW=nan | εμ=nan | εvar=nan | corr(ε,x)=nan | t=nans
   153 | base=0.964297 | val=0.560639 | acc1=0.8116 | Wμ=0.995 | Aμ=0.999 | Wmax=1.000 | Amax=1.000 |LR=4.0795e-06 | ‖g‖=nan | satA=nan | satW=nan | εμ=nan | εvar=nan | corr(ε,x)=nan | t=nans
   155 | base=0.921595 | val=0.500944 | acc1=0.8289 | Wμ=0.995 | Aμ=0.999 | Wmax=1.000 | Amax=1.000 |LR=3.5109e-06 | ‖g‖=nan | satA=nan | satW=nan | εμ=nan | εvar=nan | corr(ε,x)=nan | t=nans
   157 | base=0.968138 | val=0.552261 | acc1=0.8210 | Wμ=0.995 | Aμ=0.999 | Wmax=1.000 | Amax=1.000 |LR=3.0215e-06 | ‖g‖=nan | satA=nan | satW=nan | εμ=nan | εvar=nan | corr(ε,x)=nan | t=nans
   159 | base=0.873595 | val=0.519427 | acc1=0.8304 | Wμ=0.995 | Aμ=0.999 | Wmax=1.000 | Amax=1.000 |LR=2.6004e-06 | ‖g‖=nan | satA=nan | satW=nan | εμ=nan | εvar=nan | corr(ε,x)=nan | t=nans
   161 | base=0.943648 | val=0.510681 | acc1=0.8279 | Wμ=0.995 | Aμ=0.999 | Wmax=1.000 | Amax=1.000 |LR=2.2379e-06 | ‖g‖=nan | satA=nan | satW=nan | εμ=nan | εvar=nan | corr(ε,x)=nan | t=nans
   163 | base=0.947780 | val=0.513480 | acc1=0.8304 | Wμ=0.995 | Aμ=0.999 | Wmax=1.000 | Amax=1.000 |LR=1.926e-06 | ‖g‖=nan | satA=nan | satW=nan | εμ=nan | εvar=nan | corr(ε,x)=nan | t=nans
   165 | base=0.862580 | val=0.529572 | acc1=0.8271 | Wμ=0.995 | Aμ=0.999 | Wmax=1.000 | Amax=1.000 |LR=1.6575e-06 | ‖g‖=nan | satA=nan | satW=nan | εμ=nan | εvar=nan | corr(ε,x)=nan | t=nans
   167 | base=0.987470 | val=0.537687 | acc1=0.8246 | Wμ=0.995 | Aμ=0.999 | Wmax=1.000 | Amax=1.000 |LR=1.4265e-06 | ‖g‖=nan | satA=nan | satW=nan | εμ=nan | εvar=nan | corr(ε,x)=nan | t=nans
   169 | base=0.905751 | val=0.599177 | acc1=0.8035 | Wμ=0.995 | Aμ=0.999 | Wmax=1.000 | Amax=1.000 |LR=1.2276e-06 | ‖g‖=nan | satA=nan | satW=nan | εμ=nan | εvar=nan | corr(ε,x)=nan | t=nans
   171 | base=0.924763 | val=0.532857 | acc1=0.8254 | Wμ=0.995 | Aμ=0.999 | Wmax=1.000 | Amax=1.000 |LR=1.0565e-06 | ‖g‖=nan | satA=nan | satW=nan | εμ=nan | εvar=nan | corr(ε,x)=nan | t=nans
   173 | base=0.970607 | val=0.559509 | acc1=0.8110 | Wμ=0.995 | Aμ=0.999 | Wmax=1.000 | Amax=1.000 |LR=9.0925e-07 | ‖g‖=nan | satA=nan | satW=nan | εμ=nan | εvar=nan | corr(ε,x)=nan | t=nans
   175 | base=0.909038 | val=0.521057 | acc1=0.8266 | Wμ=0.995 | Aμ=0.999 | Wmax=1.000 | Amax=1.000 |LR=7.8251e-07 | ‖g‖=nan | satA=nan | satW=nan | εμ=nan | εvar=nan | corr(ε,x)=nan | t=nans
   177 | base=0.953180 | val=0.510216 | acc1=0.8301 | Wμ=0.995 | Aμ=0.999 | Wmax=1.000 | Amax=1.000 |LR=6.7343e-07 | ‖g‖=nan | satA=nan | satW=nan | εμ=nan | εvar=nan | corr(ε,x)=nan | t=nans
   179 | base=0.972634 | val=0.556542 | acc1=0.8205 | Wμ=0.995 | Aμ=0.999 | Wmax=1.000 | Amax=1.000 |LR=5.7956e-07 | ‖g‖=nan | satA=nan | satW=nan | εμ=nan | εvar=nan | corr(ε,x)=nan | t=nans
   181 | base=0.936255 | val=0.489228 | acc1=0.8380 | Wμ=0.995 | Aμ=0.999 | Wmax=1.000 | Amax=1.000 |LR=4.9878e-07 | ‖g‖=nan | satA=nan | satW=nan | εμ=nan | εvar=nan | corr(ε,x)=nan | t=nans
   183 | base=0.930701 | val=0.500755 | acc1=0.8340 | Wμ=0.995 | Aμ=0.999 | Wmax=1.000 | Amax=1.000 |LR=4.2926e-07 | ‖g‖=nan | satA=nan | satW=nan | εμ=nan | εvar=nan | corr(ε,x)=nan | t=nans
   185 | base=0.973540 | val=0.556172 | acc1=0.8179 | Wμ=0.995 | Aμ=0.999 | Wmax=1.000 | Amax=1.000 |LR=3.6942e-07 | ‖g‖=nan | satA=nan | satW=nan | εμ=nan | εvar=nan | corr(ε,x)=nan | t=nans
   187 | base=0.926520 | val=0.572552 | acc1=0.8123 | Wμ=0.995 | Aμ=0.999 | Wmax=1.000 | Amax=1.000 |LR=3.1793e-07 | ‖g‖=nan | satA=nan | satW=nan | εμ=nan | εvar=nan | corr(ε,x)=nan | t=nans
   189 | base=0.953468 | val=0.594917 | acc1=0.8073 | Wμ=0.995 | Aμ=0.999 | Wmax=1.000 | Amax=1.000 |LR=2.7361e-07 | ‖g‖=nan | satA=nan | satW=nan | εμ=nan | εvar=nan | corr(ε,x)=nan | t=nans
   191 | base=0.918486 | val=0.498480 | acc1=0.8332 | Wμ=0.995 | Aμ=0.999 | Wmax=1.000 | Amax=1.000 |LR=2.3547e-07 | ‖g‖=nan | satA=nan | satW=nan | εμ=nan | εvar=nan | corr(ε,x)=nan | t=nans
   193 | base=0.985146 | val=0.529693 | acc1=0.8232 | Wμ=0.995 | Aμ=0.999 | Wmax=1.000 | Amax=1.000 |LR=2.0265e-07 | ‖g‖=nan | satA=nan | satW=nan | εμ=nan | εvar=nan | corr(ε,x)=nan | t=nans
   195 | base=0.951459 | val=0.534195 | acc1=0.8211 | Wμ=0.995 | Aμ=0.999 | Wmax=1.000 | Amax=1.000 |LR=1.744e-07 | ‖g‖=nan | satA=nan | satW=nan | εμ=nan | εvar=nan | corr(ε,x)=nan | t=nans
   197 | base=0.986986 | val=0.514854 | acc1=0.8312 | Wμ=0.995 | Aμ=0.999 | Wmax=1.000 | Amax=1.000 |LR=1.5009e-07 | ‖g‖=nan | satA=nan | satW=nan | εμ=nan | εvar=nan | corr(ε,x)=nan | t=nans
   199 | base=0.911616 | val=0.544239 | acc1=0.8185 | Wμ=0.995 | Aμ=0.999 | Wmax=1.000 | Amax=1.000 |LR=1.2917e-07 | ‖g‖=nan | satA=nan | satW=nan | εμ=nan | εvar=nan | corr(ε,x)=nan | t=nans
   201 | base=0.941921 | val=0.504640 | acc1=0.8300 | Wμ=0.995 | Aμ=0.999 | Wmax=1.000 | Amax=1.000 |LR=1.1117e-07 | ‖g‖=nan | satA=nan | satW=nan | εμ=nan | εvar=nan | corr(ε,x)=nan | t=nans
   203 | base=0.885388 | val=0.505433 | acc1=0.8343 | Wμ=0.995 | Aμ=0.999 | Wmax=1.000 | Amax=1.000 |LR=9.5672e-08 | ‖g‖=nan | satA=nan | satW=nan | εμ=nan | εvar=nan | corr(ε,x)=nan | t=nans
   205 | base=0.899109 | val=0.566816 | acc1=0.8143 | Wμ=0.995 | Aμ=0.999 | Wmax=1.000 | Amax=1.000 |LR=8.2336e-08 | ‖g‖=nan | satA=nan | satW=nan | εμ=nan | εvar=nan | corr(ε,x)=nan | t=nans
   207 | base=0.922660 | val=0.564701 | acc1=0.8088 | Wμ=0.995 | Aμ=0.999 | Wmax=1.000 | Amax=1.000 |LR=7.086e-08 | ‖g‖=nan | satA=nan | satW=nan | εμ=nan | εvar=nan | corr(ε,x)=nan | t=nans
   209 | base=0.916657 | val=0.511570 | acc1=0.8306 | Wμ=0.995 | Aμ=0.999 | Wmax=1.000 | Amax=1.000 |LR=6.0983e-08 | ‖g‖=nan | satA=nan | satW=nan | εμ=nan | εvar=nan | corr(ε,x)=nan | t=nans
   211 | base=0.900139 | val=0.505468 | acc1=0.8335 | Wμ=0.995 | Aμ=0.999 | Wmax=1.000 | Amax=1.000 |LR=5.2482e-08 | ‖g‖=nan | satA=nan | satW=nan | εμ=nan | εvar=nan | corr(ε,x)=nan | t=nans
   213 | base=1.001755 | val=0.533029 | acc1=0.8207 | Wμ=0.995 | Aμ=0.999 | Wmax=1.000 | Amax=1.000 |LR=4.5167e-08 | ‖g‖=nan | satA=nan | satW=nan | εμ=nan | εvar=nan | corr(ε,x)=nan | t=nans
   215 | base=1.000162 | val=0.499123 | acc1=0.8336 | Wμ=0.995 | Aμ=0.999 | Wmax=1.000 | Amax=1.000 |LR=3.8871e-08 | ‖g‖=nan | satA=nan | satW=nan | εμ=nan | εvar=nan | corr(ε,x)=nan | t=nans
   217 | base=0.915082 | val=0.585574 | acc1=0.8089 | Wμ=0.995 | Aμ=0.999 | Wmax=1.000 | Amax=1.000 |LR=3.3453e-08 | ‖g‖=nan | satA=nan | satW=nan | εμ=nan | εvar=nan | corr(ε,x)=nan | t=nans
   219 | base=0.880270 | val=0.520267 | acc1=0.8268 | Wμ=0.995 | Aμ=0.999 | Wmax=1.000 | Amax=1.000 |LR=2.879e-08 | ‖g‖=nan | satA=nan | satW=nan | εμ=nan | εvar=nan | corr(ε,x)=nan | t=nans
   221 | base=0.913656 | val=0.485878 | acc1=0.8364 | Wμ=0.995 | Aμ=0.999 | Wmax=1.000 | Amax=1.000 |LR=2.4777e-08 | ‖g‖=nan | satA=nan | satW=nan | εμ=nan | εvar=nan | corr(ε,x)=nan | t=nans
   223 | base=0.888581 | val=0.502389 | acc1=0.8298 | Wμ=0.995 | Aμ=0.999 | Wmax=1.000 | Amax=1.000 |LR=2.1323e-08 | ‖g‖=nan | satA=nan | satW=nan | εμ=nan | εvar=nan | corr(ε,x)=nan | t=nans
   225 | base=0.886978 | val=0.532027 | acc1=0.8254 | Wμ=0.995 | Aμ=0.999 | Wmax=1.000 | Amax=1.000 |LR=1.8351e-08 | ‖g‖=nan | satA=nan | satW=nan | εμ=nan | εvar=nan | corr(ε,x)=nan | t=nans
   227 | base=0.941126 | val=0.497430 | acc1=0.8335 | Wμ=0.995 | Aμ=0.999 | Wmax=1.000 | Amax=1.000 |LR=1.5793e-08 | ‖g‖=nan | satA=nan | satW=nan | εμ=nan | εvar=nan | corr(ε,x)=nan | t=nans
   229 | base=0.872359 | val=0.514018 | acc1=0.8315 | Wμ=0.995 | Aμ=0.999 | Wmax=1.000 | Amax=1.000 |LR=1.3592e-08 | ‖g‖=nan | satA=nan | satW=nan | εμ=nan | εvar=nan | corr(ε,x)=nan | t=nans
   231 | base=0.916129 | val=0.516364 | acc1=0.8294 | Wμ=0.995 | Aμ=0.999 | Wmax=1.000 | Amax=1.000 |LR=1.1697e-08 | ‖g‖=nan | satA=nan | satW=nan | εμ=nan | εvar=nan | corr(ε,x)=nan | t=nans
   233 | base=0.842983 | val=0.504526 | acc1=0.8335 | Wμ=0.995 | Aμ=0.999 | Wmax=1.000 | Amax=1.000 |LR=1.0067e-08 | ‖g‖=nan | satA=nan | satW=nan | εμ=nan | εvar=nan | corr(ε,x)=nan | t=nans
   235 | base=0.900944 | val=0.492559 | acc1=0.8353 | Wμ=0.995 | Aμ=0.999 | Wmax=1.000 | Amax=1.000 |LR=8.6635e-09 | ‖g‖=nan | satA=nan | satW=nan | εμ=nan | εvar=nan | corr(ε,x)=nan | t=nans
   237 | base=0.899200 | val=0.563319 | acc1=0.8142 | Wμ=0.995 | Aμ=0.999 | Wmax=1.000 | Amax=1.000 |LR=7.4559e-09 | ‖g‖=nan | satA=nan | satW=nan | εμ=nan | εvar=nan | corr(ε,x)=nan | t=nans
   239 | base=0.950985 | val=0.546339 | acc1=0.8204 | Wμ=0.995 | Aμ=0.999 | Wmax=1.000 | Amax=1.000 |LR=6.4167e-09 | ‖g‖=nan | satA=nan | satW=nan | εμ=nan | εvar=nan | corr(ε,x)=nan | t=nans
   241 | base=0.883074 | val=0.494379 | acc1=0.8346 | Wμ=0.995 | Aμ=0.999 | Wmax=1.000 | Amax=1.000 |LR=5.5223e-09 | ‖g‖=nan | satA=nan | satW=nan | εμ=nan | εvar=nan | corr(ε,x)=nan | t=nans
   243 | base=0.894711 | val=0.510443 | acc1=0.8311 | Wμ=0.995 | Aμ=0.999 | Wmax=1.000 | Amax=1.000 |LR=4.7525e-09 | ‖g‖=nan | satA=nan | satW=nan | εμ=nan | εvar=nan | corr(ε,x)=nan | t=nans
   245 | base=0.904207 | val=0.489709 | acc1=0.8332 | Wμ=0.995 | Aμ=0.999 | Wmax=1.000 | Amax=1.000 |LR=4.0901e-09 | ‖g‖=nan | satA=nan | satW=nan | εμ=nan | εvar=nan | corr(ε,x)=nan | t=nans
   247 | base=0.838438 | val=0.499388 | acc1=0.8387 | Wμ=0.995 | Aμ=0.999 | Wmax=1.000 | Amax=1.000 |LR=3.52e-09 | ‖g‖=nan | satA=nan | satW=nan | εμ=nan | εvar=nan | corr(ε,x)=nan | t=nans
   249 | base=0.913612 | val=0.509547 | acc1=0.8343 | Wμ=0.995 | Aμ=0.999 | Wmax=1.000 | Amax=1.000 |LR=3.0293e-09 | ‖g‖=nan | satA=nan | satW=nan | εμ=nan | εvar=nan | corr(ε,x)=nan | t=nans
   251 | base=0.910610 | val=0.484782 | acc1=0.8373 | Wμ=0.995 | Aμ=0.999 | Wmax=1.000 | Amax=1.000 |LR=2.6071e-09 | ‖g‖=nan | satA=nan | satW=nan | εμ=nan | εvar=nan | corr(ε,x)=nan | t=nans
   253 | base=0.836431 | val=0.500889 | acc1=0.8339 | Wμ=0.995 | Aμ=0.999 | Wmax=1.000 | Amax=1.000 |LR=2.2437e-09 | ‖g‖=nan | satA=nan | satW=nan | εμ=nan | εvar=nan | corr(ε,x)=nan | t=nans
   255 | base=0.824690 | val=0.498308 | acc1=0.8348 | Wμ=0.995 | Aμ=0.999 | Wmax=1.000 | Amax=1.000 |LR=1.9309e-09 | ‖g‖=nan | satA=nan | satW=nan | εμ=nan | εvar=nan | corr(ε,x)=nan | t=nans
   257 | base=0.918621 | val=0.492582 | acc1=0.8374 | Wμ=0.995 | Aμ=0.999 | Wmax=1.000 | Amax=1.000 |LR=1.6618e-09 | ‖g‖=nan | satA=nan | satW=nan | εμ=nan | εvar=nan | corr(ε,x)=nan | t=nans
   259 | base=0.928600 | val=0.500396 | acc1=0.8342 | Wμ=0.995 | Aμ=0.999 | Wmax=1.000 | Amax=1.000 |LR=1.4301e-09 | ‖g‖=nan | satA=nan | satW=nan | εμ=nan | εvar=nan | corr(ε,x)=nan | t=nans
   261 | base=0.924232 | val=0.494286 | acc1=0.8344 | Wμ=0.995 | Aμ=0.999 | Wmax=1.000 | Amax=1.000 |LR=1.2308e-09 | ‖g‖=nan | satA=nan | satW=nan | εμ=nan | εvar=nan | corr(ε,x)=nan | t=nans
   263 | base=0.853256 | val=0.496753 | acc1=0.8340 | Wμ=0.995 | Aμ=0.999 | Wmax=1.000 | Amax=1.000 |LR=1.0592e-09 | ‖g‖=nan | satA=nan | satW=nan | εμ=nan | εvar=nan | corr(ε,x)=nan | t=nans
   265 | base=0.842643 | val=0.520099 | acc1=0.8288 | Wμ=0.995 | Aμ=0.999 | Wmax=1.000 | Amax=1.000 |LR=9.1159e-10 | ‖g‖=nan | satA=nan | satW=nan | εμ=nan | εvar=nan | corr(ε,x)=nan | t=nans
   267 | base=0.917800 | val=0.485440 | acc1=0.8347 | Wμ=0.995 | Aμ=0.999 | Wmax=1.000 | Amax=1.000 |LR=7.8452e-10 | ‖g‖=nan | satA=nan | satW=nan | εμ=nan | εvar=nan | corr(ε,x)=nan | t=nans
   269 | base=0.985000 | val=0.499631 | acc1=0.8307 | Wμ=0.995 | Aμ=0.999 | Wmax=1.000 | Amax=1.000 |LR=6.7517e-10 | ‖g‖=nan | satA=nan | satW=nan | εμ=nan | εvar=nan | corr(ε,x)=nan | t=nans
   271 | base=0.891305 | val=0.490669 | acc1=0.8376 | Wμ=0.995 | Aμ=0.999 | Wmax=1.000 | Amax=1.000 |LR=5.8106e-10 | ‖g‖=nan | satA=nan | satW=nan | εμ=nan | εvar=nan | corr(ε,x)=nan | t=nans
   273 | base=0.885836 | val=0.486850 | acc1=0.8389 | Wμ=0.995 | Aμ=0.999 | Wmax=1.000 | Amax=1.000 |LR=5.0007e-10 | ‖g‖=nan | satA=nan | satW=nan | εμ=nan | εvar=nan | corr(ε,x)=nan | t=nans
   275 | base=0.946876 | val=0.484964 | acc1=0.8384 | Wμ=0.995 | Aμ=0.999 | Wmax=1.000 | Amax=1.000 |LR=4.3036e-10 | ‖g‖=nan | satA=nan | satW=nan | εμ=nan | εvar=nan | corr(ε,x)=nan | t=nans
   277 | base=0.868036 | val=0.484664 | acc1=0.8426 | Wμ=0.995 | Aμ=0.999 | Wmax=1.000 | Amax=1.000 |LR=3.7037e-10 | ‖g‖=nan | satA=nan | satW=nan | εμ=nan | εvar=nan | corr(ε,x)=nan | t=nans
   279 | base=0.880870 | val=0.486823 | acc1=0.8368 | Wμ=0.995 | Aμ=0.999 | Wmax=1.000 | Amax=1.000 |LR=3.1875e-10 | ‖g‖=nan | satA=nan | satW=nan | εμ=nan | εvar=nan | corr(ε,x)=nan | t=nans
   281 | base=0.924685 | val=0.482170 | acc1=0.8408 | Wμ=0.995 | Aμ=0.999 | Wmax=1.000 | Amax=1.000 |LR=2.7432e-10 | ‖g‖=nan | satA=nan | satW=nan | εμ=nan | εvar=nan | corr(ε,x)=nan | t=nans
   283 | base=0.872575 | val=0.480162 | acc1=0.8415 | Wμ=0.995 | Aμ=0.999 | Wmax=1.000 | Amax=1.000 |LR=2.3608e-10 | ‖g‖=nan | satA=nan | satW=nan | εμ=nan | εvar=nan | corr(ε,x)=nan | t=nans
   285 | base=0.905427 | val=0.479248 | acc1=0.8440 | Wμ=0.995 | Aμ=0.999 | Wmax=1.000 | Amax=1.000 |LR=2.0317e-10 | ‖g‖=nan | satA=nan | satW=nan | εμ=nan | εvar=nan | corr(ε,x)=nan | t=nans
   287 | base=0.932396 | val=0.474870 | acc1=0.8406 | Wμ=0.995 | Aμ=0.999 | Wmax=1.000 | Amax=1.000 |LR=1.7485e-10 | ‖g‖=nan | satA=nan | satW=nan | εμ=nan | εvar=nan | corr(ε,x)=nan | t=nans
   289 | base=0.872787 | val=0.477240 | acc1=0.8398 | Wμ=0.995 | Aμ=0.999 | Wmax=1.000 | Amax=1.000 |LR=1.5048e-10 | ‖g‖=nan | satA=nan | satW=nan | εμ=nan | εvar=nan | corr(ε,x)=nan | t=nans
   291 | base=0.878584 | val=0.470861 | acc1=0.8413 | Wμ=0.995 | Aμ=0.999 | Wmax=1.000 | Amax=1.000 |LR=1.2951e-10 | ‖g‖=nan | satA=nan | satW=nan | εμ=nan | εvar=nan | corr(ε,x)=nan | t=nans
   293 | base=0.885177 | val=0.476081 | acc1=0.8443 | Wμ=0.995 | Aμ=0.999 | Wmax=1.000 | Amax=1.000 |LR=1.1145e-10 | ‖g‖=nan | satA=nan | satW=nan | εμ=nan | εvar=nan | corr(ε,x)=nan | t=nans
   295 | base=0.912766 | val=0.482537 | acc1=0.8380 | Wμ=0.995 | Aμ=0.999 | Wmax=1.000 | Amax=1.000 |LR=9.5919e-11 | ‖g‖=nan | satA=nan | satW=nan | εμ=nan | εvar=nan | corr(ε,x)=nan | t=nans
   297 | base=0.963747 | val=0.476672 | acc1=0.8408 | Wμ=0.995 | Aμ=0.999 | Wmax=1.000 | Amax=1.000 |LR=8.2549e-11 | ‖g‖=nan | satA=nan | satW=nan | εμ=nan | εvar=nan | corr(ε,x)=nan | t=nans
   299 | base=0.952748 | val=0.483812 | acc1=0.8368 | Wμ=0.995 | Aμ=0.999 | Wmax=1.000 | Amax=1.000 |LR=7.1042e-11 | ‖g‖=nan | satA=nan | satW=nan | εμ=nan | εvar=nan | corr(ε,x)=nan | t=nans
   301 | base=0.849018 | val=0.489295 | acc1=0.8362 | Wμ=0.995 | Aμ=0.999 | Wmax=1.000 | Amax=1.000 |LR=6.114e-11 | ‖g‖=nan | satA=nan | satW=nan | εμ=nan | εvar=nan | corr(ε,x)=nan | t=nans
   303 | base=0.930440 | val=0.472732 | acc1=0.8406 | Wμ=0.995 | Aμ=0.999 | Wmax=1.000 | Amax=1.000 |LR=5.2618e-11 | ‖g‖=nan | satA=nan | satW=nan | εμ=nan | εvar=nan | corr(ε,x)=nan | t=nans
   305 | base=0.861956 | val=0.482372 | acc1=0.8427 | Wμ=0.995 | Aμ=0.999 | Wmax=1.000 | Amax=1.000 |LR=4.5283e-11 | ‖g‖=nan | satA=nan | satW=nan | εμ=nan | εvar=nan | corr(ε,x)=nan | t=nans
   307 | base=0.962822 | val=0.482031 | acc1=0.8432 | Wμ=0.995 | Aμ=0.999 | Wmax=1.000 | Amax=1.000 |LR=3.8971e-11 | ‖g‖=nan | satA=nan | satW=nan | εμ=nan | εvar=nan | corr(ε,x)=nan | t=nans
   309 | base=0.908544 | val=0.484279 | acc1=0.8411 | Wμ=0.995 | Aμ=0.999 | Wmax=1.000 | Amax=1.000 |LR=3.3539e-11 | ‖g‖=nan | satA=nan | satW=nan | εμ=nan | εvar=nan | corr(ε,x)=nan | t=nans
   311 | base=0.862490 | val=0.491045 | acc1=0.8420 | Wμ=0.995 | Aμ=0.999 | Wmax=1.000 | Amax=1.000 |LR=2.8864e-11 | ‖g‖=nan | satA=nan | satW=nan | εμ=nan | εvar=nan | corr(ε,x)=nan | t=nans
   313 | base=0.905416 | val=0.480036 | acc1=0.8409 | Wμ=0.995 | Aμ=0.999 | Wmax=1.000 | Amax=1.000 |LR=2.4841e-11 | ‖g‖=nan | satA=nan | satW=nan | εμ=nan | εvar=nan | corr(ε,x)=nan | t=nans
   315 | base=0.821271 | val=0.486804 | acc1=0.8380 | Wμ=0.995 | Aμ=0.999 | Wmax=1.000 | Amax=1.000 |LR=2.1378e-11 | ‖g‖=nan | satA=nan | satW=nan | εμ=nan | εvar=nan | corr(ε,x)=nan | t=nans
   317 | base=0.807770 | val=0.485009 | acc1=0.8417 | Wμ=0.995 | Aμ=0.999 | Wmax=1.000 | Amax=1.000 |LR=1.8398e-11 | ‖g‖=nan | satA=nan | satW=nan | εμ=nan | εvar=nan | corr(ε,x)=nan | t=nans
   319 | base=0.907199 | val=0.478336 | acc1=0.8389 | Wμ=0.995 | Aμ=0.999 | Wmax=1.000 | Amax=1.000 |LR=1.5834e-11 | ‖g‖=nan | satA=nan | satW=nan | εμ=nan | εvar=nan | corr(ε,x)=nan | t=nans
   321 | base=0.880877 | val=0.482340 | acc1=0.8360 | Wμ=0.995 | Aμ=0.999 | Wmax=1.000 | Amax=1.000 |LR=1.3627e-11 | ‖g‖=nan | satA=nan | satW=nan | εμ=nan | εvar=nan | corr(ε,x)=nan | t=nans
   323 | base=0.893779 | val=0.486008 | acc1=0.8375 | Wμ=0.995 | Aμ=0.999 | Wmax=1.000 | Amax=1.000 |LR=1.1727e-11 | ‖g‖=nan | satA=nan | satW=nan | εμ=nan | εvar=nan | corr(ε,x)=nan | t=nans
   325 | base=0.913491 | val=0.481304 | acc1=0.8371 | Wμ=0.995 | Aμ=0.999 | Wmax=1.000 | Amax=1.000 |LR=1.0093e-11 | ‖g‖=nan | satA=nan | satW=nan | εμ=nan | εvar=nan | corr(ε,x)=nan | t=nans
   327 | base=0.917730 | val=0.483124 | acc1=0.8386 | Wμ=0.995 | Aμ=0.999 | Wmax=1.000 | Amax=1.000 |LR=8.6859e-12 | ‖g‖=nan | satA=nan | satW=nan | εμ=nan | εvar=nan | corr(ε,x)=nan | t=nans
   329 | base=0.870717 | val=0.486918 | acc1=0.8388 | Wμ=0.995 | Aμ=0.999 | Wmax=1.000 | Amax=1.000 |LR=7.4752e-12 | ‖g‖=nan | satA=nan | satW=nan | εμ=nan | εvar=nan | corr(ε,x)=nan | t=nans
   331 | base=0.933684 | val=0.478001 | acc1=0.8400 | Wμ=0.995 | Aμ=0.999 | Wmax=1.000 | Amax=1.000 |LR=6.4332e-12 | ‖g‖=nan | satA=nan | satW=nan | εμ=nan | εvar=nan | corr(ε,x)=nan | t=nans
   333 | base=0.883544 | val=0.481119 | acc1=0.8419 | Wμ=0.995 | Aμ=0.999 | Wmax=1.000 | Amax=1.000 |LR=5.5365e-12 | ‖g‖=nan | satA=nan | satW=nan | εμ=nan | εvar=nan | corr(ε,x)=nan | t=nans
   335 | base=0.923108 | val=0.489152 | acc1=0.8368 | Wμ=0.995 | Aμ=0.999 | Wmax=1.000 | Amax=1.000 |LR=4.7648e-12 | ‖g‖=nan | satA=nan | satW=nan | εμ=nan | εvar=nan | corr(ε,x)=nan | t=nans
   337 | base=0.833310 | val=0.487725 | acc1=0.8403 | Wμ=0.995 | Aμ=0.999 | Wmax=1.000 | Amax=1.000 |LR=4.1006e-12 | ‖g‖=nan | satA=nan | satW=nan | εμ=nan | εvar=nan | corr(ε,x)=nan | t=nans
   339 | base=0.882239 | val=0.479748 | acc1=0.8418 | Wμ=0.995 | Aμ=0.999 | Wmax=1.000 | Amax=1.000 |LR=3.529e-12 | ‖g‖=nan | satA=nan | satW=nan | εμ=nan | εvar=nan | corr(ε,x)=nan | t=nans
   341 | base=0.906266 | val=0.473644 | acc1=0.8442 | Wμ=0.995 | Aμ=0.999 | Wmax=1.000 | Amax=1.000 |LR=3.0371e-12 | ‖g‖=nan | satA=nan | satW=nan | εμ=nan | εvar=nan | corr(ε,x)=nan | t=nans
   343 | base=0.924121 | val=0.485154 | acc1=0.8389 | Wμ=0.995 | Aμ=0.999 | Wmax=1.000 | Amax=1.000 |LR=2.6138e-12 | ‖g‖=nan | satA=nan | satW=nan | εμ=nan | εvar=nan | corr(ε,x)=nan | t=nans
   345 | base=0.905971 | val=0.484947 | acc1=0.8396 | Wμ=0.995 | Aμ=0.999 | Wmax=1.000 | Amax=1.000 |LR=2.2494e-12 | ‖g‖=nan | satA=nan | satW=nan | εμ=nan | εvar=nan | corr(ε,x)=nan | t=nans
   347 | base=0.928216 | val=0.485804 | acc1=0.8379 | Wμ=0.995 | Aμ=0.999 | Wmax=1.000 | Amax=1.000 |LR=1.9359e-12 | ‖g‖=nan | satA=nan | satW=nan | εμ=nan | εvar=nan | corr(ε,x)=nan | t=nans
   349 | base=0.955712 | val=0.479216 | acc1=0.8416 | Wμ=0.995 | Aμ=0.999 | Wmax=1.000 | Amax=1.000 |LR=1.6661e-12 | ‖g‖=nan | satA=nan | satW=nan | εμ=nan | εvar=nan | corr(ε,x)=nan | t=nans
   351 | base=0.929879 | val=0.484039 | acc1=0.8407 | Wμ=0.995 | Aμ=0.999 | Wmax=1.000 | Amax=1.000 |LR=1.4338e-12 | ‖g‖=nan | satA=nan | satW=nan | εμ=nan | εvar=nan | corr(ε,x)=nan | t=nans
   353 | base=0.903421 | val=0.478541 | acc1=0.8381 | Wμ=0.995 | Aμ=0.999 | Wmax=1.000 | Amax=1.000 |LR=1.234e-12 | ‖g‖=nan | satA=nan | satW=nan | εμ=nan | εvar=nan | corr(ε,x)=nan | t=nans
   355 | base=0.917020 | val=0.478498 | acc1=0.8397 | Wμ=0.995 | Aμ=0.999 | Wmax=1.000 | Amax=1.000 |LR=1.062e-12 | ‖g‖=nan | satA=nan | satW=nan | εμ=nan | εvar=nan | corr(ε,x)=nan | t=nans
   357 | base=0.908653 | val=0.487391 | acc1=0.8373 | Wμ=0.995 | Aμ=0.999 | Wmax=1.000 | Amax=1.000 |LR=9.1394e-13 | ‖g‖=nan | satA=nan | satW=nan | εμ=nan | εvar=nan | corr(ε,x)=nan | t=nans
   359 | base=0.956090 | val=0.478852 | acc1=0.8431 | Wμ=0.995 | Aμ=0.999 | Wmax=1.000 | Amax=1.000 |LR=7.8655e-13 | ‖g‖=nan | satA=nan | satW=nan | εμ=nan | εvar=nan | corr(ε,x)=nan | t=nans
   361 | base=0.939880 | val=0.486628 | acc1=0.8400 | Wμ=0.995 | Aμ=0.999 | Wmax=1.000 | Amax=1.000 |LR=6.7691e-13 | ‖g‖=nan | satA=nan | satW=nan | εμ=nan | εvar=nan | corr(ε,x)=nan | t=nans
   363 | base=0.859501 | val=0.475604 | acc1=0.8405 | Wμ=0.995 | Aμ=0.999 | Wmax=1.000 | Amax=1.000 |LR=5.8256e-13 | ‖g‖=nan | satA=nan | satW=nan | εμ=nan | εvar=nan | corr(ε,x)=nan | t=nans
   365 | base=0.875609 | val=0.486252 | acc1=0.8384 | Wμ=0.995 | Aμ=0.999 | Wmax=1.000 | Amax=1.000 |LR=5.0136e-13 | ‖g‖=nan | satA=nan | satW=nan | εμ=nan | εvar=nan | corr(ε,x)=nan | t=nans
   367 | base=0.916191 | val=0.477754 | acc1=0.8409 | Wμ=0.995 | Aμ=0.999 | Wmax=1.000 | Amax=1.000 |LR=4.3147e-13 | ‖g‖=nan | satA=nan | satW=nan | εμ=nan | εvar=nan | corr(ε,x)=nan | t=nans
   369 | base=0.849837 | val=0.490957 | acc1=0.8368 | Wμ=0.995 | Aμ=0.999 | Wmax=1.000 | Amax=1.000 |LR=3.7133e-13 | ‖g‖=nan | satA=nan | satW=nan | εμ=nan | εvar=nan | corr(ε,x)=nan | t=nans
   371 | base=0.847133 | val=0.490438 | acc1=0.8358 | Wμ=0.995 | Aμ=0.999 | Wmax=1.000 | Amax=1.000 |LR=3.1957e-13 | ‖g‖=nan | satA=nan | satW=nan | εμ=nan | εvar=nan | corr(ε,x)=nan | t=nans
   373 | base=0.918119 | val=0.490447 | acc1=0.8389 | Wμ=0.995 | Aμ=0.999 | Wmax=1.000 | Amax=1.000 |LR=2.7503e-13 | ‖g‖=nan | satA=nan | satW=nan | εμ=nan | εvar=nan | corr(ε,x)=nan | t=nans
   375 | base=0.867039 | val=0.479743 | acc1=0.8387 | Wμ=0.995 | Aμ=0.999 | Wmax=1.000 | Amax=1.000 |LR=2.3669e-13 | ‖g‖=nan | satA=nan | satW=nan | εμ=nan | εvar=nan | corr(ε,x)=nan | t=nans
   377 | base=0.912476 | val=0.477223 | acc1=0.8418 | Wμ=0.995 | Aμ=0.999 | Wmax=1.000 | Amax=1.000 |LR=2.037e-13 | ‖g‖=nan | satA=nan | satW=nan | εμ=nan | εvar=nan | corr(ε,x)=nan | t=nans
   379 | base=0.872477 | val=0.479543 | acc1=0.8396 | Wμ=0.995 | Aμ=0.999 | Wmax=1.000 | Amax=1.000 |LR=1.753e-13 | ‖g‖=nan | satA=nan | satW=nan | εμ=nan | εvar=nan | corr(ε,x)=nan | t=nans
   381 | base=0.945577 | val=0.481087 | acc1=0.8392 | Wμ=0.995 | Aμ=0.999 | Wmax=1.000 | Amax=1.000 |LR=1.5087e-13 | ‖g‖=nan | satA=nan | satW=nan | εμ=nan | εvar=nan | corr(ε,x)=nan | t=nans
   383 | base=0.907793 | val=0.489381 | acc1=0.8374 | Wμ=0.995 | Aμ=0.999 | Wmax=1.000 | Amax=1.000 |LR=1.2984e-13 | ‖g‖=nan | satA=nan | satW=nan | εμ=nan | εvar=nan | corr(ε,x)=nan | t=nans
   385 | base=0.894841 | val=0.479961 | acc1=0.8380 | Wμ=0.995 | Aμ=0.999 | Wmax=1.000 | Amax=1.000 |LR=1.1174e-13 | ‖g‖=nan | satA=nan | satW=nan | εμ=nan | εvar=nan | corr(ε,x)=nan | t=nans
   387 | base=0.952162 | val=0.484841 | acc1=0.8400 | Wμ=0.995 | Aμ=0.999 | Wmax=1.000 | Amax=1.000 |LR=9.6166e-14 | ‖g‖=nan | satA=nan | satW=nan | εμ=nan | εvar=nan | corr(ε,x)=nan | t=nans
   389 | base=0.889396 | val=0.484734 | acc1=0.8392 | Wμ=0.995 | Aμ=0.999 | Wmax=1.000 | Amax=1.000 |LR=8.2762e-14 | ‖g‖=nan | satA=nan | satW=nan | εμ=nan | εvar=nan | corr(ε,x)=nan | t=nans
   391 | base=0.869087 | val=0.483239 | acc1=0.8394 | Wμ=0.995 | Aμ=0.999 | Wmax=1.000 | Amax=1.000 |LR=7.1225e-14 | ‖g‖=nan | satA=nan | satW=nan | εμ=nan | εvar=nan | corr(ε,x)=nan | t=nans
   393 | base=0.883559 | val=0.476803 | acc1=0.8436 | Wμ=0.995 | Aμ=0.999 | Wmax=1.000 | Amax=1.000 |LR=6.1297e-14 | ‖g‖=nan | satA=nan | satW=nan | εμ=nan | εvar=nan | corr(ε,x)=nan | t=nans
