     0 | base=nan | val=0.236715 | acc1=nan | Wμ=nan | Aμ=nan | Wmax=nan | Amax=nan |LR=nan | ‖g‖=nan | satA=nan | satW=nan | εμ=nan | εvar=nan | corr(ε,x)=nan | t=nans
     0 | base=nan | val=0.236732 | acc1=0.9282 | Wμ=11.186 | Aμ=20.000 | Wmax=12.916 | Amax=13.744 |LR=nan | ‖g‖=nan | satA=nan | satW=nan | εμ=nan | εvar=nan | corr(ε,x)=nan | t=nans
     0 | base=nan | val=0.236786 | acc1=0.9281 | Wμ=9.786 | Aμ=20.000 | Wmax=10.000 | Amax=13.743 |LR=nan | ‖g‖=nan | satA=nan | satW=nan | εμ=nan | εvar=nan | corr(ε,x)=nan | t=nans
     0 | base=nan | val=0.236878 | acc1=0.9281 | Wμ=9.786 | Aμ=10.000 | Wmax=10.000 | Amax=9.994 |LR=nan | ‖g‖=nan | satA=nan | satW=nan | εμ=nan | εvar=nan | corr(ε,x)=nan | t=nans
# epoch | BaseLoss | ValLoss | Acc@1 | MeanWBits | MeanABits | MaxWBits | MaxABits | LR | GradNorm | WSat | ASat | NoiseMean | NoiseVar | NoiseCorr | Temp | EpochTime(s)
     0 | base=nan | val=0.213726 | acc1=0.9335 | Wμ=9.786 | Aμ=10.000 | Wmax=10.000 | Amax=10.000 |LR=nan | ‖g‖=nan | satA=nan | satW=nan | εμ=nan | εvar=nan | corr(ε,x)=nan | t=nans
     1 | base=0.004269 | val=0.241076 | acc1=0.9263 | Wμ=9.786 | Aμ=10.002 | Wmax=10.008 | Amax=9.997 |LR=0.00099 | ‖g‖=nan | satA=nan | satW=nan | εμ=nan | εvar=nan | corr(ε,x)=nan | t=nans
     3 | base=0.010319 | val=0.242740 | acc1=0.9252 | Wμ=9.788 | Aμ=10.010 | Wmax=10.039 | Amax=10.001 |LR=0.00199 | ‖g‖=nan | satA=nan | satW=nan | εμ=nan | εvar=nan | corr(ε,x)=nan | t=nans
     5 | base=0.041223 | val=0.277671 | acc1=0.9129 | Wμ=9.799 | Aμ=10.027 | Wmax=10.114 | Amax=10.031 |LR=0.00299 | ‖g‖=nan | satA=nan | satW=nan | εμ=nan | εvar=nan | corr(ε,x)=nan | t=nans
     7 | base=0.059154 | val=0.294036 | acc1=0.9059 | Wμ=9.832 | Aμ=10.046 | Wmax=10.264 | Amax=10.058 |LR=0.00399 | ‖g‖=nan | satA=nan | satW=nan | εμ=nan | εvar=nan | corr(ε,x)=nan | t=nans
     9 | base=0.147533 | val=0.339859 | acc1=0.8967 | Wμ=9.881 | Aμ=10.066 | Wmax=10.379 | Amax=10.097 |LR=0.00499 | ‖g‖=nan | satA=nan | satW=nan | εμ=nan | εvar=nan | corr(ε,x)=nan | t=nans
    11 | base=0.153326 | val=0.337575 | acc1=0.8956 | Wμ=9.941 | Aμ=10.063 | Wmax=10.638 | Amax=10.155 |LR=0.00599 | ‖g‖=nan | satA=nan | satW=nan | εμ=nan | εvar=nan | corr(ε,x)=nan | t=nans
    13 | base=0.204461 | val=0.349048 | acc1=0.8908 | Wμ=10.010 | Aμ=10.015 | Wmax=10.805 | Amax=10.272 |LR=0.00699 | ‖g‖=nan | satA=nan | satW=nan | εμ=nan | εvar=nan | corr(ε,x)=nan | t=nans
    15 | base=0.201312 | val=0.354004 | acc1=0.8858 | Wμ=10.106 | Aμ=10.012 | Wmax=11.066 | Amax=10.275 |LR=0.00799 | ‖g‖=nan | satA=nan | satW=nan | εμ=nan | εvar=nan | corr(ε,x)=nan | t=nans
    17 | base=0.205859 | val=0.333394 | acc1=0.8969 | Wμ=10.199 | Aμ=10.055 | Wmax=11.190 | Amax=10.274 |LR=0.00899 | ‖g‖=nan | satA=nan | satW=nan | εμ=nan | εvar=nan | corr(ε,x)=nan | t=nans
    19 | base=0.211623 | val=0.341318 | acc1=0.8936 | Wμ=10.319 | Aμ=10.081 | Wmax=11.335 | Amax=10.345 |LR=0.00999 | ‖g‖=nan | satA=nan | satW=nan | εμ=nan | εvar=nan | corr(ε,x)=nan | t=nans
    21 | base=0.198189 | val=0.317887 | acc1=0.8980 | Wμ=7.325 | Aμ=7.712 | Wmax=8.340 | Amax=9.356 |LR=0.01 | ‖g‖=nan | satA=nan | satW=nan | εμ=nan | εvar=nan | corr(ε,x)=nan | t=nans
    23 | base=0.201217 | val=0.414823 | acc1=0.8727 | Wμ=4.626 | Aμ=5.566 | Wmax=5.392 | Amax=7.459 |LR=0.01 | ‖g‖=nan | satA=nan | satW=nan | εμ=nan | εvar=nan | corr(ε,x)=nan | t=nans
    25 | base=0.403451 | val=0.538494 | acc1=0.8376 | Wμ=2.684 | Aμ=4.608 | Wmax=4.087 | Amax=5.907 |LR=0.01 | ‖g‖=nan | satA=nan | satW=nan | εμ=nan | εvar=nan | corr(ε,x)=nan | t=nans
    27 | base=0.653388 | val=1.064391 | acc1=0.6842 | Wμ=1.667 | Aμ=4.319 | Wmax=3.000 | Amax=5.585 |LR=0.01 | ‖g‖=nan | satA=nan | satW=nan | εμ=nan | εvar=nan | corr(ε,x)=nan | t=nans
    29 | base=0.746236 | val=0.776325 | acc1=0.7612 | Wμ=1.321 | Aμ=3.798 | Wmax=2.807 | Amax=4.858 |LR=0.01 | ‖g‖=nan | satA=nan | satW=nan | εμ=nan | εvar=nan | corr(ε,x)=nan | t=nans
    31 | base=0.686504 | val=0.865434 | acc1=0.7392 | Wμ=1.157 | Aμ=3.113 | Wmax=2.322 | Amax=4.000 |LR=0.01 | ‖g‖=nan | satA=nan | satW=nan | εμ=nan | εvar=nan | corr(ε,x)=nan | t=nans
    33 | base=0.728283 | val=1.008865 | acc1=0.7032 | Wμ=1.063 | Aμ=2.408 | Wmax=2.322 | Amax=3.000 |LR=0.01 | ‖g‖=nan | satA=nan | satW=nan | εμ=nan | εvar=nan | corr(ε,x)=nan | t=nans
    35 | base=0.995687 | val=1.291457 | acc1=0.6155 | Wμ=1.027 | Aμ=2.040 | Wmax=2.000 | Amax=2.322 |LR=0.01 | ‖g‖=nan | satA=nan | satW=nan | εμ=nan | εvar=nan | corr(ε,x)=nan | t=nans
    37 | base=1.055812 | val=1.148918 | acc1=0.6655 | Wμ=1.013 | Aμ=1.744 | Wmax=2.000 | Amax=2.000 |LR=0.01 | ‖g‖=nan | satA=nan | satW=nan | εμ=nan | εvar=nan | corr(ε,x)=nan | t=nans
    39 | base=1.029111 | val=1.043431 | acc1=0.6971 | Wμ=1.003 | Aμ=1.500 | Wmax=2.000 | Amax=2.000 |LR=0.01 | ‖g‖=nan | satA=nan | satW=nan | εμ=nan | εvar=nan | corr(ε,x)=nan | t=nans
    41 | base=1.289710 | val=0.959359 | acc1=0.6893 | Wμ=0.998 | Aμ=1.349 | Wmax=1.585 | Amax=1.585 |LR=0.01 | ‖g‖=nan | satA=nan | satW=nan | εμ=nan | εvar=nan | corr(ε,x)=nan | t=nans
    43 | base=1.332861 | val=1.108676 | acc1=0.6650 | Wμ=0.990 | Aμ=1.242 | Wmax=1.585 | Amax=1.585 |LR=0.01 | ‖g‖=nan | satA=nan | satW=nan | εμ=nan | εvar=nan | corr(ε,x)=nan | t=nans
    45 | base=1.284178 | val=1.196168 | acc1=0.5921 | Wμ=0.986 | Aμ=1.157 | Wmax=1.585 | Amax=1.585 |LR=0.01 | ‖g‖=nan | satA=nan | satW=nan | εμ=nan | εvar=nan | corr(ε,x)=nan | t=nans
    47 | base=1.391713 | val=1.101334 | acc1=0.6569 | Wμ=0.984 | Aμ=1.123 | Wmax=1.000 | Amax=1.585 |LR=0.01 | ‖g‖=nan | satA=nan | satW=nan | εμ=nan | εvar=nan | corr(ε,x)=nan | t=nans
    49 | base=1.301107 | val=0.757209 | acc1=0.7534 | Wμ=0.980 | Aμ=1.062 | Wmax=1.000 | Amax=1.585 |LR=0.01 | ‖g‖=nan | satA=nan | satW=nan | εμ=nan | εvar=nan | corr(ε,x)=nan | t=nans
    51 | base=1.498293 | val=1.951720 | acc1=0.4865 | Wμ=0.980 | Aμ=1.045 | Wmax=1.000 | Amax=1.000 |LR=0.01 | ‖g‖=nan | satA=nan | satW=nan | εμ=nan | εvar=nan | corr(ε,x)=nan | t=nans
    53 | base=1.276038 | val=0.982362 | acc1=0.6962 | Wμ=0.978 | Aμ=0.991 | Wmax=1.000 | Amax=1.000 |LR=0.008619 | ‖g‖=nan | satA=nan | satW=nan | εμ=nan | εvar=nan | corr(ε,x)=nan | t=nans
    55 | base=1.180979 | val=0.708883 | acc1=0.7590 | Wμ=0.978 | Aμ=0.992 | Wmax=1.000 | Amax=1.000 |LR=0.0074176 | ‖g‖=nan | satA=nan | satW=nan | εμ=nan | εvar=nan | corr(ε,x)=nan | t=nans
    57 | base=1.176230 | val=1.194919 | acc1=0.6354 | Wμ=0.979 | Aμ=0.987 | Wmax=1.000 | Amax=1.000 |LR=0.0063837 | ‖g‖=nan | satA=nan | satW=nan | εμ=nan | εvar=nan | corr(ε,x)=nan | t=nans
    59 | base=1.094666 | val=0.727782 | acc1=0.7665 | Wμ=0.980 | Aμ=0.989 | Wmax=1.000 | Amax=1.000 |LR=0.0054939 | ‖g‖=nan | satA=nan | satW=nan | εμ=nan | εvar=nan | corr(ε,x)=nan | t=nans
    61 | base=1.153733 | val=1.292602 | acc1=0.6288 | Wμ=0.981 | Aμ=0.988 | Wmax=1.000 | Amax=1.000 |LR=0.0047281 | ‖g‖=nan | satA=nan | satW=nan | εμ=nan | εvar=nan | corr(ε,x)=nan | t=nans
    63 | base=1.098375 | val=1.331294 | acc1=0.6046 | Wμ=0.981 | Aμ=0.982 | Wmax=1.000 | Amax=1.000 |LR=0.0040691 | ‖g‖=nan | satA=nan | satW=nan | εμ=nan | εvar=nan | corr(ε,x)=nan | t=nans
    65 | base=1.117978 | val=0.971872 | acc1=0.6994 | Wμ=0.981 | Aμ=0.991 | Wmax=1.000 | Amax=1.000 |LR=0.0035019 | ‖g‖=nan | satA=nan | satW=nan | εμ=nan | εvar=nan | corr(ε,x)=nan | t=nans
    67 | base=1.156395 | val=1.064186 | acc1=0.6705 | Wμ=0.982 | Aμ=0.989 | Wmax=1.000 | Amax=1.000 |LR=0.0030138 | ‖g‖=nan | satA=nan | satW=nan | εμ=nan | εvar=nan | corr(ε,x)=nan | t=nans
    69 | base=1.106901 | val=0.734411 | acc1=0.7646 | Wμ=0.983 | Aμ=0.988 | Wmax=1.000 | Amax=1.000 |LR=0.0025937 | ‖g‖=nan | satA=nan | satW=nan | εμ=nan | εvar=nan | corr(ε,x)=nan | t=nans
    71 | base=1.106315 | val=0.790950 | acc1=0.7447 | Wμ=0.984 | Aμ=0.989 | Wmax=1.000 | Amax=1.000 |LR=0.0022321 | ‖g‖=nan | satA=nan | satW=nan | εμ=nan | εvar=nan | corr(ε,x)=nan | t=nans
    73 | base=1.116096 | val=0.733662 | acc1=0.7547 | Wμ=0.984 | Aμ=0.990 | Wmax=1.000 | Amax=1.000 |LR=0.001921 | ‖g‖=nan | satA=nan | satW=nan | εμ=nan | εvar=nan | corr(ε,x)=nan | t=nans
    75 | base=1.104395 | val=0.725152 | acc1=0.7701 | Wμ=0.984 | Aμ=0.993 | Wmax=1.000 | Amax=1.000 |LR=0.0016532 | ‖g‖=nan | satA=nan | satW=nan | εμ=nan | εvar=nan | corr(ε,x)=nan | t=nans
    77 | base=1.082927 | val=0.788396 | acc1=0.7371 | Wμ=0.985 | Aμ=0.991 | Wmax=1.000 | Amax=1.000 |LR=0.0014228 | ‖g‖=nan | satA=nan | satW=nan | εμ=nan | εvar=nan | corr(ε,x)=nan | t=nans
    79 | base=1.093294 | val=0.791845 | acc1=0.7521 | Wμ=0.985 | Aμ=0.990 | Wmax=1.000 | Amax=1.000 |LR=0.0012245 | ‖g‖=nan | satA=nan | satW=nan | εμ=nan | εvar=nan | corr(ε,x)=nan | t=nans
    81 | base=1.012511 | val=0.758908 | acc1=0.7615 | Wμ=0.985 | Aμ=0.993 | Wmax=1.000 | Amax=1.000 |LR=0.0010538 | ‖g‖=nan | satA=nan | satW=nan | εμ=nan | εvar=nan | corr(ε,x)=nan | t=nans
    83 | base=1.033384 | val=0.809487 | acc1=0.7411 | Wμ=0.986 | Aμ=0.993 | Wmax=1.000 | Amax=1.000 |LR=0.00090691 | ‖g‖=nan | satA=nan | satW=nan | εμ=nan | εvar=nan | corr(ε,x)=nan | t=nans
    85 | base=1.057947 | val=0.685531 | acc1=0.7796 | Wμ=0.986 | Aμ=0.996 | Wmax=1.000 | Amax=1.000 |LR=0.00078049 | ‖g‖=nan | satA=nan | satW=nan | εμ=nan | εvar=nan | corr(ε,x)=nan | t=nans
    87 | base=1.048908 | val=0.774431 | acc1=0.7604 | Wμ=0.988 | Aμ=0.995 | Wmax=1.000 | Amax=1.000 |LR=0.0006717 | ‖g‖=nan | satA=nan | satW=nan | εμ=nan | εvar=nan | corr(ε,x)=nan | t=nans
    89 | base=1.006109 | val=0.723850 | acc1=0.7678 | Wμ=0.988 | Aμ=0.996 | Wmax=1.000 | Amax=1.000 |LR=0.00057807 | ‖g‖=nan | satA=nan | satW=nan | εμ=nan | εvar=nan | corr(ε,x)=nan | t=nans
    91 | base=0.941090 | val=0.745672 | acc1=0.7576 | Wμ=0.988 | Aμ=0.996 | Wmax=1.000 | Amax=1.000 |LR=0.0004975 | ‖g‖=nan | satA=nan | satW=nan | εμ=nan | εvar=nan | corr(ε,x)=nan | t=nans
    93 | base=1.069625 | val=0.825769 | acc1=0.7317 | Wμ=0.989 | Aμ=0.995 | Wmax=1.000 | Amax=1.000 |LR=0.00042815 | ‖g‖=nan | satA=nan | satW=nan | εμ=nan | εvar=nan | corr(ε,x)=nan | t=nans
    95 | base=0.977779 | val=0.586765 | acc1=0.8076 | Wμ=0.990 | Aμ=0.995 | Wmax=1.000 | Amax=1.000 |LR=0.00036847 | ‖g‖=nan | satA=nan | satW=nan | εμ=nan | εvar=nan | corr(ε,x)=nan | t=nans
    97 | base=0.979651 | val=0.623435 | acc1=0.7959 | Wμ=0.990 | Aμ=0.996 | Wmax=1.000 | Amax=1.000 |LR=0.00031711 | ‖g‖=nan | satA=nan | satW=nan | εμ=nan | εvar=nan | corr(ε,x)=nan | t=nans
    99 | base=1.097433 | val=0.641471 | acc1=0.7907 | Wμ=0.990 | Aμ=0.996 | Wmax=1.000 | Amax=1.000 |LR=0.00027291 | ‖g‖=nan | satA=nan | satW=nan | εμ=nan | εvar=nan | corr(ε,x)=nan | t=nans
   101 | base=1.006876 | val=0.561167 | acc1=0.8178 | Wμ=0.990 | Aμ=0.996 | Wmax=1.000 | Amax=1.000 |LR=0.00023487 | ‖g‖=nan | satA=nan | satW=nan | εμ=nan | εvar=nan | corr(ε,x)=nan | t=nans
   103 | base=1.019527 | val=0.720204 | acc1=0.7715 | Wμ=0.991 | Aμ=0.997 | Wmax=1.000 | Amax=1.000 |LR=0.00020213 | ‖g‖=nan | satA=nan | satW=nan | εμ=nan | εvar=nan | corr(ε,x)=nan | t=nans
   105 | base=0.988057 | val=0.541007 | acc1=0.8181 | Wμ=0.991 | Aμ=0.997 | Wmax=1.000 | Amax=1.000 |LR=0.00017396 | ‖g‖=nan | satA=nan | satW=nan | εμ=nan | εvar=nan | corr(ε,x)=nan | t=nans
   107 | base=0.988434 | val=0.702045 | acc1=0.7738 | Wμ=0.992 | Aμ=0.998 | Wmax=1.000 | Amax=1.000 |LR=0.00014971 | ‖g‖=nan | satA=nan | satW=nan | εμ=nan | εvar=nan | corr(ε,x)=nan | t=nans
   109 | base=1.042151 | val=0.570074 | acc1=0.8067 | Wμ=0.992 | Aμ=0.997 | Wmax=1.000 | Amax=1.000 |LR=0.00012884 | ‖g‖=nan | satA=nan | satW=nan | εμ=nan | εvar=nan | corr(ε,x)=nan | t=nans
   111 | base=0.931978 | val=0.529695 | acc1=0.8261 | Wμ=0.992 | Aμ=0.997 | Wmax=1.000 | Amax=1.000 |LR=0.00011088 | ‖g‖=nan | satA=nan | satW=nan | εμ=nan | εvar=nan | corr(ε,x)=nan | t=nans
   113 | base=0.950102 | val=0.728470 | acc1=0.7645 | Wμ=0.992 | Aμ=0.998 | Wmax=1.000 | Amax=1.000 |LR=9.5426e-05 | ‖g‖=nan | satA=nan | satW=nan | εμ=nan | εvar=nan | corr(ε,x)=nan | t=nans
   115 | base=0.966194 | val=0.583688 | acc1=0.8140 | Wμ=0.993 | Aμ=0.998 | Wmax=1.000 | Amax=1.000 |LR=8.2125e-05 | ‖g‖=nan | satA=nan | satW=nan | εμ=nan | εvar=nan | corr(ε,x)=nan | t=nans
   117 | base=0.938773 | val=0.523422 | acc1=0.8257 | Wμ=0.993 | Aμ=0.998 | Wmax=1.000 | Amax=1.000 |LR=7.0677e-05 | ‖g‖=nan | satA=nan | satW=nan | εμ=nan | εvar=nan | corr(ε,x)=nan | t=nans
   119 | base=0.946354 | val=0.658606 | acc1=0.7911 | Wμ=0.993 | Aμ=0.998 | Wmax=1.000 | Amax=1.000 |LR=6.0826e-05 | ‖g‖=nan | satA=nan | satW=nan | εμ=nan | εvar=nan | corr(ε,x)=nan | t=nans
   121 | base=1.007434 | val=0.589682 | acc1=0.8081 | Wμ=0.993 | Aμ=0.998 | Wmax=1.000 | Amax=1.000 |LR=5.2347e-05 | ‖g‖=nan | satA=nan | satW=nan | εμ=nan | εvar=nan | corr(ε,x)=nan | t=nans
   123 | base=0.950441 | val=0.545207 | acc1=0.8245 | Wμ=0.993 | Aμ=0.998 | Wmax=1.000 | Amax=1.000 |LR=4.5051e-05 | ‖g‖=nan | satA=nan | satW=nan | εμ=nan | εvar=nan | corr(ε,x)=nan | t=nans
   125 | base=0.897108 | val=0.652359 | acc1=0.7868 | Wμ=0.993 | Aμ=0.998 | Wmax=1.000 | Amax=1.000 |LR=3.8771e-05 | ‖g‖=nan | satA=nan | satW=nan | εμ=nan | εvar=nan | corr(ε,x)=nan | t=nans
   127 | base=0.939486 | val=0.607981 | acc1=0.8036 | Wμ=0.994 | Aμ=0.998 | Wmax=1.000 | Amax=1.000 |LR=3.3367e-05 | ‖g‖=nan | satA=nan | satW=nan | εμ=nan | εvar=nan | corr(ε,x)=nan | t=nans
   129 | base=0.946329 | val=0.678231 | acc1=0.7859 | Wμ=0.994 | Aμ=0.999 | Wmax=1.000 | Amax=1.000 |LR=2.8716e-05 | ‖g‖=nan | satA=nan | satW=nan | εμ=nan | εvar=nan | corr(ε,x)=nan | t=nans
   131 | base=0.874036 | val=0.597997 | acc1=0.8070 | Wμ=0.994 | Aμ=0.999 | Wmax=1.000 | Amax=1.000 |LR=2.4713e-05 | ‖g‖=nan | satA=nan | satW=nan | εμ=nan | εvar=nan | corr(ε,x)=nan | t=nans
   133 | base=1.012275 | val=0.648862 | acc1=0.7910 | Wμ=0.994 | Aμ=0.999 | Wmax=1.000 | Amax=1.000 |LR=2.1268e-05 | ‖g‖=nan | satA=nan | satW=nan | εμ=nan | εvar=nan | corr(ε,x)=nan | t=nans
   135 | base=0.991140 | val=0.566164 | acc1=0.8154 | Wμ=0.994 | Aμ=0.999 | Wmax=1.000 | Amax=1.000 |LR=1.8304e-05 | ‖g‖=nan | satA=nan | satW=nan | εμ=nan | εvar=nan | corr(ε,x)=nan | t=nans
   137 | base=0.934792 | val=0.579551 | acc1=0.8123 | Wμ=0.994 | Aμ=0.999 | Wmax=1.000 | Amax=1.000 |LR=1.5753e-05 | ‖g‖=nan | satA=nan | satW=nan | εμ=nan | εvar=nan | corr(ε,x)=nan | t=nans
   139 | base=0.951154 | val=0.547484 | acc1=0.8210 | Wμ=0.994 | Aμ=0.999 | Wmax=1.000 | Amax=1.000 |LR=1.3557e-05 | ‖g‖=nan | satA=nan | satW=nan | εμ=nan | εvar=nan | corr(ε,x)=nan | t=nans
   141 | base=0.968899 | val=0.477274 | acc1=0.8376 | Wμ=0.994 | Aμ=0.999 | Wmax=1.000 | Amax=1.000 |LR=1.1667e-05 | ‖g‖=nan | satA=nan | satW=nan | εμ=nan | εvar=nan | corr(ε,x)=nan | t=nans
   143 | base=0.910881 | val=0.577238 | acc1=0.8099 | Wμ=0.994 | Aμ=0.999 | Wmax=1.000 | Amax=1.000 |LR=1.0041e-05 | ‖g‖=nan | satA=nan | satW=nan | εμ=nan | εvar=nan | corr(ε,x)=nan | t=nans
   145 | base=0.944413 | val=0.519844 | acc1=0.8227 | Wμ=0.994 | Aμ=0.999 | Wmax=1.000 | Amax=1.000 |LR=8.6413e-06 | ‖g‖=nan | satA=nan | satW=nan | εμ=nan | εvar=nan | corr(ε,x)=nan | t=nans
   147 | base=0.923105 | val=0.525019 | acc1=0.8300 | Wμ=0.994 | Aμ=0.999 | Wmax=1.000 | Amax=1.000 |LR=7.4368e-06 | ‖g‖=nan | satA=nan | satW=nan | εμ=nan | εvar=nan | corr(ε,x)=nan | t=nans
   149 | base=0.958311 | val=0.548632 | acc1=0.8182 | Wμ=0.994 | Aμ=0.999 | Wmax=1.000 | Amax=1.000 |LR=6.4002e-06 | ‖g‖=nan | satA=nan | satW=nan | εμ=nan | εvar=nan | corr(ε,x)=nan | t=nans
   151 | base=0.972000 | val=0.518214 | acc1=0.8316 | Wμ=0.994 | Aμ=0.999 | Wmax=1.000 | Amax=1.000 |LR=5.5081e-06 | ‖g‖=nan | satA=nan | satW=nan | εμ=nan | εvar=nan | corr(ε,x)=nan | t=nans
   153 | base=0.881018 | val=0.518114 | acc1=0.8268 | Wμ=0.994 | Aμ=0.999 | Wmax=1.000 | Amax=1.000 |LR=4.7403e-06 | ‖g‖=nan | satA=nan | satW=nan | εμ=nan | εvar=nan | corr(ε,x)=nan | t=nans
   155 | base=0.933042 | val=0.524090 | acc1=0.8307 | Wμ=0.994 | Aμ=0.999 | Wmax=1.000 | Amax=1.000 |LR=4.0795e-06 | ‖g‖=nan | satA=nan | satW=nan | εμ=nan | εvar=nan | corr(ε,x)=nan | t=nans
   157 | base=0.900890 | val=0.566760 | acc1=0.8151 | Wμ=0.994 | Aμ=0.999 | Wmax=1.000 | Amax=1.000 |LR=3.5109e-06 | ‖g‖=nan | satA=nan | satW=nan | εμ=nan | εvar=nan | corr(ε,x)=nan | t=nans
   159 | base=0.941968 | val=0.508384 | acc1=0.8302 | Wμ=0.994 | Aμ=0.999 | Wmax=1.000 | Amax=1.000 |LR=3.0215e-06 | ‖g‖=nan | satA=nan | satW=nan | εμ=nan | εvar=nan | corr(ε,x)=nan | t=nans
   161 | base=0.912692 | val=0.541032 | acc1=0.8182 | Wμ=0.995 | Aμ=0.999 | Wmax=1.000 | Amax=1.000 |LR=2.6004e-06 | ‖g‖=nan | satA=nan | satW=nan | εμ=nan | εvar=nan | corr(ε,x)=nan | t=nans
   163 | base=0.944433 | val=0.544496 | acc1=0.8242 | Wμ=0.995 | Aμ=0.999 | Wmax=1.000 | Amax=1.000 |LR=2.2379e-06 | ‖g‖=nan | satA=nan | satW=nan | εμ=nan | εvar=nan | corr(ε,x)=nan | t=nans
   165 | base=0.913655 | val=0.498713 | acc1=0.8328 | Wμ=0.995 | Aμ=0.999 | Wmax=1.000 | Amax=1.000 |LR=1.926e-06 | ‖g‖=nan | satA=nan | satW=nan | εμ=nan | εvar=nan | corr(ε,x)=nan | t=nans
   167 | base=0.820523 | val=0.530942 | acc1=0.8239 | Wμ=0.995 | Aμ=0.999 | Wmax=1.000 | Amax=1.000 |LR=1.6575e-06 | ‖g‖=nan | satA=nan | satW=nan | εμ=nan | εvar=nan | corr(ε,x)=nan | t=nans
   169 | base=0.946225 | val=0.509616 | acc1=0.8282 | Wμ=0.995 | Aμ=0.999 | Wmax=1.000 | Amax=1.000 |LR=1.4265e-06 | ‖g‖=nan | satA=nan | satW=nan | εμ=nan | εvar=nan | corr(ε,x)=nan | t=nans
   171 | base=0.904717 | val=0.495849 | acc1=0.8356 | Wμ=0.995 | Aμ=0.999 | Wmax=1.000 | Amax=1.000 |LR=1.2276e-06 | ‖g‖=nan | satA=nan | satW=nan | εμ=nan | εvar=nan | corr(ε,x)=nan | t=nans
   173 | base=0.924099 | val=0.499318 | acc1=0.8339 | Wμ=0.995 | Aμ=0.999 | Wmax=1.000 | Amax=1.000 |LR=1.0565e-06 | ‖g‖=nan | satA=nan | satW=nan | εμ=nan | εvar=nan | corr(ε,x)=nan | t=nans
   175 | base=0.894869 | val=0.516536 | acc1=0.8314 | Wμ=0.995 | Aμ=0.999 | Wmax=1.000 | Amax=1.000 |LR=9.0925e-07 | ‖g‖=nan | satA=nan | satW=nan | εμ=nan | εvar=nan | corr(ε,x)=nan | t=nans
   177 | base=0.927219 | val=0.536257 | acc1=0.8256 | Wμ=0.995 | Aμ=0.999 | Wmax=1.000 | Amax=1.000 |LR=7.8251e-07 | ‖g‖=nan | satA=nan | satW=nan | εμ=nan | εvar=nan | corr(ε,x)=nan | t=nans
   179 | base=0.878903 | val=0.576143 | acc1=0.8102 | Wμ=0.995 | Aμ=0.999 | Wmax=1.000 | Amax=1.000 |LR=6.7343e-07 | ‖g‖=nan | satA=nan | satW=nan | εμ=nan | εvar=nan | corr(ε,x)=nan | t=nans
   181 | base=0.883977 | val=0.525791 | acc1=0.8242 | Wμ=0.995 | Aμ=0.999 | Wmax=1.000 | Amax=1.000 |LR=5.7956e-07 | ‖g‖=nan | satA=nan | satW=nan | εμ=nan | εvar=nan | corr(ε,x)=nan | t=nans
   183 | base=0.941873 | val=0.524186 | acc1=0.8264 | Wμ=0.995 | Aμ=0.999 | Wmax=1.000 | Amax=1.000 |LR=4.9878e-07 | ‖g‖=nan | satA=nan | satW=nan | εμ=nan | εvar=nan | corr(ε,x)=nan | t=nans
   185 | base=0.878006 | val=0.491509 | acc1=0.8362 | Wμ=0.995 | Aμ=0.999 | Wmax=1.000 | Amax=1.000 |LR=4.2926e-07 | ‖g‖=nan | satA=nan | satW=nan | εμ=nan | εvar=nan | corr(ε,x)=nan | t=nans
   187 | base=0.909241 | val=0.512590 | acc1=0.8319 | Wμ=0.995 | Aμ=0.999 | Wmax=1.000 | Amax=1.000 |LR=3.6942e-07 | ‖g‖=nan | satA=nan | satW=nan | εμ=nan | εvar=nan | corr(ε,x)=nan | t=nans
   189 | base=0.991800 | val=0.539330 | acc1=0.8204 | Wμ=0.995 | Aμ=0.999 | Wmax=1.000 | Amax=1.000 |LR=3.1793e-07 | ‖g‖=nan | satA=nan | satW=nan | εμ=nan | εvar=nan | corr(ε,x)=nan | t=nans
   191 | base=0.920765 | val=0.526571 | acc1=0.8242 | Wμ=0.995 | Aμ=0.999 | Wmax=1.000 | Amax=1.000 |LR=2.7361e-07 | ‖g‖=nan | satA=nan | satW=nan | εμ=nan | εvar=nan | corr(ε,x)=nan | t=nans
   193 | base=0.941360 | val=0.515871 | acc1=0.8289 | Wμ=0.995 | Aμ=0.999 | Wmax=1.000 | Amax=1.000 |LR=2.3547e-07 | ‖g‖=nan | satA=nan | satW=nan | εμ=nan | εvar=nan | corr(ε,x)=nan | t=nans
   195 | base=0.861353 | val=0.480666 | acc1=0.8397 | Wμ=0.995 | Aμ=0.999 | Wmax=1.000 | Amax=1.000 |LR=2.0265e-07 | ‖g‖=nan | satA=nan | satW=nan | εμ=nan | εvar=nan | corr(ε,x)=nan | t=nans
   197 | base=0.888133 | val=0.550897 | acc1=0.8204 | Wμ=0.995 | Aμ=0.999 | Wmax=1.000 | Amax=1.000 |LR=1.744e-07 | ‖g‖=nan | satA=nan | satW=nan | εμ=nan | εvar=nan | corr(ε,x)=nan | t=nans
   199 | base=0.894341 | val=0.513153 | acc1=0.8259 | Wμ=0.995 | Aμ=0.999 | Wmax=1.000 | Amax=1.000 |LR=1.5009e-07 | ‖g‖=nan | satA=nan | satW=nan | εμ=nan | εvar=nan | corr(ε,x)=nan | t=nans
   201 | base=0.933838 | val=0.485068 | acc1=0.8357 | Wμ=0.995 | Aμ=0.999 | Wmax=1.000 | Amax=1.000 |LR=1.2917e-07 | ‖g‖=nan | satA=nan | satW=nan | εμ=nan | εvar=nan | corr(ε,x)=nan | t=nans
   203 | base=0.875167 | val=0.493406 | acc1=0.8358 | Wμ=0.995 | Aμ=0.999 | Wmax=1.000 | Amax=1.000 |LR=1.1117e-07 | ‖g‖=nan | satA=nan | satW=nan | εμ=nan | εvar=nan | corr(ε,x)=nan | t=nans
   205 | base=0.902311 | val=0.501130 | acc1=0.8307 | Wμ=0.995 | Aμ=0.999 | Wmax=1.000 | Amax=1.000 |LR=9.5672e-08 | ‖g‖=nan | satA=nan | satW=nan | εμ=nan | εvar=nan | corr(ε,x)=nan | t=nans
   207 | base=0.959097 | val=0.495625 | acc1=0.8369 | Wμ=0.995 | Aμ=0.999 | Wmax=1.000 | Amax=1.000 |LR=8.2336e-08 | ‖g‖=nan | satA=nan | satW=nan | εμ=nan | εvar=nan | corr(ε,x)=nan | t=nans
   209 | base=0.872512 | val=0.528759 | acc1=0.8194 | Wμ=0.995 | Aμ=0.999 | Wmax=1.000 | Amax=1.000 |LR=7.086e-08 | ‖g‖=nan | satA=nan | satW=nan | εμ=nan | εvar=nan | corr(ε,x)=nan | t=nans
   211 | base=0.923244 | val=0.494516 | acc1=0.8358 | Wμ=0.995 | Aμ=0.999 | Wmax=1.000 | Amax=1.000 |LR=6.0983e-08 | ‖g‖=nan | satA=nan | satW=nan | εμ=nan | εvar=nan | corr(ε,x)=nan | t=nans
   213 | base=0.962853 | val=0.502612 | acc1=0.8332 | Wμ=0.995 | Aμ=0.999 | Wmax=1.000 | Amax=1.000 |LR=5.2482e-08 | ‖g‖=nan | satA=nan | satW=nan | εμ=nan | εvar=nan | corr(ε,x)=nan | t=nans
   215 | base=0.879552 | val=0.486983 | acc1=0.8374 | Wμ=0.995 | Aμ=0.999 | Wmax=1.000 | Amax=1.000 |LR=4.5167e-08 | ‖g‖=nan | satA=nan | satW=nan | εμ=nan | εvar=nan | corr(ε,x)=nan | t=nans
   217 | base=0.931848 | val=0.515806 | acc1=0.8260 | Wμ=0.995 | Aμ=0.999 | Wmax=1.000 | Amax=1.000 |LR=3.8871e-08 | ‖g‖=nan | satA=nan | satW=nan | εμ=nan | εvar=nan | corr(ε,x)=nan | t=nans
   219 | base=0.906076 | val=0.503921 | acc1=0.8296 | Wμ=0.995 | Aμ=0.999 | Wmax=1.000 | Amax=1.000 |LR=3.3453e-08 | ‖g‖=nan | satA=nan | satW=nan | εμ=nan | εvar=nan | corr(ε,x)=nan | t=nans
   221 | base=0.933638 | val=0.501323 | acc1=0.8364 | Wμ=0.995 | Aμ=0.999 | Wmax=1.000 | Amax=1.000 |LR=2.879e-08 | ‖g‖=nan | satA=nan | satW=nan | εμ=nan | εvar=nan | corr(ε,x)=nan | t=nans
   223 | base=0.894697 | val=0.525747 | acc1=0.8310 | Wμ=0.995 | Aμ=0.999 | Wmax=1.000 | Amax=1.000 |LR=2.4777e-08 | ‖g‖=nan | satA=nan | satW=nan | εμ=nan | εvar=nan | corr(ε,x)=nan | t=nans
   225 | base=0.905461 | val=0.522142 | acc1=0.8264 | Wμ=0.995 | Aμ=0.999 | Wmax=1.000 | Amax=1.000 |LR=2.1323e-08 | ‖g‖=nan | satA=nan | satW=nan | εμ=nan | εvar=nan | corr(ε,x)=nan | t=nans
   227 | base=0.934657 | val=0.508970 | acc1=0.8303 | Wμ=0.995 | Aμ=0.999 | Wmax=1.000 | Amax=1.000 |LR=1.8351e-08 | ‖g‖=nan | satA=nan | satW=nan | εμ=nan | εvar=nan | corr(ε,x)=nan | t=nans
   229 | base=0.911833 | val=0.524229 | acc1=0.8273 | Wμ=0.995 | Aμ=0.999 | Wmax=1.000 | Amax=1.000 |LR=1.5793e-08 | ‖g‖=nan | satA=nan | satW=nan | εμ=nan | εvar=nan | corr(ε,x)=nan | t=nans
   231 | base=0.975345 | val=0.516153 | acc1=0.8268 | Wμ=0.995 | Aμ=0.999 | Wmax=1.000 | Amax=1.000 |LR=1.3592e-08 | ‖g‖=nan | satA=nan | satW=nan | εμ=nan | εvar=nan | corr(ε,x)=nan | t=nans
   233 | base=0.930345 | val=0.528027 | acc1=0.8293 | Wμ=0.995 | Aμ=0.999 | Wmax=1.000 | Amax=1.000 |LR=1.1697e-08 | ‖g‖=nan | satA=nan | satW=nan | εμ=nan | εvar=nan | corr(ε,x)=nan | t=nans
   235 | base=0.953517 | val=0.509314 | acc1=0.8343 | Wμ=0.995 | Aμ=0.999 | Wmax=1.000 | Amax=1.000 |LR=1.0067e-08 | ‖g‖=nan | satA=nan | satW=nan | εμ=nan | εvar=nan | corr(ε,x)=nan | t=nans
   237 | base=0.868677 | val=0.525221 | acc1=0.8240 | Wμ=0.995 | Aμ=0.999 | Wmax=1.000 | Amax=1.000 |LR=8.6635e-09 | ‖g‖=nan | satA=nan | satW=nan | εμ=nan | εvar=nan | corr(ε,x)=nan | t=nans
   239 | base=0.991473 | val=0.486697 | acc1=0.8369 | Wμ=0.995 | Aμ=0.999 | Wmax=1.000 | Amax=1.000 |LR=7.4559e-09 | ‖g‖=nan | satA=nan | satW=nan | εμ=nan | εvar=nan | corr(ε,x)=nan | t=nans
   241 | base=0.929598 | val=0.517720 | acc1=0.8268 | Wμ=0.995 | Aμ=0.999 | Wmax=1.000 | Amax=1.000 |LR=6.4167e-09 | ‖g‖=nan | satA=nan | satW=nan | εμ=nan | εvar=nan | corr(ε,x)=nan | t=nans
   243 | base=0.830671 | val=0.485990 | acc1=0.8419 | Wμ=0.995 | Aμ=0.999 | Wmax=1.000 | Amax=1.000 |LR=5.5223e-09 | ‖g‖=nan | satA=nan | satW=nan | εμ=nan | εvar=nan | corr(ε,x)=nan | t=nans
   245 | base=0.908567 | val=0.486124 | acc1=0.8391 | Wμ=0.995 | Aμ=0.999 | Wmax=1.000 | Amax=1.000 |LR=4.7525e-09 | ‖g‖=nan | satA=nan | satW=nan | εμ=nan | εvar=nan | corr(ε,x)=nan | t=nans
   247 | base=0.965488 | val=0.490716 | acc1=0.8383 | Wμ=0.995 | Aμ=0.999 | Wmax=1.000 | Amax=1.000 |LR=4.0901e-09 | ‖g‖=nan | satA=nan | satW=nan | εμ=nan | εvar=nan | corr(ε,x)=nan | t=nans
   249 | base=0.913273 | val=0.504508 | acc1=0.8331 | Wμ=0.995 | Aμ=0.999 | Wmax=1.000 | Amax=1.000 |LR=3.52e-09 | ‖g‖=nan | satA=nan | satW=nan | εμ=nan | εvar=nan | corr(ε,x)=nan | t=nans
   251 | base=0.863639 | val=0.489175 | acc1=0.8389 | Wμ=0.995 | Aμ=0.999 | Wmax=1.000 | Amax=1.000 |LR=3.0293e-09 | ‖g‖=nan | satA=nan | satW=nan | εμ=nan | εvar=nan | corr(ε,x)=nan | t=nans
   253 | base=0.921206 | val=0.521942 | acc1=0.8253 | Wμ=0.995 | Aμ=0.999 | Wmax=1.000 | Amax=1.000 |LR=2.6071e-09 | ‖g‖=nan | satA=nan | satW=nan | εμ=nan | εvar=nan | corr(ε,x)=nan | t=nans
   255 | base=0.942662 | val=0.492704 | acc1=0.8353 | Wμ=0.995 | Aμ=0.999 | Wmax=1.000 | Amax=1.000 |LR=2.2437e-09 | ‖g‖=nan | satA=nan | satW=nan | εμ=nan | εvar=nan | corr(ε,x)=nan | t=nans
   257 | base=0.898947 | val=0.483614 | acc1=0.8386 | Wμ=0.995 | Aμ=0.999 | Wmax=1.000 | Amax=1.000 |LR=1.9309e-09 | ‖g‖=nan | satA=nan | satW=nan | εμ=nan | εvar=nan | corr(ε,x)=nan | t=nans
   259 | base=0.905450 | val=0.481320 | acc1=0.8396 | Wμ=0.995 | Aμ=0.999 | Wmax=1.000 | Amax=1.000 |LR=1.6618e-09 | ‖g‖=nan | satA=nan | satW=nan | εμ=nan | εvar=nan | corr(ε,x)=nan | t=nans
   261 | base=0.908787 | val=0.493090 | acc1=0.8426 | Wμ=0.995 | Aμ=0.999 | Wmax=1.000 | Amax=1.000 |LR=1.4301e-09 | ‖g‖=nan | satA=nan | satW=nan | εμ=nan | εvar=nan | corr(ε,x)=nan | t=nans
   263 | base=0.937040 | val=0.484216 | acc1=0.8357 | Wμ=0.995 | Aμ=0.999 | Wmax=1.000 | Amax=1.000 |LR=1.2308e-09 | ‖g‖=nan | satA=nan | satW=nan | εμ=nan | εvar=nan | corr(ε,x)=nan | t=nans
   265 | base=0.939290 | val=0.475164 | acc1=0.8412 | Wμ=0.995 | Aμ=0.999 | Wmax=1.000 | Amax=1.000 |LR=1.0592e-09 | ‖g‖=nan | satA=nan | satW=nan | εμ=nan | εvar=nan | corr(ε,x)=nan | t=nans
   267 | base=0.851134 | val=0.491056 | acc1=0.8374 | Wμ=0.995 | Aμ=0.999 | Wmax=1.000 | Amax=1.000 |LR=9.1159e-10 | ‖g‖=nan | satA=nan | satW=nan | εμ=nan | εvar=nan | corr(ε,x)=nan | t=nans
   269 | base=0.888389 | val=0.474891 | acc1=0.8425 | Wμ=0.995 | Aμ=0.999 | Wmax=1.000 | Amax=1.000 |LR=7.8452e-10 | ‖g‖=nan | satA=nan | satW=nan | εμ=nan | εvar=nan | corr(ε,x)=nan | t=nans
   271 | base=0.891114 | val=0.488219 | acc1=0.8381 | Wμ=0.995 | Aμ=0.999 | Wmax=1.000 | Amax=1.000 |LR=6.7517e-10 | ‖g‖=nan | satA=nan | satW=nan | εμ=nan | εvar=nan | corr(ε,x)=nan | t=nans
   273 | base=0.884020 | val=0.486854 | acc1=0.8400 | Wμ=0.995 | Aμ=0.999 | Wmax=1.000 | Amax=1.000 |LR=5.8106e-10 | ‖g‖=nan | satA=nan | satW=nan | εμ=nan | εvar=nan | corr(ε,x)=nan | t=nans
   275 | base=0.886785 | val=0.487817 | acc1=0.8406 | Wμ=0.995 | Aμ=0.999 | Wmax=1.000 | Amax=1.000 |LR=5.0007e-10 | ‖g‖=nan | satA=nan | satW=nan | εμ=nan | εvar=nan | corr(ε,x)=nan | t=nans
   277 | base=0.955423 | val=0.481106 | acc1=0.8374 | Wμ=0.995 | Aμ=0.999 | Wmax=1.000 | Amax=1.000 |LR=4.3036e-10 | ‖g‖=nan | satA=nan | satW=nan | εμ=nan | εvar=nan | corr(ε,x)=nan | t=nans
   279 | base=0.955486 | val=0.472017 | acc1=0.8426 | Wμ=0.995 | Aμ=0.999 | Wmax=1.000 | Amax=1.000 |LR=3.7037e-10 | ‖g‖=nan | satA=nan | satW=nan | εμ=nan | εvar=nan | corr(ε,x)=nan | t=nans
   281 | base=0.856470 | val=0.482687 | acc1=0.8368 | Wμ=0.995 | Aμ=0.999 | Wmax=1.000 | Amax=1.000 |LR=3.1875e-10 | ‖g‖=nan | satA=nan | satW=nan | εμ=nan | εvar=nan | corr(ε,x)=nan | t=nans
   283 | base=0.957309 | val=0.487206 | acc1=0.8394 | Wμ=0.995 | Aμ=0.999 | Wmax=1.000 | Amax=1.000 |LR=2.7432e-10 | ‖g‖=nan | satA=nan | satW=nan | εμ=nan | εvar=nan | corr(ε,x)=nan | t=nans
   285 | base=0.892847 | val=0.472004 | acc1=0.8397 | Wμ=0.995 | Aμ=0.999 | Wmax=1.000 | Amax=1.000 |LR=2.3608e-10 | ‖g‖=nan | satA=nan | satW=nan | εμ=nan | εvar=nan | corr(ε,x)=nan | t=nans
   287 | base=1.041579 | val=0.477795 | acc1=0.8383 | Wμ=0.995 | Aμ=0.999 | Wmax=1.000 | Amax=1.000 |LR=2.0317e-10 | ‖g‖=nan | satA=nan | satW=nan | εμ=nan | εvar=nan | corr(ε,x)=nan | t=nans
   289 | base=0.884064 | val=0.472908 | acc1=0.8403 | Wμ=0.995 | Aμ=0.999 | Wmax=1.000 | Amax=1.000 |LR=1.7485e-10 | ‖g‖=nan | satA=nan | satW=nan | εμ=nan | εvar=nan | corr(ε,x)=nan | t=nans
   291 | base=0.884961 | val=0.487378 | acc1=0.8338 | Wμ=0.995 | Aμ=0.999 | Wmax=1.000 | Amax=1.000 |LR=1.5048e-10 | ‖g‖=nan | satA=nan | satW=nan | εμ=nan | εvar=nan | corr(ε,x)=nan | t=nans
   293 | base=0.885155 | val=0.485679 | acc1=0.8416 | Wμ=0.995 | Aμ=0.999 | Wmax=1.000 | Amax=1.000 |LR=1.2951e-10 | ‖g‖=nan | satA=nan | satW=nan | εμ=nan | εvar=nan | corr(ε,x)=nan | t=nans
   295 | base=0.965931 | val=0.476088 | acc1=0.8402 | Wμ=0.995 | Aμ=0.999 | Wmax=1.000 | Amax=1.000 |LR=1.1145e-10 | ‖g‖=nan | satA=nan | satW=nan | εμ=nan | εvar=nan | corr(ε,x)=nan | t=nans
   297 | base=0.907255 | val=0.466725 | acc1=0.8452 | Wμ=0.995 | Aμ=0.999 | Wmax=1.000 | Amax=1.000 |LR=9.5919e-11 | ‖g‖=nan | satA=nan | satW=nan | εμ=nan | εvar=nan | corr(ε,x)=nan | t=nans
   299 | base=0.891232 | val=0.476909 | acc1=0.8412 | Wμ=0.995 | Aμ=0.999 | Wmax=1.000 | Amax=1.000 |LR=8.2549e-11 | ‖g‖=nan | satA=nan | satW=nan | εμ=nan | εvar=nan | corr(ε,x)=nan | t=nans
   301 | base=0.900938 | val=0.473846 | acc1=0.8393 | Wμ=0.995 | Aμ=0.999 | Wmax=1.000 | Amax=1.000 |LR=7.1042e-11 | ‖g‖=nan | satA=nan | satW=nan | εμ=nan | εvar=nan | corr(ε,x)=nan | t=nans
   303 | base=0.840079 | val=0.468006 | acc1=0.8449 | Wμ=0.995 | Aμ=0.999 | Wmax=1.000 | Amax=1.000 |LR=6.114e-11 | ‖g‖=nan | satA=nan | satW=nan | εμ=nan | εvar=nan | corr(ε,x)=nan | t=nans
   305 | base=0.932666 | val=0.472168 | acc1=0.8430 | Wμ=0.995 | Aμ=0.999 | Wmax=1.000 | Amax=1.000 |LR=5.2618e-11 | ‖g‖=nan | satA=nan | satW=nan | εμ=nan | εvar=nan | corr(ε,x)=nan | t=nans
   307 | base=0.888677 | val=0.476080 | acc1=0.8409 | Wμ=0.995 | Aμ=0.999 | Wmax=1.000 | Amax=1.000 |LR=4.5283e-11 | ‖g‖=nan | satA=nan | satW=nan | εμ=nan | εvar=nan | corr(ε,x)=nan | t=nans
   309 | base=0.863038 | val=0.474872 | acc1=0.8379 | Wμ=0.995 | Aμ=0.999 | Wmax=1.000 | Amax=1.000 |LR=3.8971e-11 | ‖g‖=nan | satA=nan | satW=nan | εμ=nan | εvar=nan | corr(ε,x)=nan | t=nans
   311 | base=0.839673 | val=0.469470 | acc1=0.8423 | Wμ=0.995 | Aμ=0.999 | Wmax=1.000 | Amax=1.000 |LR=3.3539e-11 | ‖g‖=nan | satA=nan | satW=nan | εμ=nan | εvar=nan | corr(ε,x)=nan | t=nans
   313 | base=0.933541 | val=0.462212 | acc1=0.8437 | Wμ=0.995 | Aμ=0.999 | Wmax=1.000 | Amax=1.000 |LR=2.8864e-11 | ‖g‖=nan | satA=nan | satW=nan | εμ=nan | εvar=nan | corr(ε,x)=nan | t=nans
   315 | base=0.957234 | val=0.464692 | acc1=0.8424 | Wμ=0.995 | Aμ=0.999 | Wmax=1.000 | Amax=1.000 |LR=2.4841e-11 | ‖g‖=nan | satA=nan | satW=nan | εμ=nan | εvar=nan | corr(ε,x)=nan | t=nans
   317 | base=0.889795 | val=0.474473 | acc1=0.8400 | Wμ=0.995 | Aμ=0.999 | Wmax=1.000 | Amax=1.000 |LR=2.1378e-11 | ‖g‖=nan | satA=nan | satW=nan | εμ=nan | εvar=nan | corr(ε,x)=nan | t=nans
   319 | base=0.914964 | val=0.472886 | acc1=0.8407 | Wμ=0.995 | Aμ=0.999 | Wmax=1.000 | Amax=1.000 |LR=1.8398e-11 | ‖g‖=nan | satA=nan | satW=nan | εμ=nan | εvar=nan | corr(ε,x)=nan | t=nans
   321 | base=0.891478 | val=0.472126 | acc1=0.8385 | Wμ=0.995 | Aμ=0.999 | Wmax=1.000 | Amax=1.000 |LR=1.5834e-11 | ‖g‖=nan | satA=nan | satW=nan | εμ=nan | εvar=nan | corr(ε,x)=nan | t=nans
   323 | base=0.936918 | val=0.467071 | acc1=0.8428 | Wμ=0.995 | Aμ=0.999 | Wmax=1.000 | Amax=1.000 |LR=1.3627e-11 | ‖g‖=nan | satA=nan | satW=nan | εμ=nan | εvar=nan | corr(ε,x)=nan | t=nans
   325 | base=0.907271 | val=0.471247 | acc1=0.8406 | Wμ=0.995 | Aμ=0.999 | Wmax=1.000 | Amax=1.000 |LR=1.1727e-11 | ‖g‖=nan | satA=nan | satW=nan | εμ=nan | εvar=nan | corr(ε,x)=nan | t=nans
   327 | base=0.956276 | val=0.467182 | acc1=0.8415 | Wμ=0.995 | Aμ=0.999 | Wmax=1.000 | Amax=1.000 |LR=1.0093e-11 | ‖g‖=nan | satA=nan | satW=nan | εμ=nan | εvar=nan | corr(ε,x)=nan | t=nans
   329 | base=0.909739 | val=0.463883 | acc1=0.8420 | Wμ=0.995 | Aμ=0.999 | Wmax=1.000 | Amax=1.000 |LR=8.6859e-12 | ‖g‖=nan | satA=nan | satW=nan | εμ=nan | εvar=nan | corr(ε,x)=nan | t=nans
   331 | base=0.895407 | val=0.467857 | acc1=0.8469 | Wμ=0.995 | Aμ=0.999 | Wmax=1.000 | Amax=1.000 |LR=7.4752e-12 | ‖g‖=nan | satA=nan | satW=nan | εμ=nan | εvar=nan | corr(ε,x)=nan | t=nans
   333 | base=0.948856 | val=0.469213 | acc1=0.8416 | Wμ=0.995 | Aμ=0.999 | Wmax=1.000 | Amax=1.000 |LR=6.4332e-12 | ‖g‖=nan | satA=nan | satW=nan | εμ=nan | εvar=nan | corr(ε,x)=nan | t=nans
   335 | base=0.940723 | val=0.472626 | acc1=0.8421 | Wμ=0.995 | Aμ=0.999 | Wmax=1.000 | Amax=1.000 |LR=5.5365e-12 | ‖g‖=nan | satA=nan | satW=nan | εμ=nan | εvar=nan | corr(ε,x)=nan | t=nans
   337 | base=0.906644 | val=0.470735 | acc1=0.8424 | Wμ=0.995 | Aμ=0.999 | Wmax=1.000 | Amax=1.000 |LR=4.7648e-12 | ‖g‖=nan | satA=nan | satW=nan | εμ=nan | εvar=nan | corr(ε,x)=nan | t=nans
   339 | base=0.921772 | val=0.470363 | acc1=0.8402 | Wμ=0.995 | Aμ=0.999 | Wmax=1.000 | Amax=1.000 |LR=4.1006e-12 | ‖g‖=nan | satA=nan | satW=nan | εμ=nan | εvar=nan | corr(ε,x)=nan | t=nans
   341 | base=0.862579 | val=0.477327 | acc1=0.8369 | Wμ=0.995 | Aμ=0.999 | Wmax=1.000 | Amax=1.000 |LR=3.529e-12 | ‖g‖=nan | satA=nan | satW=nan | εμ=nan | εvar=nan | corr(ε,x)=nan | t=nans
   343 | base=0.888814 | val=0.479578 | acc1=0.8379 | Wμ=0.995 | Aμ=0.999 | Wmax=1.000 | Amax=1.000 |LR=3.0371e-12 | ‖g‖=nan | satA=nan | satW=nan | εμ=nan | εvar=nan | corr(ε,x)=nan | t=nans
   345 | base=0.984561 | val=0.474040 | acc1=0.8421 | Wμ=0.995 | Aμ=0.999 | Wmax=1.000 | Amax=1.000 |LR=2.6138e-12 | ‖g‖=nan | satA=nan | satW=nan | εμ=nan | εvar=nan | corr(ε,x)=nan | t=nans
   347 | base=0.877684 | val=0.467033 | acc1=0.8392 | Wμ=0.995 | Aμ=0.999 | Wmax=1.000 | Amax=1.000 |LR=2.2494e-12 | ‖g‖=nan | satA=nan | satW=nan | εμ=nan | εvar=nan | corr(ε,x)=nan | t=nans
   349 | base=0.879479 | val=0.470387 | acc1=0.8432 | Wμ=0.995 | Aμ=0.999 | Wmax=1.000 | Amax=1.000 |LR=1.9359e-12 | ‖g‖=nan | satA=nan | satW=nan | εμ=nan | εvar=nan | corr(ε,x)=nan | t=nans
   351 | base=0.921927 | val=0.467954 | acc1=0.8425 | Wμ=0.995 | Aμ=0.999 | Wmax=1.000 | Amax=1.000 |LR=1.6661e-12 | ‖g‖=nan | satA=nan | satW=nan | εμ=nan | εvar=nan | corr(ε,x)=nan | t=nans
   353 | base=0.883777 | val=0.469957 | acc1=0.8396 | Wμ=0.995 | Aμ=0.999 | Wmax=1.000 | Amax=1.000 |LR=1.4338e-12 | ‖g‖=nan | satA=nan | satW=nan | εμ=nan | εvar=nan | corr(ε,x)=nan | t=nans
   355 | base=0.847931 | val=0.480598 | acc1=0.8341 | Wμ=0.995 | Aμ=0.999 | Wmax=1.000 | Amax=1.000 |LR=1.234e-12 | ‖g‖=nan | satA=nan | satW=nan | εμ=nan | εvar=nan | corr(ε,x)=nan | t=nans
   357 | base=0.905796 | val=0.475077 | acc1=0.8396 | Wμ=0.995 | Aμ=0.999 | Wmax=1.000 | Amax=1.000 |LR=1.062e-12 | ‖g‖=nan | satA=nan | satW=nan | εμ=nan | εvar=nan | corr(ε,x)=nan | t=nans
   359 | base=0.854649 | val=0.467899 | acc1=0.8437 | Wμ=0.995 | Aμ=0.999 | Wmax=1.000 | Amax=1.000 |LR=9.1394e-13 | ‖g‖=nan | satA=nan | satW=nan | εμ=nan | εvar=nan | corr(ε,x)=nan | t=nans
   361 | base=0.906803 | val=0.466405 | acc1=0.8445 | Wμ=0.995 | Aμ=0.999 | Wmax=1.000 | Amax=1.000 |LR=7.8655e-13 | ‖g‖=nan | satA=nan | satW=nan | εμ=nan | εvar=nan | corr(ε,x)=nan | t=nans
   363 | base=0.925316 | val=0.476069 | acc1=0.8384 | Wμ=0.995 | Aμ=0.999 | Wmax=1.000 | Amax=1.000 |LR=6.7691e-13 | ‖g‖=nan | satA=nan | satW=nan | εμ=nan | εvar=nan | corr(ε,x)=nan | t=nans
   365 | base=0.898256 | val=0.476000 | acc1=0.8404 | Wμ=0.995 | Aμ=0.999 | Wmax=1.000 | Amax=1.000 |LR=5.8256e-13 | ‖g‖=nan | satA=nan | satW=nan | εμ=nan | εvar=nan | corr(ε,x)=nan | t=nans
   367 | base=0.956412 | val=0.471113 | acc1=0.8442 | Wμ=0.995 | Aμ=0.999 | Wmax=1.000 | Amax=1.000 |LR=5.0136e-13 | ‖g‖=nan | satA=nan | satW=nan | εμ=nan | εvar=nan | corr(ε,x)=nan | t=nans
   369 | base=0.921270 | val=0.471215 | acc1=0.8409 | Wμ=0.995 | Aμ=0.999 | Wmax=1.000 | Amax=1.000 |LR=4.3147e-13 | ‖g‖=nan | satA=nan | satW=nan | εμ=nan | εvar=nan | corr(ε,x)=nan | t=nans
   371 | base=0.845927 | val=0.475285 | acc1=0.8399 | Wμ=0.995 | Aμ=0.999 | Wmax=1.000 | Amax=1.000 |LR=3.7133e-13 | ‖g‖=nan | satA=nan | satW=nan | εμ=nan | εvar=nan | corr(ε,x)=nan | t=nans
   373 | base=0.871907 | val=0.468124 | acc1=0.8416 | Wμ=0.995 | Aμ=0.999 | Wmax=1.000 | Amax=1.000 |LR=3.1957e-13 | ‖g‖=nan | satA=nan | satW=nan | εμ=nan | εvar=nan | corr(ε,x)=nan | t=nans
   375 | base=0.969676 | val=0.471123 | acc1=0.8400 | Wμ=0.995 | Aμ=0.999 | Wmax=1.000 | Amax=1.000 |LR=2.7503e-13 | ‖g‖=nan | satA=nan | satW=nan | εμ=nan | εvar=nan | corr(ε,x)=nan | t=nans
   377 | base=0.926398 | val=0.464429 | acc1=0.8424 | Wμ=0.995 | Aμ=0.999 | Wmax=1.000 | Amax=1.000 |LR=2.3669e-13 | ‖g‖=nan | satA=nan | satW=nan | εμ=nan | εvar=nan | corr(ε,x)=nan | t=nans
   379 | base=0.937435 | val=0.480144 | acc1=0.8403 | Wμ=0.995 | Aμ=0.999 | Wmax=1.000 | Amax=1.000 |LR=2.037e-13 | ‖g‖=nan | satA=nan | satW=nan | εμ=nan | εvar=nan | corr(ε,x)=nan | t=nans
   381 | base=0.828678 | val=0.471253 | acc1=0.8415 | Wμ=0.995 | Aμ=0.999 | Wmax=1.000 | Amax=1.000 |LR=1.753e-13 | ‖g‖=nan | satA=nan | satW=nan | εμ=nan | εvar=nan | corr(ε,x)=nan | t=nans
   383 | base=0.941865 | val=0.468246 | acc1=0.8442 | Wμ=0.995 | Aμ=0.999 | Wmax=1.000 | Amax=1.000 |LR=1.5087e-13 | ‖g‖=nan | satA=nan | satW=nan | εμ=nan | εvar=nan | corr(ε,x)=nan | t=nans
   385 | base=0.908537 | val=0.468654 | acc1=0.8410 | Wμ=0.995 | Aμ=0.999 | Wmax=1.000 | Amax=1.000 |LR=1.2984e-13 | ‖g‖=nan | satA=nan | satW=nan | εμ=nan | εvar=nan | corr(ε,x)=nan | t=nans
   387 | base=0.914007 | val=0.469189 | acc1=0.8420 | Wμ=0.995 | Aμ=0.999 | Wmax=1.000 | Amax=1.000 |LR=1.1174e-13 | ‖g‖=nan | satA=nan | satW=nan | εμ=nan | εvar=nan | corr(ε,x)=nan | t=nans
   389 | base=0.955055 | val=0.469667 | acc1=0.8437 | Wμ=0.995 | Aμ=0.999 | Wmax=1.000 | Amax=1.000 |LR=9.6166e-14 | ‖g‖=nan | satA=nan | satW=nan | εμ=nan | εvar=nan | corr(ε,x)=nan | t=nans
   391 | base=0.934470 | val=0.469146 | acc1=0.8384 | Wμ=0.995 | Aμ=0.999 | Wmax=1.000 | Amax=1.000 |LR=8.2762e-14 | ‖g‖=nan | satA=nan | satW=nan | εμ=nan | εvar=nan | corr(ε,x)=nan | t=nans
   393 | base=0.903241 | val=0.472346 | acc1=0.8382 | Wμ=0.995 | Aμ=0.999 | Wmax=1.000 | Amax=1.000 |LR=7.1225e-14 | ‖g‖=nan | satA=nan | satW=nan | εμ=nan | εvar=nan | corr(ε,x)=nan | t=nans
   395 | base=0.896456 | val=0.470409 | acc1=0.8419 | Wμ=0.995 | Aμ=0.999 | Wmax=1.000 | Amax=1.000 |LR=6.1297e-14 | ‖g‖=nan | satA=nan | satW=nan | εμ=nan | εvar=nan | corr(ε,x)=nan | t=nans
   397 | base=0.876003 | val=0.467164 | acc1=0.8422 | Wμ=0.995 | Aμ=0.999 | Wmax=1.000 | Amax=1.000 |LR=5.2753e-14 | ‖g‖=nan | satA=nan | satW=nan | εμ=nan | εvar=nan | corr(ε,x)=nan | t=nans
   399 | base=0.884270 | val=0.474610 | acc1=0.8367 | Wμ=0.995 | Aμ=0.999 | Wmax=1.000 | Amax=1.000 |LR=4.54e-14 | ‖g‖=nan | satA=nan | satW=nan | εμ=nan | εvar=nan | corr(ε,x)=nan | t=nans
   401 | base=0.942252 | val=0.469725 | acc1=0.8420 | Wμ=0.995 | Aμ=0.999 | Wmax=1.000 | Amax=1.000 |LR=3.9072e-14 | ‖g‖=nan | satA=nan | satW=nan | εμ=nan | εvar=nan | corr(ε,x)=nan | t=nans
   403 | base=0.966684 | val=0.470352 | acc1=0.8446 | Wμ=0.995 | Aμ=0.999 | Wmax=1.000 | Amax=1.000 |LR=3.3626e-14 | ‖g‖=nan | satA=nan | satW=nan | εμ=nan | εvar=nan | corr(ε,x)=nan | t=nans
   405 | base=0.922390 | val=0.464653 | acc1=0.8430 | Wμ=0.995 | Aμ=0.999 | Wmax=1.000 | Amax=1.000 |LR=2.8939e-14 | ‖g‖=nan | satA=nan | satW=nan | εμ=nan | εvar=nan | corr(ε,x)=nan | t=nans
   407 | base=0.949549 | val=0.468761 | acc1=0.8413 | Wμ=0.995 | Aμ=0.999 | Wmax=1.000 | Amax=1.000 |LR=2.4905e-14 | ‖g‖=nan | satA=nan | satW=nan | εμ=nan | εvar=nan | corr(ε,x)=nan | t=nans
   409 | base=0.847246 | val=0.474452 | acc1=0.8395 | Wμ=0.995 | Aμ=0.999 | Wmax=1.000 | Amax=1.000 |LR=2.1433e-14 | ‖g‖=nan | satA=nan | satW=nan | εμ=nan | εvar=nan | corr(ε,x)=nan | t=nans
   411 | base=0.910310 | val=0.471901 | acc1=0.8407 | Wμ=0.995 | Aμ=0.999 | Wmax=1.000 | Amax=1.000 |LR=1.8446e-14 | ‖g‖=nan | satA=nan | satW=nan | εμ=nan | εvar=nan | corr(ε,x)=nan | t=nans
   413 | base=0.858658 | val=0.472817 | acc1=0.8417 | Wμ=0.995 | Aμ=0.999 | Wmax=1.000 | Amax=1.000 |LR=1.5875e-14 | ‖g‖=nan | satA=nan | satW=nan | εμ=nan | εvar=nan | corr(ε,x)=nan | t=nans
   415 | base=0.820082 | val=0.474268 | acc1=0.8424 | Wμ=0.995 | Aμ=0.999 | Wmax=1.000 | Amax=1.000 |LR=1.3662e-14 | ‖g‖=nan | satA=nan | satW=nan | εμ=nan | εvar=nan | corr(ε,x)=nan | t=nans
   417 | base=0.815504 | val=0.466034 | acc1=0.8418 | Wμ=0.995 | Aμ=0.999 | Wmax=1.000 | Amax=1.000 |LR=1.1758e-14 | ‖g‖=nan | satA=nan | satW=nan | εμ=nan | εvar=nan | corr(ε,x)=nan | t=nans
   419 | base=0.927383 | val=0.470349 | acc1=0.8428 | Wμ=0.995 | Aμ=0.999 | Wmax=1.000 | Amax=1.000 |LR=1.0119e-14 | ‖g‖=nan | satA=nan | satW=nan | εμ=nan | εvar=nan | corr(ε,x)=nan | t=nans
   421 | base=0.960065 | val=0.478666 | acc1=0.8403 | Wμ=0.995 | Aμ=0.999 | Wmax=1.000 | Amax=1.000 |LR=8.7083e-15 | ‖g‖=nan | satA=nan | satW=nan | εμ=nan | εvar=nan | corr(ε,x)=nan | t=nans
   423 | base=0.828199 | val=0.478941 | acc1=0.8414 | Wμ=0.995 | Aμ=0.999 | Wmax=1.000 | Amax=1.000 |LR=7.4944e-15 | ‖g‖=nan | satA=nan | satW=nan | εμ=nan | εvar=nan | corr(ε,x)=nan | t=nans
   425 | base=0.859677 | val=0.468572 | acc1=0.8410 | Wμ=0.995 | Aμ=0.999 | Wmax=1.000 | Amax=1.000 |LR=6.4498e-15 | ‖g‖=nan | satA=nan | satW=nan | εμ=nan | εvar=nan | corr(ε,x)=nan | t=nans
   427 | base=0.928826 | val=0.461200 | acc1=0.8461 | Wμ=0.995 | Aμ=0.999 | Wmax=1.000 | Amax=1.000 |LR=5.5508e-15 | ‖g‖=nan | satA=nan | satW=nan | εμ=nan | εvar=nan | corr(ε,x)=nan | t=nans
   429 | base=0.957415 | val=0.465062 | acc1=0.8433 | Wμ=0.995 | Aμ=0.999 | Wmax=1.000 | Amax=1.000 |LR=4.7771e-15 | ‖g‖=nan | satA=nan | satW=nan | εμ=nan | εvar=nan | corr(ε,x)=nan | t=nans
   431 | base=0.909536 | val=0.471557 | acc1=0.8416 | Wμ=0.995 | Aμ=0.999 | Wmax=1.000 | Amax=1.000 |LR=4.1112e-15 | ‖g‖=nan | satA=nan | satW=nan | εμ=nan | εvar=nan | corr(ε,x)=nan | t=nans
