     0 | base=nan | val=0.236715 | acc1=nan | Wμ=nan | Aμ=nan | Wmax=nan | LR=nan | ‖g‖=nan | satA=nan | satW=nan | εμ=nan | εvar=nan | corr(ε,x)=nan | t=nans
     0 | base=nan | val=0.236732 | acc1=0.9282 | Wμ=11.186 | Aμ=20.000 | Wmax=12.916 | LR=nan | ‖g‖=nan | satA=nan | satW=nan | εμ=nan | εvar=nan | corr(ε,x)=nan | t=nans
     0 | base=nan | val=0.236786 | acc1=0.9281 | Wμ=9.786 | Aμ=20.000 | Wmax=10.000 | LR=nan | ‖g‖=nan | satA=nan | satW=nan | εμ=nan | εvar=nan | corr(ε,x)=nan | t=nans
     0 | base=nan | val=0.236878 | acc1=0.9281 | Wμ=9.786 | Aμ=10.000 | Wmax=10.000 | LR=nan | ‖g‖=nan | satA=nan | satW=nan | εμ=nan | εvar=nan | corr(ε,x)=nan | t=nans
# epoch | BaseLoss | ValLoss | Acc@1 | MeanWBits | MeanABits | MaxWBits | MaxABits | LR | GradNorm | WSat | ASat | NoiseMean | NoiseVar | NoiseCorr | Temp | EpochTime(s)
     0 | base=nan | val=0.213726 | acc1=0.9335 | Wμ=9.786 | Aμ=10.000 | Wmax=10.000 | LR=nan | ‖g‖=nan | satA=nan | satW=nan | εμ=nan | εvar=nan | corr(ε,x)=nan | t=nans
     1 | base=0.002762 | val=0.236667 | acc1=0.9283 | Wμ=9.786 | Aμ=10.001 | Wmax=10.003 | LR=0.000198 | ‖g‖=nan | satA=nan | satW=nan | εμ=nan | εvar=nan | corr(ε,x)=nan | t=nans
     3 | base=0.002549 | val=0.238009 | acc1=0.9280 | Wμ=9.786 | Aμ=10.003 | Wmax=10.008 | LR=0.000398 | ‖g‖=nan | satA=nan | satW=nan | εμ=nan | εvar=nan | corr(ε,x)=nan | t=nans
     5 | base=0.004009 | val=0.239189 | acc1=0.9266 | Wμ=9.787 | Aμ=10.009 | Wmax=10.013 | LR=0.000598 | ‖g‖=nan | satA=nan | satW=nan | εμ=nan | εvar=nan | corr(ε,x)=nan | t=nans
     7 | base=0.005631 | val=0.242299 | acc1=0.9264 | Wμ=9.787 | Aμ=10.018 | Wmax=10.025 | LR=0.000798 | ‖g‖=nan | satA=nan | satW=nan | εμ=nan | εvar=nan | corr(ε,x)=nan | t=nans
     9 | base=0.007991 | val=0.242454 | acc1=0.9239 | Wμ=9.789 | Aμ=10.027 | Wmax=10.040 | LR=0.000998 | ‖g‖=nan | satA=nan | satW=nan | εμ=nan | εvar=nan | corr(ε,x)=nan | t=nans
    11 | base=0.014365 | val=0.244945 | acc1=0.9226 | Wμ=9.792 | Aμ=10.046 | Wmax=10.061 | LR=0.001198 | ‖g‖=nan | satA=nan | satW=nan | εμ=nan | εvar=nan | corr(ε,x)=nan | t=nans
    13 | base=0.020590 | val=0.247715 | acc1=0.9210 | Wμ=9.801 | Aμ=10.062 | Wmax=10.103 | LR=0.001398 | ‖g‖=nan | satA=nan | satW=nan | εμ=nan | εvar=nan | corr(ε,x)=nan | t=nans
    15 | base=0.041604 | val=0.272349 | acc1=0.9140 | Wμ=9.814 | Aμ=10.078 | Wmax=10.164 | LR=0.001598 | ‖g‖=nan | satA=nan | satW=nan | εμ=nan | εvar=nan | corr(ε,x)=nan | t=nans
    17 | base=0.048938 | val=0.277741 | acc1=0.9164 | Wμ=9.832 | Aμ=10.092 | Wmax=10.250 | LR=0.001798 | ‖g‖=nan | satA=nan | satW=nan | εμ=nan | εvar=nan | corr(ε,x)=nan | t=nans
    19 | base=0.049968 | val=0.268873 | acc1=0.9165 | Wμ=9.852 | Aμ=10.107 | Wmax=10.352 | LR=0.001998 | ‖g‖=nan | satA=nan | satW=nan | εμ=nan | εvar=nan | corr(ε,x)=nan | t=nans
    21 | base=0.045125 | val=0.261459 | acc1=0.9183 | Wμ=9.608 | Aμ=9.873 | Wmax=9.937 | LR=0.002 | ‖g‖=nan | satA=nan | satW=nan | εμ=nan | εvar=nan | corr(ε,x)=nan | t=nans
    23 | base=0.050581 | val=0.263520 | acc1=0.9176 | Wμ=9.087 | Aμ=9.568 | Wmax=9.631 | LR=0.002 | ‖g‖=nan | satA=nan | satW=nan | εμ=nan | εvar=nan | corr(ε,x)=nan | t=nans
    25 | base=0.038974 | val=0.268868 | acc1=0.9162 | Wμ=8.628 | Aμ=9.215 | Wmax=9.285 | LR=0.002 | ‖g‖=nan | satA=nan | satW=nan | εμ=nan | εvar=nan | corr(ε,x)=nan | t=nans
    27 | base=0.036100 | val=0.260175 | acc1=0.9202 | Wμ=8.163 | Aμ=8.874 | Wmax=8.916 | LR=0.002 | ‖g‖=nan | satA=nan | satW=nan | εμ=nan | εvar=nan | corr(ε,x)=nan | t=nans
    29 | base=0.034462 | val=0.257725 | acc1=0.9200 | Wμ=7.734 | Aμ=8.525 | Wmax=8.570 | LR=0.002 | ‖g‖=nan | satA=nan | satW=nan | εμ=nan | εvar=nan | corr(ε,x)=nan | t=nans
    31 | base=0.038690 | val=0.259962 | acc1=0.9172 | Wμ=7.315 | Aμ=8.183 | Wmax=8.243 | LR=0.002 | ‖g‖=nan | satA=nan | satW=nan | εμ=nan | εvar=nan | corr(ε,x)=nan | t=nans
    33 | base=0.044407 | val=0.255520 | acc1=0.9228 | Wμ=6.912 | Aμ=7.840 | Wmax=7.895 | LR=0.002 | ‖g‖=nan | satA=nan | satW=nan | εμ=nan | εvar=nan | corr(ε,x)=nan | t=nans
    35 | base=0.048424 | val=0.266768 | acc1=0.9166 | Wμ=6.529 | Aμ=7.518 | Wmax=7.570 | LR=0.002 | ‖g‖=nan | satA=nan | satW=nan | εμ=nan | εvar=nan | corr(ε,x)=nan | t=nans
    37 | base=0.041061 | val=0.257407 | acc1=0.9198 | Wμ=6.146 | Aμ=7.213 | Wmax=7.248 | LR=0.002 | ‖g‖=nan | satA=nan | satW=nan | εμ=nan | εvar=nan | corr(ε,x)=nan | t=nans
    39 | base=0.041148 | val=0.251101 | acc1=0.9220 | Wμ=5.769 | Aμ=6.928 | Wmax=6.943 | LR=0.002 | ‖g‖=nan | satA=nan | satW=nan | εμ=nan | εvar=nan | corr(ε,x)=nan | t=nans
    41 | base=0.055768 | val=0.267166 | acc1=0.9195 | Wμ=5.416 | Aμ=6.649 | Wmax=6.629 | LR=0.002 | ‖g‖=nan | satA=nan | satW=nan | εμ=nan | εvar=nan | corr(ε,x)=nan | t=nans
    43 | base=0.062459 | val=0.261022 | acc1=0.9194 | Wμ=5.051 | Aμ=6.402 | Wmax=6.340 | LR=0.002 | ‖g‖=nan | satA=nan | satW=nan | εμ=nan | εvar=nan | corr(ε,x)=nan | t=nans
    45 | base=0.071485 | val=0.284158 | acc1=0.9116 | Wμ=4.703 | Aμ=6.175 | Wmax=6.022 | LR=0.002 | ‖g‖=nan | satA=nan | satW=nan | εμ=nan | εvar=nan | corr(ε,x)=nan | t=nans
    47 | base=0.086211 | val=0.278951 | acc1=0.9131 | Wμ=4.367 | Aμ=5.970 | Wmax=5.755 | LR=0.002 | ‖g‖=nan | satA=nan | satW=nan | εμ=nan | εvar=nan | corr(ε,x)=nan | t=nans
    49 | base=0.099488 | val=0.312627 | acc1=0.9027 | Wμ=4.043 | Aμ=5.794 | Wmax=5.492 | LR=0.002 | ‖g‖=nan | satA=nan | satW=nan | εμ=nan | εvar=nan | corr(ε,x)=nan | t=nans
    51 | base=0.109118 | val=0.295423 | acc1=0.9064 | Wμ=3.729 | Aμ=5.630 | Wmax=5.209 | LR=0.002 | ‖g‖=nan | satA=nan | satW=nan | εμ=nan | εvar=nan | corr(ε,x)=nan | t=nans
    53 | base=0.099737 | val=0.326607 | acc1=0.8993 | Wμ=3.427 | Aμ=5.488 | Wmax=5.000 | LR=0.002 | ‖g‖=nan | satA=nan | satW=nan | εμ=nan | εvar=nan | corr(ε,x)=nan | t=nans
    55 | base=0.118443 | val=0.305197 | acc1=0.9062 | Wμ=3.139 | Aμ=5.347 | Wmax=4.755 | LR=0.002 | ‖g‖=nan | satA=nan | satW=nan | εμ=nan | εvar=nan | corr(ε,x)=nan | t=nans
    57 | base=0.124641 | val=0.316281 | acc1=0.9021 | Wμ=2.872 | Aμ=5.221 | Wmax=4.585 | LR=0.002 | ‖g‖=nan | satA=nan | satW=nan | εμ=nan | εvar=nan | corr(ε,x)=nan | t=nans
    59 | base=0.130631 | val=0.316153 | acc1=0.9025 | Wμ=2.624 | Aμ=5.107 | Wmax=4.392 | LR=0.002 | ‖g‖=nan | satA=nan | satW=nan | εμ=nan | εvar=nan | corr(ε,x)=nan | t=nans
    61 | base=0.178272 | val=0.407741 | acc1=0.8717 | Wμ=2.406 | Aμ=5.008 | Wmax=4.170 | LR=0.002 | ‖g‖=nan | satA=nan | satW=nan | εμ=nan | εvar=nan | corr(ε,x)=nan | t=nans
    63 | base=0.186448 | val=0.359869 | acc1=0.8865 | Wμ=2.216 | Aμ=4.919 | Wmax=4.000 | LR=0.002 | ‖g‖=nan | satA=nan | satW=nan | εμ=nan | εvar=nan | corr(ε,x)=nan | t=nans
    65 | base=0.186788 | val=0.341491 | acc1=0.8899 | Wμ=2.044 | Aμ=4.842 | Wmax=3.807 | LR=0.002 | ‖g‖=nan | satA=nan | satW=nan | εμ=nan | εvar=nan | corr(ε,x)=nan | t=nans
    67 | base=0.230202 | val=0.374102 | acc1=0.8817 | Wμ=1.909 | Aμ=4.751 | Wmax=3.700 | LR=0.002 | ‖g‖=nan | satA=nan | satW=nan | εμ=nan | εvar=nan | corr(ε,x)=nan | t=nans
    69 | base=0.259948 | val=0.618108 | acc1=0.8157 | Wμ=1.797 | Aμ=4.666 | Wmax=3.585 | LR=0.002 | ‖g‖=nan | satA=nan | satW=nan | εμ=nan | εvar=nan | corr(ε,x)=nan | t=nans
    71 | base=0.260256 | val=0.396884 | acc1=0.8778 | Wμ=1.696 | Aμ=4.578 | Wmax=3.459 | LR=0.002 | ‖g‖=nan | satA=nan | satW=nan | εμ=nan | εvar=nan | corr(ε,x)=nan | t=nans
    73 | base=0.291672 | val=0.401285 | acc1=0.8724 | Wμ=1.603 | Aμ=4.481 | Wmax=3.322 | LR=0.002 | ‖g‖=nan | satA=nan | satW=nan | εμ=nan | εvar=nan | corr(ε,x)=nan | t=nans
    75 | base=0.349324 | val=0.476182 | acc1=0.8567 | Wμ=1.530 | Aμ=4.373 | Wmax=3.322 | LR=0.002 | ‖g‖=nan | satA=nan | satW=nan | εμ=nan | εvar=nan | corr(ε,x)=nan | t=nans
    77 | base=0.372304 | val=0.537250 | acc1=0.8318 | Wμ=1.469 | Aμ=4.277 | Wmax=3.170 | LR=0.002 | ‖g‖=nan | satA=nan | satW=nan | εμ=nan | εvar=nan | corr(ε,x)=nan | t=nans
    79 | base=0.386007 | val=0.563654 | acc1=0.8234 | Wμ=1.417 | Aμ=4.189 | Wmax=3.000 | LR=0.002 | ‖g‖=nan | satA=nan | satW=nan | εμ=nan | εvar=nan | corr(ε,x)=nan | t=nans
    81 | base=0.405687 | val=0.669343 | acc1=0.8040 | Wμ=1.372 | Aμ=4.084 | Wmax=3.000 | LR=0.002 | ‖g‖=nan | satA=nan | satW=nan | εμ=nan | εvar=nan | corr(ε,x)=nan | t=nans
    83 | base=0.431586 | val=0.631297 | acc1=0.8050 | Wμ=1.331 | Aμ=3.976 | Wmax=2.807 | LR=0.002 | ‖g‖=nan | satA=nan | satW=nan | εμ=nan | εvar=nan | corr(ε,x)=nan | t=nans
    85 | base=0.441921 | val=0.792910 | acc1=0.7654 | Wμ=1.288 | Aμ=3.871 | Wmax=2.807 | LR=0.002 | ‖g‖=nan | satA=nan | satW=nan | εμ=nan | εvar=nan | corr(ε,x)=nan | t=nans
    87 | base=0.423547 | val=0.627690 | acc1=0.8077 | Wμ=1.250 | Aμ=3.761 | Wmax=2.585 | LR=0.002 | ‖g‖=nan | satA=nan | satW=nan | εμ=nan | εvar=nan | corr(ε,x)=nan | t=nans
    89 | base=0.451304 | val=0.782145 | acc1=0.7601 | Wμ=1.215 | Aμ=3.647 | Wmax=2.585 | LR=0.002 | ‖g‖=nan | satA=nan | satW=nan | εμ=nan | εvar=nan | corr(ε,x)=nan | t=nans
    91 | base=0.440249 | val=0.583868 | acc1=0.8175 | Wμ=1.186 | Aμ=3.517 | Wmax=2.585 | LR=0.002 | ‖g‖=nan | satA=nan | satW=nan | εμ=nan | εvar=nan | corr(ε,x)=nan | t=nans
    93 | base=0.490407 | val=0.977552 | acc1=0.7242 | Wμ=1.162 | Aμ=3.385 | Wmax=2.322 | LR=0.002 | ‖g‖=nan | satA=nan | satW=nan | εμ=nan | εvar=nan | corr(ε,x)=nan | t=nans
    95 | base=0.443175 | val=0.646099 | acc1=0.7958 | Wμ=1.138 | Aμ=3.244 | Wmax=2.322 | LR=0.002 | ‖g‖=nan | satA=nan | satW=nan | εμ=nan | εvar=nan | corr(ε,x)=nan | t=nans
    97 | base=0.441734 | val=0.588667 | acc1=0.8143 | Wμ=1.116 | Aμ=3.133 | Wmax=2.322 | LR=0.002 | ‖g‖=nan | satA=nan | satW=nan | εμ=nan | εvar=nan | corr(ε,x)=nan | t=nans
    99 | base=0.543355 | val=1.165381 | acc1=0.6643 | Wμ=1.099 | Aμ=2.977 | Wmax=2.322 | LR=0.002 | ‖g‖=nan | satA=nan | satW=nan | εμ=nan | εvar=nan | corr(ε,x)=nan | t=nans
   101 | base=0.485383 | val=0.487972 | acc1=0.8475 | Wμ=1.080 | Aμ=2.879 | Wmax=2.000 | LR=0.002 | ‖g‖=nan | satA=nan | satW=nan | εμ=nan | εvar=nan | corr(ε,x)=nan | t=nans
   103 | base=0.527057 | val=0.780289 | acc1=0.7702 | Wμ=1.064 | Aμ=2.752 | Wmax=2.000 | LR=0.002 | ‖g‖=nan | satA=nan | satW=nan | εμ=nan | εvar=nan | corr(ε,x)=nan | t=nans
   105 | base=0.487663 | val=0.810301 | acc1=0.7512 | Wμ=1.053 | Aμ=2.643 | Wmax=2.000 | LR=0.002 | ‖g‖=nan | satA=nan | satW=nan | εμ=nan | εvar=nan | corr(ε,x)=nan | t=nans
   107 | base=0.608069 | val=0.963032 | acc1=0.7022 | Wμ=1.043 | Aμ=2.580 | Wmax=2.000 | LR=0.002 | ‖g‖=nan | satA=nan | satW=nan | εμ=nan | εvar=nan | corr(ε,x)=nan | t=nans
   109 | base=0.554758 | val=0.920352 | acc1=0.7138 | Wμ=1.036 | Aμ=2.488 | Wmax=2.000 | LR=0.002 | ‖g‖=nan | satA=nan | satW=nan | εμ=nan | εvar=nan | corr(ε,x)=nan | t=nans
   111 | base=0.537096 | val=0.730283 | acc1=0.7666 | Wμ=1.030 | Aμ=2.382 | Wmax=2.000 | LR=0.002 | ‖g‖=nan | satA=nan | satW=nan | εμ=nan | εvar=nan | corr(ε,x)=nan | t=nans
   113 | base=0.599787 | val=0.576757 | acc1=0.8189 | Wμ=1.025 | Aμ=2.258 | Wmax=1.585 | LR=0.002 | ‖g‖=nan | satA=nan | satW=nan | εμ=nan | εvar=nan | corr(ε,x)=nan | t=nans
   115 | base=0.653589 | val=0.944882 | acc1=0.7206 | Wμ=1.021 | Aμ=2.205 | Wmax=2.000 | LR=0.002 | ‖g‖=nan | satA=nan | satW=nan | εμ=nan | εvar=nan | corr(ε,x)=nan | t=nans
   117 | base=0.657638 | val=0.898310 | acc1=0.7255 | Wμ=1.019 | Aμ=2.171 | Wmax=1.585 | LR=0.002 | ‖g‖=nan | satA=nan | satW=nan | εμ=nan | εvar=nan | corr(ε,x)=nan | t=nans
   119 | base=0.636468 | val=0.927337 | acc1=0.7242 | Wμ=1.014 | Aμ=2.075 | Wmax=1.585 | LR=0.002 | ‖g‖=nan | satA=nan | satW=nan | εμ=nan | εvar=nan | corr(ε,x)=nan | t=nans
   121 | base=0.601550 | val=0.641703 | acc1=0.7977 | Wμ=1.011 | Aμ=1.960 | Wmax=1.585 | LR=0.002 | ‖g‖=nan | satA=nan | satW=nan | εμ=nan | εvar=nan | corr(ε,x)=nan | t=nans
   123 | base=0.679616 | val=0.609593 | acc1=0.8006 | Wμ=1.008 | Aμ=1.924 | Wmax=1.585 | LR=0.002 | ‖g‖=nan | satA=nan | satW=nan | εμ=nan | εvar=nan | corr(ε,x)=nan | t=nans
   125 | base=0.727973 | val=0.606164 | acc1=0.8071 | Wμ=1.007 | Aμ=1.856 | Wmax=1.585 | LR=0.002 | ‖g‖=nan | satA=nan | satW=nan | εμ=nan | εvar=nan | corr(ε,x)=nan | t=nans
   127 | base=0.754683 | val=0.790895 | acc1=0.7532 | Wμ=1.005 | Aμ=1.785 | Wmax=1.585 | LR=0.002 | ‖g‖=nan | satA=nan | satW=nan | εμ=nan | εvar=nan | corr(ε,x)=nan | t=nans
   129 | base=0.733728 | val=0.812554 | acc1=0.7550 | Wμ=1.004 | Aμ=1.769 | Wmax=1.585 | LR=0.002 | ‖g‖=nan | satA=nan | satW=nan | εμ=nan | εvar=nan | corr(ε,x)=nan | t=nans
   131 | base=0.734942 | val=0.665830 | acc1=0.7892 | Wμ=1.002 | Aμ=1.697 | Wmax=1.585 | LR=0.002 | ‖g‖=nan | satA=nan | satW=nan | εμ=nan | εvar=nan | corr(ε,x)=nan | t=nans
   133 | base=0.798917 | val=0.577858 | acc1=0.8152 | Wμ=1.001 | Aμ=1.623 | Wmax=1.585 | LR=0.002 | ‖g‖=nan | satA=nan | satW=nan | εμ=nan | εvar=nan | corr(ε,x)=nan | t=nans
   135 | base=0.788464 | val=0.748298 | acc1=0.7630 | Wμ=1.000 | Aμ=1.567 | Wmax=1.585 | LR=0.002 | ‖g‖=nan | satA=nan | satW=nan | εμ=nan | εvar=nan | corr(ε,x)=nan | t=nans
   137 | base=0.918968 | val=0.743918 | acc1=0.7661 | Wμ=0.999 | Aμ=1.502 | Wmax=1.585 | LR=0.002 | ‖g‖=nan | satA=nan | satW=nan | εμ=nan | εvar=nan | corr(ε,x)=nan | t=nans
   139 | base=0.815080 | val=0.669353 | acc1=0.7802 | Wμ=0.999 | Aμ=1.468 | Wmax=1.585 | LR=0.002 | ‖g‖=nan | satA=nan | satW=nan | εμ=nan | εvar=nan | corr(ε,x)=nan | t=nans
   141 | base=0.996060 | val=0.695353 | acc1=0.7770 | Wμ=0.999 | Aμ=1.457 | Wmax=1.585 | LR=0.002 | ‖g‖=nan | satA=nan | satW=nan | εμ=nan | εvar=nan | corr(ε,x)=nan | t=nans
   143 | base=0.968268 | val=0.604578 | acc1=0.7969 | Wμ=0.998 | Aμ=1.455 | Wmax=1.585 | LR=0.002 | ‖g‖=nan | satA=nan | satW=nan | εμ=nan | εvar=nan | corr(ε,x)=nan | t=nans
   145 | base=0.977069 | val=0.829751 | acc1=0.7411 | Wμ=0.998 | Aμ=1.453 | Wmax=1.585 | LR=0.002 | ‖g‖=nan | satA=nan | satW=nan | εμ=nan | εvar=nan | corr(ε,x)=nan | t=nans
   147 | base=0.858928 | val=1.022800 | acc1=0.7062 | Wμ=0.997 | Aμ=1.435 | Wmax=1.585 | LR=0.002 | ‖g‖=nan | satA=nan | satW=nan | εμ=nan | εvar=nan | corr(ε,x)=nan | t=nans
   149 | base=0.927971 | val=0.699354 | acc1=0.7788 | Wμ=0.995 | Aμ=1.393 | Wmax=1.000 | LR=0.002 | ‖g‖=nan | satA=nan | satW=nan | εμ=nan | εvar=nan | corr(ε,x)=nan | t=nans
   151 | base=1.017206 | val=0.729132 | acc1=0.7618 | Wμ=0.994 | Aμ=1.317 | Wmax=1.000 | LR=0.002 | ‖g‖=nan | satA=nan | satW=nan | εμ=nan | εvar=nan | corr(ε,x)=nan | t=nans
   153 | base=0.989044 | val=0.648776 | acc1=0.7841 | Wμ=0.994 | Aμ=1.298 | Wmax=1.000 | LR=0.002 | ‖g‖=nan | satA=nan | satW=nan | εμ=nan | εvar=nan | corr(ε,x)=nan | t=nans
   155 | base=0.923795 | val=0.727778 | acc1=0.7631 | Wμ=0.993 | Aμ=1.272 | Wmax=1.000 | LR=0.002 | ‖g‖=nan | satA=nan | satW=nan | εμ=nan | εvar=nan | corr(ε,x)=nan | t=nans
   157 | base=1.063100 | val=1.148374 | acc1=0.6486 | Wμ=0.993 | Aμ=1.242 | Wmax=1.000 | LR=0.002 | ‖g‖=nan | satA=nan | satW=nan | εμ=nan | εvar=nan | corr(ε,x)=nan | t=nans
   159 | base=1.113127 | val=0.863601 | acc1=0.7143 | Wμ=0.992 | Aμ=1.221 | Wmax=1.000 | LR=0.002 | ‖g‖=nan | satA=nan | satW=nan | εμ=nan | εvar=nan | corr(ε,x)=nan | t=nans
   161 | base=0.976656 | val=0.692011 | acc1=0.7775 | Wμ=0.993 | Aμ=1.195 | Wmax=1.000 | LR=0.002 | ‖g‖=nan | satA=nan | satW=nan | εμ=nan | εvar=nan | corr(ε,x)=nan | t=nans
   163 | base=1.073695 | val=0.819194 | acc1=0.7478 | Wμ=0.992 | Aμ=1.167 | Wmax=1.000 | LR=0.002 | ‖g‖=nan | satA=nan | satW=nan | εμ=nan | εvar=nan | corr(ε,x)=nan | t=nans
   165 | base=1.048341 | val=1.127262 | acc1=0.7092 | Wμ=0.992 | Aμ=1.161 | Wmax=1.000 | LR=0.002 | ‖g‖=nan | satA=nan | satW=nan | εμ=nan | εvar=nan | corr(ε,x)=nan | t=nans
   167 | base=1.026525 | val=0.840679 | acc1=0.7392 | Wμ=0.991 | Aμ=1.157 | Wmax=1.000 | LR=0.002 | ‖g‖=nan | satA=nan | satW=nan | εμ=nan | εvar=nan | corr(ε,x)=nan | t=nans
   169 | base=1.103606 | val=1.053149 | acc1=0.6883 | Wμ=0.992 | Aμ=1.150 | Wmax=1.000 | LR=0.002 | ‖g‖=nan | satA=nan | satW=nan | εμ=nan | εvar=nan | corr(ε,x)=nan | t=nans
   171 | base=0.953793 | val=0.964265 | acc1=0.7052 | Wμ=0.991 | Aμ=1.139 | Wmax=1.000 | LR=0.002 | ‖g‖=nan | satA=nan | satW=nan | εμ=nan | εvar=nan | corr(ε,x)=nan | t=nans
   173 | base=1.111243 | val=0.698854 | acc1=0.7770 | Wμ=0.991 | Aμ=1.132 | Wmax=1.000 | LR=0.002 | ‖g‖=nan | satA=nan | satW=nan | εμ=nan | εvar=nan | corr(ε,x)=nan | t=nans
   175 | base=1.180395 | val=0.769250 | acc1=0.7516 | Wμ=0.991 | Aμ=1.124 | Wmax=1.000 | LR=0.002 | ‖g‖=nan | satA=nan | satW=nan | εμ=nan | εvar=nan | corr(ε,x)=nan | t=nans
   177 | base=1.181399 | val=0.920025 | acc1=0.7221 | Wμ=0.991 | Aμ=1.124 | Wmax=1.000 | LR=0.002 | ‖g‖=nan | satA=nan | satW=nan | εμ=nan | εvar=nan | corr(ε,x)=nan | t=nans
   179 | base=1.024099 | val=0.833956 | acc1=0.7480 | Wμ=0.991 | Aμ=1.124 | Wmax=1.000 | LR=0.002 | ‖g‖=nan | satA=nan | satW=nan | εμ=nan | εvar=nan | corr(ε,x)=nan | t=nans
   181 | base=1.045808 | val=0.978930 | acc1=0.7055 | Wμ=0.992 | Aμ=1.120 | Wmax=1.000 | LR=0.002 | ‖g‖=nan | satA=nan | satW=nan | εμ=nan | εvar=nan | corr(ε,x)=nan | t=nans
   183 | base=1.165866 | val=1.341193 | acc1=0.5924 | Wμ=0.991 | Aμ=1.113 | Wmax=1.000 | LR=0.002 | ‖g‖=nan | satA=nan | satW=nan | εμ=nan | εvar=nan | corr(ε,x)=nan | t=nans
   185 | base=1.183116 | val=0.910175 | acc1=0.7003 | Wμ=0.991 | Aμ=1.105 | Wmax=1.000 | LR=0.002 | ‖g‖=nan | satA=nan | satW=nan | εμ=nan | εvar=nan | corr(ε,x)=nan | t=nans
   187 | base=1.197722 | val=1.054647 | acc1=0.6725 | Wμ=0.991 | Aμ=1.096 | Wmax=1.000 | LR=0.0017238 | ‖g‖=nan | satA=nan | satW=nan | εμ=nan | εvar=nan | corr(ε,x)=nan | t=nans
   189 | base=1.066248 | val=0.818013 | acc1=0.7372 | Wμ=0.991 | Aμ=1.080 | Wmax=1.000 | LR=0.0014835 | ‖g‖=nan | satA=nan | satW=nan | εμ=nan | εvar=nan | corr(ε,x)=nan | t=nans
   191 | base=1.078419 | val=0.970625 | acc1=0.6903 | Wμ=0.991 | Aμ=1.065 | Wmax=1.000 | LR=0.0012767 | ‖g‖=nan | satA=nan | satW=nan | εμ=nan | εvar=nan | corr(ε,x)=nan | t=nans
   193 | base=1.077358 | val=0.756845 | acc1=0.7540 | Wμ=0.992 | Aμ=1.053 | Wmax=1.000 | LR=0.0010988 | ‖g‖=nan | satA=nan | satW=nan | εμ=nan | εvar=nan | corr(ε,x)=nan | t=nans
   195 | base=0.999844 | val=0.919507 | acc1=0.7116 | Wμ=0.992 | Aμ=1.037 | Wmax=1.000 | LR=0.00094562 | ‖g‖=nan | satA=nan | satW=nan | εμ=nan | εvar=nan | corr(ε,x)=nan | t=nans
   197 | base=1.051882 | val=0.751066 | acc1=0.7642 | Wμ=0.992 | Aμ=1.019 | Wmax=1.000 | LR=0.00081381 | ‖g‖=nan | satA=nan | satW=nan | εμ=nan | εvar=nan | corr(ε,x)=nan | t=nans
   199 | base=1.094264 | val=0.642582 | acc1=0.7907 | Wμ=0.992 | Aμ=1.000 | Wmax=1.000 | LR=0.00070037 | ‖g‖=nan | satA=nan | satW=nan | εμ=nan | εvar=nan | corr(ε,x)=nan | t=nans
   201 | base=1.053535 | val=0.790718 | acc1=0.7484 | Wμ=0.993 | Aμ=0.998 | Wmax=1.000 | LR=0.00060275 | ‖g‖=nan | satA=nan | satW=nan | εμ=nan | εvar=nan | corr(ε,x)=nan | t=nans
   203 | base=0.972355 | val=0.825107 | acc1=0.7396 | Wμ=0.993 | Aμ=0.998 | Wmax=1.000 | LR=0.00051873 | ‖g‖=nan | satA=nan | satW=nan | εμ=nan | εvar=nan | corr(ε,x)=nan | t=nans
   205 | base=1.109162 | val=0.767794 | acc1=0.7565 | Wμ=0.993 | Aμ=0.999 | Wmax=1.000 | LR=0.00044643 | ‖g‖=nan | satA=nan | satW=nan | εμ=nan | εvar=nan | corr(ε,x)=nan | t=nans
   207 | base=1.042776 | val=1.110086 | acc1=0.6688 | Wμ=0.993 | Aμ=0.999 | Wmax=1.000 | LR=0.0003842 | ‖g‖=nan | satA=nan | satW=nan | εμ=nan | εvar=nan | corr(ε,x)=nan | t=nans
   209 | base=0.988355 | val=0.599962 | acc1=0.7978 | Wμ=0.994 | Aμ=0.999 | Wmax=1.000 | LR=0.00033065 | ‖g‖=nan | satA=nan | satW=nan | εμ=nan | εvar=nan | corr(ε,x)=nan | t=nans
   211 | base=1.000877 | val=0.596086 | acc1=0.8042 | Wμ=0.994 | Aμ=0.999 | Wmax=1.000 | LR=0.00028456 | ‖g‖=nan | satA=nan | satW=nan | εμ=nan | εvar=nan | corr(ε,x)=nan | t=nans
   213 | base=0.893272 | val=0.548886 | acc1=0.8179 | Wμ=0.994 | Aμ=0.999 | Wmax=1.000 | LR=0.00024489 | ‖g‖=nan | satA=nan | satW=nan | εμ=nan | εvar=nan | corr(ε,x)=nan | t=nans
   215 | base=1.008256 | val=0.601896 | acc1=0.8022 | Wμ=0.994 | Aμ=0.999 | Wmax=1.000 | LR=0.00021076 | ‖g‖=nan | satA=nan | satW=nan | εμ=nan | εvar=nan | corr(ε,x)=nan | t=nans
   217 | base=0.963952 | val=0.582147 | acc1=0.8100 | Wμ=0.994 | Aμ=0.999 | Wmax=1.000 | LR=0.00018138 | ‖g‖=nan | satA=nan | satW=nan | εμ=nan | εvar=nan | corr(ε,x)=nan | t=nans
   219 | base=0.975273 | val=0.613095 | acc1=0.7961 | Wμ=0.994 | Aμ=0.999 | Wmax=1.000 | LR=0.0001561 | ‖g‖=nan | satA=nan | satW=nan | εμ=nan | εvar=nan | corr(ε,x)=nan | t=nans
   221 | base=0.971666 | val=0.760062 | acc1=0.7543 | Wμ=0.995 | Aμ=0.999 | Wmax=1.000 | LR=0.00013434 | ‖g‖=nan | satA=nan | satW=nan | εμ=nan | εvar=nan | corr(ε,x)=nan | t=nans
   223 | base=0.932343 | val=0.597088 | acc1=0.7980 | Wμ=0.995 | Aμ=0.999 | Wmax=1.000 | LR=0.00011561 | ‖g‖=nan | satA=nan | satW=nan | εμ=nan | εvar=nan | corr(ε,x)=nan | t=nans
   225 | base=0.963260 | val=0.815303 | acc1=0.7380 | Wμ=0.995 | Aμ=0.999 | Wmax=1.000 | LR=9.9499e-05 | ‖g‖=nan | satA=nan | satW=nan | εμ=nan | εvar=nan | corr(ε,x)=nan | t=nans
   227 | base=1.008832 | val=0.569019 | acc1=0.8119 | Wμ=0.995 | Aμ=0.999 | Wmax=1.000 | LR=8.563e-05 | ‖g‖=nan | satA=nan | satW=nan | εμ=nan | εvar=nan | corr(ε,x)=nan | t=nans
   229 | base=1.037395 | val=0.745019 | acc1=0.7625 | Wμ=0.995 | Aμ=0.999 | Wmax=1.000 | LR=7.3694e-05 | ‖g‖=nan | satA=nan | satW=nan | εμ=nan | εvar=nan | corr(ε,x)=nan | t=nans
   231 | base=0.953442 | val=0.811812 | acc1=0.7475 | Wμ=0.996 | Aμ=0.999 | Wmax=1.000 | LR=6.3422e-05 | ‖g‖=nan | satA=nan | satW=nan | εμ=nan | εvar=nan | corr(ε,x)=nan | t=nans
   233 | base=0.941080 | val=0.575390 | acc1=0.8074 | Wμ=0.996 | Aμ=0.999 | Wmax=1.000 | LR=5.4582e-05 | ‖g‖=nan | satA=nan | satW=nan | εμ=nan | εvar=nan | corr(ε,x)=nan | t=nans
   235 | base=0.918256 | val=0.721461 | acc1=0.7656 | Wμ=0.996 | Aμ=0.999 | Wmax=1.000 | LR=4.6974e-05 | ‖g‖=nan | satA=nan | satW=nan | εμ=nan | εvar=nan | corr(ε,x)=nan | t=nans
   237 | base=0.953096 | val=0.699844 | acc1=0.7745 | Wμ=0.996 | Aμ=0.999 | Wmax=1.000 | LR=4.0426e-05 | ‖g‖=nan | satA=nan | satW=nan | εμ=nan | εvar=nan | corr(ε,x)=nan | t=nans
   239 | base=0.939120 | val=0.652483 | acc1=0.7851 | Wμ=0.996 | Aμ=0.999 | Wmax=1.000 | LR=3.4791e-05 | ‖g‖=nan | satA=nan | satW=nan | εμ=nan | εvar=nan | corr(ε,x)=nan | t=nans
   241 | base=0.902740 | val=0.609459 | acc1=0.8005 | Wμ=0.996 | Aμ=0.999 | Wmax=1.000 | LR=2.9942e-05 | ‖g‖=nan | satA=nan | satW=nan | εμ=nan | εvar=nan | corr(ε,x)=nan | t=nans
   243 | base=0.949688 | val=0.645396 | acc1=0.7936 | Wμ=0.996 | Aμ=0.999 | Wmax=1.000 | LR=2.5768e-05 | ‖g‖=nan | satA=nan | satW=nan | εμ=nan | εvar=nan | corr(ε,x)=nan | t=nans
   245 | base=0.862322 | val=0.592084 | acc1=0.8098 | Wμ=0.996 | Aμ=0.999 | Wmax=1.000 | LR=2.2176e-05 | ‖g‖=nan | satA=nan | satW=nan | εμ=nan | εvar=nan | corr(ε,x)=nan | t=nans
   247 | base=0.882247 | val=0.641906 | acc1=0.7886 | Wμ=0.996 | Aμ=0.999 | Wmax=1.000 | LR=1.9085e-05 | ‖g‖=nan | satA=nan | satW=nan | εμ=nan | εvar=nan | corr(ε,x)=nan | t=nans
   249 | base=0.896740 | val=0.557674 | acc1=0.8193 | Wμ=0.996 | Aμ=0.999 | Wmax=1.000 | LR=1.6425e-05 | ‖g‖=nan | satA=nan | satW=nan | εμ=nan | εvar=nan | corr(ε,x)=nan | t=nans
   251 | base=0.881150 | val=0.712476 | acc1=0.7775 | Wμ=0.996 | Aμ=0.999 | Wmax=1.000 | LR=1.4135e-05 | ‖g‖=nan | satA=nan | satW=nan | εμ=nan | εvar=nan | corr(ε,x)=nan | t=nans
   253 | base=0.824189 | val=0.689050 | acc1=0.7737 | Wμ=0.996 | Aμ=0.999 | Wmax=1.000 | LR=1.2165e-05 | ‖g‖=nan | satA=nan | satW=nan | εμ=nan | εvar=nan | corr(ε,x)=nan | t=nans
   255 | base=0.896841 | val=0.538941 | acc1=0.8216 | Wμ=0.997 | Aμ=0.999 | Wmax=1.000 | LR=1.0469e-05 | ‖g‖=nan | satA=nan | satW=nan | εμ=nan | εvar=nan | corr(ε,x)=nan | t=nans
   257 | base=0.892498 | val=0.598956 | acc1=0.8023 | Wμ=0.997 | Aμ=0.999 | Wmax=1.000 | LR=9.0101e-06 | ‖g‖=nan | satA=nan | satW=nan | εμ=nan | εvar=nan | corr(ε,x)=nan | t=nans
   259 | base=0.866707 | val=0.702728 | acc1=0.7775 | Wμ=0.997 | Aμ=0.999 | Wmax=1.000 | LR=7.7542e-06 | ‖g‖=nan | satA=nan | satW=nan | εμ=nan | εvar=nan | corr(ε,x)=nan | t=nans
   261 | base=0.914759 | val=0.573914 | acc1=0.8147 | Wμ=0.997 | Aμ=0.999 | Wmax=1.000 | LR=6.6734e-06 | ‖g‖=nan | satA=nan | satW=nan | εμ=nan | εvar=nan | corr(ε,x)=nan | t=nans
   263 | base=0.965412 | val=0.549215 | acc1=0.8188 | Wμ=0.997 | Aμ=0.999 | Wmax=1.000 | LR=5.7432e-06 | ‖g‖=nan | satA=nan | satW=nan | εμ=nan | εvar=nan | corr(ε,x)=nan | t=nans
   265 | base=0.807313 | val=0.730201 | acc1=0.7685 | Wμ=0.997 | Aμ=0.999 | Wmax=1.000 | LR=4.9426e-06 | ‖g‖=nan | satA=nan | satW=nan | εμ=nan | εvar=nan | corr(ε,x)=nan | t=nans
   267 | base=0.920069 | val=0.541306 | acc1=0.8179 | Wμ=0.997 | Aμ=0.999 | Wmax=1.000 | LR=4.2537e-06 | ‖g‖=nan | satA=nan | satW=nan | εμ=nan | εvar=nan | corr(ε,x)=nan | t=nans
   269 | base=0.889133 | val=0.585852 | acc1=0.8110 | Wμ=0.997 | Aμ=0.999 | Wmax=1.000 | LR=3.6608e-06 | ‖g‖=nan | satA=nan | satW=nan | εμ=nan | εvar=nan | corr(ε,x)=nan | t=nans
   271 | base=0.833007 | val=0.529620 | acc1=0.8254 | Wμ=0.997 | Aμ=0.999 | Wmax=1.000 | LR=3.1505e-06 | ‖g‖=nan | satA=nan | satW=nan | εμ=nan | εvar=nan | corr(ε,x)=nan | t=nans
   273 | base=0.898740 | val=0.845303 | acc1=0.7327 | Wμ=0.997 | Aμ=0.999 | Wmax=1.000 | LR=2.7114e-06 | ‖g‖=nan | satA=nan | satW=nan | εμ=nan | εvar=nan | corr(ε,x)=nan | t=nans
   275 | base=0.917727 | val=0.687031 | acc1=0.7758 | Wμ=0.997 | Aμ=0.999 | Wmax=1.000 | LR=2.3334e-06 | ‖g‖=nan | satA=nan | satW=nan | εμ=nan | εvar=nan | corr(ε,x)=nan | t=nans
   277 | base=0.831895 | val=0.720470 | acc1=0.7600 | Wμ=0.997 | Aμ=0.999 | Wmax=1.000 | LR=2.0082e-06 | ‖g‖=nan | satA=nan | satW=nan | εμ=nan | εvar=nan | corr(ε,x)=nan | t=nans
   279 | base=0.892227 | val=0.522252 | acc1=0.8289 | Wμ=0.997 | Aμ=0.999 | Wmax=1.000 | LR=1.7283e-06 | ‖g‖=nan | satA=nan | satW=nan | εμ=nan | εvar=nan | corr(ε,x)=nan | t=nans
   281 | base=0.853121 | val=0.757258 | acc1=0.7647 | Wμ=0.997 | Aμ=0.999 | Wmax=1.000 | LR=1.4874e-06 | ‖g‖=nan | satA=nan | satW=nan | εμ=nan | εvar=nan | corr(ε,x)=nan | t=nans
   283 | base=0.900926 | val=0.649694 | acc1=0.7939 | Wμ=0.997 | Aμ=0.999 | Wmax=1.000 | LR=1.28e-06 | ‖g‖=nan | satA=nan | satW=nan | εμ=nan | εvar=nan | corr(ε,x)=nan | t=nans
   285 | base=0.896158 | val=0.548712 | acc1=0.8161 | Wμ=0.997 | Aμ=0.999 | Wmax=1.000 | LR=1.1016e-06 | ‖g‖=nan | satA=nan | satW=nan | εμ=nan | εvar=nan | corr(ε,x)=nan | t=nans
   287 | base=0.850318 | val=0.847961 | acc1=0.7385 | Wμ=0.997 | Aμ=0.999 | Wmax=1.000 | LR=9.4806e-07 | ‖g‖=nan | satA=nan | satW=nan | εμ=nan | εvar=nan | corr(ε,x)=nan | t=nans
   289 | base=0.838342 | val=0.531533 | acc1=0.8248 | Wμ=0.997 | Aμ=0.999 | Wmax=1.000 | LR=8.1591e-07 | ‖g‖=nan | satA=nan | satW=nan | εμ=nan | εvar=nan | corr(ε,x)=nan | t=nans
   291 | base=0.837156 | val=0.527125 | acc1=0.8300 | Wμ=0.997 | Aμ=0.999 | Wmax=1.000 | LR=7.0218e-07 | ‖g‖=nan | satA=nan | satW=nan | εμ=nan | εvar=nan | corr(ε,x)=nan | t=nans
   293 | base=0.879314 | val=0.542398 | acc1=0.8251 | Wμ=0.997 | Aμ=0.999 | Wmax=1.000 | LR=6.043e-07 | ‖g‖=nan | satA=nan | satW=nan | εμ=nan | εvar=nan | corr(ε,x)=nan | t=nans
   295 | base=0.897659 | val=0.518078 | acc1=0.8328 | Wμ=0.997 | Aμ=0.999 | Wmax=1.000 | LR=5.2007e-07 | ‖g‖=nan | satA=nan | satW=nan | εμ=nan | εvar=nan | corr(ε,x)=nan | t=nans
   297 | base=0.857441 | val=0.554348 | acc1=0.8216 | Wμ=0.997 | Aμ=0.999 | Wmax=1.000 | LR=4.4758e-07 | ‖g‖=nan | satA=nan | satW=nan | εμ=nan | εvar=nan | corr(ε,x)=nan | t=nans
   299 | base=0.886832 | val=0.693608 | acc1=0.7709 | Wμ=0.997 | Aμ=0.999 | Wmax=1.000 | LR=3.8519e-07 | ‖g‖=nan | satA=nan | satW=nan | εμ=nan | εvar=nan | corr(ε,x)=nan | t=nans
   301 | base=0.914004 | val=0.496875 | acc1=0.8349 | Wμ=0.997 | Aμ=0.999 | Wmax=1.000 | LR=3.315e-07 | ‖g‖=nan | satA=nan | satW=nan | εμ=nan | εvar=nan | corr(ε,x)=nan | t=nans
   303 | base=0.884628 | val=0.608843 | acc1=0.8048 | Wμ=0.997 | Aμ=0.999 | Wmax=1.000 | LR=2.8529e-07 | ‖g‖=nan | satA=nan | satW=nan | εμ=nan | εvar=nan | corr(ε,x)=nan | t=nans
   305 | base=0.880913 | val=0.497846 | acc1=0.8353 | Wμ=0.997 | Aμ=0.999 | Wmax=1.000 | LR=2.4553e-07 | ‖g‖=nan | satA=nan | satW=nan | εμ=nan | εvar=nan | corr(ε,x)=nan | t=nans
   307 | base=0.953628 | val=0.577072 | acc1=0.8099 | Wμ=0.997 | Aμ=0.999 | Wmax=1.000 | LR=2.113e-07 | ‖g‖=nan | satA=nan | satW=nan | εμ=nan | εvar=nan | corr(ε,x)=nan | t=nans
   309 | base=0.844303 | val=0.583895 | acc1=0.8114 | Wμ=0.997 | Aμ=0.999 | Wmax=1.000 | LR=1.8185e-07 | ‖g‖=nan | satA=nan | satW=nan | εμ=nan | εvar=nan | corr(ε,x)=nan | t=nans
   311 | base=0.839144 | val=0.497803 | acc1=0.8372 | Wμ=0.997 | Aμ=0.999 | Wmax=1.000 | LR=1.565e-07 | ‖g‖=nan | satA=nan | satW=nan | εμ=nan | εvar=nan | corr(ε,x)=nan | t=nans
   313 | base=0.941434 | val=0.514060 | acc1=0.8321 | Wμ=0.997 | Aμ=0.999 | Wmax=1.000 | LR=1.3469e-07 | ‖g‖=nan | satA=nan | satW=nan | εμ=nan | εvar=nan | corr(ε,x)=nan | t=nans
   315 | base=0.890104 | val=0.702011 | acc1=0.7743 | Wμ=0.997 | Aμ=0.999 | Wmax=1.000 | LR=1.1591e-07 | ‖g‖=nan | satA=nan | satW=nan | εμ=nan | εvar=nan | corr(ε,x)=nan | t=nans
   317 | base=0.844581 | val=0.502737 | acc1=0.8351 | Wμ=0.997 | Aμ=0.999 | Wmax=1.000 | LR=9.9756e-08 | ‖g‖=nan | satA=nan | satW=nan | εμ=nan | εvar=nan | corr(ε,x)=nan | t=nans
   319 | base=0.849282 | val=0.537524 | acc1=0.8241 | Wμ=0.997 | Aμ=0.999 | Wmax=1.000 | LR=8.5851e-08 | ‖g‖=nan | satA=nan | satW=nan | εμ=nan | εvar=nan | corr(ε,x)=nan | t=nans
   321 | base=0.856815 | val=0.493998 | acc1=0.8348 | Wμ=0.997 | Aμ=0.999 | Wmax=1.000 | LR=7.3884e-08 | ‖g‖=nan | satA=nan | satW=nan | εμ=nan | εvar=nan | corr(ε,x)=nan | t=nans
   323 | base=0.845691 | val=0.563832 | acc1=0.8187 | Wμ=0.997 | Aμ=0.999 | Wmax=1.000 | LR=6.3586e-08 | ‖g‖=nan | satA=nan | satW=nan | εμ=nan | εvar=nan | corr(ε,x)=nan | t=nans
   325 | base=0.887602 | val=0.534245 | acc1=0.8228 | Wμ=0.997 | Aμ=0.999 | Wmax=1.000 | LR=5.4723e-08 | ‖g‖=nan | satA=nan | satW=nan | εμ=nan | εvar=nan | corr(ε,x)=nan | t=nans
   327 | base=0.850796 | val=0.493759 | acc1=0.8350 | Wμ=0.997 | Aμ=0.999 | Wmax=1.000 | LR=4.7095e-08 | ‖g‖=nan | satA=nan | satW=nan | εμ=nan | εvar=nan | corr(ε,x)=nan | t=nans
   329 | base=0.857930 | val=0.559172 | acc1=0.8174 | Wμ=0.997 | Aμ=0.999 | Wmax=1.000 | LR=4.053e-08 | ‖g‖=nan | satA=nan | satW=nan | εμ=nan | εvar=nan | corr(ε,x)=nan | t=nans
   331 | base=0.919560 | val=0.519355 | acc1=0.8307 | Wμ=0.997 | Aμ=0.999 | Wmax=1.000 | LR=3.4881e-08 | ‖g‖=nan | satA=nan | satW=nan | εμ=nan | εvar=nan | corr(ε,x)=nan | t=nans
   333 | base=0.836965 | val=0.574362 | acc1=0.8169 | Wμ=0.997 | Aμ=0.999 | Wmax=1.000 | LR=3.0019e-08 | ‖g‖=nan | satA=nan | satW=nan | εμ=nan | εvar=nan | corr(ε,x)=nan | t=nans
   335 | base=0.865137 | val=0.503478 | acc1=0.8361 | Wμ=0.997 | Aμ=0.999 | Wmax=1.000 | LR=2.5835e-08 | ‖g‖=nan | satA=nan | satW=nan | εμ=nan | εvar=nan | corr(ε,x)=nan | t=nans
   337 | base=0.921567 | val=0.486564 | acc1=0.8363 | Wμ=0.997 | Aμ=0.999 | Wmax=1.000 | LR=2.2234e-08 | ‖g‖=nan | satA=nan | satW=nan | εμ=nan | εvar=nan | corr(ε,x)=nan | t=nans
   339 | base=0.899000 | val=0.513824 | acc1=0.8284 | Wμ=0.997 | Aμ=0.999 | Wmax=1.000 | LR=1.9134e-08 | ‖g‖=nan | satA=nan | satW=nan | εμ=nan | εvar=nan | corr(ε,x)=nan | t=nans
   341 | base=0.870484 | val=0.487066 | acc1=0.8397 | Wμ=0.997 | Aμ=0.999 | Wmax=1.000 | LR=1.6467e-08 | ‖g‖=nan | satA=nan | satW=nan | εμ=nan | εvar=nan | corr(ε,x)=nan | t=nans
   343 | base=0.845811 | val=0.519803 | acc1=0.8307 | Wμ=0.997 | Aμ=0.999 | Wmax=1.000 | LR=1.4172e-08 | ‖g‖=nan | satA=nan | satW=nan | εμ=nan | εvar=nan | corr(ε,x)=nan | t=nans
   345 | base=0.912837 | val=0.508402 | acc1=0.8348 | Wμ=0.997 | Aμ=0.999 | Wmax=1.000 | LR=1.2197e-08 | ‖g‖=nan | satA=nan | satW=nan | εμ=nan | εvar=nan | corr(ε,x)=nan | t=nans
   347 | base=0.855382 | val=0.495620 | acc1=0.8344 | Wμ=0.997 | Aμ=0.999 | Wmax=1.000 | LR=1.0496e-08 | ‖g‖=nan | satA=nan | satW=nan | εμ=nan | εvar=nan | corr(ε,x)=nan | t=nans
   349 | base=0.838775 | val=0.491931 | acc1=0.8341 | Wμ=0.997 | Aμ=0.999 | Wmax=1.000 | LR=9.0334e-09 | ‖g‖=nan | satA=nan | satW=nan | εμ=nan | εvar=nan | corr(ε,x)=nan | t=nans
   351 | base=0.851438 | val=0.500967 | acc1=0.8385 | Wμ=0.997 | Aμ=0.999 | Wmax=1.000 | LR=7.7742e-09 | ‖g‖=nan | satA=nan | satW=nan | εμ=nan | εvar=nan | corr(ε,x)=nan | t=nans
   353 | base=0.862594 | val=0.520091 | acc1=0.8275 | Wμ=0.997 | Aμ=0.999 | Wmax=1.000 | LR=6.6906e-09 | ‖g‖=nan | satA=nan | satW=nan | εμ=nan | εvar=nan | corr(ε,x)=nan | t=nans
   355 | base=0.890878 | val=0.525270 | acc1=0.8245 | Wμ=0.997 | Aμ=0.999 | Wmax=1.000 | LR=5.758e-09 | ‖g‖=nan | satA=nan | satW=nan | εμ=nan | εvar=nan | corr(ε,x)=nan | t=nans
   357 | base=0.801890 | val=0.506635 | acc1=0.8366 | Wμ=0.997 | Aμ=0.999 | Wmax=1.000 | LR=4.9554e-09 | ‖g‖=nan | satA=nan | satW=nan | εμ=nan | εvar=nan | corr(ε,x)=nan | t=nans
   359 | base=0.881194 | val=0.497368 | acc1=0.8338 | Wμ=0.997 | Aμ=0.999 | Wmax=1.000 | LR=4.2647e-09 | ‖g‖=nan | satA=nan | satW=nan | εμ=nan | εvar=nan | corr(ε,x)=nan | t=nans
   361 | base=0.885409 | val=0.526386 | acc1=0.8259 | Wμ=0.997 | Aμ=0.999 | Wmax=1.000 | LR=3.6702e-09 | ‖g‖=nan | satA=nan | satW=nan | εμ=nan | εvar=nan | corr(ε,x)=nan | t=nans
   363 | base=0.825698 | val=0.474214 | acc1=0.8402 | Wμ=0.997 | Aμ=0.999 | Wmax=1.000 | LR=3.1586e-09 | ‖g‖=nan | satA=nan | satW=nan | εμ=nan | εvar=nan | corr(ε,x)=nan | t=nans
   365 | base=0.832916 | val=0.494174 | acc1=0.8362 | Wμ=0.997 | Aμ=0.999 | Wmax=1.000 | LR=2.7183e-09 | ‖g‖=nan | satA=nan | satW=nan | εμ=nan | εvar=nan | corr(ε,x)=nan | t=nans
   367 | base=0.813902 | val=0.472694 | acc1=0.8412 | Wμ=0.997 | Aμ=0.999 | Wmax=1.000 | LR=2.3394e-09 | ‖g‖=nan | satA=nan | satW=nan | εμ=nan | εvar=nan | corr(ε,x)=nan | t=nans
   369 | base=0.860090 | val=0.471230 | acc1=0.8435 | Wμ=0.997 | Aμ=0.999 | Wmax=1.000 | LR=2.0133e-09 | ‖g‖=nan | satA=nan | satW=nan | εμ=nan | εvar=nan | corr(ε,x)=nan | t=nans
   371 | base=0.836427 | val=0.470029 | acc1=0.8466 | Wμ=0.997 | Aμ=0.999 | Wmax=1.000 | LR=1.7327e-09 | ‖g‖=nan | satA=nan | satW=nan | εμ=nan | εvar=nan | corr(ε,x)=nan | t=nans
   373 | base=0.832955 | val=0.481654 | acc1=0.8416 | Wμ=0.997 | Aμ=0.999 | Wmax=1.000 | LR=1.4912e-09 | ‖g‖=nan | satA=nan | satW=nan | εμ=nan | εvar=nan | corr(ε,x)=nan | t=nans
   375 | base=0.871185 | val=0.474206 | acc1=0.8405 | Wμ=0.997 | Aμ=0.999 | Wmax=1.000 | LR=1.2833e-09 | ‖g‖=nan | satA=nan | satW=nan | εμ=nan | εvar=nan | corr(ε,x)=nan | t=nans
   377 | base=0.819157 | val=0.475677 | acc1=0.8451 | Wμ=0.997 | Aμ=0.999 | Wmax=1.000 | LR=1.1045e-09 | ‖g‖=nan | satA=nan | satW=nan | εμ=nan | εvar=nan | corr(ε,x)=nan | t=nans
   379 | base=0.875875 | val=0.467480 | acc1=0.8488 | Wμ=0.997 | Aμ=0.999 | Wmax=1.000 | LR=9.505e-10 | ‖g‖=nan | satA=nan | satW=nan | εμ=nan | εvar=nan | corr(ε,x)=nan | t=nans
   381 | base=0.880255 | val=0.464439 | acc1=0.8469 | Wμ=0.997 | Aμ=0.999 | Wmax=1.000 | LR=8.1801e-10 | ‖g‖=nan | satA=nan | satW=nan | εμ=nan | εvar=nan | corr(ε,x)=nan | t=nans
   383 | base=0.859011 | val=0.479005 | acc1=0.8416 | Wμ=0.997 | Aμ=0.999 | Wmax=1.000 | LR=7.0399e-10 | ‖g‖=nan | satA=nan | satW=nan | εμ=nan | εvar=nan | corr(ε,x)=nan | t=nans
   385 | base=0.776703 | val=0.474163 | acc1=0.8432 | Wμ=0.997 | Aμ=0.999 | Wmax=1.000 | LR=6.0586e-10 | ‖g‖=nan | satA=nan | satW=nan | εμ=nan | εvar=nan | corr(ε,x)=nan | t=nans
   387 | base=0.837358 | val=0.475984 | acc1=0.8441 | Wμ=0.997 | Aμ=0.999 | Wmax=1.000 | LR=5.2141e-10 | ‖g‖=nan | satA=nan | satW=nan | εμ=nan | εvar=nan | corr(ε,x)=nan | t=nans
   389 | base=0.852153 | val=0.481877 | acc1=0.8411 | Wμ=0.997 | Aμ=0.999 | Wmax=1.000 | LR=4.4873e-10 | ‖g‖=nan | satA=nan | satW=nan | εμ=nan | εvar=nan | corr(ε,x)=nan | t=nans
   391 | base=0.845455 | val=0.473478 | acc1=0.8464 | Wμ=0.997 | Aμ=0.999 | Wmax=1.000 | LR=3.8618e-10 | ‖g‖=nan | satA=nan | satW=nan | εμ=nan | εvar=nan | corr(ε,x)=nan | t=nans
   393 | base=0.892764 | val=0.464495 | acc1=0.8448 | Wμ=0.997 | Aμ=0.999 | Wmax=1.000 | LR=3.3235e-10 | ‖g‖=nan | satA=nan | satW=nan | εμ=nan | εvar=nan | corr(ε,x)=nan | t=nans
   395 | base=0.855387 | val=0.463738 | acc1=0.8436 | Wμ=0.997 | Aμ=0.999 | Wmax=1.000 | LR=2.8603e-10 | ‖g‖=nan | satA=nan | satW=nan | εμ=nan | εvar=nan | corr(ε,x)=nan | t=nans
   397 | base=0.895961 | val=0.461789 | acc1=0.8478 | Wμ=0.997 | Aμ=0.999 | Wmax=1.000 | LR=2.4616e-10 | ‖g‖=nan | satA=nan | satW=nan | εμ=nan | εvar=nan | corr(ε,x)=nan | t=nans
   399 | base=0.835037 | val=0.475320 | acc1=0.8437 | Wμ=0.997 | Aμ=0.999 | Wmax=1.000 | LR=2.1185e-10 | ‖g‖=nan | satA=nan | satW=nan | εμ=nan | εvar=nan | corr(ε,x)=nan | t=nans
   401 | base=0.843210 | val=0.458096 | acc1=0.8493 | Wμ=0.997 | Aμ=0.999 | Wmax=1.000 | LR=1.8232e-10 | ‖g‖=nan | satA=nan | satW=nan | εμ=nan | εvar=nan | corr(ε,x)=nan | t=nans
   403 | base=0.830740 | val=0.471646 | acc1=0.8407 | Wμ=0.997 | Aμ=0.999 | Wmax=1.000 | LR=1.569e-10 | ‖g‖=nan | satA=nan | satW=nan | εμ=nan | εvar=nan | corr(ε,x)=nan | t=nans
   405 | base=0.788530 | val=0.458526 | acc1=0.8480 | Wμ=0.997 | Aμ=0.999 | Wmax=1.000 | LR=1.3503e-10 | ‖g‖=nan | satA=nan | satW=nan | εμ=nan | εvar=nan | corr(ε,x)=nan | t=nans
   407 | base=0.867429 | val=0.465061 | acc1=0.8466 | Wμ=0.997 | Aμ=0.999 | Wmax=1.000 | LR=1.1621e-10 | ‖g‖=nan | satA=nan | satW=nan | εμ=nan | εvar=nan | corr(ε,x)=nan | t=nans
   409 | base=0.839485 | val=0.462799 | acc1=0.8474 | Wμ=0.997 | Aμ=0.999 | Wmax=1.000 | LR=1.0001e-10 | ‖g‖=nan | satA=nan | satW=nan | εμ=nan | εvar=nan | corr(ε,x)=nan | t=nans
   411 | base=0.866406 | val=0.461370 | acc1=0.8492 | Wμ=0.997 | Aμ=0.999 | Wmax=1.000 | LR=8.6072e-11 | ‖g‖=nan | satA=nan | satW=nan | εμ=nan | εvar=nan | corr(ε,x)=nan | t=nans
   413 | base=0.901256 | val=0.468616 | acc1=0.8458 | Wμ=0.997 | Aμ=0.999 | Wmax=1.000 | LR=7.4075e-11 | ‖g‖=nan | satA=nan | satW=nan | εμ=nan | εvar=nan | corr(ε,x)=nan | t=nans
   415 | base=0.815656 | val=0.461959 | acc1=0.8493 | Wμ=0.997 | Aμ=0.999 | Wmax=1.000 | LR=6.375e-11 | ‖g‖=nan | satA=nan | satW=nan | εμ=nan | εvar=nan | corr(ε,x)=nan | t=nans
   417 | base=0.830772 | val=0.470126 | acc1=0.8444 | Wμ=0.997 | Aμ=0.999 | Wmax=1.000 | LR=5.4864e-11 | ‖g‖=nan | satA=nan | satW=nan | εμ=nan | εvar=nan | corr(ε,x)=nan | t=nans
   419 | base=0.864596 | val=0.466228 | acc1=0.8458 | Wμ=0.997 | Aμ=0.999 | Wmax=1.000 | LR=4.7216e-11 | ‖g‖=nan | satA=nan | satW=nan | εμ=nan | εvar=nan | corr(ε,x)=nan | t=nans
   421 | base=0.781739 | val=0.463534 | acc1=0.8482 | Wμ=0.997 | Aμ=0.999 | Wmax=1.000 | LR=4.0635e-11 | ‖g‖=nan | satA=nan | satW=nan | εμ=nan | εvar=nan | corr(ε,x)=nan | t=nans
   423 | base=0.770687 | val=0.464552 | acc1=0.8452 | Wμ=0.997 | Aμ=0.999 | Wmax=1.000 | LR=3.4971e-11 | ‖g‖=nan | satA=nan | satW=nan | εμ=nan | εvar=nan | corr(ε,x)=nan | t=nans
   425 | base=0.787435 | val=0.461329 | acc1=0.8485 | Wμ=0.997 | Aμ=0.999 | Wmax=1.000 | LR=3.0096e-11 | ‖g‖=nan | satA=nan | satW=nan | εμ=nan | εvar=nan | corr(ε,x)=nan | t=nans
   427 | base=0.819062 | val=0.459285 | acc1=0.8445 | Wμ=0.997 | Aμ=0.999 | Wmax=1.000 | LR=2.5901e-11 | ‖g‖=nan | satA=nan | satW=nan | εμ=nan | εvar=nan | corr(ε,x)=nan | t=nans
   429 | base=0.839031 | val=0.460867 | acc1=0.8477 | Wμ=0.997 | Aμ=0.999 | Wmax=1.000 | LR=2.2291e-11 | ‖g‖=nan | satA=nan | satW=nan | εμ=nan | εvar=nan | corr(ε,x)=nan | t=nans
   431 | base=0.824021 | val=0.468174 | acc1=0.8481 | Wμ=0.997 | Aμ=0.999 | Wmax=1.000 | LR=1.9184e-11 | ‖g‖=nan | satA=nan | satW=nan | εμ=nan | εvar=nan | corr(ε,x)=nan | t=nans
   433 | base=0.788228 | val=0.459240 | acc1=0.8493 | Wμ=0.997 | Aμ=0.999 | Wmax=1.000 | LR=1.651e-11 | ‖g‖=nan | satA=nan | satW=nan | εμ=nan | εvar=nan | corr(ε,x)=nan | t=nans
   435 | base=0.866291 | val=0.466235 | acc1=0.8449 | Wμ=0.997 | Aμ=0.999 | Wmax=1.000 | LR=1.4208e-11 | ‖g‖=nan | satA=nan | satW=nan | εμ=nan | εvar=nan | corr(ε,x)=nan | t=nans
   437 | base=0.872583 | val=0.457450 | acc1=0.8460 | Wμ=0.997 | Aμ=0.999 | Wmax=1.000 | LR=1.2228e-11 | ‖g‖=nan | satA=nan | satW=nan | εμ=nan | εvar=nan | corr(ε,x)=nan | t=nans
   439 | base=0.826295 | val=0.462662 | acc1=0.8469 | Wμ=0.997 | Aμ=0.999 | Wmax=1.000 | LR=1.0524e-11 | ‖g‖=nan | satA=nan | satW=nan | εμ=nan | εvar=nan | corr(ε,x)=nan | t=nans
   441 | base=0.876351 | val=0.460287 | acc1=0.8483 | Wμ=0.997 | Aμ=0.999 | Wmax=1.000 | LR=9.0567e-12 | ‖g‖=nan | satA=nan | satW=nan | εμ=nan | εvar=nan | corr(ε,x)=nan | t=nans
   443 | base=0.874451 | val=0.458054 | acc1=0.8477 | Wμ=0.997 | Aμ=0.999 | Wmax=1.000 | LR=7.7943e-12 | ‖g‖=nan | satA=nan | satW=nan | εμ=nan | εvar=nan | corr(ε,x)=nan | t=nans
   445 | base=0.827063 | val=0.471005 | acc1=0.8420 | Wμ=0.997 | Aμ=0.999 | Wmax=1.000 | LR=6.7078e-12 | ‖g‖=nan | satA=nan | satW=nan | εμ=nan | εvar=nan | corr(ε,x)=nan | t=nans
   447 | base=0.853257 | val=0.463659 | acc1=0.8426 | Wμ=0.997 | Aμ=0.999 | Wmax=1.000 | LR=5.7728e-12 | ‖g‖=nan | satA=nan | satW=nan | εμ=nan | εvar=nan | corr(ε,x)=nan | t=nans
   449 | base=0.883336 | val=0.463929 | acc1=0.8458 | Wμ=0.997 | Aμ=0.999 | Wmax=1.000 | LR=4.9682e-12 | ‖g‖=nan | satA=nan | satW=nan | εμ=nan | εvar=nan | corr(ε,x)=nan | t=nans
   451 | base=0.839844 | val=0.462694 | acc1=0.8445 | Wμ=0.997 | Aμ=0.999 | Wmax=1.000 | LR=4.2757e-12 | ‖g‖=nan | satA=nan | satW=nan | εμ=nan | εvar=nan | corr(ε,x)=nan | t=nans
   453 | base=0.787040 | val=0.452394 | acc1=0.8488 | Wμ=0.997 | Aμ=0.999 | Wmax=1.000 | LR=3.6797e-12 | ‖g‖=nan | satA=nan | satW=nan | εμ=nan | εvar=nan | corr(ε,x)=nan | t=nans
   455 | base=0.794377 | val=0.467337 | acc1=0.8426 | Wμ=0.997 | Aμ=0.999 | Wmax=1.000 | LR=3.1668e-12 | ‖g‖=nan | satA=nan | satW=nan | εμ=nan | εvar=nan | corr(ε,x)=nan | t=nans
   457 | base=0.851347 | val=0.465205 | acc1=0.8434 | Wμ=0.997 | Aμ=0.999 | Wmax=1.000 | LR=2.7254e-12 | ‖g‖=nan | satA=nan | satW=nan | εμ=nan | εvar=nan | corr(ε,x)=nan | t=nans
   459 | base=0.881071 | val=0.465477 | acc1=0.8461 | Wμ=0.997 | Aμ=0.999 | Wmax=1.000 | LR=2.3455e-12 | ‖g‖=nan | satA=nan | satW=nan | εμ=nan | εvar=nan | corr(ε,x)=nan | t=nans
   461 | base=0.859931 | val=0.469047 | acc1=0.8455 | Wμ=0.997 | Aμ=0.999 | Wmax=1.000 | LR=2.0185e-12 | ‖g‖=nan | satA=nan | satW=nan | εμ=nan | εvar=nan | corr(ε,x)=nan | t=nans
   463 | base=0.791935 | val=0.467165 | acc1=0.8461 | Wμ=0.997 | Aμ=0.999 | Wmax=1.000 | LR=1.7372e-12 | ‖g‖=nan | satA=nan | satW=nan | εμ=nan | εvar=nan | corr(ε,x)=nan | t=nans
   465 | base=0.845670 | val=0.458531 | acc1=0.8468 | Wμ=0.997 | Aμ=0.999 | Wmax=1.000 | LR=1.495e-12 | ‖g‖=nan | satA=nan | satW=nan | εμ=nan | εvar=nan | corr(ε,x)=nan | t=nans
   467 | base=0.872218 | val=0.471996 | acc1=0.8439 | Wμ=0.997 | Aμ=0.999 | Wmax=1.000 | LR=1.2866e-12 | ‖g‖=nan | satA=nan | satW=nan | εμ=nan | εvar=nan | corr(ε,x)=nan | t=nans
   469 | base=0.760422 | val=0.455195 | acc1=0.8475 | Wμ=0.997 | Aμ=0.999 | Wmax=1.000 | LR=1.1073e-12 | ‖g‖=nan | satA=nan | satW=nan | εμ=nan | εvar=nan | corr(ε,x)=nan | t=nans
   471 | base=0.862627 | val=0.464775 | acc1=0.8455 | Wμ=0.997 | Aμ=0.999 | Wmax=1.000 | LR=9.5295e-13 | ‖g‖=nan | satA=nan | satW=nan | εμ=nan | εvar=nan | corr(ε,x)=nan | t=nans
   473 | base=0.817687 | val=0.463469 | acc1=0.8462 | Wμ=0.997 | Aμ=0.999 | Wmax=1.000 | LR=8.2012e-13 | ‖g‖=nan | satA=nan | satW=nan | εμ=nan | εvar=nan | corr(ε,x)=nan | t=nans
   475 | base=0.799120 | val=0.463422 | acc1=0.8477 | Wμ=0.997 | Aμ=0.999 | Wmax=1.000 | LR=7.0581e-13 | ‖g‖=nan | satA=nan | satW=nan | εμ=nan | εvar=nan | corr(ε,x)=nan | t=nans
   477 | base=0.823187 | val=0.457970 | acc1=0.8470 | Wμ=0.997 | Aμ=0.999 | Wmax=1.000 | LR=6.0742e-13 | ‖g‖=nan | satA=nan | satW=nan | εμ=nan | εvar=nan | corr(ε,x)=nan | t=nans
   479 | base=0.789507 | val=0.462052 | acc1=0.8468 | Wμ=0.997 | Aμ=0.999 | Wmax=1.000 | LR=5.2276e-13 | ‖g‖=nan | satA=nan | satW=nan | εμ=nan | εvar=nan | corr(ε,x)=nan | t=nans
   481 | base=0.879929 | val=0.459544 | acc1=0.8454 | Wμ=0.997 | Aμ=0.999 | Wmax=1.000 | LR=4.4989e-13 | ‖g‖=nan | satA=nan | satW=nan | εμ=nan | εvar=nan | corr(ε,x)=nan | t=nans
   483 | base=0.876928 | val=0.456599 | acc1=0.8491 | Wμ=0.997 | Aμ=0.999 | Wmax=1.000 | LR=3.8718e-13 | ‖g‖=nan | satA=nan | satW=nan | εμ=nan | εvar=nan | corr(ε,x)=nan | t=nans
   485 | base=0.836616 | val=0.472159 | acc1=0.8421 | Wμ=0.997 | Aμ=0.999 | Wmax=1.000 | LR=3.3321e-13 | ‖g‖=nan | satA=nan | satW=nan | εμ=nan | εvar=nan | corr(ε,x)=nan | t=nans
   487 | base=0.846598 | val=0.459985 | acc1=0.8482 | Wμ=0.997 | Aμ=0.999 | Wmax=1.000 | LR=2.8677e-13 | ‖g‖=nan | satA=nan | satW=nan | εμ=nan | εvar=nan | corr(ε,x)=nan | t=nans
   489 | base=0.849960 | val=0.467016 | acc1=0.8447 | Wμ=0.997 | Aμ=0.999 | Wmax=1.000 | LR=2.4679e-13 | ‖g‖=nan | satA=nan | satW=nan | εμ=nan | εvar=nan | corr(ε,x)=nan | t=nans
   491 | base=0.829898 | val=0.464179 | acc1=0.8479 | Wμ=0.997 | Aμ=0.999 | Wmax=1.000 | LR=2.1239e-13 | ‖g‖=nan | satA=nan | satW=nan | εμ=nan | εvar=nan | corr(ε,x)=nan | t=nans
   493 | base=0.864645 | val=0.465375 | acc1=0.8479 | Wμ=0.997 | Aμ=0.999 | Wmax=1.000 | LR=1.8279e-13 | ‖g‖=nan | satA=nan | satW=nan | εμ=nan | εvar=nan | corr(ε,x)=nan | t=nans
   495 | base=0.835513 | val=0.458876 | acc1=0.8463 | Wμ=0.997 | Aμ=0.999 | Wmax=1.000 | LR=1.5731e-13 | ‖g‖=nan | satA=nan | satW=nan | εμ=nan | εvar=nan | corr(ε,x)=nan | t=nans
   497 | base=0.795961 | val=0.471760 | acc1=0.8417 | Wμ=0.997 | Aμ=0.999 | Wmax=1.000 | LR=1.3538e-13 | ‖g‖=nan | satA=nan | satW=nan | εμ=nan | εvar=nan | corr(ε,x)=nan | t=nans
   499 | base=0.885083 | val=0.457113 | acc1=0.8491 | Wμ=0.997 | Aμ=0.999 | Wmax=1.000 | LR=1.1651e-13 | ‖g‖=nan | satA=nan | satW=nan | εμ=nan | εvar=nan | corr(ε,x)=nan | t=nans
   501 | base=0.834088 | val=0.465557 | acc1=0.8449 | Wμ=0.997 | Aμ=0.999 | Wmax=1.000 | LR=1.0027e-13 | ‖g‖=nan | satA=nan | satW=nan | εμ=nan | εvar=nan | corr(ε,x)=nan | t=nans
