     0 | base=nan | val=0.236715 | acc1=nan | Wμ=nan | Aμ=nan | Wmax=nan | LR=nan | ‖g‖=nan | satA=nan | satW=nan | εμ=nan | εvar=nan | corr(ε,x)=nan | t=nans
     0 | base=nan | val=0.236732 | acc1=0.9282 | Wμ=11.186 | Aμ=20.000 | Wmax=12.916 | LR=nan | ‖g‖=nan | satA=nan | satW=nan | εμ=nan | εvar=nan | corr(ε,x)=nan | t=nans
     0 | base=nan | val=0.236786 | acc1=0.9281 | Wμ=9.786 | Aμ=20.000 | Wmax=10.000 | LR=nan | ‖g‖=nan | satA=nan | satW=nan | εμ=nan | εvar=nan | corr(ε,x)=nan | t=nans
     0 | base=nan | val=0.236878 | acc1=0.9281 | Wμ=9.786 | Aμ=10.000 | Wmax=10.000 | LR=nan | ‖g‖=nan | satA=nan | satW=nan | εμ=nan | εvar=nan | corr(ε,x)=nan | t=nans
# epoch | BaseLoss | ValLoss | Acc@1 | MeanWBits | MeanABits | MaxWBits | MaxABits | LR | GradNorm | WSat | ASat | NoiseMean | NoiseVar | NoiseCorr | Temp | EpochTime(s)
     0 | base=nan | val=0.213726 | acc1=0.9335 | Wμ=9.786 | Aμ=10.000 | Wmax=10.000 | LR=nan | ‖g‖=nan | satA=nan | satW=nan | εμ=nan | εvar=nan | corr(ε,x)=nan | t=nans
     1 | base=0.004101 | val=0.236493 | acc1=0.9282 | Wμ=9.786 | Aμ=10.001 | Wmax=10.003 | LR=0.000198 | ‖g‖=nan | satA=nan | satW=nan | εμ=nan | εvar=nan | corr(ε,x)=nan | t=nans
     3 | base=0.003045 | val=0.238914 | acc1=0.9270 | Wμ=9.786 | Aμ=10.004 | Wmax=10.007 | LR=0.000398 | ‖g‖=nan | satA=nan | satW=nan | εμ=nan | εvar=nan | corr(ε,x)=nan | t=nans
     5 | base=0.004195 | val=0.239518 | acc1=0.9271 | Wμ=9.786 | Aμ=10.009 | Wmax=10.015 | LR=0.000598 | ‖g‖=nan | satA=nan | satW=nan | εμ=nan | εvar=nan | corr(ε,x)=nan | t=nans
     7 | base=0.004655 | val=0.240053 | acc1=0.9263 | Wμ=9.787 | Aμ=10.019 | Wmax=10.021 | LR=0.000798 | ‖g‖=nan | satA=nan | satW=nan | εμ=nan | εvar=nan | corr(ε,x)=nan | t=nans
     9 | base=0.007328 | val=0.240563 | acc1=0.9256 | Wμ=9.790 | Aμ=10.031 | Wmax=10.042 | LR=0.000998 | ‖g‖=nan | satA=nan | satW=nan | εμ=nan | εvar=nan | corr(ε,x)=nan | t=nans
    11 | base=0.011744 | val=0.244563 | acc1=0.9248 | Wμ=9.793 | Aμ=10.041 | Wmax=10.075 | LR=0.001198 | ‖g‖=nan | satA=nan | satW=nan | εμ=nan | εvar=nan | corr(ε,x)=nan | t=nans
    13 | base=0.034230 | val=0.257355 | acc1=0.9194 | Wμ=9.801 | Aμ=10.054 | Wmax=10.101 | LR=0.001398 | ‖g‖=nan | satA=nan | satW=nan | εμ=nan | εvar=nan | corr(ε,x)=nan | t=nans
    15 | base=0.034189 | val=0.257655 | acc1=0.9194 | Wμ=9.817 | Aμ=10.066 | Wmax=10.171 | LR=0.001598 | ‖g‖=nan | satA=nan | satW=nan | εμ=nan | εvar=nan | corr(ε,x)=nan | t=nans
    17 | base=0.038260 | val=0.264913 | acc1=0.9156 | Wμ=9.827 | Aμ=10.079 | Wmax=10.214 | LR=0.001798 | ‖g‖=nan | satA=nan | satW=nan | εμ=nan | εvar=nan | corr(ε,x)=nan | t=nans
    19 | base=0.043917 | val=0.250773 | acc1=0.9215 | Wμ=9.844 | Aμ=10.094 | Wmax=10.257 | LR=0.001998 | ‖g‖=nan | satA=nan | satW=nan | εμ=nan | εvar=nan | corr(ε,x)=nan | t=nans
    21 | base=0.053136 | val=0.268093 | acc1=0.9151 | Wμ=9.575 | Aμ=9.850 | Wmax=9.951 | LR=0.002 | ‖g‖=nan | satA=nan | satW=nan | εμ=nan | εvar=nan | corr(ε,x)=nan | t=nans
    23 | base=0.041553 | val=0.267713 | acc1=0.9144 | Wμ=9.065 | Aμ=9.550 | Wmax=9.611 | LR=0.002 | ‖g‖=nan | satA=nan | satW=nan | εμ=nan | εvar=nan | corr(ε,x)=nan | t=nans
    25 | base=0.044692 | val=0.284391 | acc1=0.9117 | Wμ=8.593 | Aμ=9.225 | Wmax=9.255 | LR=0.002 | ‖g‖=nan | satA=nan | satW=nan | εμ=nan | εvar=nan | corr(ε,x)=nan | t=nans
    27 | base=0.040590 | val=0.257878 | acc1=0.9196 | Wμ=8.150 | Aμ=8.863 | Wmax=8.883 | LR=0.002 | ‖g‖=nan | satA=nan | satW=nan | εμ=nan | εvar=nan | corr(ε,x)=nan | t=nans
    29 | base=0.035028 | val=0.255813 | acc1=0.9193 | Wμ=7.723 | Aμ=8.520 | Wmax=8.527 | LR=0.002 | ‖g‖=nan | satA=nan | satW=nan | εμ=nan | εvar=nan | corr(ε,x)=nan | t=nans
    31 | base=0.043074 | val=0.252633 | acc1=0.9211 | Wμ=7.300 | Aμ=8.166 | Wmax=8.180 | LR=0.002 | ‖g‖=nan | satA=nan | satW=nan | εμ=nan | εvar=nan | corr(ε,x)=nan | t=nans
    33 | base=0.041249 | val=0.262420 | acc1=0.9195 | Wμ=6.897 | Aμ=7.834 | Wmax=7.864 | LR=0.002 | ‖g‖=nan | satA=nan | satW=nan | εμ=nan | εvar=nan | corr(ε,x)=nan | t=nans
    35 | base=0.049726 | val=0.261532 | acc1=0.9189 | Wμ=6.507 | Aμ=7.512 | Wmax=7.531 | LR=0.002 | ‖g‖=nan | satA=nan | satW=nan | εμ=nan | εvar=nan | corr(ε,x)=nan | t=nans
    37 | base=0.047414 | val=0.256029 | acc1=0.9205 | Wμ=6.129 | Aμ=7.198 | Wmax=7.229 | LR=0.002 | ‖g‖=nan | satA=nan | satW=nan | εμ=nan | εvar=nan | corr(ε,x)=nan | t=nans
    39 | base=0.048984 | val=0.268850 | acc1=0.9134 | Wμ=5.758 | Aμ=6.915 | Wmax=6.907 | LR=0.002 | ‖g‖=nan | satA=nan | satW=nan | εμ=nan | εvar=nan | corr(ε,x)=nan | t=nans
    41 | base=0.050823 | val=0.272211 | acc1=0.9154 | Wμ=5.397 | Aμ=6.640 | Wmax=6.585 | LR=0.002 | ‖g‖=nan | satA=nan | satW=nan | εμ=nan | εvar=nan | corr(ε,x)=nan | t=nans
    43 | base=0.069497 | val=0.274532 | acc1=0.9156 | Wμ=5.040 | Aμ=6.393 | Wmax=6.285 | LR=0.002 | ‖g‖=nan | satA=nan | satW=nan | εμ=nan | εvar=nan | corr(ε,x)=nan | t=nans
    45 | base=0.068193 | val=0.285662 | acc1=0.9105 | Wμ=4.694 | Aμ=6.161 | Wmax=5.977 | LR=0.002 | ‖g‖=nan | satA=nan | satW=nan | εμ=nan | εvar=nan | corr(ε,x)=nan | t=nans
    47 | base=0.089774 | val=0.283463 | acc1=0.9134 | Wμ=4.352 | Aμ=5.950 | Wmax=5.700 | LR=0.002 | ‖g‖=nan | satA=nan | satW=nan | εμ=nan | εvar=nan | corr(ε,x)=nan | t=nans
    49 | base=0.097593 | val=0.290755 | acc1=0.9088 | Wμ=4.026 | Aμ=5.775 | Wmax=5.426 | LR=0.002 | ‖g‖=nan | satA=nan | satW=nan | εμ=nan | εvar=nan | corr(ε,x)=nan | t=nans
    51 | base=0.123361 | val=0.310131 | acc1=0.9026 | Wμ=3.715 | Aμ=5.614 | Wmax=5.170 | LR=0.002 | ‖g‖=nan | satA=nan | satW=nan | εμ=nan | εvar=nan | corr(ε,x)=nan | t=nans
    53 | base=0.125149 | val=0.277958 | acc1=0.9148 | Wμ=3.411 | Aμ=5.465 | Wmax=4.907 | LR=0.002 | ‖g‖=nan | satA=nan | satW=nan | εμ=nan | εvar=nan | corr(ε,x)=nan | t=nans
    55 | base=0.105526 | val=0.286263 | acc1=0.9101 | Wμ=3.123 | Aμ=5.335 | Wmax=4.700 | LR=0.002 | ‖g‖=nan | satA=nan | satW=nan | εμ=nan | εvar=nan | corr(ε,x)=nan | t=nans
    57 | base=0.125444 | val=0.318155 | acc1=0.9003 | Wμ=2.856 | Aμ=5.210 | Wmax=4.459 | LR=0.002 | ‖g‖=nan | satA=nan | satW=nan | εμ=nan | εvar=nan | corr(ε,x)=nan | t=nans
    59 | base=0.127638 | val=0.325326 | acc1=0.9007 | Wμ=2.615 | Aμ=5.091 | Wmax=4.322 | LR=0.002 | ‖g‖=nan | satA=nan | satW=nan | εμ=nan | εvar=nan | corr(ε,x)=nan | t=nans
    61 | base=0.154339 | val=0.353293 | acc1=0.8873 | Wμ=2.403 | Aμ=5.007 | Wmax=4.087 | LR=0.002 | ‖g‖=nan | satA=nan | satW=nan | εμ=nan | εvar=nan | corr(ε,x)=nan | t=nans
    63 | base=0.171196 | val=0.353614 | acc1=0.8853 | Wμ=2.208 | Aμ=4.928 | Wmax=3.907 | LR=0.002 | ‖g‖=nan | satA=nan | satW=nan | εμ=nan | εvar=nan | corr(ε,x)=nan | t=nans
    65 | base=0.195419 | val=0.369826 | acc1=0.8849 | Wμ=2.044 | Aμ=4.842 | Wmax=3.807 | LR=0.002 | ‖g‖=nan | satA=nan | satW=nan | εμ=nan | εvar=nan | corr(ε,x)=nan | t=nans
    67 | base=0.262142 | val=0.391627 | acc1=0.8788 | Wμ=1.904 | Aμ=4.741 | Wmax=3.700 | LR=0.002 | ‖g‖=nan | satA=nan | satW=nan | εμ=nan | εvar=nan | corr(ε,x)=nan | t=nans
    69 | base=0.281387 | val=0.407938 | acc1=0.8737 | Wμ=1.793 | Aμ=4.650 | Wmax=3.459 | LR=0.002 | ‖g‖=nan | satA=nan | satW=nan | εμ=nan | εvar=nan | corr(ε,x)=nan | t=nans
    71 | base=0.284093 | val=0.456635 | acc1=0.8569 | Wμ=1.692 | Aμ=4.553 | Wmax=3.459 | LR=0.002 | ‖g‖=nan | satA=nan | satW=nan | εμ=nan | εvar=nan | corr(ε,x)=nan | t=nans
    73 | base=0.273000 | val=0.425676 | acc1=0.8678 | Wμ=1.611 | Aμ=4.463 | Wmax=3.322 | LR=0.002 | ‖g‖=nan | satA=nan | satW=nan | εμ=nan | εvar=nan | corr(ε,x)=nan | t=nans
    75 | base=0.307182 | val=0.659005 | acc1=0.8055 | Wμ=1.536 | Aμ=4.383 | Wmax=3.170 | LR=0.002 | ‖g‖=nan | satA=nan | satW=nan | εμ=nan | εvar=nan | corr(ε,x)=nan | t=nans
    77 | base=0.372707 | val=0.556765 | acc1=0.8251 | Wμ=1.473 | Aμ=4.295 | Wmax=3.000 | LR=0.002 | ‖g‖=nan | satA=nan | satW=nan | εμ=nan | εvar=nan | corr(ε,x)=nan | t=nans
    79 | base=0.315580 | val=0.449787 | acc1=0.8588 | Wμ=1.418 | Aμ=4.187 | Wmax=3.000 | LR=0.002 | ‖g‖=nan | satA=nan | satW=nan | εμ=nan | εvar=nan | corr(ε,x)=nan | t=nans
    81 | base=0.409114 | val=0.526909 | acc1=0.8391 | Wμ=1.374 | Aμ=4.073 | Wmax=2.807 | LR=0.002 | ‖g‖=nan | satA=nan | satW=nan | εμ=nan | εvar=nan | corr(ε,x)=nan | t=nans
    83 | base=0.427968 | val=1.252133 | acc1=0.6829 | Wμ=1.332 | Aμ=3.975 | Wmax=2.807 | LR=0.002 | ‖g‖=nan | satA=nan | satW=nan | εμ=nan | εvar=nan | corr(ε,x)=nan | t=nans
    85 | base=0.394315 | val=0.440034 | acc1=0.8583 | Wμ=1.289 | Aμ=3.853 | Wmax=2.807 | LR=0.002 | ‖g‖=nan | satA=nan | satW=nan | εμ=nan | εvar=nan | corr(ε,x)=nan | t=nans
    87 | base=0.427929 | val=0.753220 | acc1=0.7718 | Wμ=1.252 | Aμ=3.749 | Wmax=2.585 | LR=0.002 | ‖g‖=nan | satA=nan | satW=nan | εμ=nan | εvar=nan | corr(ε,x)=nan | t=nans
    89 | base=0.445748 | val=0.592131 | acc1=0.8136 | Wμ=1.221 | Aμ=3.633 | Wmax=2.585 | LR=0.002 | ‖g‖=nan | satA=nan | satW=nan | εμ=nan | εvar=nan | corr(ε,x)=nan | t=nans
    91 | base=0.437064 | val=0.659525 | acc1=0.7998 | Wμ=1.191 | Aμ=3.510 | Wmax=2.585 | LR=0.002 | ‖g‖=nan | satA=nan | satW=nan | εμ=nan | εvar=nan | corr(ε,x)=nan | t=nans
    93 | base=0.472485 | val=0.637662 | acc1=0.8075 | Wμ=1.163 | Aμ=3.361 | Wmax=2.322 | LR=0.002 | ‖g‖=nan | satA=nan | satW=nan | εμ=nan | εvar=nan | corr(ε,x)=nan | t=nans
    95 | base=0.479788 | val=1.497494 | acc1=0.6355 | Wμ=1.139 | Aμ=3.239 | Wmax=2.322 | LR=0.002 | ‖g‖=nan | satA=nan | satW=nan | εμ=nan | εvar=nan | corr(ε,x)=nan | t=nans
    97 | base=0.524557 | val=0.702443 | acc1=0.7896 | Wμ=1.115 | Aμ=3.112 | Wmax=2.322 | LR=0.002 | ‖g‖=nan | satA=nan | satW=nan | εμ=nan | εvar=nan | corr(ε,x)=nan | t=nans
    99 | base=0.528503 | val=0.799988 | acc1=0.7633 | Wμ=1.095 | Aμ=2.971 | Wmax=2.322 | LR=0.002 | ‖g‖=nan | satA=nan | satW=nan | εμ=nan | εvar=nan | corr(ε,x)=nan | t=nans
   101 | base=0.471197 | val=0.738564 | acc1=0.7733 | Wμ=1.077 | Aμ=2.858 | Wmax=2.000 | LR=0.002 | ‖g‖=nan | satA=nan | satW=nan | εμ=nan | εvar=nan | corr(ε,x)=nan | t=nans
   103 | base=0.498833 | val=0.637745 | acc1=0.7971 | Wμ=1.063 | Aμ=2.740 | Wmax=2.000 | LR=0.002 | ‖g‖=nan | satA=nan | satW=nan | εμ=nan | εvar=nan | corr(ε,x)=nan | t=nans
   105 | base=0.506509 | val=1.291860 | acc1=0.6307 | Wμ=1.051 | Aμ=2.644 | Wmax=2.000 | LR=0.002 | ‖g‖=nan | satA=nan | satW=nan | εμ=nan | εvar=nan | corr(ε,x)=nan | t=nans
   107 | base=0.601971 | val=0.702275 | acc1=0.7853 | Wμ=1.043 | Aμ=2.582 | Wmax=2.000 | LR=0.002 | ‖g‖=nan | satA=nan | satW=nan | εμ=nan | εvar=nan | corr(ε,x)=nan | t=nans
   109 | base=0.629268 | val=1.280623 | acc1=0.6235 | Wμ=1.036 | Aμ=2.491 | Wmax=2.000 | LR=0.002 | ‖g‖=nan | satA=nan | satW=nan | εμ=nan | εvar=nan | corr(ε,x)=nan | t=nans
   111 | base=0.654115 | val=0.940501 | acc1=0.7378 | Wμ=1.032 | Aμ=2.380 | Wmax=2.000 | LR=0.002 | ‖g‖=nan | satA=nan | satW=nan | εμ=nan | εvar=nan | corr(ε,x)=nan | t=nans
   113 | base=0.666426 | val=1.080656 | acc1=0.6814 | Wμ=1.026 | Aμ=2.272 | Wmax=2.000 | LR=0.002 | ‖g‖=nan | satA=nan | satW=nan | εμ=nan | εvar=nan | corr(ε,x)=nan | t=nans
   115 | base=0.649462 | val=0.884013 | acc1=0.7253 | Wμ=1.022 | Aμ=2.225 | Wmax=1.585 | LR=0.002 | ‖g‖=nan | satA=nan | satW=nan | εμ=nan | εvar=nan | corr(ε,x)=nan | t=nans
   117 | base=0.614162 | val=0.795662 | acc1=0.7535 | Wμ=1.019 | Aμ=2.186 | Wmax=1.585 | LR=0.002 | ‖g‖=nan | satA=nan | satW=nan | εμ=nan | εvar=nan | corr(ε,x)=nan | t=nans
   119 | base=0.640994 | val=0.902628 | acc1=0.7230 | Wμ=1.016 | Aμ=2.069 | Wmax=1.585 | LR=0.002 | ‖g‖=nan | satA=nan | satW=nan | εμ=nan | εvar=nan | corr(ε,x)=nan | t=nans
   121 | base=0.763272 | val=0.865372 | acc1=0.7287 | Wμ=1.013 | Aμ=1.947 | Wmax=1.585 | LR=0.002 | ‖g‖=nan | satA=nan | satW=nan | εμ=nan | εvar=nan | corr(ε,x)=nan | t=nans
   123 | base=0.736059 | val=0.829273 | acc1=0.7388 | Wμ=1.009 | Aμ=1.889 | Wmax=1.585 | LR=0.002 | ‖g‖=nan | satA=nan | satW=nan | εμ=nan | εvar=nan | corr(ε,x)=nan | t=nans
   125 | base=0.757228 | val=0.645278 | acc1=0.7977 | Wμ=1.007 | Aμ=1.827 | Wmax=1.585 | LR=0.002 | ‖g‖=nan | satA=nan | satW=nan | εμ=nan | εvar=nan | corr(ε,x)=nan | t=nans
   127 | base=0.855503 | val=0.671691 | acc1=0.7871 | Wμ=1.004 | Aμ=1.782 | Wmax=1.585 | LR=0.002 | ‖g‖=nan | satA=nan | satW=nan | εμ=nan | εvar=nan | corr(ε,x)=nan | t=nans
   129 | base=0.717218 | val=0.579943 | acc1=0.8113 | Wμ=1.003 | Aμ=1.744 | Wmax=1.585 | LR=0.002 | ‖g‖=nan | satA=nan | satW=nan | εμ=nan | εvar=nan | corr(ε,x)=nan | t=nans
   131 | base=0.882962 | val=0.927162 | acc1=0.7058 | Wμ=1.002 | Aμ=1.664 | Wmax=1.585 | LR=0.002 | ‖g‖=nan | satA=nan | satW=nan | εμ=nan | εvar=nan | corr(ε,x)=nan | t=nans
   133 | base=0.887272 | val=0.983582 | acc1=0.6963 | Wμ=1.001 | Aμ=1.637 | Wmax=1.585 | LR=0.002 | ‖g‖=nan | satA=nan | satW=nan | εμ=nan | εvar=nan | corr(ε,x)=nan | t=nans
   135 | base=0.789721 | val=0.685553 | acc1=0.7809 | Wμ=1.000 | Aμ=1.598 | Wmax=1.585 | LR=0.002 | ‖g‖=nan | satA=nan | satW=nan | εμ=nan | εvar=nan | corr(ε,x)=nan | t=nans
   137 | base=0.832491 | val=0.616015 | acc1=0.7972 | Wμ=0.998 | Aμ=1.519 | Wmax=1.585 | LR=0.002 | ‖g‖=nan | satA=nan | satW=nan | εμ=nan | εvar=nan | corr(ε,x)=nan | t=nans
   139 | base=0.954945 | val=0.763527 | acc1=0.7462 | Wμ=0.997 | Aμ=1.485 | Wmax=1.000 | LR=0.002 | ‖g‖=nan | satA=nan | satW=nan | εμ=nan | εvar=nan | corr(ε,x)=nan | t=nans
   141 | base=0.948999 | val=1.224576 | acc1=0.6739 | Wμ=0.998 | Aμ=1.472 | Wmax=1.585 | LR=0.002 | ‖g‖=nan | satA=nan | satW=nan | εμ=nan | εvar=nan | corr(ε,x)=nan | t=nans
   143 | base=1.029337 | val=1.121586 | acc1=0.6268 | Wμ=0.997 | Aμ=1.452 | Wmax=1.585 | LR=0.002 | ‖g‖=nan | satA=nan | satW=nan | εμ=nan | εvar=nan | corr(ε,x)=nan | t=nans
   145 | base=0.921680 | val=0.670471 | acc1=0.7812 | Wμ=0.997 | Aμ=1.447 | Wmax=1.585 | LR=0.002 | ‖g‖=nan | satA=nan | satW=nan | εμ=nan | εvar=nan | corr(ε,x)=nan | t=nans
   147 | base=0.952439 | val=1.796323 | acc1=0.5605 | Wμ=0.996 | Aμ=1.433 | Wmax=1.000 | LR=0.002 | ‖g‖=nan | satA=nan | satW=nan | εμ=nan | εvar=nan | corr(ε,x)=nan | t=nans
   149 | base=0.974436 | val=1.222164 | acc1=0.6129 | Wμ=0.996 | Aμ=1.380 | Wmax=1.585 | LR=0.002 | ‖g‖=nan | satA=nan | satW=nan | εμ=nan | εvar=nan | corr(ε,x)=nan | t=nans
   151 | base=0.973786 | val=0.854086 | acc1=0.7236 | Wμ=0.995 | Aμ=1.312 | Wmax=1.585 | LR=0.002 | ‖g‖=nan | satA=nan | satW=nan | εμ=nan | εvar=nan | corr(ε,x)=nan | t=nans
   153 | base=1.004384 | val=0.615114 | acc1=0.7981 | Wμ=0.994 | Aμ=1.295 | Wmax=1.000 | LR=0.002 | ‖g‖=nan | satA=nan | satW=nan | εμ=nan | εvar=nan | corr(ε,x)=nan | t=nans
   155 | base=1.039394 | val=0.971008 | acc1=0.7363 | Wμ=0.994 | Aμ=1.273 | Wmax=1.000 | LR=0.002 | ‖g‖=nan | satA=nan | satW=nan | εμ=nan | εvar=nan | corr(ε,x)=nan | t=nans
   157 | base=0.924532 | val=0.809262 | acc1=0.7361 | Wμ=0.994 | Aμ=1.237 | Wmax=1.000 | LR=0.002 | ‖g‖=nan | satA=nan | satW=nan | εμ=nan | εvar=nan | corr(ε,x)=nan | t=nans
   159 | base=0.987404 | val=1.390211 | acc1=0.5911 | Wμ=0.992 | Aμ=1.215 | Wmax=1.000 | LR=0.002 | ‖g‖=nan | satA=nan | satW=nan | εμ=nan | εvar=nan | corr(ε,x)=nan | t=nans
   161 | base=1.039156 | val=0.745614 | acc1=0.7557 | Wμ=0.993 | Aμ=1.196 | Wmax=1.000 | LR=0.002 | ‖g‖=nan | satA=nan | satW=nan | εμ=nan | εvar=nan | corr(ε,x)=nan | t=nans
   163 | base=1.145181 | val=0.798236 | acc1=0.7478 | Wμ=0.992 | Aμ=1.167 | Wmax=1.000 | LR=0.002 | ‖g‖=nan | satA=nan | satW=nan | εμ=nan | εvar=nan | corr(ε,x)=nan | t=nans
   165 | base=0.969721 | val=1.010379 | acc1=0.7005 | Wμ=0.991 | Aμ=1.160 | Wmax=1.000 | LR=0.002 | ‖g‖=nan | satA=nan | satW=nan | εμ=nan | εvar=nan | corr(ε,x)=nan | t=nans
   167 | base=1.120522 | val=0.831211 | acc1=0.7507 | Wμ=0.991 | Aμ=1.155 | Wmax=1.000 | LR=0.002 | ‖g‖=nan | satA=nan | satW=nan | εμ=nan | εvar=nan | corr(ε,x)=nan | t=nans
   169 | base=1.092504 | val=1.121959 | acc1=0.6375 | Wμ=0.991 | Aμ=1.149 | Wmax=1.000 | LR=0.002 | ‖g‖=nan | satA=nan | satW=nan | εμ=nan | εvar=nan | corr(ε,x)=nan | t=nans
   171 | base=1.242565 | val=0.802651 | acc1=0.7372 | Wμ=0.991 | Aμ=1.138 | Wmax=1.000 | LR=0.002 | ‖g‖=nan | satA=nan | satW=nan | εμ=nan | εvar=nan | corr(ε,x)=nan | t=nans
   173 | base=0.965133 | val=0.721797 | acc1=0.7774 | Wμ=0.991 | Aμ=1.131 | Wmax=1.000 | LR=0.002 | ‖g‖=nan | satA=nan | satW=nan | εμ=nan | εvar=nan | corr(ε,x)=nan | t=nans
   175 | base=1.144389 | val=0.789116 | acc1=0.7327 | Wμ=0.991 | Aμ=1.123 | Wmax=1.000 | LR=0.002 | ‖g‖=nan | satA=nan | satW=nan | εμ=nan | εvar=nan | corr(ε,x)=nan | t=nans
   177 | base=1.093506 | val=0.774043 | acc1=0.7440 | Wμ=0.991 | Aμ=1.124 | Wmax=1.000 | LR=0.002 | ‖g‖=nan | satA=nan | satW=nan | εμ=nan | εvar=nan | corr(ε,x)=nan | t=nans
   179 | base=1.050670 | val=0.902931 | acc1=0.6975 | Wμ=0.991 | Aμ=1.122 | Wmax=1.000 | LR=0.002 | ‖g‖=nan | satA=nan | satW=nan | εμ=nan | εvar=nan | corr(ε,x)=nan | t=nans
   181 | base=1.073269 | val=0.700827 | acc1=0.7764 | Wμ=0.991 | Aμ=1.118 | Wmax=1.000 | LR=0.002 | ‖g‖=nan | satA=nan | satW=nan | εμ=nan | εvar=nan | corr(ε,x)=nan | t=nans
   183 | base=1.222799 | val=1.091501 | acc1=0.6836 | Wμ=0.991 | Aμ=1.113 | Wmax=1.000 | LR=0.002 | ‖g‖=nan | satA=nan | satW=nan | εμ=nan | εvar=nan | corr(ε,x)=nan | t=nans
   185 | base=1.155837 | val=0.944521 | acc1=0.6805 | Wμ=0.990 | Aμ=1.105 | Wmax=1.000 | LR=0.002 | ‖g‖=nan | satA=nan | satW=nan | εμ=nan | εvar=nan | corr(ε,x)=nan | t=nans
   187 | base=1.128872 | val=1.159185 | acc1=0.6686 | Wμ=0.991 | Aμ=1.097 | Wmax=1.000 | LR=0.0017238 | ‖g‖=nan | satA=nan | satW=nan | εμ=nan | εvar=nan | corr(ε,x)=nan | t=nans
   189 | base=1.116973 | val=0.943027 | acc1=0.7064 | Wμ=0.991 | Aμ=1.083 | Wmax=1.000 | LR=0.0017212 | ‖g‖=nan | satA=nan | satW=nan | εμ=nan | εvar=nan | corr(ε,x)=nan | t=nans
   191 | base=1.051278 | val=1.197672 | acc1=0.6610 | Wμ=0.991 | Aμ=1.066 | Wmax=1.000 | LR=0.0017212 | ‖g‖=nan | satA=nan | satW=nan | εμ=nan | εvar=nan | corr(ε,x)=nan | t=nans
   193 | base=1.089310 | val=1.025449 | acc1=0.6790 | Wμ=0.991 | Aμ=1.052 | Wmax=1.000 | LR=0.0017212 | ‖g‖=nan | satA=nan | satW=nan | εμ=nan | εvar=nan | corr(ε,x)=nan | t=nans
   195 | base=1.092398 | val=0.732221 | acc1=0.7555 | Wμ=0.991 | Aμ=1.052 | Wmax=1.000 | LR=0.0014835 | ‖g‖=nan | satA=nan | satW=nan | εμ=nan | εvar=nan | corr(ε,x)=nan | t=nans
   197 | base=0.960562 | val=0.764245 | acc1=0.7538 | Wμ=0.992 | Aμ=1.046 | Wmax=1.000 | LR=0.0012767 | ‖g‖=nan | satA=nan | satW=nan | εμ=nan | εvar=nan | corr(ε,x)=nan | t=nans
   199 | base=1.017885 | val=0.695333 | acc1=0.7740 | Wμ=0.991 | Aμ=1.032 | Wmax=1.000 | LR=0.0010988 | ‖g‖=nan | satA=nan | satW=nan | εμ=nan | εvar=nan | corr(ε,x)=nan | t=nans
   201 | base=1.090085 | val=0.695023 | acc1=0.7779 | Wμ=0.991 | Aμ=1.008 | Wmax=1.000 | LR=0.00094562 | ‖g‖=nan | satA=nan | satW=nan | εμ=nan | εvar=nan | corr(ε,x)=nan | t=nans
   203 | base=1.007625 | val=0.837802 | acc1=0.7339 | Wμ=0.992 | Aμ=0.998 | Wmax=1.000 | LR=0.00081381 | ‖g‖=nan | satA=nan | satW=nan | εμ=nan | εvar=nan | corr(ε,x)=nan | t=nans
   205 | base=1.040726 | val=0.668036 | acc1=0.7853 | Wμ=0.992 | Aμ=0.998 | Wmax=1.000 | LR=0.00070037 | ‖g‖=nan | satA=nan | satW=nan | εμ=nan | εvar=nan | corr(ε,x)=nan | t=nans
   207 | base=1.034047 | val=0.711995 | acc1=0.7708 | Wμ=0.992 | Aμ=0.998 | Wmax=1.000 | LR=0.00060275 | ‖g‖=nan | satA=nan | satW=nan | εμ=nan | εvar=nan | corr(ε,x)=nan | t=nans
   209 | base=1.000859 | val=0.684206 | acc1=0.7794 | Wμ=0.992 | Aμ=0.998 | Wmax=1.000 | LR=0.00051873 | ‖g‖=nan | satA=nan | satW=nan | εμ=nan | εvar=nan | corr(ε,x)=nan | t=nans
   211 | base=0.944652 | val=0.889945 | acc1=0.7176 | Wμ=0.993 | Aμ=0.998 | Wmax=1.000 | LR=0.00044643 | ‖g‖=nan | satA=nan | satW=nan | εμ=nan | εvar=nan | corr(ε,x)=nan | t=nans
   213 | base=0.908334 | val=0.640476 | acc1=0.7954 | Wμ=0.993 | Aμ=0.998 | Wmax=1.000 | LR=0.0003842 | ‖g‖=nan | satA=nan | satW=nan | εμ=nan | εvar=nan | corr(ε,x)=nan | t=nans
   215 | base=0.999401 | val=0.645793 | acc1=0.7840 | Wμ=0.993 | Aμ=0.998 | Wmax=1.000 | LR=0.00033065 | ‖g‖=nan | satA=nan | satW=nan | εμ=nan | εvar=nan | corr(ε,x)=nan | t=nans
   217 | base=0.964822 | val=0.697179 | acc1=0.7761 | Wμ=0.993 | Aμ=0.998 | Wmax=1.000 | LR=0.00028456 | ‖g‖=nan | satA=nan | satW=nan | εμ=nan | εvar=nan | corr(ε,x)=nan | t=nans
   219 | base=1.026821 | val=0.755267 | acc1=0.7543 | Wμ=0.993 | Aμ=0.999 | Wmax=1.000 | LR=0.00024489 | ‖g‖=nan | satA=nan | satW=nan | εμ=nan | εvar=nan | corr(ε,x)=nan | t=nans
   221 | base=0.952549 | val=0.733461 | acc1=0.7598 | Wμ=0.994 | Aμ=0.999 | Wmax=1.000 | LR=0.00021076 | ‖g‖=nan | satA=nan | satW=nan | εμ=nan | εvar=nan | corr(ε,x)=nan | t=nans
   223 | base=0.979089 | val=0.602987 | acc1=0.7980 | Wμ=0.994 | Aμ=0.999 | Wmax=1.000 | LR=0.00018138 | ‖g‖=nan | satA=nan | satW=nan | εμ=nan | εvar=nan | corr(ε,x)=nan | t=nans
   225 | base=0.954381 | val=0.798407 | acc1=0.7536 | Wμ=0.994 | Aμ=0.999 | Wmax=1.000 | LR=0.0001561 | ‖g‖=nan | satA=nan | satW=nan | εμ=nan | εvar=nan | corr(ε,x)=nan | t=nans
   227 | base=0.978149 | val=0.909688 | acc1=0.7164 | Wμ=0.994 | Aμ=0.999 | Wmax=1.000 | LR=0.00013434 | ‖g‖=nan | satA=nan | satW=nan | εμ=nan | εvar=nan | corr(ε,x)=nan | t=nans
   229 | base=0.956810 | val=0.824253 | acc1=0.7355 | Wμ=0.995 | Aμ=0.999 | Wmax=1.000 | LR=0.00011561 | ‖g‖=nan | satA=nan | satW=nan | εμ=nan | εvar=nan | corr(ε,x)=nan | t=nans
   231 | base=0.907158 | val=0.809586 | acc1=0.7513 | Wμ=0.995 | Aμ=0.999 | Wmax=1.000 | LR=9.9499e-05 | ‖g‖=nan | satA=nan | satW=nan | εμ=nan | εvar=nan | corr(ε,x)=nan | t=nans
   233 | base=0.962092 | val=0.795439 | acc1=0.7469 | Wμ=0.995 | Aμ=0.999 | Wmax=1.000 | LR=8.563e-05 | ‖g‖=nan | satA=nan | satW=nan | εμ=nan | εvar=nan | corr(ε,x)=nan | t=nans
   235 | base=0.880167 | val=0.621446 | acc1=0.7994 | Wμ=0.995 | Aμ=0.999 | Wmax=1.000 | LR=7.3694e-05 | ‖g‖=nan | satA=nan | satW=nan | εμ=nan | εvar=nan | corr(ε,x)=nan | t=nans
   237 | base=0.830223 | val=0.658819 | acc1=0.7848 | Wμ=0.995 | Aμ=0.999 | Wmax=1.000 | LR=6.3422e-05 | ‖g‖=nan | satA=nan | satW=nan | εμ=nan | εvar=nan | corr(ε,x)=nan | t=nans
   239 | base=0.813446 | val=0.724917 | acc1=0.7729 | Wμ=0.995 | Aμ=0.999 | Wmax=1.000 | LR=5.4582e-05 | ‖g‖=nan | satA=nan | satW=nan | εμ=nan | εvar=nan | corr(ε,x)=nan | t=nans
   241 | base=0.914417 | val=0.847890 | acc1=0.7387 | Wμ=0.996 | Aμ=0.999 | Wmax=1.000 | LR=4.6974e-05 | ‖g‖=nan | satA=nan | satW=nan | εμ=nan | εvar=nan | corr(ε,x)=nan | t=nans
   243 | base=0.922005 | val=0.617488 | acc1=0.8000 | Wμ=0.996 | Aμ=0.999 | Wmax=1.000 | LR=4.0426e-05 | ‖g‖=nan | satA=nan | satW=nan | εμ=nan | εvar=nan | corr(ε,x)=nan | t=nans
   245 | base=0.870209 | val=0.584777 | acc1=0.8051 | Wμ=0.996 | Aμ=0.999 | Wmax=1.000 | LR=3.4791e-05 | ‖g‖=nan | satA=nan | satW=nan | εμ=nan | εvar=nan | corr(ε,x)=nan | t=nans
   247 | base=0.853124 | val=0.647264 | acc1=0.7875 | Wμ=0.996 | Aμ=0.999 | Wmax=1.000 | LR=2.9942e-05 | ‖g‖=nan | satA=nan | satW=nan | εμ=nan | εvar=nan | corr(ε,x)=nan | t=nans
   249 | base=0.964916 | val=0.900004 | acc1=0.7258 | Wμ=0.996 | Aμ=0.999 | Wmax=1.000 | LR=2.5768e-05 | ‖g‖=nan | satA=nan | satW=nan | εμ=nan | εvar=nan | corr(ε,x)=nan | t=nans
   251 | base=0.962559 | val=0.631657 | acc1=0.7976 | Wμ=0.996 | Aμ=0.999 | Wmax=1.000 | LR=2.2176e-05 | ‖g‖=nan | satA=nan | satW=nan | εμ=nan | εvar=nan | corr(ε,x)=nan | t=nans
   253 | base=0.870739 | val=0.591320 | acc1=0.8075 | Wμ=0.996 | Aμ=0.999 | Wmax=1.000 | LR=1.9085e-05 | ‖g‖=nan | satA=nan | satW=nan | εμ=nan | εvar=nan | corr(ε,x)=nan | t=nans
   255 | base=0.951913 | val=0.583320 | acc1=0.8083 | Wμ=0.996 | Aμ=0.999 | Wmax=1.000 | LR=1.6425e-05 | ‖g‖=nan | satA=nan | satW=nan | εμ=nan | εvar=nan | corr(ε,x)=nan | t=nans
   257 | base=0.887768 | val=0.531106 | acc1=0.8283 | Wμ=0.996 | Aμ=0.999 | Wmax=1.000 | LR=1.4135e-05 | ‖g‖=nan | satA=nan | satW=nan | εμ=nan | εvar=nan | corr(ε,x)=nan | t=nans
   259 | base=0.872503 | val=0.545401 | acc1=0.8214 | Wμ=0.996 | Aμ=0.999 | Wmax=1.000 | LR=1.2165e-05 | ‖g‖=nan | satA=nan | satW=nan | εμ=nan | εvar=nan | corr(ε,x)=nan | t=nans
   261 | base=0.862937 | val=0.653201 | acc1=0.7881 | Wμ=0.996 | Aμ=0.999 | Wmax=1.000 | LR=1.0469e-05 | ‖g‖=nan | satA=nan | satW=nan | εμ=nan | εvar=nan | corr(ε,x)=nan | t=nans
   263 | base=0.900654 | val=0.652001 | acc1=0.7941 | Wμ=0.996 | Aμ=0.999 | Wmax=1.000 | LR=9.0101e-06 | ‖g‖=nan | satA=nan | satW=nan | εμ=nan | εvar=nan | corr(ε,x)=nan | t=nans
   265 | base=0.862094 | val=0.487348 | acc1=0.8324 | Wμ=0.996 | Aμ=0.999 | Wmax=1.000 | LR=7.7542e-06 | ‖g‖=nan | satA=nan | satW=nan | εμ=nan | εvar=nan | corr(ε,x)=nan | t=nans
   267 | base=0.921020 | val=0.674685 | acc1=0.7805 | Wμ=0.996 | Aμ=0.999 | Wmax=1.000 | LR=6.6734e-06 | ‖g‖=nan | satA=nan | satW=nan | εμ=nan | εvar=nan | corr(ε,x)=nan | t=nans
   269 | base=0.795691 | val=0.573739 | acc1=0.8201 | Wμ=0.996 | Aμ=0.999 | Wmax=1.000 | LR=5.7432e-06 | ‖g‖=nan | satA=nan | satW=nan | εμ=nan | εvar=nan | corr(ε,x)=nan | t=nans
   271 | base=0.899902 | val=0.526710 | acc1=0.8274 | Wμ=0.996 | Aμ=0.999 | Wmax=1.000 | LR=4.9426e-06 | ‖g‖=nan | satA=nan | satW=nan | εμ=nan | εvar=nan | corr(ε,x)=nan | t=nans
   273 | base=0.839942 | val=0.547720 | acc1=0.8217 | Wμ=0.997 | Aμ=0.999 | Wmax=1.000 | LR=4.2537e-06 | ‖g‖=nan | satA=nan | satW=nan | εμ=nan | εvar=nan | corr(ε,x)=nan | t=nans
   275 | base=0.844382 | val=0.590460 | acc1=0.8083 | Wμ=0.997 | Aμ=0.999 | Wmax=1.000 | LR=3.6608e-06 | ‖g‖=nan | satA=nan | satW=nan | εμ=nan | εvar=nan | corr(ε,x)=nan | t=nans
   277 | base=0.911974 | val=0.705548 | acc1=0.7735 | Wμ=0.997 | Aμ=0.999 | Wmax=1.000 | LR=3.1505e-06 | ‖g‖=nan | satA=nan | satW=nan | εμ=nan | εvar=nan | corr(ε,x)=nan | t=nans
   279 | base=0.900585 | val=0.522812 | acc1=0.8311 | Wμ=0.997 | Aμ=0.999 | Wmax=1.000 | LR=2.7114e-06 | ‖g‖=nan | satA=nan | satW=nan | εμ=nan | εvar=nan | corr(ε,x)=nan | t=nans
   281 | base=0.927133 | val=0.537564 | acc1=0.8213 | Wμ=0.997 | Aμ=0.999 | Wmax=1.000 | LR=2.3334e-06 | ‖g‖=nan | satA=nan | satW=nan | εμ=nan | εvar=nan | corr(ε,x)=nan | t=nans
   283 | base=0.902521 | val=0.672286 | acc1=0.7841 | Wμ=0.997 | Aμ=0.999 | Wmax=1.000 | LR=2.0082e-06 | ‖g‖=nan | satA=nan | satW=nan | εμ=nan | εvar=nan | corr(ε,x)=nan | t=nans
   285 | base=0.908976 | val=0.562982 | acc1=0.8152 | Wμ=0.997 | Aμ=0.999 | Wmax=1.000 | LR=1.7283e-06 | ‖g‖=nan | satA=nan | satW=nan | εμ=nan | εvar=nan | corr(ε,x)=nan | t=nans
   287 | base=0.915885 | val=0.569299 | acc1=0.8162 | Wμ=0.997 | Aμ=0.999 | Wmax=1.000 | LR=1.4874e-06 | ‖g‖=nan | satA=nan | satW=nan | εμ=nan | εvar=nan | corr(ε,x)=nan | t=nans
   289 | base=0.837970 | val=0.576252 | acc1=0.8098 | Wμ=0.997 | Aμ=0.999 | Wmax=1.000 | LR=1.28e-06 | ‖g‖=nan | satA=nan | satW=nan | εμ=nan | εvar=nan | corr(ε,x)=nan | t=nans
   291 | base=0.871177 | val=0.508362 | acc1=0.8298 | Wμ=0.997 | Aμ=0.999 | Wmax=1.000 | LR=1.1016e-06 | ‖g‖=nan | satA=nan | satW=nan | εμ=nan | εvar=nan | corr(ε,x)=nan | t=nans
   293 | base=0.827073 | val=0.789568 | acc1=0.7428 | Wμ=0.997 | Aμ=0.999 | Wmax=1.000 | LR=9.4806e-07 | ‖g‖=nan | satA=nan | satW=nan | εμ=nan | εvar=nan | corr(ε,x)=nan | t=nans
   295 | base=0.882502 | val=0.573869 | acc1=0.8127 | Wμ=0.997 | Aμ=0.999 | Wmax=1.000 | LR=8.1591e-07 | ‖g‖=nan | satA=nan | satW=nan | εμ=nan | εvar=nan | corr(ε,x)=nan | t=nans
   297 | base=0.934882 | val=0.551370 | acc1=0.8198 | Wμ=0.997 | Aμ=0.999 | Wmax=1.000 | LR=7.0218e-07 | ‖g‖=nan | satA=nan | satW=nan | εμ=nan | εvar=nan | corr(ε,x)=nan | t=nans
   299 | base=0.863524 | val=0.541005 | acc1=0.8210 | Wμ=0.997 | Aμ=0.999 | Wmax=1.000 | LR=6.043e-07 | ‖g‖=nan | satA=nan | satW=nan | εμ=nan | εvar=nan | corr(ε,x)=nan | t=nans
   301 | base=0.878383 | val=0.550315 | acc1=0.8175 | Wμ=0.997 | Aμ=0.999 | Wmax=1.000 | LR=5.2007e-07 | ‖g‖=nan | satA=nan | satW=nan | εμ=nan | εvar=nan | corr(ε,x)=nan | t=nans
   303 | base=0.915260 | val=0.730203 | acc1=0.7676 | Wμ=0.997 | Aμ=0.999 | Wmax=1.000 | LR=4.4758e-07 | ‖g‖=nan | satA=nan | satW=nan | εμ=nan | εvar=nan | corr(ε,x)=nan | t=nans
   305 | base=0.942075 | val=0.503716 | acc1=0.8337 | Wμ=0.997 | Aμ=0.999 | Wmax=1.000 | LR=3.8519e-07 | ‖g‖=nan | satA=nan | satW=nan | εμ=nan | εvar=nan | corr(ε,x)=nan | t=nans
   307 | base=0.838791 | val=0.542617 | acc1=0.8206 | Wμ=0.997 | Aμ=0.999 | Wmax=1.000 | LR=3.315e-07 | ‖g‖=nan | satA=nan | satW=nan | εμ=nan | εvar=nan | corr(ε,x)=nan | t=nans
   309 | base=0.903266 | val=0.543117 | acc1=0.8202 | Wμ=0.997 | Aμ=0.999 | Wmax=1.000 | LR=2.8529e-07 | ‖g‖=nan | satA=nan | satW=nan | εμ=nan | εvar=nan | corr(ε,x)=nan | t=nans
   311 | base=0.829500 | val=0.613968 | acc1=0.8001 | Wμ=0.997 | Aμ=0.999 | Wmax=1.000 | LR=2.4553e-07 | ‖g‖=nan | satA=nan | satW=nan | εμ=nan | εvar=nan | corr(ε,x)=nan | t=nans
   313 | base=0.814034 | val=0.530816 | acc1=0.8220 | Wμ=0.997 | Aμ=0.999 | Wmax=1.000 | LR=2.113e-07 | ‖g‖=nan | satA=nan | satW=nan | εμ=nan | εvar=nan | corr(ε,x)=nan | t=nans
   315 | base=0.918224 | val=0.556860 | acc1=0.8171 | Wμ=0.997 | Aμ=0.999 | Wmax=1.000 | LR=1.8185e-07 | ‖g‖=nan | satA=nan | satW=nan | εμ=nan | εvar=nan | corr(ε,x)=nan | t=nans
   317 | base=0.818115 | val=0.650831 | acc1=0.7874 | Wμ=0.997 | Aμ=0.999 | Wmax=1.000 | LR=1.565e-07 | ‖g‖=nan | satA=nan | satW=nan | εμ=nan | εvar=nan | corr(ε,x)=nan | t=nans
   319 | base=0.893877 | val=0.520374 | acc1=0.8294 | Wμ=0.997 | Aμ=0.999 | Wmax=1.000 | LR=1.3469e-07 | ‖g‖=nan | satA=nan | satW=nan | εμ=nan | εvar=nan | corr(ε,x)=nan | t=nans
   321 | base=0.773419 | val=0.527124 | acc1=0.8265 | Wμ=0.997 | Aμ=0.999 | Wmax=1.000 | LR=1.1591e-07 | ‖g‖=nan | satA=nan | satW=nan | εμ=nan | εvar=nan | corr(ε,x)=nan | t=nans
   323 | base=0.851626 | val=0.524433 | acc1=0.8271 | Wμ=0.997 | Aμ=0.999 | Wmax=1.000 | LR=9.9756e-08 | ‖g‖=nan | satA=nan | satW=nan | εμ=nan | εvar=nan | corr(ε,x)=nan | t=nans
   325 | base=0.840061 | val=0.500073 | acc1=0.8334 | Wμ=0.997 | Aμ=0.999 | Wmax=1.000 | LR=8.5851e-08 | ‖g‖=nan | satA=nan | satW=nan | εμ=nan | εvar=nan | corr(ε,x)=nan | t=nans
   327 | base=0.852624 | val=0.597709 | acc1=0.8047 | Wμ=0.997 | Aμ=0.999 | Wmax=1.000 | LR=7.3884e-08 | ‖g‖=nan | satA=nan | satW=nan | εμ=nan | εvar=nan | corr(ε,x)=nan | t=nans
   329 | base=0.860876 | val=0.542898 | acc1=0.8227 | Wμ=0.997 | Aμ=0.999 | Wmax=1.000 | LR=6.3586e-08 | ‖g‖=nan | satA=nan | satW=nan | εμ=nan | εvar=nan | corr(ε,x)=nan | t=nans
   331 | base=0.878136 | val=0.492076 | acc1=0.8360 | Wμ=0.997 | Aμ=0.999 | Wmax=1.000 | LR=5.4723e-08 | ‖g‖=nan | satA=nan | satW=nan | εμ=nan | εvar=nan | corr(ε,x)=nan | t=nans
   333 | base=0.847848 | val=0.481394 | acc1=0.8364 | Wμ=0.997 | Aμ=0.999 | Wmax=1.000 | LR=4.7095e-08 | ‖g‖=nan | satA=nan | satW=nan | εμ=nan | εvar=nan | corr(ε,x)=nan | t=nans
   335 | base=0.818887 | val=0.516065 | acc1=0.8272 | Wμ=0.997 | Aμ=0.999 | Wmax=1.000 | LR=4.053e-08 | ‖g‖=nan | satA=nan | satW=nan | εμ=nan | εvar=nan | corr(ε,x)=nan | t=nans
   337 | base=0.865262 | val=0.525214 | acc1=0.8259 | Wμ=0.997 | Aμ=0.999 | Wmax=1.000 | LR=3.4881e-08 | ‖g‖=nan | satA=nan | satW=nan | εμ=nan | εvar=nan | corr(ε,x)=nan | t=nans
   339 | base=0.900561 | val=0.544128 | acc1=0.8216 | Wμ=0.997 | Aμ=0.999 | Wmax=1.000 | LR=3.0019e-08 | ‖g‖=nan | satA=nan | satW=nan | εμ=nan | εvar=nan | corr(ε,x)=nan | t=nans
   341 | base=0.864454 | val=0.464450 | acc1=0.8450 | Wμ=0.997 | Aμ=0.999 | Wmax=1.000 | LR=2.5835e-08 | ‖g‖=nan | satA=nan | satW=nan | εμ=nan | εvar=nan | corr(ε,x)=nan | t=nans
   343 | base=0.894845 | val=0.528886 | acc1=0.8267 | Wμ=0.997 | Aμ=0.999 | Wmax=1.000 | LR=2.2234e-08 | ‖g‖=nan | satA=nan | satW=nan | εμ=nan | εvar=nan | corr(ε,x)=nan | t=nans
   345 | base=0.831048 | val=0.487137 | acc1=0.8393 | Wμ=0.997 | Aμ=0.999 | Wmax=1.000 | LR=1.9134e-08 | ‖g‖=nan | satA=nan | satW=nan | εμ=nan | εvar=nan | corr(ε,x)=nan | t=nans
   347 | base=0.875955 | val=0.469364 | acc1=0.8429 | Wμ=0.997 | Aμ=0.999 | Wmax=1.000 | LR=1.6467e-08 | ‖g‖=nan | satA=nan | satW=nan | εμ=nan | εvar=nan | corr(ε,x)=nan | t=nans
   349 | base=0.844985 | val=0.503853 | acc1=0.8305 | Wμ=0.997 | Aμ=0.999 | Wmax=1.000 | LR=1.4172e-08 | ‖g‖=nan | satA=nan | satW=nan | εμ=nan | εvar=nan | corr(ε,x)=nan | t=nans
   351 | base=0.933716 | val=0.475173 | acc1=0.8409 | Wμ=0.997 | Aμ=0.999 | Wmax=1.000 | LR=1.2197e-08 | ‖g‖=nan | satA=nan | satW=nan | εμ=nan | εvar=nan | corr(ε,x)=nan | t=nans
   353 | base=0.796859 | val=0.529963 | acc1=0.8241 | Wμ=0.997 | Aμ=0.999 | Wmax=1.000 | LR=1.0496e-08 | ‖g‖=nan | satA=nan | satW=nan | εμ=nan | εvar=nan | corr(ε,x)=nan | t=nans
   355 | base=0.886685 | val=0.490307 | acc1=0.8388 | Wμ=0.997 | Aμ=0.999 | Wmax=1.000 | LR=9.0334e-09 | ‖g‖=nan | satA=nan | satW=nan | εμ=nan | εvar=nan | corr(ε,x)=nan | t=nans
   357 | base=0.959275 | val=0.528725 | acc1=0.8254 | Wμ=0.997 | Aμ=0.999 | Wmax=1.000 | LR=7.7742e-09 | ‖g‖=nan | satA=nan | satW=nan | εμ=nan | εvar=nan | corr(ε,x)=nan | t=nans
   359 | base=0.866812 | val=0.524451 | acc1=0.8282 | Wμ=0.997 | Aμ=0.999 | Wmax=1.000 | LR=6.6906e-09 | ‖g‖=nan | satA=nan | satW=nan | εμ=nan | εvar=nan | corr(ε,x)=nan | t=nans
   361 | base=0.885786 | val=0.490395 | acc1=0.8346 | Wμ=0.997 | Aμ=0.999 | Wmax=1.000 | LR=5.758e-09 | ‖g‖=nan | satA=nan | satW=nan | εμ=nan | εvar=nan | corr(ε,x)=nan | t=nans
   363 | base=0.862582 | val=0.525942 | acc1=0.8279 | Wμ=0.997 | Aμ=0.999 | Wmax=1.000 | LR=4.9554e-09 | ‖g‖=nan | satA=nan | satW=nan | εμ=nan | εvar=nan | corr(ε,x)=nan | t=nans
   365 | base=0.846285 | val=0.534154 | acc1=0.8254 | Wμ=0.997 | Aμ=0.999 | Wmax=1.000 | LR=4.2647e-09 | ‖g‖=nan | satA=nan | satW=nan | εμ=nan | εvar=nan | corr(ε,x)=nan | t=nans
   367 | base=0.900835 | val=0.503910 | acc1=0.8322 | Wμ=0.997 | Aμ=0.999 | Wmax=1.000 | LR=3.6702e-09 | ‖g‖=nan | satA=nan | satW=nan | εμ=nan | εvar=nan | corr(ε,x)=nan | t=nans
   369 | base=0.882388 | val=0.479068 | acc1=0.8382 | Wμ=0.997 | Aμ=0.999 | Wmax=1.000 | LR=3.1586e-09 | ‖g‖=nan | satA=nan | satW=nan | εμ=nan | εvar=nan | corr(ε,x)=nan | t=nans
   371 | base=0.861573 | val=0.475857 | acc1=0.8424 | Wμ=0.997 | Aμ=0.999 | Wmax=1.000 | LR=2.7183e-09 | ‖g‖=nan | satA=nan | satW=nan | εμ=nan | εvar=nan | corr(ε,x)=nan | t=nans
   373 | base=0.803946 | val=0.476453 | acc1=0.8425 | Wμ=0.997 | Aμ=0.999 | Wmax=1.000 | LR=2.3394e-09 | ‖g‖=nan | satA=nan | satW=nan | εμ=nan | εvar=nan | corr(ε,x)=nan | t=nans
   375 | base=0.870999 | val=0.472273 | acc1=0.8440 | Wμ=0.997 | Aμ=0.999 | Wmax=1.000 | LR=2.0133e-09 | ‖g‖=nan | satA=nan | satW=nan | εμ=nan | εvar=nan | corr(ε,x)=nan | t=nans
   377 | base=0.839209 | val=0.468134 | acc1=0.8442 | Wμ=0.997 | Aμ=0.999 | Wmax=1.000 | LR=1.7327e-09 | ‖g‖=nan | satA=nan | satW=nan | εμ=nan | εvar=nan | corr(ε,x)=nan | t=nans
   379 | base=0.861884 | val=0.516062 | acc1=0.8353 | Wμ=0.997 | Aμ=0.999 | Wmax=1.000 | LR=1.4912e-09 | ‖g‖=nan | satA=nan | satW=nan | εμ=nan | εvar=nan | corr(ε,x)=nan | t=nans
   381 | base=0.870570 | val=0.483235 | acc1=0.8412 | Wμ=0.997 | Aμ=0.999 | Wmax=1.000 | LR=1.2833e-09 | ‖g‖=nan | satA=nan | satW=nan | εμ=nan | εvar=nan | corr(ε,x)=nan | t=nans
   383 | base=0.900782 | val=0.469376 | acc1=0.8440 | Wμ=0.997 | Aμ=0.999 | Wmax=1.000 | LR=1.1045e-09 | ‖g‖=nan | satA=nan | satW=nan | εμ=nan | εvar=nan | corr(ε,x)=nan | t=nans
   385 | base=0.926433 | val=0.468183 | acc1=0.8468 | Wμ=0.997 | Aμ=0.999 | Wmax=1.000 | LR=9.505e-10 | ‖g‖=nan | satA=nan | satW=nan | εμ=nan | εvar=nan | corr(ε,x)=nan | t=nans
   387 | base=0.816241 | val=0.476997 | acc1=0.8409 | Wμ=0.997 | Aμ=0.999 | Wmax=1.000 | LR=8.1801e-10 | ‖g‖=nan | satA=nan | satW=nan | εμ=nan | εvar=nan | corr(ε,x)=nan | t=nans
   389 | base=0.826939 | val=0.473288 | acc1=0.8402 | Wμ=0.997 | Aμ=0.999 | Wmax=1.000 | LR=7.0399e-10 | ‖g‖=nan | satA=nan | satW=nan | εμ=nan | εvar=nan | corr(ε,x)=nan | t=nans
   391 | base=0.803422 | val=0.464901 | acc1=0.8456 | Wμ=0.997 | Aμ=0.999 | Wmax=1.000 | LR=6.0586e-10 | ‖g‖=nan | satA=nan | satW=nan | εμ=nan | εvar=nan | corr(ε,x)=nan | t=nans
   393 | base=0.852854 | val=0.466460 | acc1=0.8438 | Wμ=0.997 | Aμ=0.999 | Wmax=1.000 | LR=5.2141e-10 | ‖g‖=nan | satA=nan | satW=nan | εμ=nan | εvar=nan | corr(ε,x)=nan | t=nans
   395 | base=0.876750 | val=0.464654 | acc1=0.8488 | Wμ=0.997 | Aμ=0.999 | Wmax=1.000 | LR=4.4873e-10 | ‖g‖=nan | satA=nan | satW=nan | εμ=nan | εvar=nan | corr(ε,x)=nan | t=nans
   397 | base=0.838744 | val=0.461733 | acc1=0.8435 | Wμ=0.997 | Aμ=0.999 | Wmax=1.000 | LR=3.8618e-10 | ‖g‖=nan | satA=nan | satW=nan | εμ=nan | εvar=nan | corr(ε,x)=nan | t=nans
   399 | base=0.831270 | val=0.466853 | acc1=0.8458 | Wμ=0.997 | Aμ=0.999 | Wmax=1.000 | LR=3.3235e-10 | ‖g‖=nan | satA=nan | satW=nan | εμ=nan | εvar=nan | corr(ε,x)=nan | t=nans
   401 | base=0.815325 | val=0.463713 | acc1=0.8500 | Wμ=0.997 | Aμ=0.999 | Wmax=1.000 | LR=2.8603e-10 | ‖g‖=nan | satA=nan | satW=nan | εμ=nan | εvar=nan | corr(ε,x)=nan | t=nans
   403 | base=0.828572 | val=0.454716 | acc1=0.8498 | Wμ=0.997 | Aμ=0.999 | Wmax=1.000 | LR=2.4616e-10 | ‖g‖=nan | satA=nan | satW=nan | εμ=nan | εvar=nan | corr(ε,x)=nan | t=nans
   405 | base=0.836072 | val=0.465358 | acc1=0.8460 | Wμ=0.997 | Aμ=0.999 | Wmax=1.000 | LR=2.1185e-10 | ‖g‖=nan | satA=nan | satW=nan | εμ=nan | εvar=nan | corr(ε,x)=nan | t=nans
   407 | base=0.854345 | val=0.449767 | acc1=0.8514 | Wμ=0.997 | Aμ=0.999 | Wmax=1.000 | LR=1.8232e-10 | ‖g‖=nan | satA=nan | satW=nan | εμ=nan | εvar=nan | corr(ε,x)=nan | t=nans
   409 | base=0.829647 | val=0.459819 | acc1=0.8506 | Wμ=0.997 | Aμ=0.999 | Wmax=1.000 | LR=1.569e-10 | ‖g‖=nan | satA=nan | satW=nan | εμ=nan | εvar=nan | corr(ε,x)=nan | t=nans
   411 | base=0.885893 | val=0.469049 | acc1=0.8457 | Wμ=0.997 | Aμ=0.999 | Wmax=1.000 | LR=1.3503e-10 | ‖g‖=nan | satA=nan | satW=nan | εμ=nan | εvar=nan | corr(ε,x)=nan | t=nans
   413 | base=0.774420 | val=0.465420 | acc1=0.8450 | Wμ=0.997 | Aμ=0.999 | Wmax=1.000 | LR=1.1621e-10 | ‖g‖=nan | satA=nan | satW=nan | εμ=nan | εvar=nan | corr(ε,x)=nan | t=nans
   415 | base=0.764379 | val=0.461849 | acc1=0.8472 | Wμ=0.997 | Aμ=0.999 | Wmax=1.000 | LR=1.0001e-10 | ‖g‖=nan | satA=nan | satW=nan | εμ=nan | εvar=nan | corr(ε,x)=nan | t=nans
   417 | base=0.831447 | val=0.457987 | acc1=0.8476 | Wμ=0.997 | Aμ=0.999 | Wmax=1.000 | LR=8.6072e-11 | ‖g‖=nan | satA=nan | satW=nan | εμ=nan | εvar=nan | corr(ε,x)=nan | t=nans
   419 | base=0.828672 | val=0.461071 | acc1=0.8498 | Wμ=0.997 | Aμ=0.999 | Wmax=1.000 | LR=7.4075e-11 | ‖g‖=nan | satA=nan | satW=nan | εμ=nan | εvar=nan | corr(ε,x)=nan | t=nans
   421 | base=0.801145 | val=0.462478 | acc1=0.8474 | Wμ=0.997 | Aμ=0.999 | Wmax=1.000 | LR=6.375e-11 | ‖g‖=nan | satA=nan | satW=nan | εμ=nan | εvar=nan | corr(ε,x)=nan | t=nans
   423 | base=0.794384 | val=0.459935 | acc1=0.8460 | Wμ=0.997 | Aμ=0.999 | Wmax=1.000 | LR=5.4864e-11 | ‖g‖=nan | satA=nan | satW=nan | εμ=nan | εvar=nan | corr(ε,x)=nan | t=nans
   425 | base=0.814648 | val=0.452306 | acc1=0.8492 | Wμ=0.997 | Aμ=0.999 | Wmax=1.000 | LR=4.7216e-11 | ‖g‖=nan | satA=nan | satW=nan | εμ=nan | εvar=nan | corr(ε,x)=nan | t=nans
   427 | base=0.804698 | val=0.462147 | acc1=0.8452 | Wμ=0.997 | Aμ=0.999 | Wmax=1.000 | LR=4.0635e-11 | ‖g‖=nan | satA=nan | satW=nan | εμ=nan | εvar=nan | corr(ε,x)=nan | t=nans
   429 | base=0.810562 | val=0.467392 | acc1=0.8445 | Wμ=0.997 | Aμ=0.999 | Wmax=1.000 | LR=3.4971e-11 | ‖g‖=nan | satA=nan | satW=nan | εμ=nan | εvar=nan | corr(ε,x)=nan | t=nans
   431 | base=0.867275 | val=0.456090 | acc1=0.8483 | Wμ=0.997 | Aμ=0.999 | Wmax=1.000 | LR=3.0096e-11 | ‖g‖=nan | satA=nan | satW=nan | εμ=nan | εvar=nan | corr(ε,x)=nan | t=nans
   433 | base=0.818704 | val=0.459747 | acc1=0.8499 | Wμ=0.997 | Aμ=0.999 | Wmax=1.000 | LR=2.5901e-11 | ‖g‖=nan | satA=nan | satW=nan | εμ=nan | εvar=nan | corr(ε,x)=nan | t=nans
   435 | base=0.744984 | val=0.457692 | acc1=0.8484 | Wμ=0.997 | Aμ=0.999 | Wmax=1.000 | LR=2.2291e-11 | ‖g‖=nan | satA=nan | satW=nan | εμ=nan | εvar=nan | corr(ε,x)=nan | t=nans
   437 | base=0.810881 | val=0.463651 | acc1=0.8487 | Wμ=0.997 | Aμ=0.999 | Wmax=1.000 | LR=1.9184e-11 | ‖g‖=nan | satA=nan | satW=nan | εμ=nan | εvar=nan | corr(ε,x)=nan | t=nans
   439 | base=0.885677 | val=0.462375 | acc1=0.8467 | Wμ=0.997 | Aμ=0.999 | Wmax=1.000 | LR=1.651e-11 | ‖g‖=nan | satA=nan | satW=nan | εμ=nan | εvar=nan | corr(ε,x)=nan | t=nans
   441 | base=0.798637 | val=0.455755 | acc1=0.8501 | Wμ=0.997 | Aμ=0.999 | Wmax=1.000 | LR=1.4208e-11 | ‖g‖=nan | satA=nan | satW=nan | εμ=nan | εvar=nan | corr(ε,x)=nan | t=nans
   443 | base=0.800315 | val=0.447344 | acc1=0.8540 | Wμ=0.997 | Aμ=0.999 | Wmax=1.000 | LR=1.2228e-11 | ‖g‖=nan | satA=nan | satW=nan | εμ=nan | εvar=nan | corr(ε,x)=nan | t=nans
   445 | base=0.844676 | val=0.466088 | acc1=0.8438 | Wμ=0.997 | Aμ=0.999 | Wmax=1.000 | LR=1.0524e-11 | ‖g‖=nan | satA=nan | satW=nan | εμ=nan | εvar=nan | corr(ε,x)=nan | t=nans
   447 | base=0.845851 | val=0.465384 | acc1=0.8476 | Wμ=0.997 | Aμ=0.999 | Wmax=1.000 | LR=9.0567e-12 | ‖g‖=nan | satA=nan | satW=nan | εμ=nan | εvar=nan | corr(ε,x)=nan | t=nans
   449 | base=0.856676 | val=0.461826 | acc1=0.8485 | Wμ=0.997 | Aμ=0.999 | Wmax=1.000 | LR=7.7943e-12 | ‖g‖=nan | satA=nan | satW=nan | εμ=nan | εvar=nan | corr(ε,x)=nan | t=nans
   451 | base=0.843762 | val=0.453463 | acc1=0.8505 | Wμ=0.997 | Aμ=0.999 | Wmax=1.000 | LR=6.7078e-12 | ‖g‖=nan | satA=nan | satW=nan | εμ=nan | εvar=nan | corr(ε,x)=nan | t=nans
   453 | base=0.858130 | val=0.459870 | acc1=0.8465 | Wμ=0.997 | Aμ=0.999 | Wmax=1.000 | LR=5.7728e-12 | ‖g‖=nan | satA=nan | satW=nan | εμ=nan | εvar=nan | corr(ε,x)=nan | t=nans
   455 | base=0.779453 | val=0.452221 | acc1=0.8517 | Wμ=0.997 | Aμ=0.999 | Wmax=1.000 | LR=4.9682e-12 | ‖g‖=nan | satA=nan | satW=nan | εμ=nan | εvar=nan | corr(ε,x)=nan | t=nans
   457 | base=0.767010 | val=0.457064 | acc1=0.8464 | Wμ=0.997 | Aμ=0.999 | Wmax=1.000 | LR=4.2757e-12 | ‖g‖=nan | satA=nan | satW=nan | εμ=nan | εvar=nan | corr(ε,x)=nan | t=nans
   459 | base=0.862748 | val=0.451943 | acc1=0.8499 | Wμ=0.997 | Aμ=0.999 | Wmax=1.000 | LR=3.6797e-12 | ‖g‖=nan | satA=nan | satW=nan | εμ=nan | εvar=nan | corr(ε,x)=nan | t=nans
   461 | base=0.786096 | val=0.454471 | acc1=0.8494 | Wμ=0.997 | Aμ=0.999 | Wmax=1.000 | LR=3.1668e-12 | ‖g‖=nan | satA=nan | satW=nan | εμ=nan | εvar=nan | corr(ε,x)=nan | t=nans
   463 | base=0.885684 | val=0.462735 | acc1=0.8473 | Wμ=0.997 | Aμ=0.999 | Wmax=1.000 | LR=2.7254e-12 | ‖g‖=nan | satA=nan | satW=nan | εμ=nan | εvar=nan | corr(ε,x)=nan | t=nans
   465 | base=0.808284 | val=0.455001 | acc1=0.8502 | Wμ=0.997 | Aμ=0.999 | Wmax=1.000 | LR=2.3455e-12 | ‖g‖=nan | satA=nan | satW=nan | εμ=nan | εvar=nan | corr(ε,x)=nan | t=nans
   467 | base=0.843895 | val=0.455730 | acc1=0.8493 | Wμ=0.997 | Aμ=0.999 | Wmax=1.000 | LR=2.0185e-12 | ‖g‖=nan | satA=nan | satW=nan | εμ=nan | εvar=nan | corr(ε,x)=nan | t=nans
   469 | base=0.774827 | val=0.467441 | acc1=0.8447 | Wμ=0.997 | Aμ=0.999 | Wmax=1.000 | LR=1.7372e-12 | ‖g‖=nan | satA=nan | satW=nan | εμ=nan | εvar=nan | corr(ε,x)=nan | t=nans
   471 | base=0.849382 | val=0.456656 | acc1=0.8484 | Wμ=0.997 | Aμ=0.999 | Wmax=1.000 | LR=1.495e-12 | ‖g‖=nan | satA=nan | satW=nan | εμ=nan | εvar=nan | corr(ε,x)=nan | t=nans
   473 | base=0.815454 | val=0.453344 | acc1=0.8487 | Wμ=0.997 | Aμ=0.999 | Wmax=1.000 | LR=1.2866e-12 | ‖g‖=nan | satA=nan | satW=nan | εμ=nan | εvar=nan | corr(ε,x)=nan | t=nans
   475 | base=0.790969 | val=0.453257 | acc1=0.8513 | Wμ=0.997 | Aμ=0.999 | Wmax=1.000 | LR=1.1073e-12 | ‖g‖=nan | satA=nan | satW=nan | εμ=nan | εvar=nan | corr(ε,x)=nan | t=nans
   477 | base=0.791458 | val=0.453731 | acc1=0.8478 | Wμ=0.997 | Aμ=0.999 | Wmax=1.000 | LR=9.5295e-13 | ‖g‖=nan | satA=nan | satW=nan | εμ=nan | εvar=nan | corr(ε,x)=nan | t=nans
   479 | base=0.841336 | val=0.457824 | acc1=0.8479 | Wμ=0.997 | Aμ=0.999 | Wmax=1.000 | LR=8.2012e-13 | ‖g‖=nan | satA=nan | satW=nan | εμ=nan | εvar=nan | corr(ε,x)=nan | t=nans
   481 | base=0.817517 | val=0.456937 | acc1=0.8524 | Wμ=0.997 | Aμ=0.999 | Wmax=1.000 | LR=7.0581e-13 | ‖g‖=nan | satA=nan | satW=nan | εμ=nan | εvar=nan | corr(ε,x)=nan | t=nans
   483 | base=0.835068 | val=0.465228 | acc1=0.8473 | Wμ=0.997 | Aμ=0.999 | Wmax=1.000 | LR=6.0742e-13 | ‖g‖=nan | satA=nan | satW=nan | εμ=nan | εvar=nan | corr(ε,x)=nan | t=nans
   485 | base=0.873952 | val=0.459318 | acc1=0.8455 | Wμ=0.997 | Aμ=0.999 | Wmax=1.000 | LR=5.2276e-13 | ‖g‖=nan | satA=nan | satW=nan | εμ=nan | εvar=nan | corr(ε,x)=nan | t=nans
   487 | base=0.778353 | val=0.464054 | acc1=0.8464 | Wμ=0.997 | Aμ=0.999 | Wmax=1.000 | LR=4.4989e-13 | ‖g‖=nan | satA=nan | satW=nan | εμ=nan | εvar=nan | corr(ε,x)=nan | t=nans
   489 | base=0.867712 | val=0.453170 | acc1=0.8466 | Wμ=0.997 | Aμ=0.999 | Wmax=1.000 | LR=3.8718e-13 | ‖g‖=nan | satA=nan | satW=nan | εμ=nan | εvar=nan | corr(ε,x)=nan | t=nans
   491 | base=0.820008 | val=0.457764 | acc1=0.8507 | Wμ=0.997 | Aμ=0.999 | Wmax=1.000 | LR=3.3321e-13 | ‖g‖=nan | satA=nan | satW=nan | εμ=nan | εvar=nan | corr(ε,x)=nan | t=nans
   493 | base=0.872219 | val=0.456989 | acc1=0.8507 | Wμ=0.997 | Aμ=0.999 | Wmax=1.000 | LR=2.8677e-13 | ‖g‖=nan | satA=nan | satW=nan | εμ=nan | εvar=nan | corr(ε,x)=nan | t=nans
   495 | base=0.763153 | val=0.455539 | acc1=0.8463 | Wμ=0.997 | Aμ=0.999 | Wmax=1.000 | LR=2.4679e-13 | ‖g‖=nan | satA=nan | satW=nan | εμ=nan | εvar=nan | corr(ε,x)=nan | t=nans
   497 | base=0.762496 | val=0.458302 | acc1=0.8483 | Wμ=0.997 | Aμ=0.999 | Wmax=1.000 | LR=2.1239e-13 | ‖g‖=nan | satA=nan | satW=nan | εμ=nan | εvar=nan | corr(ε,x)=nan | t=nans
   499 | base=0.806859 | val=0.460885 | acc1=0.8492 | Wμ=0.997 | Aμ=0.999 | Wmax=1.000 | LR=1.8279e-13 | ‖g‖=nan | satA=nan | satW=nan | εμ=nan | εvar=nan | corr(ε,x)=nan | t=nans
   501 | base=0.903367 | val=0.454208 | acc1=0.8494 | Wμ=0.997 | Aμ=0.999 | Wmax=1.000 | LR=1.5731e-13 | ‖g‖=nan | satA=nan | satW=nan | εμ=nan | εvar=nan | corr(ε,x)=nan | t=nans
   503 | base=0.819402 | val=0.455935 | acc1=0.8490 | Wμ=0.997 | Aμ=0.999 | Wmax=1.000 | LR=1.3538e-13 | ‖g‖=nan | satA=nan | satW=nan | εμ=nan | εvar=nan | corr(ε,x)=nan | t=nans
   505 | base=0.822295 | val=0.468329 | acc1=0.8425 | Wμ=0.997 | Aμ=0.999 | Wmax=1.000 | LR=1.1651e-13 | ‖g‖=nan | satA=nan | satW=nan | εμ=nan | εvar=nan | corr(ε,x)=nan | t=nans
   507 | base=0.862815 | val=0.460958 | acc1=0.8483 | Wμ=0.997 | Aμ=0.999 | Wmax=1.000 | LR=1.0027e-13 | ‖g‖=nan | satA=nan | satW=nan | εμ=nan | εvar=nan | corr(ε,x)=nan | t=nans
   509 | base=0.865576 | val=0.457339 | acc1=0.8504 | Wμ=0.997 | Aμ=0.999 | Wmax=1.000 | LR=8.6294e-14 | ‖g‖=nan | satA=nan | satW=nan | εμ=nan | εvar=nan | corr(ε,x)=nan | t=nans
   511 | base=0.814623 | val=0.463775 | acc1=0.8472 | Wμ=0.997 | Aμ=0.999 | Wmax=1.000 | LR=7.4266e-14 | ‖g‖=nan | satA=nan | satW=nan | εμ=nan | εvar=nan | corr(ε,x)=nan | t=nans
   513 | base=0.867113 | val=0.458694 | acc1=0.8483 | Wμ=0.997 | Aμ=0.999 | Wmax=1.000 | LR=6.3914e-14 | ‖g‖=nan | satA=nan | satW=nan | εμ=nan | εvar=nan | corr(ε,x)=nan | t=nans
   515 | base=0.784988 | val=0.463720 | acc1=0.8459 | Wμ=0.997 | Aμ=0.999 | Wmax=1.000 | LR=5.5005e-14 | ‖g‖=nan | satA=nan | satW=nan | εμ=nan | εvar=nan | corr(ε,x)=nan | t=nans
   517 | base=0.795836 | val=0.463580 | acc1=0.8476 | Wμ=0.997 | Aμ=0.999 | Wmax=1.000 | LR=4.7338e-14 | ‖g‖=nan | satA=nan | satW=nan | εμ=nan | εvar=nan | corr(ε,x)=nan | t=nans
   519 | base=0.803493 | val=0.462099 | acc1=0.8468 | Wμ=0.997 | Aμ=0.999 | Wmax=1.000 | LR=4.074e-14 | ‖g‖=nan | satA=nan | satW=nan | εμ=nan | εvar=nan | corr(ε,x)=nan | t=nans
   521 | base=0.877414 | val=0.461939 | acc1=0.8472 | Wμ=0.997 | Aμ=0.999 | Wmax=1.000 | LR=3.5061e-14 | ‖g‖=nan | satA=nan | satW=nan | εμ=nan | εvar=nan | corr(ε,x)=nan | t=nans
   523 | base=0.818516 | val=0.456762 | acc1=0.8466 | Wμ=0.997 | Aμ=0.999 | Wmax=1.000 | LR=3.0174e-14 | ‖g‖=nan | satA=nan | satW=nan | εμ=nan | εvar=nan | corr(ε,x)=nan | t=nans
   525 | base=0.805251 | val=0.461713 | acc1=0.8479 | Wμ=0.997 | Aμ=0.999 | Wmax=1.000 | LR=2.5968e-14 | ‖g‖=nan | satA=nan | satW=nan | εμ=nan | εvar=nan | corr(ε,x)=nan | t=nans
   527 | base=0.860867 | val=0.459094 | acc1=0.8487 | Wμ=0.997 | Aμ=0.999 | Wmax=1.000 | LR=2.2348e-14 | ‖g‖=nan | satA=nan | satW=nan | εμ=nan | εvar=nan | corr(ε,x)=nan | t=nans
   529 | base=0.794073 | val=0.466747 | acc1=0.8469 | Wμ=0.997 | Aμ=0.999 | Wmax=1.000 | LR=1.9233e-14 | ‖g‖=nan | satA=nan | satW=nan | εμ=nan | εvar=nan | corr(ε,x)=nan | t=nans
   531 | base=0.815741 | val=0.454028 | acc1=0.8494 | Wμ=0.997 | Aμ=0.999 | Wmax=1.000 | LR=1.6552e-14 | ‖g‖=nan | satA=nan | satW=nan | εμ=nan | εvar=nan | corr(ε,x)=nan | t=nans
   533 | base=0.854350 | val=0.459918 | acc1=0.8463 | Wμ=0.997 | Aμ=0.999 | Wmax=1.000 | LR=1.4245e-14 | ‖g‖=nan | satA=nan | satW=nan | εμ=nan | εvar=nan | corr(ε,x)=nan | t=nans
   535 | base=0.809866 | val=0.454965 | acc1=0.8498 | Wμ=0.997 | Aμ=0.999 | Wmax=1.000 | LR=1.2259e-14 | ‖g‖=nan | satA=nan | satW=nan | εμ=nan | εvar=nan | corr(ε,x)=nan | t=nans
   537 | base=0.825720 | val=0.456083 | acc1=0.8481 | Wμ=0.997 | Aμ=0.999 | Wmax=1.000 | LR=1.0551e-14 | ‖g‖=nan | satA=nan | satW=nan | εμ=nan | εvar=nan | corr(ε,x)=nan | t=nans
   539 | base=0.853904 | val=0.458681 | acc1=0.8468 | Wμ=0.997 | Aμ=0.999 | Wmax=1.000 | LR=9.08e-15 | ‖g‖=nan | satA=nan | satW=nan | εμ=nan | εvar=nan | corr(ε,x)=nan | t=nans
   541 | base=0.861580 | val=0.461380 | acc1=0.8474 | Wμ=0.997 | Aμ=0.999 | Wmax=1.000 | LR=7.8144e-15 | ‖g‖=nan | satA=nan | satW=nan | εμ=nan | εvar=nan | corr(ε,x)=nan | t=nans
   543 | base=0.841753 | val=0.463817 | acc1=0.8467 | Wμ=0.997 | Aμ=0.999 | Wmax=1.000 | LR=6.7251e-15 | ‖g‖=nan | satA=nan | satW=nan | εμ=nan | εvar=nan | corr(ε,x)=nan | t=nans
