     0 | base=nan | val=nan | acc1=0.9282 | Wμ=nan | Aμ=nan | Wmax=nan | Amax=nan |LR=nan | t=nans
     0 | base=nan | val=0.236706 | acc1=0.9282 | Wμ=11.186 | Aμ=20.000 | Wmax=12.916 | Amax=13.744 |LR=nan | t=nans
     0 | base=nan | val=0.236786 | acc1=0.9280 | Wμ=9.786 | Aμ=20.000 | Wmax=10.000 | Amax=13.743 |LR=nan | t=nans
     0 | base=nan | val=0.236885 | acc1=0.9282 | Wμ=9.786 | Aμ=10.000 | Wmax=10.000 | Amax=9.994 |LR=nan | t=nans
# epoch | BaseLoss | ValLoss | Acc@1 | MeanWBits | MeanABits | MaxWBits | MaxABits | LR | EpochTime(s)
     0 | base=nan | val=0.213740 | acc1=0.9350 | Wμ=9.786 | Aμ=10.000 | Wmax=10.000 | Amax=10.000 |LR=nan | t=nans
     0 | base=0.002898 | val=0.237303 | acc1=0.9264 | Wμ=9.786 | Aμ=10.001 | Wmax=10.006 | Amax=9.991 |LR=0.00098 | t=10.45s
     1 | base=0.004763 | val=0.239676 | acc1=0.9252 | Wμ=9.786 | Aμ=10.006 | Wmax=10.020 | Amax=9.995 |LR=0.00198 | t=9.37s
     2 | base=0.010768 | val=0.243561 | acc1=0.9243 | Wμ=9.787 | Aμ=10.018 | Wmax=10.043 | Amax=10.001 |LR=0.00298 | t=9.36s
     3 | base=0.045194 | val=0.265158 | acc1=0.9175 | Wμ=9.795 | Aμ=10.032 | Wmax=10.094 | Amax=10.027 |LR=0.00398 | t=9.37s
     4 | base=0.095720 | val=0.289567 | acc1=0.9080 | Wμ=9.813 | Aμ=10.049 | Wmax=10.197 | Amax=10.032 |LR=0.00498 | t=9.38s
     5 | base=0.111681 | val=0.312316 | acc1=0.9042 | Wμ=9.842 | Aμ=10.064 | Wmax=10.282 | Amax=10.070 |LR=0.00598 | t=9.45s
     6 | base=0.148541 | val=0.383125 | acc1=0.8850 | Wμ=9.881 | Aμ=10.065 | Wmax=10.435 | Amax=10.057 |LR=0.00698 | t=9.36s
     7 | base=0.215438 | val=0.401682 | acc1=0.8771 | Wμ=9.922 | Aμ=10.069 | Wmax=10.534 | Amax=10.101 |LR=0.00798 | t=9.39s
     8 | base=0.219558 | val=0.359155 | acc1=0.8858 | Wμ=9.974 | Aμ=10.080 | Wmax=10.704 | Amax=10.120 |LR=0.00898 | t=9.35s
     9 | base=0.207822 | val=0.353566 | acc1=0.8906 | Wμ=10.035 | Aμ=10.061 | Wmax=10.803 | Amax=10.130 |LR=0.00998 | t=9.39s
    10 | base=0.327443 | val=0.452468 | acc1=0.8643 | Wμ=10.096 | Aμ=10.083 | Wmax=10.996 | Amax=10.142 |LR=0.01098 | t=9.42s
    11 | base=0.305286 | val=0.533596 | acc1=0.8425 | Wμ=10.166 | Aμ=10.119 | Wmax=11.119 | Amax=10.273 |LR=0.01198 | t=9.51s
    12 | base=0.253627 | val=0.449296 | acc1=0.8623 | Wμ=10.234 | Aμ=10.160 | Wmax=11.354 | Amax=10.327 |LR=0.01298 | t=9.45s
    13 | base=0.254528 | val=0.358602 | acc1=0.8901 | Wμ=10.309 | Aμ=10.205 | Wmax=11.658 | Amax=10.337 |LR=0.01398 | t=9.36s
    14 | base=0.317541 | val=0.501091 | acc1=0.8531 | Wμ=10.387 | Aμ=10.262 | Wmax=11.875 | Amax=10.408 |LR=0.01498 | t=9.38s
    15 | base=0.275736 | val=0.425722 | acc1=0.8705 | Wμ=10.474 | Aμ=10.262 | Wmax=11.938 | Amax=10.550 |LR=0.01598 | t=9.45s
    16 | base=0.239803 | val=0.419446 | acc1=0.8714 | Wμ=10.542 | Aμ=10.275 | Wmax=12.041 | Amax=10.538 |LR=0.01698 | t=9.42s
    17 | base=0.329683 | val=0.415017 | acc1=0.8703 | Wμ=10.603 | Aμ=10.321 | Wmax=12.111 | Amax=10.626 |LR=0.01798 | t=9.43s
    18 | base=0.313126 | val=0.397277 | acc1=0.8765 | Wμ=10.670 | Aμ=10.351 | Wmax=12.093 | Amax=10.602 |LR=0.01898 | t=9.38s
    19 | base=0.254845 | val=0.347400 | acc1=0.8881 | Wμ=10.736 | Aμ=10.408 | Wmax=12.314 | Amax=10.742 |LR=0.01998 | t=9.34s
    20 | base=0.335553 | val=0.499278 | acc1=0.8519 | Wμ=7.597 | Aμ=7.954 | Wmax=8.983 | Amax=9.177 |LR=0.02 | t=9.34s
    21 | base=0.295125 | val=0.460961 | acc1=0.8659 | Wμ=4.348 | Aμ=5.423 | Wmax=5.426 | Amax=6.741 |LR=0.02 | t=9.33s
    22 | base=0.565632 | val=0.681505 | acc1=0.7858 | Wμ=2.157 | Aμ=4.617 | Wmax=3.459 | Amax=5.700 |LR=0.02 | t=9.35s
    23 | base=1.113674 | val=1.997452 | acc1=0.5627 | Wμ=1.448 | Aμ=4.541 | Wmax=3.000 | Amax=5.492 |LR=0.02 | t=9.34s
    24 | base=0.980930 | val=1.580142 | acc1=0.5871 | Wμ=1.217 | Aμ=3.654 | Wmax=2.807 | Amax=4.322 |LR=0.02 | t=9.34s
    25 | base=1.036154 | val=1.057841 | acc1=0.6996 | Wμ=1.094 | Aμ=2.839 | Wmax=2.322 | Amax=3.907 |LR=0.02 | t=9.36s
    26 | base=0.996815 | val=1.904886 | acc1=0.5422 | Wμ=1.036 | Aμ=2.251 | Wmax=2.322 | Amax=2.807 |LR=0.02 | t=9.37s
    27 | base=1.268776 | val=1.159185 | acc1=0.6439 | Wμ=1.012 | Aμ=1.726 | Wmax=2.322 | Amax=2.000 |LR=0.02 | t=9.37s
    28 | base=1.335867 | val=1.525656 | acc1=0.5541 | Wμ=1.001 | Aμ=1.553 | Wmax=2.000 | Amax=2.000 |LR=0.02 | t=9.36s
    29 | base=1.287011 | val=3.379083 | acc1=0.2676 | Wμ=0.991 | Aμ=1.408 | Wmax=2.000 | Amax=1.585 |LR=0.02 | t=9.38s
    30 | base=1.596163 | val=1.810432 | acc1=0.5794 | Wμ=0.987 | Aμ=1.261 | Wmax=1.585 | Amax=1.585 |LR=0.02 | t=9.38s
    31 | base=1.488252 | val=2.301860 | acc1=0.4675 | Wμ=0.981 | Aμ=1.181 | Wmax=1.585 | Amax=1.585 |LR=0.02 | t=9.41s
    32 | base=1.552567 | val=1.469403 | acc1=0.5480 | Wμ=0.978 | Aμ=1.132 | Wmax=1.585 | Amax=1.585 |LR=0.02 | t=9.37s
    33 | base=1.565733 | val=6.286706 | acc1=0.2048 | Wμ=0.973 | Aμ=1.101 | Wmax=1.585 | Amax=1.585 |LR=0.02 | t=9.41s
    34 | base=1.555811 | val=0.961473 | acc1=0.6924 | Wμ=0.970 | Aμ=1.033 | Wmax=1.000 | Amax=1.585 |LR=0.02 | t=9.37s
    35 | base=1.468330 | val=0.926714 | acc1=0.7175 | Wμ=0.967 | Aμ=0.989 | Wmax=1.000 | Amax=1.000 |LR=0.02 | t=9.45s
    36 | base=1.358105 | val=1.437756 | acc1=0.6243 | Wμ=0.963 | Aμ=0.973 | Wmax=1.000 | Amax=1.000 |LR=0.018582 | t=9.37s
    37 | base=1.385915 | val=1.424994 | acc1=0.5820 | Wμ=0.964 | Aμ=0.979 | Wmax=1.000 | Amax=1.000 |LR=0.017238 | t=9.41s
    38 | base=1.354172 | val=0.892336 | acc1=0.7044 | Wμ=0.962 | Aμ=0.975 | Wmax=1.000 | Amax=1.000 |LR=0.015992 | t=9.39s
    39 | base=1.349775 | val=2.490033 | acc1=0.4513 | Wμ=0.965 | Aμ=0.966 | Wmax=1.000 | Amax=1.000 |LR=0.014835 | t=9.39s
    40 | base=1.290918 | val=1.125189 | acc1=0.6461 | Wμ=0.962 | Aμ=0.964 | Wmax=1.000 | Amax=1.000 |LR=0.013763 | t=9.36s
    41 | base=1.335045 | val=0.928763 | acc1=0.7026 | Wμ=0.963 | Aμ=0.968 | Wmax=1.000 | Amax=1.000 |LR=0.012767 | t=9.44s
    42 | base=1.292345 | val=1.083970 | acc1=0.6734 | Wμ=0.962 | Aμ=0.968 | Wmax=1.000 | Amax=1.000 |LR=0.011844 | t=9.44s
    43 | base=1.248449 | val=0.771591 | acc1=0.7415 | Wμ=0.964 | Aμ=0.960 | Wmax=1.000 | Amax=1.000 |LR=0.010988 | t=9.43s
    44 | base=1.296940 | val=1.057543 | acc1=0.6584 | Wμ=0.962 | Aμ=0.970 | Wmax=1.000 | Amax=1.000 |LR=0.010193 | t=9.40s
    45 | base=1.266621 | val=1.328990 | acc1=0.5872 | Wμ=0.962 | Aμ=0.970 | Wmax=1.000 | Amax=1.000 |LR=0.0094562 | t=9.44s
    46 | base=1.300732 | val=0.769090 | acc1=0.7433 | Wμ=0.963 | Aμ=0.968 | Wmax=1.000 | Amax=1.000 |LR=0.0087724 | t=9.41s
    47 | base=1.318633 | val=1.350536 | acc1=0.6076 | Wμ=0.965 | Aμ=0.965 | Wmax=1.000 | Amax=1.000 |LR=0.0081381 | t=9.40s
    48 | base=1.259417 | val=1.267060 | acc1=0.6285 | Wμ=0.965 | Aμ=0.968 | Wmax=1.000 | Amax=1.000 |LR=0.0075497 | t=9.38s
    49 | base=1.276176 | val=1.169628 | acc1=0.6466 | Wμ=0.964 | Aμ=0.966 | Wmax=1.000 | Amax=1.000 |LR=0.0070037 | t=9.38s
