     0 | base=nan | val=nan | acc1=0.9282 | Wμ=nan | Aμ=nan | Wmax=nan | Amax=nan |LR=nan | t=nans
     0 | base=nan | val=0.236706 | acc1=0.9282 | Wμ=11.186 | Aμ=20.000 | Wmax=12.916 | Amax=13.744 |LR=nan | t=nans
     0 | base=nan | val=0.236786 | acc1=0.9280 | Wμ=9.786 | Aμ=20.000 | Wmax=10.000 | Amax=13.743 |LR=nan | t=nans
     0 | base=nan | val=0.236885 | acc1=0.9282 | Wμ=9.786 | Aμ=10.000 | Wmax=10.000 | Amax=9.994 |LR=nan | t=nans
# epoch | BaseLoss | ValLoss | Acc@1 | MeanWBits | MeanABits | MaxWBits | MaxABits | LR | EpochTime(s)
     0 | base=nan | val=0.213740 | acc1=0.9350 | Wμ=9.786 | Aμ=10.000 | Wmax=10.000 | Amax=10.000 |LR=nan | t=nans
     0 | base=0.003583 | val=0.237037 | acc1=0.9269 | Wμ=9.786 | Aμ=10.001 | Wmax=10.006 | Amax=9.992 |LR=0.00098 | t=10.49s
     1 | base=0.004439 | val=0.239746 | acc1=0.9260 | Wμ=9.786 | Aμ=10.005 | Wmax=10.017 | Amax=9.996 |LR=0.00198 | t=9.40s
     2 | base=0.012004 | val=0.244184 | acc1=0.9259 | Wμ=9.788 | Aμ=10.013 | Wmax=10.039 | Amax=9.996 |LR=0.00298 | t=9.46s
     3 | base=0.042069 | val=0.263180 | acc1=0.9190 | Wμ=9.796 | Aμ=10.027 | Wmax=10.103 | Amax=10.016 |LR=0.00398 | t=9.46s
     4 | base=0.110238 | val=0.283023 | acc1=0.9113 | Wμ=9.816 | Aμ=10.046 | Wmax=10.209 | Amax=10.045 |LR=0.00498 | t=9.45s
     5 | base=0.117847 | val=0.310267 | acc1=0.9012 | Wμ=9.842 | Aμ=10.057 | Wmax=10.296 | Amax=10.053 |LR=0.00598 | t=9.41s
     6 | base=0.156360 | val=0.332678 | acc1=0.8967 | Wμ=9.876 | Aμ=10.065 | Wmax=10.413 | Amax=10.065 |LR=0.00698 | t=9.42s
     7 | base=0.203838 | val=0.358329 | acc1=0.8866 | Wμ=9.920 | Aμ=10.077 | Wmax=10.547 | Amax=10.095 |LR=0.00798 | t=9.49s
     8 | base=0.210957 | val=0.388277 | acc1=0.8824 | Wμ=9.967 | Aμ=10.083 | Wmax=10.659 | Amax=10.114 |LR=0.00898 | t=9.45s
     9 | base=0.229193 | val=0.384979 | acc1=0.8798 | Wμ=10.029 | Aμ=10.092 | Wmax=10.832 | Amax=10.144 |LR=0.00998 | t=9.47s
    10 | base=0.288673 | val=0.442187 | acc1=0.8690 | Wμ=10.089 | Aμ=10.106 | Wmax=11.023 | Amax=10.185 |LR=0.01098 | t=9.47s
    11 | base=0.251287 | val=0.334500 | acc1=0.8967 | Wμ=10.162 | Aμ=10.121 | Wmax=11.234 | Amax=10.258 |LR=0.01198 | t=9.43s
    12 | base=0.232055 | val=0.398703 | acc1=0.8746 | Wμ=10.231 | Aμ=10.079 | Wmax=11.270 | Amax=10.265 |LR=0.01298 | t=9.44s
    13 | base=0.265941 | val=0.410081 | acc1=0.8720 | Wμ=10.300 | Aμ=10.108 | Wmax=11.474 | Amax=10.283 |LR=0.01398 | t=9.43s
    14 | base=0.303643 | val=0.470741 | acc1=0.8579 | Wμ=10.375 | Aμ=10.113 | Wmax=11.458 | Amax=10.337 |LR=0.01498 | t=9.47s
    15 | base=0.263935 | val=0.346946 | acc1=0.8914 | Wμ=10.441 | Aμ=10.118 | Wmax=11.636 | Amax=10.253 |LR=0.01598 | t=9.47s
    16 | base=0.307367 | val=0.353339 | acc1=0.8890 | Wμ=10.510 | Aμ=10.147 | Wmax=11.810 | Amax=10.353 |LR=0.01698 | t=9.44s
    17 | base=0.282803 | val=0.424812 | acc1=0.8659 | Wμ=10.575 | Aμ=10.189 | Wmax=11.875 | Amax=10.369 |LR=0.01798 | t=9.43s
    18 | base=0.313856 | val=0.393049 | acc1=0.8737 | Wμ=10.647 | Aμ=10.203 | Wmax=12.285 | Amax=10.503 |LR=0.01898 | t=9.49s
    19 | base=0.302587 | val=0.438031 | acc1=0.8645 | Wμ=10.732 | Aμ=10.283 | Wmax=12.397 | Amax=10.620 |LR=0.01998 | t=9.46s
    20 | base=0.298521 | val=0.406209 | acc1=0.8734 | Wμ=7.598 | Aμ=7.914 | Wmax=9.061 | Amax=9.252 |LR=0.02 | t=9.48s
    21 | base=0.303384 | val=0.533512 | acc1=0.8386 | Wμ=4.344 | Aμ=5.372 | Wmax=5.426 | Amax=6.492 |LR=0.02 | t=9.47s
    22 | base=0.641910 | val=2.073234 | acc1=0.4106 | Wμ=2.177 | Aμ=4.653 | Wmax=3.585 | Amax=5.492 |LR=0.02 | t=9.41s
    23 | base=1.099047 | val=1.674128 | acc1=0.5994 | Wμ=1.481 | Aμ=4.475 | Wmax=3.322 | Amax=5.285 |LR=0.02 | t=9.44s
    24 | base=1.082914 | val=2.922262 | acc1=0.4428 | Wμ=1.225 | Aμ=3.660 | Wmax=2.807 | Amax=4.392 |LR=0.02 | t=9.42s
    25 | base=1.129091 | val=2.389621 | acc1=0.5404 | Wμ=1.111 | Aμ=2.687 | Wmax=2.322 | Amax=3.585 |LR=0.02 | t=9.44s
    26 | base=1.068720 | val=1.251684 | acc1=0.6297 | Wμ=1.047 | Aμ=2.071 | Wmax=2.322 | Amax=2.807 |LR=0.02 | t=9.45s
    27 | base=1.257662 | val=1.325419 | acc1=0.5664 | Wμ=1.016 | Aμ=1.719 | Wmax=2.000 | Amax=2.322 |LR=0.02 | t=9.44s
    28 | base=1.282376 | val=2.105769 | acc1=0.4199 | Wμ=1.005 | Aμ=1.539 | Wmax=2.000 | Amax=2.000 |LR=0.02 | t=9.46s
    29 | base=1.570853 | val=1.866366 | acc1=0.5002 | Wμ=1.001 | Aμ=1.395 | Wmax=2.000 | Amax=2.000 |LR=0.02 | t=9.46s
    30 | base=1.449655 | val=3.148644 | acc1=0.3993 | Wμ=0.992 | Aμ=1.253 | Wmax=1.585 | Amax=1.585 |LR=0.02 | t=9.48s
    31 | base=1.360722 | val=1.860965 | acc1=0.5426 | Wμ=0.986 | Aμ=1.199 | Wmax=1.585 | Amax=1.585 |LR=0.02 | t=9.44s
    32 | base=1.523818 | val=1.138375 | acc1=0.6294 | Wμ=0.981 | Aμ=1.154 | Wmax=1.585 | Amax=1.585 |LR=0.02 | t=9.50s
    33 | base=1.621920 | val=1.364340 | acc1=0.5802 | Wμ=0.976 | Aμ=1.091 | Wmax=1.000 | Amax=1.000 |LR=0.02 | t=9.46s
    34 | base=1.591358 | val=1.165363 | acc1=0.6399 | Wμ=0.973 | Aμ=1.043 | Wmax=1.000 | Amax=1.000 |LR=0.018582 | t=9.46s
    35 | base=1.460711 | val=1.228006 | acc1=0.6390 | Wμ=0.971 | Aμ=0.989 | Wmax=1.000 | Amax=1.000 |LR=0.017238 | t=9.46s
    36 | base=1.334447 | val=0.797159 | acc1=0.7425 | Wμ=0.970 | Aμ=0.977 | Wmax=1.000 | Amax=1.000 |LR=0.015992 | t=9.48s
    37 | base=1.307753 | val=1.076884 | acc1=0.6656 | Wμ=0.970 | Aμ=0.979 | Wmax=1.000 | Amax=1.000 |LR=0.014835 | t=9.49s
    38 | base=1.358453 | val=1.126851 | acc1=0.6512 | Wμ=0.970 | Aμ=0.980 | Wmax=1.000 | Amax=1.000 |LR=0.013763 | t=9.47s
    39 | base=1.342023 | val=1.998481 | acc1=0.5109 | Wμ=0.970 | Aμ=0.984 | Wmax=1.000 | Amax=1.000 |LR=0.012767 | t=9.51s
    40 | base=1.300067 | val=1.077508 | acc1=0.6774 | Wμ=0.969 | Aμ=0.986 | Wmax=1.000 | Amax=1.000 |LR=0.011844 | t=9.52s
    41 | base=1.434540 | val=0.983611 | acc1=0.7040 | Wμ=0.969 | Aμ=0.970 | Wmax=1.000 | Amax=1.000 |LR=0.010988 | t=9.51s
    42 | base=1.263398 | val=1.664101 | acc1=0.5652 | Wμ=0.969 | Aμ=0.969 | Wmax=1.000 | Amax=1.000 |LR=0.010193 | t=9.51s
    43 | base=1.342786 | val=1.300035 | acc1=0.6256 | Wμ=0.970 | Aμ=0.970 | Wmax=1.000 | Amax=1.000 |LR=0.0094562 | t=9.48s
    44 | base=1.308654 | val=1.008588 | acc1=0.6915 | Wμ=0.971 | Aμ=0.963 | Wmax=1.000 | Amax=1.000 |LR=0.0087724 | t=9.48s
    45 | base=1.238907 | val=0.697684 | acc1=0.7655 | Wμ=0.971 | Aμ=0.984 | Wmax=1.000 | Amax=1.000 |LR=0.0081381 | t=9.50s
    46 | base=1.362560 | val=1.573573 | acc1=0.5821 | Wμ=0.970 | Aμ=0.967 | Wmax=1.000 | Amax=1.000 |LR=0.0075497 | t=9.46s
    47 | base=1.206871 | val=0.885603 | acc1=0.7157 | Wμ=0.971 | Aμ=0.976 | Wmax=1.000 | Amax=1.000 |LR=0.0070037 | t=9.47s
    48 | base=1.253711 | val=1.081195 | acc1=0.6618 | Wμ=0.971 | Aμ=0.976 | Wmax=1.000 | Amax=1.000 |LR=0.0064973 | t=9.53s
    49 | base=1.166930 | val=0.777768 | acc1=0.7465 | Wμ=0.972 | Aμ=0.969 | Wmax=1.000 | Amax=1.000 |LR=0.0060275 | t=9.48s
