     0 | base=nan | val=nan | acc1=0.9282 | Wμ=nan | Aμ=nan | Wmax=nan | Amax=nan |LR=nan | t=nans
     0 | base=nan | val=0.236706 | acc1=0.9282 | Wμ=11.186 | Aμ=20.000 | Wmax=12.916 | Amax=13.744 |LR=nan | t=nans
     0 | base=nan | val=0.236786 | acc1=0.9280 | Wμ=9.786 | Aμ=20.000 | Wmax=10.000 | Amax=13.743 |LR=nan | t=nans
     0 | base=nan | val=0.236885 | acc1=0.9282 | Wμ=9.786 | Aμ=10.000 | Wmax=10.000 | Amax=9.994 |LR=nan | t=nans
# epoch | BaseLoss | ValLoss | Acc@1 | MeanWBits | MeanABits | MaxWBits | MaxABits | LR | EpochTime(s)
     0 | base=nan | val=0.213740 | acc1=0.9350 | Wμ=9.786 | Aμ=10.000 | Wmax=10.000 | Amax=10.000 |LR=nan | t=nans
     0 | base=0.003435 | val=0.236807 | acc1=0.9276 | Wμ=9.786 | Aμ=10.000 | Wmax=10.003 | Amax=9.993 |LR=0.00049 | t=10.46s
     1 | base=0.004236 | val=0.240659 | acc1=0.9254 | Wμ=9.786 | Aμ=10.003 | Wmax=10.010 | Amax=9.994 |LR=0.00099 | t=9.40s
     2 | base=0.004539 | val=0.237418 | acc1=0.9269 | Wμ=9.787 | Aμ=10.007 | Wmax=10.020 | Amax=9.995 |LR=0.00149 | t=9.34s
     3 | base=0.009872 | val=0.240978 | acc1=0.9247 | Wμ=9.788 | Aμ=10.015 | Wmax=10.036 | Amax=10.004 |LR=0.00199 | t=9.36s
     4 | base=0.021090 | val=0.253762 | acc1=0.9217 | Wμ=9.792 | Aμ=10.025 | Wmax=10.067 | Amax=10.008 |LR=0.00249 | t=9.37s
     5 | base=0.039579 | val=0.257708 | acc1=0.9204 | Wμ=9.802 | Aμ=10.036 | Wmax=10.160 | Amax=10.033 |LR=0.00299 | t=9.38s
     6 | base=0.052245 | val=0.262446 | acc1=0.9168 | Wμ=9.813 | Aμ=10.049 | Wmax=10.226 | Amax=10.042 |LR=0.00349 | t=9.40s
     7 | base=0.088332 | val=0.301224 | acc1=0.9049 | Wμ=9.832 | Aμ=10.064 | Wmax=10.254 | Amax=10.090 |LR=0.00399 | t=9.39s
     8 | base=0.125657 | val=0.282955 | acc1=0.9081 | Wμ=9.851 | Aμ=10.081 | Wmax=10.386 | Amax=10.109 |LR=0.00449 | t=9.37s
     9 | base=0.125982 | val=0.337751 | acc1=0.8908 | Wμ=9.882 | Aμ=10.089 | Wmax=10.434 | Amax=10.101 |LR=0.00499 | t=9.41s
    10 | base=0.161117 | val=0.290849 | acc1=0.9060 | Wμ=9.919 | Aμ=10.101 | Wmax=10.569 | Amax=10.177 |LR=0.00549 | t=9.40s
    11 | base=0.226051 | val=0.396345 | acc1=0.8822 | Wμ=9.955 | Aμ=10.113 | Wmax=10.555 | Amax=10.220 |LR=0.00599 | t=9.41s
    12 | base=0.179345 | val=0.324174 | acc1=0.8990 | Wμ=9.992 | Aμ=10.119 | Wmax=10.697 | Amax=10.179 |LR=0.00649 | t=9.39s
    13 | base=0.180084 | val=0.365128 | acc1=0.8901 | Wμ=10.029 | Aμ=10.120 | Wmax=10.773 | Amax=10.191 |LR=0.00699 | t=9.42s
    14 | base=0.166973 | val=0.355550 | acc1=0.8879 | Wμ=10.069 | Aμ=10.114 | Wmax=10.931 | Amax=10.250 |LR=0.00749 | t=9.35s
    15 | base=0.180015 | val=0.332199 | acc1=0.8974 | Wμ=10.116 | Aμ=10.105 | Wmax=11.272 | Amax=10.250 |LR=0.00799 | t=9.32s
    16 | base=0.207211 | val=0.341386 | acc1=0.8970 | Wμ=10.155 | Aμ=10.118 | Wmax=11.249 | Amax=10.277 |LR=0.00849 | t=9.35s
    17 | base=0.189239 | val=0.335172 | acc1=0.8940 | Wμ=10.198 | Aμ=10.132 | Wmax=11.362 | Amax=10.334 |LR=0.00899 | t=9.36s
    18 | base=0.229517 | val=0.352009 | acc1=0.8907 | Wμ=10.237 | Aμ=10.139 | Wmax=11.447 | Amax=10.313 |LR=0.00949 | t=9.34s
    19 | base=0.239197 | val=0.343691 | acc1=0.8897 | Wμ=10.287 | Aμ=10.100 | Wmax=11.728 | Amax=10.382 |LR=0.00999 | t=9.37s
    20 | base=0.178786 | val=0.353033 | acc1=0.8908 | Wμ=8.973 | Aμ=9.168 | Wmax=9.778 | Amax=10.027 |LR=0.01 | t=9.37s
    21 | base=0.205513 | val=0.343368 | acc1=0.8898 | Wμ=7.312 | Aμ=7.962 | Wmax=7.989 | Amax=9.436 |LR=0.01 | t=9.36s
    22 | base=0.173019 | val=0.324239 | acc1=0.8956 | Wμ=5.867 | Aμ=6.831 | Wmax=6.524 | Amax=8.408 |LR=0.01 | t=9.34s
    23 | base=0.288938 | val=0.386272 | acc1=0.8835 | Wμ=4.612 | Aμ=5.917 | Wmax=5.459 | Amax=7.248 |LR=0.01 | t=9.35s
    24 | base=0.350276 | val=0.438582 | acc1=0.8653 | Wμ=3.541 | Aμ=5.270 | Wmax=4.524 | Amax=6.443 |LR=0.01 | t=9.37s
    25 | base=0.446681 | val=1.126166 | acc1=0.7226 | Wμ=2.690 | Aμ=4.925 | Wmax=3.807 | Amax=5.931 |LR=0.01 | t=9.38s
    26 | base=0.482759 | val=0.898058 | acc1=0.7494 | Wμ=2.071 | Aμ=4.830 | Wmax=3.459 | Amax=5.883 |LR=0.01 | t=9.35s
    27 | base=0.630473 | val=1.166183 | acc1=0.6998 | Wμ=1.660 | Aμ=4.538 | Wmax=3.170 | Amax=5.644 |LR=0.01 | t=9.37s
    28 | base=0.768847 | val=1.473335 | acc1=0.6313 | Wμ=1.428 | Aμ=4.270 | Wmax=3.000 | Amax=5.248 |LR=0.01 | t=9.35s
    29 | base=0.751716 | val=2.166283 | acc1=0.4932 | Wμ=1.288 | Aμ=3.858 | Wmax=2.807 | Amax=4.807 |LR=0.01 | t=9.36s
    30 | base=0.786294 | val=2.265441 | acc1=0.4908 | Wμ=1.196 | Aμ=3.450 | Wmax=2.585 | Amax=4.000 |LR=0.01 | t=9.40s
    31 | base=0.821973 | val=1.559652 | acc1=0.5901 | Wμ=1.127 | Aμ=2.959 | Wmax=2.322 | Amax=3.585 |LR=0.01 | t=9.38s
    32 | base=0.843498 | val=0.914512 | acc1=0.7208 | Wμ=1.082 | Aμ=2.571 | Wmax=2.322 | Amax=3.322 |LR=0.01 | t=9.41s
    33 | base=0.911134 | val=0.758745 | acc1=0.7441 | Wμ=1.049 | Aμ=2.289 | Wmax=2.322 | Amax=2.585 |LR=0.01 | t=9.36s
    34 | base=0.967615 | val=1.330843 | acc1=0.6325 | Wμ=1.032 | Aμ=2.075 | Wmax=2.000 | Amax=2.585 |LR=0.01 | t=9.41s
    35 | base=1.014136 | val=1.660671 | acc1=0.5183 | Wμ=1.018 | Aμ=1.852 | Wmax=1.585 | Amax=2.322 |LR=0.01 | t=9.40s
    36 | base=0.955429 | val=1.377277 | acc1=0.6043 | Wμ=1.014 | Aμ=1.722 | Wmax=1.585 | Amax=2.000 |LR=0.01 | t=9.45s
    37 | base=1.082387 | val=1.287359 | acc1=0.6035 | Wμ=1.009 | Aμ=1.641 | Wmax=1.585 | Amax=2.000 |LR=0.01 | t=9.40s
    38 | base=1.199445 | val=1.178811 | acc1=0.6656 | Wμ=1.003 | Aμ=1.489 | Wmax=2.000 | Amax=2.000 |LR=0.01 | t=9.41s
    39 | base=1.073381 | val=1.031649 | acc1=0.6908 | Wμ=0.999 | Aμ=1.429 | Wmax=1.585 | Amax=2.000 |LR=0.01 | t=9.40s
    40 | base=1.133327 | val=0.881068 | acc1=0.7096 | Wμ=0.996 | Aμ=1.335 | Wmax=1.585 | Amax=2.000 |LR=0.01 | t=9.40s
    41 | base=1.216457 | val=0.836005 | acc1=0.7163 | Wμ=0.994 | Aμ=1.299 | Wmax=1.585 | Amax=1.585 |LR=0.01 | t=9.39s
    42 | base=1.226204 | val=0.966376 | acc1=0.7182 | Wμ=0.991 | Aμ=1.217 | Wmax=1.585 | Amax=1.585 |LR=0.01 | t=9.37s
    43 | base=1.231115 | val=1.208579 | acc1=0.6773 | Wμ=0.986 | Aμ=1.169 | Wmax=1.585 | Amax=1.585 |LR=0.01 | t=9.40s
    44 | base=1.438472 | val=2.048114 | acc1=0.4866 | Wμ=0.985 | Aμ=1.144 | Wmax=1.585 | Amax=1.585 |LR=0.01 | t=9.45s
    45 | base=1.266262 | val=1.811360 | acc1=0.5339 | Wμ=0.983 | Aμ=1.142 | Wmax=1.000 | Amax=1.585 |LR=0.01 | t=9.42s
    46 | base=1.389474 | val=1.999261 | acc1=0.4587 | Wμ=0.983 | Aμ=1.132 | Wmax=1.000 | Amax=1.585 |LR=0.01 | t=9.37s
    47 | base=1.407505 | val=0.959502 | acc1=0.6827 | Wμ=0.981 | Aμ=1.078 | Wmax=1.000 | Amax=1.585 |LR=0.01 | t=9.40s
    48 | base=1.383565 | val=1.227332 | acc1=0.6499 | Wμ=0.981 | Aμ=1.055 | Wmax=1.000 | Amax=1.585 |LR=0.01 | t=9.40s
    49 | base=1.405826 | val=0.751671 | acc1=0.7509 | Wμ=0.981 | Aμ=1.046 | Wmax=1.000 | Amax=1.000 |LR=0.01 | t=9.39s
    50 | base=1.316290 | val=0.844109 | acc1=0.7328 | Wμ=0.981 | Aμ=1.036 | Wmax=1.000 | Amax=1.000 |LR=0.0092908 | t=9.44s
    51 | base=1.338627 | val=0.848733 | acc1=0.7217 | Wμ=0.978 | Aμ=0.991 | Wmax=1.000 | Amax=1.000 |LR=0.008619 | t=9.42s
    52 | base=1.317643 | val=1.164713 | acc1=0.6496 | Wμ=0.979 | Aμ=0.992 | Wmax=1.000 | Amax=1.000 |LR=0.0079958 | t=9.43s
    53 | base=1.235499 | val=1.248154 | acc1=0.6523 | Wμ=0.980 | Aμ=0.989 | Wmax=1.000 | Amax=1.000 |LR=0.0074176 | t=9.44s
    54 | base=1.211158 | val=1.004541 | acc1=0.6846 | Wμ=0.980 | Aμ=0.980 | Wmax=1.000 | Amax=1.000 |LR=0.0068813 | t=9.43s
    55 | base=1.261852 | val=1.691673 | acc1=0.5524 | Wμ=0.979 | Aμ=0.990 | Wmax=1.000 | Amax=1.000 |LR=0.0063837 | t=9.41s
    56 | base=1.218979 | val=1.147488 | acc1=0.6441 | Wμ=0.979 | Aμ=0.988 | Wmax=1.000 | Amax=1.000 |LR=0.0059221 | t=9.39s
    57 | base=1.185935 | val=0.993679 | acc1=0.6840 | Wμ=0.980 | Aμ=0.992 | Wmax=1.000 | Amax=1.000 |LR=0.0054939 | t=9.41s
    58 | base=1.224913 | val=1.171289 | acc1=0.6458 | Wμ=0.980 | Aμ=0.991 | Wmax=1.000 | Amax=1.000 |LR=0.0050966 | t=9.42s
    59 | base=1.121891 | val=1.086420 | acc1=0.6493 | Wμ=0.979 | Aμ=0.990 | Wmax=1.000 | Amax=1.000 |LR=0.0047281 | t=9.37s
    60 | base=1.187791 | val=0.866000 | acc1=0.7266 | Wμ=0.981 | Aμ=0.991 | Wmax=1.000 | Amax=1.000 |LR=0.0043862 | t=9.44s
    61 | base=1.263112 | val=1.030797 | acc1=0.6881 | Wμ=0.981 | Aμ=0.992 | Wmax=1.000 | Amax=1.000 |LR=0.0040691 | t=9.41s
    62 | base=1.110758 | val=0.772832 | acc1=0.7446 | Wμ=0.982 | Aμ=0.994 | Wmax=1.000 | Amax=1.000 |LR=0.0037748 | t=9.39s
    63 | base=1.133185 | val=0.905770 | acc1=0.7109 | Wμ=0.982 | Aμ=0.988 | Wmax=1.000 | Amax=1.000 |LR=0.0035019 | t=9.38s
    64 | base=1.152364 | val=1.184104 | acc1=0.6492 | Wμ=0.982 | Aμ=0.989 | Wmax=1.000 | Amax=1.000 |LR=0.0032487 | t=9.38s
    65 | base=1.127085 | val=1.012655 | acc1=0.6969 | Wμ=0.983 | Aμ=0.990 | Wmax=1.000 | Amax=1.000 |LR=0.0030138 | t=9.44s
    66 | base=1.106335 | val=1.135974 | acc1=0.6576 | Wμ=0.983 | Aμ=0.990 | Wmax=1.000 | Amax=1.000 |LR=0.0027958 | t=9.43s
    67 | base=1.094158 | val=0.905530 | acc1=0.7136 | Wμ=0.982 | Aμ=0.989 | Wmax=1.000 | Amax=1.000 |LR=0.0025937 | t=9.44s
    68 | base=1.116763 | val=0.892453 | acc1=0.7254 | Wμ=0.982 | Aμ=0.990 | Wmax=1.000 | Amax=1.000 |LR=0.0024061 | t=9.40s
    69 | base=1.125465 | val=1.011677 | acc1=0.6868 | Wμ=0.982 | Aμ=0.986 | Wmax=1.000 | Amax=1.000 |LR=0.0022321 | t=9.38s
