     0 | base=nan | val=nan | acc1=0.9282 | Wμ=nan | Aμ=nan | Wmax=nan | Amax=nan |LR=nan | t=nans
     0 | base=nan | val=0.236706 | acc1=0.9282 | Wμ=11.186 | Aμ=20.000 | Wmax=12.916 | Amax=13.744 |LR=nan | t=nans
     0 | base=nan | val=0.236786 | acc1=0.9280 | Wμ=9.786 | Aμ=20.000 | Wmax=10.000 | Amax=13.743 |LR=nan | t=nans
     0 | base=nan | val=0.236885 | acc1=0.9282 | Wμ=9.786 | Aμ=10.000 | Wmax=10.000 | Amax=9.994 |LR=nan | t=nans
# epoch | BaseLoss | ValLoss | Acc@1 | MeanWBits | MeanABits | MaxWBits | MaxABits | LR | EpochTime(s)
     0 | base=nan | val=0.213740 | acc1=0.9350 | Wμ=9.786 | Aμ=10.000 | Wmax=10.000 | Amax=10.000 |LR=nan | t=nans
     0 | base=0.003485 | val=0.237061 | acc1=0.9272 | Wμ=9.786 | Aμ=10.000 | Wmax=10.003 | Amax=9.995 |LR=0.00049 | t=10.47s
     1 | base=0.003572 | val=0.239502 | acc1=0.9265 | Wμ=9.786 | Aμ=10.003 | Wmax=10.010 | Amax=9.996 |LR=0.00099 | t=9.37s
     2 | base=0.005153 | val=0.238666 | acc1=0.9260 | Wμ=9.787 | Aμ=10.007 | Wmax=10.018 | Amax=9.995 |LR=0.00149 | t=9.42s
     3 | base=0.007438 | val=0.241781 | acc1=0.9238 | Wμ=9.788 | Aμ=10.016 | Wmax=10.038 | Amax=10.004 |LR=0.00199 | t=9.38s
     4 | base=0.025659 | val=0.250139 | acc1=0.9221 | Wμ=9.790 | Aμ=10.027 | Wmax=10.058 | Amax=10.015 |LR=0.00249 | t=9.40s
     5 | base=0.039996 | val=0.268502 | acc1=0.9161 | Wμ=9.798 | Aμ=10.045 | Wmax=10.127 | Amax=10.019 |LR=0.00299 | t=9.37s
     6 | base=0.053540 | val=0.272211 | acc1=0.9152 | Wμ=9.811 | Aμ=10.060 | Wmax=10.171 | Amax=10.052 |LR=0.00349 | t=9.36s
     7 | base=0.087805 | val=0.278509 | acc1=0.9123 | Wμ=9.829 | Aμ=10.075 | Wmax=10.226 | Amax=10.060 |LR=0.00399 | t=9.37s
     8 | base=0.097572 | val=0.312000 | acc1=0.9029 | Wμ=9.850 | Aμ=10.092 | Wmax=10.338 | Amax=10.095 |LR=0.00449 | t=9.41s
     9 | base=0.114984 | val=0.291568 | acc1=0.9074 | Wμ=9.876 | Aμ=10.105 | Wmax=10.382 | Amax=10.114 |LR=0.00499 | t=9.38s
    10 | base=0.169806 | val=0.362335 | acc1=0.8914 | Wμ=9.909 | Aμ=10.121 | Wmax=10.501 | Amax=10.175 |LR=0.00549 | t=9.41s
    11 | base=0.167874 | val=0.320202 | acc1=0.8994 | Wμ=9.946 | Aμ=10.110 | Wmax=10.642 | Amax=10.138 |LR=0.00599 | t=9.37s
    12 | base=0.172050 | val=0.296276 | acc1=0.9042 | Wμ=9.983 | Aμ=10.093 | Wmax=10.751 | Amax=10.229 |LR=0.00649 | t=9.38s
    13 | base=0.156024 | val=0.336883 | acc1=0.8913 | Wμ=10.025 | Aμ=10.063 | Wmax=10.767 | Amax=10.220 |LR=0.00699 | t=9.38s
    14 | base=0.158671 | val=0.303310 | acc1=0.9016 | Wμ=10.066 | Aμ=10.082 | Wmax=10.829 | Amax=10.233 |LR=0.00749 | t=9.41s
    15 | base=0.162602 | val=0.359226 | acc1=0.8879 | Wμ=10.105 | Aμ=10.074 | Wmax=10.972 | Amax=10.220 |LR=0.00799 | t=9.38s
    16 | base=0.231914 | val=0.441356 | acc1=0.8646 | Wμ=10.153 | Aμ=10.105 | Wmax=11.020 | Amax=10.299 |LR=0.00849 | t=9.39s
    17 | base=0.244958 | val=0.319117 | acc1=0.8981 | Wμ=10.206 | Aμ=10.142 | Wmax=11.340 | Amax=10.326 |LR=0.00899 | t=9.36s
    18 | base=0.188319 | val=0.430806 | acc1=0.8725 | Wμ=10.252 | Aμ=10.160 | Wmax=11.334 | Amax=10.340 |LR=0.00949 | t=9.38s
    19 | base=0.217773 | val=0.390524 | acc1=0.8804 | Wμ=10.303 | Aμ=10.181 | Wmax=11.315 | Amax=10.407 |LR=0.00999 | t=9.42s
    20 | base=0.222025 | val=0.518898 | acc1=0.8493 | Wμ=8.989 | Aμ=9.233 | Wmax=9.964 | Amax=10.114 |LR=0.01 | t=9.47s
    21 | base=0.193126 | val=0.366653 | acc1=0.8864 | Wμ=7.331 | Aμ=7.979 | Wmax=8.071 | Amax=9.403 |LR=0.01 | t=9.42s
    22 | base=0.187831 | val=0.331834 | acc1=0.8937 | Wμ=5.886 | Aμ=6.814 | Wmax=6.570 | Amax=8.366 |LR=0.01 | t=9.38s
    23 | base=0.196819 | val=0.387664 | acc1=0.8762 | Wμ=4.625 | Aμ=5.912 | Wmax=5.492 | Amax=7.285 |LR=0.01 | t=9.37s
    24 | base=0.264782 | val=0.462519 | acc1=0.8613 | Wμ=3.551 | Aμ=5.352 | Wmax=4.700 | Amax=6.375 |LR=0.01 | t=9.38s
    25 | base=0.494962 | val=0.471905 | acc1=0.8552 | Wμ=2.706 | Aμ=5.079 | Wmax=4.170 | Amax=6.340 |LR=0.01 | t=9.37s
    26 | base=0.548228 | val=0.886416 | acc1=0.7141 | Wμ=2.067 | Aμ=4.792 | Wmax=3.700 | Amax=5.907 |LR=0.01 | t=9.41s
    27 | base=0.590136 | val=1.328863 | acc1=0.5994 | Wμ=1.673 | Aμ=4.610 | Wmax=3.322 | Amax=5.392 |LR=0.01 | t=9.36s
    28 | base=0.738735 | val=0.999317 | acc1=0.6746 | Wμ=1.432 | Aμ=4.377 | Wmax=3.000 | Amax=5.322 |LR=0.01 | t=9.38s
    29 | base=0.812336 | val=1.150868 | acc1=0.6738 | Wμ=1.305 | Aμ=3.998 | Wmax=2.807 | Amax=4.907 |LR=0.01 | t=9.38s
    30 | base=0.877270 | val=2.541155 | acc1=0.5941 | Wμ=1.203 | Aμ=3.519 | Wmax=2.585 | Amax=4.392 |LR=0.01 | t=9.36s
    31 | base=0.787135 | val=1.069989 | acc1=0.6574 | Wμ=1.142 | Aμ=3.121 | Wmax=2.322 | Amax=4.000 |LR=0.01 | t=9.37s
    32 | base=0.729594 | val=1.463306 | acc1=0.6367 | Wμ=1.092 | Aμ=2.698 | Wmax=2.000 | Amax=3.807 |LR=0.01 | t=9.41s
    33 | base=0.871766 | val=0.901171 | acc1=0.7593 | Wμ=1.052 | Aμ=2.298 | Wmax=2.000 | Amax=3.000 |LR=0.01 | t=9.39s
    34 | base=0.880601 | val=1.402563 | acc1=0.5979 | Wμ=1.032 | Aμ=2.071 | Wmax=2.000 | Amax=2.585 |LR=0.01 | t=9.39s
    35 | base=0.948185 | val=1.896709 | acc1=0.5339 | Wμ=1.024 | Aμ=1.887 | Wmax=2.000 | Amax=2.322 |LR=0.01 | t=9.38s
    36 | base=0.984633 | val=2.197603 | acc1=0.4502 | Wμ=1.016 | Aμ=1.764 | Wmax=2.000 | Amax=2.322 |LR=0.01 | t=9.43s
    37 | base=1.142800 | val=0.997221 | acc1=0.7092 | Wμ=1.009 | Aμ=1.631 | Wmax=1.585 | Amax=2.322 |LR=0.01 | t=9.42s
    38 | base=1.070257 | val=1.525865 | acc1=0.5542 | Wμ=1.004 | Aμ=1.502 | Wmax=1.585 | Amax=2.000 |LR=0.01 | t=9.42s
    39 | base=1.151878 | val=1.496801 | acc1=0.6092 | Wμ=1.001 | Aμ=1.456 | Wmax=1.585 | Amax=2.000 |LR=0.01 | t=9.46s
    40 | base=1.118097 | val=1.384768 | acc1=0.6096 | Wμ=0.998 | Aμ=1.368 | Wmax=1.585 | Amax=1.585 |LR=0.01 | t=9.47s
    41 | base=1.309130 | val=1.008904 | acc1=0.6894 | Wμ=0.996 | Aμ=1.310 | Wmax=1.585 | Amax=1.585 |LR=0.01 | t=9.48s
    42 | base=1.293280 | val=1.052620 | acc1=0.7000 | Wμ=0.991 | Aμ=1.231 | Wmax=1.585 | Amax=1.585 |LR=0.01 | t=9.43s
    43 | base=1.458880 | val=0.982398 | acc1=0.6741 | Wμ=0.987 | Aμ=1.161 | Wmax=1.585 | Amax=1.585 |LR=0.01 | t=9.42s
    44 | base=1.335033 | val=1.409138 | acc1=0.5911 | Wμ=0.985 | Aμ=1.166 | Wmax=1.585 | Amax=1.585 |LR=0.01 | t=9.46s
    45 | base=1.462349 | val=0.882710 | acc1=0.6995 | Wμ=0.985 | Aμ=1.137 | Wmax=1.000 | Amax=1.585 |LR=0.01 | t=9.47s
    46 | base=1.444337 | val=0.986593 | acc1=0.6860 | Wμ=0.983 | Aμ=1.121 | Wmax=1.000 | Amax=1.585 |LR=0.01 | t=9.51s
    47 | base=1.302613 | val=1.100663 | acc1=0.6722 | Wμ=0.982 | Aμ=1.113 | Wmax=1.000 | Amax=1.585 |LR=0.01 | t=9.47s
    48 | base=1.313138 | val=1.486539 | acc1=0.5808 | Wμ=0.982 | Aμ=1.082 | Wmax=1.000 | Amax=1.585 |LR=0.01 | t=9.44s
    49 | base=1.427686 | val=1.211029 | acc1=0.6217 | Wμ=0.981 | Aμ=1.046 | Wmax=1.000 | Amax=1.585 |LR=0.01 | t=9.44s
    50 | base=1.298794 | val=1.052802 | acc1=0.6723 | Wμ=0.980 | Aμ=1.017 | Wmax=1.000 | Amax=1.000 |LR=0.01 | t=9.42s
    51 | base=1.321721 | val=0.885220 | acc1=0.7167 | Wμ=0.979 | Aμ=0.994 | Wmax=1.000 | Amax=1.000 |LR=0.0092908 | t=9.46s
    52 | base=1.224025 | val=1.431318 | acc1=0.5853 | Wμ=0.979 | Aμ=0.988 | Wmax=1.000 | Amax=1.000 |LR=0.008619 | t=9.42s
    53 | base=1.226546 | val=0.772435 | acc1=0.7477 | Wμ=0.980 | Aμ=0.988 | Wmax=1.000 | Amax=1.000 |LR=0.0079958 | t=9.44s
    54 | base=1.244376 | val=1.196193 | acc1=0.6330 | Wμ=0.980 | Aμ=0.991 | Wmax=1.000 | Amax=1.000 |LR=0.0074176 | t=9.42s
    55 | base=1.316359 | val=0.885052 | acc1=0.7126 | Wμ=0.980 | Aμ=0.984 | Wmax=1.000 | Amax=1.000 |LR=0.0068813 | t=9.46s
    56 | base=1.216674 | val=1.181435 | acc1=0.6364 | Wμ=0.979 | Aμ=0.994 | Wmax=1.000 | Amax=1.000 |LR=0.0063837 | t=9.44s
    57 | base=1.162736 | val=0.958453 | acc1=0.7077 | Wμ=0.979 | Aμ=0.986 | Wmax=1.000 | Amax=1.000 |LR=0.0059221 | t=9.41s
    58 | base=1.148559 | val=1.463353 | acc1=0.5979 | Wμ=0.981 | Aμ=0.992 | Wmax=1.000 | Amax=1.000 |LR=0.0054939 | t=9.42s
    59 | base=1.109859 | val=1.096537 | acc1=0.6770 | Wμ=0.980 | Aμ=0.988 | Wmax=1.000 | Amax=1.000 |LR=0.0050966 | t=9.45s
    60 | base=1.119370 | val=0.787310 | acc1=0.7430 | Wμ=0.981 | Aμ=0.994 | Wmax=1.000 | Amax=1.000 |LR=0.0047281 | t=9.47s
    61 | base=1.197499 | val=0.922705 | acc1=0.7110 | Wμ=0.980 | Aμ=0.990 | Wmax=1.000 | Amax=1.000 |LR=0.0043862 | t=9.46s
    62 | base=1.032528 | val=1.651766 | acc1=0.5272 | Wμ=0.982 | Aμ=0.989 | Wmax=1.000 | Amax=1.000 |LR=0.0040691 | t=9.48s
    63 | base=1.103112 | val=1.403598 | acc1=0.5977 | Wμ=0.981 | Aμ=0.993 | Wmax=1.000 | Amax=1.000 |LR=0.0037748 | t=9.47s
    64 | base=1.122504 | val=0.755609 | acc1=0.7556 | Wμ=0.981 | Aμ=0.989 | Wmax=1.000 | Amax=1.000 |LR=0.0035019 | t=9.48s
    65 | base=1.246969 | val=1.219662 | acc1=0.6550 | Wμ=0.981 | Aμ=0.989 | Wmax=1.000 | Amax=1.000 |LR=0.0032487 | t=9.46s
    66 | base=1.112106 | val=1.416886 | acc1=0.5932 | Wμ=0.982 | Aμ=0.990 | Wmax=1.000 | Amax=1.000 |LR=0.0030138 | t=9.42s
    67 | base=1.107304 | val=0.984583 | acc1=0.6970 | Wμ=0.982 | Aμ=0.992 | Wmax=1.000 | Amax=1.000 |LR=0.0027958 | t=9.42s
    68 | base=1.126833 | val=0.833912 | acc1=0.7338 | Wμ=0.982 | Aμ=0.994 | Wmax=1.000 | Amax=1.000 |LR=0.0025937 | t=9.49s
    69 | base=1.091172 | val=0.962352 | acc1=0.7048 | Wμ=0.983 | Aμ=0.995 | Wmax=1.000 | Amax=1.000 |LR=0.0024061 | t=9.49s
