     0 | base=nan | val=nan | acc1=0.9282 | Wμ=nan | Aμ=nan | Wmax=nan | Amax=nan |LR=nan | t=nans
     0 | base=nan | val=0.236706 | acc1=0.9282 | Wμ=11.186 | Aμ=20.000 | Wmax=12.916 | Amax=13.744 |LR=nan | t=nans
     0 | base=nan | val=0.236786 | acc1=0.9280 | Wμ=9.786 | Aμ=20.000 | Wmax=10.000 | Amax=13.743 |LR=nan | t=nans
     0 | base=nan | val=0.236885 | acc1=0.9282 | Wμ=9.786 | Aμ=10.000 | Wmax=10.000 | Amax=9.994 |LR=nan | t=nans
# epoch | BaseLoss | ValLoss | Acc@1 | MeanWBits | MeanABits | MaxWBits | MaxABits | LR | EpochTime(s)
     0 | base=nan | val=0.213740 | acc1=0.9350 | Wμ=9.786 | Aμ=10.000 | Wmax=10.000 | Amax=10.000 |LR=nan | t=nans
     0 | base=0.003525 | val=0.237389 | acc1=0.9270 | Wμ=9.786 | Aμ=10.001 | Wmax=10.004 | Amax=9.994 |LR=0.00098 | t=10.44s
     1 | base=0.004458 | val=0.239329 | acc1=0.9276 | Wμ=9.786 | Aμ=10.006 | Wmax=10.017 | Amax=9.999 |LR=0.00198 | t=9.37s
     2 | base=0.011877 | val=0.245851 | acc1=0.9230 | Wμ=9.788 | Aμ=10.014 | Wmax=10.044 | Amax=9.984 |LR=0.00298 | t=9.34s
     3 | base=0.044768 | val=0.259163 | acc1=0.9214 | Wμ=9.793 | Aμ=10.025 | Wmax=10.106 | Amax=10.009 |LR=0.00398 | t=9.36s
     4 | base=0.062835 | val=0.268809 | acc1=0.9150 | Wμ=9.807 | Aμ=10.041 | Wmax=10.206 | Amax=10.021 |LR=0.00498 | t=9.32s
     5 | base=0.132117 | val=0.351057 | acc1=0.8922 | Wμ=9.833 | Aμ=10.055 | Wmax=10.261 | Amax=10.099 |LR=0.00598 | t=9.31s
     6 | base=0.195064 | val=0.323570 | acc1=0.8997 | Wμ=9.871 | Aμ=10.069 | Wmax=10.515 | Amax=10.114 |LR=0.00698 | t=9.39s
     7 | base=0.216719 | val=0.348067 | acc1=0.8926 | Wμ=9.917 | Aμ=10.071 | Wmax=10.538 | Amax=10.165 |LR=0.00798 | t=9.38s
     8 | base=0.183515 | val=0.340779 | acc1=0.8919 | Wμ=9.969 | Aμ=10.078 | Wmax=10.706 | Amax=10.221 |LR=0.00898 | t=9.32s
     9 | base=0.261542 | val=0.341293 | acc1=0.8928 | Wμ=10.023 | Aμ=10.058 | Wmax=10.867 | Amax=10.228 |LR=0.00998 | t=9.36s
    10 | base=0.294456 | val=0.387712 | acc1=0.8752 | Wμ=10.087 | Aμ=10.055 | Wmax=10.943 | Amax=10.235 |LR=0.01098 | t=9.36s
    11 | base=0.321815 | val=0.360108 | acc1=0.8856 | Wμ=10.158 | Aμ=10.039 | Wmax=11.136 | Amax=10.273 |LR=0.01198 | t=9.40s
    12 | base=0.272762 | val=0.458787 | acc1=0.8614 | Wμ=10.222 | Aμ=10.030 | Wmax=11.392 | Amax=10.271 |LR=0.01298 | t=9.34s
    13 | base=0.288519 | val=0.408444 | acc1=0.8754 | Wμ=10.289 | Aμ=10.034 | Wmax=11.514 | Amax=10.409 |LR=0.01398 | t=9.36s
    14 | base=0.298172 | val=0.518995 | acc1=0.8467 | Wμ=10.362 | Aμ=10.055 | Wmax=11.473 | Amax=10.588 |LR=0.01498 | t=9.35s
    15 | base=0.325205 | val=0.413228 | acc1=0.8682 | Wμ=10.433 | Aμ=10.097 | Wmax=11.503 | Amax=10.556 |LR=0.01598 | t=9.38s
    16 | base=0.269075 | val=0.389373 | acc1=0.8732 | Wμ=10.499 | Aμ=10.133 | Wmax=11.674 | Amax=10.491 |LR=0.01698 | t=9.38s
    17 | base=0.263787 | val=0.386190 | acc1=0.8805 | Wμ=10.560 | Aμ=10.163 | Wmax=11.793 | Amax=10.460 |LR=0.01798 | t=9.37s
    18 | base=0.295804 | val=0.387651 | acc1=0.8802 | Wμ=10.630 | Aμ=10.223 | Wmax=11.853 | Amax=10.483 |LR=0.01898 | t=9.36s
    19 | base=0.272886 | val=0.386244 | acc1=0.8805 | Wμ=10.697 | Aμ=10.200 | Wmax=12.157 | Amax=10.508 |LR=0.01998 | t=9.34s
    20 | base=0.261967 | val=0.424357 | acc1=0.8705 | Wμ=7.574 | Aμ=7.974 | Wmax=8.855 | Amax=9.322 |LR=0.02 | t=9.32s
    21 | base=0.320097 | val=0.469367 | acc1=0.8588 | Wμ=4.335 | Aμ=5.398 | Wmax=5.585 | Amax=6.845 |LR=0.02 | t=9.34s
    22 | base=0.590911 | val=1.571212 | acc1=0.6687 | Wμ=2.191 | Aμ=4.750 | Wmax=3.807 | Amax=5.700 |LR=0.02 | t=9.34s
    23 | base=1.040511 | val=3.840288 | acc1=0.3648 | Wμ=1.439 | Aμ=4.470 | Wmax=3.322 | Amax=5.426 |LR=0.02 | t=9.31s
    24 | base=1.103468 | val=1.228730 | acc1=0.6013 | Wμ=1.212 | Aμ=3.441 | Wmax=2.807 | Amax=4.392 |LR=0.02 | t=9.36s
    25 | base=0.996131 | val=2.132757 | acc1=0.5807 | Wμ=1.107 | Aμ=2.849 | Wmax=2.585 | Amax=3.807 |LR=0.02 | t=9.33s
    26 | base=1.150277 | val=1.588847 | acc1=0.5770 | Wμ=1.033 | Aμ=2.091 | Wmax=2.000 | Amax=2.585 |LR=0.02 | t=9.39s
    27 | base=1.216543 | val=2.865570 | acc1=0.4657 | Wμ=1.010 | Aμ=1.759 | Wmax=1.585 | Amax=2.322 |LR=0.02 | t=9.35s
    28 | base=1.177074 | val=1.732299 | acc1=0.5490 | Wμ=1.000 | Aμ=1.536 | Wmax=2.000 | Amax=2.000 |LR=0.02 | t=9.40s
    29 | base=1.331115 | val=1.603521 | acc1=0.6154 | Wμ=0.995 | Aμ=1.397 | Wmax=2.000 | Amax=1.585 |LR=0.02 | t=9.36s
    30 | base=1.435563 | val=1.590903 | acc1=0.5408 | Wμ=0.992 | Aμ=1.285 | Wmax=1.585 | Amax=1.585 |LR=0.02 | t=9.36s
    31 | base=1.580127 | val=2.100539 | acc1=0.4798 | Wμ=0.982 | Aμ=1.204 | Wmax=1.585 | Amax=1.585 |LR=0.02 | t=9.47s
    32 | base=1.435478 | val=1.179698 | acc1=0.6711 | Wμ=0.978 | Aμ=1.142 | Wmax=1.585 | Amax=1.585 |LR=0.02 | t=9.33s
    33 | base=1.520736 | val=1.199295 | acc1=0.6413 | Wμ=0.974 | Aμ=1.095 | Wmax=1.000 | Amax=1.585 |LR=0.02 | t=9.39s
    34 | base=1.696274 | val=0.990953 | acc1=0.6870 | Wμ=0.971 | Aμ=1.051 | Wmax=1.000 | Amax=1.585 |LR=0.02 | t=9.36s
    35 | base=1.533747 | val=1.155932 | acc1=0.6674 | Wμ=0.968 | Aμ=0.985 | Wmax=1.000 | Amax=1.000 |LR=0.02 | t=9.36s
    36 | base=1.486349 | val=1.304259 | acc1=0.6312 | Wμ=0.966 | Aμ=0.991 | Wmax=1.000 | Amax=1.000 |LR=0.018582 | t=9.38s
    37 | base=1.404117 | val=1.043221 | acc1=0.6787 | Wμ=0.965 | Aμ=0.976 | Wmax=1.000 | Amax=1.000 |LR=0.017238 | t=9.40s
    38 | base=1.361776 | val=1.182862 | acc1=0.6091 | Wμ=0.966 | Aμ=0.984 | Wmax=1.000 | Amax=1.000 |LR=0.015992 | t=9.37s
    39 | base=1.387202 | val=1.531774 | acc1=0.5855 | Wμ=0.967 | Aμ=0.982 | Wmax=1.000 | Amax=1.000 |LR=0.014835 | t=9.37s
    40 | base=1.291654 | val=1.129533 | acc1=0.6679 | Wμ=0.966 | Aμ=0.980 | Wmax=1.000 | Amax=1.000 |LR=0.013763 | t=9.39s
    41 | base=1.305146 | val=1.551173 | acc1=0.5839 | Wμ=0.966 | Aμ=0.954 | Wmax=1.000 | Amax=1.000 |LR=0.012767 | t=9.39s
    42 | base=1.214929 | val=0.796198 | acc1=0.7399 | Wμ=0.964 | Aμ=0.972 | Wmax=1.000 | Amax=1.000 |LR=0.011844 | t=9.41s
    43 | base=1.327661 | val=1.685512 | acc1=0.5128 | Wμ=0.965 | Aμ=0.954 | Wmax=1.000 | Amax=1.000 |LR=0.010988 | t=9.40s
    44 | base=1.175167 | val=1.856740 | acc1=0.5164 | Wμ=0.966 | Aμ=0.964 | Wmax=1.000 | Amax=1.000 |LR=0.010193 | t=9.39s
    45 | base=1.353327 | val=1.450083 | acc1=0.5870 | Wμ=0.966 | Aμ=0.967 | Wmax=1.000 | Amax=1.000 |LR=0.0094562 | t=9.38s
    46 | base=1.234364 | val=1.002547 | acc1=0.6920 | Wμ=0.967 | Aμ=0.972 | Wmax=1.000 | Amax=1.000 |LR=0.0087724 | t=9.41s
    47 | base=1.277726 | val=1.162615 | acc1=0.6405 | Wμ=0.967 | Aμ=0.975 | Wmax=1.000 | Amax=1.000 |LR=0.0081381 | t=9.40s
    48 | base=1.193838 | val=1.227387 | acc1=0.6325 | Wμ=0.967 | Aμ=0.958 | Wmax=1.000 | Amax=1.000 |LR=0.0075497 | t=9.37s
    49 | base=1.216998 | val=1.579727 | acc1=0.5479 | Wμ=0.968 | Aμ=0.964 | Wmax=1.000 | Amax=1.000 |LR=0.0070037 | t=9.44s
