     0 | base=nan | val=nan | acc1=0.9282 | Wμ=nan | Aμ=nan | Wmax=nan | Amax=nan |LR=nan | t=nans
     0 | base=nan | val=0.236706 | acc1=0.9282 | Wμ=11.186 | Aμ=20.000 | Wmax=12.916 | Amax=13.744 |LR=nan | t=nans
     0 | base=nan | val=0.236786 | acc1=0.9280 | Wμ=9.786 | Aμ=20.000 | Wmax=10.000 | Amax=13.743 |LR=nan | t=nans
     0 | base=nan | val=0.236885 | acc1=0.9282 | Wμ=9.786 | Aμ=10.000 | Wmax=10.000 | Amax=9.994 |LR=nan | t=nans
# epoch | BaseLoss | ValLoss | Acc@1 | MeanWBits | MeanABits | MaxWBits | MaxABits | LR | EpochTime(s)
     0 | base=nan | val=0.213740 | acc1=0.9350 | Wμ=9.786 | Aμ=10.000 | Wmax=10.000 | Amax=10.000 |LR=nan | t=nans
     0 | base=0.003400 | val=0.236570 | acc1=0.9281 | Wμ=9.786 | Aμ=10.001 | Wmax=10.003 | Amax=9.993 |LR=0.00049 | t=10.47s
     1 | base=0.003179 | val=0.239479 | acc1=0.9275 | Wμ=9.786 | Aμ=10.003 | Wmax=10.008 | Amax=9.997 |LR=0.00099 | t=9.37s
     2 | base=0.004963 | val=0.238068 | acc1=0.9254 | Wμ=9.786 | Aμ=10.009 | Wmax=10.022 | Amax=9.998 |LR=0.00149 | t=9.34s
     3 | base=0.006433 | val=0.241443 | acc1=0.9239 | Wμ=9.788 | Aμ=10.016 | Wmax=10.038 | Amax=10.007 |LR=0.00199 | t=9.36s
     4 | base=0.020562 | val=0.250308 | acc1=0.9192 | Wμ=9.791 | Aμ=10.030 | Wmax=10.066 | Amax=10.011 |LR=0.00249 | t=9.38s
     5 | base=0.039705 | val=0.256823 | acc1=0.9209 | Wμ=9.800 | Aμ=10.037 | Wmax=10.119 | Amax=10.031 |LR=0.00299 | t=9.39s
     6 | base=0.072779 | val=0.284914 | acc1=0.9113 | Wμ=9.816 | Aμ=10.043 | Wmax=10.177 | Amax=10.031 |LR=0.00349 | t=9.35s
     7 | base=0.113297 | val=0.331234 | acc1=0.8979 | Wμ=9.835 | Aμ=10.054 | Wmax=10.257 | Amax=10.052 |LR=0.00399 | t=9.41s
     8 | base=0.100876 | val=0.286176 | acc1=0.9101 | Wμ=9.854 | Aμ=10.067 | Wmax=10.374 | Amax=10.082 |LR=0.00449 | t=9.36s
     9 | base=0.108338 | val=0.311291 | acc1=0.9009 | Wμ=9.880 | Aμ=10.072 | Wmax=10.426 | Amax=10.080 |LR=0.00499 | t=9.42s
    10 | base=0.132213 | val=0.307839 | acc1=0.9032 | Wμ=9.908 | Aμ=10.090 | Wmax=10.500 | Amax=10.119 |LR=0.00549 | t=9.40s
    11 | base=0.135017 | val=0.321466 | acc1=0.8954 | Wμ=9.942 | Aμ=10.089 | Wmax=10.560 | Amax=10.172 |LR=0.00599 | t=9.37s
    12 | base=0.158703 | val=0.331018 | acc1=0.8959 | Wμ=9.981 | Aμ=10.103 | Wmax=10.596 | Amax=10.238 |LR=0.00649 | t=9.51s
    13 | base=0.252457 | val=0.372667 | acc1=0.8855 | Wμ=10.025 | Aμ=10.108 | Wmax=10.720 | Amax=10.252 |LR=0.00699 | t=9.52s
    14 | base=0.198912 | val=0.361259 | acc1=0.8869 | Wμ=10.072 | Aμ=10.130 | Wmax=10.825 | Amax=10.224 |LR=0.00749 | t=9.39s
    15 | base=0.223840 | val=0.355115 | acc1=0.8893 | Wμ=10.120 | Aμ=10.119 | Wmax=10.893 | Amax=10.290 |LR=0.00799 | t=9.40s
    16 | base=0.203696 | val=0.335665 | acc1=0.8947 | Wμ=10.168 | Aμ=10.151 | Wmax=11.033 | Amax=10.349 |LR=0.00849 | t=9.35s
    17 | base=0.169321 | val=0.344814 | acc1=0.8892 | Wμ=10.213 | Aμ=10.142 | Wmax=11.105 | Amax=10.319 |LR=0.00899 | t=9.38s
    18 | base=0.190501 | val=0.311829 | acc1=0.9021 | Wμ=10.261 | Aμ=10.149 | Wmax=11.177 | Amax=10.339 |LR=0.00949 | t=9.44s
    19 | base=0.183233 | val=0.318218 | acc1=0.8984 | Wμ=10.304 | Aμ=10.168 | Wmax=11.313 | Amax=10.376 |LR=0.00999 | t=9.48s
    20 | base=0.251149 | val=0.359065 | acc1=0.8930 | Wμ=8.989 | Aμ=9.269 | Wmax=9.928 | Amax=10.110 |LR=0.01 | t=9.46s
    21 | base=0.179640 | val=0.344852 | acc1=0.8912 | Wμ=7.335 | Aμ=7.908 | Wmax=8.214 | Amax=9.229 |LR=0.01 | t=9.34s
    22 | base=0.217795 | val=0.372708 | acc1=0.8876 | Wμ=5.886 | Aμ=6.789 | Wmax=6.539 | Amax=8.082 |LR=0.01 | t=9.38s
    23 | base=0.210654 | val=0.429337 | acc1=0.8676 | Wμ=4.615 | Aμ=5.895 | Wmax=5.392 | Amax=7.200 |LR=0.01 | t=9.39s
    24 | base=0.293642 | val=0.495319 | acc1=0.8381 | Wμ=3.546 | Aμ=5.248 | Wmax=4.585 | Amax=6.409 |LR=0.01 | t=9.40s
    25 | base=0.418392 | val=0.632071 | acc1=0.8179 | Wμ=2.703 | Aμ=4.990 | Wmax=4.087 | Amax=5.977 |LR=0.01 | t=9.39s
    26 | base=0.496433 | val=0.831930 | acc1=0.7432 | Wμ=2.070 | Aμ=4.761 | Wmax=3.700 | Amax=5.700 |LR=0.01 | t=9.37s
    27 | base=0.596902 | val=1.887497 | acc1=0.6461 | Wμ=1.681 | Aμ=4.572 | Wmax=3.459 | Amax=5.426 |LR=0.01 | t=9.39s
    28 | base=0.726211 | val=1.560543 | acc1=0.6266 | Wμ=1.435 | Aμ=4.334 | Wmax=3.000 | Amax=5.129 |LR=0.01 | t=9.37s
    29 | base=0.779408 | val=0.929140 | acc1=0.7414 | Wμ=1.301 | Aμ=3.957 | Wmax=2.807 | Amax=4.755 |LR=0.01 | t=9.36s
    30 | base=0.835035 | val=1.306177 | acc1=0.6476 | Wμ=1.207 | Aμ=3.402 | Wmax=2.585 | Amax=4.322 |LR=0.01 | t=9.37s
    31 | base=0.791987 | val=2.155057 | acc1=0.5133 | Wμ=1.130 | Aμ=2.946 | Wmax=2.322 | Amax=3.585 |LR=0.01 | t=9.39s
    32 | base=0.806059 | val=0.655930 | acc1=0.7955 | Wμ=1.081 | Aμ=2.594 | Wmax=2.322 | Amax=3.170 |LR=0.01 | t=9.37s
    33 | base=0.841025 | val=0.769610 | acc1=0.7706 | Wμ=1.050 | Aμ=2.307 | Wmax=2.322 | Amax=2.807 |LR=0.01 | t=9.40s
    34 | base=0.949428 | val=1.870563 | acc1=0.5282 | Wμ=1.030 | Aμ=2.069 | Wmax=2.000 | Amax=2.322 |LR=0.01 | t=9.38s
    35 | base=0.923435 | val=1.126710 | acc1=0.6892 | Wμ=1.020 | Aμ=1.957 | Wmax=2.000 | Amax=2.322 |LR=0.01 | t=9.38s
    36 | base=1.007035 | val=1.574589 | acc1=0.5708 | Wμ=1.015 | Aμ=1.758 | Wmax=2.000 | Amax=2.322 |LR=0.01 | t=9.39s
    37 | base=1.124635 | val=1.446523 | acc1=0.5625 | Wμ=1.010 | Aμ=1.636 | Wmax=1.585 | Amax=2.000 |LR=0.01 | t=9.39s
    38 | base=1.099286 | val=0.874438 | acc1=0.7192 | Wμ=1.004 | Aμ=1.514 | Wmax=1.585 | Amax=2.000 |LR=0.01 | t=9.39s
    39 | base=1.107325 | val=0.778335 | acc1=0.7464 | Wμ=1.000 | Aμ=1.444 | Wmax=1.585 | Amax=2.000 |LR=0.01 | t=9.41s
    40 | base=1.103257 | val=2.683562 | acc1=0.4288 | Wμ=0.997 | Aμ=1.373 | Wmax=1.585 | Amax=2.000 |LR=0.01 | t=9.39s
    41 | base=1.141364 | val=0.990597 | acc1=0.6876 | Wμ=0.994 | Aμ=1.328 | Wmax=1.585 | Amax=1.585 |LR=0.01 | t=9.42s
    42 | base=1.334565 | val=1.100887 | acc1=0.6639 | Wμ=0.991 | Aμ=1.248 | Wmax=1.585 | Amax=1.585 |LR=0.01 | t=9.42s
    43 | base=1.258709 | val=0.992466 | acc1=0.6929 | Wμ=0.988 | Aμ=1.181 | Wmax=1.585 | Amax=1.585 |LR=0.01 | t=9.41s
    44 | base=1.259331 | val=1.391028 | acc1=0.6097 | Wμ=0.986 | Aμ=1.180 | Wmax=1.585 | Amax=1.585 |LR=0.01 | t=9.40s
    45 | base=1.350842 | val=1.102231 | acc1=0.6608 | Wμ=0.985 | Aμ=1.141 | Wmax=1.585 | Amax=1.585 |LR=0.01 | t=9.41s
    46 | base=1.447118 | val=0.896417 | acc1=0.7139 | Wμ=0.983 | Aμ=1.133 | Wmax=1.000 | Amax=1.585 |LR=0.01 | t=9.42s
    47 | base=1.400041 | val=0.896539 | acc1=0.7240 | Wμ=0.983 | Aμ=1.092 | Wmax=1.000 | Amax=1.585 |LR=0.01 | t=9.41s
    48 | base=1.336484 | val=1.077029 | acc1=0.6831 | Wμ=0.982 | Aμ=1.055 | Wmax=1.000 | Amax=1.585 |LR=0.01 | t=9.41s
    49 | base=1.440933 | val=1.297795 | acc1=0.6220 | Wμ=0.981 | Aμ=1.050 | Wmax=1.000 | Amax=1.000 |LR=0.01 | t=9.41s
    50 | base=1.200744 | val=0.882855 | acc1=0.7286 | Wμ=0.981 | Aμ=1.028 | Wmax=1.000 | Amax=1.000 |LR=0.0092908 | t=9.44s
    51 | base=1.219461 | val=0.718346 | acc1=0.7700 | Wμ=0.980 | Aμ=0.989 | Wmax=1.000 | Amax=1.000 |LR=0.008619 | t=9.41s
    52 | base=1.238408 | val=1.351762 | acc1=0.6151 | Wμ=0.979 | Aμ=0.994 | Wmax=1.000 | Amax=1.000 |LR=0.0079958 | t=9.41s
    53 | base=1.276813 | val=1.021741 | acc1=0.6847 | Wμ=0.980 | Aμ=0.988 | Wmax=1.000 | Amax=1.000 |LR=0.0074176 | t=9.46s
    54 | base=1.206884 | val=1.140688 | acc1=0.6460 | Wμ=0.980 | Aμ=0.989 | Wmax=1.000 | Amax=1.000 |LR=0.0068813 | t=9.46s
    55 | base=1.208372 | val=1.075649 | acc1=0.6572 | Wμ=0.980 | Aμ=0.996 | Wmax=1.000 | Amax=1.000 |LR=0.0063837 | t=9.44s
    56 | base=1.256553 | val=0.992646 | acc1=0.6941 | Wμ=0.981 | Aμ=0.990 | Wmax=1.000 | Amax=1.000 |LR=0.0059221 | t=9.48s
    57 | base=1.078501 | val=0.909357 | acc1=0.7117 | Wμ=0.980 | Aμ=0.993 | Wmax=1.000 | Amax=1.000 |LR=0.0054939 | t=9.45s
    58 | base=1.140858 | val=1.056350 | acc1=0.6660 | Wμ=0.980 | Aμ=0.987 | Wmax=1.000 | Amax=1.000 |LR=0.0050966 | t=9.49s
    59 | base=1.146593 | val=1.209325 | acc1=0.6643 | Wμ=0.981 | Aμ=0.986 | Wmax=1.000 | Amax=1.000 |LR=0.0047281 | t=9.48s
    60 | base=1.167772 | val=1.263612 | acc1=0.6006 | Wμ=0.981 | Aμ=0.994 | Wmax=1.000 | Amax=1.000 |LR=0.0043862 | t=9.42s
    61 | base=1.099842 | val=0.948838 | acc1=0.7047 | Wμ=0.981 | Aμ=0.993 | Wmax=1.000 | Amax=1.000 |LR=0.0040691 | t=9.47s
    62 | base=1.146749 | val=0.937308 | acc1=0.7091 | Wμ=0.982 | Aμ=0.989 | Wmax=1.000 | Amax=1.000 |LR=0.0037748 | t=9.43s
    63 | base=1.188588 | val=1.142109 | acc1=0.6772 | Wμ=0.982 | Aμ=0.989 | Wmax=1.000 | Amax=1.000 |LR=0.0035019 | t=9.43s
    64 | base=1.131067 | val=0.888200 | acc1=0.7064 | Wμ=0.982 | Aμ=0.990 | Wmax=1.000 | Amax=1.000 |LR=0.0032487 | t=9.41s
    65 | base=1.027128 | val=0.839420 | acc1=0.7353 | Wμ=0.983 | Aμ=0.995 | Wmax=1.000 | Amax=1.000 |LR=0.0030138 | t=9.39s
    66 | base=1.190038 | val=1.683146 | acc1=0.5667 | Wμ=0.984 | Aμ=0.988 | Wmax=1.000 | Amax=1.000 |LR=0.0027958 | t=9.44s
    67 | base=1.117985 | val=0.857995 | acc1=0.7283 | Wμ=0.984 | Aμ=0.990 | Wmax=1.000 | Amax=1.000 |LR=0.0025937 | t=9.47s
    68 | base=1.096388 | val=1.178072 | acc1=0.6439 | Wμ=0.984 | Aμ=0.990 | Wmax=1.000 | Amax=1.000 |LR=0.0024061 | t=9.43s
    69 | base=1.148674 | val=0.758269 | acc1=0.7551 | Wμ=0.984 | Aμ=0.993 | Wmax=1.000 | Amax=1.000 |LR=0.0022321 | t=9.46s
