     0 | base=nan | val=nan | acc1=0.9282 | Wμ=nan | Aμ=nan | Wmax=nan | Amax=nan |LR=nan | t=nans
     0 | base=nan | val=0.236706 | acc1=0.9282 | Wμ=11.186 | Aμ=20.000 | Wmax=12.916 | Amax=13.744 |LR=nan | t=nans
     0 | base=nan | val=0.236786 | acc1=0.9280 | Wμ=9.786 | Aμ=20.000 | Wmax=10.000 | Amax=13.743 |LR=nan | t=nans
     0 | base=nan | val=0.236885 | acc1=0.9282 | Wμ=9.786 | Aμ=10.000 | Wmax=10.000 | Amax=9.994 |LR=nan | t=nans
# epoch | BaseLoss | ValLoss | Acc@1 | MeanWBits | MeanABits | MaxWBits | MaxABits | LR | EpochTime(s)
     0 | base=nan | val=0.213740 | acc1=0.9350 | Wμ=9.786 | Aμ=10.000 | Wmax=10.000 | Amax=10.000 |LR=nan | t=nans
     0 | base=0.003817 | val=0.237231 | acc1=0.9272 | Wμ=9.786 | Aμ=10.001 | Wmax=10.006 | Amax=9.993 |LR=0.00098 | t=10.47s
     1 | base=0.004912 | val=0.238400 | acc1=0.9263 | Wμ=9.786 | Aμ=10.006 | Wmax=10.017 | Amax=9.998 |LR=0.00198 | t=9.34s
     2 | base=0.013455 | val=0.241477 | acc1=0.9229 | Wμ=9.787 | Aμ=10.013 | Wmax=10.046 | Amax=9.996 |LR=0.00298 | t=9.33s
     3 | base=0.034512 | val=0.259845 | acc1=0.9192 | Wμ=9.797 | Aμ=10.023 | Wmax=10.105 | Amax=10.013 |LR=0.00398 | t=9.34s
     4 | base=0.086067 | val=0.354570 | acc1=0.8922 | Wμ=9.813 | Aμ=10.032 | Wmax=10.198 | Amax=10.011 |LR=0.00498 | t=9.34s
     5 | base=0.098324 | val=0.317239 | acc1=0.9011 | Wμ=9.842 | Aμ=10.041 | Wmax=10.379 | Amax=10.047 |LR=0.00598 | t=9.33s
     6 | base=0.130092 | val=0.333206 | acc1=0.8997 | Wμ=9.876 | Aμ=10.063 | Wmax=10.524 | Amax=10.081 |LR=0.00698 | t=9.35s
     7 | base=0.170017 | val=0.310902 | acc1=0.8996 | Wμ=9.916 | Aμ=10.077 | Wmax=10.669 | Amax=10.116 |LR=0.00798 | t=9.34s
     8 | base=0.220886 | val=0.323547 | acc1=0.9009 | Wμ=9.968 | Aμ=10.065 | Wmax=10.772 | Amax=10.160 |LR=0.00898 | t=9.33s
     9 | base=0.263159 | val=0.331166 | acc1=0.8950 | Wμ=10.021 | Aμ=10.024 | Wmax=11.009 | Amax=10.157 |LR=0.00998 | t=9.38s
    10 | base=0.268422 | val=0.399520 | acc1=0.8805 | Wμ=10.084 | Aμ=10.031 | Wmax=11.035 | Amax=10.224 |LR=0.01098 | t=9.35s
    11 | base=0.266824 | val=0.408143 | acc1=0.8775 | Wμ=10.149 | Aμ=10.053 | Wmax=11.203 | Amax=10.249 |LR=0.01198 | t=9.33s
    12 | base=0.266662 | val=0.394977 | acc1=0.8763 | Wμ=10.216 | Aμ=10.079 | Wmax=11.393 | Amax=10.362 |LR=0.01298 | t=9.35s
    13 | base=0.277036 | val=0.556677 | acc1=0.8369 | Wμ=10.291 | Aμ=10.104 | Wmax=11.626 | Amax=10.372 |LR=0.01398 | t=9.35s
    14 | base=0.311414 | val=0.503362 | acc1=0.8476 | Wμ=10.365 | Aμ=10.131 | Wmax=11.612 | Amax=10.420 |LR=0.01498 | t=9.38s
    15 | base=0.260808 | val=0.397612 | acc1=0.8748 | Wμ=10.432 | Aμ=10.159 | Wmax=11.605 | Amax=10.460 |LR=0.01598 | t=9.37s
    16 | base=0.307480 | val=0.413815 | acc1=0.8721 | Wμ=10.498 | Aμ=10.188 | Wmax=11.728 | Amax=10.585 |LR=0.01698 | t=9.36s
    17 | base=0.294887 | val=0.412771 | acc1=0.8746 | Wμ=10.596 | Aμ=10.208 | Wmax=11.970 | Amax=10.655 |LR=0.01798 | t=9.34s
    18 | base=0.291583 | val=0.419533 | acc1=0.8730 | Wμ=10.660 | Aμ=10.161 | Wmax=12.106 | Amax=10.705 |LR=0.01898 | t=9.35s
    19 | base=0.261221 | val=0.390772 | acc1=0.8747 | Wμ=10.728 | Aμ=10.129 | Wmax=12.107 | Amax=10.695 |LR=0.01998 | t=9.35s
    20 | base=0.296523 | val=0.363904 | acc1=0.8814 | Wμ=7.568 | Aμ=7.864 | Wmax=8.861 | Amax=9.558 |LR=0.02 | t=9.33s
    21 | base=0.300712 | val=0.531179 | acc1=0.8357 | Wμ=4.331 | Aμ=5.369 | Wmax=5.492 | Amax=6.615 |LR=0.02 | t=9.36s
    22 | base=0.686868 | val=1.342572 | acc1=0.6744 | Wμ=2.185 | Aμ=4.679 | Wmax=3.459 | Amax=5.728 |LR=0.02 | t=9.34s
    23 | base=1.069490 | val=3.338358 | acc1=0.4035 | Wμ=1.439 | Aμ=4.409 | Wmax=3.170 | Amax=5.728 |LR=0.02 | t=9.34s
    24 | base=1.003908 | val=1.570665 | acc1=0.5690 | Wμ=1.209 | Aμ=3.641 | Wmax=2.807 | Amax=4.170 |LR=0.02 | t=9.34s
    25 | base=1.006811 | val=0.997157 | acc1=0.6729 | Wμ=1.095 | Aμ=2.661 | Wmax=2.322 | Amax=3.585 |LR=0.02 | t=9.36s
    26 | base=1.137367 | val=1.325950 | acc1=0.5928 | Wμ=1.034 | Aμ=2.036 | Wmax=2.000 | Amax=2.585 |LR=0.02 | t=9.39s
    27 | base=1.079730 | val=2.361431 | acc1=0.4343 | Wμ=1.013 | Aμ=1.735 | Wmax=2.000 | Amax=2.000 |LR=0.02 | t=9.37s
    28 | base=1.207578 | val=1.297800 | acc1=0.6551 | Wμ=1.004 | Aμ=1.594 | Wmax=2.000 | Amax=2.000 |LR=0.02 | t=9.39s
    29 | base=1.343701 | val=1.698700 | acc1=0.4891 | Wμ=0.996 | Aμ=1.380 | Wmax=2.000 | Amax=2.000 |LR=0.02 | t=9.39s
    30 | base=1.385715 | val=1.791666 | acc1=0.4789 | Wμ=0.989 | Aμ=1.252 | Wmax=1.585 | Amax=1.585 |LR=0.02 | t=9.37s
    31 | base=1.630751 | val=1.199688 | acc1=0.6302 | Wμ=0.980 | Aμ=1.191 | Wmax=1.585 | Amax=1.585 |LR=0.02 | t=9.43s
    32 | base=1.318886 | val=3.765730 | acc1=0.3228 | Wμ=0.977 | Aμ=1.143 | Wmax=1.585 | Amax=1.585 |LR=0.02 | t=9.42s
    33 | base=1.633394 | val=1.754101 | acc1=0.5846 | Wμ=0.971 | Aμ=1.108 | Wmax=1.000 | Amax=1.585 |LR=0.02 | t=9.44s
    34 | base=1.479670 | val=0.986208 | acc1=0.6768 | Wμ=0.970 | Aμ=1.039 | Wmax=1.000 | Amax=1.000 |LR=0.02 | t=9.43s
    35 | base=1.609344 | val=1.380567 | acc1=0.5780 | Wμ=0.969 | Aμ=1.006 | Wmax=1.000 | Amax=1.000 |LR=0.018582 | t=9.43s
    36 | base=1.438759 | val=0.940044 | acc1=0.7161 | Wμ=0.965 | Aμ=0.981 | Wmax=1.000 | Amax=1.000 |LR=0.017238 | t=9.40s
    37 | base=1.381739 | val=1.089673 | acc1=0.6610 | Wμ=0.966 | Aμ=0.986 | Wmax=1.000 | Amax=1.000 |LR=0.015992 | t=9.41s
    38 | base=1.254670 | val=0.917270 | acc1=0.7137 | Wμ=0.965 | Aμ=0.981 | Wmax=1.000 | Amax=1.000 |LR=0.014835 | t=9.39s
    39 | base=1.323104 | val=0.907077 | acc1=0.7020 | Wμ=0.965 | Aμ=0.968 | Wmax=1.000 | Amax=1.000 |LR=0.013763 | t=9.40s
    40 | base=1.322618 | val=0.945524 | acc1=0.7089 | Wμ=0.965 | Aμ=0.978 | Wmax=1.000 | Amax=1.000 |LR=0.012767 | t=9.41s
    41 | base=1.290218 | val=1.270309 | acc1=0.6363 | Wμ=0.965 | Aμ=0.970 | Wmax=1.000 | Amax=1.000 |LR=0.011844 | t=9.41s
    42 | base=1.280835 | val=0.831745 | acc1=0.7467 | Wμ=0.967 | Aμ=0.982 | Wmax=1.000 | Amax=1.000 |LR=0.010988 | t=9.39s
    43 | base=1.255062 | val=0.880096 | acc1=0.7089 | Wμ=0.966 | Aμ=0.967 | Wmax=1.000 | Amax=1.000 |LR=0.010193 | t=9.41s
    44 | base=1.282099 | val=1.284471 | acc1=0.6175 | Wμ=0.966 | Aμ=0.968 | Wmax=1.000 | Amax=1.000 |LR=0.0094562 | t=9.39s
    45 | base=1.278068 | val=0.829954 | acc1=0.7249 | Wμ=0.965 | Aμ=0.972 | Wmax=1.000 | Amax=1.000 |LR=0.0087724 | t=9.45s
    46 | base=1.198792 | val=1.014710 | acc1=0.6783 | Wμ=0.965 | Aμ=0.972 | Wmax=1.000 | Amax=1.000 |LR=0.0081381 | t=9.42s
    47 | base=1.154313 | val=0.877127 | acc1=0.7217 | Wμ=0.966 | Aμ=0.962 | Wmax=1.000 | Amax=1.000 |LR=0.0075497 | t=9.42s
    48 | base=1.239004 | val=1.021802 | acc1=0.6679 | Wμ=0.967 | Aμ=0.959 | Wmax=1.000 | Amax=1.000 |LR=0.0070037 | t=9.43s
    49 | base=1.281702 | val=1.068146 | acc1=0.6936 | Wμ=0.967 | Aμ=0.968 | Wmax=1.000 | Amax=1.000 |LR=0.0064973 | t=9.41s
