     0 | base=nan | val=nan | acc1=0.9282 | Wμ=nan | Aμ=nan | Wmax=nan | Amax=nan |LR=nan | t=nans
     0 | base=nan | val=0.236706 | acc1=0.9282 | Wμ=11.186 | Aμ=20.000 | Wmax=12.916 | Amax=13.744 |LR=nan | t=nans
     0 | base=nan | val=0.236786 | acc1=0.9280 | Wμ=9.786 | Aμ=20.000 | Wmax=10.000 | Amax=13.743 |LR=nan | t=nans
     0 | base=nan | val=0.236885 | acc1=0.9282 | Wμ=9.786 | Aμ=10.000 | Wmax=10.000 | Amax=9.994 |LR=nan | t=nans
# epoch | BaseLoss | ValLoss | Acc@1 | MeanWBits | MeanABits | MaxWBits | MaxABits | LR | EpochTime(s)
     0 | base=nan | val=0.213740 | acc1=0.9350 | Wμ=9.786 | Aμ=10.000 | Wmax=10.000 | Amax=10.000 |LR=nan | t=nans
     0 | base=0.004056 | val=0.237005 | acc1=0.9276 | Wμ=9.786 | Aμ=10.001 | Wmax=10.004 | Amax=9.992 |LR=0.00098 | t=10.50s
     1 | base=0.004206 | val=0.237490 | acc1=0.9263 | Wμ=9.786 | Aμ=10.005 | Wmax=10.017 | Amax=9.997 |LR=0.00198 | t=9.35s
     2 | base=0.012259 | val=0.245443 | acc1=0.9245 | Wμ=9.787 | Aμ=10.011 | Wmax=10.047 | Amax=9.997 |LR=0.00298 | t=9.37s
     3 | base=0.032760 | val=0.255265 | acc1=0.9218 | Wμ=9.794 | Aμ=10.021 | Wmax=10.099 | Amax=10.024 |LR=0.00398 | t=9.36s
     4 | base=0.086109 | val=0.294554 | acc1=0.9086 | Wμ=9.813 | Aμ=10.032 | Wmax=10.192 | Amax=10.012 |LR=0.00498 | t=9.37s
     5 | base=0.127716 | val=0.351256 | acc1=0.8932 | Wμ=9.840 | Aμ=10.042 | Wmax=10.295 | Amax=10.058 |LR=0.00598 | t=9.35s
     6 | base=0.132062 | val=0.309799 | acc1=0.9021 | Wμ=9.872 | Aμ=10.056 | Wmax=10.382 | Amax=10.104 |LR=0.00698 | t=9.36s
     7 | base=0.198229 | val=0.387485 | acc1=0.8809 | Wμ=9.920 | Aμ=10.062 | Wmax=10.526 | Amax=10.092 |LR=0.00798 | t=9.41s
     8 | base=0.193913 | val=0.386405 | acc1=0.8793 | Wμ=9.970 | Aμ=10.068 | Wmax=10.700 | Amax=10.141 |LR=0.00898 | t=9.40s
     9 | base=0.222459 | val=0.344139 | acc1=0.8928 | Wμ=10.033 | Aμ=10.064 | Wmax=10.843 | Amax=10.134 |LR=0.00998 | t=9.36s
    10 | base=0.246107 | val=0.361913 | acc1=0.8868 | Wμ=10.094 | Aμ=10.074 | Wmax=10.990 | Amax=10.169 |LR=0.01098 | t=9.37s
    11 | base=0.275406 | val=0.362802 | acc1=0.8862 | Wμ=10.156 | Aμ=10.097 | Wmax=11.166 | Amax=10.276 |LR=0.01198 | t=9.36s
    12 | base=0.268623 | val=0.402554 | acc1=0.8718 | Wμ=10.222 | Aμ=10.086 | Wmax=11.249 | Amax=10.338 |LR=0.01298 | t=9.37s
    13 | base=0.266622 | val=0.404515 | acc1=0.8736 | Wμ=10.290 | Aμ=10.079 | Wmax=11.392 | Amax=10.307 |LR=0.01398 | t=9.37s
    14 | base=0.271491 | val=0.445007 | acc1=0.8637 | Wμ=10.361 | Aμ=10.101 | Wmax=11.428 | Amax=10.338 |LR=0.01498 | t=9.40s
    15 | base=0.278225 | val=0.578376 | acc1=0.8301 | Wμ=10.438 | Aμ=10.112 | Wmax=11.623 | Amax=10.356 |LR=0.01598 | t=9.43s
    16 | base=0.307527 | val=0.469422 | acc1=0.8581 | Wμ=10.508 | Aμ=10.118 | Wmax=11.759 | Amax=10.463 |LR=0.01698 | t=9.43s
    17 | base=0.295913 | val=0.438994 | acc1=0.8659 | Wμ=10.573 | Aμ=10.153 | Wmax=11.916 | Amax=10.506 |LR=0.01798 | t=9.35s
    18 | base=0.310573 | val=0.368878 | acc1=0.8857 | Wμ=10.641 | Aμ=10.162 | Wmax=11.900 | Amax=10.561 |LR=0.01898 | t=9.36s
    19 | base=0.272759 | val=0.586392 | acc1=0.8240 | Wμ=10.702 | Aμ=10.199 | Wmax=12.031 | Amax=10.701 |LR=0.01998 | t=9.41s
    20 | base=0.267417 | val=0.361600 | acc1=0.8844 | Wμ=7.557 | Aμ=7.908 | Wmax=8.765 | Amax=9.516 |LR=0.02 | t=9.37s
    21 | base=0.308470 | val=0.510990 | acc1=0.8399 | Wμ=4.328 | Aμ=5.269 | Wmax=5.555 | Amax=6.492 |LR=0.02 | t=9.38s
    22 | base=0.709484 | val=1.456986 | acc1=0.6695 | Wμ=2.187 | Aμ=4.730 | Wmax=3.585 | Amax=5.833 |LR=0.02 | t=9.41s
    23 | base=0.987443 | val=2.335632 | acc1=0.4812 | Wμ=1.440 | Aμ=4.405 | Wmax=3.170 | Amax=5.781 |LR=0.02 | t=9.37s
    24 | base=1.132522 | val=2.602455 | acc1=0.4237 | Wμ=1.207 | Aμ=3.569 | Wmax=2.585 | Amax=4.392 |LR=0.02 | t=9.41s
    25 | base=1.098953 | val=1.355574 | acc1=0.4870 | Wμ=1.085 | Aμ=2.464 | Wmax=2.322 | Amax=3.000 |LR=0.02 | t=9.35s
    26 | base=1.180071 | val=0.856602 | acc1=0.7047 | Wμ=1.038 | Aμ=1.963 | Wmax=2.000 | Amax=3.000 |LR=0.02 | t=9.35s
    27 | base=1.205692 | val=1.068786 | acc1=0.6545 | Wμ=1.012 | Aμ=1.702 | Wmax=2.000 | Amax=2.322 |LR=0.02 | t=9.39s
    28 | base=1.272266 | val=1.385347 | acc1=0.5674 | Wμ=1.001 | Aμ=1.484 | Wmax=2.000 | Amax=2.000 |LR=0.02 | t=9.39s
    29 | base=1.389529 | val=1.295594 | acc1=0.6454 | Wμ=0.996 | Aμ=1.412 | Wmax=2.000 | Amax=2.000 |LR=0.02 | t=9.38s
    30 | base=1.554083 | val=1.367434 | acc1=0.6049 | Wμ=0.991 | Aμ=1.256 | Wmax=2.000 | Amax=1.585 |LR=0.02 | t=9.43s
    31 | base=1.598989 | val=1.448781 | acc1=0.5243 | Wμ=0.985 | Aμ=1.178 | Wmax=2.000 | Amax=1.585 |LR=0.02 | t=9.42s
    32 | base=1.326368 | val=1.005527 | acc1=0.6705 | Wμ=0.979 | Aμ=1.125 | Wmax=1.585 | Amax=1.585 |LR=0.02 | t=9.39s
    33 | base=1.563817 | val=1.001305 | acc1=0.6536 | Wμ=0.975 | Aμ=1.103 | Wmax=1.585 | Amax=1.000 |LR=0.02 | t=9.37s
    34 | base=1.548234 | val=1.080821 | acc1=0.6720 | Wμ=0.971 | Aμ=1.057 | Wmax=1.000 | Amax=1.000 |LR=0.02 | t=9.42s
    35 | base=1.415546 | val=0.924131 | acc1=0.7154 | Wμ=0.969 | Aμ=0.984 | Wmax=1.000 | Amax=1.000 |LR=0.018582 | t=9.41s
    36 | base=1.331684 | val=1.215026 | acc1=0.6203 | Wμ=0.968 | Aμ=0.982 | Wmax=1.000 | Amax=1.000 |LR=0.017238 | t=9.40s
    37 | base=1.412143 | val=1.539919 | acc1=0.5559 | Wμ=0.966 | Aμ=0.963 | Wmax=1.000 | Amax=1.000 |LR=0.015992 | t=9.45s
    38 | base=1.369770 | val=1.101614 | acc1=0.6508 | Wμ=0.967 | Aμ=0.986 | Wmax=1.000 | Amax=1.000 |LR=0.014835 | t=9.39s
    39 | base=1.396664 | val=1.366199 | acc1=0.5995 | Wμ=0.967 | Aμ=0.980 | Wmax=1.000 | Amax=1.000 |LR=0.013763 | t=9.43s
    40 | base=1.326517 | val=0.964715 | acc1=0.6824 | Wμ=0.967 | Aμ=0.964 | Wmax=1.000 | Amax=1.000 |LR=0.012767 | t=9.39s
    41 | base=1.188699 | val=1.232115 | acc1=0.6126 | Wμ=0.964 | Aμ=0.965 | Wmax=1.000 | Amax=1.000 |LR=0.011844 | t=9.46s
    42 | base=1.302661 | val=1.059406 | acc1=0.6830 | Wμ=0.965 | Aμ=0.972 | Wmax=1.000 | Amax=1.000 |LR=0.010988 | t=9.44s
    43 | base=1.215741 | val=1.012929 | acc1=0.6798 | Wμ=0.965 | Aμ=0.946 | Wmax=1.000 | Amax=1.000 |LR=0.010193 | t=9.46s
    44 | base=1.191752 | val=1.045894 | acc1=0.6923 | Wμ=0.967 | Aμ=0.976 | Wmax=1.000 | Amax=1.000 |LR=0.0094562 | t=9.45s
    45 | base=1.261300 | val=1.352197 | acc1=0.6097 | Wμ=0.968 | Aμ=0.969 | Wmax=1.000 | Amax=1.000 |LR=0.0087724 | t=9.40s
    46 | base=1.256246 | val=1.232526 | acc1=0.6264 | Wμ=0.968 | Aμ=0.962 | Wmax=1.000 | Amax=1.000 |LR=0.0081381 | t=9.48s
    47 | base=1.178790 | val=0.797682 | acc1=0.7407 | Wμ=0.968 | Aμ=0.956 | Wmax=1.000 | Amax=1.000 |LR=0.0075497 | t=9.46s
    48 | base=1.248325 | val=2.673268 | acc1=0.4383 | Wμ=0.968 | Aμ=0.972 | Wmax=1.000 | Amax=1.000 |LR=0.0070037 | t=9.40s
    49 | base=1.144962 | val=0.912681 | acc1=0.7087 | Wμ=0.968 | Aμ=0.962 | Wmax=1.000 | Amax=1.000 |LR=0.0064973 | t=9.40s
