     0 | base=nan | val=nan | acc1=0.9282 | Wμ=nan | Aμ=nan | Wmax=nan | Amax=nan |LR=nan | t=nans
     0 | base=nan | val=0.236706 | acc1=0.9282 | Wμ=11.186 | Aμ=20.000 | Wmax=12.916 | Amax=13.744 |LR=nan | t=nans
     0 | base=nan | val=0.236786 | acc1=0.9280 | Wμ=9.786 | Aμ=20.000 | Wmax=10.000 | Amax=13.743 |LR=nan | t=nans
     0 | base=nan | val=0.236885 | acc1=0.9282 | Wμ=9.786 | Aμ=10.000 | Wmax=10.000 | Amax=9.994 |LR=nan | t=nans
# epoch | BaseLoss | ValLoss | Acc@1 | MeanWBits | MeanABits | MaxWBits | MaxABits | LR | EpochTime(s)
     0 | base=nan | val=0.213740 | acc1=0.9350 | Wμ=9.786 | Aμ=10.000 | Wmax=10.000 | Amax=10.000 |LR=nan | t=nans
     0 | base=0.003129 | val=0.237067 | acc1=0.9281 | Wμ=9.786 | Aμ=10.000 | Wmax=10.003 | Amax=9.995 |LR=0.00049 | t=10.56s
     1 | base=0.003624 | val=0.239077 | acc1=0.9271 | Wμ=9.786 | Aμ=10.003 | Wmax=10.008 | Amax=9.995 |LR=0.00099 | t=9.41s
     2 | base=0.005161 | val=0.240676 | acc1=0.9248 | Wμ=9.786 | Aμ=10.009 | Wmax=10.014 | Amax=9.997 |LR=0.00149 | t=9.41s
     3 | base=0.010006 | val=0.244409 | acc1=0.9246 | Wμ=9.787 | Aμ=10.017 | Wmax=10.040 | Amax=10.008 |LR=0.00199 | t=9.41s
     4 | base=0.019594 | val=0.245486 | acc1=0.9219 | Wμ=9.790 | Aμ=10.026 | Wmax=10.065 | Amax=10.010 |LR=0.00249 | t=9.42s
     5 | base=0.040439 | val=0.269915 | acc1=0.9156 | Wμ=9.797 | Aμ=10.037 | Wmax=10.122 | Amax=9.998 |LR=0.00299 | t=9.42s
     6 | base=0.093958 | val=0.288366 | acc1=0.9114 | Wμ=9.811 | Aμ=10.049 | Wmax=10.211 | Amax=10.052 |LR=0.00349 | t=9.38s
     7 | base=0.080466 | val=0.296702 | acc1=0.9052 | Wμ=9.831 | Aμ=10.058 | Wmax=10.261 | Amax=10.072 |LR=0.00399 | t=9.39s
     8 | base=0.116915 | val=0.345333 | acc1=0.8948 | Wμ=9.854 | Aμ=10.075 | Wmax=10.358 | Amax=10.095 |LR=0.00449 | t=9.41s
     9 | base=0.123882 | val=0.298909 | acc1=0.9062 | Wμ=9.877 | Aμ=10.092 | Wmax=10.361 | Amax=10.148 |LR=0.00499 | t=9.38s
    10 | base=0.163174 | val=0.321419 | acc1=0.8994 | Wμ=9.905 | Aμ=10.112 | Wmax=10.472 | Amax=10.125 |LR=0.00549 | t=9.40s
    11 | base=0.143782 | val=0.382629 | acc1=0.8838 | Wμ=9.938 | Aμ=10.130 | Wmax=10.545 | Amax=10.198 |LR=0.00599 | t=9.41s
    12 | base=0.132659 | val=0.302360 | acc1=0.9042 | Wμ=9.977 | Aμ=10.124 | Wmax=10.588 | Amax=10.235 |LR=0.00649 | t=9.43s
    13 | base=0.180531 | val=0.329397 | acc1=0.8963 | Wμ=10.018 | Aμ=10.113 | Wmax=10.980 | Amax=10.159 |LR=0.00699 | t=9.45s
    14 | base=0.206393 | val=0.331788 | acc1=0.8954 | Wμ=10.061 | Aμ=10.127 | Wmax=11.077 | Amax=10.248 |LR=0.00749 | t=9.39s
    15 | base=0.214268 | val=0.340153 | acc1=0.8925 | Wμ=10.109 | Aμ=10.141 | Wmax=11.336 | Amax=10.259 |LR=0.00799 | t=9.41s
    16 | base=0.207027 | val=0.391114 | acc1=0.8789 | Wμ=10.155 | Aμ=10.151 | Wmax=11.381 | Amax=10.358 |LR=0.00849 | t=9.39s
    17 | base=0.208072 | val=0.381594 | acc1=0.8820 | Wμ=10.222 | Aμ=10.172 | Wmax=11.599 | Amax=10.387 |LR=0.00899 | t=9.37s
    18 | base=0.196723 | val=0.359363 | acc1=0.8866 | Wμ=10.290 | Aμ=10.173 | Wmax=11.732 | Amax=10.370 |LR=0.00949 | t=9.37s
    19 | base=0.217665 | val=0.369909 | acc1=0.8830 | Wμ=10.334 | Aμ=10.172 | Wmax=11.841 | Amax=10.378 |LR=0.00999 | t=9.38s
    20 | base=0.222593 | val=0.345637 | acc1=0.8908 | Wμ=8.981 | Aμ=9.110 | Wmax=10.073 | Amax=10.116 |LR=0.01 | t=9.42s
    21 | base=0.237581 | val=0.337491 | acc1=0.8962 | Wμ=7.317 | Aμ=7.914 | Wmax=8.238 | Amax=9.443 |LR=0.01 | t=9.40s
    22 | base=0.195180 | val=0.408587 | acc1=0.8755 | Wμ=5.877 | Aμ=6.798 | Wmax=6.629 | Amax=8.375 |LR=0.01 | t=9.38s
    23 | base=0.259752 | val=0.523677 | acc1=0.8560 | Wμ=4.621 | Aμ=5.951 | Wmax=5.524 | Amax=7.238 |LR=0.01 | t=9.43s
    24 | base=0.277355 | val=0.382144 | acc1=0.8739 | Wμ=3.531 | Aμ=5.270 | Wmax=4.644 | Amax=6.087 |LR=0.01 | t=9.40s
    25 | base=0.466752 | val=1.007145 | acc1=0.7370 | Wμ=2.677 | Aμ=4.988 | Wmax=4.087 | Amax=5.833 |LR=0.01 | t=9.45s
    26 | base=0.521257 | val=0.648760 | acc1=0.7988 | Wμ=2.060 | Aμ=4.745 | Wmax=3.700 | Amax=5.672 |LR=0.01 | t=9.44s
    27 | base=0.591481 | val=1.401851 | acc1=0.6190 | Wμ=1.665 | Aμ=4.614 | Wmax=3.322 | Amax=5.644 |LR=0.01 | t=9.41s
    28 | base=0.797544 | val=1.578969 | acc1=0.5910 | Wμ=1.417 | Aμ=4.254 | Wmax=3.000 | Amax=5.322 |LR=0.01 | t=9.44s
    29 | base=0.662496 | val=5.228425 | acc1=0.3486 | Wμ=1.298 | Aμ=3.859 | Wmax=2.807 | Amax=4.858 |LR=0.01 | t=9.44s
    30 | base=0.785572 | val=1.636454 | acc1=0.6002 | Wμ=1.206 | Aμ=3.487 | Wmax=2.807 | Amax=4.322 |LR=0.01 | t=9.46s
    31 | base=0.783546 | val=0.823414 | acc1=0.7370 | Wμ=1.135 | Aμ=3.054 | Wmax=2.585 | Amax=4.170 |LR=0.01 | t=9.48s
    32 | base=0.849970 | val=1.075661 | acc1=0.6606 | Wμ=1.079 | Aμ=2.605 | Wmax=2.322 | Amax=3.322 |LR=0.01 | t=9.42s
    33 | base=0.817179 | val=1.408620 | acc1=0.6028 | Wμ=1.045 | Aμ=2.288 | Wmax=2.000 | Amax=2.807 |LR=0.01 | t=9.46s
    34 | base=0.858075 | val=0.777526 | acc1=0.7422 | Wμ=1.027 | Aμ=2.121 | Wmax=2.000 | Amax=2.585 |LR=0.01 | t=9.44s
    35 | base=0.943782 | val=1.186438 | acc1=0.6250 | Wμ=1.016 | Aμ=1.924 | Wmax=2.000 | Amax=2.322 |LR=0.01 | t=9.46s
    36 | base=1.073277 | val=2.344319 | acc1=0.4423 | Wμ=1.011 | Aμ=1.779 | Wmax=2.000 | Amax=2.322 |LR=0.01 | t=9.40s
    37 | base=0.991259 | val=1.184438 | acc1=0.6184 | Wμ=1.008 | Aμ=1.658 | Wmax=2.000 | Amax=2.000 |LR=0.01 | t=9.43s
    38 | base=1.219305 | val=1.217132 | acc1=0.6367 | Wμ=1.004 | Aμ=1.537 | Wmax=2.000 | Amax=2.000 |LR=0.01 | t=9.45s
    39 | base=1.227855 | val=1.727269 | acc1=0.5037 | Wμ=1.001 | Aμ=1.463 | Wmax=1.585 | Amax=2.000 |LR=0.01 | t=9.45s
    40 | base=1.157415 | val=1.066703 | acc1=0.6696 | Wμ=0.997 | Aμ=1.369 | Wmax=1.585 | Amax=2.000 |LR=0.01 | t=9.42s
    41 | base=1.207548 | val=1.054011 | acc1=0.6910 | Wμ=0.993 | Aμ=1.325 | Wmax=1.585 | Amax=1.585 |LR=0.01 | t=9.45s
    42 | base=1.146870 | val=1.175075 | acc1=0.6928 | Wμ=0.990 | Aμ=1.220 | Wmax=1.585 | Amax=1.585 |LR=0.01 | t=9.43s
    43 | base=1.248047 | val=1.013946 | acc1=0.6946 | Wμ=0.986 | Aμ=1.188 | Wmax=1.585 | Amax=1.585 |LR=0.01 | t=9.46s
    44 | base=1.220250 | val=0.988323 | acc1=0.6976 | Wμ=0.983 | Aμ=1.172 | Wmax=1.585 | Amax=1.585 |LR=0.01 | t=9.44s
    45 | base=1.278813 | val=1.183695 | acc1=0.6620 | Wμ=0.981 | Aμ=1.156 | Wmax=1.000 | Amax=1.585 |LR=0.01 | t=9.49s
    46 | base=1.336033 | val=1.090558 | acc1=0.6921 | Wμ=0.980 | Aμ=1.142 | Wmax=1.000 | Amax=1.585 |LR=0.01 | t=9.47s
    47 | base=1.301703 | val=1.062799 | acc1=0.6766 | Wμ=0.981 | Aμ=1.112 | Wmax=1.000 | Amax=1.585 |LR=0.01 | t=9.48s
    48 | base=1.402587 | val=1.354465 | acc1=0.6051 | Wμ=0.979 | Aμ=1.069 | Wmax=1.000 | Amax=1.000 |LR=0.01 | t=9.56s
    49 | base=1.318985 | val=1.208876 | acc1=0.6261 | Wμ=0.978 | Aμ=1.048 | Wmax=1.000 | Amax=1.000 |LR=0.0092908 | t=9.43s
    50 | base=1.326730 | val=0.780600 | acc1=0.7418 | Wμ=0.978 | Aμ=1.039 | Wmax=1.000 | Amax=1.000 |LR=0.008619 | t=9.49s
    51 | base=1.270501 | val=0.872567 | acc1=0.7259 | Wμ=0.978 | Aμ=0.990 | Wmax=1.000 | Amax=1.000 |LR=0.0079958 | t=9.53s
    52 | base=1.165347 | val=0.906650 | acc1=0.7004 | Wμ=0.977 | Aμ=0.991 | Wmax=1.000 | Amax=1.000 |LR=0.0074176 | t=9.48s
    53 | base=1.207976 | val=1.194319 | acc1=0.6403 | Wμ=0.977 | Aμ=0.994 | Wmax=1.000 | Amax=1.000 |LR=0.0068813 | t=9.44s
    54 | base=1.172790 | val=1.528417 | acc1=0.5633 | Wμ=0.977 | Aμ=0.994 | Wmax=1.000 | Amax=1.000 |LR=0.0063837 | t=9.46s
    55 | base=1.232083 | val=1.075394 | acc1=0.6821 | Wμ=0.978 | Aμ=0.990 | Wmax=1.000 | Amax=1.000 |LR=0.0059221 | t=9.45s
    56 | base=1.140216 | val=0.934895 | acc1=0.7076 | Wμ=0.979 | Aμ=0.992 | Wmax=1.000 | Amax=1.000 |LR=0.0054939 | t=9.45s
    57 | base=1.211725 | val=1.022464 | acc1=0.6987 | Wμ=0.979 | Aμ=0.992 | Wmax=1.000 | Amax=1.000 |LR=0.0050966 | t=9.47s
    58 | base=1.090204 | val=0.845937 | acc1=0.7165 | Wμ=0.978 | Aμ=0.991 | Wmax=1.000 | Amax=1.000 |LR=0.0047281 | t=9.43s
    59 | base=1.183063 | val=1.076874 | acc1=0.6684 | Wμ=0.978 | Aμ=0.993 | Wmax=1.000 | Amax=1.000 |LR=0.0043862 | t=9.45s
    60 | base=1.178302 | val=0.943461 | acc1=0.7088 | Wμ=0.979 | Aμ=0.991 | Wmax=1.000 | Amax=1.000 |LR=0.0040691 | t=9.48s
    61 | base=1.172535 | val=0.905577 | acc1=0.7242 | Wμ=0.978 | Aμ=0.994 | Wmax=1.000 | Amax=1.000 |LR=0.0037748 | t=9.45s
    62 | base=1.212823 | val=0.920180 | acc1=0.7162 | Wμ=0.979 | Aμ=0.993 | Wmax=1.000 | Amax=1.000 |LR=0.0035019 | t=9.46s
    63 | base=1.102199 | val=0.906775 | acc1=0.7092 | Wμ=0.980 | Aμ=0.992 | Wmax=1.000 | Amax=1.000 |LR=0.0032487 | t=9.46s
    64 | base=1.059030 | val=1.186458 | acc1=0.6221 | Wμ=0.980 | Aμ=0.995 | Wmax=1.000 | Amax=1.000 |LR=0.0030138 | t=9.50s
    65 | base=1.051356 | val=0.784310 | acc1=0.7448 | Wμ=0.980 | Aμ=0.991 | Wmax=1.000 | Amax=1.000 |LR=0.0027958 | t=9.44s
    66 | base=1.052543 | val=0.782085 | acc1=0.7623 | Wμ=0.981 | Aμ=0.987 | Wmax=1.000 | Amax=1.000 |LR=0.0025937 | t=9.49s
    67 | base=1.022924 | val=1.271272 | acc1=0.6304 | Wμ=0.981 | Aμ=0.992 | Wmax=1.000 | Amax=1.000 |LR=0.0024061 | t=9.50s
    68 | base=1.150571 | val=1.360576 | acc1=0.6223 | Wμ=0.981 | Aμ=0.991 | Wmax=1.000 | Amax=1.000 |LR=0.0022321 | t=9.48s
    69 | base=1.120437 | val=2.924031 | acc1=0.4085 | Wμ=0.981 | Aμ=0.991 | Wmax=1.000 | Amax=1.000 |LR=0.0020707 | t=9.43s
