     0 | base=nan | val=nan | acc1=0.7031 | Wμ=nan | Aμ=nan | Wmax=nan | Amax=nan |LR=nan | t=nans
     0 | base=nan | val=1.104401 | acc1=0.7032 | Wμ=11.367 | Aμ=20.000 | Wmax=12.587 | Amax=14.104 |LR=nan | t=nans
     0 | base=nan | val=1.104483 | acc1=0.7030 | Wμ=10.000 | Aμ=20.000 | Wmax=10.000 | Amax=14.105 |LR=nan | t=nans
     0 | base=nan | val=1.104656 | acc1=0.7024 | Wμ=10.000 | Aμ=10.000 | Wmax=10.000 | Amax=9.987 |LR=nan | t=nans
# epoch | BaseLoss | ValLoss | Acc@1 | MeanWBits | MeanABits | MaxWBits | MaxABits | LR | EpochTime(s)
     0 | base=nan | val=1.111653 | acc1=0.7025 | Wμ=10.000 | Aμ=10.000 | Wmax=10.000 | Amax=9.976 |LR=nan | t=nans
     0 | base=0.100540 | val=1.131587 | acc1=0.6950 | Wμ=10.000 | Aμ=10.001 | Wmax=10.010 | Amax=10.001 |LR=0.00098 | t=10.55s
     1 | base=0.054347 | val=1.118650 | acc1=0.6990 | Wμ=10.001 | Aμ=10.004 | Wmax=10.031 | Amax=10.011 |LR=0.00198 | t=9.34s
     2 | base=0.048096 | val=1.135147 | acc1=0.6953 | Wμ=10.002 | Aμ=10.013 | Wmax=10.062 | Amax=10.029 |LR=0.00298 | t=9.32s
     3 | base=0.045131 | val=1.148656 | acc1=0.6888 | Wμ=10.005 | Aμ=10.029 | Wmax=10.086 | Amax=10.063 |LR=0.00398 | t=9.38s
     4 | base=0.053763 | val=1.149328 | acc1=0.6911 | Wμ=10.010 | Aμ=10.053 | Wmax=10.099 | Amax=10.104 |LR=0.00498 | t=9.38s
     5 | base=0.081252 | val=1.197345 | acc1=0.6774 | Wμ=10.020 | Aμ=10.087 | Wmax=10.107 | Amax=10.162 |LR=0.00598 | t=9.34s
     6 | base=0.111131 | val=1.284753 | acc1=0.6554 | Wμ=10.038 | Aμ=10.137 | Wmax=10.191 | Amax=10.246 |LR=0.00698 | t=9.38s
     7 | base=0.194851 | val=1.255847 | acc1=0.6582 | Wμ=10.069 | Aμ=10.173 | Wmax=10.261 | Amax=10.364 |LR=0.00798 | t=9.40s
     8 | base=0.261318 | val=1.499938 | acc1=0.5984 | Wμ=10.112 | Aμ=10.212 | Wmax=10.436 | Amax=10.428 |LR=0.00898 | t=9.37s
     9 | base=0.288913 | val=1.395925 | acc1=0.6221 | Wμ=10.171 | Aμ=10.250 | Wmax=10.587 | Amax=10.516 |LR=0.00998 | t=9.33s
    10 | base=0.288283 | val=1.414513 | acc1=0.6225 | Wμ=10.236 | Aμ=10.300 | Wmax=10.693 | Amax=10.596 |LR=0.01098 | t=9.36s
    11 | base=0.304713 | val=1.375601 | acc1=0.6262 | Wμ=10.300 | Aμ=10.345 | Wmax=10.812 | Amax=10.575 |LR=0.01198 | t=9.37s
    12 | base=0.306769 | val=1.422497 | acc1=0.6135 | Wμ=10.367 | Aμ=10.388 | Wmax=10.980 | Amax=10.744 |LR=0.01298 | t=9.34s
    13 | base=0.338772 | val=1.525769 | acc1=0.5917 | Wμ=10.424 | Aμ=10.429 | Wmax=11.089 | Amax=10.797 |LR=0.01398 | t=9.37s
    14 | base=0.339070 | val=1.407267 | acc1=0.6243 | Wμ=10.494 | Aμ=10.463 | Wmax=11.179 | Amax=10.875 |LR=0.01498 | t=9.33s
    15 | base=0.303988 | val=1.512651 | acc1=0.5976 | Wμ=10.562 | Aμ=10.492 | Wmax=11.372 | Amax=10.928 |LR=0.01598 | t=9.37s
    16 | base=0.320129 | val=1.506266 | acc1=0.6021 | Wμ=10.624 | Aμ=10.530 | Wmax=11.454 | Amax=11.085 |LR=0.01698 | t=9.35s
    17 | base=0.322309 | val=1.519996 | acc1=0.6006 | Wμ=10.693 | Aμ=10.581 | Wmax=11.521 | Amax=11.158 |LR=0.01798 | t=9.35s
    18 | base=0.333853 | val=1.365672 | acc1=0.6333 | Wμ=10.756 | Aμ=10.652 | Wmax=11.548 | Amax=11.307 |LR=0.01898 | t=9.33s
    19 | base=0.326402 | val=1.583831 | acc1=0.5827 | Wμ=10.821 | Aμ=10.681 | Wmax=11.627 | Amax=11.445 |LR=0.01998 | t=9.39s
    20 | base=0.328231 | val=1.647697 | acc1=0.5700 | Wμ=7.339 | Aμ=7.436 | Wmax=8.082 | Amax=8.904 |LR=0.02 | t=9.36s
    21 | base=0.473544 | val=1.895124 | acc1=0.5096 | Wμ=4.023 | Aμ=5.098 | Wmax=4.858 | Amax=6.443 |LR=0.02 | t=9.33s
    22 | base=1.444301 | val=6.235556 | acc1=0.1427 | Wμ=2.030 | Aμ=4.655 | Wmax=3.700 | Amax=6.000 |LR=0.02 | t=9.37s
    23 | base=1.956675 | val=8.410074 | acc1=0.0495 | Wμ=1.341 | Aμ=3.963 | Wmax=3.000 | Amax=5.358 |LR=0.02 | t=9.35s
    24 | base=1.768265 | val=4.560972 | acc1=0.1944 | Wμ=1.101 | Aμ=2.834 | Wmax=2.322 | Amax=4.000 |LR=0.02 | t=9.34s
    25 | base=1.704917 | val=3.648456 | acc1=0.2053 | Wμ=1.029 | Aμ=2.009 | Wmax=2.000 | Amax=2.585 |LR=0.02 | t=9.40s
    26 | base=1.882542 | val=5.049368 | acc1=0.1574 | Wμ=0.998 | Aμ=1.660 | Wmax=1.585 | Amax=2.000 |LR=0.02 | t=9.38s
    27 | base=1.935424 | val=6.117877 | acc1=0.0444 | Wμ=0.987 | Aμ=1.423 | Wmax=1.585 | Amax=2.000 |LR=0.02 | t=9.37s
    28 | base=2.167441 | val=3.690037 | acc1=0.2215 | Wμ=0.984 | Aμ=1.250 | Wmax=1.000 | Amax=1.585 |LR=0.02 | t=9.40s
    29 | base=2.048872 | val=3.931747 | acc1=0.1962 | Wμ=0.980 | Aμ=1.144 | Wmax=1.000 | Amax=1.585 |LR=0.02 | t=9.42s
    30 | base=1.996827 | val=3.921597 | acc1=0.1945 | Wμ=0.979 | Aμ=1.098 | Wmax=1.000 | Amax=1.585 |LR=0.02 | t=9.44s
    31 | base=2.062594 | val=4.054182 | acc1=0.1908 | Wμ=0.977 | Aμ=1.070 | Wmax=1.000 | Amax=1.585 |LR=0.02 | t=9.38s
    32 | base=2.286213 | val=4.634819 | acc1=0.1631 | Wμ=0.977 | Aμ=1.055 | Wmax=1.000 | Amax=1.585 |LR=0.02 | t=9.39s
    33 | base=2.111771 | val=3.367808 | acc1=0.2670 | Wμ=0.971 | Aμ=0.988 | Wmax=1.000 | Amax=1.000 |LR=0.02 | t=9.43s
    34 | base=1.976448 | val=6.838891 | acc1=0.0810 | Wμ=0.970 | Aμ=0.972 | Wmax=1.000 | Amax=1.000 |LR=0.018582 | t=9.39s
    35 | base=1.983562 | val=3.625980 | acc1=0.2086 | Wμ=0.966 | Aμ=0.973 | Wmax=1.000 | Amax=1.000 |LR=0.017238 | t=9.46s
    36 | base=1.973100 | val=3.546202 | acc1=0.2408 | Wμ=0.969 | Aμ=0.968 | Wmax=1.000 | Amax=1.000 |LR=0.015992 | t=9.41s
    37 | base=1.958325 | val=3.636710 | acc1=0.2245 | Wμ=0.969 | Aμ=0.955 | Wmax=1.000 | Amax=1.000 |LR=0.014835 | t=9.45s
    38 | base=1.997893 | val=4.248048 | acc1=0.1653 | Wμ=0.967 | Aμ=0.956 | Wmax=1.000 | Amax=1.000 |LR=0.013763 | t=9.39s
    39 | base=1.892059 | val=2.971410 | acc1=0.2926 | Wμ=0.968 | Aμ=0.952 | Wmax=1.000 | Amax=1.000 |LR=0.012767 | t=9.39s
    40 | base=1.881272 | val=3.340425 | acc1=0.2232 | Wμ=0.966 | Aμ=0.948 | Wmax=1.000 | Amax=1.000 |LR=0.011844 | t=9.39s
    41 | base=1.877549 | val=4.240681 | acc1=0.1881 | Wμ=0.968 | Aμ=0.947 | Wmax=1.000 | Amax=1.000 |LR=0.010988 | t=9.46s
    42 | base=1.889116 | val=4.933695 | acc1=0.1103 | Wμ=0.968 | Aμ=0.970 | Wmax=1.000 | Amax=1.000 |LR=0.010193 | t=9.43s
    43 | base=1.841980 | val=3.159258 | acc1=0.2898 | Wμ=0.966 | Aμ=0.934 | Wmax=1.000 | Amax=1.000 |LR=0.0094562 | t=9.42s
    44 | base=1.808040 | val=3.495923 | acc1=0.2255 | Wμ=0.967 | Aμ=0.956 | Wmax=1.000 | Amax=1.000 |LR=0.0087724 | t=9.42s
    45 | base=1.763213 | val=3.138015 | acc1=0.2852 | Wμ=0.967 | Aμ=0.955 | Wmax=1.000 | Amax=1.000 |LR=0.0081381 | t=9.45s
    46 | base=1.783699 | val=2.374041 | acc1=0.3953 | Wμ=0.967 | Aμ=0.966 | Wmax=1.000 | Amax=1.000 |LR=0.0075497 | t=9.43s
    47 | base=1.740912 | val=3.246318 | acc1=0.2768 | Wμ=0.968 | Aμ=0.954 | Wmax=1.000 | Amax=1.000 |LR=0.0070037 | t=9.41s
    48 | base=1.708308 | val=3.131476 | acc1=0.2874 | Wμ=0.970 | Aμ=0.962 | Wmax=1.000 | Amax=1.000 |LR=0.0064973 | t=9.38s
    49 | base=1.755893 | val=3.177759 | acc1=0.2816 | Wμ=0.970 | Aμ=0.971 | Wmax=1.000 | Amax=1.000 |LR=0.0060275 | t=9.36s
