     0 | base=nan | val=nan | acc1=0.7031 | Wμ=nan | Aμ=nan | Wmax=nan | Amax=nan |LR=nan | t=nans
     0 | base=nan | val=1.104401 | acc1=0.7032 | Wμ=11.367 | Aμ=20.000 | Wmax=12.587 | Amax=14.104 |LR=nan | t=nans
     0 | base=nan | val=1.104483 | acc1=0.7030 | Wμ=10.000 | Aμ=20.000 | Wmax=10.000 | Amax=14.105 |LR=nan | t=nans
     0 | base=nan | val=1.104656 | acc1=0.7024 | Wμ=10.000 | Aμ=10.000 | Wmax=10.000 | Amax=9.987 |LR=nan | t=nans
# epoch | BaseLoss | ValLoss | Acc@1 | MeanWBits | MeanABits | MaxWBits | MaxABits | LR | EpochTime(s)
     0 | base=nan | val=1.111653 | acc1=0.7025 | Wμ=10.000 | Aμ=10.000 | Wmax=10.000 | Amax=9.976 |LR=nan | t=nans
     0 | base=0.124141 | val=1.130247 | acc1=0.6963 | Wμ=10.000 | Aμ=10.000 | Wmax=10.006 | Amax=10.001 |LR=0.00049 | t=10.67s
     1 | base=0.069009 | val=1.116445 | acc1=0.6990 | Wμ=10.000 | Aμ=10.002 | Wmax=10.018 | Amax=10.003 |LR=0.00099 | t=9.35s
     2 | base=0.050060 | val=1.119452 | acc1=0.7007 | Wμ=10.001 | Aμ=10.006 | Wmax=10.031 | Amax=10.009 |LR=0.00149 | t=9.40s
     3 | base=0.040303 | val=1.126384 | acc1=0.6967 | Wμ=10.002 | Aμ=10.012 | Wmax=10.046 | Amax=10.031 |LR=0.00199 | t=9.31s
     4 | base=0.039292 | val=1.142227 | acc1=0.6928 | Wμ=10.004 | Aμ=10.021 | Wmax=10.054 | Amax=10.059 |LR=0.00249 | t=9.35s
     5 | base=0.037131 | val=1.157496 | acc1=0.6877 | Wμ=10.006 | Aμ=10.036 | Wmax=10.078 | Amax=10.099 |LR=0.00299 | t=9.30s
     6 | base=0.043408 | val=1.141759 | acc1=0.6895 | Wμ=10.011 | Aμ=10.056 | Wmax=10.082 | Amax=10.145 |LR=0.00349 | t=9.32s
     7 | base=0.048420 | val=1.175359 | acc1=0.6781 | Wμ=10.016 | Aμ=10.082 | Wmax=10.099 | Amax=10.199 |LR=0.00399 | t=9.28s
     8 | base=0.061890 | val=1.166306 | acc1=0.6802 | Wμ=10.025 | Aμ=10.119 | Wmax=10.128 | Amax=10.260 |LR=0.00449 | t=9.33s
     9 | base=0.083666 | val=1.251294 | acc1=0.6649 | Wμ=10.040 | Aμ=10.159 | Wmax=10.182 | Amax=10.328 |LR=0.00499 | t=9.31s
    10 | base=0.122710 | val=1.258536 | acc1=0.6591 | Wμ=10.060 | Aμ=10.207 | Wmax=10.234 | Amax=10.409 |LR=0.00549 | t=9.29s
    11 | base=0.157688 | val=1.380419 | acc1=0.6250 | Wμ=10.088 | Aμ=10.259 | Wmax=10.297 | Amax=10.504 |LR=0.00599 | t=9.27s
    12 | base=0.205775 | val=1.334531 | acc1=0.6465 | Wμ=10.123 | Aμ=10.307 | Wmax=10.373 | Amax=10.530 |LR=0.00649 | t=9.33s
    13 | base=0.213654 | val=1.309819 | acc1=0.6493 | Wμ=10.164 | Aμ=10.358 | Wmax=10.473 | Amax=10.568 |LR=0.00699 | t=9.31s
    14 | base=0.211769 | val=1.339537 | acc1=0.6351 | Wμ=10.206 | Aμ=10.414 | Wmax=10.551 | Amax=10.631 |LR=0.00749 | t=9.34s
    15 | base=0.203154 | val=1.324160 | acc1=0.6437 | Wμ=10.253 | Aμ=10.469 | Wmax=10.649 | Amax=10.682 |LR=0.00799 | t=9.32s
    16 | base=0.220385 | val=1.399274 | acc1=0.6218 | Wμ=10.298 | Aμ=10.509 | Wmax=10.693 | Amax=10.759 |LR=0.00849 | t=9.33s
    17 | base=0.249829 | val=1.407684 | acc1=0.6269 | Wμ=10.342 | Aμ=10.523 | Wmax=10.860 | Amax=10.828 |LR=0.00899 | t=9.32s
    18 | base=0.226484 | val=1.490920 | acc1=0.6045 | Wμ=10.391 | Aμ=10.550 | Wmax=10.913 | Amax=10.894 |LR=0.00949 | t=9.33s
    19 | base=0.257922 | val=1.357942 | acc1=0.6356 | Wμ=10.438 | Aμ=10.543 | Wmax=11.000 | Amax=10.884 |LR=0.00999 | t=9.40s
    20 | base=0.225736 | val=1.349005 | acc1=0.6395 | Wμ=8.860 | Aμ=9.183 | Wmax=9.384 | Amax=10.223 |LR=0.01 | t=9.32s
    21 | base=0.244568 | val=1.409879 | acc1=0.6232 | Wμ=7.149 | Aμ=7.581 | Wmax=7.794 | Amax=9.017 |LR=0.01 | t=9.33s
    22 | base=0.268989 | val=1.364675 | acc1=0.6323 | Wμ=5.665 | Aμ=6.355 | Wmax=6.476 | Amax=7.889 |LR=0.01 | t=9.34s
    23 | base=0.357132 | val=1.950475 | acc1=0.5092 | Wμ=4.369 | Aμ=5.524 | Wmax=5.426 | Amax=6.989 |LR=0.01 | t=9.39s
    24 | base=0.676308 | val=2.056841 | acc1=0.4786 | Wμ=3.298 | Aμ=5.126 | Wmax=4.524 | Amax=6.539 |LR=0.01 | t=9.34s
    25 | base=0.904790 | val=2.190974 | acc1=0.4463 | Wμ=2.461 | Aμ=4.791 | Wmax=3.907 | Amax=6.409 |LR=0.01 | t=9.36s
    26 | base=1.133808 | val=5.284772 | acc1=0.0703 | Wμ=1.833 | Aμ=4.388 | Wmax=3.585 | Amax=5.807 |LR=0.01 | t=9.37s
    27 | base=1.301326 | val=7.320249 | acc1=0.0360 | Wμ=1.455 | Aμ=4.115 | Wmax=3.170 | Amax=5.322 |LR=0.01 | t=9.30s
    28 | base=1.500325 | val=8.994004 | acc1=0.0248 | Wμ=1.271 | Aμ=3.707 | Wmax=2.807 | Amax=4.907 |LR=0.01 | t=9.33s
    29 | base=1.419110 | val=6.167423 | acc1=0.1063 | Wμ=1.154 | Aμ=3.290 | Wmax=2.585 | Amax=4.170 |LR=0.01 | t=9.41s
    30 | base=1.412937 | val=3.835366 | acc1=0.1961 | Wμ=1.075 | Aμ=2.691 | Wmax=2.000 | Amax=3.585 |LR=0.01 | t=9.35s
    31 | base=1.421450 | val=4.385370 | acc1=0.1392 | Wμ=1.033 | Aμ=2.256 | Wmax=2.000 | Amax=3.000 |LR=0.01 | t=9.33s
    32 | base=1.510561 | val=5.787072 | acc1=0.0554 | Wμ=1.011 | Aμ=1.966 | Wmax=1.585 | Amax=2.585 |LR=0.01 | t=9.36s
    33 | base=1.750995 | val=6.587531 | acc1=0.0421 | Wμ=1.000 | Aμ=1.726 | Wmax=1.585 | Amax=2.322 |LR=0.01 | t=9.36s
    34 | base=1.727543 | val=2.794551 | acc1=0.3263 | Wμ=0.994 | Aμ=1.610 | Wmax=1.000 | Amax=2.322 |LR=0.01 | t=9.36s
    35 | base=1.750973 | val=3.314790 | acc1=0.2663 | Wμ=0.991 | Aμ=1.504 | Wmax=1.000 | Amax=2.000 |LR=0.01 | t=9.35s
    36 | base=1.818447 | val=3.577957 | acc1=0.2422 | Wμ=0.990 | Aμ=1.370 | Wmax=1.585 | Amax=2.000 |LR=0.01 | t=9.33s
    37 | base=1.809522 | val=5.105400 | acc1=0.1228 | Wμ=0.988 | Aμ=1.263 | Wmax=1.000 | Amax=2.000 |LR=0.01 | t=9.34s
    38 | base=1.921484 | val=3.896702 | acc1=0.2039 | Wμ=0.988 | Aμ=1.176 | Wmax=1.000 | Amax=1.585 |LR=0.01 | t=9.41s
    39 | base=2.102462 | val=2.967133 | acc1=0.2792 | Wμ=0.985 | Aμ=1.106 | Wmax=1.000 | Amax=1.585 |LR=0.01 | t=9.38s
    40 | base=2.100021 | val=3.347938 | acc1=0.2749 | Wμ=0.986 | Aμ=1.102 | Wmax=1.000 | Amax=1.585 |LR=0.01 | t=9.41s
    41 | base=2.002609 | val=3.990326 | acc1=0.2128 | Wμ=0.984 | Aμ=1.091 | Wmax=1.000 | Amax=1.585 |LR=0.01 | t=9.43s
    42 | base=2.008964 | val=4.454133 | acc1=0.1547 | Wμ=0.984 | Aμ=1.077 | Wmax=1.000 | Amax=1.585 |LR=0.01 | t=9.40s
    43 | base=2.015015 | val=4.601721 | acc1=0.1610 | Wμ=0.984 | Aμ=1.071 | Wmax=1.000 | Amax=1.585 |LR=0.01 | t=9.44s
    44 | base=2.058537 | val=4.590134 | acc1=0.1417 | Wμ=0.982 | Aμ=1.047 | Wmax=1.000 | Amax=1.585 |LR=0.01 | t=9.37s
    45 | base=2.045481 | val=4.911758 | acc1=0.0991 | Wμ=0.983 | Aμ=1.020 | Wmax=1.000 | Amax=1.000 |LR=0.01 | t=9.37s
    46 | base=2.078601 | val=2.957109 | acc1=0.2950 | Wμ=0.979 | Aμ=1.014 | Wmax=1.000 | Amax=1.000 |LR=0.0092908 | t=9.40s
    47 | base=1.901769 | val=6.306028 | acc1=0.0976 | Wμ=0.981 | Aμ=0.999 | Wmax=1.000 | Amax=1.000 |LR=0.008619 | t=9.44s
    48 | base=1.844447 | val=4.091159 | acc1=0.2125 | Wμ=0.980 | Aμ=0.985 | Wmax=1.000 | Amax=1.000 |LR=0.0079958 | t=9.36s
    49 | base=1.871186 | val=4.606460 | acc1=0.1456 | Wμ=0.979 | Aμ=0.988 | Wmax=1.000 | Amax=1.000 |LR=0.0074176 | t=9.39s
    50 | base=1.849894 | val=3.072510 | acc1=0.2852 | Wμ=0.979 | Aμ=0.986 | Wmax=1.000 | Amax=1.000 |LR=0.0068813 | t=9.40s
    51 | base=1.824927 | val=4.392365 | acc1=0.1555 | Wμ=0.980 | Aμ=0.977 | Wmax=1.000 | Amax=1.000 |LR=0.0063837 | t=9.46s
    52 | base=1.757385 | val=4.716275 | acc1=0.1274 | Wμ=0.980 | Aμ=0.985 | Wmax=1.000 | Amax=1.000 |LR=0.0059221 | t=9.43s
    53 | base=1.805782 | val=4.055716 | acc1=0.1940 | Wμ=0.980 | Aμ=0.983 | Wmax=1.000 | Amax=1.000 |LR=0.0054939 | t=9.37s
    54 | base=1.746901 | val=2.963694 | acc1=0.3070 | Wμ=0.981 | Aμ=0.988 | Wmax=1.000 | Amax=1.000 |LR=0.0050966 | t=9.36s
    55 | base=1.779641 | val=3.042354 | acc1=0.2918 | Wμ=0.979 | Aμ=0.984 | Wmax=1.000 | Amax=1.000 |LR=0.0047281 | t=9.38s
    56 | base=1.734141 | val=4.186355 | acc1=0.1922 | Wμ=0.982 | Aμ=0.986 | Wmax=1.000 | Amax=1.000 |LR=0.0043862 | t=9.53s
    57 | base=1.732383 | val=4.359651 | acc1=0.1734 | Wμ=0.981 | Aμ=0.992 | Wmax=1.000 | Amax=1.000 |LR=0.0040691 | t=9.46s
    58 | base=1.718388 | val=2.702637 | acc1=0.3476 | Wμ=0.982 | Aμ=0.982 | Wmax=1.000 | Amax=1.000 |LR=0.0037748 | t=9.35s
    59 | base=1.728595 | val=2.957743 | acc1=0.2967 | Wμ=0.982 | Aμ=0.987 | Wmax=1.000 | Amax=1.000 |LR=0.0035019 | t=9.41s
    60 | base=1.683654 | val=3.471453 | acc1=0.2562 | Wμ=0.984 | Aμ=0.989 | Wmax=1.000 | Amax=1.000 |LR=0.0032487 | t=9.40s
    61 | base=1.716448 | val=4.602269 | acc1=0.1302 | Wμ=0.983 | Aμ=0.988 | Wmax=1.000 | Amax=1.000 |LR=0.0030138 | t=9.39s
    62 | base=1.639387 | val=2.818222 | acc1=0.3293 | Wμ=0.982 | Aμ=0.990 | Wmax=1.000 | Amax=1.000 |LR=0.0027958 | t=9.38s
    63 | base=1.617784 | val=2.572669 | acc1=0.3738 | Wμ=0.984 | Aμ=0.991 | Wmax=1.000 | Amax=1.000 |LR=0.0025937 | t=9.45s
    64 | base=1.675526 | val=3.168070 | acc1=0.2882 | Wμ=0.984 | Aμ=0.991 | Wmax=1.000 | Amax=1.000 |LR=0.0024061 | t=9.59s
    65 | base=1.676996 | val=3.369976 | acc1=0.2849 | Wμ=0.984 | Aμ=0.990 | Wmax=1.000 | Amax=1.000 |LR=0.0022321 | t=9.37s
    66 | base=1.578842 | val=2.521609 | acc1=0.3759 | Wμ=0.985 | Aμ=0.987 | Wmax=1.000 | Amax=1.000 |LR=0.0020707 | t=9.39s
    67 | base=1.638895 | val=2.857296 | acc1=0.3393 | Wμ=0.985 | Aμ=0.987 | Wmax=1.000 | Amax=1.000 |LR=0.001921 | t=9.32s
    68 | base=1.625530 | val=2.327849 | acc1=0.4071 | Wμ=0.985 | Aμ=0.990 | Wmax=1.000 | Amax=1.000 |LR=0.0017821 | t=9.37s
    69 | base=1.658014 | val=2.635319 | acc1=0.3606 | Wμ=0.985 | Aμ=0.992 | Wmax=1.000 | Amax=1.000 |LR=0.0016532 | t=9.33s
