     0 | base=nan | val=nan | acc1=0.7031 | Wμ=nan | Aμ=nan | Wmax=nan | Amax=nan |LR=nan | t=nans
     0 | base=nan | val=1.104401 | acc1=0.7032 | Wμ=11.367 | Aμ=20.000 | Wmax=12.587 | Amax=14.104 |LR=nan | t=nans
     0 | base=nan | val=1.104483 | acc1=0.7030 | Wμ=10.000 | Aμ=20.000 | Wmax=10.000 | Amax=14.105 |LR=nan | t=nans
     0 | base=nan | val=1.104656 | acc1=0.7024 | Wμ=10.000 | Aμ=10.000 | Wmax=10.000 | Amax=9.987 |LR=nan | t=nans
# epoch | BaseLoss | ValLoss | Acc@1 | MeanWBits | MeanABits | MaxWBits | MaxABits | LR | EpochTime(s)
     0 | base=nan | val=1.111653 | acc1=0.7025 | Wμ=10.000 | Aμ=10.000 | Wmax=10.000 | Amax=9.976 |LR=nan | t=nans
     0 | base=0.098939 | val=1.131326 | acc1=0.6957 | Wμ=10.000 | Aμ=10.001 | Wmax=10.011 | Amax=10.001 |LR=0.00098 | t=10.59s
     1 | base=0.055032 | val=1.122945 | acc1=0.6969 | Wμ=10.001 | Aμ=10.005 | Wmax=10.028 | Amax=10.007 |LR=0.00198 | t=9.43s
     2 | base=0.047263 | val=1.125614 | acc1=0.6961 | Wμ=10.002 | Aμ=10.014 | Wmax=10.047 | Amax=10.029 |LR=0.00298 | t=9.35s
     3 | base=0.044607 | val=1.149444 | acc1=0.6861 | Wμ=10.004 | Aμ=10.030 | Wmax=10.065 | Amax=10.058 |LR=0.00398 | t=9.36s
     4 | base=0.049166 | val=1.172240 | acc1=0.6831 | Wμ=10.009 | Aμ=10.060 | Wmax=10.086 | Amax=10.102 |LR=0.00498 | t=9.41s
     5 | base=0.070330 | val=1.168612 | acc1=0.6845 | Wμ=10.019 | Aμ=10.094 | Wmax=10.136 | Amax=10.175 |LR=0.00598 | t=9.37s
     6 | base=0.118379 | val=1.254263 | acc1=0.6618 | Wμ=10.034 | Aμ=10.131 | Wmax=10.165 | Amax=10.238 |LR=0.00698 | t=9.35s
     7 | base=0.215400 | val=1.436026 | acc1=0.6149 | Wμ=10.067 | Aμ=10.174 | Wmax=10.261 | Amax=10.329 |LR=0.00798 | t=9.35s
     8 | base=0.258942 | val=1.688991 | acc1=0.5560 | Wμ=10.118 | Aμ=10.216 | Wmax=10.349 | Amax=10.386 |LR=0.00898 | t=9.35s
     9 | base=0.273713 | val=1.414887 | acc1=0.6200 | Wμ=10.175 | Aμ=10.274 | Wmax=10.520 | Amax=10.472 |LR=0.00998 | t=9.35s
    10 | base=0.270479 | val=1.363647 | acc1=0.6319 | Wμ=10.235 | Aμ=10.321 | Wmax=10.683 | Amax=10.587 |LR=0.01098 | t=9.36s
    11 | base=0.305274 | val=1.511650 | acc1=0.6009 | Wμ=10.294 | Aμ=10.340 | Wmax=10.809 | Amax=10.609 |LR=0.01198 | t=9.41s
    12 | base=0.317221 | val=1.484650 | acc1=0.6005 | Wμ=10.364 | Aμ=10.362 | Wmax=10.931 | Amax=10.617 |LR=0.01298 | t=9.41s
    13 | base=0.318771 | val=1.384317 | acc1=0.6264 | Wμ=10.430 | Aμ=10.383 | Wmax=10.978 | Amax=10.664 |LR=0.01398 | t=9.40s
    14 | base=0.299261 | val=1.518440 | acc1=0.5967 | Wμ=10.493 | Aμ=10.438 | Wmax=11.052 | Amax=10.757 |LR=0.01498 | t=9.36s
    15 | base=0.338815 | val=1.475858 | acc1=0.6008 | Wμ=10.561 | Aμ=10.511 | Wmax=11.177 | Amax=10.832 |LR=0.01598 | t=9.35s
    16 | base=0.342174 | val=1.543514 | acc1=0.5943 | Wμ=10.635 | Aμ=10.561 | Wmax=11.304 | Amax=10.920 |LR=0.01698 | t=9.35s
    17 | base=0.341363 | val=1.460213 | acc1=0.6049 | Wμ=10.706 | Aμ=10.633 | Wmax=11.453 | Amax=11.099 |LR=0.01798 | t=9.40s
    18 | base=0.334750 | val=1.387857 | acc1=0.6246 | Wμ=10.774 | Aμ=10.694 | Wmax=11.509 | Amax=11.136 |LR=0.01898 | t=9.37s
    19 | base=0.320474 | val=1.492793 | acc1=0.5988 | Wμ=10.835 | Aμ=10.749 | Wmax=11.658 | Amax=11.359 |LR=0.01998 | t=9.38s
    20 | base=0.344735 | val=1.458929 | acc1=0.6063 | Wμ=7.349 | Aμ=7.457 | Wmax=8.109 | Amax=9.050 |LR=0.02 | t=9.39s
    21 | base=0.459709 | val=2.300922 | acc1=0.4492 | Wμ=4.033 | Aμ=5.053 | Wmax=4.807 | Amax=6.392 |LR=0.02 | t=9.40s
    22 | base=1.490059 | val=4.602205 | acc1=0.1934 | Wμ=2.039 | Aμ=4.632 | Wmax=3.459 | Amax=5.883 |LR=0.02 | t=9.38s
    23 | base=1.950055 | val=4.874487 | acc1=0.0947 | Wμ=1.330 | Aμ=3.930 | Wmax=3.000 | Amax=5.087 |LR=0.02 | t=9.37s
    24 | base=1.800829 | val=3.362397 | acc1=0.2878 | Wμ=1.108 | Aμ=2.879 | Wmax=2.322 | Amax=4.000 |LR=0.02 | t=9.36s
    25 | base=1.855492 | val=3.384227 | acc1=0.2167 | Wμ=1.023 | Aμ=2.009 | Wmax=2.000 | Amax=2.585 |LR=0.02 | t=9.41s
    26 | base=1.778342 | val=4.106463 | acc1=0.1576 | Wμ=0.997 | Aμ=1.680 | Wmax=1.585 | Amax=2.322 |LR=0.02 | t=9.45s
    27 | base=1.929201 | val=6.029260 | acc1=0.0725 | Wμ=0.988 | Aμ=1.465 | Wmax=1.585 | Amax=2.000 |LR=0.02 | t=9.46s
    28 | base=2.098500 | val=5.301229 | acc1=0.1364 | Wμ=0.984 | Aμ=1.291 | Wmax=1.585 | Amax=1.585 |LR=0.02 | t=9.40s
    29 | base=2.145760 | val=4.814683 | acc1=0.1313 | Wμ=0.982 | Aμ=1.143 | Wmax=1.000 | Amax=1.585 |LR=0.02 | t=9.48s
    30 | base=2.148438 | val=3.405494 | acc1=0.2381 | Wμ=0.979 | Aμ=1.106 | Wmax=1.000 | Amax=1.585 |LR=0.02 | t=9.43s
    31 | base=2.163242 | val=3.052337 | acc1=0.3034 | Wμ=0.977 | Aμ=1.089 | Wmax=1.000 | Amax=1.585 |LR=0.02 | t=9.45s
    32 | base=2.254416 | val=4.626654 | acc1=0.1565 | Wμ=0.975 | Aμ=1.048 | Wmax=1.000 | Amax=1.585 |LR=0.02 | t=9.50s
    33 | base=2.149793 | val=3.331296 | acc1=0.2462 | Wμ=0.972 | Aμ=0.993 | Wmax=1.000 | Amax=1.000 |LR=0.02 | t=9.43s
    34 | base=2.012056 | val=3.872796 | acc1=0.2125 | Wμ=0.971 | Aμ=0.970 | Wmax=1.000 | Amax=1.000 |LR=0.018582 | t=9.48s
    35 | base=2.029959 | val=6.290511 | acc1=0.0727 | Wμ=0.968 | Aμ=0.974 | Wmax=1.000 | Amax=1.000 |LR=0.017238 | t=9.47s
    36 | base=1.943937 | val=3.341125 | acc1=0.2341 | Wμ=0.966 | Aμ=0.966 | Wmax=1.000 | Amax=1.000 |LR=0.015992 | t=9.39s
    37 | base=1.960653 | val=3.805577 | acc1=0.2231 | Wμ=0.966 | Aμ=0.960 | Wmax=1.000 | Amax=1.000 |LR=0.014835 | t=9.40s
    38 | base=1.933717 | val=5.147603 | acc1=0.1309 | Wμ=0.966 | Aμ=0.958 | Wmax=1.000 | Amax=1.000 |LR=0.013763 | t=9.48s
    39 | base=1.833001 | val=4.216618 | acc1=0.1918 | Wμ=0.969 | Aμ=0.944 | Wmax=1.000 | Amax=1.000 |LR=0.012767 | t=9.48s
    40 | base=1.907197 | val=3.527182 | acc1=0.2594 | Wμ=0.966 | Aμ=0.959 | Wmax=1.000 | Amax=1.000 |LR=0.011844 | t=9.40s
    41 | base=1.870027 | val=3.350463 | acc1=0.2541 | Wμ=0.964 | Aμ=0.953 | Wmax=1.000 | Amax=1.000 |LR=0.010988 | t=9.49s
    42 | base=1.789263 | val=4.285894 | acc1=0.1539 | Wμ=0.966 | Aμ=0.961 | Wmax=1.000 | Amax=1.000 |LR=0.010193 | t=9.42s
    43 | base=1.875308 | val=2.734382 | acc1=0.3386 | Wμ=0.966 | Aμ=0.966 | Wmax=1.000 | Amax=1.000 |LR=0.0094562 | t=9.46s
    44 | base=1.760161 | val=3.044866 | acc1=0.2915 | Wμ=0.969 | Aμ=0.953 | Wmax=1.000 | Amax=1.000 |LR=0.0087724 | t=9.44s
    45 | base=1.771581 | val=2.934877 | acc1=0.3083 | Wμ=0.966 | Aμ=0.964 | Wmax=1.000 | Amax=1.000 |LR=0.0081381 | t=9.47s
    46 | base=1.743718 | val=3.332740 | acc1=0.2615 | Wμ=0.967 | Aμ=0.954 | Wmax=1.000 | Amax=1.000 |LR=0.0075497 | t=9.48s
    47 | base=1.752843 | val=2.635421 | acc1=0.3603 | Wμ=0.969 | Aμ=0.954 | Wmax=1.000 | Amax=1.000 |LR=0.0070037 | t=9.50s
    48 | base=1.727355 | val=2.913802 | acc1=0.3121 | Wμ=0.969 | Aμ=0.963 | Wmax=1.000 | Amax=1.000 |LR=0.0064973 | t=9.52s
    49 | base=1.763802 | val=2.870647 | acc1=0.3306 | Wμ=0.969 | Aμ=0.950 | Wmax=1.000 | Amax=1.000 |LR=0.0060275 | t=9.46s
