     0 | base=nan | val=nan | acc1=0.7031 | Wμ=nan | Aμ=nan | Wmax=nan | Amax=nan |LR=nan | t=nans
     0 | base=nan | val=1.104401 | acc1=0.7032 | Wμ=11.367 | Aμ=20.000 | Wmax=12.587 | Amax=14.104 |LR=nan | t=nans
     0 | base=nan | val=1.104483 | acc1=0.7030 | Wμ=10.000 | Aμ=20.000 | Wmax=10.000 | Amax=14.105 |LR=nan | t=nans
     0 | base=nan | val=1.104656 | acc1=0.7024 | Wμ=10.000 | Aμ=10.000 | Wmax=10.000 | Amax=9.987 |LR=nan | t=nans
# epoch | BaseLoss | ValLoss | Acc@1 | MeanWBits | MeanABits | MaxWBits | MaxABits | LR | EpochTime(s)
     0 | base=nan | val=1.111653 | acc1=0.7025 | Wμ=10.000 | Aμ=10.000 | Wmax=10.000 | Amax=9.976 |LR=nan | t=nans
     0 | base=0.101002 | val=1.131835 | acc1=0.6955 | Wμ=10.000 | Aμ=10.001 | Wmax=10.011 | Amax=10.001 |LR=0.00098 | t=10.61s
     1 | base=0.058216 | val=1.120506 | acc1=0.6969 | Wμ=10.001 | Aμ=10.003 | Wmax=10.032 | Amax=10.006 |LR=0.00198 | t=9.34s
     2 | base=0.044870 | val=1.127841 | acc1=0.6947 | Wμ=10.002 | Aμ=10.011 | Wmax=10.062 | Amax=10.027 |LR=0.00298 | t=9.30s
     3 | base=0.044318 | val=1.155932 | acc1=0.6892 | Wμ=10.004 | Aμ=10.027 | Wmax=10.065 | Amax=10.061 |LR=0.00398 | t=9.36s
     4 | base=0.047430 | val=1.178204 | acc1=0.6805 | Wμ=10.010 | Aμ=10.050 | Wmax=10.085 | Amax=10.113 |LR=0.00498 | t=9.34s
     5 | base=0.069638 | val=1.262049 | acc1=0.6583 | Wμ=10.019 | Aμ=10.075 | Wmax=10.097 | Amax=10.164 |LR=0.00598 | t=9.30s
     6 | base=0.107555 | val=1.284660 | acc1=0.6569 | Wμ=10.037 | Aμ=10.125 | Wmax=10.147 | Amax=10.271 |LR=0.00698 | t=9.36s
     7 | base=0.175986 | val=1.305512 | acc1=0.6466 | Wμ=10.066 | Aμ=10.171 | Wmax=10.238 | Amax=10.348 |LR=0.00798 | t=9.34s
     8 | base=0.270740 | val=1.392970 | acc1=0.6276 | Wμ=10.108 | Aμ=10.243 | Wmax=10.344 | Amax=10.463 |LR=0.00898 | t=9.31s
     9 | base=0.259667 | val=1.490419 | acc1=0.6065 | Wμ=10.168 | Aμ=10.295 | Wmax=10.551 | Amax=10.532 |LR=0.00998 | t=9.32s
    10 | base=0.299090 | val=1.375178 | acc1=0.6266 | Wμ=10.232 | Aμ=10.344 | Wmax=10.655 | Amax=10.605 |LR=0.01098 | t=9.38s
    11 | base=0.318538 | val=1.542714 | acc1=0.5883 | Wμ=10.294 | Aμ=10.406 | Wmax=10.721 | Amax=10.773 |LR=0.01198 | t=9.37s
    12 | base=0.318401 | val=1.475271 | acc1=0.6026 | Wμ=10.359 | Aμ=10.438 | Wmax=10.870 | Amax=10.874 |LR=0.01298 | t=9.29s
    13 | base=0.314866 | val=1.475679 | acc1=0.6095 | Wμ=10.428 | Aμ=10.462 | Wmax=10.955 | Amax=10.917 |LR=0.01398 | t=9.30s
    14 | base=0.329463 | val=1.375910 | acc1=0.6269 | Wμ=10.494 | Aμ=10.504 | Wmax=11.046 | Amax=11.030 |LR=0.01498 | t=9.38s
    15 | base=0.307813 | val=1.379348 | acc1=0.6389 | Wμ=10.559 | Aμ=10.555 | Wmax=11.103 | Amax=11.016 |LR=0.01598 | t=9.31s
    16 | base=0.324607 | val=1.444193 | acc1=0.6106 | Wμ=10.622 | Aμ=10.582 | Wmax=11.217 | Amax=11.040 |LR=0.01698 | t=9.32s
    17 | base=0.345333 | val=1.499537 | acc1=0.5965 | Wμ=10.689 | Aμ=10.617 | Wmax=11.390 | Amax=11.264 |LR=0.01798 | t=9.30s
    18 | base=0.338176 | val=1.427136 | acc1=0.6160 | Wμ=10.756 | Aμ=10.650 | Wmax=11.532 | Amax=11.466 |LR=0.01898 | t=9.33s
    19 | base=0.334611 | val=1.465550 | acc1=0.6049 | Wμ=10.823 | Aμ=10.711 | Wmax=11.586 | Amax=11.516 |LR=0.01998 | t=9.31s
    20 | base=0.350793 | val=1.422532 | acc1=0.6206 | Wμ=7.340 | Aμ=7.537 | Wmax=8.175 | Amax=8.658 |LR=0.02 | t=9.30s
    21 | base=0.473912 | val=1.951814 | acc1=0.5079 | Wμ=4.026 | Aμ=5.101 | Wmax=4.807 | Amax=6.340 |LR=0.02 | t=9.30s
    22 | base=1.473401 | val=4.923169 | acc1=0.1702 | Wμ=2.031 | Aμ=4.679 | Wmax=3.585 | Amax=6.150 |LR=0.02 | t=9.29s
    23 | base=1.950988 | val=4.598833 | acc1=0.1253 | Wμ=1.327 | Aμ=4.041 | Wmax=2.807 | Amax=5.426 |LR=0.02 | t=9.30s
    24 | base=1.764557 | val=6.093065 | acc1=0.0404 | Wμ=1.120 | Aμ=3.066 | Wmax=2.322 | Amax=4.248 |LR=0.02 | t=9.30s
    25 | base=1.751958 | val=7.306885 | acc1=0.0822 | Wμ=1.029 | Aμ=2.106 | Wmax=2.000 | Amax=2.807 |LR=0.02 | t=9.32s
    26 | base=1.808396 | val=3.631057 | acc1=0.2466 | Wμ=0.997 | Aμ=1.729 | Wmax=1.585 | Amax=2.322 |LR=0.02 | t=9.37s
    27 | base=1.989514 | val=3.120609 | acc1=0.2982 | Wμ=0.988 | Aμ=1.469 | Wmax=1.585 | Amax=2.000 |LR=0.02 | t=9.38s
    28 | base=2.196795 | val=4.519385 | acc1=0.1412 | Wμ=0.986 | Aμ=1.290 | Wmax=1.585 | Amax=1.585 |LR=0.02 | t=9.41s
    29 | base=2.109757 | val=4.241395 | acc1=0.1963 | Wμ=0.981 | Aμ=1.155 | Wmax=1.000 | Amax=1.585 |LR=0.02 | t=9.40s
    30 | base=2.058296 | val=3.970828 | acc1=0.1667 | Wμ=0.980 | Aμ=1.101 | Wmax=1.000 | Amax=1.585 |LR=0.02 | t=9.35s
    31 | base=2.178057 | val=4.231926 | acc1=0.1561 | Wμ=0.977 | Aμ=1.068 | Wmax=1.000 | Amax=1.000 |LR=0.02 | t=9.41s
    32 | base=2.012798 | val=5.266458 | acc1=0.1310 | Wμ=0.975 | Aμ=1.055 | Wmax=1.000 | Amax=1.585 |LR=0.018582 | t=9.33s
    33 | base=2.145591 | val=3.568133 | acc1=0.2175 | Wμ=0.974 | Aμ=0.987 | Wmax=1.000 | Amax=1.000 |LR=0.018554 | t=9.42s
    34 | base=2.033054 | val=4.326708 | acc1=0.1780 | Wμ=0.971 | Aμ=0.958 | Wmax=1.000 | Amax=1.000 |LR=0.017238 | t=9.43s
    35 | base=1.954460 | val=3.520814 | acc1=0.2258 | Wμ=0.970 | Aμ=0.978 | Wmax=1.000 | Amax=1.000 |LR=0.015992 | t=9.43s
    36 | base=1.930839 | val=3.136245 | acc1=0.2646 | Wμ=0.969 | Aμ=0.980 | Wmax=1.000 | Amax=1.000 |LR=0.014835 | t=9.43s
    37 | base=1.986057 | val=4.144811 | acc1=0.1419 | Wμ=0.971 | Aμ=0.965 | Wmax=1.000 | Amax=1.000 |LR=0.013763 | t=9.35s
    38 | base=1.937937 | val=3.195801 | acc1=0.2629 | Wμ=0.969 | Aμ=0.966 | Wmax=1.000 | Amax=1.000 |LR=0.012767 | t=9.35s
    39 | base=1.811351 | val=3.845019 | acc1=0.1912 | Wμ=0.969 | Aμ=0.968 | Wmax=1.000 | Amax=1.000 |LR=0.011844 | t=9.37s
    40 | base=1.874020 | val=3.494610 | acc1=0.2434 | Wμ=0.969 | Aμ=0.968 | Wmax=1.000 | Amax=1.000 |LR=0.010988 | t=9.36s
    41 | base=1.818198 | val=3.014285 | acc1=0.3051 | Wμ=0.969 | Aμ=0.960 | Wmax=1.000 | Amax=1.000 |LR=0.010193 | t=9.41s
    42 | base=1.851076 | val=3.433425 | acc1=0.2467 | Wμ=0.966 | Aμ=0.968 | Wmax=1.000 | Amax=1.000 |LR=0.0094562 | t=9.38s
    43 | base=1.824725 | val=2.974447 | acc1=0.2855 | Wμ=0.968 | Aμ=0.962 | Wmax=1.000 | Amax=1.000 |LR=0.0087724 | t=9.38s
    44 | base=1.769382 | val=3.561693 | acc1=0.2283 | Wμ=0.970 | Aμ=0.982 | Wmax=1.000 | Amax=1.000 |LR=0.0081381 | t=9.34s
    45 | base=1.754852 | val=2.853617 | acc1=0.3116 | Wμ=0.970 | Aμ=0.962 | Wmax=1.000 | Amax=1.000 |LR=0.0075497 | t=9.36s
    46 | base=1.785454 | val=3.461688 | acc1=0.2465 | Wμ=0.970 | Aμ=0.961 | Wmax=1.000 | Amax=1.000 |LR=0.0070037 | t=9.40s
    47 | base=1.730957 | val=2.755168 | acc1=0.3402 | Wμ=0.970 | Aμ=0.970 | Wmax=1.000 | Amax=1.000 |LR=0.0064973 | t=9.38s
    48 | base=1.697462 | val=2.786546 | acc1=0.3282 | Wμ=0.970 | Aμ=0.967 | Wmax=1.000 | Amax=1.000 |LR=0.0060275 | t=9.38s
    49 | base=1.720630 | val=2.883132 | acc1=0.3223 | Wμ=0.970 | Aμ=0.965 | Wmax=1.000 | Amax=1.000 |LR=0.0055917 | t=9.35s
