     0 | base=nan | val=nan | acc1=0.7031 | Wμ=nan | Aμ=nan | Wmax=nan | Amax=nan |LR=nan | t=nans
     0 | base=nan | val=1.104401 | acc1=0.7032 | Wμ=11.367 | Aμ=20.000 | Wmax=12.587 | Amax=14.104 |LR=nan | t=nans
     0 | base=nan | val=1.104483 | acc1=0.7030 | Wμ=10.000 | Aμ=20.000 | Wmax=10.000 | Amax=14.105 |LR=nan | t=nans
     0 | base=nan | val=1.104656 | acc1=0.7024 | Wμ=10.000 | Aμ=10.000 | Wmax=10.000 | Amax=9.987 |LR=nan | t=nans
# epoch | BaseLoss | ValLoss | Acc@1 | MeanWBits | MeanABits | MaxWBits | MaxABits | LR | EpochTime(s)
     0 | base=nan | val=1.111653 | acc1=0.7025 | Wμ=10.000 | Aμ=10.000 | Wmax=10.000 | Amax=9.976 |LR=nan | t=nans
     0 | base=0.096393 | val=1.130973 | acc1=0.6957 | Wμ=10.000 | Aμ=10.001 | Wmax=10.011 | Amax=10.001 |LR=0.00098 | t=10.51s
     1 | base=0.055654 | val=1.120511 | acc1=0.6980 | Wμ=10.001 | Aμ=10.004 | Wmax=10.028 | Amax=10.007 |LR=0.00198 | t=9.27s
     2 | base=0.047115 | val=1.135403 | acc1=0.6960 | Wμ=10.002 | Aμ=10.014 | Wmax=10.053 | Amax=10.028 |LR=0.00298 | t=9.30s
     3 | base=0.043446 | val=1.143545 | acc1=0.6933 | Wμ=10.005 | Aμ=10.031 | Wmax=10.067 | Amax=10.066 |LR=0.00398 | t=9.33s
     4 | base=0.048321 | val=1.171474 | acc1=0.6815 | Wμ=10.009 | Aμ=10.055 | Wmax=10.081 | Amax=10.117 |LR=0.00498 | t=9.30s
     5 | base=0.067837 | val=1.185586 | acc1=0.6780 | Wμ=10.018 | Aμ=10.089 | Wmax=10.106 | Amax=10.187 |LR=0.00598 | t=9.29s
     6 | base=0.112105 | val=1.223326 | acc1=0.6670 | Wμ=10.035 | Aμ=10.136 | Wmax=10.186 | Amax=10.255 |LR=0.00698 | t=9.28s
     7 | base=0.178676 | val=1.302132 | acc1=0.6477 | Wμ=10.062 | Aμ=10.193 | Wmax=10.240 | Amax=10.346 |LR=0.00798 | t=9.29s
     8 | base=0.273958 | val=1.414697 | acc1=0.6154 | Wμ=10.112 | Aμ=10.249 | Wmax=10.390 | Amax=10.486 |LR=0.00898 | t=9.32s
     9 | base=0.284022 | val=1.547367 | acc1=0.5906 | Wμ=10.172 | Aμ=10.327 | Wmax=10.541 | Amax=10.581 |LR=0.00998 | t=9.31s
    10 | base=0.276578 | val=1.466681 | acc1=0.6015 | Wμ=10.233 | Aμ=10.369 | Wmax=10.620 | Amax=10.684 |LR=0.01098 | t=9.34s
    11 | base=0.293805 | val=1.467561 | acc1=0.6089 | Wμ=10.292 | Aμ=10.407 | Wmax=10.782 | Amax=10.705 |LR=0.01198 | t=9.31s
    12 | base=0.318131 | val=1.462691 | acc1=0.6026 | Wμ=10.358 | Aμ=10.466 | Wmax=10.905 | Amax=10.701 |LR=0.01298 | t=9.31s
    13 | base=0.330448 | val=1.596102 | acc1=0.5837 | Wμ=10.427 | Aμ=10.510 | Wmax=10.982 | Amax=10.782 |LR=0.01398 | t=9.34s
    14 | base=0.298537 | val=1.756615 | acc1=0.5497 | Wμ=10.487 | Aμ=10.550 | Wmax=11.099 | Amax=10.828 |LR=0.01498 | t=9.32s
    15 | base=0.340178 | val=1.586065 | acc1=0.5778 | Wμ=10.563 | Aμ=10.604 | Wmax=11.217 | Amax=10.852 |LR=0.01598 | t=9.34s
    16 | base=0.351623 | val=1.640793 | acc1=0.5674 | Wμ=10.632 | Aμ=10.616 | Wmax=11.316 | Amax=10.977 |LR=0.01698 | t=9.31s
    17 | base=0.330665 | val=1.359416 | acc1=0.6277 | Wμ=10.701 | Aμ=10.632 | Wmax=11.451 | Amax=11.122 |LR=0.01798 | t=9.32s
    18 | base=0.330360 | val=1.456070 | acc1=0.6073 | Wμ=10.767 | Aμ=10.700 | Wmax=11.622 | Amax=11.168 |LR=0.01898 | t=9.32s
    19 | base=0.352000 | val=1.516533 | acc1=0.5989 | Wμ=10.838 | Aμ=10.748 | Wmax=11.804 | Amax=11.396 |LR=0.01998 | t=9.34s
    20 | base=0.318476 | val=1.484568 | acc1=0.6092 | Wμ=7.352 | Aμ=7.441 | Wmax=8.214 | Amax=8.954 |LR=0.02 | t=9.34s
    21 | base=0.460986 | val=2.099439 | acc1=0.4883 | Wμ=4.031 | Aμ=5.050 | Wmax=4.858 | Amax=6.392 |LR=0.02 | t=9.28s
    22 | base=1.460043 | val=6.126490 | acc1=0.0986 | Wμ=2.034 | Aμ=4.659 | Wmax=3.585 | Amax=6.170 |LR=0.02 | t=9.29s
    23 | base=2.019714 | val=5.937840 | acc1=0.0826 | Wμ=1.334 | Aμ=3.958 | Wmax=2.807 | Amax=5.044 |LR=0.02 | t=9.36s
    24 | base=1.882724 | val=4.722160 | acc1=0.1384 | Wμ=1.095 | Aμ=2.854 | Wmax=2.322 | Amax=4.392 |LR=0.02 | t=9.38s
    25 | base=1.737758 | val=8.839963 | acc1=0.0427 | Wμ=1.019 | Aμ=2.018 | Wmax=2.000 | Amax=2.807 |LR=0.02 | t=9.39s
    26 | base=1.776865 | val=6.322788 | acc1=0.0557 | Wμ=0.997 | Aμ=1.687 | Wmax=1.585 | Amax=2.322 |LR=0.02 | t=9.33s
    27 | base=1.996005 | val=4.727084 | acc1=0.1262 | Wμ=0.986 | Aμ=1.405 | Wmax=1.000 | Amax=2.000 |LR=0.02 | t=9.37s
    28 | base=2.026634 | val=9.583835 | acc1=0.0455 | Wμ=0.986 | Aμ=1.228 | Wmax=1.000 | Amax=2.000 |LR=0.02 | t=9.40s
    29 | base=2.187563 | val=5.743176 | acc1=0.1001 | Wμ=0.982 | Aμ=1.130 | Wmax=1.000 | Amax=1.585 |LR=0.02 | t=9.39s
    30 | base=2.092748 | val=5.643195 | acc1=0.0899 | Wμ=0.979 | Aμ=1.106 | Wmax=1.000 | Amax=1.585 |LR=0.02 | t=9.41s
    31 | base=2.058256 | val=4.196698 | acc1=0.1734 | Wμ=0.976 | Aμ=1.077 | Wmax=1.000 | Amax=1.585 |LR=0.02 | t=9.34s
    32 | base=2.194657 | val=8.069336 | acc1=0.0754 | Wμ=0.974 | Aμ=1.057 | Wmax=1.000 | Amax=1.585 |LR=0.02 | t=9.34s
    33 | base=2.143354 | val=4.869053 | acc1=0.1332 | Wμ=0.973 | Aμ=0.989 | Wmax=1.000 | Amax=1.000 |LR=0.02 | t=9.34s
    34 | base=2.145270 | val=4.068196 | acc1=0.1725 | Wμ=0.968 | Aμ=0.967 | Wmax=1.000 | Amax=1.000 |LR=0.018582 | t=9.34s
    35 | base=1.986315 | val=4.458855 | acc1=0.1314 | Wμ=0.969 | Aμ=0.964 | Wmax=1.000 | Amax=1.000 |LR=0.017238 | t=9.37s
    36 | base=1.966943 | val=3.391843 | acc1=0.2480 | Wμ=0.967 | Aμ=0.963 | Wmax=1.000 | Amax=1.000 |LR=0.015992 | t=9.39s
    37 | base=1.926443 | val=3.594338 | acc1=0.1966 | Wμ=0.966 | Aμ=0.970 | Wmax=1.000 | Amax=1.000 |LR=0.014835 | t=9.37s
    38 | base=1.870076 | val=4.209597 | acc1=0.1655 | Wμ=0.966 | Aμ=0.967 | Wmax=1.000 | Amax=1.000 |LR=0.013763 | t=9.38s
    39 | base=1.875696 | val=3.613434 | acc1=0.2073 | Wμ=0.966 | Aμ=0.971 | Wmax=1.000 | Amax=1.000 |LR=0.012767 | t=9.38s
    40 | base=1.850524 | val=3.489225 | acc1=0.2194 | Wμ=0.967 | Aμ=0.952 | Wmax=1.000 | Amax=1.000 |LR=0.011844 | t=9.38s
    41 | base=1.898487 | val=3.292703 | acc1=0.2636 | Wμ=0.965 | Aμ=0.965 | Wmax=1.000 | Amax=1.000 |LR=0.010988 | t=9.39s
    42 | base=1.788186 | val=3.050020 | acc1=0.2833 | Wμ=0.967 | Aμ=0.955 | Wmax=1.000 | Amax=1.000 |LR=0.010193 | t=9.36s
    43 | base=1.823680 | val=3.983747 | acc1=0.2180 | Wμ=0.965 | Aμ=0.960 | Wmax=1.000 | Amax=1.000 |LR=0.0094562 | t=9.33s
    44 | base=1.834984 | val=4.069084 | acc1=0.2003 | Wμ=0.966 | Aμ=0.953 | Wmax=1.000 | Amax=1.000 |LR=0.0087724 | t=9.38s
    45 | base=1.740502 | val=2.731736 | acc1=0.3362 | Wμ=0.966 | Aμ=0.969 | Wmax=1.000 | Amax=1.000 |LR=0.0081381 | t=9.38s
    46 | base=1.817671 | val=5.258889 | acc1=0.1125 | Wμ=0.967 | Aμ=0.934 | Wmax=1.000 | Amax=1.000 |LR=0.0075497 | t=9.39s
    47 | base=1.759889 | val=3.983991 | acc1=0.2144 | Wμ=0.968 | Aμ=0.945 | Wmax=1.000 | Amax=1.000 |LR=0.0070037 | t=9.39s
    48 | base=1.753051 | val=3.499728 | acc1=0.2319 | Wμ=0.967 | Aμ=0.955 | Wmax=1.000 | Amax=1.000 |LR=0.0064973 | t=9.35s
    49 | base=1.677231 | val=2.867428 | acc1=0.3188 | Wμ=0.969 | Aμ=0.962 | Wmax=1.000 | Amax=1.000 |LR=0.0060275 | t=9.38s
