     0 | base=nan | val=1.104183 | acc1=nan | Wμ=nan | Aμ=nan | Wmax=nan | Amax=nan |LR=nan | t=nans
     0 | base=nan | val=1.104352 | acc1=0.7034 | Wμ=11.367 | Aμ=20.000 | Wmax=12.587 | Amax=14.104 |LR=nan | t=nans
     0 | base=nan | val=1.104495 | acc1=0.7028 | Wμ=10.000 | Aμ=20.000 | Wmax=10.000 | Amax=14.105 |LR=nan | t=nans
     0 | base=nan | val=1.104728 | acc1=0.7024 | Wμ=10.000 | Aμ=10.000 | Wmax=10.000 | Amax=9.988 |LR=nan | t=nans
# epoch | BaseLoss | ValLoss | Acc@1 | MeanWBits | MeanABits | MaxWBits | MaxABits | LR | GradNorm | WSat | ASat | NoiseMean | NoiseVar | NoiseCorr | Temp | EpochTime(s)
     0 | base=nan | val=1.111712 | acc1=0.7035 | Wμ=10.000 | Aμ=10.000 | Wmax=10.000 | Amax=9.976 |LR=nan | t=nans
     0 | base=0.121025 | val=1.129697 | acc1=0.6975 | Wμ=10.000 | Aμ=10.000 | Wmax=10.007 | Amax=10.001 |LR=0.00049 | t=10.73s
     1 | base=0.066880 | val=1.116976 | acc1=0.6980 | Wμ=10.001 | Aμ=10.002 | Wmax=10.021 | Amax=10.004 |LR=0.00099 | t=8.91s
     2 | base=0.048831 | val=1.116308 | acc1=0.6989 | Wμ=10.001 | Aμ=10.007 | Wmax=10.042 | Amax=10.011 |LR=0.00149 | t=8.95s
     3 | base=0.041881 | val=1.117415 | acc1=0.6973 | Wμ=10.002 | Aμ=10.015 | Wmax=10.062 | Amax=10.028 |LR=0.00199 | t=8.95s
     4 | base=0.041304 | val=1.132454 | acc1=0.6948 | Wμ=10.004 | Aμ=10.029 | Wmax=10.063 | Amax=10.050 |LR=0.00249 | t=8.90s
     5 | base=0.040203 | val=1.146633 | acc1=0.6889 | Wμ=10.007 | Aμ=10.047 | Wmax=10.061 | Amax=10.078 |LR=0.00299 | t=8.92s
     6 | base=0.038824 | val=1.143246 | acc1=0.6923 | Wμ=10.011 | Aμ=10.072 | Wmax=10.079 | Amax=10.119 |LR=0.00349 | t=8.90s
     7 | base=0.048476 | val=1.186033 | acc1=0.6812 | Wμ=10.016 | Aμ=10.102 | Wmax=10.097 | Amax=10.167 |LR=0.00399 | t=8.92s
     8 | base=0.059595 | val=1.171412 | acc1=0.6838 | Wμ=10.026 | Aμ=10.137 | Wmax=10.125 | Amax=10.228 |LR=0.00449 | t=8.92s
     9 | base=0.088843 | val=1.200466 | acc1=0.6777 | Wμ=10.039 | Aμ=10.176 | Wmax=10.159 | Amax=10.311 |LR=0.00499 | t=8.92s
    10 | base=0.124560 | val=1.251903 | acc1=0.6606 | Wμ=10.061 | Aμ=10.210 | Wmax=10.241 | Amax=10.383 |LR=0.00549 | t=8.94s
    11 | base=0.148075 | val=1.291892 | acc1=0.6589 | Wμ=10.089 | Aμ=10.242 | Wmax=10.313 | Amax=10.467 |LR=0.00599 | t=8.93s
    12 | base=0.196891 | val=1.386625 | acc1=0.6389 | Wμ=10.123 | Aμ=10.274 | Wmax=10.418 | Amax=10.541 |LR=0.00649 | t=8.95s
    13 | base=0.219176 | val=1.442556 | acc1=0.6184 | Wμ=10.163 | Aμ=10.331 | Wmax=10.500 | Amax=10.648 |LR=0.00699 | t=8.99s
    14 | base=0.223801 | val=1.488589 | acc1=0.6060 | Wμ=10.203 | Aμ=10.360 | Wmax=10.555 | Amax=10.727 |LR=0.00749 | t=8.97s
    15 | base=0.215353 | val=1.366329 | acc1=0.6332 | Wμ=10.244 | Aμ=10.386 | Wmax=10.622 | Amax=10.797 |LR=0.00799 | t=9.00s
    16 | base=0.229065 | val=1.422555 | acc1=0.6227 | Wμ=10.290 | Aμ=10.433 | Wmax=10.742 | Amax=10.886 |LR=0.00849 | t=8.99s
    17 | base=0.223891 | val=1.343390 | acc1=0.6387 | Wμ=10.333 | Aμ=10.472 | Wmax=10.845 | Amax=11.005 |LR=0.00899 | t=9.01s
    18 | base=0.251205 | val=1.450267 | acc1=0.6161 | Wμ=10.383 | Aμ=10.517 | Wmax=10.946 | Amax=11.107 |LR=0.00949 | t=8.97s
    19 | base=0.242778 | val=1.356675 | acc1=0.6333 | Wμ=10.431 | Aμ=10.556 | Wmax=11.066 | Amax=11.179 |LR=0.00999 | t=9.01s
    20 | base=0.239003 | val=1.380856 | acc1=0.6350 | Wμ=8.852 | Aμ=9.145 | Wmax=9.451 | Amax=10.284 |LR=0.01 | t=8.97s
    21 | base=0.242187 | val=1.457337 | acc1=0.6126 | Wμ=7.138 | Aμ=7.478 | Wmax=7.839 | Amax=8.943 |LR=0.01 | t=8.99s
    22 | base=0.274412 | val=1.396417 | acc1=0.6223 | Wμ=5.653 | Aμ=6.198 | Wmax=6.443 | Amax=7.827 |LR=0.01 | t=9.08s
    23 | base=0.362279 | val=1.719598 | acc1=0.5521 | Wμ=4.361 | Aμ=5.390 | Wmax=5.392 | Amax=7.140 |LR=0.01 | t=9.01s
    24 | base=0.627977 | val=1.833329 | acc1=0.5073 | Wμ=3.295 | Aμ=4.947 | Wmax=4.585 | Amax=6.658 |LR=0.01 | t=9.02s
    25 | base=0.873920 | val=3.141431 | acc1=0.3048 | Wμ=2.459 | Aμ=4.617 | Wmax=3.907 | Amax=6.209 |LR=0.01 | t=9.01s
    26 | base=1.107507 | val=3.529996 | acc1=0.2053 | Wμ=1.843 | Aμ=4.281 | Wmax=3.322 | Amax=5.833 |LR=0.01 | t=8.99s
    27 | base=1.323206 | val=4.510379 | acc1=0.1850 | Wμ=1.469 | Aμ=3.980 | Wmax=3.000 | Amax=5.459 |LR=0.01 | t=8.94s
    28 | base=1.507642 | val=4.757640 | acc1=0.1466 | Wμ=1.295 | Aμ=3.630 | Wmax=2.807 | Amax=4.858 |LR=0.01 | t=8.97s
    29 | base=1.389622 | val=5.224829 | acc1=0.0901 | Wμ=1.163 | Aμ=3.198 | Wmax=2.585 | Amax=4.248 |LR=0.01 | t=8.99s
    30 | base=1.403319 | val=4.020876 | acc1=0.1673 | Wμ=1.083 | Aμ=2.730 | Wmax=2.322 | Amax=3.700 |LR=0.01 | t=8.98s
    31 | base=1.403176 | val=6.761755 | acc1=0.0601 | Wμ=1.037 | Aμ=2.333 | Wmax=2.000 | Amax=3.000 |LR=0.01 | t=8.98s
    32 | base=1.544166 | val=3.584883 | acc1=0.2298 | Wμ=1.016 | Aμ=1.974 | Wmax=1.585 | Amax=2.585 |LR=0.01 | t=9.04s
    33 | base=1.622971 | val=4.272936 | acc1=0.1575 | Wμ=1.003 | Aμ=1.823 | Wmax=1.585 | Amax=2.585 |LR=0.01 | t=8.97s
    34 | base=1.737389 | val=4.975287 | acc1=0.1111 | Wμ=0.994 | Aμ=1.640 | Wmax=1.585 | Amax=2.322 |LR=0.01 | t=8.96s
    35 | base=1.638030 | val=3.179194 | acc1=0.2854 | Wμ=0.992 | Aμ=1.525 | Wmax=1.585 | Amax=2.000 |LR=0.01 | t=8.97s
    36 | base=1.881312 | val=4.038412 | acc1=0.1537 | Wμ=0.990 | Aμ=1.375 | Wmax=1.000 | Amax=2.000 |LR=0.01 | t=9.01s
    37 | base=1.971486 | val=3.811430 | acc1=0.2177 | Wμ=0.989 | Aμ=1.264 | Wmax=1.000 | Amax=1.585 |LR=0.01 | t=9.05s
    38 | base=2.006028 | val=3.318390 | acc1=0.2688 | Wμ=0.987 | Aμ=1.176 | Wmax=1.000 | Amax=1.585 |LR=0.01 | t=9.03s
    39 | base=1.915640 | val=3.066154 | acc1=0.2911 | Wμ=0.985 | Aμ=1.127 | Wmax=1.000 | Amax=1.585 |LR=0.01 | t=9.04s
    40 | base=1.995631 | val=3.351175 | acc1=0.2721 | Wμ=0.985 | Aμ=1.101 | Wmax=1.000 | Amax=1.585 |LR=0.01 | t=9.03s
    41 | base=2.158200 | val=3.930752 | acc1=0.1657 | Wμ=0.985 | Aμ=1.104 | Wmax=1.000 | Amax=1.585 |LR=0.01 | t=9.01s
    42 | base=1.914526 | val=2.627225 | acc1=0.3593 | Wμ=0.985 | Aμ=1.086 | Wmax=1.000 | Amax=1.585 |LR=0.01 | t=8.96s
    43 | base=2.159633 | val=3.340798 | acc1=0.2312 | Wμ=0.984 | Aμ=1.071 | Wmax=1.000 | Amax=1.000 |LR=0.01 | t=9.03s
    44 | base=1.957018 | val=2.824592 | acc1=0.3178 | Wμ=0.984 | Aμ=1.055 | Wmax=1.000 | Amax=1.585 |LR=0.0092908 | t=9.01s
    45 | base=1.976637 | val=3.656344 | acc1=0.2099 | Wμ=0.982 | Aμ=1.024 | Wmax=1.000 | Amax=1.000 |LR=0.0092769 | t=9.03s
    46 | base=2.023205 | val=2.896176 | acc1=0.3009 | Wμ=0.981 | Aμ=1.012 | Wmax=1.000 | Amax=1.000 |LR=0.008619 | t=9.00s
    47 | base=1.848958 | val=3.185354 | acc1=0.2799 | Wμ=0.980 | Aμ=0.998 | Wmax=1.000 | Amax=1.000 |LR=0.0079958 | t=9.03s
    48 | base=1.833700 | val=2.781117 | acc1=0.3135 | Wμ=0.980 | Aμ=0.989 | Wmax=1.000 | Amax=1.000 |LR=0.0074176 | t=9.05s
    49 | base=1.801061 | val=3.797543 | acc1=0.2140 | Wμ=0.982 | Aμ=0.989 | Wmax=1.000 | Amax=1.000 |LR=0.0068813 | t=9.00s
