     0 | base=nan | val=1.104183 | acc1=nan | Wμ=nan | Aμ=nan | Wmax=nan | Amax=nan |LR=nan | t=nans
     0 | base=nan | val=1.104352 | acc1=0.7034 | Wμ=11.367 | Aμ=20.000 | Wmax=12.587 | Amax=14.104 |LR=nan | t=nans
     0 | base=nan | val=1.104495 | acc1=0.7028 | Wμ=10.000 | Aμ=20.000 | Wmax=10.000 | Amax=14.105 |LR=nan | t=nans
     0 | base=nan | val=1.104728 | acc1=0.7024 | Wμ=10.000 | Aμ=10.000 | Wmax=10.000 | Amax=9.988 |LR=nan | t=nans
# epoch | BaseLoss | ValLoss | Acc@1 | MeanWBits | MeanABits | MaxWBits | MaxABits | LR | GradNorm | WSat | ASat | NoiseMean | NoiseVar | NoiseCorr | Temp | EpochTime(s)
     0 | base=nan | val=1.111712 | acc1=0.7035 | Wμ=10.000 | Aμ=10.000 | Wmax=10.000 | Amax=9.976 |LR=nan | t=nans
     0 | base=0.092643 | val=1.132927 | acc1=0.6961 | Wμ=10.000 | Aμ=10.001 | Wmax=10.011 | Amax=10.001 |LR=0.00098 | t=9.00s
     1 | base=0.058397 | val=1.122038 | acc1=0.6990 | Wμ=10.001 | Aμ=10.005 | Wmax=10.031 | Amax=10.007 |LR=0.00198 | t=9.00s
     2 | base=0.049527 | val=1.135953 | acc1=0.6933 | Wμ=10.002 | Aμ=10.014 | Wmax=10.051 | Amax=10.020 |LR=0.00298 | t=8.98s
     3 | base=0.045187 | val=1.147944 | acc1=0.6906 | Wμ=10.005 | Aμ=10.033 | Wmax=10.078 | Amax=10.054 |LR=0.00398 | t=8.99s
     4 | base=0.053269 | val=1.148503 | acc1=0.6927 | Wμ=10.011 | Aμ=10.065 | Wmax=10.115 | Amax=10.110 |LR=0.00498 | t=8.97s
     5 | base=0.078309 | val=1.174377 | acc1=0.6793 | Wμ=10.022 | Aμ=10.104 | Wmax=10.159 | Amax=10.170 |LR=0.00598 | t=8.98s
     6 | base=0.115656 | val=1.279722 | acc1=0.6564 | Wμ=10.040 | Aμ=10.144 | Wmax=10.278 | Amax=10.236 |LR=0.00698 | t=9.02s
     7 | base=0.183611 | val=1.325117 | acc1=0.6335 | Wμ=10.070 | Aμ=10.194 | Wmax=10.306 | Amax=10.296 |LR=0.00798 | t=8.98s
     8 | base=0.251246 | val=1.361153 | acc1=0.6351 | Wμ=10.118 | Aμ=10.232 | Wmax=10.426 | Amax=10.390 |LR=0.00898 | t=9.02s
     9 | base=0.302507 | val=1.558566 | acc1=0.5869 | Wμ=10.176 | Aμ=10.265 | Wmax=10.489 | Amax=10.472 |LR=0.00998 | t=9.02s
    10 | base=0.295795 | val=1.484143 | acc1=0.6086 | Wμ=10.239 | Aμ=10.322 | Wmax=10.592 | Amax=10.536 |LR=0.01098 | t=8.95s
    11 | base=0.288373 | val=1.489719 | acc1=0.5993 | Wμ=10.304 | Aμ=10.368 | Wmax=10.753 | Amax=10.650 |LR=0.01198 | t=8.95s
    12 | base=0.280968 | val=1.499485 | acc1=0.6021 | Wμ=10.364 | Aμ=10.425 | Wmax=10.844 | Amax=10.709 |LR=0.01298 | t=8.98s
    13 | base=0.309698 | val=1.403189 | acc1=0.6205 | Wμ=10.429 | Aμ=10.474 | Wmax=10.973 | Amax=10.715 |LR=0.01398 | t=9.01s
    14 | base=0.313711 | val=1.471277 | acc1=0.6103 | Wμ=10.492 | Aμ=10.481 | Wmax=11.121 | Amax=10.818 |LR=0.01498 | t=8.99s
    15 | base=0.309180 | val=1.459365 | acc1=0.6075 | Wμ=10.559 | Aμ=10.530 | Wmax=11.264 | Amax=10.907 |LR=0.01598 | t=9.01s
    16 | base=0.329666 | val=1.351483 | acc1=0.6371 | Wμ=10.628 | Aμ=10.613 | Wmax=11.360 | Amax=11.055 |LR=0.01698 | t=9.02s
    17 | base=0.322030 | val=1.541188 | acc1=0.5924 | Wμ=10.693 | Aμ=10.658 | Wmax=11.453 | Amax=11.152 |LR=0.01798 | t=9.00s
    18 | base=0.353740 | val=1.535005 | acc1=0.5940 | Wμ=10.757 | Aμ=10.702 | Wmax=11.493 | Amax=11.188 |LR=0.01898 | t=8.97s
    19 | base=0.366847 | val=1.501098 | acc1=0.5947 | Wμ=10.827 | Aμ=10.750 | Wmax=11.626 | Amax=11.196 |LR=0.01998 | t=8.95s
    20 | base=0.334208 | val=1.395590 | acc1=0.6254 | Wμ=7.350 | Aμ=7.355 | Wmax=8.093 | Amax=8.945 |LR=0.02 | t=9.00s
    21 | base=0.456468 | val=1.658581 | acc1=0.5606 | Wμ=4.037 | Aμ=4.831 | Wmax=4.858 | Amax=6.539 |LR=0.02 | t=8.97s
    22 | base=1.391652 | val=4.051410 | acc1=0.2351 | Wμ=2.029 | Aμ=4.370 | Wmax=3.700 | Amax=5.833 |LR=0.02 | t=8.96s
    23 | base=1.968565 | val=4.462834 | acc1=0.0993 | Wμ=1.343 | Aμ=3.697 | Wmax=3.170 | Amax=5.044 |LR=0.02 | t=9.00s
    24 | base=1.740945 | val=7.894801 | acc1=0.0454 | Wμ=1.110 | Aμ=2.793 | Wmax=2.322 | Amax=3.807 |LR=0.02 | t=9.02s
    25 | base=1.649632 | val=4.852812 | acc1=0.1536 | Wμ=1.025 | Aμ=2.084 | Wmax=2.000 | Amax=2.585 |LR=0.02 | t=8.96s
    26 | base=1.886215 | val=3.658419 | acc1=0.2241 | Wμ=0.999 | Aμ=1.666 | Wmax=1.585 | Amax=2.000 |LR=0.02 | t=8.97s
    27 | base=2.003564 | val=3.500304 | acc1=0.2484 | Wμ=0.989 | Aμ=1.463 | Wmax=1.585 | Amax=2.000 |LR=0.02 | t=8.96s
    28 | base=2.005671 | val=5.232436 | acc1=0.1148 | Wμ=0.985 | Aμ=1.310 | Wmax=1.585 | Amax=1.585 |LR=0.02 | t=8.97s
    29 | base=2.203481 | val=3.916511 | acc1=0.1988 | Wμ=0.981 | Aμ=1.160 | Wmax=1.000 | Amax=1.585 |LR=0.02 | t=9.01s
    30 | base=2.040238 | val=3.617860 | acc1=0.2540 | Wμ=0.981 | Aμ=1.104 | Wmax=1.000 | Amax=1.585 |LR=0.02 | t=8.99s
    31 | base=2.080365 | val=3.273090 | acc1=0.2819 | Wμ=0.978 | Aμ=1.079 | Wmax=1.000 | Amax=1.585 |LR=0.02 | t=9.00s
    32 | base=2.168293 | val=4.688106 | acc1=0.1570 | Wμ=0.975 | Aμ=1.038 | Wmax=1.000 | Amax=1.585 |LR=0.02 | t=8.99s
    33 | base=2.089592 | val=3.510705 | acc1=0.2262 | Wμ=0.971 | Aμ=0.993 | Wmax=1.000 | Amax=1.000 |LR=0.02 | t=8.99s
    34 | base=1.993501 | val=3.377437 | acc1=0.2631 | Wμ=0.969 | Aμ=0.968 | Wmax=1.000 | Amax=1.000 |LR=0.018582 | t=9.04s
    35 | base=2.001439 | val=3.049012 | acc1=0.2724 | Wμ=0.970 | Aμ=0.964 | Wmax=1.000 | Amax=1.000 |LR=0.017238 | t=9.02s
    36 | base=1.970385 | val=3.639400 | acc1=0.2186 | Wμ=0.967 | Aμ=0.956 | Wmax=1.000 | Amax=1.000 |LR=0.015992 | t=9.04s
    37 | base=1.914868 | val=3.460022 | acc1=0.2561 | Wμ=0.967 | Aμ=0.972 | Wmax=1.000 | Amax=1.000 |LR=0.014835 | t=9.08s
    38 | base=1.932405 | val=3.716294 | acc1=0.2037 | Wμ=0.967 | Aμ=0.954 | Wmax=1.000 | Amax=1.000 |LR=0.013763 | t=9.05s
    39 | base=1.872497 | val=3.445805 | acc1=0.2428 | Wμ=0.965 | Aμ=0.962 | Wmax=1.000 | Amax=1.000 |LR=0.012767 | t=9.00s
