     0 | base=nan | val=nan | acc1=0.7031 | Wμ=nan | Aμ=nan | Wmax=nan | Amax=nan |LR=nan | t=nans
     0 | base=nan | val=1.104401 | acc1=0.7032 | Wμ=11.367 | Aμ=20.000 | Wmax=12.587 | Amax=14.104 |LR=nan | t=nans
     0 | base=nan | val=1.104483 | acc1=0.7030 | Wμ=10.000 | Aμ=20.000 | Wmax=10.000 | Amax=14.105 |LR=nan | t=nans
     0 | base=nan | val=1.104656 | acc1=0.7024 | Wμ=10.000 | Aμ=10.000 | Wmax=10.000 | Amax=9.987 |LR=nan | t=nans
# epoch | BaseLoss | ValLoss | Acc@1 | MeanWBits | MeanABits | MaxWBits | MaxABits | LR | EpochTime(s)
     0 | base=nan | val=1.111653 | acc1=0.7025 | Wμ=10.000 | Aμ=10.000 | Wmax=10.000 | Amax=9.976 |LR=nan | t=nans
     0 | base=0.116333 | val=1.129814 | acc1=0.6979 | Wμ=10.000 | Aμ=10.000 | Wmax=10.007 | Amax=10.001 |LR=0.00049 | t=10.61s
     1 | base=0.069998 | val=1.118786 | acc1=0.6980 | Wμ=10.000 | Aμ=10.002 | Wmax=10.020 | Amax=10.004 |LR=0.00099 | t=9.31s
     2 | base=0.050101 | val=1.115881 | acc1=0.7002 | Wμ=10.001 | Aμ=10.006 | Wmax=10.036 | Amax=10.014 |LR=0.00149 | t=9.34s
     3 | base=0.039027 | val=1.132696 | acc1=0.6948 | Wμ=10.002 | Aμ=10.015 | Wmax=10.054 | Amax=10.029 |LR=0.00199 | t=9.34s
     4 | base=0.039713 | val=1.127135 | acc1=0.6955 | Wμ=10.003 | Aμ=10.027 | Wmax=10.061 | Amax=10.045 |LR=0.00249 | t=9.31s
     5 | base=0.037907 | val=1.146904 | acc1=0.6928 | Wμ=10.007 | Aμ=10.048 | Wmax=10.070 | Amax=10.073 |LR=0.00299 | t=9.32s
     6 | base=0.038766 | val=1.167981 | acc1=0.6884 | Wμ=10.011 | Aμ=10.076 | Wmax=10.079 | Amax=10.120 |LR=0.00349 | t=9.32s
     7 | base=0.046075 | val=1.178004 | acc1=0.6841 | Wμ=10.017 | Aμ=10.108 | Wmax=10.090 | Amax=10.180 |LR=0.00399 | t=9.31s
     8 | base=0.062190 | val=1.188348 | acc1=0.6786 | Wμ=10.026 | Aμ=10.136 | Wmax=10.131 | Amax=10.235 |LR=0.00449 | t=9.30s
     9 | base=0.097432 | val=1.255905 | acc1=0.6613 | Wμ=10.041 | Aμ=10.177 | Wmax=10.161 | Amax=10.290 |LR=0.00499 | t=9.30s
    10 | base=0.117664 | val=1.256660 | acc1=0.6571 | Wμ=10.061 | Aμ=10.228 | Wmax=10.212 | Amax=10.356 |LR=0.00549 | t=9.30s
    11 | base=0.150763 | val=1.351794 | acc1=0.6313 | Wμ=10.089 | Aμ=10.284 | Wmax=10.323 | Amax=10.420 |LR=0.00599 | t=9.31s
    12 | base=0.196334 | val=1.356928 | acc1=0.6345 | Wμ=10.123 | Aμ=10.328 | Wmax=10.425 | Amax=10.501 |LR=0.00649 | t=9.30s
    13 | base=0.200963 | val=1.343777 | acc1=0.6390 | Wμ=10.165 | Aμ=10.363 | Wmax=10.492 | Amax=10.566 |LR=0.00699 | t=9.38s
    14 | base=0.218320 | val=1.312369 | acc1=0.6401 | Wμ=10.207 | Aμ=10.403 | Wmax=10.557 | Amax=10.600 |LR=0.00749 | t=9.34s
    15 | base=0.224335 | val=1.358352 | acc1=0.6362 | Wμ=10.247 | Aμ=10.443 | Wmax=10.618 | Amax=10.633 |LR=0.00799 | t=9.39s
    16 | base=0.217458 | val=1.333915 | acc1=0.6374 | Wμ=10.288 | Aμ=10.484 | Wmax=10.809 | Amax=10.710 |LR=0.00849 | t=9.34s
    17 | base=0.216357 | val=1.359852 | acc1=0.6297 | Wμ=10.333 | Aμ=10.537 | Wmax=10.842 | Amax=10.781 |LR=0.00899 | t=9.35s
    18 | base=0.213763 | val=1.413282 | acc1=0.6201 | Wμ=10.380 | Aμ=10.576 | Wmax=10.931 | Amax=10.929 |LR=0.00949 | t=9.38s
    19 | base=0.248371 | val=1.418543 | acc1=0.6233 | Wμ=10.428 | Aμ=10.589 | Wmax=10.931 | Amax=11.020 |LR=0.00999 | t=9.34s
    20 | base=0.245861 | val=1.343748 | acc1=0.6417 | Wμ=8.854 | Aμ=9.207 | Wmax=9.382 | Amax=10.287 |LR=0.01 | t=9.37s
    21 | base=0.245421 | val=1.395046 | acc1=0.6285 | Wμ=7.139 | Aμ=7.623 | Wmax=7.883 | Amax=8.928 |LR=0.01 | t=9.39s
    22 | base=0.253549 | val=1.417653 | acc1=0.6232 | Wμ=5.656 | Aμ=6.405 | Wmax=6.615 | Amax=7.931 |LR=0.01 | t=9.40s
    23 | base=0.394001 | val=1.618392 | acc1=0.5803 | Wμ=4.370 | Aμ=5.609 | Wmax=5.555 | Amax=7.129 |LR=0.01 | t=9.33s
    24 | base=0.647659 | val=2.233302 | acc1=0.4503 | Wμ=3.305 | Aμ=5.186 | Wmax=4.807 | Amax=6.492 |LR=0.01 | t=9.38s
    25 | base=0.845989 | val=3.336764 | acc1=0.2744 | Wμ=2.453 | Aμ=4.738 | Wmax=4.248 | Amax=6.066 |LR=0.01 | t=9.35s
    26 | base=1.089190 | val=3.209730 | acc1=0.2963 | Wμ=1.839 | Aμ=4.418 | Wmax=3.585 | Amax=5.755 |LR=0.01 | t=9.40s
    27 | base=1.408254 | val=5.719112 | acc1=0.1337 | Wμ=1.464 | Aμ=4.100 | Wmax=3.170 | Amax=5.170 |LR=0.01 | t=9.39s
    28 | base=1.525130 | val=5.978925 | acc1=0.0552 | Wμ=1.278 | Aμ=3.700 | Wmax=2.807 | Amax=4.807 |LR=0.01 | t=9.31s
    29 | base=1.461712 | val=5.754080 | acc1=0.1240 | Wμ=1.153 | Aμ=3.238 | Wmax=2.585 | Amax=4.248 |LR=0.01 | t=9.32s
    30 | base=1.397008 | val=4.519531 | acc1=0.1928 | Wμ=1.071 | Aμ=2.735 | Wmax=2.322 | Amax=3.585 |LR=0.01 | t=9.32s
    31 | base=1.493076 | val=5.053498 | acc1=0.1493 | Wμ=1.032 | Aμ=2.224 | Wmax=2.000 | Amax=2.807 |LR=0.01 | t=9.41s
    32 | base=1.596561 | val=4.259037 | acc1=0.2125 | Wμ=1.012 | Aμ=1.967 | Wmax=1.585 | Amax=2.585 |LR=0.01 | t=9.36s
    33 | base=1.581528 | val=4.649405 | acc1=0.1737 | Wμ=1.001 | Aμ=1.783 | Wmax=1.585 | Amax=2.585 |LR=0.01 | t=9.33s
    34 | base=1.787608 | val=5.470295 | acc1=0.0837 | Wμ=0.993 | Aμ=1.626 | Wmax=1.585 | Amax=2.000 |LR=0.01 | t=9.36s
    35 | base=1.648234 | val=3.949294 | acc1=0.1895 | Wμ=0.991 | Aμ=1.496 | Wmax=1.585 | Amax=2.000 |LR=0.01 | t=9.33s
    36 | base=1.919775 | val=3.251296 | acc1=0.2715 | Wμ=0.991 | Aμ=1.356 | Wmax=1.585 | Amax=2.000 |LR=0.01 | t=9.34s
    37 | base=1.916227 | val=4.177986 | acc1=0.1901 | Wμ=0.988 | Aμ=1.258 | Wmax=1.000 | Amax=2.000 |LR=0.01 | t=9.43s
    38 | base=1.924993 | val=3.413588 | acc1=0.2654 | Wμ=0.988 | Aμ=1.175 | Wmax=1.000 | Amax=1.585 |LR=0.01 | t=9.37s
    39 | base=2.108607 | val=3.636103 | acc1=0.2521 | Wμ=0.986 | Aμ=1.123 | Wmax=1.000 | Amax=1.585 |LR=0.01 | t=9.43s
    40 | base=1.975425 | val=3.681838 | acc1=0.2371 | Wμ=0.985 | Aμ=1.101 | Wmax=1.000 | Amax=1.585 |LR=0.01 | t=9.42s
    41 | base=1.967990 | val=2.910805 | acc1=0.3133 | Wμ=0.985 | Aμ=1.103 | Wmax=1.000 | Amax=1.585 |LR=0.01 | t=9.39s
    42 | base=2.033988 | val=3.356032 | acc1=0.2489 | Wμ=0.985 | Aμ=1.084 | Wmax=1.000 | Amax=1.585 |LR=0.01 | t=9.37s
    43 | base=2.075028 | val=3.367823 | acc1=0.2111 | Wμ=0.983 | Aμ=1.066 | Wmax=1.000 | Amax=1.000 |LR=0.01 | t=9.42s
    44 | base=1.937171 | val=3.541982 | acc1=0.2229 | Wμ=0.984 | Aμ=1.052 | Wmax=1.000 | Amax=1.585 |LR=0.0092908 | t=9.37s
    45 | base=2.014843 | val=5.109109 | acc1=0.1455 | Wμ=0.982 | Aμ=1.021 | Wmax=1.000 | Amax=1.585 |LR=0.0092769 | t=9.41s
    46 | base=1.937310 | val=4.287169 | acc1=0.1880 | Wμ=0.981 | Aμ=1.011 | Wmax=1.000 | Amax=1.000 |LR=0.0092769 | t=9.37s
    47 | base=1.933374 | val=2.964530 | acc1=0.2937 | Wμ=0.981 | Aμ=0.997 | Wmax=1.000 | Amax=1.000 |LR=0.008619 | t=9.38s
    48 | base=1.817371 | val=3.599419 | acc1=0.2348 | Wμ=0.979 | Aμ=0.989 | Wmax=1.000 | Amax=1.000 |LR=0.0079958 | t=9.41s
    49 | base=1.874048 | val=3.233432 | acc1=0.2573 | Wμ=0.981 | Aμ=0.985 | Wmax=1.000 | Amax=1.000 |LR=0.0074176 | t=9.44s
    50 | base=1.767500 | val=4.700848 | acc1=0.1420 | Wμ=0.982 | Aμ=0.990 | Wmax=1.000 | Amax=1.000 |LR=0.0068813 | t=9.43s
    51 | base=1.760082 | val=3.899948 | acc1=0.2141 | Wμ=0.981 | Aμ=0.986 | Wmax=1.000 | Amax=1.000 |LR=0.0063837 | t=9.38s
    52 | base=1.760630 | val=3.703821 | acc1=0.2195 | Wμ=0.980 | Aμ=0.989 | Wmax=1.000 | Amax=1.000 |LR=0.0059221 | t=9.42s
    53 | base=1.686114 | val=2.741993 | acc1=0.3285 | Wμ=0.981 | Aμ=0.987 | Wmax=1.000 | Amax=1.000 |LR=0.0054939 | t=9.41s
    54 | base=1.771503 | val=3.278395 | acc1=0.2738 | Wμ=0.981 | Aμ=0.985 | Wmax=1.000 | Amax=1.000 |LR=0.0050966 | t=9.39s
    55 | base=1.763701 | val=2.883125 | acc1=0.3038 | Wμ=0.981 | Aμ=0.987 | Wmax=1.000 | Amax=1.000 |LR=0.0047281 | t=9.44s
    56 | base=1.748501 | val=5.460476 | acc1=0.1030 | Wμ=0.982 | Aμ=0.985 | Wmax=1.000 | Amax=1.000 |LR=0.0043862 | t=9.36s
    57 | base=1.775289 | val=3.690979 | acc1=0.2034 | Wμ=0.981 | Aμ=0.980 | Wmax=1.000 | Amax=1.000 |LR=0.0040691 | t=9.37s
    58 | base=1.676021 | val=2.856480 | acc1=0.3146 | Wμ=0.982 | Aμ=0.986 | Wmax=1.000 | Amax=1.000 |LR=0.0037748 | t=9.39s
    59 | base=1.690874 | val=3.452783 | acc1=0.2377 | Wμ=0.982 | Aμ=0.982 | Wmax=1.000 | Amax=1.000 |LR=0.0035019 | t=9.35s
    60 | base=1.700233 | val=2.886795 | acc1=0.3121 | Wμ=0.982 | Aμ=0.982 | Wmax=1.000 | Amax=1.000 |LR=0.0032487 | t=9.37s
    61 | base=1.716221 | val=2.706506 | acc1=0.3465 | Wμ=0.982 | Aμ=0.985 | Wmax=1.000 | Amax=1.000 |LR=0.0030138 | t=9.42s
    62 | base=1.686873 | val=3.336611 | acc1=0.2609 | Wμ=0.982 | Aμ=0.984 | Wmax=1.000 | Amax=1.000 |LR=0.0027958 | t=9.41s
    63 | base=1.658441 | val=3.344009 | acc1=0.2714 | Wμ=0.983 | Aμ=0.987 | Wmax=1.000 | Amax=1.000 |LR=0.0025937 | t=9.37s
    64 | base=1.629601 | val=2.618453 | acc1=0.3571 | Wμ=0.983 | Aμ=0.988 | Wmax=1.000 | Amax=1.000 |LR=0.0024061 | t=9.38s
    65 | base=1.699401 | val=2.680737 | acc1=0.3510 | Wμ=0.984 | Aμ=0.991 | Wmax=1.000 | Amax=1.000 |LR=0.0022321 | t=9.39s
    66 | base=1.660892 | val=2.657182 | acc1=0.3498 | Wμ=0.985 | Aμ=0.991 | Wmax=1.000 | Amax=1.000 |LR=0.0020707 | t=9.43s
    67 | base=1.652888 | val=3.516252 | acc1=0.2298 | Wμ=0.985 | Aμ=0.993 | Wmax=1.000 | Amax=1.000 |LR=0.001921 | t=9.49s
    68 | base=1.650965 | val=2.693380 | acc1=0.3413 | Wμ=0.985 | Aμ=0.991 | Wmax=1.000 | Amax=1.000 |LR=0.0017821 | t=9.46s
    69 | base=1.607372 | val=2.867312 | acc1=0.3404 | Wμ=0.985 | Aμ=0.987 | Wmax=1.000 | Amax=1.000 |LR=0.0016532 | t=9.43s
